[M::bwa_idx_load_from_disk] read 0 ALT contigs
[M::process] read 4459402 sequences (400000184 bp)...
[M::mem_pestat] # candidate unique pairs for (FF, FR, RF, RR): (29, 639305, 18, 40)
[M::mem_pestat] analyzing insert size distribution for orientation FF...
[M::mem_pestat] (25, 50, 75) percentile: (25, 51, 78)
[M::mem_pestat] low and high boundaries for computing mean and std.dev: (1, 184)
[M::mem_pestat] mean and std.dev: (39.67, 22.74)
[M::mem_pestat] low and high boundaries for proper pairs: (1, 237)
[M::mem_pestat] analyzing insert size distribution for orientation FR...
[M::mem_pestat] (25, 50, 75) percentile: (57, 77, 96)
[M::mem_pestat] low and high boundaries for computing mean and std.dev: (1, 174)
[M::mem_pestat] mean and std.dev: (77.66, 28.95)
[M::mem_pestat] low and high boundaries for proper pairs: (1, 213)
[M::mem_pestat] analyzing insert size distribution for orientation RF...
[M::mem_pestat] (25, 50, 75) percentile: (21, 42, 201)
[M::mem_pestat] low and high boundaries for computing mean and std.dev: (1, 561)
[M::mem_pestat] mean and std.dev: (44.21, 47.91)
[M::mem_pestat] low and high boundaries for proper pairs: (1, 741)
[M::mem_pestat] analyzing insert size distribution for orientation RR...
[M::mem_pestat] (25, 50, 75) percentile: (29, 509, 550)
[M::mem_pestat] low and high boundaries for computing mean and std.dev: (1, 1592)
[M::mem_pestat] mean and std.dev: (280.33, 249.20)
[M::mem_pestat] low and high boundaries for proper pairs: (1, 2113)
[M::mem_pestat] skip orientation FF
[M::mem_pestat] skip orientation RF
[M::mem_pestat] skip orientation RR
[M::mem_process_seqs] Processed 4459402 reads in 2815.800 CPU sec, 99.538 real sec
[M::process] read 4209770 sequences (382402206 bp)...
[M::mem_pestat] # candidate unique pairs for (FF, FR, RF, RR): (19, 581054, 16, 28)
[M::mem_pestat] analyzing insert size distribution for orientation FF...
[M::mem_pestat] (25, 50, 75) percentile: (48, 95, 549)
[M::mem_pestat] low and high boundaries for computing mean and std.dev: (1, 1551)
[M::mem_pestat] mean and std.dev: (287.05, 254.24)
[M::mem_pestat] low and high boundaries for proper pairs: (1, 2052)
[M::mem_pestat] analyzing insert size distribution for orientation FR...
[M::mem_pestat] (25, 50, 75) percentile: (57, 77, 96)
[M::mem_pestat] low and high boundaries for computing mean and std.dev: (1, 174)
[M::mem_pestat] mean and std.dev: (77.52, 29.04)
[M::mem_pestat] low and high boundaries for proper pairs: (1, 213)
[M::mem_pestat] analyzing insert size distribution for orientation RF...
[M::mem_pestat] (25, 50, 75) percentile: (21, 29, 43)
[M::mem_pestat] low and high boundaries for computing mean and std.dev: (1, 87)
[M::mem_pestat] mean and std.dev: (25.07, 12.06)
[M::mem_pestat] low and high boundaries for proper pairs: (1, 109)
[M::mem_pestat] analyzing insert size distribution for orientation RR...
[M::mem_pestat] (25, 50, 75) percentile: (26, 37, 80)
[M::mem_pestat] low and high boundaries for computing mean and std.dev: (1, 188)
[M::mem_pestat] mean and std.dev: (35.17, 22.76)
[M::mem_pestat] low and high boundaries for proper pairs: (1, 242)
[M::mem_pestat] skip orientation FF
[M::mem_pestat] skip orientation RF
[M::mem_pestat] skip orientation RR
[M::mem_process_seqs] Processed 4209770 reads in 1346.863 CPU sec, 37.570 real sec
[main] Version: 0.7.17-r1188
[main] CMD: bwa mem -L 30,5 -t 40 -a -M -T 50 -A 1 -B 6 -O 10 -R @RG\tID:Sgr-AJol_068-Ex1-cssl.clmp.fp2_repr\tSM:Sgr-AJol_068-Ex1-cssl.clmp.fp2_repr\tPL:Illumina reference.ssl.SgC0072C_decontam_R1R2_noIsolate.fasta Sgr-AJol_068-Ex1-cssl.clmp.fp2_repr.R1.fq.gz Sgr-AJol_068-Ex1-cssl.clmp.fp2_repr.R2.fq.gz
[main] Real time: 161.250 sec; CPU: 4190.986 sec
