[M::bwa_idx_load_from_disk] read 0 ALT contigs
[M::process] read 2395554 sequences (298460868 bp)...
[M::mem_pestat] # candidate unique pairs for (FF, FR, RF, RR): (100, 332019, 190, 104)
[M::mem_pestat] analyzing insert size distribution for orientation FF...
[M::mem_pestat] (25, 50, 75) percentile: (77, 115, 169)
[M::mem_pestat] low and high boundaries for computing mean and std.dev: (1, 353)
[M::mem_pestat] mean and std.dev: (98.36, 58.00)
[M::mem_pestat] low and high boundaries for proper pairs: (1, 445)
[M::mem_pestat] analyzing insert size distribution for orientation FR...
[M::mem_pestat] (25, 50, 75) percentile: (83, 129, 185)
[M::mem_pestat] low and high boundaries for computing mean and std.dev: (1, 389)
[M::mem_pestat] mean and std.dev: (139.70, 77.03)
[M::mem_pestat] low and high boundaries for proper pairs: (1, 491)
[M::mem_pestat] analyzing insert size distribution for orientation RF...
[M::mem_pestat] (25, 50, 75) percentile: (59, 475, 499)
[M::mem_pestat] low and high boundaries for computing mean and std.dev: (1, 1379)
[M::mem_pestat] mean and std.dev: (312.89, 237.51)
[M::mem_pestat] low and high boundaries for proper pairs: (1, 1819)
[M::mem_pestat] analyzing insert size distribution for orientation RR...
[M::mem_pestat] (25, 50, 75) percentile: (136, 136, 136)
[M::mem_pestat] low and high boundaries for computing mean and std.dev: (136, 136)
[M::mem_pestat] mean and std.dev: (136.00, 0.00)
[M::mem_pestat] low and high boundaries for proper pairs: (136, 136)
[M::mem_pestat] skip orientation FF
[M::mem_pestat] skip orientation RF
[M::mem_pestat] skip orientation RR
[M::mem_process_seqs] Processed 2395554 reads in 1361.593 CPU sec, 35.872 real sec
[main] Version: 0.7.17-r1188
[main] CMD: bwa mem -L 30,5 -t 40 -a -M -T 50 -A 1 -B 6 -O 10 -R @RG\tID:Sgr-CMas_083-Ex1-cssl.clmp.fp2_repr\tSM:Sgr-CMas_083-Ex1-cssl.clmp.fp2_repr\tPL:Illumina reference.ssl.SgC0072C_decontam_R1R2_noIsolate.fasta Sgr-CMas_083-Ex1-cssl.clmp.fp2_repr.R1.fq.gz Sgr-CMas_083-Ex1-cssl.clmp.fp2_repr.R2.fq.gz
[main] Real time: 50.102 sec; CPU: 1374.231 sec
