[M::bwa_idx_load_from_disk] read 0 ALT contigs
[M::process] read 2453436 sequences (318648985 bp)...
[M::mem_pestat] # candidate unique pairs for (FF, FR, RF, RR): (165, 679946, 162, 105)
[M::mem_pestat] analyzing insert size distribution for orientation FF...
[M::mem_pestat] (25, 50, 75) percentile: (87, 91, 118)
[M::mem_pestat] low and high boundaries for computing mean and std.dev: (25, 180)
[M::mem_pestat] mean and std.dev: (87.63, 27.12)
[M::mem_pestat] low and high boundaries for proper pairs: (1, 211)
[M::mem_pestat] analyzing insert size distribution for orientation FR...
[M::mem_pestat] (25, 50, 75) percentile: (124, 168, 232)
[M::mem_pestat] low and high boundaries for computing mean and std.dev: (1, 448)
[M::mem_pestat] mean and std.dev: (184.57, 82.52)
[M::mem_pestat] low and high boundaries for proper pairs: (1, 556)
[M::mem_pestat] analyzing insert size distribution for orientation RF...
[M::mem_pestat] (25, 50, 75) percentile: (271, 1060, 3123)
[M::mem_pestat] low and high boundaries for computing mean and std.dev: (1, 8827)
[M::mem_pestat] mean and std.dev: (2137.60, 2611.75)
[M::mem_pestat] low and high boundaries for proper pairs: (1, 12585)
[M::mem_pestat] analyzing insert size distribution for orientation RR...
[M::mem_pestat] (25, 50, 75) percentile: (72, 110, 631)
[M::mem_pestat] low and high boundaries for computing mean and std.dev: (1, 1749)
[M::mem_pestat] mean and std.dev: (285.25, 260.63)
[M::mem_pestat] low and high boundaries for proper pairs: (1, 2308)
[M::mem_pestat] skip orientation FF
[M::mem_pestat] skip orientation RF
[M::mem_pestat] skip orientation RR
[M::mem_process_seqs] Processed 2453436 reads in 1154.084 CPU sec, 30.487 real sec
[main] Version: 0.7.17-r1188
[main] CMD: bwa mem -L 30,5 -t 40 -a -M -T 50 -A 1 -B 6 -O 10 -R @RG\tID:Sgr-CMvi_012-Ex1-cssl.clmp.fp2_repr\tSM:Sgr-CMvi_012-Ex1-cssl.clmp.fp2_repr\tPL:Illumina reference.ssl.SgC0072C_decontam_R1R2_noIsolate.fasta Sgr-CMvi_012-Ex1-cssl.clmp.fp2_repr.R1.fq.gz Sgr-CMvi_012-Ex1-cssl.clmp.fp2_repr.R2.fq.gz
[main] Real time: 45.502 sec; CPU: 1167.546 sec
