[M::bwa_idx_load_from_disk] read 0 ALT contigs
[M::process] read 1737908 sequences (206886829 bp)...
[M::mem_pestat] # candidate unique pairs for (FF, FR, RF, RR): (145, 257375, 86, 97)
[M::mem_pestat] analyzing insert size distribution for orientation FF...
[M::mem_pestat] (25, 50, 75) percentile: (291, 2257, 2257)
[M::mem_pestat] low and high boundaries for computing mean and std.dev: (1, 6189)
[M::mem_pestat] mean and std.dev: (1636.16, 941.35)
[M::mem_pestat] low and high boundaries for proper pairs: (1, 8155)
[M::mem_pestat] analyzing insert size distribution for orientation FR...
[M::mem_pestat] (25, 50, 75) percentile: (77, 115, 162)
[M::mem_pestat] low and high boundaries for computing mean and std.dev: (1, 332)
[M::mem_pestat] mean and std.dev: (123.42, 63.73)
[M::mem_pestat] low and high boundaries for proper pairs: (1, 417)
[M::mem_pestat] analyzing insert size distribution for orientation RF...
[M::mem_pestat] (25, 50, 75) percentile: (46, 206, 807)
[M::mem_pestat] low and high boundaries for computing mean and std.dev: (1, 2329)
[M::mem_pestat] mean and std.dev: (410.99, 356.65)
[M::mem_pestat] low and high boundaries for proper pairs: (1, 3090)
[M::mem_pestat] analyzing insert size distribution for orientation RR...
[M::mem_pestat] (25, 50, 75) percentile: (512, 512, 539)
[M::mem_pestat] low and high boundaries for computing mean and std.dev: (458, 593)
[M::mem_pestat] mean and std.dev: (525.53, 13.83)
[M::mem_pestat] low and high boundaries for proper pairs: (431, 620)
[M::mem_pestat] skip orientation FF
[M::mem_pestat] skip orientation RF
[M::mem_pestat] skip orientation RR
[M::mem_process_seqs] Processed 1737908 reads in 978.958 CPU sec, 26.256 real sec
[main] Version: 0.7.17-r1188
[main] CMD: bwa mem -L 30,5 -t 40 -a -M -T 50 -A 1 -B 6 -O 10 -R @RG\tID:Sgr-CJol_035-Ex1-cssl.clmp.fp2_repr\tSM:Sgr-CJol_035-Ex1-cssl.clmp.fp2_repr\tPL:Illumina reference.ssl.SgC0072C_decontam_R1R2_noIsolate.fasta Sgr-CJol_035-Ex1-cssl.clmp.fp2_repr.R1.fq.gz Sgr-CJol_035-Ex1-cssl.clmp.fp2_repr.R2.fq.gz
[main] Real time: 37.400 sec; CPU: 988.602 sec
