[M::bwa_idx_load_from_disk] read 0 ALT contigs
[M::process] read 2017230 sequences (234794389 bp)...
[M::mem_pestat] # candidate unique pairs for (FF, FR, RF, RR): (108, 293380, 181, 102)
[M::mem_pestat] analyzing insert size distribution for orientation FF...
[M::mem_pestat] (25, 50, 75) percentile: (71, 71, 114)
[M::mem_pestat] low and high boundaries for computing mean and std.dev: (1, 200)
[M::mem_pestat] mean and std.dev: (80.36, 29.26)
[M::mem_pestat] low and high boundaries for proper pairs: (1, 243)
[M::mem_pestat] analyzing insert size distribution for orientation FR...
[M::mem_pestat] (25, 50, 75) percentile: (73, 108, 149)
[M::mem_pestat] low and high boundaries for computing mean and std.dev: (1, 301)
[M::mem_pestat] mean and std.dev: (113.42, 56.09)
[M::mem_pestat] low and high boundaries for proper pairs: (1, 377)
[M::mem_pestat] analyzing insert size distribution for orientation RF...
[M::mem_pestat] (25, 50, 75) percentile: (165, 214, 295)
[M::mem_pestat] low and high boundaries for computing mean and std.dev: (1, 555)
[M::mem_pestat] mean and std.dev: (151.49, 87.93)
[M::mem_pestat] low and high boundaries for proper pairs: (1, 685)
[M::mem_pestat] analyzing insert size distribution for orientation RR...
[M::mem_pestat] (25, 50, 75) percentile: (37, 145, 395)
[M::mem_pestat] low and high boundaries for computing mean and std.dev: (1, 1111)
[M::mem_pestat] mean and std.dev: (241.01, 232.69)
[M::mem_pestat] low and high boundaries for proper pairs: (1, 1469)
[M::mem_pestat] skip orientation FF
[M::mem_pestat] skip orientation RF
[M::mem_pestat] skip orientation RR
[M::mem_process_seqs] Processed 2017230 reads in 1060.790 CPU sec, 28.365 real sec
[main] Version: 0.7.17-r1188
[main] CMD: bwa mem -L 30,5 -t 40 -a -M -T 50 -A 1 -B 6 -O 10 -R @RG\tID:Sgr-CJol_023-Ex1-cssl.clmp.fp2_repr\tSM:Sgr-CJol_023-Ex1-cssl.clmp.fp2_repr\tPL:Illumina reference.ssl.SgC0072C_decontam_R1R2_noIsolate.fasta Sgr-CJol_023-Ex1-cssl.clmp.fp2_repr.R1.fq.gz Sgr-CJol_023-Ex1-cssl.clmp.fp2_repr.R2.fq.gz
[main] Real time: 40.567 sec; CPU: 1071.525 sec
