[M::bwa_idx_load_from_disk] read 0 ALT contigs
[M::process] read 1839540 sequences (224463654 bp)...
[M::mem_pestat] # candidate unique pairs for (FF, FR, RF, RR): (62, 259756, 56, 10)
[M::mem_pestat] analyzing insert size distribution for orientation FF...
[M::mem_pestat] (25, 50, 75) percentile: (38, 247, 448)
[M::mem_pestat] low and high boundaries for computing mean and std.dev: (1, 1268)
[M::mem_pestat] mean and std.dev: (264.85, 199.84)
[M::mem_pestat] low and high boundaries for proper pairs: (1, 1678)
[M::mem_pestat] analyzing insert size distribution for orientation FR...
[M::mem_pestat] (25, 50, 75) percentile: (80, 120, 168)
[M::mem_pestat] low and high boundaries for computing mean and std.dev: (1, 344)
[M::mem_pestat] mean and std.dev: (127.38, 65.89)
[M::mem_pestat] low and high boundaries for proper pairs: (1, 432)
[M::mem_pestat] analyzing insert size distribution for orientation RF...
[M::mem_pestat] (25, 50, 75) percentile: (42, 145, 6201)
[M::mem_pestat] low and high boundaries for computing mean and std.dev: (1, 18519)
[M::mem_pestat] mean and std.dev: (2628.09, 3162.98)
[M::mem_pestat] low and high boundaries for proper pairs: (1, 24678)
[M::mem_pestat] analyzing insert size distribution for orientation RR...
[M::mem_pestat] (25, 50, 75) percentile: (19, 34, 51)
[M::mem_pestat] low and high boundaries for computing mean and std.dev: (1, 115)
[M::mem_pestat] mean and std.dev: (32.11, 15.01)
[M::mem_pestat] low and high boundaries for proper pairs: (1, 147)
[M::mem_pestat] skip orientation FF
[M::mem_pestat] skip orientation RF
[M::mem_pestat] skip orientation RR
[M::mem_process_seqs] Processed 1839540 reads in 1029.170 CPU sec, 27.480 real sec
[main] Version: 0.7.17-r1188
[main] CMD: bwa mem -L 30,5 -t 40 -a -M -T 50 -A 1 -B 6 -O 10 -R @RG\tID:Sgr-CJol_057-Ex1-cssl.clmp.fp2_repr\tSM:Sgr-CJol_057-Ex1-cssl.clmp.fp2_repr\tPL:Illumina reference.ssl.SgC0072C_decontam_R1R2_noIsolate.fasta Sgr-CJol_057-Ex1-cssl.clmp.fp2_repr.R1.fq.gz Sgr-CJol_057-Ex1-cssl.clmp.fp2_repr.R2.fq.gz
[main] Real time: 39.188 sec; CPU: 1039.312 sec
