[M::bwa_idx_load_from_disk] read 0 ALT contigs
[M::process] read 380100 sequences (48691699 bp)...
[M::mem_pestat] # candidate unique pairs for (FF, FR, RF, RR): (2, 100193, 31, 12)
[M::mem_pestat] skip orientation FF as there are not enough pairs
[M::mem_pestat] analyzing insert size distribution for orientation FR...
[M::mem_pestat] (25, 50, 75) percentile: (118, 157, 218)
[M::mem_pestat] low and high boundaries for computing mean and std.dev: (1, 418)
[M::mem_pestat] mean and std.dev: (172.52, 77.30)
[M::mem_pestat] low and high boundaries for proper pairs: (1, 518)
[M::mem_pestat] analyzing insert size distribution for orientation RF...
[M::mem_pestat] (25, 50, 75) percentile: (388, 465, 465)
[M::mem_pestat] low and high boundaries for computing mean and std.dev: (234, 619)
[M::mem_pestat] mean and std.dev: (454.96, 25.93)
[M::mem_pestat] low and high boundaries for proper pairs: (157, 696)
[M::mem_pestat] analyzing insert size distribution for orientation RR...
[M::mem_pestat] (25, 50, 75) percentile: (41, 68, 69)
[M::mem_pestat] low and high boundaries for computing mean and std.dev: (1, 125)
[M::mem_pestat] mean and std.dev: (56.17, 20.42)
[M::mem_pestat] low and high boundaries for proper pairs: (1, 153)
[M::mem_pestat] skip orientation RF
[M::mem_pestat] skip orientation RR
[M::mem_process_seqs] Processed 380100 reads in 229.088 CPU sec, 6.942 real sec
[main] Version: 0.7.17-r1188
[main] CMD: bwa mem -L 30,5 -t 40 -a -M -T 50 -A 1 -B 6 -O 10 -R @RG\tID:Sgr-CMvi_060-Ex1-cssl.clmp.fp2_repr\tSM:Sgr-CMvi_060-Ex1-cssl.clmp.fp2_repr\tPL:Illumina reference.ssl.SgC0072C_decontam_R1R2_noIsolate.fasta Sgr-CMvi_060-Ex1-cssl.clmp.fp2_repr.R1.fq.gz Sgr-CMvi_060-Ex1-cssl.clmp.fp2_repr.R2.fq.gz
[main] Real time: 12.187 sec; CPU: 232.766 sec
