[M::bwa_idx_load_from_disk] read 0 ALT contigs
[M::process] read 3820414 sequences (400000216 bp)...
[M::mem_pestat] # candidate unique pairs for (FF, FR, RF, RR): (66, 514398, 26, 74)
[M::mem_pestat] analyzing insert size distribution for orientation FF...
[M::mem_pestat] (25, 50, 75) percentile: (39, 63, 90)
[M::mem_pestat] low and high boundaries for computing mean and std.dev: (1, 192)
[M::mem_pestat] mean and std.dev: (57.05, 26.74)
[M::mem_pestat] low and high boundaries for proper pairs: (1, 243)
[M::mem_pestat] analyzing insert size distribution for orientation FR...
[M::mem_pestat] (25, 50, 75) percentile: (60, 86, 112)
[M::mem_pestat] low and high boundaries for computing mean and std.dev: (1, 216)
[M::mem_pestat] mean and std.dev: (87.51, 36.64)
[M::mem_pestat] low and high boundaries for proper pairs: (1, 268)
[M::mem_pestat] analyzing insert size distribution for orientation RF...
[M::mem_pestat] (25, 50, 75) percentile: (23, 39, 105)
[M::mem_pestat] low and high boundaries for computing mean and std.dev: (1, 269)
[M::mem_pestat] mean and std.dev: (37.52, 30.79)
[M::mem_pestat] low and high boundaries for proper pairs: (1, 351)
[M::mem_pestat] analyzing insert size distribution for orientation RR...
[M::mem_pestat] (25, 50, 75) percentile: (29, 50, 132)
[M::mem_pestat] low and high boundaries for computing mean and std.dev: (1, 338)
[M::mem_pestat] mean and std.dev: (51.10, 40.73)
[M::mem_pestat] low and high boundaries for proper pairs: (1, 441)
[M::mem_pestat] skip orientation FF
[M::mem_pestat] skip orientation RF
[M::mem_pestat] skip orientation RR
[M::mem_process_seqs] Processed 3820414 reads in 3263.760 CPU sec, 114.082 real sec
[M::process] read 3806610 sequences (400000044 bp)...
[M::process] read 3600282 sequences (400000113 bp)...
[M::mem_pestat] # candidate unique pairs for (FF, FR, RF, RR): (72, 509184, 28, 76)
[M::mem_pestat] analyzing insert size distribution for orientation FF...
[M::mem_pestat] (25, 50, 75) percentile: (33, 47, 65)
[M::mem_pestat] low and high boundaries for computing mean and std.dev: (1, 129)
[M::mem_pestat] mean and std.dev: (47.21, 24.63)
[M::mem_pestat] low and high boundaries for proper pairs: (1, 161)
[M::mem_pestat] analyzing insert size distribution for orientation FR...
[M::mem_pestat] (25, 50, 75) percentile: (61, 86, 112)
[M::mem_pestat] low and high boundaries for computing mean and std.dev: (1, 214)
[M::mem_pestat] mean and std.dev: (87.50, 36.62)
[M::mem_pestat] low and high boundaries for proper pairs: (1, 265)
[M::mem_pestat] analyzing insert size distribution for orientation RF...
[M::mem_pestat] (25, 50, 75) percentile: (33, 222, 1071)
[M::mem_pestat] low and high boundaries for computing mean and std.dev: (1, 3147)
[M::mem_pestat] mean and std.dev: (290.18, 392.74)
[M::mem_pestat] low and high boundaries for proper pairs: (1, 4185)
[M::mem_pestat] analyzing insert size distribution for orientation RR...
[M::mem_pestat] (25, 50, 75) percentile: (28, 62, 111)
[M::mem_pestat] low and high boundaries for computing mean and std.dev: (1, 277)
[M::mem_pestat] mean and std.dev: (65.83, 62.12)
[M::mem_pestat] low and high boundaries for proper pairs: (1, 360)
[M::mem_pestat] skip orientation FF
[M::mem_pestat] skip orientation RF
[M::mem_pestat] skip orientation RR
[M::mem_process_seqs] Processed 3806610 reads in 1621.431 CPU sec, 42.755 real sec
[M::process] read 897284 sequences (94876344 bp)...
[M::mem_pestat] # candidate unique pairs for (FF, FR, RF, RR): (47, 371997, 27, 37)
[M::mem_pestat] analyzing insert size distribution for orientation FF...
[M::mem_pestat] (25, 50, 75) percentile: (41, 49, 82)
[M::mem_pestat] low and high boundaries for computing mean and std.dev: (1, 164)
[M::mem_pestat] mean and std.dev: (53.85, 27.01)
[M::mem_pestat] low and high boundaries for proper pairs: (1, 205)
[M::mem_pestat] analyzing insert size distribution for orientation FR...
[M::mem_pestat] (25, 50, 75) percentile: (60, 85, 112)
[M::mem_pestat] low and high boundaries for computing mean and std.dev: (1, 216)
[M::mem_pestat] mean and std.dev: (87.14, 37.06)
[M::mem_pestat] low and high boundaries for proper pairs: (1, 268)
[M::mem_pestat] analyzing insert size distribution for orientation RF...
[M::mem_pestat] (25, 50, 75) percentile: (29, 41, 57)
[M::mem_pestat] low and high boundaries for computing mean and std.dev: (1, 113)
[M::mem_pestat] mean and std.dev: (40.84, 23.04)
[M::mem_pestat] low and high boundaries for proper pairs: (1, 141)
[M::mem_pestat] analyzing insert size distribution for orientation RR...
[M::mem_pestat] (25, 50, 75) percentile: (38, 49, 93)
[M::mem_pestat] low and high boundaries for computing mean and std.dev: (1, 203)
[M::mem_pestat] mean and std.dev: (57.00, 33.96)
[M::mem_pestat] low and high boundaries for proper pairs: (1, 258)
[M::mem_pestat] skip orientation FF
[M::mem_pestat] skip orientation RF
[M::mem_pestat] skip orientation RR
[M::mem_process_seqs] Processed 3600282 reads in 1690.017 CPU sec, 47.910 real sec
[M::mem_pestat] # candidate unique pairs for (FF, FR, RF, RR): (17, 117577, 7, 15)
[M::mem_pestat] analyzing insert size distribution for orientation FF...
[M::mem_pestat] (25, 50, 75) percentile: (45, 45, 49)
[M::mem_pestat] low and high boundaries for computing mean and std.dev: (37, 57)
[M::mem_pestat] mean and std.dev: (45.45, 1.88)
[M::mem_pestat] low and high boundaries for proper pairs: (33, 61)
[M::mem_pestat] analyzing insert size distribution for orientation FR...
[M::mem_pestat] (25, 50, 75) percentile: (60, 86, 112)
[M::mem_pestat] low and high boundaries for computing mean and std.dev: (1, 216)
[M::mem_pestat] mean and std.dev: (87.38, 36.86)
[M::mem_pestat] low and high boundaries for proper pairs: (1, 268)
[M::mem_pestat] skip orientation RF as there are not enough pairs
[M::mem_pestat] analyzing insert size distribution for orientation RR...
[M::mem_pestat] (25, 50, 75) percentile: (55, 87, 107)
[M::mem_pestat] low and high boundaries for computing mean and std.dev: (1, 211)
[M::mem_pestat] mean and std.dev: (60.42, 33.30)
[M::mem_pestat] low and high boundaries for proper pairs: (1, 263)
[M::mem_pestat] skip orientation FF
[M::mem_pestat] skip orientation RR
[M::mem_process_seqs] Processed 897284 reads in 398.519 CPU sec, 11.190 real sec
[main] Version: 0.7.17-r1188
[main] CMD: bwa mem -L 30,5 -t 40 -a -M -T 50 -A 1 -B 6 -O 10 -R @RG\tID:Sgr-AJol_069-Ex1-cssl.clmp.fp2_repr\tSM:Sgr-AJol_069-Ex1-cssl.clmp.fp2_repr\tPL:Illumina reference.ssl.SgC0072C_decontam_R1R2_noIsolate.fasta Sgr-AJol_069-Ex1-cssl.clmp.fp2_repr.R1.fq.gz Sgr-AJol_069-Ex1-cssl.clmp.fp2_repr.R2.fq.gz
[main] Real time: 238.307 sec; CPU: 6999.184 sec
