[M::bwa_idx_load_from_disk] read 0 ALT contigs
[M::process] read 2481680 sequences (311124594 bp)...
[M::mem_pestat] # candidate unique pairs for (FF, FR, RF, RR): (90, 335956, 107, 38)
[M::mem_pestat] analyzing insert size distribution for orientation FF...
[M::mem_pestat] (25, 50, 75) percentile: (139, 210, 218)
[M::mem_pestat] low and high boundaries for computing mean and std.dev: (1, 376)
[M::mem_pestat] mean and std.dev: (162.55, 53.70)
[M::mem_pestat] low and high boundaries for proper pairs: (1, 455)
[M::mem_pestat] analyzing insert size distribution for orientation FR...
[M::mem_pestat] (25, 50, 75) percentile: (85, 132, 190)
[M::mem_pestat] low and high boundaries for computing mean and std.dev: (1, 400)
[M::mem_pestat] mean and std.dev: (143.50, 79.47)
[M::mem_pestat] low and high boundaries for proper pairs: (1, 505)
[M::mem_pestat] analyzing insert size distribution for orientation RF...
[M::mem_pestat] (25, 50, 75) percentile: (27, 661, 5560)
[M::mem_pestat] low and high boundaries for computing mean and std.dev: (1, 16626)
[M::mem_pestat] mean and std.dev: (2283.05, 2890.97)
[M::mem_pestat] low and high boundaries for proper pairs: (1, 22159)
[M::mem_pestat] analyzing insert size distribution for orientation RR...
[M::mem_pestat] (25, 50, 75) percentile: (153, 204, 204)
[M::mem_pestat] low and high boundaries for computing mean and std.dev: (51, 306)
[M::mem_pestat] mean and std.dev: (173.07, 37.42)
[M::mem_pestat] low and high boundaries for proper pairs: (1, 357)
[M::mem_pestat] skip orientation FF
[M::mem_pestat] skip orientation RF
[M::mem_pestat] skip orientation RR
[M::mem_process_seqs] Processed 2481680 reads in 1443.737 CPU sec, 38.111 real sec
[main] Version: 0.7.17-r1188
[main] CMD: bwa mem -L 30,5 -t 40 -a -M -T 50 -A 1 -B 6 -O 10 -R @RG\tID:Sgr-CMas_043-Ex1-cssl.clmp.fp2_repr\tSM:Sgr-CMas_043-Ex1-cssl.clmp.fp2_repr\tPL:Illumina reference.ssl.SgC0072C_decontam_R1R2_noIsolate.fasta Sgr-CMas_043-Ex1-cssl.clmp.fp2_repr.R1.fq.gz Sgr-CMas_043-Ex1-cssl.clmp.fp2_repr.R2.fq.gz
[main] Real time: 53.338 sec; CPU: 1457.469 sec
