[M::bwa_idx_load_from_disk] read 0 ALT contigs
[M::process] read 4608356 sequences (400000104 bp)...
[M::mem_pestat] # candidate unique pairs for (FF, FR, RF, RR): (11, 648450, 18, 10)
[M::mem_pestat] analyzing insert size distribution for orientation FF...
[M::mem_pestat] (25, 50, 75) percentile: (25, 51, 92)
[M::mem_pestat] low and high boundaries for computing mean and std.dev: (1, 226)
[M::mem_pestat] mean and std.dev: (42.44, 25.30)
[M::mem_pestat] low and high boundaries for proper pairs: (1, 293)
[M::mem_pestat] analyzing insert size distribution for orientation FR...
[M::mem_pestat] (25, 50, 75) percentile: (55, 74, 93)
[M::mem_pestat] low and high boundaries for computing mean and std.dev: (1, 169)
[M::mem_pestat] mean and std.dev: (75.11, 28.35)
[M::mem_pestat] low and high boundaries for proper pairs: (1, 207)
[M::mem_pestat] analyzing insert size distribution for orientation RF...
[M::mem_pestat] (25, 50, 75) percentile: (17, 51, 141)
[M::mem_pestat] low and high boundaries for computing mean and std.dev: (1, 389)
[M::mem_pestat] mean and std.dev: (44.43, 37.16)
[M::mem_pestat] low and high boundaries for proper pairs: (1, 513)
[M::mem_pestat] analyzing insert size distribution for orientation RR...
[M::mem_pestat] (25, 50, 75) percentile: (46, 83, 568)
[M::mem_pestat] low and high boundaries for computing mean and std.dev: (1, 1612)
[M::mem_pestat] mean and std.dev: (265.70, 269.52)
[M::mem_pestat] low and high boundaries for proper pairs: (1, 2134)
[M::mem_pestat] skip orientation FF
[M::mem_pestat] skip orientation RF
[M::mem_pestat] skip orientation RR
[M::mem_process_seqs] Processed 4608356 reads in 2588.442 CPU sec, 94.322 real sec
[M::process] read 4606874 sequences (400000101 bp)...
[M::process] read 4571180 sequences (400000090 bp)...
[M::mem_pestat] # candidate unique pairs for (FF, FR, RF, RR): (13, 648352, 11, 24)
[M::mem_pestat] analyzing insert size distribution for orientation FF...
[M::mem_pestat] (25, 50, 75) percentile: (30, 53, 895)
[M::mem_pestat] low and high boundaries for computing mean and std.dev: (1, 2625)
[M::mem_pestat] mean and std.dev: (373.54, 557.44)
[M::mem_pestat] low and high boundaries for proper pairs: (1, 3490)
[M::mem_pestat] analyzing insert size distribution for orientation FR...
[M::mem_pestat] (25, 50, 75) percentile: (55, 74, 93)
[M::mem_pestat] low and high boundaries for computing mean and std.dev: (1, 169)
[M::mem_pestat] mean and std.dev: (74.95, 28.38)
[M::mem_pestat] low and high boundaries for proper pairs: (1, 207)
[M::mem_pestat] analyzing insert size distribution for orientation RF...
[M::mem_pestat] (25, 50, 75) percentile: (17, 22, 110)
[M::mem_pestat] low and high boundaries for computing mean and std.dev: (1, 296)
[M::mem_pestat] mean and std.dev: (54.00, 75.36)
[M::mem_pestat] low and high boundaries for proper pairs: (1, 389)
[M::mem_pestat] analyzing insert size distribution for orientation RR...
[M::mem_pestat] (25, 50, 75) percentile: (27, 61, 545)
[M::mem_pestat] low and high boundaries for computing mean and std.dev: (1, 1581)
[M::mem_pestat] mean and std.dev: (229.88, 251.74)
[M::mem_pestat] low and high boundaries for proper pairs: (1, 2099)
[M::mem_pestat] skip orientation FF
[M::mem_pestat] skip orientation RF
[M::mem_pestat] skip orientation RR
[M::mem_process_seqs] Processed 4606874 reads in 1350.114 CPU sec, 35.305 real sec
[M::process] read 858184 sequences (74593825 bp)...
[M::mem_pestat] # candidate unique pairs for (FF, FR, RF, RR): (16, 633196, 17, 11)
[M::mem_pestat] analyzing insert size distribution for orientation FF...
[M::mem_pestat] (25, 50, 75) percentile: (9, 49, 528)
[M::mem_pestat] low and high boundaries for computing mean and std.dev: (1, 1566)
[M::mem_pestat] mean and std.dev: (248.38, 367.03)
[M::mem_pestat] low and high boundaries for proper pairs: (1, 2085)
[M::mem_pestat] analyzing insert size distribution for orientation FR...
[M::mem_pestat] (25, 50, 75) percentile: (55, 74, 93)
[M::mem_pestat] low and high boundaries for computing mean and std.dev: (1, 169)
[M::mem_pestat] mean and std.dev: (75.04, 28.44)
[M::mem_pestat] low and high boundaries for proper pairs: (1, 207)
[M::mem_pestat] analyzing insert size distribution for orientation RF...
[M::mem_pestat] (25, 50, 75) percentile: (16, 42, 308)
[M::mem_pestat] low and high boundaries for computing mean and std.dev: (1, 892)
[M::mem_pestat] mean and std.dev: (72.40, 94.67)
[M::mem_pestat] low and high boundaries for proper pairs: (1, 1184)
[M::mem_pestat] analyzing insert size distribution for orientation RR...
[M::mem_pestat] (25, 50, 75) percentile: (90, 426, 562)
[M::mem_pestat] low and high boundaries for computing mean and std.dev: (1, 1506)
[M::mem_pestat] mean and std.dev: (311.70, 263.05)
[M::mem_pestat] low and high boundaries for proper pairs: (1, 1978)
[M::mem_pestat] skip orientation FF
[M::mem_pestat] skip orientation RF
[M::mem_pestat] skip orientation RR
[M::mem_process_seqs] Processed 4571180 reads in 1452.479 CPU sec, 39.752 real sec
[M::mem_pestat] # candidate unique pairs for (FF, FR, RF, RR): (3, 120972, 3, 0)
[M::mem_pestat] skip orientation FF as there are not enough pairs
[M::mem_pestat] analyzing insert size distribution for orientation FR...
[M::mem_pestat] (25, 50, 75) percentile: (55, 74, 93)
[M::mem_pestat] low and high boundaries for computing mean and std.dev: (1, 169)
[M::mem_pestat] mean and std.dev: (75.02, 28.38)
[M::mem_pestat] low and high boundaries for proper pairs: (1, 207)
[M::mem_pestat] skip orientation RF as there are not enough pairs
[M::mem_pestat] skip orientation RR as there are not enough pairs
[M::mem_process_seqs] Processed 858184 reads in 277.927 CPU sec, 8.288 real sec
[main] Version: 0.7.17-r1188
[main] CMD: bwa mem -L 30,5 -t 40 -a -M -T 50 -A 1 -B 6 -O 10 -R @RG\tID:Sgr-AJol_063-Ex1-cssl.clmp.fp2_repr\tSM:Sgr-AJol_063-Ex1-cssl.clmp.fp2_repr\tPL:Illumina reference.ssl.SgC0072C_decontam_R1R2_noIsolate.fasta Sgr-AJol_063-Ex1-cssl.clmp.fp2_repr.R1.fq.gz Sgr-AJol_063-Ex1-cssl.clmp.fp2_repr.R2.fq.gz
[main] Real time: 203.855 sec; CPU: 5699.451 sec
