[M::bwa_idx_load_from_disk] read 0 ALT contigs
[M::process] read 1704826 sequences (206631329 bp)...
[M::mem_pestat] # candidate unique pairs for (FF, FR, RF, RR): (63, 249590, 51, 93)
[M::mem_pestat] analyzing insert size distribution for orientation FF...
[M::mem_pestat] (25, 50, 75) percentile: (143, 236, 874)
[M::mem_pestat] low and high boundaries for computing mean and std.dev: (1, 2336)
[M::mem_pestat] mean and std.dev: (502.95, 392.15)
[M::mem_pestat] low and high boundaries for proper pairs: (1, 3067)
[M::mem_pestat] analyzing insert size distribution for orientation FR...
[M::mem_pestat] (25, 50, 75) percentile: (79, 117, 162)
[M::mem_pestat] low and high boundaries for computing mean and std.dev: (1, 328)
[M::mem_pestat] mean and std.dev: (123.78, 62.56)
[M::mem_pestat] low and high boundaries for proper pairs: (1, 411)
[M::mem_pestat] analyzing insert size distribution for orientation RF...
[M::mem_pestat] (25, 50, 75) percentile: (34, 85, 195)
[M::mem_pestat] low and high boundaries for computing mean and std.dev: (1, 517)
[M::mem_pestat] mean and std.dev: (93.33, 89.32)
[M::mem_pestat] low and high boundaries for proper pairs: (1, 678)
[M::mem_pestat] analyzing insert size distribution for orientation RR...
[M::mem_pestat] (25, 50, 75) percentile: (459, 459, 1230)
[M::mem_pestat] low and high boundaries for computing mean and std.dev: (1, 2772)
[M::mem_pestat] mean and std.dev: (693.59, 373.25)
[M::mem_pestat] low and high boundaries for proper pairs: (1, 3543)
[M::mem_pestat] skip orientation FF
[M::mem_pestat] skip orientation RF
[M::mem_pestat] skip orientation RR
[M::mem_process_seqs] Processed 1704826 reads in 929.780 CPU sec, 24.559 real sec
[main] Version: 0.7.17-r1188
[main] CMD: bwa mem -L 30,5 -t 40 -a -M -T 50 -A 1 -B 6 -O 10 -R @RG\tID:Sgr-CMas_019-Ex1-cssl.clmp.fp2_repr\tSM:Sgr-CMas_019-Ex1-cssl.clmp.fp2_repr\tPL:Illumina reference.ssl.SgC0072C_decontam_R1R2_noIsolate.fasta Sgr-CMas_019-Ex1-cssl.clmp.fp2_repr.R1.fq.gz Sgr-CMas_019-Ex1-cssl.clmp.fp2_repr.R2.fq.gz
[main] Real time: 35.670 sec; CPU: 939.256 sec
