[M::bwa_idx_load_from_disk] read 0 ALT contigs
[M::process] read 4460974 sequences (400000166 bp)...
[M::mem_pestat] # candidate unique pairs for (FF, FR, RF, RR): (35, 646947, 25, 39)
[M::mem_pestat] analyzing insert size distribution for orientation FF...
[M::mem_pestat] (25, 50, 75) percentile: (22, 28, 48)
[M::mem_pestat] low and high boundaries for computing mean and std.dev: (1, 100)
[M::mem_pestat] mean and std.dev: (33.88, 20.23)
[M::mem_pestat] low and high boundaries for proper pairs: (1, 126)
[M::mem_pestat] analyzing insert size distribution for orientation FR...
[M::mem_pestat] (25, 50, 75) percentile: (58, 77, 96)
[M::mem_pestat] low and high boundaries for computing mean and std.dev: (1, 172)
[M::mem_pestat] mean and std.dev: (77.74, 28.96)
[M::mem_pestat] low and high boundaries for proper pairs: (1, 210)
[M::mem_pestat] analyzing insert size distribution for orientation RF...
[M::mem_pestat] (25, 50, 75) percentile: (21, 29, 66)
[M::mem_pestat] low and high boundaries for computing mean and std.dev: (1, 156)
[M::mem_pestat] mean and std.dev: (39.70, 29.52)
[M::mem_pestat] low and high boundaries for proper pairs: (1, 201)
[M::mem_pestat] analyzing insert size distribution for orientation RR...
[M::mem_pestat] (25, 50, 75) percentile: (26, 39, 70)
[M::mem_pestat] low and high boundaries for computing mean and std.dev: (1, 158)
[M::mem_pestat] mean and std.dev: (39.82, 31.15)
[M::mem_pestat] low and high boundaries for proper pairs: (1, 202)
[M::mem_pestat] skip orientation FF
[M::mem_pestat] skip orientation RF
[M::mem_pestat] skip orientation RR
[M::mem_process_seqs] Processed 4460974 reads in 2803.869 CPU sec, 101.496 real sec
[M::process] read 3846484 sequences (349605773 bp)...
[M::mem_pestat] # candidate unique pairs for (FF, FR, RF, RR): (28, 537918, 23, 16)
[M::mem_pestat] analyzing insert size distribution for orientation FF...
[M::mem_pestat] (25, 50, 75) percentile: (26, 40, 55)
[M::mem_pestat] low and high boundaries for computing mean and std.dev: (1, 113)
[M::mem_pestat] mean and std.dev: (37.36, 19.01)
[M::mem_pestat] low and high boundaries for proper pairs: (1, 142)
[M::mem_pestat] analyzing insert size distribution for orientation FR...
[M::mem_pestat] (25, 50, 75) percentile: (57, 77, 96)
[M::mem_pestat] low and high boundaries for computing mean and std.dev: (1, 174)
[M::mem_pestat] mean and std.dev: (77.73, 29.10)
[M::mem_pestat] low and high boundaries for proper pairs: (1, 213)
[M::mem_pestat] analyzing insert size distribution for orientation RF...
[M::mem_pestat] (25, 50, 75) percentile: (22, 32, 46)
[M::mem_pestat] low and high boundaries for computing mean and std.dev: (1, 94)
[M::mem_pestat] mean and std.dev: (31.55, 17.68)
[M::mem_pestat] low and high boundaries for proper pairs: (1, 118)
[M::mem_pestat] analyzing insert size distribution for orientation RR...
[M::mem_pestat] (25, 50, 75) percentile: (17, 35, 68)
[M::mem_pestat] low and high boundaries for computing mean and std.dev: (1, 170)
[M::mem_pestat] mean and std.dev: (32.07, 22.60)
[M::mem_pestat] low and high boundaries for proper pairs: (1, 221)
[M::mem_pestat] skip orientation FF
[M::mem_pestat] skip orientation RF
[M::mem_pestat] skip orientation RR
[M::mem_process_seqs] Processed 3846484 reads in 1266.939 CPU sec, 35.448 real sec
[main] Version: 0.7.17-r1188
[main] CMD: bwa mem -L 30,5 -t 40 -a -M -T 50 -A 1 -B 6 -O 10 -R @RG\tID:Sgr-AJol_034-Ex1-cssl.clmp.fp2_repr\tSM:Sgr-AJol_034-Ex1-cssl.clmp.fp2_repr\tPL:Illumina reference.ssl.SgC0072C_decontam_R1R2_noIsolate.fasta Sgr-AJol_034-Ex1-cssl.clmp.fp2_repr.R1.fq.gz Sgr-AJol_034-Ex1-cssl.clmp.fp2_repr.R2.fq.gz
[main] Real time: 158.508 sec; CPU: 4094.085 sec
