[M::bwa_idx_load_from_disk] read 0 ALT contigs
[M::process] read 1638282 sequences (210582510 bp)...
[M::mem_pestat] # candidate unique pairs for (FF, FR, RF, RR): (92, 215769, 212, 57)
[M::mem_pestat] analyzing insert size distribution for orientation FF...
[M::mem_pestat] (25, 50, 75) percentile: (260, 260, 414)
[M::mem_pestat] low and high boundaries for computing mean and std.dev: (1, 722)
[M::mem_pestat] mean and std.dev: (254.45, 75.69)
[M::mem_pestat] low and high boundaries for proper pairs: (1, 876)
[M::mem_pestat] analyzing insert size distribution for orientation FR...
[M::mem_pestat] (25, 50, 75) percentile: (93, 144, 219)
[M::mem_pestat] low and high boundaries for computing mean and std.dev: (1, 471)
[M::mem_pestat] mean and std.dev: (164.04, 95.94)
[M::mem_pestat] low and high boundaries for proper pairs: (1, 597)
[M::mem_pestat] analyzing insert size distribution for orientation RF...
[M::mem_pestat] (25, 50, 75) percentile: (99, 612, 6550)
[M::mem_pestat] low and high boundaries for computing mean and std.dev: (1, 19452)
[M::mem_pestat] mean and std.dev: (3032.90, 3181.12)
[M::mem_pestat] low and high boundaries for proper pairs: (1, 25903)
[M::mem_pestat] analyzing insert size distribution for orientation RR...
[M::mem_pestat] (25, 50, 75) percentile: (457, 459, 459)
[M::mem_pestat] low and high boundaries for computing mean and std.dev: (453, 463)
[M::mem_pestat] mean and std.dev: (458.70, 0.76)
[M::mem_pestat] low and high boundaries for proper pairs: (451, 465)
[M::mem_pestat] skip orientation FF
[M::mem_pestat] skip orientation RF
[M::mem_pestat] skip orientation RR
[M::mem_process_seqs] Processed 1638282 reads in 1020.312 CPU sec, 27.062 real sec
[main] Version: 0.7.17-r1188
[main] CMD: bwa mem -L 30,5 -t 40 -a -M -T 50 -A 1 -B 6 -O 10 -R @RG\tID:Sgr-CMas_031-Ex1-cssl.clmp.fp2_repr\tSM:Sgr-CMas_031-Ex1-cssl.clmp.fp2_repr\tPL:Illumina reference.ssl.SgC0072C_decontam_R1R2_noIsolate.fasta Sgr-CMas_031-Ex1-cssl.clmp.fp2_repr.R1.fq.gz Sgr-CMas_031-Ex1-cssl.clmp.fp2_repr.R2.fq.gz
[main] Real time: 37.960 sec; CPU: 1029.586 sec
