[M::bwa_idx_load_from_disk] read 0 ALT contigs
[M::process] read 1571194 sequences (196197020 bp)...
[M::mem_pestat] # candidate unique pairs for (FF, FR, RF, RR): (60, 216538, 53, 40)
[M::mem_pestat] analyzing insert size distribution for orientation FF...
[M::mem_pestat] (25, 50, 75) percentile: (63, 113, 133)
[M::mem_pestat] low and high boundaries for computing mean and std.dev: (1, 273)
[M::mem_pestat] mean and std.dev: (90.58, 49.10)
[M::mem_pestat] low and high boundaries for proper pairs: (1, 343)
[M::mem_pestat] analyzing insert size distribution for orientation FR...
[M::mem_pestat] (25, 50, 75) percentile: (84, 126, 177)
[M::mem_pestat] low and high boundaries for computing mean and std.dev: (1, 363)
[M::mem_pestat] mean and std.dev: (134.08, 70.20)
[M::mem_pestat] low and high boundaries for proper pairs: (1, 456)
[M::mem_pestat] analyzing insert size distribution for orientation RF...
[M::mem_pestat] (25, 50, 75) percentile: (23, 56, 2245)
[M::mem_pestat] low and high boundaries for computing mean and std.dev: (1, 6689)
[M::mem_pestat] mean and std.dev: (1261.65, 2227.02)
[M::mem_pestat] low and high boundaries for proper pairs: (1, 10170)
[M::mem_pestat] analyzing insert size distribution for orientation RR...
[M::mem_pestat] (25, 50, 75) percentile: (81, 223, 261)
[M::mem_pestat] low and high boundaries for computing mean and std.dev: (1, 621)
[M::mem_pestat] mean and std.dev: (213.25, 147.03)
[M::mem_pestat] low and high boundaries for proper pairs: (1, 801)
[M::mem_pestat] skip orientation FF
[M::mem_pestat] skip orientation RF
[M::mem_pestat] skip orientation RR
[M::mem_process_seqs] Processed 1571194 reads in 939.728 CPU sec, 24.944 real sec
[main] Version: 0.7.17-r1188
[main] CMD: bwa mem -L 30,5 -t 40 -a -M -T 50 -A 1 -B 6 -O 10 -R @RG\tID:Sgr-CMas_026-Ex1-cssl.clmp.fp2_repr\tSM:Sgr-CMas_026-Ex1-cssl.clmp.fp2_repr\tPL:Illumina reference.ssl.SgC0072C_decontam_R1R2_noIsolate.fasta Sgr-CMas_026-Ex1-cssl.clmp.fp2_repr.R1.fq.gz Sgr-CMas_026-Ex1-cssl.clmp.fp2_repr.R2.fq.gz
[main] Real time: 35.896 sec; CPU: 949.111 sec
