[M::bwa_idx_load_from_disk] read 0 ALT contigs
[M::process] read 4890380 sequences (400000035 bp)...
[M::mem_pestat] # candidate unique pairs for (FF, FR, RF, RR): (7, 671629, 17, 11)
[M::mem_pestat] skip orientation FF as there are not enough pairs
[M::mem_pestat] analyzing insert size distribution for orientation FR...
[M::mem_pestat] (25, 50, 75) percentile: (55, 71, 87)
[M::mem_pestat] low and high boundaries for computing mean and std.dev: (1, 151)
[M::mem_pestat] mean and std.dev: (71.11, 24.64)
[M::mem_pestat] low and high boundaries for proper pairs: (1, 183)
[M::mem_pestat] analyzing insert size distribution for orientation RF...
[M::mem_pestat] (25, 50, 75) percentile: (29, 52, 168)
[M::mem_pestat] low and high boundaries for computing mean and std.dev: (1, 446)
[M::mem_pestat] mean and std.dev: (84.87, 78.26)
[M::mem_pestat] low and high boundaries for proper pairs: (1, 585)
[M::mem_pestat] analyzing insert size distribution for orientation RR...
[M::mem_pestat] (25, 50, 75) percentile: (40, 40, 529)
[M::mem_pestat] low and high boundaries for computing mean and std.dev: (1, 1507)
[M::mem_pestat] mean and std.dev: (181.09, 227.53)
[M::mem_pestat] low and high boundaries for proper pairs: (1, 1996)
[M::mem_pestat] skip orientation RF
[M::mem_pestat] skip orientation RR
[M::mem_process_seqs] Processed 4890380 reads in 2519.139 CPU sec, 91.422 real sec
[M::process] read 4886546 sequences (400000078 bp)...
[M::process] read 4028136 sequences (331401380 bp)...
[M::mem_pestat] # candidate unique pairs for (FF, FR, RF, RR): (3, 671148, 9, 13)
[M::mem_pestat] skip orientation FF as there are not enough pairs
[M::mem_pestat] analyzing insert size distribution for orientation FR...
[M::mem_pestat] (25, 50, 75) percentile: (55, 71, 87)
[M::mem_pestat] low and high boundaries for computing mean and std.dev: (1, 151)
[M::mem_pestat] mean and std.dev: (71.13, 24.65)
[M::mem_pestat] low and high boundaries for proper pairs: (1, 183)
[M::mem_pestat] skip orientation RF as there are not enough pairs
[M::mem_pestat] analyzing insert size distribution for orientation RR...
[M::mem_pestat] (25, 50, 75) percentile: (19, 50, 67)
[M::mem_pestat] low and high boundaries for computing mean and std.dev: (1, 163)
[M::mem_pestat] mean and std.dev: (34.55, 21.49)
[M::mem_pestat] low and high boundaries for proper pairs: (1, 211)
[M::mem_pestat] skip orientation RR
[M::mem_process_seqs] Processed 4886546 reads in 1321.462 CPU sec, 35.043 real sec
[M::mem_pestat] # candidate unique pairs for (FF, FR, RF, RR): (8, 546611, 5, 7)
[M::mem_pestat] skip orientation FF as there are not enough pairs
[M::mem_pestat] analyzing insert size distribution for orientation FR...
[M::mem_pestat] (25, 50, 75) percentile: (55, 71, 87)
[M::mem_pestat] low and high boundaries for computing mean and std.dev: (1, 151)
[M::mem_pestat] mean and std.dev: (71.16, 24.70)
[M::mem_pestat] low and high boundaries for proper pairs: (1, 183)
[M::mem_pestat] skip orientation RF as there are not enough pairs
[M::mem_pestat] skip orientation RR as there are not enough pairs
[M::mem_process_seqs] Processed 4028136 reads in 1117.219 CPU sec, 32.138 real sec
[main] Version: 0.7.17-r1188
[main] CMD: bwa mem -L 30,5 -t 40 -a -M -T 50 -A 1 -B 6 -O 10 -R @RG\tID:Sgr-AJol_004-Ex1-cssl.clmp.fp2_repr\tSM:Sgr-AJol_004-Ex1-cssl.clmp.fp2_repr\tPL:Illumina reference.ssl.SgC0072C_decontam_R1R2_noIsolate.fasta Sgr-AJol_004-Ex1-cssl.clmp.fp2_repr.R1.fq.gz Sgr-AJol_004-Ex1-cssl.clmp.fp2_repr.R2.fq.gz
[main] Real time: 184.268 sec; CPU: 4987.455 sec
