PLINK v1.90b6.21 64-bit (19 Oct 2020)
Options in effect:
  --allow-extra-chr
  --const-fid 0
  --make-bed
  --out PIRE.ssp.A.preHWE
  --vcf ssp.A.ssl.Ssp-3NR-R1R2ORPH-contam-noisolate.Fltr07.18-resort.vcf

Hostname: e2-w6420b-13
Working directory: /home/e1garcia/shotgun_PIRE/pire_cssl_data_processing/siganus_spinus/pop_structure
Start time: Mon Oct 17 12:47:32 2022

Random number seed: 1666025252
385598 MB RAM detected; reserving 192799 MB for main workspace.
--vcf: PIRE.ssp.A.preHWE-temporary.bed + PIRE.ssp.A.preHWE-temporary.bim +
PIRE.ssp.A.preHWE-temporary.fam written.
1714 variants loaded from .bim file.
60 people (0 males, 0 females, 60 ambiguous) loaded from .fam.
Ambiguous sex IDs written to PIRE.ssp.A.preHWE.nosex .
Using 1 thread (no multithreaded calculations invoked).
Before main variant filters, 60 founders and 0 nonfounders present.
Calculating allele frequencies... done.
Total genotyping rate is 0.920089.
1714 variants and 60 people pass filters and QC.
Note: No phenotypes present.
--make-bed to PIRE.ssp.A.preHWE.bed + PIRE.ssp.A.preHWE.bim +
PIRE.ssp.A.preHWE.fam ... done.

End time: Mon Oct 17 12:47:32 2022
