****                   ADMIXTURE Version 1.3.0                  ****
****                    Copyright 2008-2015                     ****
****           David Alexander, Suyash Shringarpure,            ****
****                John  Novembre, Ken Lange                   ****
****                                                            ****
****                 Please cite our paper!                     ****
****   Information at www.genetics.ucla.edu/software/admixture  ****

Cross-validation will be performed.  Folds=5.
Random seed: 43
Point estimation method: Block relaxation algorithm
Convergence acceleration algorithm: QuasiNewton, 3 secant conditions
Point estimation will terminate when objective function delta < 0.0001
Estimation of standard errors disabled; will compute point estimates only.
Size of G: 105x509
Performing five EM steps to prime main algorithm
1 (EM) 	Elapsed: 0.005	Loglikelihood: -64526.9	(delta): 11113
2 (EM) 	Elapsed: 0.003	Loglikelihood: -63406.5	(delta): 1120.43
3 (EM) 	Elapsed: 0.003	Loglikelihood: -62888.4	(delta): 518.046
4 (EM) 	Elapsed: 0.002	Loglikelihood: -62574.6	(delta): 313.836
5 (EM) 	Elapsed: 0.002	Loglikelihood: -62374	(delta): 200.563
Initial loglikelihood: -62374
Starting main algorithm
1 (QN/Block) 	Elapsed: 0.006	Loglikelihood: -61433.4	(delta): 940.613
2 (QN/Block) 	Elapsed: 0.006	Loglikelihood: -61129	(delta): 304.431
3 (QN/Block) 	Elapsed: 0.008	Loglikelihood: -61085.8	(delta): 43.1673
4 (QN/Block) 	Elapsed: 0.007	Loglikelihood: -61058.2	(delta): 27.5884
5 (QN/Block) 	Elapsed: 0.007	Loglikelihood: -61041.4	(delta): 16.8408
6 (QN/Block) 	Elapsed: 0.006	Loglikelihood: -61039.6	(delta): 1.82267
7 (QN/Block) 	Elapsed: 0.008	Loglikelihood: -61038.6	(delta): 0.952997
8 (QN/Block) 	Elapsed: 0.007	Loglikelihood: -61037.6	(delta): 0.972893
9 (QN/Block) 	Elapsed: 0.008	Loglikelihood: -61037.3	(delta): 0.345043
10 (QN/Block) 	Elapsed: 0.007	Loglikelihood: -61037.1	(delta): 0.193086
11 (QN/Block) 	Elapsed: 0.006	Loglikelihood: -61036.7	(delta): 0.370901
12 (QN/Block) 	Elapsed: 0.008	Loglikelihood: -61036.5	(delta): 0.182964
13 (QN/Block) 	Elapsed: 0.007	Loglikelihood: -61036.3	(delta): 0.195324
14 (QN/Block) 	Elapsed: 0.006	Loglikelihood: -61036.2	(delta): 0.138768
15 (QN/Block) 	Elapsed: 0.007	Loglikelihood: -61036	(delta): 0.223107
16 (QN/Block) 	Elapsed: 0.007	Loglikelihood: -61035.6	(delta): 0.421725
17 (QN/Block) 	Elapsed: 0.007	Loglikelihood: -61035.1	(delta): 0.451419
18 (QN/Block) 	Elapsed: 0.007	Loglikelihood: -61034.6	(delta): 0.556885
19 (QN/Block) 	Elapsed: 0.006	Loglikelihood: -61034	(delta): 0.559923
20 (QN/Block) 	Elapsed: 0.006	Loglikelihood: -61033.4	(delta): 0.580821
21 (QN/Block) 	Elapsed: 0.007	Loglikelihood: -61033.1	(delta): 0.347812
22 (QN/Block) 	Elapsed: 0.007	Loglikelihood: -61032.5	(delta): 0.540712
23 (QN/Block) 	Elapsed: 0.008	Loglikelihood: -61032.2	(delta): 0.327167
24 (QN/Block) 	Elapsed: 0.007	Loglikelihood: -61032	(delta): 0.219302
25 (QN/Block) 	Elapsed: 0.008	Loglikelihood: -61031.7	(delta): 0.233918
26 (QN/Block) 	Elapsed: 0.007	Loglikelihood: -61031.5	(delta): 0.257561
27 (QN/Block) 	Elapsed: 0.008	Loglikelihood: -61031.2	(delta): 0.269913
28 (QN/Block) 	Elapsed: 0.008	Loglikelihood: -61030.9	(delta): 0.280397
29 (QN/Block) 	Elapsed: 0.008	Loglikelihood: -61030.6	(delta): 0.30467
30 (QN/Block) 	Elapsed: 0.007	Loglikelihood: -61030.3	(delta): 0.36345
31 (QN/Block) 	Elapsed: 0.007	Loglikelihood: -61028.9	(delta): 1.35661
32 (QN/Block) 	Elapsed: 0.008	Loglikelihood: -61028.3	(delta): 0.651977
33 (QN/Block) 	Elapsed: 0.006	Loglikelihood: -61025.8	(delta): 2.48421
34 (QN/Block) 	Elapsed: 0.007	Loglikelihood: -61023.6	(delta): 2.15425
35 (QN/Block) 	Elapsed: 0.007	Loglikelihood: -61021.5	(delta): 2.14182
36 (QN/Block) 	Elapsed: 0.006	Loglikelihood: -61018	(delta): 3.47838
37 (QN/Block) 	Elapsed: 0.007	Loglikelihood: -61013.5	(delta): 4.51173
38 (QN/Block) 	Elapsed: 0.007	Loglikelihood: -61011.1	(delta): 2.37588
39 (QN/Block) 	Elapsed: 0.006	Loglikelihood: -61010.6	(delta): 0.556541
40 (QN/Block) 	Elapsed: 0.006	Loglikelihood: -61010.4	(delta): 0.14656
41 (QN/Block) 	Elapsed: 0.007	Loglikelihood: -61010.4	(delta): 0.0200961
42 (QN/Block) 	Elapsed: 0.006	Loglikelihood: -61010.4	(delta): 0.00789151
43 (QN/Block) 	Elapsed: 0.006	Loglikelihood: -61010.4	(delta): 0.000562393
44 (QN/Block) 	Elapsed: 0.006	Loglikelihood: -61010.4	(delta): 4.42156e-05
Summary: 
Converged in 44 iterations (0.361 sec)
Loglikelihood: -61010.379094
Fst divergences between estimated populations: 
	Pop0	Pop1	
Pop0	
Pop1	0.173	
Pop2	0.020	0.170	
CV error (K=3): 0.07516
Writing output files.
