****                   ADMIXTURE Version 1.3.0                  ****
****                    Copyright 2008-2015                     ****
****           David Alexander, Suyash Shringarpure,            ****
****                John  Novembre, Ken Lange                   ****
****                                                            ****
****                 Please cite our paper!                     ****
****   Information at www.genetics.ucla.edu/software/admixture  ****

Cross-validation will be performed.  Folds=5.
Random seed: 43
Point estimation method: Block relaxation algorithm
Convergence acceleration algorithm: QuasiNewton, 3 secant conditions
Point estimation will terminate when objective function delta < 0.0001
Estimation of standard errors disabled; will compute point estimates only.
Size of G: 105x509
Performing five EM steps to prime main algorithm
1 (EM) 	Elapsed: 0.002	Loglikelihood: -64295	(delta): 17618.6
2 (EM) 	Elapsed: 0.002	Loglikelihood: -62935.6	(delta): 1359.46
3 (EM) 	Elapsed: 0.002	Loglikelihood: -62416.4	(delta): 519.204
4 (EM) 	Elapsed: 0.002	Loglikelihood: -62188.4	(delta): 228.018
5 (EM) 	Elapsed: 0.002	Loglikelihood: -62085.2	(delta): 103.122
Initial loglikelihood: -62085.2
Starting main algorithm
1 (QN/Block) 	Elapsed: 0.005	Loglikelihood: -61866.5	(delta): 218.73
2 (QN/Block) 	Elapsed: 0.004	Loglikelihood: -61639.6	(delta): 226.866
3 (QN/Block) 	Elapsed: 0.006	Loglikelihood: -61411.9	(delta): 227.777
4 (QN/Block) 	Elapsed: 0.006	Loglikelihood: -61229	(delta): 182.9
5 (QN/Block) 	Elapsed: 0.007	Loglikelihood: -61211.7	(delta): 17.2635
6 (QN/Block) 	Elapsed: 0.005	Loglikelihood: -61203.8	(delta): 7.86297
7 (QN/Block) 	Elapsed: 0.005	Loglikelihood: -61200.4	(delta): 3.43501
8 (QN/Block) 	Elapsed: 0.006	Loglikelihood: -61199.3	(delta): 1.09725
9 (QN/Block) 	Elapsed: 0.006	Loglikelihood: -61199.2	(delta): 0.12633
10 (QN/Block) 	Elapsed: 0.006	Loglikelihood: -61199.2	(delta): 0.000190822
11 (QN/Block) 	Elapsed: 0.005	Loglikelihood: -61199.2	(delta): 1.0004e-05
Summary: 
Converged in 11 iterations (0.087 sec)
Loglikelihood: -61199.182745
Fst divergences between estimated populations: 
	Pop0	
Pop0	
Pop1	0.160	
CV error (K=2): 0.07396
Writing output files.
