[M::main_mem] mean insert size: 534.409, stddev: 78.602, max: 1268, min: 212
[M::bwa_idx_load_from_disk] read 0 ALT contigs
[M::process] read 105410 sequences (10000054 bp)...
[M::process] read 87680 sequences (10000139 bp)...
[M::mem_process_seqs] Processed 105410 reads in 19.889 CPU sec, 20.746 real sec
[M::process] read 103936 sequences (10000034 bp)...
[M::mem_process_seqs] Processed 87680 reads in 11.374 CPU sec, 12.831 real sec
[M::process] read 104548 sequences (10000117 bp)...
[M::mem_process_seqs] Processed 103936 reads in 19.407 CPU sec, 20.249 real sec
[M::process] read 103862 sequences (10000069 bp)...
[M::mem_process_seqs] Processed 104548 reads in 20.645 CPU sec, 22.000 real sec
[M::process] read 104864 sequences (10000199 bp)...
[M::mem_process_seqs] Processed 103862 reads in 25.191 CPU sec, 25.347 real sec
[M::process] read 104874 sequences (10000086 bp)...
[M::mem_process_seqs] Processed 104864 reads in 21.326 CPU sec, 21.983 real sec
[M::process] read 97754 sequences (10000080 bp)...
[M::mem_process_seqs] Processed 104874 reads in 21.105 CPU sec, 22.971 real sec
[M::process] read 102120 sequences (10000213 bp)...
[M::mem_process_seqs] Processed 97754 reads in 16.479 CPU sec, 16.927 real sec
[M::process] read 104836 sequences (10000268 bp)...
[M::mem_process_seqs] Processed 102120 reads in 17.341 CPU sec, 18.684 real sec
[M::process] read 104638 sequences (10000039 bp)...
[M::mem_process_seqs] Processed 104836 reads in 19.420 CPU sec, 20.616 real sec
[M::process] read 103582 sequences (10000040 bp)...
[M::mem_process_seqs] Processed 104638 reads in 19.967 CPU sec, 21.432 real sec
[M::process] read 94950 sequences (10000029 bp)...
[M::mem_process_seqs] Processed 103582 reads in 19.347 CPU sec, 20.323 real sec
[M::process] read 104108 sequences (10000108 bp)...
[M::mem_process_seqs] Processed 94950 reads in 15.285 CPU sec, 16.415 real sec
[M::process] read 104876 sequences (10000073 bp)...
[M::mem_process_seqs] Processed 104108 reads in 21.049 CPU sec, 21.679 real sec
[M::process] read 105288 sequences (10000091 bp)...
[M::mem_process_seqs] Processed 104876 reads in 22.561 CPU sec, 23.376 real sec
[M::process] read 104932 sequences (10000066 bp)...
[M::mem_process_seqs] Processed 105288 reads in 18.752 CPU sec, 20.410 real sec
[M::process] read 104966 sequences (10000076 bp)...
[M::mem_process_seqs] Processed 104932 reads in 20.096 CPU sec, 21.327 real sec
[M::process] read 104422 sequences (10000079 bp)...
[M::mem_process_seqs] Processed 104966 reads in 19.395 CPU sec, 20.721 real sec
[M::process] read 104960 sequences (10000018 bp)...
[M::mem_process_seqs] Processed 104422 reads in 20.586 CPU sec, 22.045 real sec
[M::process] read 104494 sequences (10000135 bp)...
[M::mem_process_seqs] Processed 104960 reads in 20.106 CPU sec, 20.868 real sec
[M::process] read 104714 sequences (10000100 bp)...
[M::mem_process_seqs] Processed 104494 reads in 20.808 CPU sec, 22.006 real sec
[M::process] read 104594 sequences (10000288 bp)...
[M::mem_process_seqs] Processed 104714 reads in 20.015 CPU sec, 21.122 real sec
[M::process] read 105410 sequences (10000018 bp)...
[M::mem_process_seqs] Processed 104594 reads in 20.688 CPU sec, 21.647 real sec
[M::process] read 105234 sequences (10000115 bp)...
[M::mem_process_seqs] Processed 105410 reads in 20.519 CPU sec, 21.471 real sec
[M::process] read 105138 sequences (10000205 bp)...
[M::mem_process_seqs] Processed 105234 reads in 19.888 CPU sec, 20.086 real sec
[M::process] read 104932 sequences (10000137 bp)...
[M::mem_process_seqs] Processed 105138 reads in 19.548 CPU sec, 19.997 real sec
[M::process] read 105348 sequences (10000028 bp)...
[M::mem_process_seqs] Processed 104932 reads in 20.791 CPU sec, 22.088 real sec
[M::process] read 105566 sequences (10000192 bp)...
[M::mem_process_seqs] Processed 105348 reads in 19.187 CPU sec, 20.172 real sec
[M::process] read 104602 sequences (10000081 bp)...
[M::mem_process_seqs] Processed 105566 reads in 20.546 CPU sec, 21.680 real sec
[M::process] read 105192 sequences (10000103 bp)...
[M::mem_process_seqs] Processed 104602 reads in 20.940 CPU sec, 21.454 real sec
[M::process] read 105298 sequences (10000085 bp)...
[M::mem_process_seqs] Processed 105192 reads in 20.888 CPU sec, 21.979 real sec
[M::process] read 105124 sequences (10000220 bp)...
[M::mem_process_seqs] Processed 105298 reads in 19.837 CPU sec, 21.100 real sec
[M::process] read 104810 sequences (10000277 bp)...
[M::mem_process_seqs] Processed 105124 reads in 21.082 CPU sec, 21.602 real sec
[M::process] read 104800 sequences (10000280 bp)...
[M::mem_process_seqs] Processed 104810 reads in 20.664 CPU sec, 20.931 real sec
[M::process] read 105344 sequences (10000162 bp)...
[M::mem_process_seqs] Processed 104800 reads in 21.287 CPU sec, 22.031 real sec
[M::process] read 99156 sequences (10000184 bp)...
[M::mem_process_seqs] Processed 105344 reads in 20.419 CPU sec, 20.637 real sec
[M::process] read 105108 sequences (10000079 bp)...
[M::mem_process_seqs] Processed 99156 reads in 16.447 CPU sec, 17.236 real sec
[M::process] read 105056 sequences (10000066 bp)...
[M::mem_process_seqs] Processed 105108 reads in 19.941 CPU sec, 20.275 real sec
[M::process] read 104522 sequences (10000132 bp)...
[M::mem_process_seqs] Processed 105056 reads in 20.958 CPU sec, 21.330 real sec
[M::process] read 105278 sequences (10000180 bp)...
[M::mem_process_seqs] Processed 104522 reads in 19.735 CPU sec, 20.845 real sec
[M::process] read 104750 sequences (10000202 bp)...
[M::mem_process_seqs] Processed 105278 reads in 20.842 CPU sec, 23.631 real sec
[M::process] read 104720 sequences (10000147 bp)...
[M::mem_process_seqs] Processed 104750 reads in 22.233 CPU sec, 23.162 real sec
[M::process] read 104710 sequences (10000160 bp)...
[M::mem_process_seqs] Processed 104720 reads in 19.397 CPU sec, 21.074 real sec
[M::process] read 105420 sequences (10000138 bp)...
[M::mem_process_seqs] Processed 104710 reads in 20.027 CPU sec, 21.074 real sec
[M::process] read 105164 sequences (10000142 bp)...
[M::mem_process_seqs] Processed 105420 reads in 21.152 CPU sec, 22.266 real sec
[M::process] read 104958 sequences (10000259 bp)...
[M::mem_process_seqs] Processed 105164 reads in 20.567 CPU sec, 20.466 real sec
[M::process] read 104934 sequences (10000137 bp)...
[M::mem_process_seqs] Processed 104958 reads in 20.064 CPU sec, 20.092 real sec
[M::process] read 105446 sequences (10000205 bp)...
[M::mem_process_seqs] Processed 104934 reads in 21.045 CPU sec, 21.313 real sec
[M::process] read 103744 sequences (10000088 bp)...
[M::mem_process_seqs] Processed 105446 reads in 22.014 CPU sec, 22.434 real sec
[M::process] read 104282 sequences (10000032 bp)...
[M::mem_process_seqs] Processed 103744 reads in 18.833 CPU sec, 19.288 real sec
[M::process] read 105196 sequences (10000182 bp)...
[M::mem_process_seqs] Processed 104282 reads in 21.016 CPU sec, 22.036 real sec
[M::process] read 104538 sequences (10000077 bp)...
[M::mem_process_seqs] Processed 105196 reads in 20.556 CPU sec, 21.280 real sec
[M::process] read 24086 sequences (2296797 bp)...
[M::mem_process_seqs] Processed 104538 reads in 20.773 CPU sec, 21.450 real sec
[M::mem_process_seqs] Processed 24086 reads in 5.105 CPU sec, 5.687 real sec
[main] Version: 0.7.17-r1188
[main] CMD: bwa mem -L 5 -I 534.409,78.6023,1268,212 -t 1 -a -M -T 30 -A 1 -B 4 -O 6 -R @RG\tID:Aen-AHam_044-AeA01044_CKDL210012719-1a-AK8410-AK7558_HF5TCDSX2_L1_clmp_fp2_repr\tSM:Aen-AHam_044-AeA01044_CKDL210012719-1a-AK8410-AK7558_HF5TCDSX2_L1_clmp_fp2_repr\tPL:Illumina reference.rad.RAW-6-6.fasta Aen-AHam_044-AeA01044_CKDL210012719-1a-AK8410-AK7558_HF5TCDSX2_L1_clmp_fp2_repr.R1.fq.gz Aen-AHam_044-AeA01044_CKDL210012719-1a-AK8410-AK7558_HF5TCDSX2_L1_clmp_fp2_repr.R2.fq.gz
[main] Real time: 1118.612 sec; CPU: 1067.523 sec
