[M::main_mem] mean insert size: 534.409, stddev: 78.602, max: 1268, min: 212
[M::bwa_idx_load_from_disk] read 0 ALT contigs
[M::process] read 94302 sequences (10000141 bp)...
[M::process] read 97340 sequences (10000252 bp)...
[M::mem_process_seqs] Processed 94302 reads in 17.023 CPU sec, 17.496 real sec
[M::process] read 97858 sequences (10000047 bp)...
[M::mem_process_seqs] Processed 97340 reads in 20.776 CPU sec, 21.867 real sec
[M::process] read 95570 sequences (10000100 bp)...
[M::mem_process_seqs] Processed 97858 reads in 18.777 CPU sec, 20.345 real sec
[M::process] read 99172 sequences (10000210 bp)...
[M::mem_process_seqs] Processed 95570 reads in 18.549 CPU sec, 19.825 real sec
[M::process] read 98958 sequences (10000222 bp)...
[M::mem_process_seqs] Processed 99172 reads in 20.309 CPU sec, 21.947 real sec
[M::process] read 99164 sequences (10000161 bp)...
[M::mem_process_seqs] Processed 98958 reads in 20.473 CPU sec, 20.896 real sec
[M::process] read 99458 sequences (10000071 bp)...
[M::mem_process_seqs] Processed 99164 reads in 20.416 CPU sec, 21.798 real sec
[M::process] read 98654 sequences (10000233 bp)...
[M::mem_process_seqs] Processed 99458 reads in 19.952 CPU sec, 21.363 real sec
[M::process] read 97312 sequences (10000119 bp)...
[M::mem_process_seqs] Processed 98654 reads in 20.481 CPU sec, 21.747 real sec
[M::process] read 98968 sequences (10000011 bp)...
[M::mem_process_seqs] Processed 97312 reads in 19.524 CPU sec, 21.039 real sec
[M::process] read 99344 sequences (10000068 bp)...
[M::mem_process_seqs] Processed 98968 reads in 19.997 CPU sec, 21.271 real sec
[M::process] read 98486 sequences (10000135 bp)...
[M::mem_process_seqs] Processed 99344 reads in 19.879 CPU sec, 20.800 real sec
[M::process] read 67006 sequences (6779901 bp)...
[M::mem_process_seqs] Processed 98486 reads in 20.536 CPU sec, 22.072 real sec
[M::mem_process_seqs] Processed 67006 reads in 13.635 CPU sec, 14.595 real sec
[main] Version: 0.7.17-r1188
[main] CMD: bwa mem -L 5 -I 534.409,78.6023,1268,212 -t 1 -a -M -T 30 -A 1 -B 4 -O 6 -R @RG\tID:Aen-AHam_043-AeA01043_CKDL210012719-1a-AK8410-AK1864_HF5TCDSX2_L1_clmp_fp2_repr\tSM:Aen-AHam_043-AeA01043_CKDL210012719-1a-AK8410-AK1864_HF5TCDSX2_L1_clmp_fp2_repr\tPL:Illumina reference.rad.RAW-6-6.fasta Aen-AHam_043-AeA01043_CKDL210012719-1a-AK8410-AK1864_HF5TCDSX2_L1_clmp_fp2_repr.R1.fq.gz Aen-AHam_043-AeA01043_CKDL210012719-1a-AK8410-AK1864_HF5TCDSX2_L1_clmp_fp2_repr.R2.fq.gz
[main] Real time: 288.395 sec; CPU: 270.764 sec
