[M::main_mem] mean insert size: 534.409, stddev: 78.602, max: 1268, min: 212
[M::bwa_idx_load_from_disk] read 0 ALT contigs
[M::process] read 107428 sequences (10000076 bp)...
[M::process] read 95464 sequences (10000111 bp)...
[M::mem_process_seqs] Processed 107428 reads in 18.109 CPU sec, 19.335 real sec
[M::process] read 106700 sequences (10000079 bp)...
[M::mem_process_seqs] Processed 95464 reads in 12.435 CPU sec, 12.806 real sec
[M::process] read 106572 sequences (10000132 bp)...
[M::mem_process_seqs] Processed 106700 reads in 18.607 CPU sec, 18.863 real sec
[M::process] read 106726 sequences (10000038 bp)...
[M::mem_process_seqs] Processed 106572 reads in 21.592 CPU sec, 22.978 real sec
[M::process] read 107508 sequences (10000004 bp)...
[M::mem_process_seqs] Processed 106726 reads in 19.992 CPU sec, 21.194 real sec
[M::process] read 106796 sequences (10000037 bp)...
[M::mem_process_seqs] Processed 107508 reads in 18.533 CPU sec, 19.962 real sec
[M::process] read 100228 sequences (10000042 bp)...
[M::mem_process_seqs] Processed 106796 reads in 19.479 CPU sec, 20.737 real sec
[M::process] read 107000 sequences (10000131 bp)...
[M::mem_process_seqs] Processed 100228 reads in 14.811 CPU sec, 15.346 real sec
[M::process] read 107032 sequences (10000091 bp)...
[M::mem_process_seqs] Processed 107000 reads in 17.649 CPU sec, 19.381 real sec
[M::process] read 106730 sequences (10000066 bp)...
[M::mem_process_seqs] Processed 107032 reads in 18.088 CPU sec, 18.692 real sec
[M::process] read 101832 sequences (10000065 bp)...
[M::mem_process_seqs] Processed 106730 reads in 18.170 CPU sec, 18.855 real sec
[M::process] read 104322 sequences (10000159 bp)...
[M::mem_process_seqs] Processed 101832 reads in 16.159 CPU sec, 16.357 real sec
[M::process] read 106876 sequences (10000126 bp)...
[M::mem_process_seqs] Processed 104322 reads in 17.151 CPU sec, 17.544 real sec
[M::process] read 107136 sequences (10000092 bp)...
[M::mem_process_seqs] Processed 106876 reads in 19.422 CPU sec, 20.498 real sec
[M::process] read 107556 sequences (10000049 bp)...
[M::mem_process_seqs] Processed 107136 reads in 17.949 CPU sec, 18.873 real sec
[M::process] read 107082 sequences (10000119 bp)...
[M::mem_process_seqs] Processed 107556 reads in 18.119 CPU sec, 19.436 real sec
[M::process] read 107364 sequences (10000144 bp)...
[M::mem_process_seqs] Processed 107082 reads in 17.910 CPU sec, 19.411 real sec
[M::process] read 106844 sequences (10000013 bp)...
[M::mem_process_seqs] Processed 107364 reads in 18.727 CPU sec, 20.535 real sec
[M::process] read 106666 sequences (10000030 bp)...
[M::mem_process_seqs] Processed 106844 reads in 18.329 CPU sec, 19.409 real sec
[M::process] read 107028 sequences (10000091 bp)...
[M::mem_process_seqs] Processed 106666 reads in 18.927 CPU sec, 20.015 real sec
[M::process] read 107346 sequences (10000013 bp)...
[M::mem_process_seqs] Processed 107028 reads in 18.297 CPU sec, 18.710 real sec
[M::process] read 106472 sequences (10000284 bp)...
[M::mem_process_seqs] Processed 107346 reads in 18.336 CPU sec, 19.222 real sec
[M::process] read 107468 sequences (10000065 bp)...
[M::mem_process_seqs] Processed 106472 reads in 19.339 CPU sec, 20.913 real sec
[M::process] read 106940 sequences (10000066 bp)...
[M::mem_process_seqs] Processed 107468 reads in 18.639 CPU sec, 20.237 real sec
[M::process] read 106954 sequences (10000122 bp)...
[M::mem_process_seqs] Processed 106940 reads in 18.000 CPU sec, 19.136 real sec
[M::process] read 107204 sequences (10000027 bp)...
[M::mem_process_seqs] Processed 106954 reads in 18.437 CPU sec, 19.568 real sec
[M::process] read 107424 sequences (10000015 bp)...
[M::mem_process_seqs] Processed 107204 reads in 18.251 CPU sec, 19.065 real sec
[M::process] read 107114 sequences (10000090 bp)...
[M::mem_process_seqs] Processed 107424 reads in 18.217 CPU sec, 18.256 real sec
[M::process] read 106682 sequences (10000217 bp)...
[M::mem_process_seqs] Processed 107114 reads in 18.318 CPU sec, 19.402 real sec
[M::process] read 107788 sequences (10000096 bp)...
[M::mem_process_seqs] Processed 106682 reads in 19.142 CPU sec, 20.379 real sec
[M::process] read 107280 sequences (10000174 bp)...
[M::mem_process_seqs] Processed 107788 reads in 18.276 CPU sec, 19.216 real sec
[M::process] read 107130 sequences (10000265 bp)...
[M::mem_process_seqs] Processed 107280 reads in 18.120 CPU sec, 19.152 real sec
[M::process] read 106904 sequences (10000109 bp)...
[M::mem_process_seqs] Processed 107130 reads in 19.561 CPU sec, 20.642 real sec
[M::process] read 107092 sequences (10000034 bp)...
[M::mem_process_seqs] Processed 106904 reads in 18.475 CPU sec, 19.629 real sec
[M::process] read 107192 sequences (10000106 bp)...
[M::mem_process_seqs] Processed 107092 reads in 18.904 CPU sec, 19.764 real sec
[M::process] read 102920 sequences (10000070 bp)...
[M::mem_process_seqs] Processed 107192 reads in 18.306 CPU sec, 19.113 real sec
[M::process] read 107454 sequences (10000230 bp)...
[M::mem_process_seqs] Processed 102920 reads in 16.582 CPU sec, 16.829 real sec
[M::process] read 107066 sequences (10000140 bp)...
[M::mem_process_seqs] Processed 107454 reads in 18.332 CPU sec, 19.866 real sec
[M::process] read 107250 sequences (10000088 bp)...
[M::mem_process_seqs] Processed 107066 reads in 19.350 CPU sec, 19.692 real sec
[M::process] read 107538 sequences (10000011 bp)...
[M::mem_process_seqs] Processed 107250 reads in 18.403 CPU sec, 19.051 real sec
[M::process] read 107166 sequences (10000060 bp)...
[M::mem_process_seqs] Processed 107538 reads in 18.676 CPU sec, 19.641 real sec
[M::process] read 106916 sequences (10000048 bp)...
[M::mem_process_seqs] Processed 107166 reads in 18.526 CPU sec, 18.933 real sec
[M::process] read 106794 sequences (10000082 bp)...
[M::mem_process_seqs] Processed 106916 reads in 17.836 CPU sec, 18.636 real sec
[M::process] read 107222 sequences (10000067 bp)...
[M::mem_process_seqs] Processed 106794 reads in 18.497 CPU sec, 19.064 real sec
[M::process] read 107516 sequences (10000063 bp)...
[M::mem_process_seqs] Processed 107222 reads in 18.474 CPU sec, 19.426 real sec
[M::process] read 107380 sequences (10000057 bp)...
[M::mem_process_seqs] Processed 107516 reads in 18.356 CPU sec, 19.098 real sec
[M::process] read 106644 sequences (10000038 bp)...
[M::mem_process_seqs] Processed 107380 reads in 17.965 CPU sec, 18.867 real sec
[M::process] read 107362 sequences (10000178 bp)...
[M::mem_process_seqs] Processed 106644 reads in 18.404 CPU sec, 20.117 real sec
[M::process] read 106572 sequences (10000052 bp)...
[M::mem_process_seqs] Processed 107362 reads in 18.598 CPU sec, 19.303 real sec
[M::process] read 106806 sequences (10000112 bp)...
[M::mem_process_seqs] Processed 106572 reads in 18.284 CPU sec, 20.181 real sec
[M::process] read 106756 sequences (10000069 bp)...
[M::mem_process_seqs] Processed 106806 reads in 18.398 CPU sec, 19.288 real sec
[M::process] read 107008 sequences (10000123 bp)...
[M::mem_process_seqs] Processed 106756 reads in 19.876 CPU sec, 20.607 real sec
[M::process] read 68374 sequences (6396116 bp)...
[M::mem_process_seqs] Processed 107008 reads in 18.665 CPU sec, 19.470 real sec
[M::mem_process_seqs] Processed 68374 reads in 12.173 CPU sec, 13.097 real sec
[main] Version: 0.7.17-r1188
[main] CMD: bwa mem -L 5 -I 534.409,78.6023,1268,212 -t 1 -a -M -T 30 -A 1 -B 4 -O 6 -R @RG\tID:Aen-AHam_046-AeA01046_CKDL210012719-1a-AK8410-AK2587_HF5TCDSX2_L1_clmp_fp2_repr\tSM:Aen-AHam_046-AeA01046_CKDL210012719-1a-AK8410-AK2587_HF5TCDSX2_L1_clmp_fp2_repr\tPL:Illumina reference.rad.RAW-6-6.fasta Aen-AHam_046-AeA01046_CKDL210012719-1a-AK8410-AK2587_HF5TCDSX2_L1_clmp_fp2_repr.R1.fq.gz Aen-AHam_046-AeA01046_CKDL210012719-1a-AK8410-AK2587_HF5TCDSX2_L1_clmp_fp2_repr.R2.fq.gz
[main] Real time: 1035.834 sec; CPU: 982.647 sec
