[M::main_mem] mean insert size: 534.409, stddev: 78.602, max: 1268, min: 212
[M::bwa_idx_load_from_disk] read 0 ALT contigs
[M::process] read 100962 sequences (10000042 bp)...
[M::process] read 102630 sequences (10000109 bp)...
[M::mem_process_seqs] Processed 100962 reads in 18.408 CPU sec, 18.507 real sec
[M::process] read 101698 sequences (10000108 bp)...
[M::mem_process_seqs] Processed 102630 reads in 18.767 CPU sec, 19.246 real sec
[M::process] read 103994 sequences (10000103 bp)...
[M::mem_process_seqs] Processed 101698 reads in 18.924 CPU sec, 19.410 real sec
[M::process] read 104272 sequences (10000020 bp)...
[M::mem_process_seqs] Processed 103994 reads in 18.982 CPU sec, 20.585 real sec
[M::process] read 104654 sequences (10000245 bp)...
[M::mem_process_seqs] Processed 104272 reads in 19.899 CPU sec, 20.628 real sec
[M::process] read 104078 sequences (10000183 bp)...
[M::mem_process_seqs] Processed 104654 reads in 19.473 CPU sec, 20.773 real sec
[M::process] read 103360 sequences (10000104 bp)...
[M::mem_process_seqs] Processed 104078 reads in 20.155 CPU sec, 21.023 real sec
[M::process] read 104222 sequences (10000082 bp)...
[M::mem_process_seqs] Processed 103360 reads in 19.155 CPU sec, 19.597 real sec
[M::process] read 104278 sequences (10000127 bp)...
[M::mem_process_seqs] Processed 104222 reads in 19.215 CPU sec, 19.533 real sec
[M::process] read 93882 sequences (9041393 bp)...
[M::mem_process_seqs] Processed 104278 reads in 19.926 CPU sec, 21.195 real sec
[M::mem_process_seqs] Processed 93882 reads in 17.035 CPU sec, 17.360 real sec
[main] Version: 0.7.17-r1188
[main] CMD: bwa mem -L 5 -I 534.409,78.6023,1268,212 -t 1 -a -M -T 30 -A 1 -B 4 -O 6 -R @RG\tID:Aen-AHam_031-AeA01031_CKDL210012719-1a-5UDI298-GC12_HF5TCDSX2_L1_clmp_fp2_repr\tSM:Aen-AHam_031-AeA01031_CKDL210012719-1a-5UDI298-GC12_HF5TCDSX2_L1_clmp_fp2_repr\tPL:Illumina reference.rad.RAW-6-6.fasta Aen-AHam_031-AeA01031_CKDL210012719-1a-5UDI298-GC12_HF5TCDSX2_L1_clmp_fp2_repr.R1.fq.gz Aen-AHam_031-AeA01031_CKDL210012719-1a-5UDI298-GC12_HF5TCDSX2_L1_clmp_fp2_repr.R2.fq.gz
[main] Real time: 223.091 sec; CPU: 210.627 sec
