[M::main_mem] mean insert size: 534.409, stddev: 78.602, max: 1268, min: 212
[M::bwa_idx_load_from_disk] read 0 ALT contigs
[M::process] read 107610 sequences (10000034 bp)...
[M::process] read 108164 sequences (10000042 bp)...
[M::mem_process_seqs] Processed 107610 reads in 19.406 CPU sec, 19.727 real sec
[M::process] read 85618 sequences (10000120 bp)...
[M::mem_process_seqs] Processed 108164 reads in 18.735 CPU sec, 19.847 real sec
[M::process] read 98154 sequences (10000013 bp)...
[M::mem_process_seqs] Processed 85618 reads in 10.947 CPU sec, 12.433 real sec
[M::process] read 107184 sequences (10000150 bp)...
[M::mem_process_seqs] Processed 98154 reads in 14.151 CPU sec, 15.390 real sec
[M::process] read 106346 sequences (10000003 bp)...
[M::mem_process_seqs] Processed 107184 reads in 20.125 CPU sec, 21.678 real sec
[M::process] read 106320 sequences (10000055 bp)...
[M::mem_process_seqs] Processed 106346 reads in 20.219 CPU sec, 21.067 real sec
[M::process] read 106344 sequences (10000248 bp)...
[M::mem_process_seqs] Processed 106320 reads in 23.211 CPU sec, 25.665 real sec
[M::process] read 106716 sequences (10000213 bp)...
[M::mem_process_seqs] Processed 106344 reads in 22.657 CPU sec, 23.471 real sec
[M::process] read 107410 sequences (10000033 bp)...
[M::mem_process_seqs] Processed 106716 reads in 20.637 CPU sec, 21.631 real sec
[M::process] read 106826 sequences (10000051 bp)...
[M::mem_process_seqs] Processed 107410 reads in 20.774 CPU sec, 22.553 real sec
[M::process] read 107278 sequences (10000044 bp)...
[M::mem_process_seqs] Processed 106826 reads in 21.141 CPU sec, 22.159 real sec
[M::process] read 92844 sequences (10000090 bp)...
[M::mem_process_seqs] Processed 107278 reads in 20.846 CPU sec, 21.503 real sec
[M::process] read 103680 sequences (10000021 bp)...
[M::mem_process_seqs] Processed 92844 reads in 12.929 CPU sec, 13.142 real sec
[M::process] read 106266 sequences (10000067 bp)...
[M::mem_process_seqs] Processed 103680 reads in 16.986 CPU sec, 17.620 real sec
[M::process] read 106810 sequences (10000171 bp)...
[M::mem_process_seqs] Processed 106266 reads in 20.347 CPU sec, 21.280 real sec
[M::process] read 106538 sequences (10000005 bp)...
[M::mem_process_seqs] Processed 106810 reads in 19.365 CPU sec, 19.632 real sec
[M::process] read 106542 sequences (10000128 bp)...
[M::mem_process_seqs] Processed 106538 reads in 20.070 CPU sec, 20.995 real sec
[M::process] read 105742 sequences (10000256 bp)...
[M::mem_process_seqs] Processed 106542 reads in 20.112 CPU sec, 21.193 real sec
[M::process] read 102316 sequences (10000207 bp)...
[M::mem_process_seqs] Processed 105742 reads in 19.909 CPU sec, 21.133 real sec
[M::process] read 93250 sequences (10000047 bp)...
[M::mem_process_seqs] Processed 102316 reads in 17.675 CPU sec, 18.973 real sec
[M::process] read 105574 sequences (10000209 bp)...
[M::mem_process_seqs] Processed 93250 reads in 13.445 CPU sec, 13.618 real sec
[M::process] read 107106 sequences (10000218 bp)...
[M::mem_process_seqs] Processed 105574 reads in 21.427 CPU sec, 22.225 real sec
[M::process] read 107290 sequences (10000104 bp)...
[M::mem_process_seqs] Processed 107106 reads in 20.956 CPU sec, 21.625 real sec
[M::process] read 106372 sequences (10000099 bp)...
[M::mem_process_seqs] Processed 107290 reads in 20.959 CPU sec, 21.704 real sec
[M::process] read 107322 sequences (10000075 bp)...
[M::mem_process_seqs] Processed 106372 reads in 18.893 CPU sec, 19.475 real sec
[M::process] read 106558 sequences (10000074 bp)...
[M::mem_process_seqs] Processed 107322 reads in 20.247 CPU sec, 21.637 real sec
[M::process] read 107566 sequences (10000007 bp)...
[M::mem_process_seqs] Processed 106558 reads in 20.666 CPU sec, 21.170 real sec
[M::process] read 107054 sequences (10000253 bp)...
[M::mem_process_seqs] Processed 107566 reads in 19.767 CPU sec, 21.374 real sec
[M::process] read 106066 sequences (10000166 bp)...
[M::mem_process_seqs] Processed 107054 reads in 19.361 CPU sec, 20.223 real sec
[M::process] read 106666 sequences (10000104 bp)...
[M::mem_process_seqs] Processed 106066 reads in 20.722 CPU sec, 21.081 real sec
[M::process] read 107126 sequences (10000174 bp)...
[M::mem_process_seqs] Processed 106666 reads in 20.267 CPU sec, 21.389 real sec
[M::process] read 106490 sequences (10000088 bp)...
[M::mem_process_seqs] Processed 107126 reads in 19.985 CPU sec, 20.940 real sec
[M::process] read 107162 sequences (10000193 bp)...
[M::mem_process_seqs] Processed 106490 reads in 20.834 CPU sec, 22.275 real sec
[M::process] read 106618 sequences (10000043 bp)...
[M::mem_process_seqs] Processed 107162 reads in 20.363 CPU sec, 21.199 real sec
[M::process] read 107430 sequences (10000067 bp)...
[M::mem_process_seqs] Processed 106618 reads in 20.129 CPU sec, 21.909 real sec
[M::process] read 107088 sequences (10000159 bp)...
[M::mem_process_seqs] Processed 107430 reads in 19.433 CPU sec, 20.284 real sec
[M::process] read 106448 sequences (10000012 bp)...
[M::mem_process_seqs] Processed 107088 reads in 21.963 CPU sec, 23.575 real sec
[M::process] read 107470 sequences (10000120 bp)...
[M::mem_process_seqs] Processed 106448 reads in 19.657 CPU sec, 20.680 real sec
[M::process] read 106906 sequences (10000216 bp)...
[M::mem_process_seqs] Processed 107470 reads in 19.907 CPU sec, 21.627 real sec
[M::process] read 107476 sequences (10000113 bp)...
[M::mem_process_seqs] Processed 106906 reads in 20.385 CPU sec, 21.294 real sec
[M::process] read 106544 sequences (10000242 bp)...
[M::mem_process_seqs] Processed 107476 reads in 19.126 CPU sec, 20.070 real sec
[M::process] read 106880 sequences (10000178 bp)...
[M::mem_process_seqs] Processed 106544 reads in 19.253 CPU sec, 19.606 real sec
[M::process] read 107212 sequences (10000002 bp)...
[M::mem_process_seqs] Processed 106880 reads in 21.831 CPU sec, 23.199 real sec
[M::process] read 107306 sequences (10000170 bp)...
[M::mem_process_seqs] Processed 107212 reads in 20.628 CPU sec, 21.794 real sec
[M::process] read 107068 sequences (10000062 bp)...
[M::mem_process_seqs] Processed 107306 reads in 20.353 CPU sec, 21.204 real sec
[M::process] read 107064 sequences (10000140 bp)...
[M::mem_process_seqs] Processed 107068 reads in 19.219 CPU sec, 20.919 real sec
[M::process] read 106918 sequences (10000148 bp)...
[M::mem_process_seqs] Processed 107064 reads in 20.460 CPU sec, 21.015 real sec
[M::process] read 106524 sequences (10000053 bp)...
[M::mem_process_seqs] Processed 106918 reads in 19.888 CPU sec, 20.732 real sec
[M::process] read 107286 sequences (10000169 bp)...
[M::mem_process_seqs] Processed 106524 reads in 22.221 CPU sec, 24.103 real sec
[M::process] read 107326 sequences (10000008 bp)...
[M::mem_process_seqs] Processed 107286 reads in 19.604 CPU sec, 20.216 real sec
[M::process] read 106676 sequences (10000040 bp)...
[M::mem_process_seqs] Processed 107326 reads in 18.856 CPU sec, 19.617 real sec
[M::process] read 106950 sequences (10000139 bp)...
[M::mem_process_seqs] Processed 106676 reads in 20.199 CPU sec, 21.105 real sec
[M::process] read 107120 sequences (10000141 bp)...
[M::mem_process_seqs] Processed 106950 reads in 22.210 CPU sec, 23.526 real sec
[M::process] read 106816 sequences (10000161 bp)...
[M::mem_process_seqs] Processed 107120 reads in 20.911 CPU sec, 22.541 real sec
[M::process] read 107064 sequences (10000208 bp)...
[M::mem_process_seqs] Processed 106816 reads in 20.962 CPU sec, 22.406 real sec
[M::process] read 106758 sequences (10000022 bp)...
[M::mem_process_seqs] Processed 107064 reads in 22.459 CPU sec, 23.854 real sec
[M::process] read 107230 sequences (10000157 bp)...
[M::mem_process_seqs] Processed 106758 reads in 20.120 CPU sec, 20.387 real sec
[M::process] read 96566 sequences (10000075 bp)...
[M::mem_process_seqs] Processed 107230 reads in 19.776 CPU sec, 20.862 real sec
[M::process] read 106444 sequences (10000057 bp)...
[M::mem_process_seqs] Processed 96566 reads in 16.397 CPU sec, 17.628 real sec
[M::process] read 107002 sequences (10000159 bp)...
[M::mem_process_seqs] Processed 106444 reads in 19.237 CPU sec, 20.815 real sec
[M::process] read 106622 sequences (10000090 bp)...
[M::mem_process_seqs] Processed 107002 reads in 21.863 CPU sec, 22.737 real sec
[M::process] read 106880 sequences (10000052 bp)...
[M::mem_process_seqs] Processed 106622 reads in 19.972 CPU sec, 20.653 real sec
[M::process] read 107822 sequences (10000037 bp)...
[M::mem_process_seqs] Processed 106880 reads in 21.279 CPU sec, 22.610 real sec
[M::process] read 106210 sequences (10000210 bp)...
[M::mem_process_seqs] Processed 107822 reads in 19.964 CPU sec, 20.891 real sec
[M::process] read 106888 sequences (10000163 bp)...
[M::mem_process_seqs] Processed 106210 reads in 19.537 CPU sec, 20.573 real sec
[M::process] read 106336 sequences (10000085 bp)...
[M::mem_process_seqs] Processed 106888 reads in 20.817 CPU sec, 22.295 real sec
[M::process] read 107278 sequences (10000044 bp)...
[M::mem_process_seqs] Processed 106336 reads in 21.036 CPU sec, 22.099 real sec
[M::process] read 106250 sequences (10000109 bp)...
[M::mem_process_seqs] Processed 107278 reads in 19.248 CPU sec, 20.032 real sec
[M::process] read 106816 sequences (10000009 bp)...
[M::mem_process_seqs] Processed 106250 reads in 20.165 CPU sec, 20.676 real sec
[M::process] read 107078 sequences (10000212 bp)...
[M::mem_process_seqs] Processed 106816 reads in 19.285 CPU sec, 20.071 real sec
[M::process] read 107304 sequences (10000022 bp)...
[M::mem_process_seqs] Processed 107078 reads in 20.804 CPU sec, 22.924 real sec
[M::process] read 107254 sequences (10000053 bp)...
[M::mem_process_seqs] Processed 107304 reads in 19.221 CPU sec, 20.210 real sec
[M::process] read 107416 sequences (10000094 bp)...
[M::mem_process_seqs] Processed 107254 reads in 19.380 CPU sec, 20.361 real sec
[M::process] read 106998 sequences (10000093 bp)...
[M::mem_process_seqs] Processed 107416 reads in 20.953 CPU sec, 21.421 real sec
[M::process] read 107168 sequences (10000128 bp)...
[M::mem_process_seqs] Processed 106998 reads in 20.594 CPU sec, 21.932 real sec
[M::process] read 106766 sequences (10000005 bp)...
[M::mem_process_seqs] Processed 107168 reads in 20.351 CPU sec, 21.388 real sec
[M::process] read 107066 sequences (10000023 bp)...
[M::mem_process_seqs] Processed 106766 reads in 20.214 CPU sec, 21.791 real sec
[M::process] read 107288 sequences (10000058 bp)...
[M::mem_process_seqs] Processed 107066 reads in 21.177 CPU sec, 21.963 real sec
[M::process] read 107080 sequences (10000055 bp)...
[M::mem_process_seqs] Processed 107288 reads in 21.528 CPU sec, 22.277 real sec
[M::process] read 104988 sequences (10000164 bp)...
[M::mem_process_seqs] Processed 107080 reads in 22.268 CPU sec, 23.611 real sec
[M::process] read 106686 sequences (10000048 bp)...
[M::mem_process_seqs] Processed 104988 reads in 18.508 CPU sec, 19.073 real sec
[M::process] read 106462 sequences (10000128 bp)...
[M::mem_process_seqs] Processed 106686 reads in 20.964 CPU sec, 21.708 real sec
[M::process] read 106830 sequences (10000175 bp)...
[M::mem_process_seqs] Processed 106462 reads in 19.848 CPU sec, 20.569 real sec
[M::process] read 106918 sequences (10000056 bp)...
[M::mem_process_seqs] Processed 106830 reads in 21.332 CPU sec, 22.214 real sec
[M::process] read 106326 sequences (10000091 bp)...
[M::mem_process_seqs] Processed 106918 reads in 19.704 CPU sec, 20.458 real sec
[M::process] read 30386 sequences (2834769 bp)...
[M::mem_process_seqs] Processed 106326 reads in 20.001 CPU sec, 20.915 real sec
[M::mem_process_seqs] Processed 30386 reads in 5.564 CPU sec, 6.190 real sec
[main] Version: 0.7.17-r1188
[main] CMD: bwa mem -L 5 -I 534.409,78.6023,1268,212 -t 1 -a -M -T 30 -A 1 -B 4 -O 6 -R @RG\tID:Aen-AHam_019-AeA01019_CKDL210012719-1a-AK7761-AK1864_HF5TCDSX2_L1_clmp_fp2_repr\tSM:Aen-AHam_019-AeA01019_CKDL210012719-1a-AK7761-AK1864_HF5TCDSX2_L1_clmp_fp2_repr\tPL:Illumina reference.rad.RAW-6-6.fasta Aen-AHam_019-AeA01019_CKDL210012719-1a-AK7761-AK1864_HF5TCDSX2_L1_clmp_fp2_repr.R1.fq.gz Aen-AHam_019-AeA01019_CKDL210012719-1a-AK7761-AK1864_HF5TCDSX2_L1_clmp_fp2_repr.R2.fq.gz
[main] Real time: 1811.985 sec; CPU: 1719.489 sec
