[M::main_mem] mean insert size: 534.409, stddev: 78.602, max: 1268, min: 212
[M::bwa_idx_load_from_disk] read 0 ALT contigs
[M::process] read 72774 sequences (10000235 bp)...
[M::process] read 72740 sequences (10000114 bp)...
[M::mem_process_seqs] Processed 72774 reads in 27.858 CPU sec, 28.342 real sec
[M::process] read 72848 sequences (10000229 bp)...
[M::mem_process_seqs] Processed 72740 reads in 26.212 CPU sec, 26.497 real sec
[M::process] read 69504 sequences (10000060 bp)...
[M::mem_process_seqs] Processed 72848 reads in 28.204 CPU sec, 28.556 real sec
[M::process] read 70770 sequences (10000089 bp)...
[M::mem_process_seqs] Processed 69504 reads in 14.425 CPU sec, 15.397 real sec
[M::process] read 72572 sequences (10000167 bp)...
[M::mem_process_seqs] Processed 70770 reads in 18.164 CPU sec, 18.512 real sec
[M::process] read 72508 sequences (10000107 bp)...
[M::mem_process_seqs] Processed 72572 reads in 25.817 CPU sec, 26.139 real sec
[M::process] read 72498 sequences (10000275 bp)...
[M::mem_process_seqs] Processed 72508 reads in 25.743 CPU sec, 25.889 real sec
[M::process] read 72462 sequences (10000096 bp)...
[M::mem_process_seqs] Processed 72498 reads in 26.253 CPU sec, 27.423 real sec
[M::process] read 72914 sequences (10000030 bp)...
[M::mem_process_seqs] Processed 72462 reads in 25.686 CPU sec, 26.080 real sec
[M::process] read 72704 sequences (10000048 bp)...
[M::mem_process_seqs] Processed 72914 reads in 28.739 CPU sec, 29.408 real sec
[M::process] read 72412 sequences (10000094 bp)...
[M::mem_process_seqs] Processed 72704 reads in 26.734 CPU sec, 27.285 real sec
[M::process] read 72778 sequences (10000050 bp)...
[M::mem_process_seqs] Processed 72412 reads in 27.770 CPU sec, 27.931 real sec
[M::process] read 72628 sequences (10000135 bp)...
[M::mem_process_seqs] Processed 72778 reads in 33.682 CPU sec, 33.946 real sec
[M::process] read 72622 sequences (10000083 bp)...
[M::mem_process_seqs] Processed 72628 reads in 25.576 CPU sec, 25.552 real sec
[M::process] read 72988 sequences (10000075 bp)...
[M::mem_process_seqs] Processed 72622 reads in 31.809 CPU sec, 32.608 real sec
[M::process] read 72254 sequences (10000183 bp)...
[M::mem_process_seqs] Processed 72988 reads in 30.440 CPU sec, 30.324 real sec
[M::process] read 72732 sequences (10000064 bp)...
[M::mem_process_seqs] Processed 72254 reads in 31.919 CPU sec, 31.641 real sec
[M::process] read 72542 sequences (10000033 bp)...
[M::mem_process_seqs] Processed 72732 reads in 27.835 CPU sec, 27.705 real sec
[M::process] read 72836 sequences (10000141 bp)...
[M::mem_process_seqs] Processed 72542 reads in 27.657 CPU sec, 27.278 real sec
[M::process] read 72708 sequences (10000127 bp)...
[M::mem_process_seqs] Processed 72836 reads in 27.699 CPU sec, 27.374 real sec
[M::process] read 71520 sequences (10000105 bp)...
[M::mem_process_seqs] Processed 72708 reads in 36.856 CPU sec, 36.470 real sec
[M::process] read 72476 sequences (10000138 bp)...
[M::mem_process_seqs] Processed 71520 reads in 19.576 CPU sec, 19.138 real sec
[M::process] read 72682 sequences (10000139 bp)...
[M::mem_process_seqs] Processed 72476 reads in 24.165 CPU sec, 23.766 real sec
[M::process] read 72580 sequences (10000267 bp)...
[M::mem_process_seqs] Processed 72682 reads in 26.849 CPU sec, 26.357 real sec
[M::process] read 72546 sequences (10000125 bp)...
[M::mem_process_seqs] Processed 72580 reads in 29.285 CPU sec, 28.736 real sec
[M::process] read 72188 sequences (10000255 bp)...
[M::mem_process_seqs] Processed 72546 reads in 27.089 CPU sec, 26.575 real sec
[M::process] read 72506 sequences (10000046 bp)...
[M::mem_process_seqs] Processed 72188 reads in 27.420 CPU sec, 26.954 real sec
[M::process] read 72528 sequences (10000149 bp)...
[M::mem_process_seqs] Processed 72506 reads in 26.402 CPU sec, 25.948 real sec
[M::process] read 72082 sequences (10000290 bp)...
[M::mem_process_seqs] Processed 72528 reads in 29.781 CPU sec, 29.247 real sec
[M::process] read 72510 sequences (10000153 bp)...
[M::mem_process_seqs] Processed 72082 reads in 35.897 CPU sec, 35.350 real sec
[M::process] read 72330 sequences (10000233 bp)...
[M::mem_process_seqs] Processed 72510 reads in 27.780 CPU sec, 27.173 real sec
[M::process] read 72272 sequences (10000224 bp)...
[M::mem_process_seqs] Processed 72330 reads in 27.205 CPU sec, 26.679 real sec
[M::process] read 72218 sequences (10000233 bp)...
[M::mem_process_seqs] Processed 72272 reads in 27.392 CPU sec, 26.888 real sec
[M::process] read 68558 sequences (10000060 bp)...
[M::mem_process_seqs] Processed 72218 reads in 25.527 CPU sec, 25.145 real sec
[M::process] read 72564 sequences (10000115 bp)...
[M::mem_process_seqs] Processed 68558 reads in 10.032 CPU sec, 9.504 real sec
[M::process] read 72420 sequences (10000013 bp)...
[M::mem_process_seqs] Processed 72564 reads in 27.806 CPU sec, 27.451 real sec
[M::process] read 72550 sequences (10000046 bp)...
[M::mem_process_seqs] Processed 72420 reads in 25.439 CPU sec, 24.887 real sec
[M::process] read 72548 sequences (10000036 bp)...
[M::mem_process_seqs] Processed 72550 reads in 24.902 CPU sec, 24.398 real sec
[M::process] read 72290 sequences (10000113 bp)...
[M::mem_process_seqs] Processed 72548 reads in 31.186 CPU sec, 30.645 real sec
[M::process] read 72632 sequences (10000212 bp)...
[M::mem_process_seqs] Processed 72290 reads in 26.085 CPU sec, 25.632 real sec
[M::process] read 72818 sequences (10000211 bp)...
[M::mem_process_seqs] Processed 72632 reads in 35.042 CPU sec, 34.559 real sec
[M::process] read 72864 sequences (10000086 bp)...
[M::mem_process_seqs] Processed 72818 reads in 27.125 CPU sec, 26.704 real sec
[M::process] read 72740 sequences (10000116 bp)...
[M::mem_process_seqs] Processed 72864 reads in 27.329 CPU sec, 26.766 real sec
[M::process] read 72562 sequences (10000024 bp)...
[M::mem_process_seqs] Processed 72740 reads in 28.808 CPU sec, 28.347 real sec
[M::process] read 72314 sequences (10000128 bp)...
[M::mem_process_seqs] Processed 72562 reads in 26.434 CPU sec, 25.886 real sec
[M::process] read 72852 sequences (10000276 bp)...
[M::mem_process_seqs] Processed 72314 reads in 35.120 CPU sec, 34.621 real sec
[M::process] read 72348 sequences (10000102 bp)...
[M::mem_process_seqs] Processed 72852 reads in 26.896 CPU sec, 26.185 real sec
[M::process] read 72642 sequences (10000234 bp)...
[M::mem_process_seqs] Processed 72348 reads in 25.955 CPU sec, 25.434 real sec
[M::process] read 72608 sequences (10000241 bp)...
[M::mem_process_seqs] Processed 72642 reads in 26.972 CPU sec, 26.438 real sec
[M::process] read 72612 sequences (10000087 bp)...
[M::mem_process_seqs] Processed 72608 reads in 30.738 CPU sec, 30.226 real sec
[M::process] read 72210 sequences (10000034 bp)...
[M::mem_process_seqs] Processed 72612 reads in 25.320 CPU sec, 24.739 real sec
[M::process] read 72562 sequences (10000056 bp)...
[M::mem_process_seqs] Processed 72210 reads in 30.524 CPU sec, 30.012 real sec
[M::process] read 72688 sequences (10000113 bp)...
[M::mem_process_seqs] Processed 72562 reads in 25.995 CPU sec, 25.387 real sec
[M::process] read 72742 sequences (10000141 bp)...
[M::mem_process_seqs] Processed 72688 reads in 28.085 CPU sec, 27.578 real sec
[M::process] read 72628 sequences (10000195 bp)...
[M::mem_process_seqs] Processed 72742 reads in 27.116 CPU sec, 26.570 real sec
[M::process] read 72604 sequences (10000077 bp)...
[M::mem_process_seqs] Processed 72628 reads in 27.228 CPU sec, 26.714 real sec
[M::process] read 72362 sequences (10000154 bp)...
[M::mem_process_seqs] Processed 72604 reads in 25.150 CPU sec, 24.597 real sec
[M::process] read 72632 sequences (10000155 bp)...
[M::mem_process_seqs] Processed 72362 reads in 27.493 CPU sec, 26.981 real sec
[M::process] read 72334 sequences (10000021 bp)...
[M::mem_process_seqs] Processed 72632 reads in 26.322 CPU sec, 25.781 real sec
[M::process] read 72696 sequences (10000174 bp)...
[M::mem_process_seqs] Processed 72334 reads in 27.428 CPU sec, 26.900 real sec
[M::process] read 72382 sequences (10000081 bp)...
[M::mem_process_seqs] Processed 72696 reads in 25.885 CPU sec, 25.333 real sec
[M::process] read 72936 sequences (10000113 bp)...
[M::mem_process_seqs] Processed 72382 reads in 29.742 CPU sec, 29.187 real sec
[M::process] read 72508 sequences (10000183 bp)...
[M::mem_process_seqs] Processed 72936 reads in 26.552 CPU sec, 25.992 real sec
[M::process] read 72552 sequences (10000097 bp)...
[M::mem_process_seqs] Processed 72508 reads in 25.960 CPU sec, 25.448 real sec
[M::process] read 72606 sequences (10000046 bp)...
[M::mem_process_seqs] Processed 72552 reads in 33.750 CPU sec, 33.148 real sec
[M::process] read 72276 sequences (10000035 bp)...
[M::mem_process_seqs] Processed 72606 reads in 33.940 CPU sec, 33.341 real sec
[M::process] read 72374 sequences (10000124 bp)...
[M::mem_process_seqs] Processed 72276 reads in 31.298 CPU sec, 30.688 real sec
[M::process] read 72558 sequences (10000015 bp)...
[M::mem_process_seqs] Processed 72374 reads in 28.175 CPU sec, 27.592 real sec
[M::process] read 72650 sequences (10000047 bp)...
[M::mem_process_seqs] Processed 72558 reads in 27.947 CPU sec, 27.396 real sec
[M::process] read 72054 sequences (10000065 bp)...
[M::mem_process_seqs] Processed 72650 reads in 28.586 CPU sec, 28.077 real sec
[M::process] read 72768 sequences (10000197 bp)...
[M::mem_process_seqs] Processed 72054 reads in 31.934 CPU sec, 31.410 real sec
[M::process] read 72726 sequences (10000003 bp)...
[M::mem_process_seqs] Processed 72768 reads in 26.301 CPU sec, 25.772 real sec
[M::process] read 72636 sequences (10000297 bp)...
[M::mem_process_seqs] Processed 72726 reads in 26.030 CPU sec, 25.498 real sec
[M::process] read 72824 sequences (10000233 bp)...
[M::mem_process_seqs] Processed 72636 reads in 25.674 CPU sec, 25.159 real sec
[M::process] read 72402 sequences (10000029 bp)...
[M::mem_process_seqs] Processed 72824 reads in 27.452 CPU sec, 26.918 real sec
[M::process] read 72720 sequences (10000161 bp)...
[M::mem_process_seqs] Processed 72402 reads in 37.566 CPU sec, 37.038 real sec
[M::process] read 72574 sequences (10000036 bp)...
[M::mem_process_seqs] Processed 72720 reads in 27.367 CPU sec, 26.736 real sec
[M::process] read 72560 sequences (10000198 bp)...
[M::mem_process_seqs] Processed 72574 reads in 28.883 CPU sec, 28.356 real sec
[M::process] read 72820 sequences (10000175 bp)...
[M::mem_process_seqs] Processed 72560 reads in 26.316 CPU sec, 25.749 real sec
[M::process] read 72572 sequences (10000003 bp)...
[M::mem_process_seqs] Processed 72820 reads in 27.221 CPU sec, 26.703 real sec
[M::process] read 72756 sequences (10000275 bp)...
[M::mem_process_seqs] Processed 72572 reads in 29.027 CPU sec, 28.486 real sec
[M::process] read 72460 sequences (10000211 bp)...
[M::mem_process_seqs] Processed 72756 reads in 26.937 CPU sec, 26.392 real sec
[M::process] read 72514 sequences (10000262 bp)...
[M::mem_process_seqs] Processed 72460 reads in 25.754 CPU sec, 25.226 real sec
[M::process] read 72848 sequences (10000144 bp)...
[M::mem_process_seqs] Processed 72514 reads in 25.600 CPU sec, 25.083 real sec
[M::process] read 72822 sequences (10000153 bp)...
[M::mem_process_seqs] Processed 72848 reads in 27.952 CPU sec, 27.433 real sec
[M::process] read 72312 sequences (10000043 bp)...
[M::mem_process_seqs] Processed 72822 reads in 25.946 CPU sec, 25.381 real sec
[M::process] read 72414 sequences (10000239 bp)...
[M::mem_process_seqs] Processed 72312 reads in 29.578 CPU sec, 29.040 real sec
[M::process] read 73086 sequences (10000135 bp)...
[M::mem_process_seqs] Processed 72414 reads in 29.267 CPU sec, 28.676 real sec
[M::process] read 72980 sequences (10000125 bp)...
[M::mem_process_seqs] Processed 73086 reads in 34.306 CPU sec, 33.732 real sec
[M::process] read 72526 sequences (10000214 bp)...
[M::mem_process_seqs] Processed 72980 reads in 25.256 CPU sec, 24.691 real sec
[M::process] read 72402 sequences (10000173 bp)...
[M::mem_process_seqs] Processed 72526 reads in 24.883 CPU sec, 24.345 real sec
[M::process] read 72822 sequences (10000189 bp)...
[M::mem_process_seqs] Processed 72402 reads in 25.345 CPU sec, 24.841 real sec
[M::process] read 72320 sequences (10000288 bp)...
[M::mem_process_seqs] Processed 72822 reads in 32.889 CPU sec, 32.390 real sec
[M::process] read 72808 sequences (10000233 bp)...
[M::mem_process_seqs] Processed 72320 reads in 31.338 CPU sec, 30.773 real sec
[M::process] read 72390 sequences (10000100 bp)...
[M::mem_process_seqs] Processed 72808 reads in 29.230 CPU sec, 28.594 real sec
[M::process] read 72468 sequences (10000281 bp)...
[M::mem_process_seqs] Processed 72390 reads in 29.359 CPU sec, 28.805 real sec
[M::process] read 72622 sequences (10000287 bp)...
[M::mem_process_seqs] Processed 72468 reads in 24.319 CPU sec, 23.709 real sec
[M::process] read 72596 sequences (10000032 bp)...
[M::mem_process_seqs] Processed 72622 reads in 27.022 CPU sec, 26.529 real sec
[M::process] read 72332 sequences (10000202 bp)...
[M::mem_process_seqs] Processed 72596 reads in 28.467 CPU sec, 27.932 real sec
[M::process] read 72746 sequences (10000244 bp)...
[M::mem_process_seqs] Processed 72332 reads in 26.962 CPU sec, 26.417 real sec
[M::process] read 72438 sequences (10000107 bp)...
[M::mem_process_seqs] Processed 72746 reads in 26.512 CPU sec, 25.976 real sec
[M::process] read 72330 sequences (10000260 bp)...
[M::mem_process_seqs] Processed 72438 reads in 26.056 CPU sec, 25.550 real sec
[M::process] read 72598 sequences (10000136 bp)...
[M::mem_process_seqs] Processed 72330 reads in 25.606 CPU sec, 25.067 real sec
[M::process] read 72764 sequences (10000159 bp)...
[M::mem_process_seqs] Processed 72598 reads in 25.940 CPU sec, 25.426 real sec
[M::process] read 70474 sequences (10000225 bp)...
[M::mem_process_seqs] Processed 72764 reads in 26.269 CPU sec, 25.762 real sec
[M::process] read 72398 sequences (10000077 bp)...
[M::mem_process_seqs] Processed 70474 reads in 19.457 CPU sec, 18.939 real sec
[M::process] read 72638 sequences (10000022 bp)...
[M::mem_process_seqs] Processed 72398 reads in 27.429 CPU sec, 26.943 real sec
[M::process] read 72586 sequences (10000249 bp)...
[M::mem_process_seqs] Processed 72638 reads in 25.779 CPU sec, 25.232 real sec
[M::process] read 72632 sequences (10000244 bp)...
[M::mem_process_seqs] Processed 72586 reads in 27.351 CPU sec, 26.820 real sec
[M::process] read 72428 sequences (10000026 bp)...
[M::mem_process_seqs] Processed 72632 reads in 27.438 CPU sec, 26.908 real sec
[M::process] read 72980 sequences (10000248 bp)...
[M::mem_process_seqs] Processed 72428 reads in 25.385 CPU sec, 24.843 real sec
[M::process] read 72352 sequences (10000017 bp)...
[M::mem_process_seqs] Processed 72980 reads in 31.364 CPU sec, 30.853 real sec
[M::process] read 72888 sequences (10000167 bp)...
[M::mem_process_seqs] Processed 72352 reads in 27.148 CPU sec, 26.566 real sec
[M::process] read 72372 sequences (10000155 bp)...
[M::mem_process_seqs] Processed 72888 reads in 25.896 CPU sec, 25.354 real sec
[M::process] read 72390 sequences (10000143 bp)...
[M::mem_process_seqs] Processed 72372 reads in 26.565 CPU sec, 26.042 real sec
[M::process] read 72330 sequences (10000182 bp)...
[M::mem_process_seqs] Processed 72390 reads in 24.031 CPU sec, 23.519 real sec
[M::process] read 72394 sequences (10000101 bp)...
[M::mem_process_seqs] Processed 72330 reads in 27.351 CPU sec, 26.826 real sec
[M::process] read 72542 sequences (10000195 bp)...
[M::mem_process_seqs] Processed 72394 reads in 28.538 CPU sec, 28.020 real sec
[M::process] read 72598 sequences (10000015 bp)...
[M::mem_process_seqs] Processed 72542 reads in 24.852 CPU sec, 24.293 real sec
[M::process] read 72580 sequences (10000198 bp)...
[M::mem_process_seqs] Processed 72598 reads in 26.034 CPU sec, 25.527 real sec
[M::process] read 72862 sequences (10000181 bp)...
[M::mem_process_seqs] Processed 72580 reads in 28.049 CPU sec, 27.510 real sec
[M::process] read 72496 sequences (10000255 bp)...
[M::mem_process_seqs] Processed 72862 reads in 25.985 CPU sec, 25.456 real sec
[M::process] read 72580 sequences (10000090 bp)...
[M::mem_process_seqs] Processed 72496 reads in 27.563 CPU sec, 27.042 real sec
[M::process] read 72792 sequences (10000193 bp)...
[M::mem_process_seqs] Processed 72580 reads in 28.147 CPU sec, 27.587 real sec
[M::process] read 72662 sequences (10000291 bp)...
[M::mem_process_seqs] Processed 72792 reads in 26.467 CPU sec, 25.906 real sec
[M::process] read 72548 sequences (10000023 bp)...
[M::mem_process_seqs] Processed 72662 reads in 25.449 CPU sec, 24.946 real sec
[M::process] read 72678 sequences (10000054 bp)...
[M::mem_process_seqs] Processed 72548 reads in 27.590 CPU sec, 27.058 real sec
[M::process] read 72666 sequences (10000175 bp)...
[M::mem_process_seqs] Processed 72678 reads in 26.246 CPU sec, 25.735 real sec
[M::process] read 72440 sequences (10000219 bp)...
[M::mem_process_seqs] Processed 72666 reads in 26.662 CPU sec, 26.115 real sec
[M::process] read 72694 sequences (10000027 bp)...
[M::mem_process_seqs] Processed 72440 reads in 24.691 CPU sec, 24.164 real sec
[M::process] read 72862 sequences (10000137 bp)...
[M::mem_process_seqs] Processed 72694 reads in 26.036 CPU sec, 25.497 real sec
[M::process] read 72676 sequences (10000183 bp)...
[M::mem_process_seqs] Processed 72862 reads in 28.339 CPU sec, 27.820 real sec
[M::process] read 72444 sequences (10000082 bp)...
[M::mem_process_seqs] Processed 72676 reads in 27.557 CPU sec, 26.991 real sec
[M::process] read 71698 sequences (10000278 bp)...
[M::mem_process_seqs] Processed 72444 reads in 25.844 CPU sec, 25.331 real sec
[M::process] read 72374 sequences (10000013 bp)...
[M::mem_process_seqs] Processed 71698 reads in 24.095 CPU sec, 23.563 real sec
[M::process] read 72478 sequences (10000207 bp)...
[M::mem_process_seqs] Processed 72374 reads in 25.349 CPU sec, 24.828 real sec
[M::process] read 72712 sequences (10000291 bp)...
[M::mem_process_seqs] Processed 72478 reads in 26.513 CPU sec, 25.971 real sec
[M::process] read 72492 sequences (10000025 bp)...
[M::mem_process_seqs] Processed 72712 reads in 25.726 CPU sec, 25.214 real sec
[M::process] read 72778 sequences (10000210 bp)...
[M::mem_process_seqs] Processed 72492 reads in 27.789 CPU sec, 27.255 real sec
[M::process] read 72644 sequences (10000266 bp)...
[M::mem_process_seqs] Processed 72778 reads in 31.878 CPU sec, 31.341 real sec
[M::process] read 72612 sequences (10000194 bp)...
[M::mem_process_seqs] Processed 72644 reads in 25.677 CPU sec, 25.089 real sec
[M::process] read 72696 sequences (10000162 bp)...
[M::mem_process_seqs] Processed 72612 reads in 26.904 CPU sec, 26.406 real sec
[M::process] read 72902 sequences (10000195 bp)...
[M::mem_process_seqs] Processed 72696 reads in 25.296 CPU sec, 24.762 real sec
[M::process] read 72514 sequences (10000082 bp)...
[M::mem_process_seqs] Processed 72902 reads in 26.557 CPU sec, 26.035 real sec
[M::process] read 72350 sequences (10000227 bp)...
[M::mem_process_seqs] Processed 72514 reads in 27.948 CPU sec, 27.395 real sec
[M::process] read 72436 sequences (10000015 bp)...
[M::mem_process_seqs] Processed 72350 reads in 29.408 CPU sec, 28.876 real sec
[M::process] read 72764 sequences (10000000 bp)...
[M::mem_process_seqs] Processed 72436 reads in 25.754 CPU sec, 25.126 real sec
[M::process] read 72452 sequences (10000278 bp)...
[M::mem_process_seqs] Processed 72764 reads in 25.913 CPU sec, 25.347 real sec
[M::process] read 72516 sequences (10000273 bp)...
[M::mem_process_seqs] Processed 72452 reads in 27.339 CPU sec, 26.800 real sec
[M::process] read 72692 sequences (10000296 bp)...
[M::mem_process_seqs] Processed 72516 reads in 27.204 CPU sec, 26.672 real sec
[M::process] read 72386 sequences (10000064 bp)...
[M::mem_process_seqs] Processed 72692 reads in 26.179 CPU sec, 25.545 real sec
[M::process] read 72540 sequences (10000192 bp)...
[M::mem_process_seqs] Processed 72386 reads in 24.371 CPU sec, 23.850 real sec
[M::process] read 72492 sequences (10000070 bp)...
[M::mem_process_seqs] Processed 72540 reads in 26.094 CPU sec, 25.512 real sec
[M::process] read 72654 sequences (10000034 bp)...
[M::mem_process_seqs] Processed 72492 reads in 23.525 CPU sec, 22.989 real sec
[M::process] read 72734 sequences (10000188 bp)...
[M::mem_process_seqs] Processed 72654 reads in 24.288 CPU sec, 23.777 real sec
[M::process] read 72584 sequences (10000031 bp)...
[M::mem_process_seqs] Processed 72734 reads in 24.900 CPU sec, 24.403 real sec
[M::process] read 16630 sequences (2401530 bp)...
[M::mem_process_seqs] Processed 72584 reads in 23.091 CPU sec, 22.667 real sec
[M::mem_process_seqs] Processed 16630 reads in 5.283 CPU sec, 5.016 real sec
[main] Version: 0.7.17-r1188
[main] CMD: bwa mem -L 5 -I 534.409,78.6023,1268,212 -t 1 -a -M -T 30 -A 1 -B 4 -O 6 -R @RG\tID:Aen-Cbat_090-AeC01090_CKDL210012719-1a-AK9144-GD06_HF5TCDSX2_L1_clmp_fp2_repr\tSM:Aen-Cbat_090-AeC01090_CKDL210012719-1a-AK9144-GD06_HF5TCDSX2_L1_clmp_fp2_repr\tPL:Illumina reference.rad.RAW-6-6.fasta Aen-Cbat_090-AeC01090_CKDL210012719-1a-AK9144-GD06_HF5TCDSX2_L1_clmp_fp2_repr.R1.fq.gz Aen-Cbat_090-AeC01090_CKDL210012719-1a-AK9144-GD06_HF5TCDSX2_L1_clmp_fp2_repr.R2.fq.gz
[main] Real time: 4215.089 sec; CPU: 4279.061 sec
