[M::main_mem] mean insert size: 534.409, stddev: 78.602, max: 1268, min: 212
[M::bwa_idx_load_from_disk] read 0 ALT contigs
[M::process] read 105562 sequences (10000038 bp)...
[M::process] read 105450 sequences (10000172 bp)...
[M::mem_process_seqs] Processed 105562 reads in 19.983 CPU sec, 19.905 real sec
[M::process] read 102170 sequences (10000216 bp)...
[M::mem_process_seqs] Processed 105450 reads in 19.996 CPU sec, 21.386 real sec
[M::process] read 76118 sequences (10000288 bp)...
[M::mem_process_seqs] Processed 102170 reads in 18.418 CPU sec, 19.227 real sec
[M::process] read 97710 sequences (10000110 bp)...
[M::mem_process_seqs] Processed 76118 reads in 6.948 CPU sec, 7.472 real sec
[M::process] read 104828 sequences (10000009 bp)...
[M::mem_process_seqs] Processed 97710 reads in 15.286 CPU sec, 16.532 real sec
[M::process] read 104450 sequences (10000229 bp)...
[M::mem_process_seqs] Processed 104828 reads in 20.169 CPU sec, 20.992 real sec
[M::process] read 104846 sequences (10000128 bp)...
[M::mem_process_seqs] Processed 104450 reads in 20.300 CPU sec, 21.728 real sec
[M::process] read 104396 sequences (10000083 bp)...
[M::mem_process_seqs] Processed 104846 reads in 21.351 CPU sec, 22.172 real sec
[M::process] read 104282 sequences (10000231 bp)...
[M::mem_process_seqs] Processed 104396 reads in 25.269 CPU sec, 28.060 real sec
[M::process] read 105214 sequences (10000004 bp)...
[M::mem_process_seqs] Processed 104282 reads in 24.825 CPU sec, 25.096 real sec
[M::process] read 104994 sequences (10000073 bp)...
[M::mem_process_seqs] Processed 105214 reads in 20.701 CPU sec, 21.912 real sec
[M::process] read 105622 sequences (10000107 bp)...
[M::mem_process_seqs] Processed 104994 reads in 21.672 CPU sec, 23.331 real sec
[M::process] read 104518 sequences (10000213 bp)...
[M::mem_process_seqs] Processed 105622 reads in 21.214 CPU sec, 21.848 real sec
[M::process] read 105344 sequences (10000059 bp)...
[M::mem_process_seqs] Processed 104518 reads in 23.333 CPU sec, 24.295 real sec
[M::process] read 103718 sequences (10000118 bp)...
[M::mem_process_seqs] Processed 105344 reads in 22.370 CPU sec, 23.630 real sec
[M::process] read 87488 sequences (10000031 bp)...
[M::mem_process_seqs] Processed 103718 reads in 20.124 CPU sec, 21.513 real sec
[M::process] read 100730 sequences (10000055 bp)...
[M::mem_process_seqs] Processed 87488 reads in 10.877 CPU sec, 11.159 real sec
[M::process] read 104182 sequences (10000024 bp)...
[M::mem_process_seqs] Processed 100730 reads in 16.888 CPU sec, 17.912 real sec
[M::process] read 105414 sequences (10000131 bp)...
[M::mem_process_seqs] Processed 104182 reads in 20.442 CPU sec, 22.016 real sec
[M::process] read 104898 sequences (10000145 bp)...
[M::mem_process_seqs] Processed 105414 reads in 20.726 CPU sec, 21.477 real sec
[M::process] read 104186 sequences (10000147 bp)...
[M::mem_process_seqs] Processed 104898 reads in 21.270 CPU sec, 21.972 real sec
[M::process] read 104598 sequences (10000238 bp)...
[M::mem_process_seqs] Processed 104186 reads in 19.690 CPU sec, 20.191 real sec
[M::process] read 104988 sequences (10000086 bp)...
[M::mem_process_seqs] Processed 104598 reads in 21.636 CPU sec, 22.209 real sec
[M::process] read 101662 sequences (10000037 bp)...
[M::mem_process_seqs] Processed 104988 reads in 21.123 CPU sec, 22.663 real sec
[M::process] read 101080 sequences (10000271 bp)...
[M::mem_process_seqs] Processed 101662 reads in 19.007 CPU sec, 21.143 real sec
[M::process] read 83180 sequences (10000080 bp)...
[M::mem_process_seqs] Processed 101080 reads in 18.825 CPU sec, 20.790 real sec
[M::process] read 104260 sequences (10000086 bp)...
[M::mem_process_seqs] Processed 83180 reads in 10.595 CPU sec, 11.777 real sec
[M::process] read 104132 sequences (10000038 bp)...
[M::mem_process_seqs] Processed 104260 reads in 19.270 CPU sec, 20.061 real sec
[M::process] read 105058 sequences (10000034 bp)...
[M::mem_process_seqs] Processed 104132 reads in 22.826 CPU sec, 24.054 real sec
[M::process] read 105224 sequences (10000121 bp)...
[M::mem_process_seqs] Processed 105058 reads in 21.152 CPU sec, 21.530 real sec
[M::process] read 104184 sequences (10000030 bp)...
[M::mem_process_seqs] Processed 105224 reads in 21.882 CPU sec, 23.311 real sec
[M::process] read 105254 sequences (10000199 bp)...
[M::mem_process_seqs] Processed 104184 reads in 19.135 CPU sec, 20.728 real sec
[M::process] read 105138 sequences (10000017 bp)...
[M::mem_process_seqs] Processed 105254 reads in 20.675 CPU sec, 21.814 real sec
[M::process] read 104368 sequences (10000076 bp)...
[M::mem_process_seqs] Processed 105138 reads in 20.285 CPU sec, 21.383 real sec
[M::process] read 105798 sequences (10000135 bp)...
[M::mem_process_seqs] Processed 104368 reads in 19.875 CPU sec, 20.874 real sec
[M::process] read 104952 sequences (10000064 bp)...
[M::mem_process_seqs] Processed 105798 reads in 20.875 CPU sec, 22.277 real sec
[M::process] read 104908 sequences (10000023 bp)...
[M::mem_process_seqs] Processed 104952 reads in 20.843 CPU sec, 22.597 real sec
[M::process] read 103312 sequences (10000076 bp)...
[M::mem_process_seqs] Processed 104908 reads in 21.400 CPU sec, 22.682 real sec
[M::process] read 104492 sequences (10000146 bp)...
[M::mem_process_seqs] Processed 103312 reads in 20.251 CPU sec, 21.896 real sec
[M::process] read 105102 sequences (10000180 bp)...
[M::mem_process_seqs] Processed 104492 reads in 21.154 CPU sec, 21.967 real sec
[M::process] read 104904 sequences (10000162 bp)...
[M::mem_process_seqs] Processed 105102 reads in 20.534 CPU sec, 21.635 real sec
[M::process] read 104322 sequences (10000096 bp)...
[M::mem_process_seqs] Processed 104904 reads in 21.340 CPU sec, 22.434 real sec
[M::process] read 104648 sequences (10000014 bp)...
[M::mem_process_seqs] Processed 104322 reads in 20.873 CPU sec, 22.599 real sec
[M::process] read 104810 sequences (10000142 bp)...
[M::mem_process_seqs] Processed 104648 reads in 21.046 CPU sec, 22.116 real sec
[M::process] read 105184 sequences (10000149 bp)...
[M::mem_process_seqs] Processed 104810 reads in 21.331 CPU sec, 22.442 real sec
[M::process] read 105626 sequences (10000025 bp)...
[M::mem_process_seqs] Processed 105184 reads in 19.655 CPU sec, 20.453 real sec
[M::process] read 104110 sequences (10000002 bp)...
[M::mem_process_seqs] Processed 105626 reads in 21.022 CPU sec, 22.123 real sec
[M::process] read 104288 sequences (10000112 bp)...
[M::mem_process_seqs] Processed 104110 reads in 22.814 CPU sec, 23.528 real sec
[M::process] read 105234 sequences (10000151 bp)...
[M::mem_process_seqs] Processed 104288 reads in 21.059 CPU sec, 22.719 real sec
[M::process] read 105192 sequences (10000184 bp)...
[M::mem_process_seqs] Processed 105234 reads in 20.916 CPU sec, 21.576 real sec
[M::process] read 105084 sequences (10000112 bp)...
[M::mem_process_seqs] Processed 105192 reads in 19.810 CPU sec, 20.363 real sec
[M::process] read 105356 sequences (10000102 bp)...
[M::mem_process_seqs] Processed 105084 reads in 20.114 CPU sec, 20.733 real sec
[M::process] read 104506 sequences (10000055 bp)...
[M::mem_process_seqs] Processed 105356 reads in 19.986 CPU sec, 22.383 real sec
[M::process] read 105256 sequences (10000164 bp)...
[M::mem_process_seqs] Processed 104506 reads in 19.804 CPU sec, 21.330 real sec
[M::process] read 104820 sequences (10000026 bp)...
[M::mem_process_seqs] Processed 105256 reads in 20.424 CPU sec, 22.406 real sec
[M::process] read 105214 sequences (10000014 bp)...
[M::mem_process_seqs] Processed 104820 reads in 21.605 CPU sec, 22.763 real sec
[M::process] read 105800 sequences (10000075 bp)...
[M::mem_process_seqs] Processed 105214 reads in 19.468 CPU sec, 20.343 real sec
[M::process] read 105006 sequences (10000096 bp)...
[M::mem_process_seqs] Processed 105800 reads in 19.935 CPU sec, 21.154 real sec
[M::process] read 105218 sequences (10000089 bp)...
[M::mem_process_seqs] Processed 105006 reads in 20.881 CPU sec, 21.492 real sec
[M::process] read 105420 sequences (10000147 bp)...
[M::mem_process_seqs] Processed 105218 reads in 21.227 CPU sec, 21.889 real sec
[M::process] read 104884 sequences (10000153 bp)...
[M::mem_process_seqs] Processed 105420 reads in 19.864 CPU sec, 20.322 real sec
[M::process] read 104226 sequences (10000244 bp)...
[M::mem_process_seqs] Processed 104884 reads in 20.243 CPU sec, 20.893 real sec
[M::process] read 105230 sequences (10000123 bp)...
[M::mem_process_seqs] Processed 104226 reads in 22.504 CPU sec, 23.957 real sec
[M::process] read 105598 sequences (10000071 bp)...
[M::mem_process_seqs] Processed 105230 reads in 20.956 CPU sec, 22.151 real sec
[M::process] read 105364 sequences (10000028 bp)...
[M::mem_process_seqs] Processed 105598 reads in 19.492 CPU sec, 20.816 real sec
[M::process] read 105178 sequences (10000080 bp)...
[M::mem_process_seqs] Processed 105364 reads in 20.939 CPU sec, 21.421 real sec
[M::process] read 105120 sequences (10000012 bp)...
[M::mem_process_seqs] Processed 105178 reads in 20.602 CPU sec, 21.307 real sec
[M::process] read 105176 sequences (10000029 bp)...
[M::mem_process_seqs] Processed 105120 reads in 22.680 CPU sec, 25.254 real sec
[M::process] read 104562 sequences (10000219 bp)...
[M::mem_process_seqs] Processed 105176 reads in 20.958 CPU sec, 22.231 real sec
[M::process] read 104382 sequences (10000032 bp)...
[M::mem_process_seqs] Processed 104562 reads in 21.063 CPU sec, 21.942 real sec
[M::process] read 104702 sequences (10000272 bp)...
[M::mem_process_seqs] Processed 104382 reads in 20.746 CPU sec, 21.815 real sec
[M::process] read 104922 sequences (10000021 bp)...
[M::mem_process_seqs] Processed 104702 reads in 20.626 CPU sec, 21.710 real sec
[M::process] read 104816 sequences (10000151 bp)...
[M::mem_process_seqs] Processed 104922 reads in 19.758 CPU sec, 21.203 real sec
[M::process] read 105220 sequences (10000095 bp)...
[M::mem_process_seqs] Processed 104816 reads in 21.700 CPU sec, 23.033 real sec
[M::process] read 104992 sequences (10000063 bp)...
[M::mem_process_seqs] Processed 105220 reads in 19.756 CPU sec, 20.249 real sec
[M::process] read 90410 sequences (10000199 bp)...
[M::mem_process_seqs] Processed 104992 reads in 22.259 CPU sec, 23.163 real sec
[M::process] read 105122 sequences (10000016 bp)...
[M::mem_process_seqs] Processed 90410 reads in 12.297 CPU sec, 12.954 real sec
[M::process] read 105204 sequences (10000010 bp)...
[M::mem_process_seqs] Processed 105122 reads in 20.268 CPU sec, 20.908 real sec
[M::process] read 105232 sequences (10000028 bp)...
[M::mem_process_seqs] Processed 105204 reads in 19.696 CPU sec, 20.757 real sec
[M::process] read 105058 sequences (10000051 bp)...
[M::mem_process_seqs] Processed 105232 reads in 19.436 CPU sec, 20.336 real sec
[M::process] read 105000 sequences (10000111 bp)...
[M::mem_process_seqs] Processed 105058 reads in 21.199 CPU sec, 22.331 real sec
[M::process] read 105538 sequences (10000131 bp)...
[M::mem_process_seqs] Processed 105000 reads in 23.016 CPU sec, 25.016 real sec
[M::process] read 103854 sequences (10000135 bp)...
[M::mem_process_seqs] Processed 105538 reads in 20.566 CPU sec, 21.636 real sec
[M::process] read 105272 sequences (10000171 bp)...
[M::mem_process_seqs] Processed 103854 reads in 20.610 CPU sec, 21.199 real sec
[M::process] read 104944 sequences (10000186 bp)...
[M::mem_process_seqs] Processed 105272 reads in 20.631 CPU sec, 21.407 real sec
[M::process] read 104360 sequences (10000155 bp)...
[M::mem_process_seqs] Processed 104944 reads in 20.552 CPU sec, 21.131 real sec
[M::process] read 105390 sequences (10000137 bp)...
[M::mem_process_seqs] Processed 104360 reads in 21.845 CPU sec, 23.128 real sec
[M::process] read 104212 sequences (10000267 bp)...
[M::mem_process_seqs] Processed 105390 reads in 20.411 CPU sec, 21.402 real sec
[M::process] read 105572 sequences (10000071 bp)...
[M::mem_process_seqs] Processed 104212 reads in 19.004 CPU sec, 19.765 real sec
[M::process] read 104048 sequences (10000129 bp)...
[M::mem_process_seqs] Processed 105572 reads in 19.846 CPU sec, 20.451 real sec
[M::process] read 105558 sequences (10000058 bp)...
[M::mem_process_seqs] Processed 104048 reads in 21.190 CPU sec, 22.416 real sec
[M::process] read 105578 sequences (10000118 bp)...
[M::mem_process_seqs] Processed 105558 reads in 20.420 CPU sec, 21.025 real sec
[M::process] read 105852 sequences (10000049 bp)...
[M::mem_process_seqs] Processed 105578 reads in 21.579 CPU sec, 22.492 real sec
[M::process] read 105524 sequences (10000076 bp)...
[M::mem_process_seqs] Processed 105852 reads in 21.690 CPU sec, 22.532 real sec
[M::process] read 105198 sequences (10000036 bp)...
[M::mem_process_seqs] Processed 105524 reads in 20.923 CPU sec, 21.633 real sec
[M::process] read 105172 sequences (10000215 bp)...
[M::mem_process_seqs] Processed 105198 reads in 20.190 CPU sec, 21.089 real sec
[M::process] read 105456 sequences (10000020 bp)...
[M::mem_process_seqs] Processed 105172 reads in 19.715 CPU sec, 21.294 real sec
[M::process] read 104938 sequences (10000094 bp)...
[M::mem_process_seqs] Processed 105456 reads in 20.299 CPU sec, 21.619 real sec
[M::process] read 104650 sequences (10000248 bp)...
[M::mem_process_seqs] Processed 104938 reads in 20.059 CPU sec, 20.966 real sec
[M::process] read 105300 sequences (10000042 bp)...
[M::mem_process_seqs] Processed 104650 reads in 21.086 CPU sec, 22.080 real sec
[M::process] read 104920 sequences (10000072 bp)...
[M::mem_process_seqs] Processed 105300 reads in 19.767 CPU sec, 21.028 real sec
[M::process] read 105150 sequences (10000035 bp)...
[M::mem_process_seqs] Processed 104920 reads in 21.268 CPU sec, 22.192 real sec
[M::process] read 104230 sequences (10000218 bp)...
[M::mem_process_seqs] Processed 105150 reads in 21.035 CPU sec, 21.539 real sec
[M::process] read 102524 sequences (10000080 bp)...
[M::mem_process_seqs] Processed 104230 reads in 20.287 CPU sec, 21.652 real sec
[M::process] read 104498 sequences (10000083 bp)...
[M::mem_process_seqs] Processed 102524 reads in 18.691 CPU sec, 19.068 real sec
[M::process] read 104366 sequences (10000007 bp)...
[M::mem_process_seqs] Processed 104498 reads in 21.945 CPU sec, 22.765 real sec
[M::process] read 105070 sequences (10000201 bp)...
[M::mem_process_seqs] Processed 104366 reads in 21.017 CPU sec, 22.695 real sec
[M::process] read 105398 sequences (10000188 bp)...
[M::mem_process_seqs] Processed 105070 reads in 20.912 CPU sec, 22.307 real sec
[M::process] read 104624 sequences (10000081 bp)...
[M::mem_process_seqs] Processed 105398 reads in 20.018 CPU sec, 21.174 real sec
[M::process] read 104594 sequences (10000021 bp)...
[M::mem_process_seqs] Processed 104624 reads in 20.665 CPU sec, 21.161 real sec
[M::process] read 46784 sequences (4455053 bp)...
[M::mem_process_seqs] Processed 104594 reads in 20.563 CPU sec, 21.864 real sec
[M::mem_process_seqs] Processed 46784 reads in 8.875 CPU sec, 9.302 real sec
[main] Version: 0.7.17-r1188
[main] CMD: bwa mem -L 5 -I 534.409,78.6023,1268,212 -t 1 -a -M -T 30 -A 1 -B 4 -O 6 -R @RG\tID:Aen-AHam_014-AeA01014_CKDL210012719-1a-AK3905-AK2587_HF5TCDSX2_L1_clmp_fp2_repr\tSM:Aen-AHam_014-AeA01014_CKDL210012719-1a-AK3905-AK2587_HF5TCDSX2_L1_clmp_fp2_repr\tPL:Illumina reference.rad.RAW-6-6.fasta Aen-AHam_014-AeA01014_CKDL210012719-1a-AK3905-AK2587_HF5TCDSX2_L1_clmp_fp2_repr.R1.fq.gz Aen-AHam_014-AeA01014_CKDL210012719-1a-AK3905-AK2587_HF5TCDSX2_L1_clmp_fp2_repr.R2.fq.gz
[main] Real time: 2385.660 sec; CPU: 2262.906 sec
