[M::main_mem] mean insert size: 534.409, stddev: 78.602, max: 1268, min: 212
[M::bwa_idx_load_from_disk] read 0 ALT contigs
[M::process] read 106158 sequences (10000065 bp)...
[M::process] read 105314 sequences (10000186 bp)...
[M::mem_process_seqs] Processed 106158 reads in 19.824 CPU sec, 19.503 real sec
[M::process] read 106292 sequences (10000089 bp)...
[M::mem_process_seqs] Processed 105314 reads in 20.106 CPU sec, 21.450 real sec
[M::process] read 105792 sequences (10000114 bp)...
[M::mem_process_seqs] Processed 106292 reads in 19.604 CPU sec, 19.898 real sec
[M::process] read 107722 sequences (10000050 bp)...
[M::mem_process_seqs] Processed 105792 reads in 18.912 CPU sec, 19.938 real sec
[M::process] read 105768 sequences (10000082 bp)...
[M::mem_process_seqs] Processed 107722 reads in 17.861 CPU sec, 18.363 real sec
[M::process] read 81532 sequences (10000087 bp)...
[M::mem_process_seqs] Processed 105768 reads in 20.184 CPU sec, 22.783 real sec
[M::process] read 77234 sequences (10000075 bp)...
[M::mem_process_seqs] Processed 81532 reads in 10.437 CPU sec, 11.278 real sec
[M::process] read 80144 sequences (10000202 bp)...
[M::mem_process_seqs] Processed 77234 reads in 6.738 CPU sec, 7.387 real sec
[M::process] read 99018 sequences (10000231 bp)...
[M::mem_process_seqs] Processed 80144 reads in 6.528 CPU sec, 6.420 real sec
[M::process] read 103998 sequences (10000152 bp)...
[M::mem_process_seqs] Processed 99018 reads in 13.628 CPU sec, 14.269 real sec
[M::process] read 106156 sequences (10000058 bp)...
[M::mem_process_seqs] Processed 103998 reads in 19.863 CPU sec, 20.841 real sec
[M::process] read 105572 sequences (10000007 bp)...
[M::mem_process_seqs] Processed 106156 reads in 20.272 CPU sec, 20.898 real sec
[M::process] read 103508 sequences (10000164 bp)...
[M::mem_process_seqs] Processed 105572 reads in 20.487 CPU sec, 21.213 real sec
[M::process] read 105194 sequences (10000040 bp)...
[M::mem_process_seqs] Processed 103508 reads in 19.323 CPU sec, 19.867 real sec
[M::process] read 104886 sequences (10000240 bp)...
[M::mem_process_seqs] Processed 105194 reads in 20.219 CPU sec, 20.883 real sec
[M::process] read 105812 sequences (10000043 bp)...
[M::mem_process_seqs] Processed 104886 reads in 22.708 CPU sec, 24.216 real sec
[M::process] read 103242 sequences (10000003 bp)...
[M::mem_process_seqs] Processed 105812 reads in 19.796 CPU sec, 20.040 real sec
[M::process] read 105312 sequences (10000058 bp)...
[M::mem_process_seqs] Processed 103242 reads in 28.402 CPU sec, 29.928 real sec
[M::process] read 105516 sequences (10000008 bp)...
[M::mem_process_seqs] Processed 105312 reads in 20.316 CPU sec, 21.663 real sec
[M::process] read 104042 sequences (10000108 bp)...
[M::mem_process_seqs] Processed 105516 reads in 21.167 CPU sec, 22.630 real sec
[M::process] read 105330 sequences (10000008 bp)...
[M::mem_process_seqs] Processed 104042 reads in 27.607 CPU sec, 28.678 real sec
[M::process] read 105248 sequences (10000146 bp)...
[M::mem_process_seqs] Processed 105330 reads in 21.003 CPU sec, 21.506 real sec
[M::process] read 105516 sequences (10000015 bp)...
[M::mem_process_seqs] Processed 105248 reads in 19.416 CPU sec, 20.454 real sec
[M::process] read 105330 sequences (10000200 bp)...
[M::mem_process_seqs] Processed 105516 reads in 22.043 CPU sec, 22.795 real sec
[M::process] read 105886 sequences (10000145 bp)...
[M::mem_process_seqs] Processed 105330 reads in 20.022 CPU sec, 20.727 real sec
[M::process] read 105462 sequences (10000071 bp)...
[M::mem_process_seqs] Processed 105886 reads in 21.468 CPU sec, 22.550 real sec
[M::process] read 104846 sequences (10000068 bp)...
[M::mem_process_seqs] Processed 105462 reads in 20.547 CPU sec, 22.114 real sec
[M::process] read 104356 sequences (10000134 bp)...
[M::mem_process_seqs] Processed 104846 reads in 22.927 CPU sec, 23.973 real sec
[M::process] read 105454 sequences (10000106 bp)...
[M::mem_process_seqs] Processed 104356 reads in 21.855 CPU sec, 24.482 real sec
[M::process] read 105464 sequences (10000086 bp)...
[M::mem_process_seqs] Processed 105454 reads in 19.807 CPU sec, 20.390 real sec
[M::process] read 106180 sequences (10000118 bp)...
[M::mem_process_seqs] Processed 105464 reads in 23.753 CPU sec, 24.976 real sec
[M::process] read 100312 sequences (10000173 bp)...
[M::mem_process_seqs] Processed 106180 reads in 19.964 CPU sec, 21.694 real sec
[M::process] read 104236 sequences (10000098 bp)...
[M::mem_process_seqs] Processed 100312 reads in 16.746 CPU sec, 18.232 real sec
[M::process] read 86574 sequences (10000014 bp)...
[M::mem_process_seqs] Processed 104236 reads in 18.897 CPU sec, 20.004 real sec
[M::process] read 81778 sequences (10000116 bp)...
[M::mem_process_seqs] Processed 86574 reads in 10.843 CPU sec, 10.939 real sec
[M::process] read 102470 sequences (10000110 bp)...
[M::mem_process_seqs] Processed 81778 reads in 6.500 CPU sec, 6.561 real sec
[M::process] read 105254 sequences (10000138 bp)...
[M::mem_process_seqs] Processed 102470 reads in 17.080 CPU sec, 18.449 real sec
[M::process] read 104182 sequences (10000115 bp)...
[M::mem_process_seqs] Processed 105254 reads in 20.206 CPU sec, 20.652 real sec
[M::process] read 105462 sequences (10000018 bp)...
[M::mem_process_seqs] Processed 104182 reads in 19.114 CPU sec, 19.452 real sec
[M::process] read 105730 sequences (10000122 bp)...
[M::mem_process_seqs] Processed 105462 reads in 20.408 CPU sec, 20.905 real sec
[M::process] read 105486 sequences (10000099 bp)...
[M::mem_process_seqs] Processed 105730 reads in 20.208 CPU sec, 21.466 real sec
[M::process] read 104300 sequences (10000029 bp)...
[M::mem_process_seqs] Processed 105486 reads in 21.618 CPU sec, 22.271 real sec
[M::process] read 106000 sequences (10000076 bp)...
[M::mem_process_seqs] Processed 104300 reads in 19.645 CPU sec, 20.423 real sec
[M::process] read 103026 sequences (10000235 bp)...
[M::mem_process_seqs] Processed 106000 reads in 20.765 CPU sec, 21.421 real sec
[M::process] read 105084 sequences (10000098 bp)...
[M::mem_process_seqs] Processed 103026 reads in 17.875 CPU sec, 19.020 real sec
[M::process] read 105212 sequences (10000010 bp)...
[M::mem_process_seqs] Processed 105084 reads in 22.156 CPU sec, 22.848 real sec
[M::process] read 105154 sequences (10000097 bp)...
[M::mem_process_seqs] Processed 105212 reads in 19.893 CPU sec, 20.916 real sec
[M::process] read 105188 sequences (10000012 bp)...
[M::mem_process_seqs] Processed 105154 reads in 20.195 CPU sec, 20.862 real sec
[M::process] read 105514 sequences (10000022 bp)...
[M::mem_process_seqs] Processed 105188 reads in 21.216 CPU sec, 22.270 real sec
[M::process] read 99812 sequences (10000162 bp)...
[M::mem_process_seqs] Processed 105514 reads in 21.360 CPU sec, 21.736 real sec
[M::process] read 103418 sequences (10000130 bp)...
[M::mem_process_seqs] Processed 99812 reads in 16.921 CPU sec, 17.266 real sec
[M::process] read 105568 sequences (10000117 bp)...
[M::mem_process_seqs] Processed 103418 reads in 18.415 CPU sec, 18.608 real sec
[M::process] read 105946 sequences (10000115 bp)...
[M::mem_process_seqs] Processed 105568 reads in 19.983 CPU sec, 20.650 real sec
[M::process] read 83792 sequences (10000049 bp)...
[M::mem_process_seqs] Processed 105946 reads in 20.396 CPU sec, 21.646 real sec
[M::process] read 76000 sequences (10000052 bp)...
[M::mem_process_seqs] Processed 83792 reads in 10.675 CPU sec, 11.411 real sec
[M::process] read 99368 sequences (10000168 bp)...
[M::mem_process_seqs] Processed 76000 reads in 6.667 CPU sec, 7.178 real sec
[M::process] read 103204 sequences (10000119 bp)...
[M::mem_process_seqs] Processed 99368 reads in 16.842 CPU sec, 17.323 real sec
[M::process] read 103296 sequences (10000002 bp)...
[M::mem_process_seqs] Processed 103204 reads in 19.170 CPU sec, 19.790 real sec
[M::process] read 105896 sequences (10000274 bp)...
[M::mem_process_seqs] Processed 103296 reads in 24.657 CPU sec, 25.799 real sec
[M::process] read 105666 sequences (10000054 bp)...
[M::mem_process_seqs] Processed 105896 reads in 21.276 CPU sec, 22.667 real sec
[M::process] read 105042 sequences (10000027 bp)...
[M::mem_process_seqs] Processed 105666 reads in 20.356 CPU sec, 21.148 real sec
[M::process] read 105106 sequences (10000082 bp)...
[M::mem_process_seqs] Processed 105042 reads in 22.650 CPU sec, 23.493 real sec
[M::process] read 105750 sequences (10000252 bp)...
[M::mem_process_seqs] Processed 105106 reads in 20.103 CPU sec, 21.088 real sec
[M::process] read 104578 sequences (10000000 bp)...
[M::mem_process_seqs] Processed 105750 reads in 22.489 CPU sec, 24.507 real sec
[M::process] read 104996 sequences (10000074 bp)...
[M::mem_process_seqs] Processed 104578 reads in 20.926 CPU sec, 21.533 real sec
[M::process] read 105328 sequences (10000003 bp)...
[M::mem_process_seqs] Processed 104996 reads in 14.807 CPU sec, 14.628 real sec
[M::process] read 105736 sequences (10000033 bp)...
[M::mem_process_seqs] Processed 105328 reads in 20.291 CPU sec, 20.720 real sec
[M::process] read 106116 sequences (10000211 bp)...
[M::mem_process_seqs] Processed 105736 reads in 19.671 CPU sec, 20.481 real sec
[M::process] read 105534 sequences (10000123 bp)...
[M::mem_process_seqs] Processed 106116 reads in 20.449 CPU sec, 20.504 real sec
[M::process] read 105322 sequences (10000076 bp)...
[M::mem_process_seqs] Processed 105534 reads in 20.444 CPU sec, 21.295 real sec
[M::process] read 104258 sequences (10000102 bp)...
[M::mem_process_seqs] Processed 105322 reads in 19.618 CPU sec, 20.525 real sec
[M::process] read 106012 sequences (10000047 bp)...
[M::mem_process_seqs] Processed 104258 reads in 20.736 CPU sec, 21.680 real sec
[M::process] read 105928 sequences (10000188 bp)...
[M::mem_process_seqs] Processed 106012 reads in 19.153 CPU sec, 20.085 real sec
[M::process] read 105654 sequences (10000020 bp)...
[M::mem_process_seqs] Processed 105928 reads in 19.396 CPU sec, 20.349 real sec
[M::process] read 105216 sequences (10000070 bp)...
[M::mem_process_seqs] Processed 105654 reads in 19.683 CPU sec, 20.701 real sec
[M::process] read 105832 sequences (10000187 bp)...
[M::mem_process_seqs] Processed 105216 reads in 20.155 CPU sec, 20.848 real sec
[M::process] read 105344 sequences (10000009 bp)...
[M::mem_process_seqs] Processed 105832 reads in 20.208 CPU sec, 21.056 real sec
[M::process] read 105624 sequences (10000132 bp)...
[M::mem_process_seqs] Processed 105344 reads in 19.916 CPU sec, 20.258 real sec
[M::process] read 101892 sequences (10000218 bp)...
[M::mem_process_seqs] Processed 105624 reads in 21.302 CPU sec, 21.559 real sec
[M::process] read 105240 sequences (10000117 bp)...
[M::mem_process_seqs] Processed 101892 reads in 18.503 CPU sec, 19.330 real sec
[M::process] read 104626 sequences (10000094 bp)...
[M::mem_process_seqs] Processed 105240 reads in 20.887 CPU sec, 21.362 real sec
[M::process] read 105272 sequences (10000065 bp)...
[M::mem_process_seqs] Processed 104626 reads in 20.548 CPU sec, 21.394 real sec
[M::process] read 105576 sequences (10000048 bp)...
[M::mem_process_seqs] Processed 105272 reads in 20.778 CPU sec, 21.003 real sec
[M::process] read 105608 sequences (10000131 bp)...
[M::mem_process_seqs] Processed 105576 reads in 20.373 CPU sec, 20.638 real sec
[M::process] read 105536 sequences (10000094 bp)...
[M::mem_process_seqs] Processed 105608 reads in 20.350 CPU sec, 21.763 real sec
[M::process] read 104292 sequences (10000085 bp)...
[M::mem_process_seqs] Processed 105536 reads in 20.971 CPU sec, 22.788 real sec
[M::process] read 104448 sequences (10000013 bp)...
[M::mem_process_seqs] Processed 104292 reads in 22.116 CPU sec, 22.745 real sec
[M::process] read 105700 sequences (10000183 bp)...
[M::mem_process_seqs] Processed 104448 reads in 19.837 CPU sec, 21.001 real sec
[M::process] read 104790 sequences (10000172 bp)...
[M::mem_process_seqs] Processed 105700 reads in 19.191 CPU sec, 20.133 real sec
[M::process] read 105300 sequences (10000094 bp)...
[M::mem_process_seqs] Processed 104790 reads in 20.816 CPU sec, 21.853 real sec
[M::process] read 105030 sequences (10000106 bp)...
[M::mem_process_seqs] Processed 105300 reads in 20.708 CPU sec, 21.275 real sec
[M::process] read 105580 sequences (10000147 bp)...
[M::mem_process_seqs] Processed 105030 reads in 20.520 CPU sec, 22.516 real sec
[M::process] read 105070 sequences (10000036 bp)...
[M::mem_process_seqs] Processed 105580 reads in 20.456 CPU sec, 21.888 real sec
[M::process] read 106230 sequences (10000177 bp)...
[M::mem_process_seqs] Processed 105070 reads in 18.223 CPU sec, 18.502 real sec
[M::process] read 105838 sequences (10000030 bp)...
[M::mem_process_seqs] Processed 106230 reads in 20.153 CPU sec, 20.347 real sec
[M::process] read 104834 sequences (10000095 bp)...
[M::mem_process_seqs] Processed 105838 reads in 19.501 CPU sec, 20.303 real sec
[M::process] read 104808 sequences (10000067 bp)...
[M::mem_process_seqs] Processed 104834 reads in 22.073 CPU sec, 22.655 real sec
[M::process] read 104770 sequences (10000147 bp)...
[M::mem_process_seqs] Processed 104808 reads in 20.092 CPU sec, 20.658 real sec
[M::process] read 102812 sequences (10000028 bp)...
[M::mem_process_seqs] Processed 104770 reads in 23.686 CPU sec, 24.478 real sec
[M::process] read 105652 sequences (10000113 bp)...
[M::mem_process_seqs] Processed 102812 reads in 19.126 CPU sec, 20.384 real sec
[M::process] read 105608 sequences (10000113 bp)...
[M::mem_process_seqs] Processed 105652 reads in 19.376 CPU sec, 20.076 real sec
[M::process] read 105812 sequences (10000225 bp)...
[M::mem_process_seqs] Processed 105608 reads in 19.829 CPU sec, 20.663 real sec
[M::process] read 106326 sequences (10000079 bp)...
[M::mem_process_seqs] Processed 105812 reads in 20.195 CPU sec, 20.813 real sec
[M::process] read 105110 sequences (10000058 bp)...
[M::mem_process_seqs] Processed 106326 reads in 19.450 CPU sec, 20.686 real sec
[M::process] read 105996 sequences (10000078 bp)...
[M::mem_process_seqs] Processed 105110 reads in 21.449 CPU sec, 23.148 real sec
[M::process] read 104846 sequences (10000088 bp)...
[M::mem_process_seqs] Processed 105996 reads in 21.288 CPU sec, 22.122 real sec
[M::process] read 105550 sequences (10000155 bp)...
[M::mem_process_seqs] Processed 104846 reads in 19.290 CPU sec, 20.149 real sec
[M::process] read 105938 sequences (10000019 bp)...
[M::mem_process_seqs] Processed 105550 reads in 18.888 CPU sec, 20.073 real sec
[M::process] read 104904 sequences (10000253 bp)...
[M::mem_process_seqs] Processed 105938 reads in 20.513 CPU sec, 21.555 real sec
[M::process] read 104608 sequences (10000138 bp)...
[M::mem_process_seqs] Processed 104904 reads in 21.605 CPU sec, 23.013 real sec
[M::process] read 105772 sequences (10000073 bp)...
[M::mem_process_seqs] Processed 104608 reads in 18.489 CPU sec, 19.146 real sec
[M::process] read 105520 sequences (10000109 bp)...
[M::mem_process_seqs] Processed 105772 reads in 20.003 CPU sec, 20.421 real sec
[M::process] read 105580 sequences (10000275 bp)...
[M::mem_process_seqs] Processed 105520 reads in 20.521 CPU sec, 21.400 real sec
[M::process] read 105306 sequences (10000142 bp)...
[M::mem_process_seqs] Processed 105580 reads in 19.895 CPU sec, 20.515 real sec
[M::process] read 105386 sequences (10000207 bp)...
[M::mem_process_seqs] Processed 105306 reads in 23.444 CPU sec, 24.460 real sec
[M::process] read 106084 sequences (10000111 bp)...
[M::mem_process_seqs] Processed 105386 reads in 19.663 CPU sec, 21.007 real sec
[M::process] read 105654 sequences (10000018 bp)...
[M::mem_process_seqs] Processed 106084 reads in 20.397 CPU sec, 21.442 real sec
[M::process] read 106042 sequences (10000045 bp)...
[M::mem_process_seqs] Processed 105654 reads in 21.526 CPU sec, 22.415 real sec
[M::process] read 105300 sequences (10000068 bp)...
[M::mem_process_seqs] Processed 106042 reads in 20.420 CPU sec, 20.942 real sec
[M::process] read 105544 sequences (10000153 bp)...
[M::mem_process_seqs] Processed 105300 reads in 21.011 CPU sec, 21.568 real sec
[M::process] read 105538 sequences (10000107 bp)...
[M::mem_process_seqs] Processed 105544 reads in 19.636 CPU sec, 20.319 real sec
[M::process] read 105614 sequences (10000137 bp)...
[M::mem_process_seqs] Processed 105538 reads in 19.072 CPU sec, 19.578 real sec
[M::process] read 105928 sequences (10000083 bp)...
[M::mem_process_seqs] Processed 105614 reads in 20.286 CPU sec, 20.155 real sec
[M::process] read 105782 sequences (10000122 bp)...
[M::mem_process_seqs] Processed 105928 reads in 18.928 CPU sec, 19.340 real sec
[M::process] read 106088 sequences (10000108 bp)...
[M::mem_process_seqs] Processed 105782 reads in 19.773 CPU sec, 19.866 real sec
[M::process] read 104922 sequences (10000203 bp)...
[M::mem_process_seqs] Processed 106088 reads in 19.922 CPU sec, 20.228 real sec
[M::process] read 105972 sequences (10000084 bp)...
[M::mem_process_seqs] Processed 104922 reads in 21.737 CPU sec, 21.911 real sec
[M::process] read 103098 sequences (10000034 bp)...
[M::mem_process_seqs] Processed 105972 reads in 19.804 CPU sec, 19.599 real sec
[M::process] read 105380 sequences (10000088 bp)...
[M::mem_process_seqs] Processed 103098 reads in 22.513 CPU sec, 22.398 real sec
[M::process] read 105822 sequences (10000073 bp)...
[M::mem_process_seqs] Processed 105380 reads in 22.916 CPU sec, 22.835 real sec
[M::process] read 106100 sequences (10000013 bp)...
[M::mem_process_seqs] Processed 105822 reads in 20.281 CPU sec, 20.155 real sec
[M::process] read 105648 sequences (10000105 bp)...
[M::mem_process_seqs] Processed 106100 reads in 20.195 CPU sec, 21.002 real sec
[M::process] read 106866 sequences (10000185 bp)...
[M::mem_process_seqs] Processed 105648 reads in 20.226 CPU sec, 21.067 real sec
[M::process] read 104940 sequences (10000095 bp)...
[M::mem_process_seqs] Processed 106866 reads in 18.802 CPU sec, 19.059 real sec
[M::process] read 105664 sequences (10000052 bp)...
[M::mem_process_seqs] Processed 104940 reads in 19.146 CPU sec, 19.077 real sec
[M::process] read 105132 sequences (10000013 bp)...
[M::mem_process_seqs] Processed 105664 reads in 19.262 CPU sec, 19.278 real sec
[M::process] read 105902 sequences (10000126 bp)...
[M::mem_process_seqs] Processed 105132 reads in 20.188 CPU sec, 20.420 real sec
[M::process] read 105992 sequences (10000083 bp)...
[M::mem_process_seqs] Processed 105902 reads in 21.069 CPU sec, 22.829 real sec
[M::process] read 105094 sequences (10000090 bp)...
[M::mem_process_seqs] Processed 105992 reads in 19.688 CPU sec, 20.649 real sec
[M::process] read 105770 sequences (10000162 bp)...
[M::mem_process_seqs] Processed 105094 reads in 23.685 CPU sec, 24.143 real sec
[M::process] read 105510 sequences (10000120 bp)...
[M::mem_process_seqs] Processed 105770 reads in 22.296 CPU sec, 22.199 real sec
[M::process] read 105162 sequences (10000233 bp)...
[M::mem_process_seqs] Processed 105510 reads in 19.661 CPU sec, 20.177 real sec
[M::process] read 104886 sequences (10000118 bp)...
[M::mem_process_seqs] Processed 105162 reads in 19.167 CPU sec, 19.729 real sec
[M::process] read 104830 sequences (10000063 bp)...
[M::mem_process_seqs] Processed 104886 reads in 21.185 CPU sec, 21.653 real sec
[M::process] read 105680 sequences (10000039 bp)...
[M::mem_process_seqs] Processed 104830 reads in 21.587 CPU sec, 22.042 real sec
[M::process] read 105158 sequences (10000005 bp)...
[M::mem_process_seqs] Processed 105680 reads in 20.751 CPU sec, 20.980 real sec
[M::process] read 105394 sequences (10000107 bp)...
[M::mem_process_seqs] Processed 105158 reads in 21.423 CPU sec, 22.510 real sec
[M::process] read 104816 sequences (10000028 bp)...
[M::mem_process_seqs] Processed 105394 reads in 20.657 CPU sec, 21.456 real sec
[M::process] read 105484 sequences (10000034 bp)...
[M::mem_process_seqs] Processed 104816 reads in 20.702 CPU sec, 21.229 real sec
[M::process] read 104754 sequences (10000145 bp)...
[M::mem_process_seqs] Processed 105484 reads in 20.148 CPU sec, 21.180 real sec
[M::process] read 105238 sequences (10000250 bp)...
[M::mem_process_seqs] Processed 104754 reads in 22.055 CPU sec, 22.436 real sec
[M::process] read 105564 sequences (10000104 bp)...
[M::mem_process_seqs] Processed 105238 reads in 19.706 CPU sec, 20.124 real sec
[M::process] read 105726 sequences (10000037 bp)...
[M::mem_process_seqs] Processed 105564 reads in 19.251 CPU sec, 19.745 real sec
[M::process] read 105238 sequences (10000077 bp)...
[M::mem_process_seqs] Processed 105726 reads in 21.045 CPU sec, 21.650 real sec
[M::process] read 105542 sequences (10000216 bp)...
[M::mem_process_seqs] Processed 105238 reads in 22.824 CPU sec, 23.103 real sec
[M::process] read 101950 sequences (10000212 bp)...
[M::mem_process_seqs] Processed 105542 reads in 20.905 CPU sec, 21.637 real sec
[M::process] read 79656 sequences (10000157 bp)...
[M::mem_process_seqs] Processed 101950 reads in 18.340 CPU sec, 18.766 real sec
[M::process] read 101842 sequences (10000021 bp)...
[M::mem_process_seqs] Processed 79656 reads in 6.818 CPU sec, 6.719 real sec
[M::process] read 106000 sequences (10000087 bp)...
[M::mem_process_seqs] Processed 101842 reads in 16.929 CPU sec, 17.479 real sec
[M::process] read 104912 sequences (10000161 bp)...
[M::mem_process_seqs] Processed 106000 reads in 20.321 CPU sec, 21.368 real sec
[M::process] read 105700 sequences (10000050 bp)...
[M::mem_process_seqs] Processed 104912 reads in 20.776 CPU sec, 22.078 real sec
[M::process] read 105748 sequences (10000046 bp)...
[M::mem_process_seqs] Processed 105700 reads in 20.079 CPU sec, 20.511 real sec
[M::process] read 105104 sequences (10000123 bp)...
[M::mem_process_seqs] Processed 105748 reads in 19.779 CPU sec, 20.639 real sec
[M::process] read 105926 sequences (10000122 bp)...
[M::mem_process_seqs] Processed 105104 reads in 20.265 CPU sec, 21.768 real sec
[M::process] read 105036 sequences (10000061 bp)...
[M::mem_process_seqs] Processed 105926 reads in 20.852 CPU sec, 20.874 real sec
[M::process] read 105850 sequences (10000247 bp)...
[M::mem_process_seqs] Processed 105036 reads in 20.696 CPU sec, 21.601 real sec
[M::process] read 104818 sequences (10000060 bp)...
[M::mem_process_seqs] Processed 105850 reads in 21.818 CPU sec, 23.851 real sec
[M::process] read 105872 sequences (10000013 bp)...
[M::mem_process_seqs] Processed 104818 reads in 21.791 CPU sec, 21.993 real sec
[M::process] read 106362 sequences (10000027 bp)...
[M::mem_process_seqs] Processed 105872 reads in 19.284 CPU sec, 19.843 real sec
[M::process] read 105238 sequences (10000029 bp)...
[M::mem_process_seqs] Processed 106362 reads in 19.644 CPU sec, 20.398 real sec
[M::process] read 104088 sequences (10000189 bp)...
[M::mem_process_seqs] Processed 105238 reads in 19.836 CPU sec, 19.959 real sec
[M::process] read 105510 sequences (10000156 bp)...
[M::mem_process_seqs] Processed 104088 reads in 20.091 CPU sec, 21.055 real sec
[M::process] read 105296 sequences (10000032 bp)...
[M::mem_process_seqs] Processed 105510 reads in 22.513 CPU sec, 22.544 real sec
[M::process] read 105952 sequences (10000218 bp)...
[M::mem_process_seqs] Processed 105296 reads in 20.241 CPU sec, 21.148 real sec
[M::process] read 105326 sequences (10000100 bp)...
[M::mem_process_seqs] Processed 105952 reads in 20.559 CPU sec, 21.242 real sec
[M::process] read 105030 sequences (10000050 bp)...
[M::mem_process_seqs] Processed 105326 reads in 20.465 CPU sec, 21.268 real sec
[M::process] read 104064 sequences (10000019 bp)...
[M::mem_process_seqs] Processed 105030 reads in 19.810 CPU sec, 20.084 real sec
[M::process] read 105420 sequences (10000124 bp)...
[M::mem_process_seqs] Processed 104064 reads in 23.881 CPU sec, 24.850 real sec
[M::process] read 106064 sequences (10000252 bp)...
[M::mem_process_seqs] Processed 105420 reads in 20.343 CPU sec, 21.029 real sec
[M::process] read 105488 sequences (10000045 bp)...
[M::mem_process_seqs] Processed 106064 reads in 18.739 CPU sec, 19.086 real sec
[M::process] read 105014 sequences (10000011 bp)...
[M::mem_process_seqs] Processed 105488 reads in 20.404 CPU sec, 21.934 real sec
[M::process] read 103654 sequences (10000086 bp)...
[M::mem_process_seqs] Processed 105014 reads in 20.130 CPU sec, 20.386 real sec
[M::process] read 105874 sequences (10000280 bp)...
[M::mem_process_seqs] Processed 103654 reads in 18.015 CPU sec, 19.078 real sec
[M::process] read 105844 sequences (10000097 bp)...
[M::mem_process_seqs] Processed 105874 reads in 19.516 CPU sec, 19.996 real sec
[M::process] read 103368 sequences (10000088 bp)...
[M::mem_process_seqs] Processed 105844 reads in 19.831 CPU sec, 19.918 real sec
[M::process] read 104650 sequences (10000096 bp)...
[M::mem_process_seqs] Processed 103368 reads in 19.815 CPU sec, 20.486 real sec
[M::process] read 106052 sequences (10000143 bp)...
[M::mem_process_seqs] Processed 104650 reads in 22.024 CPU sec, 22.879 real sec
[M::process] read 106220 sequences (10000069 bp)...
[M::mem_process_seqs] Processed 106052 reads in 20.130 CPU sec, 20.766 real sec
[M::process] read 105818 sequences (10000083 bp)...
[M::mem_process_seqs] Processed 106220 reads in 20.274 CPU sec, 21.198 real sec
[M::process] read 106088 sequences (10000024 bp)...
[M::mem_process_seqs] Processed 105818 reads in 19.935 CPU sec, 21.127 real sec
[M::process] read 104572 sequences (10000028 bp)...
[M::mem_process_seqs] Processed 106088 reads in 20.129 CPU sec, 20.843 real sec
[M::process] read 106794 sequences (10000093 bp)...
[M::mem_process_seqs] Processed 104572 reads in 19.704 CPU sec, 20.405 real sec
[M::process] read 106106 sequences (10000172 bp)...
[M::mem_process_seqs] Processed 106794 reads in 21.008 CPU sec, 20.913 real sec
[M::process] read 105498 sequences (10000047 bp)...
[M::mem_process_seqs] Processed 106106 reads in 21.468 CPU sec, 21.752 real sec
[M::process] read 105760 sequences (10000004 bp)...
[M::mem_process_seqs] Processed 105498 reads in 20.858 CPU sec, 21.084 real sec
[M::process] read 106100 sequences (10000041 bp)...
[M::mem_process_seqs] Processed 105760 reads in 20.905 CPU sec, 21.165 real sec
[M::process] read 105574 sequences (10000069 bp)...
[M::mem_process_seqs] Processed 106100 reads in 21.495 CPU sec, 22.147 real sec
[M::process] read 105098 sequences (10000215 bp)...
[M::mem_process_seqs] Processed 105574 reads in 19.709 CPU sec, 20.639 real sec
[M::process] read 105750 sequences (10000111 bp)...
[M::mem_process_seqs] Processed 105098 reads in 19.568 CPU sec, 19.942 real sec
[M::process] read 105434 sequences (10000135 bp)...
[M::mem_process_seqs] Processed 105750 reads in 19.902 CPU sec, 20.342 real sec
[M::process] read 105220 sequences (10000158 bp)...
[M::mem_process_seqs] Processed 105434 reads in 20.393 CPU sec, 21.419 real sec
[M::process] read 105014 sequences (10000017 bp)...
[M::mem_process_seqs] Processed 105220 reads in 21.360 CPU sec, 21.667 real sec
[M::process] read 105070 sequences (10000069 bp)...
[M::mem_process_seqs] Processed 105014 reads in 20.871 CPU sec, 21.366 real sec
[M::process] read 105020 sequences (10000254 bp)...
[M::mem_process_seqs] Processed 105070 reads in 21.349 CPU sec, 22.595 real sec
[M::process] read 106306 sequences (10000151 bp)...
[M::mem_process_seqs] Processed 105020 reads in 20.952 CPU sec, 21.643 real sec
[M::process] read 106038 sequences (10000098 bp)...
[M::mem_process_seqs] Processed 106306 reads in 19.528 CPU sec, 19.921 real sec
[M::process] read 105340 sequences (10000091 bp)...
[M::mem_process_seqs] Processed 106038 reads in 20.970 CPU sec, 21.661 real sec
[M::process] read 105354 sequences (10000122 bp)...
[M::mem_process_seqs] Processed 105340 reads in 21.512 CPU sec, 22.859 real sec
[M::process] read 105074 sequences (10000180 bp)...
[M::mem_process_seqs] Processed 105354 reads in 19.962 CPU sec, 20.635 real sec
[M::process] read 105930 sequences (10000038 bp)...
[M::mem_process_seqs] Processed 105074 reads in 22.673 CPU sec, 22.868 real sec
[M::process] read 105690 sequences (10000089 bp)...
[M::mem_process_seqs] Processed 105930 reads in 20.422 CPU sec, 21.675 real sec
[M::process] read 104970 sequences (10000160 bp)...
[M::mem_process_seqs] Processed 105690 reads in 19.819 CPU sec, 20.822 real sec
[M::process] read 97374 sequences (10000105 bp)...
[M::mem_process_seqs] Processed 104970 reads in 20.398 CPU sec, 20.934 real sec
[M::process] read 106106 sequences (10000108 bp)...
[M::mem_process_seqs] Processed 97374 reads in 16.042 CPU sec, 17.442 real sec
[M::process] read 104764 sequences (10000128 bp)...
[M::mem_process_seqs] Processed 106106 reads in 19.924 CPU sec, 20.270 real sec
[M::process] read 105094 sequences (10000108 bp)...
[M::mem_process_seqs] Processed 104764 reads in 19.509 CPU sec, 20.484 real sec
[M::process] read 104402 sequences (10000041 bp)...
[M::mem_process_seqs] Processed 105094 reads in 21.763 CPU sec, 23.428 real sec
[M::process] read 104596 sequences (10000027 bp)...
[M::mem_process_seqs] Processed 104402 reads in 22.418 CPU sec, 23.320 real sec
[M::process] read 105894 sequences (10000152 bp)...
[M::mem_process_seqs] Processed 104596 reads in 20.935 CPU sec, 21.105 real sec
[M::process] read 105382 sequences (10000072 bp)...
[M::mem_process_seqs] Processed 105894 reads in 20.259 CPU sec, 21.205 real sec
[M::process] read 105788 sequences (10000143 bp)...
[M::mem_process_seqs] Processed 105382 reads in 22.188 CPU sec, 23.257 real sec
[M::process] read 105386 sequences (10000091 bp)...
[M::mem_process_seqs] Processed 105788 reads in 20.037 CPU sec, 20.583 real sec
[M::process] read 106138 sequences (10000066 bp)...
[M::mem_process_seqs] Processed 105386 reads in 19.180 CPU sec, 20.032 real sec
[M::process] read 104514 sequences (10000017 bp)...
[M::mem_process_seqs] Processed 106138 reads in 19.973 CPU sec, 20.264 real sec
[M::process] read 105152 sequences (10000116 bp)...
[M::mem_process_seqs] Processed 104514 reads in 21.425 CPU sec, 21.721 real sec
[M::process] read 105312 sequences (10000182 bp)...
[M::mem_process_seqs] Processed 105152 reads in 19.327 CPU sec, 19.356 real sec
[M::process] read 104838 sequences (10000071 bp)...
[M::mem_process_seqs] Processed 105312 reads in 20.001 CPU sec, 20.829 real sec
[M::process] read 69264 sequences (6584999 bp)...
[M::mem_process_seqs] Processed 104838 reads in 22.235 CPU sec, 23.698 real sec
[M::mem_process_seqs] Processed 69264 reads in 14.002 CPU sec, 14.580 real sec
[main] Version: 0.7.17-r1188
[main] CMD: bwa mem -L 5 -I 534.409,78.6023,1268,212 -t 1 -a -M -T 30 -A 1 -B 4 -O 6 -R @RG\tID:Aen-AHam_007-AeA01007_CKDL210012719-1a-AK9141-GC12_HF5TCDSX2_L1_clmp_fp2_repr\tSM:Aen-AHam_007-AeA01007_CKDL210012719-1a-AK9141-GC12_HF5TCDSX2_L1_clmp_fp2_repr\tPL:Illumina reference.rad.RAW-6-6.fasta Aen-AHam_007-AeA01007_CKDL210012719-1a-AK9141-GC12_HF5TCDSX2_L1_clmp_fp2_repr.R1.fq.gz Aen-AHam_007-AeA01007_CKDL210012719-1a-AK9141-GC12_HF5TCDSX2_L1_clmp_fp2_repr.R2.fq.gz
[main] Real time: 4734.475 sec; CPU: 4564.298 sec
