[M::main_mem] mean insert size: 534.409, stddev: 78.602, max: 1268, min: 212
[M::bwa_idx_load_from_disk] read 0 ALT contigs
[M::process] read 99922 sequences (10000103 bp)...
[M::process] read 99628 sequences (10000199 bp)...
[M::mem_process_seqs] Processed 99922 reads in 19.760 CPU sec, 20.975 real sec
[M::process] read 100182 sequences (10000060 bp)...
[M::mem_process_seqs] Processed 99628 reads in 20.131 CPU sec, 20.700 real sec
[M::process] read 99908 sequences (10000158 bp)...
[M::mem_process_seqs] Processed 100182 reads in 21.047 CPU sec, 22.385 real sec
[M::process] read 100060 sequences (10000074 bp)...
[M::mem_process_seqs] Processed 99908 reads in 19.971 CPU sec, 20.246 real sec
[M::process] read 101994 sequences (10000121 bp)...
[M::mem_process_seqs] Processed 100060 reads in 20.471 CPU sec, 21.795 real sec
[M::process] read 100054 sequences (10000013 bp)...
[M::mem_process_seqs] Processed 101994 reads in 18.385 CPU sec, 18.238 real sec
[M::process] read 88114 sequences (10000253 bp)...
[M::mem_process_seqs] Processed 100054 reads in 20.793 CPU sec, 21.693 real sec
[M::process] read 76078 sequences (10000138 bp)...
[M::mem_process_seqs] Processed 88114 reads in 11.670 CPU sec, 11.826 real sec
[M::process] read 74288 sequences (10000160 bp)...
[M::mem_process_seqs] Processed 76078 reads in 6.774 CPU sec, 6.835 real sec
[M::process] read 80244 sequences (10000262 bp)...
[M::mem_process_seqs] Processed 74288 reads in 6.739 CPU sec, 7.225 real sec
[M::process] read 98872 sequences (10000054 bp)...
[M::mem_process_seqs] Processed 80244 reads in 6.638 CPU sec, 7.105 real sec
[M::process] read 98352 sequences (10000147 bp)...
[M::mem_process_seqs] Processed 98872 reads in 20.075 CPU sec, 20.871 real sec
[M::process] read 99976 sequences (10000135 bp)...
[M::mem_process_seqs] Processed 98352 reads in 20.808 CPU sec, 22.072 real sec
[M::process] read 99656 sequences (10000021 bp)...
[M::mem_process_seqs] Processed 99976 reads in 20.088 CPU sec, 21.379 real sec
[M::process] read 98372 sequences (10000101 bp)...
[M::mem_process_seqs] Processed 99656 reads in 20.423 CPU sec, 21.464 real sec
[M::process] read 99656 sequences (10000092 bp)...
[M::mem_process_seqs] Processed 98372 reads in 19.371 CPU sec, 20.196 real sec
[M::process] read 99502 sequences (10000026 bp)...
[M::mem_process_seqs] Processed 99656 reads in 20.322 CPU sec, 20.778 real sec
[M::process] read 99690 sequences (10000037 bp)...
[M::mem_process_seqs] Processed 99502 reads in 22.419 CPU sec, 22.868 real sec
[M::process] read 99892 sequences (10000111 bp)...
[M::mem_process_seqs] Processed 99690 reads in 19.432 CPU sec, 19.882 real sec
[M::process] read 97986 sequences (10000050 bp)...
[M::mem_process_seqs] Processed 99892 reads in 19.606 CPU sec, 20.311 real sec
[M::process] read 99564 sequences (10000075 bp)...
[M::mem_process_seqs] Processed 97986 reads in 30.033 CPU sec, 30.772 real sec
[M::process] read 99764 sequences (10000003 bp)...
[M::mem_process_seqs] Processed 99564 reads in 20.901 CPU sec, 22.857 real sec
[M::process] read 98428 sequences (10000024 bp)...
[M::mem_process_seqs] Processed 99764 reads in 20.333 CPU sec, 21.439 real sec
[M::process] read 100268 sequences (10000083 bp)...
[M::mem_process_seqs] Processed 98428 reads in 27.793 CPU sec, 30.097 real sec
[M::process] read 99594 sequences (10000207 bp)...
[M::mem_process_seqs] Processed 100268 reads in 19.159 CPU sec, 20.518 real sec
[M::process] read 99700 sequences (10000078 bp)...
[M::mem_process_seqs] Processed 99594 reads in 21.415 CPU sec, 22.629 real sec
[M::process] read 99654 sequences (10000184 bp)...
[M::mem_process_seqs] Processed 99700 reads in 20.044 CPU sec, 20.469 real sec
[M::process] read 100112 sequences (10000190 bp)...
[M::mem_process_seqs] Processed 99654 reads in 22.048 CPU sec, 23.219 real sec
[M::process] read 100218 sequences (10000001 bp)...
[M::mem_process_seqs] Processed 100112 reads in 19.560 CPU sec, 20.521 real sec
[M::process] read 99788 sequences (10000021 bp)...
[M::mem_process_seqs] Processed 100218 reads in 21.372 CPU sec, 22.841 real sec
[M::process] read 100054 sequences (10000121 bp)...
[M::mem_process_seqs] Processed 99788 reads in 20.404 CPU sec, 21.376 real sec
[M::process] read 98266 sequences (10000022 bp)...
[M::mem_process_seqs] Processed 100054 reads in 19.953 CPU sec, 21.639 real sec
[M::process] read 99746 sequences (10000014 bp)...
[M::mem_process_seqs] Processed 98266 reads in 25.413 CPU sec, 26.455 real sec
[M::process] read 99778 sequences (10000060 bp)...
[M::mem_process_seqs] Processed 99746 reads in 20.830 CPU sec, 22.750 real sec
[M::process] read 99752 sequences (10000186 bp)...
[M::mem_process_seqs] Processed 99778 reads in 19.860 CPU sec, 21.306 real sec
[M::process] read 99946 sequences (10000026 bp)...
[M::mem_process_seqs] Processed 99752 reads in 23.734 CPU sec, 24.775 real sec
[M::process] read 100320 sequences (10000227 bp)...
[M::mem_process_seqs] Processed 99946 reads in 20.359 CPU sec, 21.433 real sec
[M::process] read 93728 sequences (10000201 bp)...
[M::mem_process_seqs] Processed 100320 reads in 19.747 CPU sec, 20.318 real sec
[M::process] read 95958 sequences (10000004 bp)...
[M::mem_process_seqs] Processed 93728 reads in 14.876 CPU sec, 15.628 real sec
[M::process] read 78548 sequences (10000231 bp)...
[M::mem_process_seqs] Processed 95958 reads in 16.838 CPU sec, 18.260 real sec
[M::process] read 88680 sequences (10000104 bp)...
[M::mem_process_seqs] Processed 78548 reads in 6.611 CPU sec, 6.725 real sec
[M::process] read 99570 sequences (10000120 bp)...
[M::mem_process_seqs] Processed 88680 reads in 9.790 CPU sec, 10.328 real sec
[M::process] read 99366 sequences (10000143 bp)...
[M::mem_process_seqs] Processed 99570 reads in 19.334 CPU sec, 19.637 real sec
[M::process] read 99802 sequences (10000109 bp)...
[M::mem_process_seqs] Processed 99366 reads in 19.620 CPU sec, 20.621 real sec
[M::process] read 98530 sequences (10000220 bp)...
[M::mem_process_seqs] Processed 99802 reads in 21.816 CPU sec, 23.186 real sec
[M::process] read 99588 sequences (10000036 bp)...
[M::mem_process_seqs] Processed 98530 reads in 18.477 CPU sec, 18.817 real sec
[M::process] read 99774 sequences (10000231 bp)...
[M::mem_process_seqs] Processed 99588 reads in 19.629 CPU sec, 21.256 real sec
[M::process] read 99794 sequences (10000185 bp)...
[M::mem_process_seqs] Processed 99774 reads in 21.116 CPU sec, 22.603 real sec
[M::process] read 99014 sequences (10000077 bp)...
[M::mem_process_seqs] Processed 99794 reads in 21.077 CPU sec, 22.161 real sec
[M::process] read 100096 sequences (10000040 bp)...
[M::mem_process_seqs] Processed 99014 reads in 18.809 CPU sec, 20.524 real sec
[M::process] read 100240 sequences (10000004 bp)...
[M::mem_process_seqs] Processed 100096 reads in 20.867 CPU sec, 21.302 real sec
[M::process] read 98312 sequences (10000085 bp)...
[M::mem_process_seqs] Processed 100240 reads in 19.147 CPU sec, 20.344 real sec
[M::process] read 99354 sequences (10000122 bp)...
[M::mem_process_seqs] Processed 98312 reads in 19.138 CPU sec, 20.321 real sec
[M::process] read 99434 sequences (10000129 bp)...
[M::mem_process_seqs] Processed 99354 reads in 23.592 CPU sec, 24.499 real sec
[M::process] read 99174 sequences (10000052 bp)...
[M::mem_process_seqs] Processed 99434 reads in 20.590 CPU sec, 21.443 real sec
[M::process] read 99816 sequences (10000083 bp)...
[M::mem_process_seqs] Processed 99174 reads in 20.624 CPU sec, 20.866 real sec
[M::process] read 100040 sequences (10000046 bp)...
[M::mem_process_seqs] Processed 99816 reads in 20.697 CPU sec, 21.583 real sec
[M::process] read 95354 sequences (10000139 bp)...
[M::mem_process_seqs] Processed 100040 reads in 21.502 CPU sec, 23.035 real sec
[M::process] read 98476 sequences (10000130 bp)...
[M::mem_process_seqs] Processed 95354 reads in 16.672 CPU sec, 17.805 real sec
[M::process] read 100028 sequences (10000089 bp)...
[M::mem_process_seqs] Processed 98476 reads in 19.399 CPU sec, 22.387 real sec
[M::process] read 99890 sequences (10000040 bp)...
[M::mem_process_seqs] Processed 100028 reads in 19.936 CPU sec, 21.144 real sec
[M::process] read 100418 sequences (10000035 bp)...
[M::mem_process_seqs] Processed 99890 reads in 20.599 CPU sec, 21.072 real sec
[M::process] read 76936 sequences (10000177 bp)...
[M::mem_process_seqs] Processed 100418 reads in 20.081 CPU sec, 21.569 real sec
[M::process] read 74594 sequences (10000201 bp)...
[M::mem_process_seqs] Processed 76936 reads in 8.023 CPU sec, 8.572 real sec
[M::process] read 96124 sequences (10000147 bp)...
[M::mem_process_seqs] Processed 74594 reads in 6.488 CPU sec, 6.646 real sec
[M::process] read 96802 sequences (10000042 bp)...
[M::mem_process_seqs] Processed 96124 reads in 17.038 CPU sec, 17.248 real sec
[M::process] read 98928 sequences (10000201 bp)...
[M::mem_process_seqs] Processed 96802 reads in 19.654 CPU sec, 20.630 real sec
[M::process] read 99272 sequences (10000039 bp)...
[M::mem_process_seqs] Processed 98928 reads in 26.683 CPU sec, 28.479 real sec
[M::process] read 100086 sequences (10000062 bp)...
[M::mem_process_seqs] Processed 99272 reads in 19.611 CPU sec, 20.543 real sec
[M::process] read 99906 sequences (10000171 bp)...
[M::mem_process_seqs] Processed 100086 reads in 20.104 CPU sec, 20.206 real sec
[M::process] read 99614 sequences (10000122 bp)...
[M::mem_process_seqs] Processed 99906 reads in 20.278 CPU sec, 21.192 real sec
[M::process] read 99382 sequences (10000083 bp)...
[M::mem_process_seqs] Processed 99614 reads in 22.739 CPU sec, 24.060 real sec
[M::process] read 100208 sequences (10000184 bp)...
[M::mem_process_seqs] Processed 99382 reads in 21.367 CPU sec, 22.291 real sec
[M::process] read 99742 sequences (10000101 bp)...
[M::mem_process_seqs] Processed 100208 reads in 21.129 CPU sec, 22.088 real sec
[M::process] read 99230 sequences (10000170 bp)...
[M::mem_process_seqs] Processed 99742 reads in 20.966 CPU sec, 22.157 real sec
[M::process] read 100788 sequences (10000124 bp)...
[M::mem_process_seqs] Processed 99230 reads in 18.948 CPU sec, 19.473 real sec
[M::process] read 99900 sequences (10000046 bp)...
[M::mem_process_seqs] Processed 100788 reads in 17.932 CPU sec, 18.284 real sec
[M::process] read 100064 sequences (10000005 bp)...
[M::mem_process_seqs] Processed 99900 reads in 20.562 CPU sec, 20.939 real sec
[M::process] read 100094 sequences (10000025 bp)...
[M::mem_process_seqs] Processed 100064 reads in 19.233 CPU sec, 19.854 real sec
[M::process] read 99702 sequences (10000042 bp)...
[M::mem_process_seqs] Processed 100094 reads in 19.567 CPU sec, 20.344 real sec
[M::process] read 99414 sequences (10000025 bp)...
[M::mem_process_seqs] Processed 99702 reads in 21.642 CPU sec, 22.479 real sec
[M::process] read 100166 sequences (10000048 bp)...
[M::mem_process_seqs] Processed 99414 reads in 19.576 CPU sec, 20.294 real sec
[M::process] read 98674 sequences (10000291 bp)...
[M::mem_process_seqs] Processed 100166 reads in 21.703 CPU sec, 22.714 real sec
[M::process] read 100254 sequences (10000120 bp)...
[M::mem_process_seqs] Processed 98674 reads in 18.552 CPU sec, 19.920 real sec
[M::process] read 99992 sequences (10000082 bp)...
[M::mem_process_seqs] Processed 100254 reads in 19.585 CPU sec, 20.455 real sec
[M::process] read 100180 sequences (10000077 bp)...
[M::mem_process_seqs] Processed 99992 reads in 20.135 CPU sec, 21.760 real sec
[M::process] read 98984 sequences (10000227 bp)...
[M::mem_process_seqs] Processed 100180 reads in 19.521 CPU sec, 20.009 real sec
[M::process] read 99470 sequences (10000176 bp)...
[M::mem_process_seqs] Processed 98984 reads in 21.777 CPU sec, 22.274 real sec
[M::process] read 99624 sequences (10000222 bp)...
[M::mem_process_seqs] Processed 99470 reads in 19.379 CPU sec, 19.809 real sec
[M::process] read 100234 sequences (10000236 bp)...
[M::mem_process_seqs] Processed 99624 reads in 20.416 CPU sec, 21.606 real sec
[M::process] read 99828 sequences (10000116 bp)...
[M::mem_process_seqs] Processed 100234 reads in 19.871 CPU sec, 20.615 real sec
[M::process] read 97452 sequences (10000049 bp)...
[M::mem_process_seqs] Processed 99828 reads in 20.971 CPU sec, 21.783 real sec
[M::process] read 99324 sequences (10000019 bp)...
[M::mem_process_seqs] Processed 97452 reads in 20.557 CPU sec, 21.840 real sec
[M::process] read 99408 sequences (10000104 bp)...
[M::mem_process_seqs] Processed 99324 reads in 21.697 CPU sec, 22.199 real sec
[M::process] read 99316 sequences (10000019 bp)...
[M::mem_process_seqs] Processed 99408 reads in 20.505 CPU sec, 21.037 real sec
[M::process] read 100222 sequences (10000007 bp)...
[M::mem_process_seqs] Processed 99316 reads in 20.780 CPU sec, 21.794 real sec
[M::process] read 99688 sequences (10000123 bp)...
[M::mem_process_seqs] Processed 100222 reads in 19.583 CPU sec, 20.074 real sec
[M::process] read 99590 sequences (10000010 bp)...
[M::mem_process_seqs] Processed 99688 reads in 20.200 CPU sec, 21.798 real sec
[M::process] read 99530 sequences (10000187 bp)...
[M::mem_process_seqs] Processed 99590 reads in 21.005 CPU sec, 21.267 real sec
[M::process] read 99502 sequences (10000043 bp)...
[M::mem_process_seqs] Processed 99530 reads in 21.711 CPU sec, 23.115 real sec
[M::process] read 98138 sequences (10000299 bp)...
[M::mem_process_seqs] Processed 99502 reads in 19.799 CPU sec, 20.789 real sec
[M::process] read 99672 sequences (10000009 bp)...
[M::mem_process_seqs] Processed 98138 reads in 22.520 CPU sec, 23.596 real sec
[M::process] read 99554 sequences (10000176 bp)...
[M::mem_process_seqs] Processed 99672 reads in 21.150 CPU sec, 22.267 real sec
[M::process] read 99682 sequences (10000225 bp)...
[M::mem_process_seqs] Processed 99554 reads in 20.520 CPU sec, 21.837 real sec
[M::process] read 99524 sequences (10000077 bp)...
[M::mem_process_seqs] Processed 99682 reads in 21.961 CPU sec, 22.165 real sec
[M::process] read 99208 sequences (10000147 bp)...
[M::mem_process_seqs] Processed 99524 reads in 20.035 CPU sec, 21.296 real sec
[M::process] read 99652 sequences (10000077 bp)...
[M::mem_process_seqs] Processed 99208 reads in 21.957 CPU sec, 22.318 real sec
[M::process] read 98920 sequences (10000080 bp)...
[M::mem_process_seqs] Processed 99652 reads in 21.428 CPU sec, 21.471 real sec
[M::process] read 100258 sequences (10000020 bp)...
[M::mem_process_seqs] Processed 98920 reads in 19.868 CPU sec, 19.862 real sec
[M::process] read 100080 sequences (10000098 bp)...
[M::mem_process_seqs] Processed 100258 reads in 21.090 CPU sec, 21.766 real sec
[M::process] read 100400 sequences (10000051 bp)...
[M::mem_process_seqs] Processed 100080 reads in 20.014 CPU sec, 20.001 real sec
[M::process] read 99698 sequences (10000079 bp)...
[M::mem_process_seqs] Processed 100400 reads in 19.504 CPU sec, 19.536 real sec
[M::process] read 98944 sequences (10000126 bp)...
[M::mem_process_seqs] Processed 99698 reads in 21.299 CPU sec, 21.638 real sec
[M::process] read 99146 sequences (10000023 bp)...
[M::mem_process_seqs] Processed 98944 reads in 21.001 CPU sec, 21.230 real sec
[M::process] read 97926 sequences (10000175 bp)...
[M::mem_process_seqs] Processed 99146 reads in 24.443 CPU sec, 24.815 real sec
[M::process] read 100142 sequences (10000036 bp)...
[M::mem_process_seqs] Processed 97926 reads in 21.530 CPU sec, 21.961 real sec
[M::process] read 99914 sequences (10000031 bp)...
[M::mem_process_seqs] Processed 100142 reads in 19.391 CPU sec, 19.886 real sec
[M::process] read 99478 sequences (10000031 bp)...
[M::mem_process_seqs] Processed 99914 reads in 19.524 CPU sec, 20.455 real sec
[M::process] read 99960 sequences (10000192 bp)...
[M::mem_process_seqs] Processed 99478 reads in 19.687 CPU sec, 20.339 real sec
[M::process] read 100600 sequences (10000007 bp)...
[M::mem_process_seqs] Processed 99960 reads in 20.099 CPU sec, 20.687 real sec
[M::process] read 99806 sequences (10000121 bp)...
[M::mem_process_seqs] Processed 100600 reads in 19.842 CPU sec, 19.721 real sec
[M::process] read 99688 sequences (10000133 bp)...
[M::mem_process_seqs] Processed 99806 reads in 20.423 CPU sec, 20.832 real sec
[M::process] read 99838 sequences (10000194 bp)...
[M::mem_process_seqs] Processed 99688 reads in 21.962 CPU sec, 21.918 real sec
[M::process] read 99606 sequences (10000134 bp)...
[M::mem_process_seqs] Processed 99838 reads in 19.008 CPU sec, 19.387 real sec
[M::process] read 99972 sequences (10000083 bp)...
[M::mem_process_seqs] Processed 99606 reads in 19.816 CPU sec, 20.080 real sec
[M::process] read 100120 sequences (10000121 bp)...
[M::mem_process_seqs] Processed 99972 reads in 19.148 CPU sec, 20.115 real sec
[M::process] read 99762 sequences (10000023 bp)...
[M::mem_process_seqs] Processed 100120 reads in 19.265 CPU sec, 19.663 real sec
[M::process] read 99406 sequences (10000135 bp)...
[M::mem_process_seqs] Processed 99762 reads in 19.665 CPU sec, 20.283 real sec
[M::process] read 99138 sequences (10000049 bp)...
[M::mem_process_seqs] Processed 99406 reads in 20.303 CPU sec, 21.164 real sec
[M::process] read 99576 sequences (10000139 bp)...
[M::mem_process_seqs] Processed 99138 reads in 19.284 CPU sec, 19.401 real sec
[M::process] read 99962 sequences (10000023 bp)...
[M::mem_process_seqs] Processed 99576 reads in 21.446 CPU sec, 22.281 real sec
[M::process] read 99402 sequences (10000161 bp)...
[M::mem_process_seqs] Processed 99962 reads in 21.235 CPU sec, 22.744 real sec
[M::process] read 99640 sequences (10000001 bp)...
[M::mem_process_seqs] Processed 99402 reads in 20.880 CPU sec, 22.040 real sec
[M::process] read 99634 sequences (10000143 bp)...
[M::mem_process_seqs] Processed 99640 reads in 21.646 CPU sec, 23.382 real sec
[M::process] read 100050 sequences (10000131 bp)...
[M::mem_process_seqs] Processed 99634 reads in 18.992 CPU sec, 20.197 real sec
[M::process] read 100622 sequences (10000052 bp)...
[M::mem_process_seqs] Processed 100050 reads in 19.179 CPU sec, 19.619 real sec
[M::process] read 99904 sequences (10000187 bp)...
[M::mem_process_seqs] Processed 100622 reads in 21.277 CPU sec, 22.799 real sec
[M::process] read 100092 sequences (10000183 bp)...
[M::mem_process_seqs] Processed 99904 reads in 20.693 CPU sec, 21.391 real sec
[M::process] read 99388 sequences (10000042 bp)...
[M::mem_process_seqs] Processed 100092 reads in 19.884 CPU sec, 20.551 real sec
[M::process] read 99804 sequences (10000146 bp)...
[M::mem_process_seqs] Processed 99388 reads in 20.869 CPU sec, 22.554 real sec
[M::process] read 99962 sequences (10000025 bp)...
[M::mem_process_seqs] Processed 99804 reads in 19.482 CPU sec, 20.951 real sec
[M::process] read 99852 sequences (10000027 bp)...
[M::mem_process_seqs] Processed 99962 reads in 19.908 CPU sec, 20.929 real sec
[M::process] read 99720 sequences (10000072 bp)...
[M::mem_process_seqs] Processed 99852 reads in 21.584 CPU sec, 21.679 real sec
[M::process] read 99804 sequences (10000022 bp)...
[M::mem_process_seqs] Processed 99720 reads in 19.846 CPU sec, 22.094 real sec
[M::process] read 99980 sequences (10000193 bp)...
[M::mem_process_seqs] Processed 99804 reads in 19.070 CPU sec, 20.084 real sec
[M::process] read 100100 sequences (10000232 bp)...
[M::mem_process_seqs] Processed 99980 reads in 19.566 CPU sec, 20.374 real sec
[M::process] read 98776 sequences (10000102 bp)...
[M::mem_process_seqs] Processed 100100 reads in 19.494 CPU sec, 20.088 real sec
[M::process] read 100258 sequences (10000100 bp)...
[M::mem_process_seqs] Processed 98776 reads in 21.144 CPU sec, 22.847 real sec
[M::process] read 97556 sequences (10000086 bp)...
[M::mem_process_seqs] Processed 100258 reads in 20.697 CPU sec, 21.289 real sec
[M::process] read 99756 sequences (10000197 bp)...
[M::mem_process_seqs] Processed 97556 reads in 23.308 CPU sec, 25.586 real sec
[M::process] read 99406 sequences (10000172 bp)...
[M::mem_process_seqs] Processed 99756 reads in 22.567 CPU sec, 23.388 real sec
[M::process] read 100206 sequences (10000174 bp)...
[M::mem_process_seqs] Processed 99406 reads in 21.974 CPU sec, 22.730 real sec
[M::process] read 100404 sequences (10000132 bp)...
[M::mem_process_seqs] Processed 100206 reads in 20.272 CPU sec, 20.381 real sec
[M::process] read 99606 sequences (10000089 bp)...
[M::mem_process_seqs] Processed 100404 reads in 20.721 CPU sec, 21.535 real sec
[M::process] read 100364 sequences (10000013 bp)...
[M::mem_process_seqs] Processed 99606 reads in 19.762 CPU sec, 20.943 real sec
[M::process] read 100416 sequences (10000144 bp)...
[M::mem_process_seqs] Processed 100364 reads in 20.014 CPU sec, 20.469 real sec
[M::process] read 99392 sequences (10000192 bp)...
[M::mem_process_seqs] Processed 100416 reads in 19.527 CPU sec, 19.373 real sec
[M::process] read 99744 sequences (10000033 bp)...
[M::mem_process_seqs] Processed 99392 reads in 20.223 CPU sec, 20.432 real sec
[M::process] read 99692 sequences (10000044 bp)...
[M::mem_process_seqs] Processed 99744 reads in 20.076 CPU sec, 21.608 real sec
[M::process] read 100518 sequences (10000160 bp)...
[M::mem_process_seqs] Processed 99692 reads in 21.513 CPU sec, 22.120 real sec
[M::process] read 99678 sequences (10000095 bp)...
[M::mem_process_seqs] Processed 100518 reads in 20.643 CPU sec, 22.851 real sec
[M::process] read 99260 sequences (10000046 bp)...
[M::mem_process_seqs] Processed 99678 reads in 21.555 CPU sec, 22.854 real sec
[M::process] read 99740 sequences (10000218 bp)...
[M::mem_process_seqs] Processed 99260 reads in 23.796 CPU sec, 25.309 real sec
[M::process] read 99976 sequences (10000192 bp)...
[M::mem_process_seqs] Processed 99740 reads in 21.728 CPU sec, 22.378 real sec
[M::process] read 99368 sequences (10000065 bp)...
[M::mem_process_seqs] Processed 99976 reads in 21.358 CPU sec, 21.197 real sec
[M::process] read 100000 sequences (10000121 bp)...
[M::mem_process_seqs] Processed 99368 reads in 19.707 CPU sec, 20.217 real sec
[M::process] read 98664 sequences (10000138 bp)...
[M::mem_process_seqs] Processed 100000 reads in 19.109 CPU sec, 19.401 real sec
[M::process] read 99634 sequences (10000227 bp)...
[M::mem_process_seqs] Processed 98664 reads in 19.778 CPU sec, 20.001 real sec
[M::process] read 99568 sequences (10000153 bp)...
[M::mem_process_seqs] Processed 99634 reads in 22.142 CPU sec, 23.008 real sec
[M::process] read 99554 sequences (10000021 bp)...
[M::mem_process_seqs] Processed 99568 reads in 21.992 CPU sec, 22.219 real sec
[M::process] read 99548 sequences (10000145 bp)...
[M::mem_process_seqs] Processed 99554 reads in 21.078 CPU sec, 21.505 real sec
[M::process] read 99928 sequences (10000014 bp)...
[M::mem_process_seqs] Processed 99548 reads in 21.059 CPU sec, 22.220 real sec
[M::process] read 99044 sequences (10000282 bp)...
[M::mem_process_seqs] Processed 99928 reads in 19.917 CPU sec, 20.123 real sec
[M::process] read 99766 sequences (10000092 bp)...
[M::mem_process_seqs] Processed 99044 reads in 21.593 CPU sec, 21.933 real sec
[M::process] read 99626 sequences (10000144 bp)...
[M::mem_process_seqs] Processed 99766 reads in 20.532 CPU sec, 21.558 real sec
[M::process] read 99316 sequences (10000074 bp)...
[M::mem_process_seqs] Processed 99626 reads in 20.989 CPU sec, 21.997 real sec
[M::process] read 100214 sequences (10000164 bp)...
[M::mem_process_seqs] Processed 99316 reads in 20.210 CPU sec, 21.311 real sec
[M::process] read 99550 sequences (10000018 bp)...
[M::mem_process_seqs] Processed 100214 reads in 19.770 CPU sec, 20.526 real sec
[M::process] read 99778 sequences (10000115 bp)...
[M::mem_process_seqs] Processed 99550 reads in 20.377 CPU sec, 21.689 real sec
[M::process] read 99520 sequences (10000164 bp)...
[M::mem_process_seqs] Processed 99778 reads in 19.917 CPU sec, 20.886 real sec
[M::process] read 99700 sequences (10000054 bp)...
[M::mem_process_seqs] Processed 99520 reads in 22.909 CPU sec, 23.195 real sec
[M::process] read 99998 sequences (10000024 bp)...
[M::mem_process_seqs] Processed 99700 reads in 21.004 CPU sec, 21.537 real sec
[M::process] read 96370 sequences (10000163 bp)...
[M::mem_process_seqs] Processed 99998 reads in 20.033 CPU sec, 20.207 real sec
[M::process] read 78026 sequences (10000004 bp)...
[M::mem_process_seqs] Processed 96370 reads in 18.450 CPU sec, 19.756 real sec
[M::process] read 97186 sequences (10000173 bp)...
[M::mem_process_seqs] Processed 78026 reads in 6.751 CPU sec, 6.598 real sec
[M::process] read 99608 sequences (10000060 bp)...
[M::mem_process_seqs] Processed 97186 reads in 16.131 CPU sec, 16.981 real sec
[M::process] read 99650 sequences (10000066 bp)...
[M::mem_process_seqs] Processed 99608 reads in 21.439 CPU sec, 22.281 real sec
[M::process] read 99838 sequences (10000038 bp)...
[M::mem_process_seqs] Processed 99650 reads in 20.700 CPU sec, 21.190 real sec
[M::process] read 99728 sequences (10000033 bp)...
[M::mem_process_seqs] Processed 99838 reads in 19.892 CPU sec, 20.697 real sec
[M::process] read 100066 sequences (10000178 bp)...
[M::mem_process_seqs] Processed 99728 reads in 20.110 CPU sec, 21.230 real sec
[M::process] read 99462 sequences (10000166 bp)...
[M::mem_process_seqs] Processed 100066 reads in 19.128 CPU sec, 20.040 real sec
[M::process] read 99906 sequences (10000268 bp)...
[M::mem_process_seqs] Processed 99462 reads in 20.203 CPU sec, 20.446 real sec
[M::process] read 99374 sequences (10000108 bp)...
[M::mem_process_seqs] Processed 99906 reads in 20.985 CPU sec, 21.045 real sec
[M::process] read 99718 sequences (10000074 bp)...
[M::mem_process_seqs] Processed 99374 reads in 21.227 CPU sec, 21.704 real sec
[M::process] read 99422 sequences (10000093 bp)...
[M::mem_process_seqs] Processed 99718 reads in 22.154 CPU sec, 23.639 real sec
[M::process] read 99932 sequences (10000051 bp)...
[M::mem_process_seqs] Processed 99422 reads in 21.918 CPU sec, 23.816 real sec
[M::process] read 100014 sequences (10000186 bp)...
[M::mem_process_seqs] Processed 99932 reads in 20.530 CPU sec, 21.129 real sec
[M::process] read 99856 sequences (10000140 bp)...
[M::mem_process_seqs] Processed 100014 reads in 20.298 CPU sec, 21.052 real sec
[M::process] read 98830 sequences (10000189 bp)...
[M::mem_process_seqs] Processed 99856 reads in 19.773 CPU sec, 20.220 real sec
[M::process] read 98450 sequences (10000065 bp)...
[M::mem_process_seqs] Processed 98830 reads in 19.170 CPU sec, 19.376 real sec
[M::process] read 100266 sequences (10000051 bp)...
[M::mem_process_seqs] Processed 98450 reads in 22.228 CPU sec, 24.992 real sec
[M::process] read 99730 sequences (10000110 bp)...
[M::mem_process_seqs] Processed 100266 reads in 20.231 CPU sec, 21.774 real sec
[M::process] read 100064 sequences (10000071 bp)...
[M::mem_process_seqs] Processed 99730 reads in 19.869 CPU sec, 21.678 real sec
[M::process] read 99420 sequences (10000219 bp)...
[M::mem_process_seqs] Processed 100064 reads in 21.384 CPU sec, 21.801 real sec
[M::process] read 99818 sequences (10000082 bp)...
[M::mem_process_seqs] Processed 99420 reads in 21.518 CPU sec, 23.011 real sec
[M::process] read 99584 sequences (10000014 bp)...
[M::mem_process_seqs] Processed 99818 reads in 19.999 CPU sec, 21.280 real sec
[M::process] read 98712 sequences (10000031 bp)...
[M::mem_process_seqs] Processed 99584 reads in 19.559 CPU sec, 20.600 real sec
[M::process] read 99908 sequences (10000149 bp)...
[M::mem_process_seqs] Processed 98712 reads in 23.131 CPU sec, 23.611 real sec
[M::process] read 100250 sequences (10000016 bp)...
[M::mem_process_seqs] Processed 99908 reads in 21.135 CPU sec, 22.042 real sec
[M::process] read 99798 sequences (10000082 bp)...
[M::mem_process_seqs] Processed 100250 reads in 20.240 CPU sec, 20.588 real sec
[M::process] read 98866 sequences (10000093 bp)...
[M::mem_process_seqs] Processed 99798 reads in 20.399 CPU sec, 20.816 real sec
[M::process] read 98316 sequences (10000007 bp)...
[M::mem_process_seqs] Processed 98866 reads in 21.079 CPU sec, 21.176 real sec
[M::process] read 99564 sequences (10000110 bp)...
[M::mem_process_seqs] Processed 98316 reads in 18.271 CPU sec, 19.224 real sec
[M::process] read 99750 sequences (10000188 bp)...
[M::mem_process_seqs] Processed 99564 reads in 20.984 CPU sec, 21.645 real sec
[M::process] read 100094 sequences (10000007 bp)...
[M::mem_process_seqs] Processed 99750 reads in 19.634 CPU sec, 19.986 real sec
[M::process] read 98326 sequences (10000035 bp)...
[M::mem_process_seqs] Processed 100094 reads in 20.196 CPU sec, 21.185 real sec
[M::process] read 98922 sequences (10000068 bp)...
[M::mem_process_seqs] Processed 98326 reads in 20.307 CPU sec, 20.820 real sec
[M::process] read 100062 sequences (10000097 bp)...
[M::mem_process_seqs] Processed 98922 reads in 22.160 CPU sec, 22.826 real sec
[M::process] read 100098 sequences (10000271 bp)...
[M::mem_process_seqs] Processed 100062 reads in 20.297 CPU sec, 21.244 real sec
[M::process] read 100210 sequences (10000174 bp)...
[M::mem_process_seqs] Processed 100098 reads in 21.371 CPU sec, 21.919 real sec
[M::process] read 99942 sequences (10000054 bp)...
[M::mem_process_seqs] Processed 100210 reads in 20.488 CPU sec, 21.652 real sec
[M::process] read 100230 sequences (10000148 bp)...
[M::mem_process_seqs] Processed 99942 reads in 20.174 CPU sec, 21.149 real sec
[M::process] read 99330 sequences (10000013 bp)...
[M::mem_process_seqs] Processed 100230 reads in 20.953 CPU sec, 21.930 real sec
[M::process] read 100000 sequences (10000164 bp)...
[M::mem_process_seqs] Processed 99330 reads in 20.346 CPU sec, 20.975 real sec
[M::process] read 100816 sequences (10000107 bp)...
[M::mem_process_seqs] Processed 100000 reads in 21.429 CPU sec, 22.239 real sec
[M::process] read 99922 sequences (10000109 bp)...
[M::mem_process_seqs] Processed 100816 reads in 21.564 CPU sec, 23.122 real sec
[M::process] read 99986 sequences (10000096 bp)...
[M::mem_process_seqs] Processed 99922 reads in 20.162 CPU sec, 21.220 real sec
[M::process] read 99884 sequences (10000001 bp)...
[M::mem_process_seqs] Processed 99986 reads in 19.600 CPU sec, 20.106 real sec
[M::process] read 99672 sequences (10000041 bp)...
[M::mem_process_seqs] Processed 99884 reads in 19.784 CPU sec, 20.313 real sec
[M::process] read 99872 sequences (10000190 bp)...
[M::mem_process_seqs] Processed 99672 reads in 20.651 CPU sec, 21.270 real sec
[M::process] read 99152 sequences (10000035 bp)...
[M::mem_process_seqs] Processed 99872 reads in 20.267 CPU sec, 21.226 real sec
[M::process] read 100004 sequences (10000216 bp)...
[M::mem_process_seqs] Processed 99152 reads in 19.638 CPU sec, 20.533 real sec
[M::process] read 99922 sequences (10000151 bp)...
[M::mem_process_seqs] Processed 100004 reads in 20.967 CPU sec, 21.045 real sec
[M::process] read 99682 sequences (10000051 bp)...
[M::mem_process_seqs] Processed 99922 reads in 21.185 CPU sec, 21.960 real sec
[M::process] read 99394 sequences (10000175 bp)...
[M::mem_process_seqs] Processed 99682 reads in 20.256 CPU sec, 21.008 real sec
[M::process] read 99646 sequences (10000091 bp)...
[M::mem_process_seqs] Processed 99394 reads in 21.540 CPU sec, 21.778 real sec
[M::process] read 99222 sequences (10000195 bp)...
[M::mem_process_seqs] Processed 99646 reads in 19.920 CPU sec, 21.145 real sec
[M::process] read 99930 sequences (10000035 bp)...
[M::mem_process_seqs] Processed 99222 reads in 19.826 CPU sec, 21.090 real sec
[M::process] read 99136 sequences (10000051 bp)...
[M::mem_process_seqs] Processed 99930 reads in 20.365 CPU sec, 23.725 real sec
[M::process] read 100664 sequences (10000086 bp)...
[M::mem_process_seqs] Processed 99136 reads in 21.304 CPU sec, 22.201 real sec
[M::process] read 100014 sequences (10000118 bp)...
[M::mem_process_seqs] Processed 100664 reads in 19.573 CPU sec, 20.857 real sec
[M::process] read 99430 sequences (10000123 bp)...
[M::mem_process_seqs] Processed 100014 reads in 20.204 CPU sec, 21.615 real sec
[M::process] read 99744 sequences (10000127 bp)...
[M::mem_process_seqs] Processed 99430 reads in 21.036 CPU sec, 23.317 real sec
[M::process] read 99834 sequences (10000033 bp)...
[M::mem_process_seqs] Processed 99744 reads in 20.933 CPU sec, 21.282 real sec
[M::process] read 99908 sequences (10000121 bp)...
[M::mem_process_seqs] Processed 99834 reads in 20.654 CPU sec, 20.962 real sec
[M::process] read 99914 sequences (10000140 bp)...
[M::mem_process_seqs] Processed 99908 reads in 21.951 CPU sec, 22.703 real sec
[M::process] read 99794 sequences (10000084 bp)...
[M::mem_process_seqs] Processed 99914 reads in 21.059 CPU sec, 21.508 real sec
[M::process] read 99562 sequences (10000187 bp)...
[M::mem_process_seqs] Processed 99794 reads in 21.586 CPU sec, 21.455 real sec
[M::process] read 94166 sequences (10000043 bp)...
[M::mem_process_seqs] Processed 99562 reads in 19.956 CPU sec, 20.894 real sec
[M::process] read 99982 sequences (10000189 bp)...
[M::mem_process_seqs] Processed 94166 reads in 16.945 CPU sec, 17.597 real sec
[M::process] read 99508 sequences (10000001 bp)...
[M::mem_process_seqs] Processed 99982 reads in 21.299 CPU sec, 21.295 real sec
[M::process] read 99948 sequences (10000181 bp)...
[M::mem_process_seqs] Processed 99508 reads in 19.013 CPU sec, 19.481 real sec
[M::process] read 98984 sequences (10000034 bp)...
[M::mem_process_seqs] Processed 99948 reads in 21.181 CPU sec, 21.962 real sec
[M::process] read 99334 sequences (10000053 bp)...
[M::mem_process_seqs] Processed 98984 reads in 23.729 CPU sec, 23.721 real sec
[M::process] read 98856 sequences (10000078 bp)...
[M::mem_process_seqs] Processed 99334 reads in 20.539 CPU sec, 20.940 real sec
[M::process] read 100094 sequences (10000218 bp)...
[M::mem_process_seqs] Processed 98856 reads in 23.346 CPU sec, 24.146 real sec
[M::process] read 99474 sequences (10000002 bp)...
[M::mem_process_seqs] Processed 100094 reads in 20.267 CPU sec, 20.637 real sec
[M::process] read 100120 sequences (10000027 bp)...
[M::mem_process_seqs] Processed 99474 reads in 23.399 CPU sec, 24.415 real sec
[M::process] read 100102 sequences (10000040 bp)...
[M::mem_process_seqs] Processed 100120 reads in 20.914 CPU sec, 20.841 real sec
[M::process] read 100060 sequences (10000010 bp)...
[M::mem_process_seqs] Processed 100102 reads in 22.064 CPU sec, 21.839 real sec
[M::process] read 100626 sequences (10000003 bp)...
[M::mem_process_seqs] Processed 100060 reads in 19.561 CPU sec, 19.479 real sec
[M::process] read 99050 sequences (10000014 bp)...
[M::mem_process_seqs] Processed 100626 reads in 18.914 CPU sec, 18.833 real sec
[M::process] read 99730 sequences (10000210 bp)...
[M::mem_process_seqs] Processed 99050 reads in 22.741 CPU sec, 23.286 real sec
[M::process] read 99610 sequences (10000124 bp)...
[M::mem_process_seqs] Processed 99730 reads in 19.888 CPU sec, 20.056 real sec
[M::process] read 99090 sequences (10000117 bp)...
[M::mem_process_seqs] Processed 99610 reads in 20.491 CPU sec, 21.027 real sec
[M::process] read 100206 sequences (10000052 bp)...
[M::mem_process_seqs] Processed 99090 reads in 22.185 CPU sec, 22.609 real sec
[M::process] read 31216 sequences (3169479 bp)...
[M::mem_process_seqs] Processed 100206 reads in 19.859 CPU sec, 20.239 real sec
[M::mem_process_seqs] Processed 31216 reads in 7.187 CPU sec, 7.351 real sec
[main] Version: 0.7.17-r1188
[main] CMD: bwa mem -L 5 -I 534.409,78.6023,1268,212 -t 1 -a -M -T 30 -A 1 -B 4 -O 6 -R @RG\tID:Aen-AHam_049-AeA01049_CKDL210012719-1a-AK8587-7UDI214_HF5TCDSX2_L1_clmp_fp2_repr\tSM:Aen-AHam_049-AeA01049_CKDL210012719-1a-AK8587-7UDI214_HF5TCDSX2_L1_clmp_fp2_repr\tPL:Illumina reference.rad.RAW-6-6.fasta Aen-AHam_049-AeA01049_CKDL210012719-1a-AK8587-7UDI214_HF5TCDSX2_L1_clmp_fp2_repr.R1.fq.gz Aen-AHam_049-AeA01049_CKDL210012719-1a-AK8587-7UDI214_HF5TCDSX2_L1_clmp_fp2_repr.R2.fq.gz
[main] Real time: 5616.504 sec; CPU: 5385.975 sec
