[M::main_mem] mean insert size: 534.409, stddev: 78.602, max: 1268, min: 212
[M::bwa_idx_load_from_disk] read 0 ALT contigs
[M::process] read 109996 sequences (10000020 bp)...
[M::process] read 110168 sequences (10000070 bp)...
[M::mem_process_seqs] Processed 109996 reads in 19.359 CPU sec, 20.231 real sec
[M::process] read 100296 sequences (10000172 bp)...
[M::mem_process_seqs] Processed 110168 reads in 19.289 CPU sec, 20.091 real sec
[M::process] read 87202 sequences (10000059 bp)...
[M::mem_process_seqs] Processed 100296 reads in 15.262 CPU sec, 15.765 real sec
[M::process] read 106974 sequences (10000015 bp)...
[M::mem_process_seqs] Processed 87202 reads in 9.809 CPU sec, 10.407 real sec
[M::process] read 109334 sequences (10000281 bp)...
[M::mem_process_seqs] Processed 106974 reads in 17.185 CPU sec, 18.119 real sec
[M::process] read 109252 sequences (10000058 bp)...
[M::mem_process_seqs] Processed 109334 reads in 19.887 CPU sec, 20.571 real sec
[M::process] read 109284 sequences (10000057 bp)...
[M::mem_process_seqs] Processed 109252 reads in 19.888 CPU sec, 20.581 real sec
[M::process] read 108592 sequences (10000083 bp)...
[M::mem_process_seqs] Processed 109284 reads in 20.416 CPU sec, 21.174 real sec
[M::process] read 108590 sequences (10000060 bp)...
[M::mem_process_seqs] Processed 108592 reads in 25.101 CPU sec, 26.868 real sec
[M::process] read 109464 sequences (10000041 bp)...
[M::mem_process_seqs] Processed 108590 reads in 22.945 CPU sec, 23.460 real sec
[M::process] read 110026 sequences (10000092 bp)...
[M::mem_process_seqs] Processed 109464 reads in 20.371 CPU sec, 21.726 real sec
[M::process] read 110006 sequences (10000132 bp)...
[M::mem_process_seqs] Processed 110026 reads in 20.347 CPU sec, 20.630 real sec
[M::process] read 108698 sequences (10000113 bp)...
[M::mem_process_seqs] Processed 110006 reads in 20.423 CPU sec, 21.377 real sec
[M::process] read 109704 sequences (10000021 bp)...
[M::mem_process_seqs] Processed 108698 reads in 21.868 CPU sec, 22.368 real sec
[M::process] read 108810 sequences (10000114 bp)...
[M::mem_process_seqs] Processed 109704 reads in 21.449 CPU sec, 22.208 real sec
[M::process] read 90396 sequences (10000137 bp)...
[M::mem_process_seqs] Processed 108810 reads in 19.139 CPU sec, 19.822 real sec
[M::process] read 109784 sequences (10000153 bp)...
[M::mem_process_seqs] Processed 90396 reads in 9.800 CPU sec, 10.177 real sec
[M::process] read 108646 sequences (10000066 bp)...
[M::mem_process_seqs] Processed 109784 reads in 18.830 CPU sec, 20.330 real sec
[M::process] read 109750 sequences (10000031 bp)...
[M::mem_process_seqs] Processed 108646 reads in 19.260 CPU sec, 20.336 real sec
[M::process] read 109240 sequences (10000201 bp)...
[M::mem_process_seqs] Processed 109750 reads in 19.421 CPU sec, 20.220 real sec
[M::process] read 109122 sequences (10000008 bp)...
[M::mem_process_seqs] Processed 109240 reads in 19.563 CPU sec, 20.289 real sec
[M::process] read 108954 sequences (10000173 bp)...
[M::mem_process_seqs] Processed 109122 reads in 19.223 CPU sec, 19.618 real sec
[M::process] read 109582 sequences (10000019 bp)...
[M::mem_process_seqs] Processed 108954 reads in 20.017 CPU sec, 21.388 real sec
[M::process] read 106866 sequences (10000069 bp)...
[M::mem_process_seqs] Processed 109582 reads in 20.451 CPU sec, 21.304 real sec
[M::process] read 100770 sequences (10000136 bp)...
[M::mem_process_seqs] Processed 106866 reads in 18.206 CPU sec, 19.318 real sec
[M::process] read 96954 sequences (10000019 bp)...
[M::mem_process_seqs] Processed 100770 reads in 16.499 CPU sec, 17.274 real sec
[M::process] read 108410 sequences (10000176 bp)...
[M::mem_process_seqs] Processed 96954 reads in 13.994 CPU sec, 14.441 real sec
[M::process] read 109174 sequences (10000155 bp)...
[M::mem_process_seqs] Processed 108410 reads in 19.556 CPU sec, 20.339 real sec
[M::process] read 109218 sequences (10000019 bp)...
[M::mem_process_seqs] Processed 109174 reads in 21.719 CPU sec, 23.138 real sec
[M::process] read 110176 sequences (10000078 bp)...
[M::mem_process_seqs] Processed 109218 reads in 21.432 CPU sec, 22.330 real sec
[M::process] read 108684 sequences (10000070 bp)...
[M::mem_process_seqs] Processed 110176 reads in 20.392 CPU sec, 21.702 real sec
[M::process] read 110062 sequences (10000011 bp)...
[M::mem_process_seqs] Processed 108684 reads in 17.822 CPU sec, 18.471 real sec
[M::process] read 110128 sequences (10000033 bp)...
[M::mem_process_seqs] Processed 110062 reads in 19.535 CPU sec, 19.915 real sec
[M::process] read 109372 sequences (10000093 bp)...
[M::mem_process_seqs] Processed 110128 reads in 19.308 CPU sec, 19.706 real sec
[M::process] read 110210 sequences (10000110 bp)...
[M::mem_process_seqs] Processed 109372 reads in 19.943 CPU sec, 20.584 real sec
[M::process] read 109496 sequences (10000112 bp)...
[M::mem_process_seqs] Processed 110210 reads in 19.209 CPU sec, 19.762 real sec
[M::process] read 109636 sequences (10000151 bp)...
[M::mem_process_seqs] Processed 109496 reads in 19.457 CPU sec, 20.642 real sec
[M::process] read 108628 sequences (10000006 bp)...
[M::mem_process_seqs] Processed 109636 reads in 19.973 CPU sec, 20.622 real sec
[M::process] read 109210 sequences (10000147 bp)...
[M::mem_process_seqs] Processed 108628 reads in 19.394 CPU sec, 20.053 real sec
[M::process] read 109692 sequences (10000012 bp)...
[M::mem_process_seqs] Processed 109210 reads in 20.184 CPU sec, 20.601 real sec
[M::process] read 109498 sequences (10000195 bp)...
[M::mem_process_seqs] Processed 109692 reads in 20.999 CPU sec, 22.044 real sec
[M::process] read 108836 sequences (10000195 bp)...
[M::mem_process_seqs] Processed 109498 reads in 20.439 CPU sec, 21.958 real sec
[M::process] read 109432 sequences (10000106 bp)...
[M::mem_process_seqs] Processed 108836 reads in 20.741 CPU sec, 21.649 real sec
[M::process] read 109610 sequences (10000140 bp)...
[M::mem_process_seqs] Processed 109432 reads in 19.764 CPU sec, 20.957 real sec
[M::process] read 109826 sequences (10000130 bp)...
[M::mem_process_seqs] Processed 109610 reads in 20.520 CPU sec, 20.850 real sec
[M::process] read 110144 sequences (10000216 bp)...
[M::mem_process_seqs] Processed 109826 reads in 19.354 CPU sec, 19.896 real sec
[M::process] read 108512 sequences (10000028 bp)...
[M::mem_process_seqs] Processed 110144 reads in 20.005 CPU sec, 20.947 real sec
[M::process] read 109118 sequences (10000079 bp)...
[M::mem_process_seqs] Processed 108512 reads in 21.186 CPU sec, 21.998 real sec
[M::process] read 109910 sequences (10000135 bp)...
[M::mem_process_seqs] Processed 109118 reads in 19.847 CPU sec, 20.472 real sec
[M::process] read 110158 sequences (10000002 bp)...
[M::mem_process_seqs] Processed 109910 reads in 19.819 CPU sec, 20.797 real sec
[M::process] read 109712 sequences (10000121 bp)...
[M::mem_process_seqs] Processed 110158 reads in 19.094 CPU sec, 19.777 real sec
[M::process] read 109836 sequences (10000058 bp)...
[M::mem_process_seqs] Processed 109712 reads in 19.830 CPU sec, 20.250 real sec
[M::process] read 109620 sequences (10000093 bp)...
[M::mem_process_seqs] Processed 109836 reads in 19.939 CPU sec, 20.425 real sec
[M::process] read 109514 sequences (10000100 bp)...
[M::mem_process_seqs] Processed 109620 reads in 18.764 CPU sec, 19.848 real sec
[M::process] read 109578 sequences (10000068 bp)...
[M::mem_process_seqs] Processed 109514 reads in 20.017 CPU sec, 20.185 real sec
[M::process] read 109960 sequences (10000057 bp)...
[M::mem_process_seqs] Processed 109578 reads in 20.583 CPU sec, 21.376 real sec
[M::process] read 110090 sequences (10000112 bp)...
[M::mem_process_seqs] Processed 109960 reads in 18.856 CPU sec, 19.509 real sec
[M::process] read 109896 sequences (10000073 bp)...
[M::mem_process_seqs] Processed 110090 reads in 19.491 CPU sec, 19.609 real sec
[M::process] read 109836 sequences (10000173 bp)...
[M::mem_process_seqs] Processed 109896 reads in 19.542 CPU sec, 20.121 real sec
[M::process] read 109710 sequences (10000028 bp)...
[M::mem_process_seqs] Processed 109836 reads in 19.611 CPU sec, 20.668 real sec
[M::process] read 109640 sequences (10000167 bp)...
[M::mem_process_seqs] Processed 109710 reads in 19.664 CPU sec, 20.253 real sec
[M::process] read 108968 sequences (10000072 bp)...
[M::mem_process_seqs] Processed 109640 reads in 19.701 CPU sec, 20.915 real sec
[M::process] read 109682 sequences (10000071 bp)...
[M::mem_process_seqs] Processed 108968 reads in 20.933 CPU sec, 21.338 real sec
[M::process] read 109688 sequences (10000162 bp)...
[M::mem_process_seqs] Processed 109682 reads in 21.897 CPU sec, 22.892 real sec
[M::process] read 110096 sequences (10000043 bp)...
[M::mem_process_seqs] Processed 109688 reads in 21.258 CPU sec, 23.268 real sec
[M::process] read 109658 sequences (10000011 bp)...
[M::mem_process_seqs] Processed 110096 reads in 18.927 CPU sec, 20.792 real sec
[M::process] read 109756 sequences (10000134 bp)...
[M::mem_process_seqs] Processed 109658 reads in 20.596 CPU sec, 21.516 real sec
[M::process] read 109458 sequences (10000001 bp)...
[M::mem_process_seqs] Processed 109756 reads in 20.336 CPU sec, 20.717 real sec
[M::process] read 109898 sequences (10000028 bp)...
[M::mem_process_seqs] Processed 109458 reads in 21.000 CPU sec, 21.830 real sec
[M::process] read 108934 sequences (10000189 bp)...
[M::mem_process_seqs] Processed 109898 reads in 18.911 CPU sec, 19.704 real sec
[M::process] read 109464 sequences (10000107 bp)...
[M::mem_process_seqs] Processed 108934 reads in 19.958 CPU sec, 20.880 real sec
[M::process] read 109540 sequences (10000120 bp)...
[M::mem_process_seqs] Processed 109464 reads in 20.719 CPU sec, 21.453 real sec
[M::process] read 109056 sequences (10000054 bp)...
[M::mem_process_seqs] Processed 109540 reads in 20.058 CPU sec, 20.485 real sec
[M::process] read 109634 sequences (10000040 bp)...
[M::mem_process_seqs] Processed 109056 reads in 19.955 CPU sec, 20.647 real sec
[M::process] read 109730 sequences (10000064 bp)...
[M::mem_process_seqs] Processed 109634 reads in 19.900 CPU sec, 20.864 real sec
[M::process] read 98994 sequences (10000214 bp)...
[M::mem_process_seqs] Processed 109730 reads in 20.127 CPU sec, 21.234 real sec
[M::process] read 108646 sequences (10000014 bp)...
[M::mem_process_seqs] Processed 98994 reads in 15.212 CPU sec, 15.999 real sec
[M::process] read 109668 sequences (10000040 bp)...
[M::mem_process_seqs] Processed 108646 reads in 17.937 CPU sec, 18.581 real sec
[M::process] read 109982 sequences (10000090 bp)...
[M::mem_process_seqs] Processed 109668 reads in 19.833 CPU sec, 20.881 real sec
[M::process] read 109694 sequences (10000162 bp)...
[M::mem_process_seqs] Processed 109982 reads in 19.268 CPU sec, 20.868 real sec
[M::process] read 109442 sequences (10000007 bp)...
[M::mem_process_seqs] Processed 109694 reads in 20.295 CPU sec, 21.471 real sec
[M::process] read 109774 sequences (10000007 bp)...
[M::mem_process_seqs] Processed 109442 reads in 22.128 CPU sec, 24.532 real sec
[M::process] read 109242 sequences (10000087 bp)...
[M::mem_process_seqs] Processed 109774 reads in 20.123 CPU sec, 21.272 real sec
[M::process] read 109262 sequences (10000036 bp)...
[M::mem_process_seqs] Processed 109242 reads in 19.335 CPU sec, 20.515 real sec
[M::process] read 109386 sequences (10000096 bp)...
[M::mem_process_seqs] Processed 109262 reads in 20.535 CPU sec, 21.361 real sec
[M::process] read 109512 sequences (10000064 bp)...
[M::mem_process_seqs] Processed 109386 reads in 20.232 CPU sec, 20.457 real sec
[M::process] read 109444 sequences (10000007 bp)...
[M::mem_process_seqs] Processed 109512 reads in 20.058 CPU sec, 21.243 real sec
[M::process] read 109576 sequences (10000003 bp)...
[M::mem_process_seqs] Processed 109444 reads in 21.439 CPU sec, 22.654 real sec
[M::process] read 109018 sequences (10000048 bp)...
[M::mem_process_seqs] Processed 109576 reads in 19.927 CPU sec, 21.084 real sec
[M::process] read 109116 sequences (10000217 bp)...
[M::mem_process_seqs] Processed 109018 reads in 18.843 CPU sec, 19.337 real sec
[M::process] read 109024 sequences (10000150 bp)...
[M::mem_process_seqs] Processed 109116 reads in 19.615 CPU sec, 20.959 real sec
[M::process] read 109974 sequences (10000126 bp)...
[M::mem_process_seqs] Processed 109024 reads in 20.992 CPU sec, 21.776 real sec
[M::process] read 109680 sequences (10000018 bp)...
[M::mem_process_seqs] Processed 109974 reads in 20.166 CPU sec, 21.018 real sec
[M::process] read 109800 sequences (10000110 bp)...
[M::mem_process_seqs] Processed 109680 reads in 19.980 CPU sec, 20.761 real sec
[M::process] read 109740 sequences (10000010 bp)...
[M::mem_process_seqs] Processed 109800 reads in 20.556 CPU sec, 21.547 real sec
[M::process] read 110108 sequences (10000029 bp)...
[M::mem_process_seqs] Processed 109740 reads in 20.627 CPU sec, 21.928 real sec
[M::process] read 109716 sequences (10000046 bp)...
[M::mem_process_seqs] Processed 110108 reads in 20.569 CPU sec, 21.501 real sec
[M::process] read 109832 sequences (10000172 bp)...
[M::mem_process_seqs] Processed 109716 reads in 19.209 CPU sec, 19.856 real sec
[M::process] read 109318 sequences (10000242 bp)...
[M::mem_process_seqs] Processed 109832 reads in 21.478 CPU sec, 22.910 real sec
[M::process] read 109016 sequences (10000012 bp)...
[M::mem_process_seqs] Processed 109318 reads in 20.775 CPU sec, 21.866 real sec
[M::process] read 110058 sequences (10000138 bp)...
[M::mem_process_seqs] Processed 109016 reads in 20.745 CPU sec, 21.347 real sec
[M::process] read 109446 sequences (10000184 bp)...
[M::mem_process_seqs] Processed 110058 reads in 20.216 CPU sec, 22.000 real sec
[M::process] read 109356 sequences (10000132 bp)...
[M::mem_process_seqs] Processed 109446 reads in 20.864 CPU sec, 21.803 real sec
[M::process] read 109470 sequences (10000145 bp)...
[M::mem_process_seqs] Processed 109356 reads in 21.090 CPU sec, 21.862 real sec
[M::process] read 107594 sequences (10000162 bp)...
[M::mem_process_seqs] Processed 109470 reads in 20.417 CPU sec, 21.394 real sec
[M::process] read 109042 sequences (10000149 bp)...
[M::mem_process_seqs] Processed 107594 reads in 19.313 CPU sec, 19.847 real sec
[M::process] read 109292 sequences (10000176 bp)...
[M::mem_process_seqs] Processed 109042 reads in 21.812 CPU sec, 22.487 real sec
[M::process] read 109978 sequences (10000004 bp)...
[M::mem_process_seqs] Processed 109292 reads in 21.034 CPU sec, 22.215 real sec
[M::process] read 110082 sequences (10000050 bp)...
[M::mem_process_seqs] Processed 109978 reads in 20.872 CPU sec, 21.482 real sec
[M::process] read 109200 sequences (10000115 bp)...
[M::mem_process_seqs] Processed 110082 reads in 20.275 CPU sec, 21.012 real sec
[M::process] read 109084 sequences (10000045 bp)...
[M::mem_process_seqs] Processed 109200 reads in 19.823 CPU sec, 20.145 real sec
[M::process] read 67080 sequences (6105981 bp)...
[M::mem_process_seqs] Processed 109084 reads in 19.981 CPU sec, 21.039 real sec
[M::mem_process_seqs] Processed 67080 reads in 12.859 CPU sec, 13.086 real sec
[main] Version: 0.7.17-r1188
[main] CMD: bwa mem -L 5 -I 534.409,78.6023,1268,212 -t 1 -a -M -T 30 -A 1 -B 4 -O 6 -R @RG\tID:Aen-AHam_045-AeA01045_CKDL210012719-1a-AK8410-7UDI308_HF5TCDSX2_L1_clmp_fp2_repr\tSM:Aen-AHam_045-AeA01045_CKDL210012719-1a-AK8410-7UDI308_HF5TCDSX2_L1_clmp_fp2_repr\tPL:Illumina reference.rad.RAW-6-6.fasta Aen-AHam_045-AeA01045_CKDL210012719-1a-AK8410-7UDI308_HF5TCDSX2_L1_clmp_fp2_repr.R1.fq.gz Aen-AHam_045-AeA01045_CKDL210012719-1a-AK8410-7UDI308_HF5TCDSX2_L1_clmp_fp2_repr.R2.fq.gz
[main] Real time: 2329.089 sec; CPU: 2227.168 sec
