[M::main_mem] mean insert size: 534.409, stddev: 78.602, max: 1268, min: 212
[M::bwa_idx_load_from_disk] read 0 ALT contigs
[M::process] read 72644 sequences (10000138 bp)...
[M::process] read 72612 sequences (10000252 bp)...
[M::mem_process_seqs] Processed 72644 reads in 26.978 CPU sec, 26.822 real sec
[M::process] read 69678 sequences (10000145 bp)...
[M::mem_process_seqs] Processed 72612 reads in 26.866 CPU sec, 26.698 real sec
[M::process] read 67920 sequences (10000220 bp)...
[M::mem_process_seqs] Processed 69678 reads in 18.476 CPU sec, 18.399 real sec
[M::process] read 72626 sequences (10000247 bp)...
[M::mem_process_seqs] Processed 67920 reads in 6.943 CPU sec, 6.557 real sec
[M::process] read 72512 sequences (10000282 bp)...
[M::mem_process_seqs] Processed 72626 reads in 25.614 CPU sec, 25.774 real sec
[M::process] read 72422 sequences (10000278 bp)...
[M::mem_process_seqs] Processed 72512 reads in 25.963 CPU sec, 26.692 real sec
[M::process] read 72386 sequences (10000263 bp)...
[M::mem_process_seqs] Processed 72422 reads in 25.967 CPU sec, 27.142 real sec
[M::process] read 72694 sequences (10000233 bp)...
[M::mem_process_seqs] Processed 72386 reads in 27.578 CPU sec, 28.013 real sec
[M::process] read 72478 sequences (10000227 bp)...
[M::mem_process_seqs] Processed 72694 reads in 27.670 CPU sec, 27.521 real sec
[M::process] read 72504 sequences (10000025 bp)...
[M::mem_process_seqs] Processed 72478 reads in 28.626 CPU sec, 29.792 real sec
[M::process] read 72500 sequences (10000021 bp)...
[M::mem_process_seqs] Processed 72504 reads in 28.727 CPU sec, 29.003 real sec
[M::process] read 72426 sequences (10000234 bp)...
[M::mem_process_seqs] Processed 72500 reads in 31.752 CPU sec, 32.448 real sec
[M::process] read 72630 sequences (10000066 bp)...
[M::mem_process_seqs] Processed 72426 reads in 26.123 CPU sec, 27.149 real sec
[M::process] read 72110 sequences (10000221 bp)...
[M::mem_process_seqs] Processed 72630 reads in 35.528 CPU sec, 36.540 real sec
[M::process] read 72574 sequences (10000235 bp)...
[M::mem_process_seqs] Processed 72110 reads in 30.541 CPU sec, 31.458 real sec
[M::process] read 72330 sequences (10000149 bp)...
[M::mem_process_seqs] Processed 72574 reads in 28.781 CPU sec, 29.620 real sec
[M::process] read 72516 sequences (10000069 bp)...
[M::mem_process_seqs] Processed 72330 reads in 28.146 CPU sec, 28.992 real sec
[M::process] read 71524 sequences (10000035 bp)...
[M::mem_process_seqs] Processed 72516 reads in 36.756 CPU sec, 37.685 real sec
[M::process] read 71532 sequences (10000153 bp)...
[M::mem_process_seqs] Processed 71524 reads in 22.051 CPU sec, 23.370 real sec
[M::process] read 72458 sequences (10000069 bp)...
[M::mem_process_seqs] Processed 71532 reads in 18.842 CPU sec, 19.461 real sec
[M::process] read 72576 sequences (10000227 bp)...
[M::mem_process_seqs] Processed 72458 reads in 26.153 CPU sec, 26.499 real sec
[M::process] read 72206 sequences (10000046 bp)...
[M::mem_process_seqs] Processed 72576 reads in 29.720 CPU sec, 30.262 real sec
[M::process] read 72390 sequences (10000260 bp)...
[M::mem_process_seqs] Processed 72206 reads in 27.201 CPU sec, 28.076 real sec
[M::process] read 72434 sequences (10000143 bp)...
[M::mem_process_seqs] Processed 72390 reads in 27.698 CPU sec, 28.486 real sec
[M::process] read 72042 sequences (10000256 bp)...
[M::mem_process_seqs] Processed 72434 reads in 29.785 CPU sec, 31.111 real sec
[M::process] read 72464 sequences (10000144 bp)...
[M::mem_process_seqs] Processed 72042 reads in 30.620 CPU sec, 31.894 real sec
[M::process] read 72312 sequences (10000200 bp)...
[M::mem_process_seqs] Processed 72464 reads in 32.227 CPU sec, 33.489 real sec
[M::process] read 72068 sequences (10000025 bp)...
[M::mem_process_seqs] Processed 72312 reads in 27.203 CPU sec, 28.364 real sec
[M::process] read 71788 sequences (10000082 bp)...
[M::mem_process_seqs] Processed 72068 reads in 27.067 CPU sec, 27.789 real sec
[M::process] read 67736 sequences (10000292 bp)...
[M::mem_process_seqs] Processed 71788 reads in 25.127 CPU sec, 25.978 real sec
[M::process] read 71374 sequences (10000240 bp)...
[M::mem_process_seqs] Processed 67736 reads in 6.761 CPU sec, 6.891 real sec
[M::process] read 72576 sequences (10000171 bp)...
[M::mem_process_seqs] Processed 71374 reads in 21.704 CPU sec, 23.253 real sec
[M::process] read 72210 sequences (10000183 bp)...
[M::mem_process_seqs] Processed 72576 reads in 26.454 CPU sec, 28.010 real sec
[M::process] read 72410 sequences (10000126 bp)...
[M::mem_process_seqs] Processed 72210 reads in 27.279 CPU sec, 28.115 real sec
[M::process] read 72326 sequences (10000157 bp)...
[M::mem_process_seqs] Processed 72410 reads in 27.773 CPU sec, 28.961 real sec
[M::process] read 72632 sequences (10000048 bp)...
[M::mem_process_seqs] Processed 72326 reads in 32.988 CPU sec, 34.265 real sec
[M::process] read 72736 sequences (10000110 bp)...
[M::mem_process_seqs] Processed 72632 reads in 29.394 CPU sec, 31.260 real sec
[M::process] read 72700 sequences (10000126 bp)...
[M::mem_process_seqs] Processed 72736 reads in 27.663 CPU sec, 27.794 real sec
[M::process] read 72312 sequences (10000109 bp)...
[M::mem_process_seqs] Processed 72700 reads in 28.693 CPU sec, 30.012 real sec
[M::process] read 72426 sequences (10000096 bp)...
[M::mem_process_seqs] Processed 72312 reads in 28.033 CPU sec, 28.176 real sec
[M::process] read 72274 sequences (10000076 bp)...
[M::mem_process_seqs] Processed 72426 reads in 32.178 CPU sec, 33.303 real sec
[M::process] read 72590 sequences (10000031 bp)...
[M::mem_process_seqs] Processed 72274 reads in 26.426 CPU sec, 27.369 real sec
[M::process] read 72510 sequences (10000052 bp)...
[M::mem_process_seqs] Processed 72590 reads in 28.040 CPU sec, 29.383 real sec
[M::process] read 72234 sequences (10000020 bp)...
[M::mem_process_seqs] Processed 72510 reads in 30.021 CPU sec, 30.757 real sec
[M::process] read 72314 sequences (10000288 bp)...
[M::mem_process_seqs] Processed 72234 reads in 29.091 CPU sec, 31.402 real sec
[M::process] read 72380 sequences (10000127 bp)...
[M::mem_process_seqs] Processed 72314 reads in 29.190 CPU sec, 30.142 real sec
[M::process] read 72534 sequences (10000055 bp)...
[M::mem_process_seqs] Processed 72380 reads in 27.142 CPU sec, 28.103 real sec
[M::process] read 72492 sequences (10000019 bp)...
[M::mem_process_seqs] Processed 72534 reads in 28.763 CPU sec, 30.037 real sec
[M::process] read 72548 sequences (10000150 bp)...
[M::mem_process_seqs] Processed 72492 reads in 29.051 CPU sec, 30.655 real sec
[M::process] read 72234 sequences (10000288 bp)...
[M::mem_process_seqs] Processed 72548 reads in 27.167 CPU sec, 27.510 real sec
[M::process] read 72418 sequences (10000085 bp)...
[M::mem_process_seqs] Processed 72234 reads in 27.512 CPU sec, 29.830 real sec
[M::process] read 72428 sequences (10000038 bp)...
[M::mem_process_seqs] Processed 72418 reads in 27.019 CPU sec, 27.445 real sec
[M::process] read 72384 sequences (10000075 bp)...
[M::mem_process_seqs] Processed 72428 reads in 26.934 CPU sec, 27.335 real sec
[M::process] read 72764 sequences (10000094 bp)...
[M::mem_process_seqs] Processed 72384 reads in 29.989 CPU sec, 30.793 real sec
[M::process] read 72280 sequences (10000046 bp)...
[M::mem_process_seqs] Processed 72764 reads in 27.005 CPU sec, 27.707 real sec
[M::process] read 72406 sequences (10000195 bp)...
[M::mem_process_seqs] Processed 72280 reads in 27.503 CPU sec, 28.004 real sec
[M::process] read 72244 sequences (10000261 bp)...
[M::mem_process_seqs] Processed 72406 reads in 35.573 CPU sec, 36.334 real sec
[M::process] read 72434 sequences (10000026 bp)...
[M::mem_process_seqs] Processed 72244 reads in 33.661 CPU sec, 35.347 real sec
[M::process] read 72426 sequences (10000119 bp)...
[M::mem_process_seqs] Processed 72434 reads in 27.888 CPU sec, 29.189 real sec
[M::process] read 72532 sequences (10000049 bp)...
[M::mem_process_seqs] Processed 72426 reads in 29.039 CPU sec, 29.786 real sec
[M::process] read 72086 sequences (10000205 bp)...
[M::mem_process_seqs] Processed 72532 reads in 27.661 CPU sec, 27.909 real sec
[M::process] read 72586 sequences (10000204 bp)...
[M::mem_process_seqs] Processed 72086 reads in 31.818 CPU sec, 31.862 real sec
[M::process] read 72560 sequences (10000278 bp)...
[M::mem_process_seqs] Processed 72586 reads in 27.232 CPU sec, 27.009 real sec
[M::process] read 72640 sequences (10000186 bp)...
[M::mem_process_seqs] Processed 72560 reads in 27.203 CPU sec, 27.708 real sec
[M::process] read 72366 sequences (10000185 bp)...
[M::mem_process_seqs] Processed 72640 reads in 27.391 CPU sec, 27.512 real sec
[M::process] read 72554 sequences (10000064 bp)...
[M::mem_process_seqs] Processed 72366 reads in 35.837 CPU sec, 36.086 real sec
[M::process] read 72652 sequences (10000178 bp)...
[M::mem_process_seqs] Processed 72554 reads in 29.740 CPU sec, 30.364 real sec
[M::process] read 72486 sequences (10000168 bp)...
[M::mem_process_seqs] Processed 72652 reads in 28.325 CPU sec, 29.255 real sec
[M::process] read 72366 sequences (10000126 bp)...
[M::mem_process_seqs] Processed 72486 reads in 27.016 CPU sec, 28.314 real sec
[M::process] read 72590 sequences (10000044 bp)...
[M::mem_process_seqs] Processed 72366 reads in 28.913 CPU sec, 30.725 real sec
[M::process] read 72484 sequences (10000193 bp)...
[M::mem_process_seqs] Processed 72590 reads in 27.479 CPU sec, 28.756 real sec
[M::process] read 72578 sequences (10000025 bp)...
[M::mem_process_seqs] Processed 72484 reads in 26.975 CPU sec, 27.739 real sec
[M::process] read 72678 sequences (10000208 bp)...
[M::mem_process_seqs] Processed 72578 reads in 26.786 CPU sec, 27.845 real sec
[M::process] read 72216 sequences (10000195 bp)...
[M::mem_process_seqs] Processed 72678 reads in 27.559 CPU sec, 28.887 real sec
[M::process] read 72610 sequences (10000204 bp)...
[M::mem_process_seqs] Processed 72216 reads in 26.337 CPU sec, 26.751 real sec
[M::process] read 72982 sequences (10000202 bp)...
[M::mem_process_seqs] Processed 72610 reads in 31.962 CPU sec, 32.648 real sec
[M::process] read 72768 sequences (10000032 bp)...
[M::mem_process_seqs] Processed 72982 reads in 32.376 CPU sec, 33.559 real sec
[M::process] read 72262 sequences (10000111 bp)...
[M::mem_process_seqs] Processed 72768 reads in 26.321 CPU sec, 27.436 real sec
[M::process] read 72732 sequences (10000227 bp)...
[M::mem_process_seqs] Processed 72262 reads in 25.413 CPU sec, 26.912 real sec
[M::process] read 72352 sequences (10000151 bp)...
[M::mem_process_seqs] Processed 72732 reads in 32.241 CPU sec, 34.008 real sec
[M::process] read 72518 sequences (10000169 bp)...
[M::mem_process_seqs] Processed 72352 reads in 31.249 CPU sec, 32.811 real sec
[M::process] read 72394 sequences (10000260 bp)...
[M::mem_process_seqs] Processed 72518 reads in 29.525 CPU sec, 31.438 real sec
[M::process] read 72496 sequences (10000105 bp)...
[M::mem_process_seqs] Processed 72394 reads in 29.971 CPU sec, 30.339 real sec
[M::process] read 72300 sequences (10000284 bp)...
[M::mem_process_seqs] Processed 72496 reads in 26.136 CPU sec, 27.241 real sec
[M::process] read 72618 sequences (10000073 bp)...
[M::mem_process_seqs] Processed 72300 reads in 30.401 CPU sec, 31.216 real sec
[M::process] read 72530 sequences (10000295 bp)...
[M::mem_process_seqs] Processed 72618 reads in 28.538 CPU sec, 30.423 real sec
[M::process] read 72508 sequences (10000137 bp)...
[M::mem_process_seqs] Processed 72530 reads in 28.137 CPU sec, 29.498 real sec
[M::process] read 72310 sequences (10000063 bp)...
[M::mem_process_seqs] Processed 72508 reads in 27.076 CPU sec, 27.625 real sec
[M::process] read 72500 sequences (10000290 bp)...
[M::mem_process_seqs] Processed 72310 reads in 26.542 CPU sec, 27.345 real sec
[M::process] read 71226 sequences (10000173 bp)...
[M::mem_process_seqs] Processed 72500 reads in 26.919 CPU sec, 27.603 real sec
[M::process] read 70678 sequences (10000040 bp)...
[M::mem_process_seqs] Processed 71226 reads in 23.480 CPU sec, 24.650 real sec
[M::process] read 72566 sequences (10000068 bp)...
[M::mem_process_seqs] Processed 70678 reads in 20.984 CPU sec, 23.423 real sec
[M::process] read 72368 sequences (10000125 bp)...
[M::mem_process_seqs] Processed 72566 reads in 26.750 CPU sec, 28.814 real sec
[M::process] read 72536 sequences (10000110 bp)...
[M::mem_process_seqs] Processed 72368 reads in 27.613 CPU sec, 28.390 real sec
[M::process] read 72696 sequences (10000181 bp)...
[M::mem_process_seqs] Processed 72536 reads in 27.930 CPU sec, 28.768 real sec
[M::process] read 72578 sequences (10000259 bp)...
[M::mem_process_seqs] Processed 72696 reads in 29.512 CPU sec, 30.878 real sec
[M::process] read 72682 sequences (10000050 bp)...
[M::mem_process_seqs] Processed 72578 reads in 30.253 CPU sec, 31.792 real sec
[M::process] read 72216 sequences (10000190 bp)...
[M::mem_process_seqs] Processed 72682 reads in 28.831 CPU sec, 29.995 real sec
[M::process] read 72292 sequences (10000011 bp)...
[M::mem_process_seqs] Processed 72216 reads in 27.572 CPU sec, 27.825 real sec
[M::process] read 72268 sequences (10000147 bp)...
[M::mem_process_seqs] Processed 72292 reads in 25.899 CPU sec, 27.674 real sec
[M::process] read 72456 sequences (10000298 bp)...
[M::mem_process_seqs] Processed 72268 reads in 30.883 CPU sec, 31.925 real sec
[M::process] read 72496 sequences (10000104 bp)...
[M::mem_process_seqs] Processed 72456 reads in 28.435 CPU sec, 28.887 real sec
[M::process] read 72468 sequences (10000103 bp)...
[M::mem_process_seqs] Processed 72496 reads in 27.449 CPU sec, 27.485 real sec
[M::process] read 72376 sequences (10000201 bp)...
[M::mem_process_seqs] Processed 72468 reads in 29.301 CPU sec, 29.320 real sec
[M::process] read 72436 sequences (10000003 bp)...
[M::mem_process_seqs] Processed 72376 reads in 28.458 CPU sec, 28.570 real sec
[M::process] read 72458 sequences (10000050 bp)...
[M::mem_process_seqs] Processed 72436 reads in 28.325 CPU sec, 29.148 real sec
[M::process] read 72838 sequences (10000262 bp)...
[M::mem_process_seqs] Processed 72458 reads in 28.734 CPU sec, 29.358 real sec
[M::process] read 72452 sequences (10000275 bp)...
[M::mem_process_seqs] Processed 72838 reads in 27.287 CPU sec, 28.065 real sec
[M::process] read 72400 sequences (10000075 bp)...
[M::mem_process_seqs] Processed 72452 reads in 28.293 CPU sec, 28.502 real sec
[M::process] read 72430 sequences (10000028 bp)...
[M::mem_process_seqs] Processed 72400 reads in 27.365 CPU sec, 27.902 real sec
[M::process] read 72126 sequences (10000110 bp)...
[M::mem_process_seqs] Processed 72430 reads in 28.210 CPU sec, 28.664 real sec
[M::process] read 72738 sequences (10000131 bp)...
[M::mem_process_seqs] Processed 72126 reads in 26.740 CPU sec, 26.910 real sec
[M::process] read 72590 sequences (10000145 bp)...
[M::mem_process_seqs] Processed 72738 reads in 29.850 CPU sec, 29.776 real sec
[M::process] read 72316 sequences (10000083 bp)...
[M::mem_process_seqs] Processed 72590 reads in 29.890 CPU sec, 30.479 real sec
[M::process] read 71636 sequences (10000029 bp)...
[M::mem_process_seqs] Processed 72316 reads in 27.100 CPU sec, 27.345 real sec
[M::process] read 72152 sequences (10000155 bp)...
[M::mem_process_seqs] Processed 71636 reads in 26.871 CPU sec, 27.102 real sec
[M::process] read 72524 sequences (10000205 bp)...
[M::mem_process_seqs] Processed 72152 reads in 26.723 CPU sec, 26.426 real sec
[M::process] read 72328 sequences (10000160 bp)...
[M::mem_process_seqs] Processed 72524 reads in 28.898 CPU sec, 29.281 real sec
[M::process] read 72604 sequences (10000081 bp)...
[M::mem_process_seqs] Processed 72328 reads in 28.710 CPU sec, 30.821 real sec
[M::process] read 72470 sequences (10000062 bp)...
[M::mem_process_seqs] Processed 72604 reads in 34.598 CPU sec, 35.543 real sec
[M::process] read 72590 sequences (10000236 bp)...
[M::mem_process_seqs] Processed 72470 reads in 28.071 CPU sec, 28.209 real sec
[M::process] read 72518 sequences (10000025 bp)...
[M::mem_process_seqs] Processed 72590 reads in 29.463 CPU sec, 30.155 real sec
[M::process] read 72624 sequences (10000153 bp)...
[M::mem_process_seqs] Processed 72518 reads in 29.015 CPU sec, 30.217 real sec
[M::process] read 72268 sequences (10000289 bp)...
[M::mem_process_seqs] Processed 72624 reads in 28.207 CPU sec, 28.951 real sec
[M::process] read 71992 sequences (10000104 bp)...
[M::mem_process_seqs] Processed 72268 reads in 26.750 CPU sec, 28.310 real sec
[M::process] read 72536 sequences (10000160 bp)...
[M::mem_process_seqs] Processed 71992 reads in 31.489 CPU sec, 33.473 real sec
[M::process] read 72142 sequences (10000228 bp)...
[M::mem_process_seqs] Processed 72536 reads in 28.690 CPU sec, 29.293 real sec
[M::process] read 72464 sequences (10000268 bp)...
[M::mem_process_seqs] Processed 72142 reads in 30.633 CPU sec, 30.814 real sec
[M::process] read 72462 sequences (10000024 bp)...
[M::mem_process_seqs] Processed 72464 reads in 31.125 CPU sec, 32.010 real sec
[M::process] read 72604 sequences (10000188 bp)...
[M::mem_process_seqs] Processed 72462 reads in 27.280 CPU sec, 27.442 real sec
[M::process] read 72552 sequences (10000203 bp)...
[M::mem_process_seqs] Processed 72604 reads in 29.810 CPU sec, 29.788 real sec
[M::process] read 72588 sequences (10000277 bp)...
[M::mem_process_seqs] Processed 72552 reads in 26.883 CPU sec, 27.035 real sec
[M::process] read 72662 sequences (10000144 bp)...
[M::mem_process_seqs] Processed 72588 reads in 28.729 CPU sec, 29.003 real sec
[M::process] read 53758 sequences (7535499 bp)...
[M::mem_process_seqs] Processed 72662 reads in 28.031 CPU sec, 27.799 real sec
[M::mem_process_seqs] Processed 53758 reads in 19.426 CPU sec, 19.362 real sec
[main] Version: 0.7.17-r1188
[main] CMD: bwa mem -L 5 -I 534.409,78.6023,1268,212 -t 1 -a -M -T 30 -A 1 -B 4 -O 6 -R @RG\tID:Aen-Cbat_052-AeC01052_CKDL210012719-1a-AK9143-AK4236_HF5TCDSX2_L1_clmp_fp2_repr\tSM:Aen-Cbat_052-AeC01052_CKDL210012719-1a-AK9143-AK4236_HF5TCDSX2_L1_clmp_fp2_repr\tPL:Illumina reference.rad.RAW-6-6.fasta Aen-Cbat_052-AeC01052_CKDL210012719-1a-AK9143-AK4236_HF5TCDSX2_L1_clmp_fp2_repr.R1.fq.gz Aen-Cbat_052-AeC01052_CKDL210012719-1a-AK9143-AK4236_HF5TCDSX2_L1_clmp_fp2_repr.R2.fq.gz
[main] Real time: 3887.921 sec; CPU: 3770.865 sec
