[M::main_mem] mean insert size: 534.409, stddev: 78.602, max: 1268, min: 212
[M::bwa_idx_load_from_disk] read 0 ALT contigs
[M::process] read 71632 sequences (10000238 bp)...
[M::process] read 70986 sequences (10000123 bp)...
[M::mem_process_seqs] Processed 71632 reads in 26.721 CPU sec, 27.484 real sec
[M::process] read 69220 sequences (10000227 bp)...
[M::mem_process_seqs] Processed 70986 reads in 24.652 CPU sec, 24.625 real sec
[M::process] read 71504 sequences (10000247 bp)...
[M::mem_process_seqs] Processed 69220 reads in 14.107 CPU sec, 14.359 real sec
[M::process] read 71378 sequences (10000089 bp)...
[M::mem_process_seqs] Processed 71504 reads in 26.257 CPU sec, 27.640 real sec
[M::process] read 71730 sequences (10000164 bp)...
[M::mem_process_seqs] Processed 71378 reads in 26.096 CPU sec, 26.714 real sec
[M::process] read 71450 sequences (10000244 bp)...
[M::mem_process_seqs] Processed 71730 reads in 27.841 CPU sec, 29.492 real sec
[M::process] read 71604 sequences (10000041 bp)...
[M::mem_process_seqs] Processed 71450 reads in 27.467 CPU sec, 28.868 real sec
[M::process] read 71558 sequences (10000264 bp)...
[M::mem_process_seqs] Processed 71604 reads in 30.401 CPU sec, 30.908 real sec
[M::process] read 71312 sequences (10000001 bp)...
[M::mem_process_seqs] Processed 71558 reads in 31.579 CPU sec, 32.907 real sec
[M::process] read 71322 sequences (10000020 bp)...
[M::mem_process_seqs] Processed 71312 reads in 29.149 CPU sec, 29.687 real sec
[M::process] read 71662 sequences (10000135 bp)...
[M::mem_process_seqs] Processed 71322 reads in 27.276 CPU sec, 27.886 real sec
[M::process] read 70766 sequences (10000181 bp)...
[M::mem_process_seqs] Processed 71662 reads in 32.890 CPU sec, 34.238 real sec
[M::process] read 71488 sequences (10000045 bp)...
[M::mem_process_seqs] Processed 70766 reads in 20.025 CPU sec, 20.599 real sec
[M::process] read 71214 sequences (10000107 bp)...
[M::mem_process_seqs] Processed 71488 reads in 27.823 CPU sec, 29.012 real sec
[M::process] read 71374 sequences (10000058 bp)...
[M::mem_process_seqs] Processed 71214 reads in 27.058 CPU sec, 27.305 real sec
[M::process] read 71086 sequences (10000231 bp)...
[M::mem_process_seqs] Processed 71374 reads in 27.661 CPU sec, 29.081 real sec
[M::process] read 71336 sequences (10000104 bp)...
[M::mem_process_seqs] Processed 71086 reads in 33.693 CPU sec, 36.084 real sec
[M::process] read 71282 sequences (10000169 bp)...
[M::mem_process_seqs] Processed 71336 reads in 27.864 CPU sec, 28.935 real sec
[M::process] read 68876 sequences (10000119 bp)...
[M::mem_process_seqs] Processed 71282 reads in 27.346 CPU sec, 27.877 real sec
[M::process] read 71412 sequences (10000214 bp)...
[M::mem_process_seqs] Processed 68876 reads in 11.686 CPU sec, 13.094 real sec
[M::process] read 71502 sequences (10000000 bp)...
[M::mem_process_seqs] Processed 71412 reads in 26.057 CPU sec, 26.490 real sec
[M::process] read 71412 sequences (10000235 bp)...
[M::mem_process_seqs] Processed 71502 reads in 26.531 CPU sec, 27.777 real sec
[M::process] read 71422 sequences (10000163 bp)...
[M::mem_process_seqs] Processed 71412 reads in 27.728 CPU sec, 28.470 real sec
[M::process] read 71718 sequences (10000154 bp)...
[M::mem_process_seqs] Processed 71422 reads in 31.824 CPU sec, 33.646 real sec
[M::process] read 71464 sequences (10000178 bp)...
[M::mem_process_seqs] Processed 71718 reads in 28.816 CPU sec, 30.090 real sec
[M::process] read 71342 sequences (10000105 bp)...
[M::mem_process_seqs] Processed 71464 reads in 26.845 CPU sec, 27.444 real sec
[M::process] read 71256 sequences (10000070 bp)...
[M::mem_process_seqs] Processed 71342 reads in 30.691 CPU sec, 32.183 real sec
[M::process] read 71378 sequences (10000176 bp)...
[M::mem_process_seqs] Processed 71256 reads in 26.124 CPU sec, 27.299 real sec
[M::process] read 71140 sequences (10000210 bp)...
[M::mem_process_seqs] Processed 71378 reads in 28.679 CPU sec, 29.915 real sec
[M::process] read 71400 sequences (10000040 bp)...
[M::mem_process_seqs] Processed 71140 reads in 28.461 CPU sec, 29.369 real sec
[M::process] read 71524 sequences (10000082 bp)...
[M::mem_process_seqs] Processed 71400 reads in 28.197 CPU sec, 29.180 real sec
[M::process] read 71314 sequences (10000181 bp)...
[M::mem_process_seqs] Processed 71524 reads in 28.352 CPU sec, 30.062 real sec
[M::process] read 71390 sequences (10000129 bp)...
[M::mem_process_seqs] Processed 71314 reads in 26.897 CPU sec, 27.463 real sec
[M::process] read 71332 sequences (10000091 bp)...
[M::mem_process_seqs] Processed 71390 reads in 27.605 CPU sec, 28.432 real sec
[M::process] read 71584 sequences (10000194 bp)...
[M::mem_process_seqs] Processed 71332 reads in 28.085 CPU sec, 30.713 real sec
[M::process] read 71214 sequences (10000075 bp)...
[M::mem_process_seqs] Processed 71584 reads in 27.356 CPU sec, 28.381 real sec
[M::process] read 71344 sequences (10000235 bp)...
[M::mem_process_seqs] Processed 71214 reads in 30.414 CPU sec, 31.648 real sec
[M::process] read 71310 sequences (10000177 bp)...
[M::mem_process_seqs] Processed 71344 reads in 31.748 CPU sec, 33.015 real sec
[M::process] read 71566 sequences (10000114 bp)...
[M::mem_process_seqs] Processed 71310 reads in 27.286 CPU sec, 28.424 real sec
[M::process] read 71220 sequences (10000087 bp)...
[M::mem_process_seqs] Processed 71566 reads in 27.558 CPU sec, 28.316 real sec
[M::process] read 71428 sequences (10000239 bp)...
[M::mem_process_seqs] Processed 71220 reads in 30.942 CPU sec, 31.348 real sec
[M::process] read 71422 sequences (10000140 bp)...
[M::mem_process_seqs] Processed 71428 reads in 27.058 CPU sec, 27.664 real sec
[M::process] read 71370 sequences (10000072 bp)...
[M::mem_process_seqs] Processed 71422 reads in 30.387 CPU sec, 30.608 real sec
[M::process] read 71518 sequences (10000079 bp)...
[M::mem_process_seqs] Processed 71370 reads in 31.005 CPU sec, 32.704 real sec
[M::process] read 71526 sequences (10000109 bp)...
[M::mem_process_seqs] Processed 71518 reads in 27.057 CPU sec, 27.788 real sec
[M::process] read 71546 sequences (10000054 bp)...
[M::mem_process_seqs] Processed 71526 reads in 28.432 CPU sec, 29.141 real sec
[M::process] read 71542 sequences (10000182 bp)...
[M::mem_process_seqs] Processed 71546 reads in 26.986 CPU sec, 28.525 real sec
[M::process] read 71566 sequences (10000203 bp)...
[M::mem_process_seqs] Processed 71542 reads in 26.449 CPU sec, 27.242 real sec
[M::process] read 71342 sequences (10000013 bp)...
[M::mem_process_seqs] Processed 71566 reads in 27.472 CPU sec, 28.168 real sec
[M::process] read 71818 sequences (10000110 bp)...
[M::mem_process_seqs] Processed 71342 reads in 30.611 CPU sec, 32.352 real sec
[M::process] read 71374 sequences (10000073 bp)...
[M::mem_process_seqs] Processed 71818 reads in 29.946 CPU sec, 31.265 real sec
[M::process] read 71444 sequences (10000211 bp)...
[M::mem_process_seqs] Processed 71374 reads in 25.466 CPU sec, 26.381 real sec
[M::process] read 71256 sequences (10000185 bp)...
[M::mem_process_seqs] Processed 71444 reads in 30.499 CPU sec, 32.129 real sec
[M::process] read 71220 sequences (10000036 bp)...
[M::mem_process_seqs] Processed 71256 reads in 32.205 CPU sec, 33.798 real sec
[M::process] read 71262 sequences (10000105 bp)...
[M::mem_process_seqs] Processed 71220 reads in 27.385 CPU sec, 28.545 real sec
[M::process] read 71480 sequences (10000292 bp)...
[M::mem_process_seqs] Processed 71262 reads in 28.211 CPU sec, 29.880 real sec
[M::process] read 71266 sequences (10000074 bp)...
[M::mem_process_seqs] Processed 71480 reads in 27.677 CPU sec, 29.793 real sec
[M::process] read 71142 sequences (10000001 bp)...
[M::mem_process_seqs] Processed 71266 reads in 27.092 CPU sec, 27.928 real sec
[M::process] read 70330 sequences (10000240 bp)...
[M::mem_process_seqs] Processed 71142 reads in 26.985 CPU sec, 28.733 real sec
[M::process] read 71378 sequences (10000052 bp)...
[M::mem_process_seqs] Processed 70330 reads in 19.426 CPU sec, 20.406 real sec
[M::process] read 71476 sequences (10000137 bp)...
[M::mem_process_seqs] Processed 71378 reads in 28.742 CPU sec, 30.431 real sec
[M::process] read 71538 sequences (10000232 bp)...
[M::mem_process_seqs] Processed 71476 reads in 27.472 CPU sec, 27.914 real sec
[M::process] read 71626 sequences (10000082 bp)...
[M::mem_process_seqs] Processed 71538 reads in 27.598 CPU sec, 28.501 real sec
[M::process] read 71358 sequences (10000175 bp)...
[M::mem_process_seqs] Processed 71626 reads in 29.791 CPU sec, 30.935 real sec
[M::process] read 71308 sequences (10000173 bp)...
[M::mem_process_seqs] Processed 71358 reads in 27.096 CPU sec, 28.020 real sec
[M::process] read 71060 sequences (10000086 bp)...
[M::mem_process_seqs] Processed 71308 reads in 25.304 CPU sec, 25.927 real sec
[M::process] read 71340 sequences (10000040 bp)...
[M::mem_process_seqs] Processed 71060 reads in 30.350 CPU sec, 31.546 real sec
[M::process] read 71346 sequences (10000128 bp)...
[M::mem_process_seqs] Processed 71340 reads in 26.213 CPU sec, 26.951 real sec
[M::process] read 71496 sequences (10000060 bp)...
[M::mem_process_seqs] Processed 71346 reads in 28.664 CPU sec, 29.884 real sec
[M::process] read 71524 sequences (10000050 bp)...
[M::mem_process_seqs] Processed 71496 reads in 27.930 CPU sec, 28.264 real sec
[M::process] read 71282 sequences (10000085 bp)...
[M::mem_process_seqs] Processed 71524 reads in 27.763 CPU sec, 28.074 real sec
[M::process] read 71372 sequences (10000011 bp)...
[M::mem_process_seqs] Processed 71282 reads in 26.766 CPU sec, 27.443 real sec
[M::process] read 71308 sequences (10000165 bp)...
[M::mem_process_seqs] Processed 71372 reads in 28.725 CPU sec, 30.277 real sec
[M::process] read 71630 sequences (10000102 bp)...
[M::mem_process_seqs] Processed 71308 reads in 26.328 CPU sec, 26.982 real sec
[M::process] read 71372 sequences (10000126 bp)...
[M::mem_process_seqs] Processed 71630 reads in 29.990 CPU sec, 30.848 real sec
[M::process] read 70844 sequences (10000059 bp)...
[M::mem_process_seqs] Processed 71372 reads in 27.285 CPU sec, 28.243 real sec
[M::process] read 71244 sequences (10000008 bp)...
[M::mem_process_seqs] Processed 70844 reads in 25.841 CPU sec, 27.123 real sec
[M::process] read 71356 sequences (10000218 bp)...
[M::mem_process_seqs] Processed 71244 reads in 27.654 CPU sec, 28.705 real sec
[M::process] read 71404 sequences (10000181 bp)...
[M::mem_process_seqs] Processed 71356 reads in 28.148 CPU sec, 29.060 real sec
[M::process] read 71420 sequences (10000184 bp)...
[M::mem_process_seqs] Processed 71404 reads in 29.601 CPU sec, 31.519 real sec
[M::process] read 71532 sequences (10000276 bp)...
[M::mem_process_seqs] Processed 71420 reads in 29.651 CPU sec, 30.554 real sec
[M::process] read 71348 sequences (10000006 bp)...
[M::mem_process_seqs] Processed 71532 reads in 27.935 CPU sec, 28.944 real sec
[M::process] read 71420 sequences (10000140 bp)...
[M::mem_process_seqs] Processed 71348 reads in 28.697 CPU sec, 29.849 real sec
[M::process] read 71230 sequences (10000291 bp)...
[M::mem_process_seqs] Processed 71420 reads in 26.790 CPU sec, 27.684 real sec
[M::process] read 71356 sequences (10000100 bp)...
[M::mem_process_seqs] Processed 71230 reads in 30.463 CPU sec, 31.194 real sec
[M::process] read 71568 sequences (10000234 bp)...
[M::mem_process_seqs] Processed 71356 reads in 27.951 CPU sec, 29.547 real sec
[M::process] read 71548 sequences (10000052 bp)...
[M::mem_process_seqs] Processed 71568 reads in 26.933 CPU sec, 27.791 real sec
[M::process] read 70638 sequences (9978786 bp)...
[M::mem_process_seqs] Processed 71548 reads in 28.137 CPU sec, 29.289 real sec
[M::mem_process_seqs] Processed 70638 reads in 25.437 CPU sec, 27.249 real sec
[main] Version: 0.7.17-r1188
[main] CMD: bwa mem -L 5 -I 534.409,78.6023,1268,212 -t 1 -a -M -T 30 -A 1 -B 4 -O 6 -R @RG\tID:Aen-Cbat_017-AeC01017_CKDL210012719-1a-5UDI225-AK7557_HF5TCDSX2_L1_clmp_fp2_repr\tSM:Aen-Cbat_017-AeC01017_CKDL210012719-1a-5UDI225-AK7557_HF5TCDSX2_L1_clmp_fp2_repr\tPL:Illumina reference.rad.RAW-6-6.fasta Aen-Cbat_017-AeC01017_CKDL210012719-1a-5UDI225-AK7557_HF5TCDSX2_L1_clmp_fp2_repr.R1.fq.gz Aen-Cbat_017-AeC01017_CKDL210012719-1a-5UDI225-AK7557_HF5TCDSX2_L1_clmp_fp2_repr.R2.fq.gz
[main] Real time: 2563.374 sec; CPU: 2463.886 sec
