[M::main_mem] mean insert size: 534.409, stddev: 78.602, max: 1268, min: 212
[M::bwa_idx_load_from_disk] read 0 ALT contigs
[M::process] read 72708 sequences (10000244 bp)...
[M::process] read 71756 sequences (10000270 bp)...
[M::mem_process_seqs] Processed 72708 reads in 26.127 CPU sec, 26.338 real sec
[M::process] read 69616 sequences (10000254 bp)...
[M::mem_process_seqs] Processed 71756 reads in 23.779 CPU sec, 24.421 real sec
[M::process] read 72376 sequences (10000032 bp)...
[M::mem_process_seqs] Processed 69616 reads in 14.333 CPU sec, 15.669 real sec
[M::process] read 72618 sequences (10000027 bp)...
[M::mem_process_seqs] Processed 72376 reads in 24.906 CPU sec, 25.877 real sec
[M::process] read 72578 sequences (10000204 bp)...
[M::mem_process_seqs] Processed 72618 reads in 26.183 CPU sec, 27.576 real sec
[M::process] read 72576 sequences (10000245 bp)...
[M::mem_process_seqs] Processed 72578 reads in 27.919 CPU sec, 29.765 real sec
[M::process] read 72580 sequences (10000043 bp)...
[M::mem_process_seqs] Processed 72576 reads in 27.576 CPU sec, 28.109 real sec
[M::process] read 72574 sequences (10000217 bp)...
[M::mem_process_seqs] Processed 72580 reads in 30.150 CPU sec, 31.309 real sec
[M::process] read 72378 sequences (10000105 bp)...
[M::mem_process_seqs] Processed 72574 reads in 30.595 CPU sec, 33.254 real sec
[M::process] read 72368 sequences (10000165 bp)...
[M::mem_process_seqs] Processed 72378 reads in 29.655 CPU sec, 30.427 real sec
[M::process] read 72666 sequences (10000194 bp)...
[M::mem_process_seqs] Processed 72368 reads in 27.214 CPU sec, 28.464 real sec
[M::process] read 71594 sequences (10000165 bp)...
[M::mem_process_seqs] Processed 72666 reads in 32.148 CPU sec, 33.083 real sec
[M::process] read 72534 sequences (10000127 bp)...
[M::mem_process_seqs] Processed 71594 reads in 19.544 CPU sec, 20.920 real sec
[M::process] read 72406 sequences (10000289 bp)...
[M::mem_process_seqs] Processed 72534 reads in 27.564 CPU sec, 28.574 real sec
[M::process] read 72558 sequences (10000202 bp)...
[M::mem_process_seqs] Processed 72406 reads in 25.341 CPU sec, 26.601 real sec
[M::process] read 72258 sequences (10000222 bp)...
[M::mem_process_seqs] Processed 72558 reads in 28.283 CPU sec, 28.597 real sec
[M::process] read 72368 sequences (10000173 bp)...
[M::mem_process_seqs] Processed 72258 reads in 30.793 CPU sec, 31.768 real sec
[M::process] read 72386 sequences (10000153 bp)...
[M::mem_process_seqs] Processed 72368 reads in 26.596 CPU sec, 28.069 real sec
[M::process] read 69132 sequences (10000174 bp)...
[M::mem_process_seqs] Processed 72386 reads in 26.654 CPU sec, 27.739 real sec
[M::process] read 72504 sequences (10000157 bp)...
[M::mem_process_seqs] Processed 69132 reads in 13.134 CPU sec, 14.243 real sec
[M::process] read 72322 sequences (10000069 bp)...
[M::mem_process_seqs] Processed 72504 reads in 25.435 CPU sec, 26.797 real sec
[M::process] read 72380 sequences (10000088 bp)...
[M::mem_process_seqs] Processed 72322 reads in 27.349 CPU sec, 27.954 real sec
[M::process] read 72610 sequences (10000147 bp)...
[M::mem_process_seqs] Processed 72380 reads in 26.610 CPU sec, 27.582 real sec
[M::process] read 72892 sequences (10000227 bp)...
[M::mem_process_seqs] Processed 72610 reads in 30.010 CPU sec, 31.511 real sec
[M::process] read 72418 sequences (10000182 bp)...
[M::mem_process_seqs] Processed 72892 reads in 27.762 CPU sec, 28.595 real sec
[M::process] read 72564 sequences (10000102 bp)...
[M::mem_process_seqs] Processed 72418 reads in 28.419 CPU sec, 29.343 real sec
[M::process] read 72432 sequences (10000214 bp)...
[M::mem_process_seqs] Processed 72564 reads in 27.902 CPU sec, 29.697 real sec
[M::process] read 72314 sequences (10000026 bp)...
[M::mem_process_seqs] Processed 72432 reads in 26.294 CPU sec, 27.711 real sec
[M::process] read 72408 sequences (10000006 bp)...
[M::mem_process_seqs] Processed 72314 reads in 28.806 CPU sec, 29.926 real sec
[M::process] read 72582 sequences (10000200 bp)...
[M::mem_process_seqs] Processed 72408 reads in 27.407 CPU sec, 29.149 real sec
[M::process] read 72634 sequences (10000182 bp)...
[M::mem_process_seqs] Processed 72582 reads in 27.739 CPU sec, 28.944 real sec
[M::process] read 72286 sequences (10000177 bp)...
[M::mem_process_seqs] Processed 72634 reads in 27.446 CPU sec, 28.853 real sec
[M::process] read 72416 sequences (10000031 bp)...
[M::mem_process_seqs] Processed 72286 reads in 26.333 CPU sec, 27.199 real sec
[M::process] read 72556 sequences (10000188 bp)...
[M::mem_process_seqs] Processed 72416 reads in 26.303 CPU sec, 27.888 real sec
[M::process] read 72716 sequences (10000034 bp)...
[M::mem_process_seqs] Processed 72556 reads in 27.542 CPU sec, 28.415 real sec
[M::process] read 72342 sequences (10000049 bp)...
[M::mem_process_seqs] Processed 72716 reads in 26.291 CPU sec, 27.575 real sec
[M::process] read 72276 sequences (10000195 bp)...
[M::mem_process_seqs] Processed 72342 reads in 31.861 CPU sec, 33.003 real sec
[M::process] read 72430 sequences (10000164 bp)...
[M::mem_process_seqs] Processed 72276 reads in 30.227 CPU sec, 31.193 real sec
[M::process] read 72232 sequences (10000199 bp)...
[M::mem_process_seqs] Processed 72430 reads in 27.828 CPU sec, 27.963 real sec
[M::process] read 72648 sequences (10000072 bp)...
[M::mem_process_seqs] Processed 72232 reads in 29.315 CPU sec, 29.694 real sec
[M::process] read 72720 sequences (10000196 bp)...
[M::mem_process_seqs] Processed 72648 reads in 25.965 CPU sec, 26.287 real sec
[M::process] read 72418 sequences (10000012 bp)...
[M::mem_process_seqs] Processed 72720 reads in 26.268 CPU sec, 26.231 real sec
[M::process] read 72662 sequences (10000017 bp)...
[M::mem_process_seqs] Processed 72418 reads in 31.155 CPU sec, 31.307 real sec
[M::process] read 72666 sequences (10000279 bp)...
[M::mem_process_seqs] Processed 72662 reads in 27.867 CPU sec, 28.526 real sec
[M::process] read 72420 sequences (10000111 bp)...
[M::mem_process_seqs] Processed 72666 reads in 26.110 CPU sec, 26.225 real sec
[M::process] read 72374 sequences (10000229 bp)...
[M::mem_process_seqs] Processed 72420 reads in 27.301 CPU sec, 27.410 real sec
[M::process] read 72788 sequences (10000056 bp)...
[M::mem_process_seqs] Processed 72374 reads in 26.163 CPU sec, 26.133 real sec
[M::process] read 72516 sequences (10000070 bp)...
[M::mem_process_seqs] Processed 72788 reads in 26.683 CPU sec, 27.549 real sec
[M::process] read 72642 sequences (10000160 bp)...
[M::mem_process_seqs] Processed 72516 reads in 27.016 CPU sec, 26.890 real sec
[M::process] read 72722 sequences (10000113 bp)...
[M::mem_process_seqs] Processed 72642 reads in 29.149 CPU sec, 29.531 real sec
[M::process] read 72522 sequences (10000193 bp)...
[M::mem_process_seqs] Processed 72722 reads in 27.641 CPU sec, 27.607 real sec
[M::process] read 72512 sequences (10000173 bp)...
[M::mem_process_seqs] Processed 72522 reads in 27.039 CPU sec, 27.423 real sec
[M::process] read 72544 sequences (10000253 bp)...
[M::mem_process_seqs] Processed 72512 reads in 30.224 CPU sec, 30.768 real sec
[M::process] read 72554 sequences (10000089 bp)...
[M::mem_process_seqs] Processed 72544 reads in 29.156 CPU sec, 29.063 real sec
[M::process] read 72492 sequences (10000179 bp)...
[M::mem_process_seqs] Processed 72554 reads in 25.950 CPU sec, 25.717 real sec
[M::process] read 72464 sequences (10000143 bp)...
[M::mem_process_seqs] Processed 72492 reads in 28.306 CPU sec, 29.227 real sec
[M::process] read 72488 sequences (10000269 bp)...
[M::mem_process_seqs] Processed 72464 reads in 26.561 CPU sec, 28.279 real sec
[M::process] read 72584 sequences (10000292 bp)...
[M::mem_process_seqs] Processed 72488 reads in 26.796 CPU sec, 27.726 real sec
[M::process] read 70932 sequences (10000123 bp)...
[M::mem_process_seqs] Processed 72584 reads in 25.998 CPU sec, 27.262 real sec
[M::process] read 72506 sequences (10000150 bp)...
[M::mem_process_seqs] Processed 70932 reads in 22.181 CPU sec, 22.710 real sec
[M::process] read 72360 sequences (10000112 bp)...
[M::mem_process_seqs] Processed 72506 reads in 25.542 CPU sec, 26.194 real sec
[M::process] read 72660 sequences (10000161 bp)...
[M::mem_process_seqs] Processed 72360 reads in 27.490 CPU sec, 28.614 real sec
[M::process] read 72706 sequences (10000003 bp)...
[M::mem_process_seqs] Processed 72660 reads in 29.324 CPU sec, 30.896 real sec
[M::process] read 72394 sequences (10000172 bp)...
[M::mem_process_seqs] Processed 72706 reads in 28.109 CPU sec, 28.921 real sec
[M::process] read 72190 sequences (10000157 bp)...
[M::mem_process_seqs] Processed 72394 reads in 26.487 CPU sec, 27.412 real sec
[M::process] read 72398 sequences (10000032 bp)...
[M::mem_process_seqs] Processed 72190 reads in 27.761 CPU sec, 28.087 real sec
[M::process] read 72454 sequences (10000044 bp)...
[M::mem_process_seqs] Processed 72398 reads in 26.762 CPU sec, 26.904 real sec
[M::process] read 72482 sequences (10000243 bp)...
[M::mem_process_seqs] Processed 72454 reads in 28.160 CPU sec, 28.020 real sec
[M::process] read 72436 sequences (10000157 bp)...
[M::mem_process_seqs] Processed 72482 reads in 28.838 CPU sec, 28.501 real sec
[M::process] read 72576 sequences (10000210 bp)...
[M::mem_process_seqs] Processed 72436 reads in 26.311 CPU sec, 26.265 real sec
[M::process] read 72364 sequences (10000284 bp)...
[M::mem_process_seqs] Processed 72576 reads in 26.015 CPU sec, 25.813 real sec
[M::process] read 72568 sequences (10000136 bp)...
[M::mem_process_seqs] Processed 72364 reads in 27.342 CPU sec, 27.121 real sec
[M::process] read 72584 sequences (10000283 bp)...
[M::mem_process_seqs] Processed 72568 reads in 26.617 CPU sec, 26.216 real sec
[M::process] read 72510 sequences (10000064 bp)...
[M::mem_process_seqs] Processed 72584 reads in 26.773 CPU sec, 26.429 real sec
[M::process] read 71948 sequences (10000160 bp)...
[M::mem_process_seqs] Processed 72510 reads in 27.955 CPU sec, 27.605 real sec
[M::process] read 72322 sequences (10000034 bp)...
[M::mem_process_seqs] Processed 71948 reads in 25.855 CPU sec, 25.404 real sec
[M::process] read 72484 sequences (10000110 bp)...
[M::mem_process_seqs] Processed 72322 reads in 26.436 CPU sec, 26.002 real sec
[M::process] read 72512 sequences (10000179 bp)...
[M::mem_process_seqs] Processed 72484 reads in 28.114 CPU sec, 27.547 real sec
[M::process] read 72618 sequences (10000214 bp)...
[M::mem_process_seqs] Processed 72512 reads in 29.037 CPU sec, 28.436 real sec
[M::process] read 72504 sequences (10000094 bp)...
[M::mem_process_seqs] Processed 72618 reads in 27.214 CPU sec, 26.589 real sec
[M::process] read 72326 sequences (10000109 bp)...
[M::mem_process_seqs] Processed 72504 reads in 27.104 CPU sec, 26.489 real sec
[M::process] read 72502 sequences (10000258 bp)...
[M::mem_process_seqs] Processed 72326 reads in 28.946 CPU sec, 28.468 real sec
[M::process] read 72480 sequences (10000117 bp)...
[M::mem_process_seqs] Processed 72502 reads in 26.760 CPU sec, 26.218 real sec
[M::process] read 72488 sequences (10000208 bp)...
[M::mem_process_seqs] Processed 72480 reads in 28.193 CPU sec, 27.595 real sec
[M::process] read 72614 sequences (10000157 bp)...
[M::mem_process_seqs] Processed 72488 reads in 27.578 CPU sec, 27.034 real sec
[M::process] read 72488 sequences (10000040 bp)...
[M::mem_process_seqs] Processed 72614 reads in 27.182 CPU sec, 26.674 real sec
[M::process] read 72596 sequences (10000168 bp)...
[M::mem_process_seqs] Processed 72488 reads in 25.634 CPU sec, 25.149 real sec
[M::process] read 25924 sequences (3653599 bp)...
[M::mem_process_seqs] Processed 72596 reads in 25.639 CPU sec, 25.269 real sec
[M::mem_process_seqs] Processed 25924 reads in 8.842 CPU sec, 8.612 real sec
[main] Version: 0.7.17-r1188
[main] CMD: bwa mem -L 5 -I 534.409,78.6023,1268,212 -t 1 -a -M -T 30 -A 1 -B 4 -O 6 -R @RG\tID:Aen-Cbat_073-AeC01073_CKDL210012719-1a-5UDI301-AK4234_HF5TCDSX2_L1_clmp_fp2_repr\tSM:Aen-Cbat_073-AeC01073_CKDL210012719-1a-5UDI301-AK4234_HF5TCDSX2_L1_clmp_fp2_repr\tPL:Illumina reference.rad.RAW-6-6.fasta Aen-Cbat_073-AeC01073_CKDL210012719-1a-5UDI301-AK4234_HF5TCDSX2_L1_clmp_fp2_repr.R1.fq.gz Aen-Cbat_073-AeC01073_CKDL210012719-1a-5UDI301-AK4234_HF5TCDSX2_L1_clmp_fp2_repr.R2.fq.gz
[main] Real time: 2442.901 sec; CPU: 2391.365 sec
