[M::main_mem] mean insert size: 534.409, stddev: 78.602, max: 1268, min: 212
[M::bwa_idx_load_from_disk] read 0 ALT contigs
[M::process] read 72752 sequences (10000096 bp)...
[M::process] read 72650 sequences (10000205 bp)...
[M::mem_process_seqs] Processed 72752 reads in 27.618 CPU sec, 27.924 real sec
[M::process] read 71494 sequences (10000146 bp)...
[M::mem_process_seqs] Processed 72650 reads in 25.895 CPU sec, 26.492 real sec
[M::process] read 68052 sequences (10000182 bp)...
[M::mem_process_seqs] Processed 71494 reads in 24.558 CPU sec, 24.856 real sec
[M::process] read 72768 sequences (10000255 bp)...
[M::mem_process_seqs] Processed 68052 reads in 7.321 CPU sec, 7.110 real sec
[M::process] read 72440 sequences (10000174 bp)...
[M::mem_process_seqs] Processed 72768 reads in 26.454 CPU sec, 26.786 real sec
[M::process] read 72478 sequences (10000024 bp)...
[M::mem_process_seqs] Processed 72440 reads in 27.142 CPU sec, 26.892 real sec
[M::process] read 72766 sequences (10000291 bp)...
[M::mem_process_seqs] Processed 72478 reads in 25.616 CPU sec, 25.736 real sec
[M::process] read 72422 sequences (10000029 bp)...
[M::mem_process_seqs] Processed 72766 reads in 28.643 CPU sec, 28.841 real sec
[M::process] read 72608 sequences (10000237 bp)...
[M::mem_process_seqs] Processed 72422 reads in 27.296 CPU sec, 27.423 real sec
[M::process] read 72612 sequences (10000000 bp)...
[M::mem_process_seqs] Processed 72608 reads in 29.289 CPU sec, 29.553 real sec
[M::process] read 72520 sequences (10000062 bp)...
[M::mem_process_seqs] Processed 72612 reads in 32.276 CPU sec, 32.817 real sec
[M::process] read 72638 sequences (10000110 bp)...
[M::mem_process_seqs] Processed 72520 reads in 26.506 CPU sec, 28.132 real sec
[M::process] read 72158 sequences (10000031 bp)...
[M::mem_process_seqs] Processed 72638 reads in 35.754 CPU sec, 36.590 real sec
[M::process] read 72728 sequences (10000246 bp)...
[M::mem_process_seqs] Processed 72158 reads in 31.061 CPU sec, 31.870 real sec
[M::process] read 72232 sequences (10000272 bp)...
[M::mem_process_seqs] Processed 72728 reads in 29.279 CPU sec, 30.396 real sec
[M::process] read 72732 sequences (10000205 bp)...
[M::mem_process_seqs] Processed 72232 reads in 27.692 CPU sec, 27.701 real sec
[M::process] read 71320 sequences (10000012 bp)...
[M::mem_process_seqs] Processed 72732 reads in 37.708 CPU sec, 39.969 real sec
[M::process] read 72298 sequences (10000132 bp)...
[M::mem_process_seqs] Processed 71320 reads in 20.186 CPU sec, 20.377 real sec
[M::process] read 72622 sequences (10000038 bp)...
[M::mem_process_seqs] Processed 72298 reads in 23.821 CPU sec, 25.092 real sec
[M::process] read 72590 sequences (10000178 bp)...
[M::mem_process_seqs] Processed 72622 reads in 27.245 CPU sec, 27.842 real sec
[M::process] read 72170 sequences (10000032 bp)...
[M::mem_process_seqs] Processed 72590 reads in 28.265 CPU sec, 29.693 real sec
[M::process] read 72452 sequences (10000230 bp)...
[M::mem_process_seqs] Processed 72170 reads in 27.401 CPU sec, 27.392 real sec
[M::process] read 72342 sequences (10000208 bp)...
[M::mem_process_seqs] Processed 72452 reads in 27.718 CPU sec, 27.581 real sec
[M::process] read 72292 sequences (10000284 bp)...
[M::mem_process_seqs] Processed 72342 reads in 29.915 CPU sec, 30.007 real sec
[M::process] read 72184 sequences (10000169 bp)...
[M::mem_process_seqs] Processed 72292 reads in 35.699 CPU sec, 35.719 real sec
[M::process] read 72462 sequences (10000152 bp)...
[M::mem_process_seqs] Processed 72184 reads in 29.143 CPU sec, 29.002 real sec
[M::process] read 72156 sequences (10000275 bp)...
[M::mem_process_seqs] Processed 72462 reads in 27.551 CPU sec, 27.154 real sec
[M::process] read 67784 sequences (10000030 bp)...
[M::mem_process_seqs] Processed 72156 reads in 25.728 CPU sec, 25.457 real sec
[M::process] read 72258 sequences (10000160 bp)...
[M::mem_process_seqs] Processed 67784 reads in 7.045 CPU sec, 6.554 real sec
[M::process] read 72362 sequences (10000048 bp)...
[M::mem_process_seqs] Processed 72258 reads in 26.613 CPU sec, 26.406 real sec
[M::process] read 72336 sequences (10000144 bp)...
[M::mem_process_seqs] Processed 72362 reads in 24.491 CPU sec, 24.072 real sec
[M::process] read 72404 sequences (10000115 bp)...
[M::mem_process_seqs] Processed 72336 reads in 28.246 CPU sec, 27.882 real sec
[M::process] read 72318 sequences (10000133 bp)...
[M::mem_process_seqs] Processed 72404 reads in 27.096 CPU sec, 26.694 real sec
[M::process] read 72708 sequences (10000160 bp)...
[M::mem_process_seqs] Processed 72318 reads in 34.586 CPU sec, 34.257 real sec
[M::process] read 72748 sequences (10000085 bp)...
[M::mem_process_seqs] Processed 72708 reads in 27.753 CPU sec, 27.123 real sec
[M::process] read 72612 sequences (10000252 bp)...
[M::mem_process_seqs] Processed 72748 reads in 28.173 CPU sec, 27.699 real sec
[M::process] read 72288 sequences (10000185 bp)...
[M::mem_process_seqs] Processed 72612 reads in 25.713 CPU sec, 25.186 real sec
[M::process] read 72656 sequences (10000069 bp)...
[M::mem_process_seqs] Processed 72288 reads in 31.099 CPU sec, 30.858 real sec
[M::process] read 72228 sequences (10000033 bp)...
[M::mem_process_seqs] Processed 72656 reads in 30.017 CPU sec, 29.398 real sec
[M::process] read 72720 sequences (10000291 bp)...
[M::mem_process_seqs] Processed 72228 reads in 25.933 CPU sec, 25.568 real sec
[M::process] read 72470 sequences (10000179 bp)...
[M::mem_process_seqs] Processed 72720 reads in 29.163 CPU sec, 28.656 real sec
[M::process] read 72166 sequences (10000149 bp)...
[M::mem_process_seqs] Processed 72470 reads in 28.424 CPU sec, 27.897 real sec
[M::process] read 72586 sequences (10000067 bp)...
[M::mem_process_seqs] Processed 72166 reads in 29.080 CPU sec, 28.604 real sec
[M::process] read 72502 sequences (10000005 bp)...
[M::mem_process_seqs] Processed 72586 reads in 26.347 CPU sec, 25.770 real sec
[M::process] read 72616 sequences (10000073 bp)...
[M::mem_process_seqs] Processed 72502 reads in 29.074 CPU sec, 28.594 real sec
[M::process] read 72474 sequences (10000034 bp)...
[M::mem_process_seqs] Processed 72616 reads in 28.011 CPU sec, 27.645 real sec
[M::process] read 72440 sequences (10000146 bp)...
[M::mem_process_seqs] Processed 72474 reads in 27.674 CPU sec, 27.126 real sec
[M::process] read 72688 sequences (10000014 bp)...
[M::mem_process_seqs] Processed 72440 reads in 26.936 CPU sec, 26.422 real sec
[M::process] read 72230 sequences (10000275 bp)...
[M::mem_process_seqs] Processed 72688 reads in 25.756 CPU sec, 25.245 real sec
[M::process] read 72422 sequences (10000079 bp)...
[M::mem_process_seqs] Processed 72230 reads in 26.834 CPU sec, 26.462 real sec
[M::process] read 72716 sequences (10000088 bp)...
[M::mem_process_seqs] Processed 72422 reads in 29.402 CPU sec, 28.808 real sec
[M::process] read 72386 sequences (10000155 bp)...
[M::mem_process_seqs] Processed 72716 reads in 26.479 CPU sec, 25.888 real sec
[M::process] read 72516 sequences (10000096 bp)...
[M::mem_process_seqs] Processed 72386 reads in 26.160 CPU sec, 25.781 real sec
[M::process] read 72252 sequences (10000276 bp)...
[M::mem_process_seqs] Processed 72516 reads in 34.733 CPU sec, 34.227 real sec
[M::process] read 72328 sequences (10000290 bp)...
[M::mem_process_seqs] Processed 72252 reads in 33.194 CPU sec, 32.496 real sec
[M::process] read 72468 sequences (10000126 bp)...
[M::mem_process_seqs] Processed 72328 reads in 29.005 CPU sec, 28.356 real sec
[M::process] read 72536 sequences (10000014 bp)...
[M::mem_process_seqs] Processed 72468 reads in 27.098 CPU sec, 26.535 real sec
[M::process] read 72214 sequences (10000149 bp)...
[M::mem_process_seqs] Processed 72536 reads in 25.671 CPU sec, 25.319 real sec
[M::process] read 72656 sequences (10000138 bp)...
[M::mem_process_seqs] Processed 72214 reads in 31.714 CPU sec, 31.197 real sec
[M::process] read 72578 sequences (10000145 bp)...
[M::mem_process_seqs] Processed 72656 reads in 27.701 CPU sec, 27.155 real sec
[M::process] read 72416 sequences (10000257 bp)...
[M::mem_process_seqs] Processed 72578 reads in 27.544 CPU sec, 26.978 real sec
[M::process] read 72526 sequences (10000147 bp)...
[M::mem_process_seqs] Processed 72416 reads in 33.384 CPU sec, 32.871 real sec
[M::process] read 72570 sequences (10000012 bp)...
[M::mem_process_seqs] Processed 72526 reads in 30.091 CPU sec, 29.472 real sec
[M::process] read 72548 sequences (10000048 bp)...
[M::mem_process_seqs] Processed 72570 reads in 28.625 CPU sec, 28.519 real sec
[M::process] read 72376 sequences (10000090 bp)...
[M::mem_process_seqs] Processed 72548 reads in 26.951 CPU sec, 26.399 real sec
[M::process] read 72660 sequences (10000288 bp)...
[M::mem_process_seqs] Processed 72376 reads in 28.875 CPU sec, 28.315 real sec
[M::process] read 72734 sequences (10000220 bp)...
[M::mem_process_seqs] Processed 72660 reads in 28.023 CPU sec, 27.478 real sec
[M::process] read 72344 sequences (10000013 bp)...
[M::mem_process_seqs] Processed 72734 reads in 27.112 CPU sec, 26.491 real sec
[M::process] read 72992 sequences (10000155 bp)...
[M::mem_process_seqs] Processed 72344 reads in 25.437 CPU sec, 24.911 real sec
[M::process] read 72582 sequences (10000045 bp)...
[M::mem_process_seqs] Processed 72992 reads in 28.000 CPU sec, 27.419 real sec
[M::process] read 72502 sequences (10000207 bp)...
[M::mem_process_seqs] Processed 72582 reads in 26.179 CPU sec, 25.647 real sec
[M::process] read 72946 sequences (10000216 bp)...
[M::mem_process_seqs] Processed 72502 reads in 31.157 CPU sec, 30.549 real sec
[M::process] read 72764 sequences (10000087 bp)...
[M::mem_process_seqs] Processed 72946 reads in 32.685 CPU sec, 32.144 real sec
[M::process] read 72382 sequences (10000142 bp)...
[M::mem_process_seqs] Processed 72764 reads in 26.935 CPU sec, 26.283 real sec
[M::process] read 72654 sequences (10000126 bp)...
[M::mem_process_seqs] Processed 72382 reads in 24.940 CPU sec, 24.412 real sec
[M::process] read 72366 sequences (10000037 bp)...
[M::mem_process_seqs] Processed 72654 reads in 32.344 CPU sec, 31.853 real sec
[M::process] read 72472 sequences (10000191 bp)...
[M::mem_process_seqs] Processed 72366 reads in 29.632 CPU sec, 29.086 real sec
[M::process] read 72298 sequences (10000026 bp)...
[M::mem_process_seqs] Processed 72472 reads in 28.272 CPU sec, 27.738 real sec
[M::process] read 72340 sequences (10000045 bp)...
[M::mem_process_seqs] Processed 72298 reads in 29.228 CPU sec, 28.701 real sec
[M::process] read 72546 sequences (10000049 bp)...
[M::mem_process_seqs] Processed 72340 reads in 25.918 CPU sec, 25.391 real sec
[M::process] read 72446 sequences (10000032 bp)...
[M::mem_process_seqs] Processed 72546 reads in 29.504 CPU sec, 28.972 real sec
[M::process] read 72448 sequences (10000007 bp)...
[M::mem_process_seqs] Processed 72446 reads in 28.280 CPU sec, 27.767 real sec
[M::process] read 72240 sequences (10000238 bp)...
[M::mem_process_seqs] Processed 72448 reads in 26.745 CPU sec, 26.207 real sec
[M::process] read 72310 sequences (10000229 bp)...
[M::mem_process_seqs] Processed 72240 reads in 25.971 CPU sec, 25.461 real sec
[M::process] read 72614 sequences (10000158 bp)...
[M::mem_process_seqs] Processed 72310 reads in 26.313 CPU sec, 25.789 real sec
[M::process] read 70056 sequences (10000137 bp)...
[M::mem_process_seqs] Processed 72614 reads in 26.806 CPU sec, 26.318 real sec
[M::process] read 72500 sequences (10000204 bp)...
[M::mem_process_seqs] Processed 70056 reads in 17.749 CPU sec, 17.210 real sec
[M::process] read 72540 sequences (10000155 bp)...
[M::mem_process_seqs] Processed 72500 reads in 27.652 CPU sec, 27.219 real sec
[M::process] read 72566 sequences (10000003 bp)...
[M::mem_process_seqs] Processed 72540 reads in 25.771 CPU sec, 25.211 real sec
[M::process] read 72484 sequences (10000225 bp)...
[M::mem_process_seqs] Processed 72566 reads in 29.535 CPU sec, 29.027 real sec
[M::process] read 72842 sequences (10000133 bp)...
[M::mem_process_seqs] Processed 72484 reads in 25.284 CPU sec, 24.690 real sec
[M::process] read 72462 sequences (10000248 bp)...
[M::mem_process_seqs] Processed 72842 reads in 32.877 CPU sec, 32.354 real sec
[M::process] read 72408 sequences (10000202 bp)...
[M::mem_process_seqs] Processed 72462 reads in 27.786 CPU sec, 27.127 real sec
[M::process] read 72374 sequences (10000197 bp)...
[M::mem_process_seqs] Processed 72408 reads in 27.132 CPU sec, 26.597 real sec
[M::process] read 72298 sequences (10000059 bp)...
[M::mem_process_seqs] Processed 72374 reads in 24.540 CPU sec, 24.007 real sec
[M::process] read 72270 sequences (10000149 bp)...
[M::mem_process_seqs] Processed 72298 reads in 30.779 CPU sec, 30.265 real sec
[M::process] read 72628 sequences (10000256 bp)...
[M::mem_process_seqs] Processed 72270 reads in 26.952 CPU sec, 26.303 real sec
[M::process] read 72450 sequences (10000078 bp)...
[M::mem_process_seqs] Processed 72628 reads in 26.481 CPU sec, 26.138 real sec
[M::process] read 72450 sequences (10000116 bp)...
[M::mem_process_seqs] Processed 72450 reads in 27.794 CPU sec, 27.255 real sec
[M::process] read 72668 sequences (10000002 bp)...
[M::mem_process_seqs] Processed 72450 reads in 29.061 CPU sec, 28.530 real sec
[M::process] read 72348 sequences (10000063 bp)...
[M::mem_process_seqs] Processed 72668 reads in 26.928 CPU sec, 26.376 real sec
[M::process] read 72558 sequences (10000282 bp)...
[M::mem_process_seqs] Processed 72348 reads in 26.998 CPU sec, 26.479 real sec
[M::process] read 72322 sequences (10000146 bp)...
[M::mem_process_seqs] Processed 72558 reads in 27.298 CPU sec, 26.746 real sec
[M::process] read 72570 sequences (10000146 bp)...
[M::mem_process_seqs] Processed 72322 reads in 28.553 CPU sec, 28.050 real sec
[M::process] read 72418 sequences (10000041 bp)...
[M::mem_process_seqs] Processed 72570 reads in 27.374 CPU sec, 26.835 real sec
[M::process] read 72454 sequences (10000053 bp)...
[M::mem_process_seqs] Processed 72418 reads in 26.797 CPU sec, 26.216 real sec
[M::process] read 72912 sequences (10000113 bp)...
[M::mem_process_seqs] Processed 72454 reads in 25.559 CPU sec, 25.026 real sec
[M::process] read 72460 sequences (10000114 bp)...
[M::mem_process_seqs] Processed 72912 reads in 29.717 CPU sec, 29.162 real sec
[M::process] read 71986 sequences (10000110 bp)...
[M::mem_process_seqs] Processed 72460 reads in 27.594 CPU sec, 27.024 real sec
[M::process] read 72086 sequences (10000219 bp)...
[M::mem_process_seqs] Processed 71986 reads in 26.820 CPU sec, 26.282 real sec
[M::process] read 72384 sequences (10000271 bp)...
[M::mem_process_seqs] Processed 72086 reads in 25.085 CPU sec, 24.550 real sec
[M::process] read 72474 sequences (10000012 bp)...
[M::mem_process_seqs] Processed 72384 reads in 26.906 CPU sec, 26.355 real sec
[M::process] read 72472 sequences (10000178 bp)...
[M::mem_process_seqs] Processed 72474 reads in 26.231 CPU sec, 25.695 real sec
[M::process] read 72578 sequences (10000094 bp)...
[M::mem_process_seqs] Processed 72472 reads in 28.268 CPU sec, 27.760 real sec
[M::process] read 72576 sequences (10000004 bp)...
[M::mem_process_seqs] Processed 72578 reads in 29.811 CPU sec, 29.258 real sec
[M::process] read 72442 sequences (10000219 bp)...
[M::mem_process_seqs] Processed 72576 reads in 26.553 CPU sec, 26.008 real sec
[M::process] read 72542 sequences (10000207 bp)...
[M::mem_process_seqs] Processed 72442 reads in 26.000 CPU sec, 25.463 real sec
[M::process] read 72472 sequences (10000046 bp)...
[M::mem_process_seqs] Processed 72542 reads in 27.969 CPU sec, 27.462 real sec
[M::process] read 72210 sequences (10000180 bp)...
[M::mem_process_seqs] Processed 72472 reads in 25.526 CPU sec, 24.978 real sec
[M::process] read 72568 sequences (10000033 bp)...
[M::mem_process_seqs] Processed 72210 reads in 28.735 CPU sec, 28.172 real sec
[M::process] read 72326 sequences (10000285 bp)...
[M::mem_process_seqs] Processed 72568 reads in 26.500 CPU sec, 25.937 real sec
[M::process] read 72430 sequences (10000220 bp)...
[M::mem_process_seqs] Processed 72326 reads in 29.291 CPU sec, 28.765 real sec
[M::process] read 72470 sequences (10000175 bp)...
[M::mem_process_seqs] Processed 72430 reads in 28.397 CPU sec, 27.828 real sec
[M::process] read 72602 sequences (10000220 bp)...
[M::mem_process_seqs] Processed 72470 reads in 25.726 CPU sec, 25.192 real sec
[M::process] read 72524 sequences (10000281 bp)...
[M::mem_process_seqs] Processed 72602 reads in 27.077 CPU sec, 26.458 real sec
[M::process] read 72826 sequences (10000114 bp)...
[M::mem_process_seqs] Processed 72524 reads in 24.746 CPU sec, 24.197 real sec
[M::process] read 72402 sequences (10000129 bp)...
[M::mem_process_seqs] Processed 72826 reads in 26.526 CPU sec, 25.926 real sec
[M::process] read 32540 sequences (4590314 bp)...
[M::mem_process_seqs] Processed 72402 reads in 25.414 CPU sec, 25.006 real sec
[M::mem_process_seqs] Processed 32540 reads in 10.672 CPU sec, 10.342 real sec
[main] Version: 0.7.17-r1188
[main] CMD: bwa mem -L 5 -I 534.409,78.6023,1268,212 -t 1 -a -M -T 30 -A 1 -B 4 -O 6 -R @RG\tID:Aen-Cbat_086-AeC01086_CKDL210012719-1a-AK7758-GD06_HF5TCDSX2_L1_clmp_fp2_repr\tSM:Aen-Cbat_086-AeC01086_CKDL210012719-1a-AK7758-GD06_HF5TCDSX2_L1_clmp_fp2_repr\tPL:Illumina reference.rad.RAW-6-6.fasta Aen-Cbat_086-AeC01086_CKDL210012719-1a-AK7758-GD06_HF5TCDSX2_L1_clmp_fp2_repr.R1.fq.gz Aen-Cbat_086-AeC01086_CKDL210012719-1a-AK7758-GD06_HF5TCDSX2_L1_clmp_fp2_repr.R2.fq.gz
[main] Real time: 3504.199 sec; CPU: 3541.939 sec
