[M::main_mem] mean insert size: 534.409, stddev: 78.602, max: 1268, min: 212
[M::bwa_idx_load_from_disk] read 0 ALT contigs
[M::process] read 104000 sequences (10000012 bp)...
[M::process] read 104870 sequences (10000030 bp)...
[M::mem_process_seqs] Processed 104000 reads in 16.118 CPU sec, 16.133 real sec
[M::process] read 103442 sequences (10000071 bp)...
[M::mem_process_seqs] Processed 104870 reads in 16.288 CPU sec, 17.928 real sec
[M::process] read 100208 sequences (10000113 bp)...
[M::mem_process_seqs] Processed 103442 reads in 15.741 CPU sec, 16.661 real sec
[M::process] read 104156 sequences (10000155 bp)...
[M::mem_process_seqs] Processed 100208 reads in 15.044 CPU sec, 16.079 real sec
[M::process] read 100750 sequences (10000100 bp)...
[M::mem_process_seqs] Processed 104156 reads in 15.832 CPU sec, 16.489 real sec
[M::process] read 99506 sequences (10000092 bp)...
[M::mem_process_seqs] Processed 100750 reads in 14.347 CPU sec, 15.531 real sec
[M::process] read 104604 sequences (10000018 bp)...
[M::mem_process_seqs] Processed 99506 reads in 13.592 CPU sec, 14.179 real sec
[M::process] read 103628 sequences (10000094 bp)...
[M::mem_process_seqs] Processed 104604 reads in 15.694 CPU sec, 16.982 real sec
[M::process] read 104270 sequences (10000053 bp)...
[M::mem_process_seqs] Processed 103628 reads in 15.291 CPU sec, 16.267 real sec
[M::process] read 104080 sequences (10000191 bp)...
[M::mem_process_seqs] Processed 104270 reads in 14.810 CPU sec, 15.749 real sec
[M::process] read 104700 sequences (10000093 bp)...
[M::mem_process_seqs] Processed 104080 reads in 16.598 CPU sec, 17.441 real sec
[M::process] read 103852 sequences (10000155 bp)...
[M::mem_process_seqs] Processed 104700 reads in 16.064 CPU sec, 16.268 real sec
[M::process] read 105012 sequences (10000242 bp)...
[M::mem_process_seqs] Processed 103852 reads in 17.677 CPU sec, 18.461 real sec
[M::process] read 104862 sequences (10000032 bp)...
[M::mem_process_seqs] Processed 105012 reads in 16.048 CPU sec, 16.580 real sec
[M::process] read 104760 sequences (10000086 bp)...
[M::mem_process_seqs] Processed 104862 reads in 16.817 CPU sec, 17.468 real sec
[M::process] read 103780 sequences (10000070 bp)...
[M::mem_process_seqs] Processed 104760 reads in 16.530 CPU sec, 16.971 real sec
[M::process] read 102424 sequences (10000004 bp)...
[M::mem_process_seqs] Processed 103780 reads in 16.125 CPU sec, 16.639 real sec
[M::process] read 104124 sequences (10000027 bp)...
[M::mem_process_seqs] Processed 102424 reads in 14.909 CPU sec, 15.328 real sec
[M::process] read 104112 sequences (10000151 bp)...
[M::mem_process_seqs] Processed 104124 reads in 16.919 CPU sec, 17.730 real sec
[M::process] read 104778 sequences (10000076 bp)...
[M::mem_process_seqs] Processed 104112 reads in 16.614 CPU sec, 17.376 real sec
[M::process] read 102604 sequences (10000120 bp)...
[M::mem_process_seqs] Processed 104778 reads in 16.457 CPU sec, 16.970 real sec
[M::process] read 105256 sequences (10000006 bp)...
[M::mem_process_seqs] Processed 102604 reads in 15.936 CPU sec, 16.861 real sec
[M::process] read 104176 sequences (10000113 bp)...
[M::mem_process_seqs] Processed 105256 reads in 15.471 CPU sec, 16.345 real sec
[M::process] read 104458 sequences (10000146 bp)...
[M::mem_process_seqs] Processed 104176 reads in 15.315 CPU sec, 16.573 real sec
[M::process] read 102444 sequences (10000186 bp)...
[M::mem_process_seqs] Processed 104458 reads in 14.633 CPU sec, 15.602 real sec
[M::process] read 98730 sequences (10000228 bp)...
[M::mem_process_seqs] Processed 102444 reads in 14.260 CPU sec, 14.620 real sec
[M::process] read 104018 sequences (10000268 bp)...
[M::mem_process_seqs] Processed 98730 reads in 13.144 CPU sec, 13.693 real sec
[M::process] read 105068 sequences (10000160 bp)...
[M::mem_process_seqs] Processed 104018 reads in 15.169 CPU sec, 15.754 real sec
[M::process] read 99440 sequences (10000165 bp)...
[M::mem_process_seqs] Processed 105068 reads in 16.130 CPU sec, 17.322 real sec
[M::process] read 101736 sequences (10000105 bp)...
[M::mem_process_seqs] Processed 99440 reads in 14.036 CPU sec, 15.117 real sec
[M::process] read 104444 sequences (10000201 bp)...
[M::mem_process_seqs] Processed 101736 reads in 13.807 CPU sec, 14.373 real sec
[M::process] read 103360 sequences (10000048 bp)...
[M::mem_process_seqs] Processed 104444 reads in 15.812 CPU sec, 16.809 real sec
[M::process] read 105006 sequences (10000141 bp)...
[M::mem_process_seqs] Processed 103360 reads in 15.030 CPU sec, 15.699 real sec
[M::process] read 101330 sequences (10000030 bp)...
[M::mem_process_seqs] Processed 105006 reads in 16.105 CPU sec, 17.756 real sec
[M::process] read 104586 sequences (10000016 bp)...
[M::mem_process_seqs] Processed 101330 reads in 14.082 CPU sec, 14.942 real sec
[M::process] read 102456 sequences (10000013 bp)...
[M::mem_process_seqs] Processed 104586 reads in 16.138 CPU sec, 17.076 real sec
[M::process] read 104266 sequences (10000039 bp)...
[M::mem_process_seqs] Processed 102456 reads in 15.466 CPU sec, 15.988 real sec
[M::process] read 104832 sequences (10000152 bp)...
[M::mem_process_seqs] Processed 104266 reads in 16.774 CPU sec, 17.832 real sec
[M::process] read 101324 sequences (10000050 bp)...
[M::mem_process_seqs] Processed 104832 reads in 16.212 CPU sec, 17.235 real sec
[M::process] read 103254 sequences (10000074 bp)...
[M::mem_process_seqs] Processed 101324 reads in 15.359 CPU sec, 15.673 real sec
[M::process] read 104646 sequences (10000133 bp)...
[M::mem_process_seqs] Processed 103254 reads in 15.593 CPU sec, 16.510 real sec
[M::process] read 104434 sequences (10000000 bp)...
[M::mem_process_seqs] Processed 104646 reads in 16.154 CPU sec, 16.477 real sec
[M::process] read 97208 sequences (10000001 bp)...
[M::mem_process_seqs] Processed 104434 reads in 15.989 CPU sec, 16.826 real sec
[M::process] read 95960 sequences (10000068 bp)...
[M::mem_process_seqs] Processed 97208 reads in 13.299 CPU sec, 13.680 real sec
[M::process] read 104962 sequences (10000006 bp)...
[M::mem_process_seqs] Processed 95960 reads in 13.026 CPU sec, 13.376 real sec
[M::process] read 105088 sequences (10000114 bp)...
[M::mem_process_seqs] Processed 104962 reads in 16.305 CPU sec, 16.579 real sec
[M::process] read 99842 sequences (10000236 bp)...
[M::mem_process_seqs] Processed 105088 reads in 15.916 CPU sec, 16.319 real sec
[M::process] read 105694 sequences (10000117 bp)...
[M::mem_process_seqs] Processed 99842 reads in 13.727 CPU sec, 13.907 real sec
[M::process] read 104362 sequences (10000219 bp)...
[M::mem_process_seqs] Processed 105694 reads in 15.743 CPU sec, 16.463 real sec
[M::process] read 101612 sequences (10000169 bp)...
[M::mem_process_seqs] Processed 104362 reads in 15.018 CPU sec, 14.871 real sec
[M::process] read 105158 sequences (10000052 bp)...
[M::mem_process_seqs] Processed 101612 reads in 15.671 CPU sec, 16.488 real sec
[M::process] read 96390 sequences (10000145 bp)...
[M::mem_process_seqs] Processed 105158 reads in 16.299 CPU sec, 17.234 real sec
[M::process] read 104506 sequences (10000046 bp)...
[M::mem_process_seqs] Processed 96390 reads in 12.868 CPU sec, 13.244 real sec
[M::process] read 104574 sequences (10000077 bp)...
[M::mem_process_seqs] Processed 104506 reads in 15.080 CPU sec, 16.131 real sec
[M::process] read 104054 sequences (10000029 bp)...
[M::mem_process_seqs] Processed 104574 reads in 15.705 CPU sec, 15.713 real sec
[M::process] read 104364 sequences (10000141 bp)...
[M::mem_process_seqs] Processed 104054 reads in 16.001 CPU sec, 16.980 real sec
[M::process] read 105000 sequences (10000114 bp)...
[M::mem_process_seqs] Processed 104364 reads in 15.512 CPU sec, 15.951 real sec
[M::process] read 104988 sequences (10000159 bp)...
[M::mem_process_seqs] Processed 105000 reads in 17.362 CPU sec, 18.536 real sec
[M::process] read 103428 sequences (10000064 bp)...
[M::mem_process_seqs] Processed 104988 reads in 15.843 CPU sec, 16.049 real sec
[M::process] read 104440 sequences (10000035 bp)...
[M::mem_process_seqs] Processed 103428 reads in 16.328 CPU sec, 17.635 real sec
[M::process] read 104648 sequences (10000004 bp)...
[M::mem_process_seqs] Processed 104440 reads in 16.114 CPU sec, 16.660 real sec
[M::process] read 104784 sequences (10000016 bp)...
[M::mem_process_seqs] Processed 104648 reads in 15.723 CPU sec, 16.202 real sec
[M::process] read 102290 sequences (10000181 bp)...
[M::mem_process_seqs] Processed 104784 reads in 15.899 CPU sec, 16.567 real sec
[M::process] read 104984 sequences (10000089 bp)...
[M::mem_process_seqs] Processed 102290 reads in 13.579 CPU sec, 13.901 real sec
[M::process] read 105008 sequences (10000137 bp)...
[M::mem_process_seqs] Processed 104984 reads in 16.766 CPU sec, 17.351 real sec
[M::process] read 104142 sequences (10000041 bp)...
[M::mem_process_seqs] Processed 105008 reads in 15.346 CPU sec, 15.508 real sec
[M::process] read 103764 sequences (10000195 bp)...
[M::mem_process_seqs] Processed 104142 reads in 15.064 CPU sec, 15.281 real sec
[M::process] read 101132 sequences (10000066 bp)...
[M::mem_process_seqs] Processed 103764 reads in 15.953 CPU sec, 17.188 real sec
[M::process] read 103936 sequences (10000165 bp)...
[M::mem_process_seqs] Processed 101132 reads in 14.250 CPU sec, 14.662 real sec
[M::process] read 104394 sequences (10000120 bp)...
[M::mem_process_seqs] Processed 103936 reads in 15.172 CPU sec, 15.653 real sec
[M::process] read 105316 sequences (10000043 bp)...
[M::mem_process_seqs] Processed 104394 reads in 16.010 CPU sec, 17.150 real sec
[M::process] read 102884 sequences (10000094 bp)...
[M::mem_process_seqs] Processed 105316 reads in 16.878 CPU sec, 17.830 real sec
[M::process] read 105038 sequences (10000017 bp)...
[M::mem_process_seqs] Processed 102884 reads in 13.598 CPU sec, 14.480 real sec
[M::process] read 102136 sequences (10000123 bp)...
[M::mem_process_seqs] Processed 105038 reads in 14.300 CPU sec, 15.101 real sec
[M::process] read 103076 sequences (10000026 bp)...
[M::mem_process_seqs] Processed 102136 reads in 14.652 CPU sec, 15.037 real sec
[M::process] read 104968 sequences (10000131 bp)...
[M::mem_process_seqs] Processed 103076 reads in 15.778 CPU sec, 16.584 real sec
[M::process] read 104656 sequences (10000012 bp)...
[M::mem_process_seqs] Processed 104968 reads in 15.961 CPU sec, 16.802 real sec
[M::process] read 102084 sequences (10000186 bp)...
[M::mem_process_seqs] Processed 104656 reads in 16.003 CPU sec, 17.018 real sec
[M::process] read 104516 sequences (10000037 bp)...
[M::mem_process_seqs] Processed 102084 reads in 14.329 CPU sec, 14.918 real sec
[M::process] read 104538 sequences (10000009 bp)...
[M::mem_process_seqs] Processed 104516 reads in 15.415 CPU sec, 15.795 real sec
[M::process] read 103212 sequences (10000164 bp)...
[M::mem_process_seqs] Processed 104538 reads in 15.677 CPU sec, 16.556 real sec
[M::process] read 104888 sequences (10000048 bp)...
[M::mem_process_seqs] Processed 103212 reads in 15.851 CPU sec, 16.318 real sec
[M::process] read 104148 sequences (10000144 bp)...
[M::mem_process_seqs] Processed 104888 reads in 15.188 CPU sec, 15.772 real sec
[M::process] read 103856 sequences (10000102 bp)...
[M::mem_process_seqs] Processed 104148 reads in 15.504 CPU sec, 15.574 real sec
[M::process] read 102978 sequences (10000071 bp)...
[M::mem_process_seqs] Processed 103856 reads in 14.745 CPU sec, 15.489 real sec
[M::process] read 104474 sequences (10000166 bp)...
[M::mem_process_seqs] Processed 102978 reads in 15.193 CPU sec, 15.624 real sec
[M::process] read 104742 sequences (10000092 bp)...
[M::mem_process_seqs] Processed 104474 reads in 15.813 CPU sec, 16.956 real sec
[M::process] read 104454 sequences (10000158 bp)...
[M::mem_process_seqs] Processed 104742 reads in 15.823 CPU sec, 16.602 real sec
[M::process] read 102178 sequences (10000179 bp)...
[M::mem_process_seqs] Processed 104454 reads in 14.779 CPU sec, 14.810 real sec
[M::process] read 104398 sequences (10000219 bp)...
[M::mem_process_seqs] Processed 102178 reads in 13.781 CPU sec, 14.215 real sec
[M::process] read 104478 sequences (10000066 bp)...
[M::mem_process_seqs] Processed 104398 reads in 17.079 CPU sec, 17.930 real sec
[M::process] read 105198 sequences (10000116 bp)...
[M::mem_process_seqs] Processed 104478 reads in 15.491 CPU sec, 15.941 real sec
[M::process] read 103238 sequences (10000124 bp)...
[M::mem_process_seqs] Processed 105198 reads in 15.315 CPU sec, 15.981 real sec
[M::process] read 104902 sequences (10000257 bp)...
[M::mem_process_seqs] Processed 103238 reads in 15.458 CPU sec, 15.889 real sec
[M::process] read 104338 sequences (10000065 bp)...
[M::mem_process_seqs] Processed 104902 reads in 16.765 CPU sec, 17.731 real sec
[M::process] read 104338 sequences (10000038 bp)...
[M::mem_process_seqs] Processed 104338 reads in 15.596 CPU sec, 16.533 real sec
[M::process] read 89336 sequences (10000052 bp)...
[M::mem_process_seqs] Processed 104338 reads in 16.851 CPU sec, 17.828 real sec
[M::process] read 78770 sequences (10000205 bp)...
[M::mem_process_seqs] Processed 89336 reads in 11.576 CPU sec, 12.228 real sec
[M::process] read 99196 sequences (10000119 bp)...
[M::mem_process_seqs] Processed 78770 reads in 6.534 CPU sec, 6.938 real sec
[M::process] read 94306 sequences (10000076 bp)...
[M::mem_process_seqs] Processed 99196 reads in 12.177 CPU sec, 12.777 real sec
[M::process] read 104380 sequences (10000096 bp)...
[M::mem_process_seqs] Processed 94306 reads in 12.049 CPU sec, 12.484 real sec
[M::process] read 104384 sequences (10000082 bp)...
[M::mem_process_seqs] Processed 104380 reads in 15.053 CPU sec, 15.623 real sec
[M::process] read 104518 sequences (10000068 bp)...
[M::mem_process_seqs] Processed 104384 reads in 15.707 CPU sec, 15.932 real sec
[M::process] read 104670 sequences (10000140 bp)...
[M::mem_process_seqs] Processed 104518 reads in 17.068 CPU sec, 18.059 real sec
[M::process] read 104362 sequences (10000282 bp)...
[M::mem_process_seqs] Processed 104670 reads in 16.333 CPU sec, 17.016 real sec
[M::process] read 104124 sequences (10000132 bp)...
[M::mem_process_seqs] Processed 104362 reads in 16.310 CPU sec, 17.530 real sec
[M::process] read 104912 sequences (10000102 bp)...
[M::mem_process_seqs] Processed 104124 reads in 15.879 CPU sec, 17.200 real sec
[M::process] read 104346 sequences (10000128 bp)...
[M::mem_process_seqs] Processed 104912 reads in 15.768 CPU sec, 16.780 real sec
[M::process] read 103896 sequences (10000052 bp)...
[M::mem_process_seqs] Processed 104346 reads in 15.540 CPU sec, 16.164 real sec
[M::process] read 103538 sequences (10000054 bp)...
[M::mem_process_seqs] Processed 103896 reads in 14.816 CPU sec, 15.555 real sec
[M::process] read 99084 sequences (10000176 bp)...
[M::mem_process_seqs] Processed 103538 reads in 15.741 CPU sec, 16.472 real sec
[M::process] read 105000 sequences (10000062 bp)...
[M::mem_process_seqs] Processed 99084 reads in 13.584 CPU sec, 14.952 real sec
[M::process] read 104508 sequences (10000053 bp)...
[M::mem_process_seqs] Processed 105000 reads in 15.534 CPU sec, 16.190 real sec
[M::process] read 104296 sequences (10000161 bp)...
[M::mem_process_seqs] Processed 104508 reads in 15.766 CPU sec, 16.070 real sec
[M::process] read 104722 sequences (10000018 bp)...
[M::mem_process_seqs] Processed 104296 reads in 16.443 CPU sec, 16.615 real sec
[M::process] read 104818 sequences (10000094 bp)...
[M::mem_process_seqs] Processed 104722 reads in 15.507 CPU sec, 15.808 real sec
[M::process] read 97290 sequences (10000169 bp)...
[M::mem_process_seqs] Processed 104818 reads in 16.320 CPU sec, 18.213 real sec
[M::process] read 104508 sequences (10000132 bp)...
[M::mem_process_seqs] Processed 97290 reads in 14.718 CPU sec, 14.949 real sec
[M::process] read 104548 sequences (10000103 bp)...
[M::mem_process_seqs] Processed 104508 reads in 16.868 CPU sec, 17.597 real sec
[M::process] read 104670 sequences (10000053 bp)...
[M::mem_process_seqs] Processed 104548 reads in 15.495 CPU sec, 16.248 real sec
[M::process] read 104796 sequences (10000139 bp)...
[M::mem_process_seqs] Processed 104670 reads in 15.954 CPU sec, 16.825 real sec
[M::process] read 100832 sequences (10000054 bp)...
[M::mem_process_seqs] Processed 104796 reads in 16.281 CPU sec, 16.955 real sec
[M::process] read 103980 sequences (10000223 bp)...
[M::mem_process_seqs] Processed 100832 reads in 14.673 CPU sec, 15.035 real sec
[M::process] read 103548 sequences (10000214 bp)...
[M::mem_process_seqs] Processed 103980 reads in 15.119 CPU sec, 16.174 real sec
[M::process] read 104738 sequences (10000000 bp)...
[M::mem_process_seqs] Processed 103548 reads in 15.249 CPU sec, 15.334 real sec
[M::process] read 104152 sequences (10000025 bp)...
[M::mem_process_seqs] Processed 104738 reads in 17.264 CPU sec, 17.799 real sec
[M::process] read 99946 sequences (10000138 bp)...
[M::mem_process_seqs] Processed 104152 reads in 16.558 CPU sec, 17.426 real sec
[M::process] read 104328 sequences (10000182 bp)...
[M::mem_process_seqs] Processed 99946 reads in 13.785 CPU sec, 14.390 real sec
[M::process] read 103184 sequences (10000095 bp)...
[M::mem_process_seqs] Processed 104328 reads in 15.271 CPU sec, 15.729 real sec
[M::process] read 104178 sequences (10000046 bp)...
[M::mem_process_seqs] Processed 103184 reads in 14.919 CPU sec, 15.432 real sec
[M::process] read 105300 sequences (10000155 bp)...
[M::mem_process_seqs] Processed 104178 reads in 16.405 CPU sec, 17.126 real sec
[M::process] read 102528 sequences (10000021 bp)...
[M::mem_process_seqs] Processed 105300 reads in 15.780 CPU sec, 16.227 real sec
[M::process] read 103536 sequences (10000148 bp)...
[M::mem_process_seqs] Processed 102528 reads in 14.462 CPU sec, 15.478 real sec
[M::process] read 104572 sequences (10000139 bp)...
[M::mem_process_seqs] Processed 103536 reads in 15.438 CPU sec, 16.468 real sec
[M::process] read 104936 sequences (10000102 bp)...
[M::mem_process_seqs] Processed 104572 reads in 15.455 CPU sec, 15.636 real sec
[M::process] read 104360 sequences (10000043 bp)...
[M::mem_process_seqs] Processed 104936 reads in 15.530 CPU sec, 16.025 real sec
[M::process] read 97706 sequences (10000240 bp)...
[M::mem_process_seqs] Processed 104360 reads in 15.261 CPU sec, 16.085 real sec
[M::process] read 89938 sequences (10000150 bp)...
[M::mem_process_seqs] Processed 97706 reads in 13.359 CPU sec, 14.543 real sec
[M::process] read 103984 sequences (10000046 bp)...
[M::mem_process_seqs] Processed 89938 reads in 7.230 CPU sec, 7.398 real sec
[M::process] read 103654 sequences (10000066 bp)...
[M::mem_process_seqs] Processed 103984 reads in 15.841 CPU sec, 16.475 real sec
[M::process] read 105104 sequences (10000163 bp)...
[M::mem_process_seqs] Processed 103654 reads in 15.576 CPU sec, 16.020 real sec
[M::process] read 104604 sequences (10000061 bp)...
[M::mem_process_seqs] Processed 105104 reads in 16.325 CPU sec, 16.923 real sec
[M::process] read 105122 sequences (10000111 bp)...
[M::mem_process_seqs] Processed 104604 reads in 15.787 CPU sec, 16.702 real sec
[M::process] read 102830 sequences (10000053 bp)...
[M::mem_process_seqs] Processed 105122 reads in 16.667 CPU sec, 17.146 real sec
[M::process] read 104280 sequences (10000052 bp)...
[M::mem_process_seqs] Processed 102830 reads in 15.631 CPU sec, 16.541 real sec
[M::process] read 104662 sequences (10000079 bp)...
[M::mem_process_seqs] Processed 104280 reads in 16.598 CPU sec, 17.138 real sec
[M::process] read 104198 sequences (10000152 bp)...
[M::mem_process_seqs] Processed 104662 reads in 15.996 CPU sec, 16.264 real sec
[M::process] read 103160 sequences (10000112 bp)...
[M::mem_process_seqs] Processed 104198 reads in 16.184 CPU sec, 17.009 real sec
[M::process] read 99706 sequences (10000244 bp)...
[M::mem_process_seqs] Processed 103160 reads in 17.966 CPU sec, 18.800 real sec
[M::process] read 103282 sequences (10000128 bp)...
[M::mem_process_seqs] Processed 99706 reads in 13.250 CPU sec, 13.436 real sec
[M::process] read 102420 sequences (10000078 bp)...
[M::mem_process_seqs] Processed 103282 reads in 16.144 CPU sec, 16.444 real sec
[M::process] read 104806 sequences (10000150 bp)...
[M::mem_process_seqs] Processed 102420 reads in 15.139 CPU sec, 15.297 real sec
[M::process] read 102616 sequences (10000151 bp)...
[M::mem_process_seqs] Processed 104806 reads in 16.616 CPU sec, 16.993 real sec
[M::process] read 103342 sequences (10000066 bp)...
[M::mem_process_seqs] Processed 102616 reads in 15.272 CPU sec, 15.410 real sec
[M::process] read 105340 sequences (10000084 bp)...
[M::mem_process_seqs] Processed 103342 reads in 15.822 CPU sec, 16.040 real sec
[M::process] read 104932 sequences (10000121 bp)...
[M::mem_process_seqs] Processed 105340 reads in 15.795 CPU sec, 15.828 real sec
[M::process] read 102434 sequences (10000096 bp)...
[M::mem_process_seqs] Processed 104932 reads in 16.958 CPU sec, 17.112 real sec
[M::process] read 105198 sequences (10000005 bp)...
[M::mem_process_seqs] Processed 102434 reads in 14.665 CPU sec, 14.718 real sec
[M::process] read 96900 sequences (10000064 bp)...
[M::mem_process_seqs] Processed 105198 reads in 17.148 CPU sec, 18.556 real sec
[M::process] read 105074 sequences (10000075 bp)...
[M::mem_process_seqs] Processed 96900 reads in 13.592 CPU sec, 13.554 real sec
[M::process] read 86666 sequences (10000291 bp)...
[M::mem_process_seqs] Processed 105074 reads in 15.763 CPU sec, 16.062 real sec
[M::process] read 100212 sequences (10000153 bp)...
[M::mem_process_seqs] Processed 86666 reads in 9.649 CPU sec, 9.460 real sec
[M::process] read 104752 sequences (10000033 bp)...
[M::mem_process_seqs] Processed 100212 reads in 12.317 CPU sec, 12.100 real sec
[M::process] read 103574 sequences (10000006 bp)...
[M::mem_process_seqs] Processed 104752 reads in 15.991 CPU sec, 15.840 real sec
[M::process] read 104972 sequences (10000137 bp)...
[M::mem_process_seqs] Processed 103574 reads in 15.391 CPU sec, 15.442 real sec
[M::process] read 70004 sequences (6748546 bp)...
[M::mem_process_seqs] Processed 104972 reads in 16.350 CPU sec, 16.347 real sec
[M::mem_process_seqs] Processed 70004 reads in 10.053 CPU sec, 10.613 real sec
[main] Version: 0.7.17-r1188
[main] CMD: bwa mem -L 5 -I 534.409,78.6023,1268,212 -t 1 -a -M -T 30 -A 1 -B 4 -O 6 -R @RG\tID:Aen-AHam_027-AeA01027_CKDL210012719-1a-5UDI298-AK1864_HF5TCDSX2_L1_clmp_fp2_repr\tSM:Aen-AHam_027-AeA01027_CKDL210012719-1a-5UDI298-AK1864_HF5TCDSX2_L1_clmp_fp2_repr\tPL:Illumina reference.rad.RAW-6-6.fasta Aen-AHam_027-AeA01027_CKDL210012719-1a-5UDI298-AK1864_HF5TCDSX2_L1_clmp_fp2_repr.R1.fq.gz Aen-AHam_027-AeA01027_CKDL210012719-1a-5UDI298-AK1864_HF5TCDSX2_L1_clmp_fp2_repr.R2.fq.gz
[main] Real time: 2667.073 sec; CPU: 2555.491 sec
