[M::main_mem] mean insert size: 534.409, stddev: 78.602, max: 1268, min: 212
[M::bwa_idx_load_from_disk] read 0 ALT contigs
[M::process] read 72370 sequences (10000168 bp)...
[M::process] read 72366 sequences (10000266 bp)...
[M::mem_process_seqs] Processed 72370 reads in 27.218 CPU sec, 29.250 real sec
[M::process] read 72352 sequences (10000144 bp)...
[M::mem_process_seqs] Processed 72366 reads in 27.479 CPU sec, 29.014 real sec
[M::process] read 72404 sequences (10000224 bp)...
[M::mem_process_seqs] Processed 72352 reads in 25.605 CPU sec, 26.519 real sec
[M::process] read 71492 sequences (10000128 bp)...
[M::mem_process_seqs] Processed 72404 reads in 29.732 CPU sec, 30.956 real sec
[M::process] read 67690 sequences (10000167 bp)...
[M::mem_process_seqs] Processed 71492 reads in 23.235 CPU sec, 24.662 real sec
[M::process] read 70506 sequences (10000187 bp)...
[M::mem_process_seqs] Processed 67690 reads in 7.250 CPU sec, 7.948 real sec
[M::process] read 72232 sequences (10000168 bp)...
[M::mem_process_seqs] Processed 70506 reads in 17.809 CPU sec, 18.507 real sec
[M::process] read 72248 sequences (10000192 bp)...
[M::mem_process_seqs] Processed 72232 reads in 25.751 CPU sec, 26.462 real sec
[M::process] read 72016 sequences (10000067 bp)...
[M::mem_process_seqs] Processed 72248 reads in 26.973 CPU sec, 27.696 real sec
[M::process] read 72116 sequences (10000086 bp)...
[M::mem_process_seqs] Processed 72016 reads in 25.799 CPU sec, 26.711 real sec
[M::process] read 71828 sequences (10000134 bp)...
[M::mem_process_seqs] Processed 72116 reads in 27.678 CPU sec, 28.679 real sec
[M::process] read 72696 sequences (10000161 bp)...
[M::mem_process_seqs] Processed 71828 reads in 26.918 CPU sec, 27.983 real sec
[M::process] read 71950 sequences (10000134 bp)...
[M::mem_process_seqs] Processed 72696 reads in 27.850 CPU sec, 28.424 real sec
[M::process] read 72018 sequences (10000124 bp)...
[M::mem_process_seqs] Processed 71950 reads in 28.514 CPU sec, 29.305 real sec
[M::process] read 72372 sequences (10000248 bp)...
[M::mem_process_seqs] Processed 72018 reads in 27.047 CPU sec, 28.070 real sec
[M::process] read 72162 sequences (10000018 bp)...
[M::mem_process_seqs] Processed 72372 reads in 27.195 CPU sec, 27.843 real sec
[M::process] read 72516 sequences (10000100 bp)...
[M::mem_process_seqs] Processed 72162 reads in 29.169 CPU sec, 29.709 real sec
[M::process] read 72122 sequences (10000090 bp)...
[M::mem_process_seqs] Processed 72516 reads in 34.788 CPU sec, 36.859 real sec
[M::process] read 72214 sequences (10000212 bp)...
[M::mem_process_seqs] Processed 72122 reads in 24.737 CPU sec, 25.378 real sec
[M::process] read 72340 sequences (10000187 bp)...
[M::mem_process_seqs] Processed 72214 reads in 26.067 CPU sec, 26.256 real sec
[M::process] read 72458 sequences (10000077 bp)...
[M::mem_process_seqs] Processed 72340 reads in 40.954 CPU sec, 41.395 real sec
[M::process] read 71618 sequences (10000211 bp)...
[M::mem_process_seqs] Processed 72458 reads in 26.715 CPU sec, 26.825 real sec
[M::process] read 72330 sequences (10000287 bp)...
[M::mem_process_seqs] Processed 71618 reads in 31.934 CPU sec, 33.741 real sec
[M::process] read 72164 sequences (10000282 bp)...
[M::mem_process_seqs] Processed 72330 reads in 30.246 CPU sec, 32.722 real sec
[M::process] read 72096 sequences (10000165 bp)...
[M::mem_process_seqs] Processed 72164 reads in 28.825 CPU sec, 29.637 real sec
[M::process] read 72152 sequences (10000087 bp)...
[M::mem_process_seqs] Processed 72096 reads in 28.198 CPU sec, 30.099 real sec
[M::process] read 72526 sequences (10000226 bp)...
[M::mem_process_seqs] Processed 72152 reads in 27.087 CPU sec, 28.118 real sec
[M::process] read 72332 sequences (10000004 bp)...
[M::mem_process_seqs] Processed 72526 reads in 44.334 CPU sec, 46.502 real sec
[M::process] read 70606 sequences (10000237 bp)...
[M::mem_process_seqs] Processed 72332 reads in 27.083 CPU sec, 27.913 real sec
[M::process] read 71880 sequences (10000040 bp)...
[M::mem_process_seqs] Processed 70606 reads in 17.138 CPU sec, 17.778 real sec
[M::process] read 72172 sequences (10000115 bp)...
[M::mem_process_seqs] Processed 71880 reads in 23.306 CPU sec, 23.957 real sec
[M::process] read 72410 sequences (10000291 bp)...
[M::mem_process_seqs] Processed 72172 reads in 25.835 CPU sec, 27.618 real sec
[M::process] read 72080 sequences (10000107 bp)...
[M::mem_process_seqs] Processed 72410 reads in 28.039 CPU sec, 28.921 real sec
[M::process] read 72142 sequences (10000062 bp)...
[M::mem_process_seqs] Processed 72080 reads in 32.310 CPU sec, 33.839 real sec
[M::process] read 71862 sequences (10000090 bp)...
[M::mem_process_seqs] Processed 72142 reads in 24.416 CPU sec, 25.871 real sec
[M::process] read 72024 sequences (10000044 bp)...
[M::mem_process_seqs] Processed 71862 reads in 28.155 CPU sec, 28.581 real sec
[M::process] read 72280 sequences (10000249 bp)...
[M::mem_process_seqs] Processed 72024 reads in 28.136 CPU sec, 29.129 real sec
[M::process] read 71816 sequences (10000087 bp)...
[M::mem_process_seqs] Processed 72280 reads in 28.776 CPU sec, 29.741 real sec
[M::process] read 72138 sequences (10000191 bp)...
[M::mem_process_seqs] Processed 71816 reads in 30.215 CPU sec, 31.544 real sec
[M::process] read 71594 sequences (10000226 bp)...
[M::mem_process_seqs] Processed 72138 reads in 25.836 CPU sec, 27.026 real sec
[M::process] read 72336 sequences (10000168 bp)...
[M::mem_process_seqs] Processed 71594 reads in 40.224 CPU sec, 42.832 real sec
[M::process] read 71800 sequences (10000184 bp)...
[M::mem_process_seqs] Processed 72336 reads in 28.251 CPU sec, 29.332 real sec
[M::process] read 72124 sequences (10000176 bp)...
[M::mem_process_seqs] Processed 71800 reads in 27.318 CPU sec, 28.258 real sec
[M::process] read 71876 sequences (10000149 bp)...
[M::mem_process_seqs] Processed 72124 reads in 26.989 CPU sec, 27.540 real sec
[M::process] read 72050 sequences (10000078 bp)...
[M::mem_process_seqs] Processed 71876 reads in 27.550 CPU sec, 28.040 real sec
[M::process] read 72204 sequences (10000242 bp)...
[M::mem_process_seqs] Processed 72050 reads in 27.830 CPU sec, 28.623 real sec
[M::process] read 67764 sequences (10000104 bp)...
[M::mem_process_seqs] Processed 72204 reads in 27.109 CPU sec, 28.956 real sec
[M::process] read 70026 sequences (10000021 bp)...
[M::mem_process_seqs] Processed 67764 reads in 6.972 CPU sec, 7.156 real sec
[M::process] read 72210 sequences (10000106 bp)...
[M::mem_process_seqs] Processed 70026 reads in 16.041 CPU sec, 17.517 real sec
[M::process] read 72224 sequences (10000220 bp)...
[M::mem_process_seqs] Processed 72210 reads in 26.991 CPU sec, 28.913 real sec
[M::process] read 71994 sequences (10000044 bp)...
[M::mem_process_seqs] Processed 72224 reads in 25.131 CPU sec, 25.754 real sec
[M::process] read 72026 sequences (10000044 bp)...
[M::mem_process_seqs] Processed 71994 reads in 23.590 CPU sec, 24.754 real sec
[M::process] read 72102 sequences (10000215 bp)...
[M::mem_process_seqs] Processed 72026 reads in 30.515 CPU sec, 31.705 real sec
[M::process] read 72038 sequences (10000005 bp)...
[M::mem_process_seqs] Processed 72102 reads in 27.925 CPU sec, 28.980 real sec
[M::process] read 72106 sequences (10000212 bp)...
[M::mem_process_seqs] Processed 72038 reads in 27.034 CPU sec, 27.997 real sec
[M::process] read 72138 sequences (10000057 bp)...
[M::mem_process_seqs] Processed 72106 reads in 31.771 CPU sec, 32.901 real sec
[M::process] read 72384 sequences (10000036 bp)...
[M::mem_process_seqs] Processed 72138 reads in 33.348 CPU sec, 34.459 real sec
[M::process] read 72422 sequences (10000295 bp)...
[M::mem_process_seqs] Processed 72384 reads in 28.444 CPU sec, 30.294 real sec
[M::process] read 72344 sequences (10000170 bp)...
[M::mem_process_seqs] Processed 72422 reads in 26.459 CPU sec, 28.069 real sec
[M::process] read 72490 sequences (10000237 bp)...
[M::mem_process_seqs] Processed 72344 reads in 30.782 CPU sec, 33.231 real sec
[M::process] read 72054 sequences (10000099 bp)...
[M::mem_process_seqs] Processed 72490 reads in 26.316 CPU sec, 27.472 real sec
[M::process] read 72004 sequences (10000080 bp)...
[M::mem_process_seqs] Processed 72054 reads in 25.450 CPU sec, 26.592 real sec
[M::process] read 72074 sequences (10000219 bp)...
[M::mem_process_seqs] Processed 72004 reads in 28.465 CPU sec, 28.945 real sec
[M::process] read 72180 sequences (10000179 bp)...
[M::mem_process_seqs] Processed 72074 reads in 36.538 CPU sec, 37.180 real sec
[M::process] read 71774 sequences (10000192 bp)...
[M::mem_process_seqs] Processed 72180 reads in 26.730 CPU sec, 27.515 real sec
[M::process] read 72130 sequences (10000119 bp)...
[M::mem_process_seqs] Processed 71774 reads in 25.643 CPU sec, 25.593 real sec
[M::process] read 72334 sequences (10000124 bp)...
[M::mem_process_seqs] Processed 72130 reads in 27.982 CPU sec, 28.506 real sec
[M::process] read 72302 sequences (10000150 bp)...
[M::mem_process_seqs] Processed 72334 reads in 25.569 CPU sec, 26.363 real sec
[M::process] read 72076 sequences (10000199 bp)...
[M::mem_process_seqs] Processed 72302 reads in 31.724 CPU sec, 32.174 real sec
[M::process] read 71988 sequences (10000084 bp)...
[M::mem_process_seqs] Processed 72076 reads in 25.969 CPU sec, 26.133 real sec
[M::process] read 71946 sequences (10000122 bp)...
[M::mem_process_seqs] Processed 71988 reads in 28.408 CPU sec, 29.064 real sec
[M::process] read 72164 sequences (10000188 bp)...
[M::mem_process_seqs] Processed 71946 reads in 29.007 CPU sec, 29.517 real sec
[M::process] read 72206 sequences (10000224 bp)...
[M::mem_process_seqs] Processed 72164 reads in 26.704 CPU sec, 27.286 real sec
[M::process] read 72156 sequences (10000253 bp)...
[M::mem_process_seqs] Processed 72206 reads in 26.536 CPU sec, 27.565 real sec
[M::process] read 72296 sequences (10000087 bp)...
[M::mem_process_seqs] Processed 72156 reads in 30.490 CPU sec, 31.708 real sec
[M::process] read 72218 sequences (10000129 bp)...
[M::mem_process_seqs] Processed 72296 reads in 27.847 CPU sec, 28.737 real sec
[M::process] read 72200 sequences (10000148 bp)...
[M::mem_process_seqs] Processed 72218 reads in 29.444 CPU sec, 29.681 real sec
[M::process] read 72244 sequences (10000151 bp)...
[M::mem_process_seqs] Processed 72200 reads in 26.513 CPU sec, 26.765 real sec
[M::process] read 71708 sequences (10000081 bp)...
[M::mem_process_seqs] Processed 72244 reads in 26.196 CPU sec, 26.589 real sec
[M::process] read 72150 sequences (10000184 bp)...
[M::mem_process_seqs] Processed 71708 reads in 25.339 CPU sec, 25.502 real sec
[M::process] read 72082 sequences (10000240 bp)...
[M::mem_process_seqs] Processed 72150 reads in 28.564 CPU sec, 28.439 real sec
[M::process] read 71874 sequences (10000063 bp)...
[M::mem_process_seqs] Processed 72082 reads in 25.978 CPU sec, 25.635 real sec
[M::process] read 72296 sequences (10000080 bp)...
[M::mem_process_seqs] Processed 71874 reads in 27.406 CPU sec, 27.125 real sec
[M::process] read 72124 sequences (10000285 bp)...
[M::mem_process_seqs] Processed 72296 reads in 27.081 CPU sec, 27.676 real sec
[M::process] read 72272 sequences (10000160 bp)...
[M::mem_process_seqs] Processed 72124 reads in 31.288 CPU sec, 30.927 real sec
[M::process] read 72514 sequences (10000100 bp)...
[M::mem_process_seqs] Processed 72272 reads in 25.706 CPU sec, 25.537 real sec
[M::process] read 71876 sequences (10000079 bp)...
[M::mem_process_seqs] Processed 72514 reads in 26.923 CPU sec, 26.443 real sec
[M::process] read 72062 sequences (10000178 bp)...
[M::mem_process_seqs] Processed 71876 reads in 26.443 CPU sec, 25.998 real sec
[M::process] read 72246 sequences (10000102 bp)...
[M::mem_process_seqs] Processed 72062 reads in 30.213 CPU sec, 29.774 real sec
[M::process] read 72282 sequences (10000123 bp)...
[M::mem_process_seqs] Processed 72246 reads in 39.702 CPU sec, 39.218 real sec
[M::process] read 71772 sequences (10000009 bp)...
[M::mem_process_seqs] Processed 72282 reads in 31.500 CPU sec, 31.045 real sec
[M::process] read 72250 sequences (10000165 bp)...
[M::mem_process_seqs] Processed 71772 reads in 33.250 CPU sec, 32.987 real sec
[M::process] read 71784 sequences (10000121 bp)...
[M::mem_process_seqs] Processed 72250 reads in 25.399 CPU sec, 25.180 real sec
[M::process] read 72158 sequences (10000134 bp)...
[M::mem_process_seqs] Processed 71784 reads in 29.940 CPU sec, 29.886 real sec
[M::process] read 72234 sequences (10000285 bp)...
[M::mem_process_seqs] Processed 72158 reads in 27.721 CPU sec, 27.531 real sec
[M::process] read 72278 sequences (10000288 bp)...
[M::mem_process_seqs] Processed 72234 reads in 28.355 CPU sec, 27.931 real sec
[M::process] read 71522 sequences (10000161 bp)...
[M::mem_process_seqs] Processed 72278 reads in 26.548 CPU sec, 26.195 real sec
[M::process] read 72326 sequences (10000095 bp)...
[M::mem_process_seqs] Processed 71522 reads in 37.383 CPU sec, 37.005 real sec
[M::process] read 72312 sequences (10000284 bp)...
[M::mem_process_seqs] Processed 72326 reads in 26.328 CPU sec, 26.003 real sec
[M::process] read 72340 sequences (10000213 bp)...
[M::mem_process_seqs] Processed 72312 reads in 26.460 CPU sec, 26.088 real sec
[M::process] read 72264 sequences (10000090 bp)...
[M::mem_process_seqs] Processed 72340 reads in 26.776 CPU sec, 26.626 real sec
[M::process] read 72348 sequences (10000183 bp)...
[M::mem_process_seqs] Processed 72264 reads in 27.630 CPU sec, 27.501 real sec
[M::process] read 72030 sequences (10000079 bp)...
[M::mem_process_seqs] Processed 72348 reads in 26.638 CPU sec, 26.282 real sec
[M::process] read 72038 sequences (10000009 bp)...
[M::mem_process_seqs] Processed 72030 reads in 37.186 CPU sec, 37.585 real sec
[M::process] read 71998 sequences (10000277 bp)...
[M::mem_process_seqs] Processed 72038 reads in 30.882 CPU sec, 30.732 real sec
[M::process] read 72382 sequences (10000044 bp)...
[M::mem_process_seqs] Processed 71998 reads in 29.216 CPU sec, 29.464 real sec
[M::process] read 72434 sequences (10000252 bp)...
[M::mem_process_seqs] Processed 72382 reads in 28.196 CPU sec, 27.995 real sec
[M::process] read 72244 sequences (10000135 bp)...
[M::mem_process_seqs] Processed 72434 reads in 27.335 CPU sec, 27.331 real sec
[M::process] read 72330 sequences (10000116 bp)...
[M::mem_process_seqs] Processed 72244 reads in 24.264 CPU sec, 25.168 real sec
[M::process] read 72164 sequences (10000120 bp)...
[M::mem_process_seqs] Processed 72330 reads in 28.040 CPU sec, 28.944 real sec
[M::process] read 72400 sequences (10000214 bp)...
[M::mem_process_seqs] Processed 72164 reads in 29.311 CPU sec, 29.928 real sec
[M::process] read 72286 sequences (10000062 bp)...
[M::mem_process_seqs] Processed 72400 reads in 27.228 CPU sec, 27.833 real sec
[M::process] read 72070 sequences (10000210 bp)...
[M::mem_process_seqs] Processed 72286 reads in 26.891 CPU sec, 28.474 real sec
[M::process] read 71904 sequences (10000042 bp)...
[M::mem_process_seqs] Processed 72070 reads in 25.641 CPU sec, 27.041 real sec
[M::process] read 72488 sequences (10000016 bp)...
[M::mem_process_seqs] Processed 71904 reads in 24.928 CPU sec, 26.238 real sec
[M::process] read 72638 sequences (10000144 bp)...
[M::mem_process_seqs] Processed 72488 reads in 27.315 CPU sec, 28.921 real sec
[M::process] read 72194 sequences (10000080 bp)...
[M::mem_process_seqs] Processed 72638 reads in 28.084 CPU sec, 29.300 real sec
[M::process] read 72042 sequences (10000084 bp)...
[M::mem_process_seqs] Processed 72194 reads in 25.593 CPU sec, 27.615 real sec
[M::process] read 72138 sequences (10000064 bp)...
[M::mem_process_seqs] Processed 72042 reads in 26.407 CPU sec, 27.096 real sec
[M::process] read 71948 sequences (10000126 bp)...
[M::mem_process_seqs] Processed 72138 reads in 31.819 CPU sec, 32.981 real sec
[M::process] read 72340 sequences (10000187 bp)...
[M::mem_process_seqs] Processed 71948 reads in 30.506 CPU sec, 31.645 real sec
[M::process] read 73046 sequences (10000051 bp)...
[M::mem_process_seqs] Processed 72340 reads in 28.780 CPU sec, 30.371 real sec
[M::process] read 72400 sequences (10000064 bp)...
[M::mem_process_seqs] Processed 73046 reads in 32.267 CPU sec, 33.576 real sec
[M::process] read 72136 sequences (10000205 bp)...
[M::mem_process_seqs] Processed 72400 reads in 25.746 CPU sec, 28.332 real sec
[M::process] read 71942 sequences (10000043 bp)...
[M::mem_process_seqs] Processed 72136 reads in 25.375 CPU sec, 27.000 real sec
[M::process] read 72408 sequences (10000262 bp)...
[M::mem_process_seqs] Processed 71942 reads in 25.379 CPU sec, 26.142 real sec
[M::process] read 72100 sequences (10000106 bp)...
[M::mem_process_seqs] Processed 72408 reads in 34.183 CPU sec, 35.325 real sec
[M::process] read 71920 sequences (10000233 bp)...
[M::mem_process_seqs] Processed 72100 reads in 26.554 CPU sec, 26.856 real sec
[M::process] read 71988 sequences (10000134 bp)...
[M::mem_process_seqs] Processed 71920 reads in 36.318 CPU sec, 38.336 real sec
[M::process] read 72256 sequences (10000204 bp)...
[M::mem_process_seqs] Processed 71988 reads in 25.502 CPU sec, 26.684 real sec
[M::process] read 72040 sequences (10000137 bp)...
[M::mem_process_seqs] Processed 72256 reads in 32.849 CPU sec, 34.024 real sec
[M::process] read 72070 sequences (10000235 bp)...
[M::mem_process_seqs] Processed 72040 reads in 29.353 CPU sec, 30.350 real sec
[M::process] read 72304 sequences (10000114 bp)...
[M::mem_process_seqs] Processed 72070 reads in 25.415 CPU sec, 27.312 real sec
[M::process] read 72060 sequences (10000245 bp)...
[M::mem_process_seqs] Processed 72304 reads in 26.332 CPU sec, 27.237 real sec
[M::process] read 72280 sequences (10000169 bp)...
[M::mem_process_seqs] Processed 72060 reads in 29.822 CPU sec, 31.162 real sec
[M::process] read 72042 sequences (10000099 bp)...
[M::mem_process_seqs] Processed 72280 reads in 27.219 CPU sec, 27.945 real sec
[M::process] read 72374 sequences (10000037 bp)...
[M::mem_process_seqs] Processed 72042 reads in 26.550 CPU sec, 27.806 real sec
[M::process] read 71864 sequences (10000025 bp)...
[M::mem_process_seqs] Processed 72374 reads in 26.121 CPU sec, 27.228 real sec
[M::process] read 72124 sequences (10000146 bp)...
[M::mem_process_seqs] Processed 71864 reads in 28.344 CPU sec, 30.406 real sec
[M::process] read 71960 sequences (10000136 bp)...
[M::mem_process_seqs] Processed 72124 reads in 27.048 CPU sec, 27.810 real sec
[M::process] read 72324 sequences (10000055 bp)...
[M::mem_process_seqs] Processed 71960 reads in 25.593 CPU sec, 26.516 real sec
[M::process] read 72090 sequences (10000005 bp)...
[M::mem_process_seqs] Processed 72324 reads in 25.679 CPU sec, 26.141 real sec
[M::process] read 72460 sequences (10000006 bp)...
[M::mem_process_seqs] Processed 72090 reads in 26.856 CPU sec, 28.733 real sec
[M::process] read 70750 sequences (10000005 bp)...
[M::mem_process_seqs] Processed 72460 reads in 25.711 CPU sec, 27.755 real sec
[M::process] read 70490 sequences (10000197 bp)...
[M::mem_process_seqs] Processed 70750 reads in 24.188 CPU sec, 24.673 real sec
[M::process] read 71878 sequences (10000268 bp)...
[M::mem_process_seqs] Processed 70490 reads in 17.064 CPU sec, 17.703 real sec
[M::process] read 72384 sequences (10000056 bp)...
[M::mem_process_seqs] Processed 71878 reads in 29.163 CPU sec, 30.158 real sec
[M::process] read 72282 sequences (10000267 bp)...
[M::mem_process_seqs] Processed 72384 reads in 26.312 CPU sec, 27.637 real sec
[M::process] read 71882 sequences (10000156 bp)...
[M::mem_process_seqs] Processed 72282 reads in 25.511 CPU sec, 26.131 real sec
[M::process] read 72288 sequences (10000167 bp)...
[M::mem_process_seqs] Processed 71882 reads in 28.598 CPU sec, 30.337 real sec
[M::process] read 72162 sequences (10000042 bp)...
[M::mem_process_seqs] Processed 72288 reads in 29.084 CPU sec, 30.341 real sec
[M::process] read 72498 sequences (10000066 bp)...
[M::mem_process_seqs] Processed 72162 reads in 26.877 CPU sec, 27.939 real sec
[M::process] read 72340 sequences (10000148 bp)...
[M::mem_process_seqs] Processed 72498 reads in 30.041 CPU sec, 32.173 real sec
[M::process] read 72036 sequences (10000286 bp)...
[M::mem_process_seqs] Processed 72340 reads in 31.808 CPU sec, 32.194 real sec
[M::process] read 72234 sequences (10000063 bp)...
[M::mem_process_seqs] Processed 72036 reads in 27.202 CPU sec, 27.796 real sec
[M::process] read 72120 sequences (10000017 bp)...
[M::mem_process_seqs] Processed 72234 reads in 28.288 CPU sec, 29.337 real sec
[M::process] read 72272 sequences (10000025 bp)...
[M::mem_process_seqs] Processed 72120 reads in 27.077 CPU sec, 28.524 real sec
[M::process] read 72118 sequences (10000123 bp)...
[M::mem_process_seqs] Processed 72272 reads in 27.220 CPU sec, 28.230 real sec
[M::process] read 72006 sequences (10000138 bp)...
[M::mem_process_seqs] Processed 72118 reads in 25.317 CPU sec, 25.559 real sec
[M::process] read 71994 sequences (10000170 bp)...
[M::mem_process_seqs] Processed 72006 reads in 26.118 CPU sec, 26.575 real sec
[M::process] read 72122 sequences (10000030 bp)...
[M::mem_process_seqs] Processed 71994 reads in 34.267 CPU sec, 36.049 real sec
[M::process] read 71968 sequences (10000012 bp)...
[M::mem_process_seqs] Processed 72122 reads in 28.930 CPU sec, 29.123 real sec
[M::process] read 72342 sequences (10000215 bp)...
[M::mem_process_seqs] Processed 71968 reads in 25.370 CPU sec, 26.134 real sec
[M::process] read 72038 sequences (10000023 bp)...
[M::mem_process_seqs] Processed 72342 reads in 26.754 CPU sec, 27.133 real sec
[M::process] read 72112 sequences (10000091 bp)...
[M::mem_process_seqs] Processed 72038 reads in 25.360 CPU sec, 25.795 real sec
[M::process] read 72386 sequences (10000156 bp)...
[M::mem_process_seqs] Processed 72112 reads in 31.873 CPU sec, 32.190 real sec
[M::process] read 71990 sequences (10000028 bp)...
[M::mem_process_seqs] Processed 72386 reads in 27.808 CPU sec, 28.423 real sec
[M::process] read 72166 sequences (10000074 bp)...
[M::mem_process_seqs] Processed 71990 reads in 31.598 CPU sec, 31.628 real sec
[M::process] read 72260 sequences (10000006 bp)...
[M::mem_process_seqs] Processed 72166 reads in 25.220 CPU sec, 25.130 real sec
[M::process] read 72088 sequences (10000081 bp)...
[M::mem_process_seqs] Processed 72260 reads in 30.397 CPU sec, 31.145 real sec
[M::process] read 72538 sequences (10000001 bp)...
[M::mem_process_seqs] Processed 72088 reads in 25.392 CPU sec, 26.692 real sec
[M::process] read 71930 sequences (10000163 bp)...
[M::mem_process_seqs] Processed 72538 reads in 28.420 CPU sec, 30.131 real sec
[M::process] read 72220 sequences (10000235 bp)...
[M::mem_process_seqs] Processed 71930 reads in 26.223 CPU sec, 28.286 real sec
[M::process] read 71870 sequences (10000154 bp)...
[M::mem_process_seqs] Processed 72220 reads in 29.085 CPU sec, 29.847 real sec
[M::process] read 72212 sequences (10000249 bp)...
[M::mem_process_seqs] Processed 71870 reads in 26.287 CPU sec, 28.062 real sec
[M::process] read 72264 sequences (10000285 bp)...
[M::mem_process_seqs] Processed 72212 reads in 29.363 CPU sec, 30.821 real sec
[M::process] read 72166 sequences (10000227 bp)...
[M::mem_process_seqs] Processed 72264 reads in 26.431 CPU sec, 27.793 real sec
[M::process] read 71818 sequences (10000113 bp)...
[M::mem_process_seqs] Processed 72166 reads in 26.743 CPU sec, 28.193 real sec
[M::process] read 72564 sequences (10000096 bp)...
[M::mem_process_seqs] Processed 71818 reads in 24.772 CPU sec, 25.726 real sec
[M::process] read 72434 sequences (10000267 bp)...
[M::mem_process_seqs] Processed 72564 reads in 27.947 CPU sec, 28.909 real sec
[M::process] read 72316 sequences (10000011 bp)...
[M::mem_process_seqs] Processed 72434 reads in 30.962 CPU sec, 32.893 real sec
[M::process] read 72102 sequences (10000000 bp)...
[M::mem_process_seqs] Processed 72316 reads in 30.103 CPU sec, 31.605 real sec
[M::process] read 71948 sequences (10000021 bp)...
[M::mem_process_seqs] Processed 72102 reads in 26.325 CPU sec, 29.259 real sec
[M::process] read 71016 sequences (10000018 bp)...
[M::mem_process_seqs] Processed 71948 reads in 27.089 CPU sec, 28.247 real sec
[M::process] read 71812 sequences (10000166 bp)...
[M::mem_process_seqs] Processed 71016 reads in 25.568 CPU sec, 27.262 real sec
[M::process] read 72138 sequences (10000157 bp)...
[M::mem_process_seqs] Processed 71812 reads in 26.483 CPU sec, 27.807 real sec
[M::process] read 72196 sequences (10000032 bp)...
[M::mem_process_seqs] Processed 72138 reads in 26.099 CPU sec, 28.232 real sec
[M::process] read 71976 sequences (10000238 bp)...
[M::mem_process_seqs] Processed 72196 reads in 28.251 CPU sec, 28.966 real sec
[M::process] read 72168 sequences (10000122 bp)...
[M::mem_process_seqs] Processed 71976 reads in 26.798 CPU sec, 27.589 real sec
[M::process] read 71922 sequences (10000128 bp)...
[M::mem_process_seqs] Processed 72168 reads in 26.755 CPU sec, 27.665 real sec
[M::process] read 72438 sequences (10000070 bp)...
[M::mem_process_seqs] Processed 71922 reads in 30.700 CPU sec, 31.663 real sec
[M::process] read 72236 sequences (10000018 bp)...
[M::mem_process_seqs] Processed 72438 reads in 36.661 CPU sec, 37.997 real sec
[M::process] read 72196 sequences (10000188 bp)...
[M::mem_process_seqs] Processed 72236 reads in 24.742 CPU sec, 26.372 real sec
[M::process] read 72218 sequences (10000276 bp)...
[M::mem_process_seqs] Processed 72196 reads in 27.523 CPU sec, 28.036 real sec
[M::process] read 71968 sequences (10000129 bp)...
[M::mem_process_seqs] Processed 72218 reads in 29.056 CPU sec, 30.293 real sec
[M::process] read 72412 sequences (10000250 bp)...
[M::mem_process_seqs] Processed 71968 reads in 26.930 CPU sec, 27.326 real sec
[M::process] read 72140 sequences (10000060 bp)...
[M::mem_process_seqs] Processed 72412 reads in 28.688 CPU sec, 29.823 real sec
[M::process] read 72328 sequences (10000257 bp)...
[M::mem_process_seqs] Processed 72140 reads in 28.786 CPU sec, 29.502 real sec
[M::process] read 71902 sequences (10000072 bp)...
[M::mem_process_seqs] Processed 72328 reads in 26.321 CPU sec, 27.467 real sec
[M::process] read 72204 sequences (10000170 bp)...
[M::mem_process_seqs] Processed 71902 reads in 27.547 CPU sec, 28.771 real sec
[M::process] read 72110 sequences (10000185 bp)...
[M::mem_process_seqs] Processed 72204 reads in 33.897 CPU sec, 34.280 real sec
[M::process] read 72216 sequences (10000016 bp)...
[M::mem_process_seqs] Processed 72110 reads in 26.660 CPU sec, 27.413 real sec
[M::process] read 72066 sequences (10000090 bp)...
[M::mem_process_seqs] Processed 72216 reads in 25.563 CPU sec, 26.149 real sec
[M::process] read 72060 sequences (10000103 bp)...
[M::mem_process_seqs] Processed 72066 reads in 28.186 CPU sec, 28.588 real sec
[M::process] read 72020 sequences (10000118 bp)...
[M::mem_process_seqs] Processed 72060 reads in 30.193 CPU sec, 30.263 real sec
[M::process] read 72324 sequences (10000090 bp)...
[M::mem_process_seqs] Processed 72020 reads in 30.516 CPU sec, 30.487 real sec
[M::process] read 72082 sequences (10000274 bp)...
[M::mem_process_seqs] Processed 72324 reads in 27.258 CPU sec, 27.761 real sec
[M::process] read 72210 sequences (10000002 bp)...
[M::mem_process_seqs] Processed 72082 reads in 27.002 CPU sec, 27.434 real sec
[M::process] read 72200 sequences (10000211 bp)...
[M::mem_process_seqs] Processed 72210 reads in 27.196 CPU sec, 27.957 real sec
[M::process] read 72320 sequences (10000197 bp)...
[M::mem_process_seqs] Processed 72200 reads in 27.500 CPU sec, 27.594 real sec
[M::process] read 72308 sequences (10000175 bp)...
[M::mem_process_seqs] Processed 72320 reads in 26.376 CPU sec, 26.620 real sec
[M::process] read 72464 sequences (10000133 bp)...
[M::mem_process_seqs] Processed 72308 reads in 25.753 CPU sec, 26.200 real sec
[M::process] read 72264 sequences (10000262 bp)...
[M::mem_process_seqs] Processed 72464 reads in 27.056 CPU sec, 27.219 real sec
[M::process] read 72276 sequences (10000070 bp)...
[M::mem_process_seqs] Processed 72264 reads in 25.927 CPU sec, 26.598 real sec
[M::process] read 48448 sequences (6883212 bp)...
[M::mem_process_seqs] Processed 72276 reads in 25.857 CPU sec, 26.572 real sec
[M::mem_process_seqs] Processed 48448 reads in 16.381 CPU sec, 16.574 real sec
[main] Version: 0.7.17-r1188
[main] CMD: bwa mem -L 5 -I 534.409,78.6023,1268,212 -t 1 -a -M -T 30 -A 1 -B 4 -O 6 -R @RG\tID:Aen-Cbat_025-AeC01025_CKDL210012719-1a-5UDI301-AK8488_HF5TCDSX2_L1_clmp_fp2_repr\tSM:Aen-Cbat_025-AeC01025_CKDL210012719-1a-5UDI301-AK8488_HF5TCDSX2_L1_clmp_fp2_repr\tPL:Illumina reference.rad.RAW-6-6.fasta Aen-Cbat_025-AeC01025_CKDL210012719-1a-5UDI301-AK8488_HF5TCDSX2_L1_clmp_fp2_repr.R1.fq.gz Aen-Cbat_025-AeC01025_CKDL210012719-1a-5UDI301-AK8488_HF5TCDSX2_L1_clmp_fp2_repr.R2.fq.gz
[main] Real time: 6179.375 sec; CPU: 5987.846 sec
