[M::main_mem] mean insert size: 534.409, stddev: 78.602, max: 1268, min: 212
[M::bwa_idx_load_from_disk] read 0 ALT contigs
[M::process] read 70238 sequences (10000047 bp)...
[M::process] read 69976 sequences (10000091 bp)...
[M::mem_process_seqs] Processed 70238 reads in 26.373 CPU sec, 26.251 real sec
[M::process] read 69706 sequences (10000077 bp)...
[M::mem_process_seqs] Processed 69976 reads in 23.209 CPU sec, 23.274 real sec
[M::process] read 70198 sequences (10000238 bp)...
[M::mem_process_seqs] Processed 69706 reads in 21.284 CPU sec, 21.251 real sec
[M::process] read 70170 sequences (10000052 bp)...
[M::mem_process_seqs] Processed 70198 reads in 25.892 CPU sec, 26.056 real sec
[M::process] read 70358 sequences (10000028 bp)...
[M::mem_process_seqs] Processed 70170 reads in 26.270 CPU sec, 26.938 real sec
[M::process] read 70226 sequences (10000255 bp)...
[M::mem_process_seqs] Processed 70358 reads in 26.592 CPU sec, 27.485 real sec
[M::process] read 70310 sequences (10000001 bp)...
[M::mem_process_seqs] Processed 70226 reads in 28.673 CPU sec, 29.660 real sec
[M::process] read 70184 sequences (10000037 bp)...
[M::mem_process_seqs] Processed 70310 reads in 28.489 CPU sec, 29.830 real sec
[M::process] read 70094 sequences (10000237 bp)...
[M::mem_process_seqs] Processed 70184 reads in 30.460 CPU sec, 30.650 real sec
[M::process] read 69996 sequences (10000155 bp)...
[M::mem_process_seqs] Processed 70094 reads in 29.271 CPU sec, 30.192 real sec
[M::process] read 70270 sequences (10000262 bp)...
[M::mem_process_seqs] Processed 69996 reads in 27.324 CPU sec, 28.873 real sec
[M::process] read 70022 sequences (10000250 bp)...
[M::mem_process_seqs] Processed 70270 reads in 32.362 CPU sec, 33.360 real sec
[M::process] read 70158 sequences (10000181 bp)...
[M::mem_process_seqs] Processed 70022 reads in 22.214 CPU sec, 23.110 real sec
[M::process] read 70024 sequences (10000297 bp)...
[M::mem_process_seqs] Processed 70158 reads in 27.499 CPU sec, 28.389 real sec
[M::process] read 70190 sequences (10000261 bp)...
[M::mem_process_seqs] Processed 70024 reads in 26.559 CPU sec, 28.171 real sec
[M::process] read 69932 sequences (10000252 bp)...
[M::mem_process_seqs] Processed 70190 reads in 27.369 CPU sec, 28.281 real sec
[M::process] read 70080 sequences (10000014 bp)...
[M::mem_process_seqs] Processed 69932 reads in 31.989 CPU sec, 33.233 real sec
[M::process] read 70016 sequences (10000055 bp)...
[M::mem_process_seqs] Processed 70080 reads in 27.572 CPU sec, 28.073 real sec
[M::process] read 69320 sequences (10000201 bp)...
[M::mem_process_seqs] Processed 70016 reads in 26.652 CPU sec, 27.853 real sec
[M::process] read 70048 sequences (10000087 bp)...
[M::mem_process_seqs] Processed 69320 reads in 17.562 CPU sec, 18.120 real sec
[M::process] read 70276 sequences (10000218 bp)...
[M::mem_process_seqs] Processed 70048 reads in 26.424 CPU sec, 27.851 real sec
[M::process] read 70038 sequences (10000292 bp)...
[M::mem_process_seqs] Processed 70276 reads in 26.888 CPU sec, 29.126 real sec
[M::process] read 70104 sequences (10000173 bp)...
[M::mem_process_seqs] Processed 70038 reads in 26.254 CPU sec, 27.272 real sec
[M::process] read 70460 sequences (10000292 bp)...
[M::mem_process_seqs] Processed 70104 reads in 30.729 CPU sec, 32.908 real sec
[M::process] read 70178 sequences (10000152 bp)...
[M::mem_process_seqs] Processed 70460 reads in 27.901 CPU sec, 29.375 real sec
[M::process] read 70074 sequences (10000105 bp)...
[M::mem_process_seqs] Processed 70178 reads in 26.184 CPU sec, 27.501 real sec
[M::process] read 69940 sequences (10000188 bp)...
[M::mem_process_seqs] Processed 70074 reads in 30.041 CPU sec, 32.221 real sec
[M::process] read 70230 sequences (10000141 bp)...
[M::mem_process_seqs] Processed 69940 reads in 26.577 CPU sec, 27.476 real sec
[M::process] read 70016 sequences (10000006 bp)...
[M::mem_process_seqs] Processed 70230 reads in 28.276 CPU sec, 29.186 real sec
[M::process] read 70280 sequences (10000063 bp)...
[M::mem_process_seqs] Processed 70016 reads in 28.265 CPU sec, 30.425 real sec
[M::process] read 70070 sequences (10000005 bp)...
[M::mem_process_seqs] Processed 70280 reads in 25.806 CPU sec, 26.742 real sec
[M::process] read 70138 sequences (10000041 bp)...
[M::mem_process_seqs] Processed 70070 reads in 28.156 CPU sec, 28.688 real sec
[M::process] read 69950 sequences (10000166 bp)...
[M::mem_process_seqs] Processed 70138 reads in 27.154 CPU sec, 28.961 real sec
[M::process] read 70156 sequences (10000157 bp)...
[M::mem_process_seqs] Processed 69950 reads in 26.646 CPU sec, 27.356 real sec
[M::process] read 70090 sequences (10000018 bp)...
[M::mem_process_seqs] Processed 70156 reads in 25.945 CPU sec, 27.290 real sec
[M::process] read 70084 sequences (10000136 bp)...
[M::mem_process_seqs] Processed 70090 reads in 27.421 CPU sec, 28.368 real sec
[M::process] read 70178 sequences (10000197 bp)...
[M::mem_process_seqs] Processed 70084 reads in 26.330 CPU sec, 26.523 real sec
[M::process] read 70018 sequences (10000076 bp)...
[M::mem_process_seqs] Processed 70178 reads in 32.228 CPU sec, 33.312 real sec
[M::process] read 70084 sequences (10000184 bp)...
[M::mem_process_seqs] Processed 70018 reads in 29.961 CPU sec, 30.838 real sec
[M::process] read 69954 sequences (10000268 bp)...
[M::mem_process_seqs] Processed 70084 reads in 28.737 CPU sec, 30.532 real sec
[M::process] read 70206 sequences (10000080 bp)...
[M::mem_process_seqs] Processed 69954 reads in 29.878 CPU sec, 31.489 real sec
[M::process] read 70166 sequences (10000074 bp)...
[M::mem_process_seqs] Processed 70206 reads in 26.605 CPU sec, 27.559 real sec
[M::process] read 70154 sequences (10000109 bp)...
[M::mem_process_seqs] Processed 70166 reads in 26.384 CPU sec, 27.764 real sec
[M::process] read 70074 sequences (10000066 bp)...
[M::mem_process_seqs] Processed 70154 reads in 32.246 CPU sec, 33.375 real sec
[M::process] read 70302 sequences (10000092 bp)...
[M::mem_process_seqs] Processed 70074 reads in 28.444 CPU sec, 29.973 real sec
[M::process] read 70128 sequences (10000119 bp)...
[M::mem_process_seqs] Processed 70302 reads in 25.697 CPU sec, 26.365 real sec
[M::process] read 70166 sequences (10000239 bp)...
[M::mem_process_seqs] Processed 70128 reads in 27.366 CPU sec, 27.965 real sec
[M::process] read 70100 sequences (10000270 bp)...
[M::mem_process_seqs] Processed 70166 reads in 26.797 CPU sec, 27.713 real sec
[M::process] read 70278 sequences (10000059 bp)...
[M::mem_process_seqs] Processed 70100 reads in 25.727 CPU sec, 27.803 real sec
[M::process] read 70034 sequences (10000157 bp)...
[M::mem_process_seqs] Processed 70278 reads in 26.544 CPU sec, 27.720 real sec
[M::process] read 70512 sequences (10000257 bp)...
[M::mem_process_seqs] Processed 70034 reads in 29.280 CPU sec, 30.449 real sec
[M::process] read 70106 sequences (10000253 bp)...
[M::mem_process_seqs] Processed 70512 reads in 29.817 CPU sec, 30.532 real sec
[M::process] read 70204 sequences (10000263 bp)...
[M::mem_process_seqs] Processed 70106 reads in 25.068 CPU sec, 26.886 real sec
[M::process] read 70110 sequences (10000077 bp)...
[M::mem_process_seqs] Processed 70204 reads in 28.878 CPU sec, 29.665 real sec
[M::process] read 69956 sequences (10000086 bp)...
[M::mem_process_seqs] Processed 70110 reads in 30.857 CPU sec, 32.278 real sec
[M::process] read 70080 sequences (10000007 bp)...
[M::mem_process_seqs] Processed 69956 reads in 28.723 CPU sec, 29.740 real sec
[M::process] read 70156 sequences (10000066 bp)...
[M::mem_process_seqs] Processed 70080 reads in 27.912 CPU sec, 27.997 real sec
[M::process] read 70078 sequences (10000073 bp)...
[M::mem_process_seqs] Processed 70156 reads in 27.254 CPU sec, 27.887 real sec
[M::process] read 70102 sequences (10000071 bp)...
[M::mem_process_seqs] Processed 70078 reads in 27.151 CPU sec, 27.207 real sec
[M::process] read 70040 sequences (10000061 bp)...
[M::mem_process_seqs] Processed 70102 reads in 25.991 CPU sec, 26.700 real sec
[M::process] read 69748 sequences (10000192 bp)...
[M::mem_process_seqs] Processed 70040 reads in 26.072 CPU sec, 26.901 real sec
[M::process] read 70190 sequences (10000068 bp)...
[M::mem_process_seqs] Processed 69748 reads in 24.378 CPU sec, 25.635 real sec
[M::process] read 70076 sequences (10000075 bp)...
[M::mem_process_seqs] Processed 70190 reads in 26.087 CPU sec, 26.778 real sec
[M::process] read 70340 sequences (10000258 bp)...
[M::mem_process_seqs] Processed 70076 reads in 27.605 CPU sec, 29.042 real sec
[M::process] read 70150 sequences (10000051 bp)...
[M::mem_process_seqs] Processed 70340 reads in 30.585 CPU sec, 31.672 real sec
[M::process] read 70030 sequences (10000099 bp)...
[M::mem_process_seqs] Processed 70150 reads in 27.567 CPU sec, 28.236 real sec
[M::process] read 69982 sequences (10000024 bp)...
[M::mem_process_seqs] Processed 70030 reads in 26.463 CPU sec, 27.944 real sec
[M::process] read 70118 sequences (10000271 bp)...
[M::mem_process_seqs] Processed 69982 reads in 27.641 CPU sec, 29.150 real sec
[M::process] read 70080 sequences (10000222 bp)...
[M::mem_process_seqs] Processed 70118 reads in 26.965 CPU sec, 27.982 real sec
[M::process] read 70134 sequences (10000140 bp)...
[M::mem_process_seqs] Processed 70080 reads in 26.712 CPU sec, 27.788 real sec
[M::process] read 69958 sequences (10000059 bp)...
[M::mem_process_seqs] Processed 70134 reads in 28.889 CPU sec, 29.501 real sec
[M::process] read 70180 sequences (10000165 bp)...
[M::mem_process_seqs] Processed 69958 reads in 27.351 CPU sec, 28.032 real sec
[M::process] read 70196 sequences (10000215 bp)...
[M::mem_process_seqs] Processed 70180 reads in 25.845 CPU sec, 27.475 real sec
[M::process] read 70140 sequences (10000295 bp)...
[M::mem_process_seqs] Processed 70196 reads in 27.560 CPU sec, 28.089 real sec
[M::process] read 70060 sequences (10000042 bp)...
[M::mem_process_seqs] Processed 70140 reads in 28.079 CPU sec, 29.962 real sec
[M::process] read 70256 sequences (10000121 bp)...
[M::mem_process_seqs] Processed 70060 reads in 26.525 CPU sec, 27.855 real sec
[M::process] read 70000 sequences (10000181 bp)...
[M::mem_process_seqs] Processed 70256 reads in 29.414 CPU sec, 30.443 real sec
[M::process] read 69768 sequences (10000009 bp)...
[M::mem_process_seqs] Processed 70000 reads in 26.250 CPU sec, 27.352 real sec
[M::process] read 70056 sequences (10000099 bp)...
[M::mem_process_seqs] Processed 69768 reads in 24.935 CPU sec, 25.927 real sec
[M::process] read 70208 sequences (10000077 bp)...
[M::mem_process_seqs] Processed 70056 reads in 26.523 CPU sec, 27.886 real sec
[M::process] read 70200 sequences (10000172 bp)...
[M::mem_process_seqs] Processed 70208 reads in 28.257 CPU sec, 30.107 real sec
[M::process] read 70138 sequences (10000167 bp)...
[M::mem_process_seqs] Processed 70200 reads in 29.200 CPU sec, 29.974 real sec
[M::process] read 70190 sequences (10000230 bp)...
[M::mem_process_seqs] Processed 70138 reads in 27.885 CPU sec, 29.291 real sec
[M::process] read 70130 sequences (10000065 bp)...
[M::mem_process_seqs] Processed 70190 reads in 27.540 CPU sec, 29.157 real sec
[M::process] read 70148 sequences (10000137 bp)...
[M::mem_process_seqs] Processed 70130 reads in 29.495 CPU sec, 30.335 real sec
[M::process] read 69996 sequences (10000294 bp)...
[M::mem_process_seqs] Processed 70148 reads in 25.806 CPU sec, 26.544 real sec
[M::process] read 69980 sequences (10000235 bp)...
[M::mem_process_seqs] Processed 69996 reads in 29.443 CPU sec, 31.115 real sec
[M::process] read 70224 sequences (10000116 bp)...
[M::mem_process_seqs] Processed 69980 reads in 27.119 CPU sec, 27.889 real sec
[M::process] read 70086 sequences (10000246 bp)...
[M::mem_process_seqs] Processed 70224 reads in 26.556 CPU sec, 27.327 real sec
[M::process] read 70168 sequences (10000169 bp)...
[M::mem_process_seqs] Processed 70086 reads in 25.008 CPU sec, 25.190 real sec
[M::process] read 23098 sequences (3349383 bp)...
[M::mem_process_seqs] Processed 70168 reads in 25.834 CPU sec, 27.708 real sec
[M::mem_process_seqs] Processed 23098 reads in 7.665 CPU sec, 7.641 real sec
[main] Version: 0.7.17-r1188
[main] CMD: bwa mem -L 5 -I 534.409,78.6023,1268,212 -t 1 -a -M -T 30 -A 1 -B 4 -O 6 -R @RG\tID:Aen-Cbat_055-AeC01055_CKDL210012719-1a-AK3911-AK4236_HF5TCDSX2_L1_clmp_fp2_repr\tSM:Aen-Cbat_055-AeC01055_CKDL210012719-1a-AK3911-AK4236_HF5TCDSX2_L1_clmp_fp2_repr\tPL:Illumina reference.rad.RAW-6-6.fasta Aen-Cbat_055-AeC01055_CKDL210012719-1a-AK3911-AK4236_HF5TCDSX2_L1_clmp_fp2_repr.R1.fq.gz Aen-Cbat_055-AeC01055_CKDL210012719-1a-AK3911-AK4236_HF5TCDSX2_L1_clmp_fp2_repr.R2.fq.gz
[main] Real time: 2599.302 sec; CPU: 2497.898 sec
