[M::main_mem] mean insert size: 534.409, stddev: 78.602, max: 1268, min: 212
[M::bwa_idx_load_from_disk] read 0 ALT contigs
[M::process] read 71464 sequences (10000265 bp)...
[M::process] read 71500 sequences (10000053 bp)...
[M::mem_process_seqs] Processed 71464 reads in 26.655 CPU sec, 29.154 real sec
[M::process] read 71264 sequences (10000028 bp)...
[M::mem_process_seqs] Processed 71500 reads in 25.763 CPU sec, 27.168 real sec
[M::process] read 68336 sequences (10000014 bp)...
[M::mem_process_seqs] Processed 71264 reads in 26.062 CPU sec, 27.222 real sec
[M::process] read 71576 sequences (10000266 bp)...
[M::mem_process_seqs] Processed 68336 reads in 9.701 CPU sec, 10.177 real sec
[M::process] read 71320 sequences (10000178 bp)...
[M::mem_process_seqs] Processed 71576 reads in 25.396 CPU sec, 26.310 real sec
[M::process] read 71232 sequences (10000052 bp)...
[M::mem_process_seqs] Processed 71320 reads in 25.329 CPU sec, 26.422 real sec
[M::process] read 71734 sequences (10000256 bp)...
[M::mem_process_seqs] Processed 71232 reads in 25.744 CPU sec, 27.177 real sec
[M::process] read 71274 sequences (10000283 bp)...
[M::mem_process_seqs] Processed 71734 reads in 27.065 CPU sec, 28.238 real sec
[M::process] read 71314 sequences (10000229 bp)...
[M::mem_process_seqs] Processed 71274 reads in 25.913 CPU sec, 27.992 real sec
[M::process] read 71434 sequences (10000100 bp)...
[M::mem_process_seqs] Processed 71314 reads in 27.202 CPU sec, 28.589 real sec
[M::process] read 71554 sequences (10000136 bp)...
[M::mem_process_seqs] Processed 71434 reads in 30.526 CPU sec, 31.885 real sec
[M::process] read 71320 sequences (10000170 bp)...
[M::mem_process_seqs] Processed 71554 reads in 27.779 CPU sec, 28.459 real sec
[M::process] read 71330 sequences (10000045 bp)...
[M::mem_process_seqs] Processed 71320 reads in 31.683 CPU sec, 32.601 real sec
[M::process] read 71410 sequences (10000239 bp)...
[M::mem_process_seqs] Processed 71330 reads in 30.154 CPU sec, 30.852 real sec
[M::process] read 71312 sequences (10000241 bp)...
[M::mem_process_seqs] Processed 71410 reads in 27.956 CPU sec, 28.371 real sec
[M::process] read 71350 sequences (10000270 bp)...
[M::mem_process_seqs] Processed 71312 reads in 26.897 CPU sec, 27.110 real sec
[M::process] read 71552 sequences (10000164 bp)...
[M::mem_process_seqs] Processed 71350 reads in 26.522 CPU sec, 26.967 real sec
[M::process] read 70696 sequences (10000037 bp)...
[M::mem_process_seqs] Processed 71552 reads in 34.752 CPU sec, 35.915 real sec
[M::process] read 71444 sequences (10000214 bp)...
[M::mem_process_seqs] Processed 70696 reads in 19.625 CPU sec, 19.839 real sec
[M::process] read 71448 sequences (10000112 bp)...
[M::mem_process_seqs] Processed 71444 reads in 23.935 CPU sec, 24.301 real sec
[M::process] read 71356 sequences (10000030 bp)...
[M::mem_process_seqs] Processed 71448 reads in 27.399 CPU sec, 28.898 real sec
[M::process] read 71080 sequences (10000242 bp)...
[M::mem_process_seqs] Processed 71356 reads in 26.155 CPU sec, 27.392 real sec
[M::process] read 71332 sequences (10000117 bp)...
[M::mem_process_seqs] Processed 71080 reads in 27.698 CPU sec, 28.722 real sec
[M::process] read 71290 sequences (10000273 bp)...
[M::mem_process_seqs] Processed 71332 reads in 26.582 CPU sec, 27.635 real sec
[M::process] read 71154 sequences (10000020 bp)...
[M::mem_process_seqs] Processed 71290 reads in 27.871 CPU sec, 28.031 real sec
[M::process] read 71206 sequences (10000138 bp)...
[M::mem_process_seqs] Processed 71154 reads in 33.700 CPU sec, 34.047 real sec
[M::process] read 71262 sequences (10000202 bp)...
[M::mem_process_seqs] Processed 71206 reads in 26.548 CPU sec, 26.810 real sec
[M::process] read 71408 sequences (10000285 bp)...
[M::mem_process_seqs] Processed 71262 reads in 26.706 CPU sec, 26.521 real sec
[M::process] read 68732 sequences (10000134 bp)...
[M::mem_process_seqs] Processed 71408 reads in 27.033 CPU sec, 26.857 real sec
[M::process] read 70866 sequences (10000175 bp)...
[M::mem_process_seqs] Processed 68732 reads in 11.976 CPU sec, 11.900 real sec
[M::process] read 71310 sequences (10000071 bp)...
[M::mem_process_seqs] Processed 70866 reads in 24.208 CPU sec, 23.989 real sec
[M::process] read 71306 sequences (10000279 bp)...
[M::mem_process_seqs] Processed 71310 reads in 25.102 CPU sec, 25.246 real sec
[M::process] read 71282 sequences (10000232 bp)...
[M::mem_process_seqs] Processed 71306 reads in 27.187 CPU sec, 27.236 real sec
[M::process] read 71128 sequences (10000251 bp)...
[M::mem_process_seqs] Processed 71282 reads in 26.381 CPU sec, 26.032 real sec
[M::process] read 71424 sequences (10000235 bp)...
[M::mem_process_seqs] Processed 71128 reads in 29.568 CPU sec, 29.403 real sec
[M::process] read 71684 sequences (10000164 bp)...
[M::mem_process_seqs] Processed 71424 reads in 28.548 CPU sec, 28.842 real sec
[M::process] read 71636 sequences (10000078 bp)...
[M::mem_process_seqs] Processed 71684 reads in 26.555 CPU sec, 26.736 real sec
[M::process] read 71256 sequences (10000114 bp)...
[M::mem_process_seqs] Processed 71636 reads in 27.465 CPU sec, 28.186 real sec
[M::process] read 71286 sequences (10000213 bp)...
[M::mem_process_seqs] Processed 71256 reads in 26.115 CPU sec, 25.761 real sec
[M::process] read 71396 sequences (10000081 bp)...
[M::mem_process_seqs] Processed 71286 reads in 31.939 CPU sec, 31.699 real sec
[M::process] read 71222 sequences (10000252 bp)...
[M::mem_process_seqs] Processed 71396 reads in 24.847 CPU sec, 24.755 real sec
[M::process] read 71386 sequences (10000042 bp)...
[M::mem_process_seqs] Processed 71222 reads in 25.980 CPU sec, 25.904 real sec
[M::process] read 71230 sequences (10000094 bp)...
[M::mem_process_seqs] Processed 71386 reads in 29.098 CPU sec, 29.293 real sec
[M::process] read 71080 sequences (10000239 bp)...
[M::mem_process_seqs] Processed 71230 reads in 25.246 CPU sec, 24.911 real sec
[M::process] read 71444 sequences (10000220 bp)...
[M::mem_process_seqs] Processed 71080 reads in 28.609 CPU sec, 29.068 real sec
[M::process] read 71346 sequences (10000280 bp)...
[M::mem_process_seqs] Processed 71444 reads in 25.488 CPU sec, 25.829 real sec
[M::process] read 71434 sequences (10000177 bp)...
[M::mem_process_seqs] Processed 71346 reads in 27.993 CPU sec, 28.747 real sec
[M::process] read 71386 sequences (10000108 bp)...
[M::mem_process_seqs] Processed 71434 reads in 27.272 CPU sec, 27.886 real sec
[M::process] read 71080 sequences (10000076 bp)...
[M::mem_process_seqs] Processed 71386 reads in 25.253 CPU sec, 25.819 real sec
[M::process] read 71528 sequences (10000017 bp)...
[M::mem_process_seqs] Processed 71080 reads in 25.660 CPU sec, 25.547 real sec
[M::process] read 71138 sequences (10000012 bp)...
[M::mem_process_seqs] Processed 71528 reads in 25.347 CPU sec, 26.126 real sec
[M::process] read 71316 sequences (10000273 bp)...
[M::mem_process_seqs] Processed 71138 reads in 26.095 CPU sec, 26.469 real sec
[M::process] read 71280 sequences (10000115 bp)...
[M::mem_process_seqs] Processed 71316 reads in 25.970 CPU sec, 26.663 real sec
[M::process] read 71508 sequences (10000019 bp)...
[M::mem_process_seqs] Processed 71280 reads in 27.587 CPU sec, 27.711 real sec
[M::process] read 71350 sequences (10000238 bp)...
[M::mem_process_seqs] Processed 71508 reads in 26.053 CPU sec, 25.986 real sec
[M::process] read 71454 sequences (10000099 bp)...
[M::mem_process_seqs] Processed 71350 reads in 28.023 CPU sec, 27.948 real sec
[M::process] read 71144 sequences (10000183 bp)...
[M::mem_process_seqs] Processed 71454 reads in 35.155 CPU sec, 35.100 real sec
[M::process] read 71218 sequences (10000256 bp)...
[M::mem_process_seqs] Processed 71144 reads in 29.173 CPU sec, 29.148 real sec
[M::process] read 71390 sequences (10000188 bp)...
[M::mem_process_seqs] Processed 71218 reads in 28.085 CPU sec, 27.718 real sec
[M::process] read 71122 sequences (10000129 bp)...
[M::mem_process_seqs] Processed 71390 reads in 26.966 CPU sec, 26.764 real sec
[M::process] read 71448 sequences (10000007 bp)...
[M::mem_process_seqs] Processed 71122 reads in 30.033 CPU sec, 29.795 real sec
[M::process] read 71488 sequences (10000278 bp)...
[M::mem_process_seqs] Processed 71448 reads in 25.782 CPU sec, 25.440 real sec
[M::process] read 71426 sequences (10000116 bp)...
[M::mem_process_seqs] Processed 71488 reads in 25.284 CPU sec, 25.041 real sec
[M::process] read 71392 sequences (10000124 bp)...
[M::mem_process_seqs] Processed 71426 reads in 26.032 CPU sec, 25.576 real sec
[M::process] read 71340 sequences (10000021 bp)...
[M::mem_process_seqs] Processed 71392 reads in 30.664 CPU sec, 30.309 real sec
[M::process] read 71236 sequences (10000065 bp)...
[M::mem_process_seqs] Processed 71340 reads in 27.827 CPU sec, 27.364 real sec
[M::process] read 71434 sequences (10000061 bp)...
[M::mem_process_seqs] Processed 71236 reads in 28.528 CPU sec, 28.109 real sec
[M::process] read 71376 sequences (10000250 bp)...
[M::mem_process_seqs] Processed 71434 reads in 25.500 CPU sec, 25.027 real sec
[M::process] read 71456 sequences (10000145 bp)...
[M::mem_process_seqs] Processed 71376 reads in 26.715 CPU sec, 26.291 real sec
[M::process] read 71480 sequences (10000277 bp)...
[M::mem_process_seqs] Processed 71456 reads in 26.908 CPU sec, 26.475 real sec
[M::process] read 71154 sequences (10000108 bp)...
[M::mem_process_seqs] Processed 71480 reads in 26.700 CPU sec, 26.286 real sec
[M::process] read 71650 sequences (10000196 bp)...
[M::mem_process_seqs] Processed 71154 reads in 25.190 CPU sec, 24.717 real sec
[M::process] read 71488 sequences (10000073 bp)...
[M::mem_process_seqs] Processed 71650 reads in 26.605 CPU sec, 26.294 real sec
[M::process] read 71206 sequences (10000032 bp)...
[M::mem_process_seqs] Processed 71488 reads in 26.036 CPU sec, 25.729 real sec
[M::process] read 71422 sequences (10000056 bp)...
[M::mem_process_seqs] Processed 71206 reads in 28.564 CPU sec, 28.085 real sec
[M::process] read 71664 sequences (10000106 bp)...
[M::mem_process_seqs] Processed 71422 reads in 29.919 CPU sec, 29.374 real sec
[M::process] read 71426 sequences (10000052 bp)...
[M::mem_process_seqs] Processed 71664 reads in 29.481 CPU sec, 28.898 real sec
[M::process] read 71290 sequences (10000068 bp)...
[M::mem_process_seqs] Processed 71426 reads in 25.159 CPU sec, 24.668 real sec
[M::process] read 71538 sequences (10000049 bp)...
[M::mem_process_seqs] Processed 71290 reads in 24.894 CPU sec, 24.448 real sec
[M::process] read 71316 sequences (10000003 bp)...
[M::mem_process_seqs] Processed 71538 reads in 30.392 CPU sec, 30.068 real sec
[M::process] read 71434 sequences (10000053 bp)...
[M::mem_process_seqs] Processed 71316 reads in 30.134 CPU sec, 29.630 real sec
[M::process] read 71252 sequences (10000287 bp)...
[M::mem_process_seqs] Processed 71434 reads in 29.837 CPU sec, 29.313 real sec
[M::process] read 71364 sequences (10000099 bp)...
[M::mem_process_seqs] Processed 71252 reads in 27.900 CPU sec, 27.476 real sec
[M::process] read 71282 sequences (10000000 bp)...
[M::mem_process_seqs] Processed 71364 reads in 25.356 CPU sec, 24.797 real sec
[M::process] read 71356 sequences (10000203 bp)...
[M::mem_process_seqs] Processed 71282 reads in 28.617 CPU sec, 28.067 real sec
[M::process] read 71330 sequences (10000019 bp)...
[M::mem_process_seqs] Processed 71356 reads in 26.923 CPU sec, 26.432 real sec
[M::process] read 71344 sequences (10000037 bp)...
[M::mem_process_seqs] Processed 71330 reads in 25.530 CPU sec, 24.999 real sec
[M::process] read 71110 sequences (10000265 bp)...
[M::mem_process_seqs] Processed 71344 reads in 25.813 CPU sec, 25.357 real sec
[M::process] read 71456 sequences (10000147 bp)...
[M::mem_process_seqs] Processed 71110 reads in 25.219 CPU sec, 24.732 real sec
[M::process] read 70226 sequences (10000143 bp)...
[M::mem_process_seqs] Processed 71456 reads in 25.691 CPU sec, 25.170 real sec
[M::process] read 71012 sequences (10000192 bp)...
[M::mem_process_seqs] Processed 70226 reads in 19.764 CPU sec, 19.166 real sec
[M::process] read 71460 sequences (10000259 bp)...
[M::mem_process_seqs] Processed 71012 reads in 28.420 CPU sec, 27.937 real sec
[M::process] read 71386 sequences (10000170 bp)...
[M::mem_process_seqs] Processed 71460 reads in 24.802 CPU sec, 24.279 real sec
[M::process] read 71450 sequences (10000224 bp)...
[M::mem_process_seqs] Processed 71386 reads in 26.981 CPU sec, 26.469 real sec
[M::process] read 71448 sequences (10000110 bp)...
[M::mem_process_seqs] Processed 71450 reads in 26.354 CPU sec, 25.735 real sec
[M::process] read 71390 sequences (10000175 bp)...
[M::mem_process_seqs] Processed 71448 reads in 29.621 CPU sec, 29.102 real sec
[M::process] read 71496 sequences (10000212 bp)...
[M::mem_process_seqs] Processed 71390 reads in 27.934 CPU sec, 27.391 real sec
[M::process] read 71260 sequences (10000099 bp)...
[M::mem_process_seqs] Processed 71496 reads in 27.841 CPU sec, 27.284 real sec
[M::process] read 71242 sequences (10000100 bp)...
[M::mem_process_seqs] Processed 71260 reads in 26.901 CPU sec, 26.353 real sec
[M::process] read 71086 sequences (10000006 bp)...
[M::mem_process_seqs] Processed 71242 reads in 24.306 CPU sec, 24.199 real sec
[M::process] read 71116 sequences (10000179 bp)...
[M::mem_process_seqs] Processed 71086 reads in 29.850 CPU sec, 29.284 real sec
[M::process] read 71418 sequences (10000105 bp)...
[M::mem_process_seqs] Processed 71116 reads in 26.473 CPU sec, 25.902 real sec
[M::process] read 71286 sequences (10000218 bp)...
[M::mem_process_seqs] Processed 71418 reads in 26.347 CPU sec, 25.818 real sec
[M::process] read 71384 sequences (10000199 bp)...
[M::mem_process_seqs] Processed 71286 reads in 27.323 CPU sec, 26.758 real sec
[M::process] read 71284 sequences (10000249 bp)...
[M::mem_process_seqs] Processed 71384 reads in 26.653 CPU sec, 26.152 real sec
[M::process] read 71328 sequences (10000084 bp)...
[M::mem_process_seqs] Processed 71284 reads in 27.746 CPU sec, 27.186 real sec
[M::process] read 71586 sequences (10000226 bp)...
[M::mem_process_seqs] Processed 71328 reads in 27.705 CPU sec, 27.210 real sec
[M::process] read 71236 sequences (10000125 bp)...
[M::mem_process_seqs] Processed 71586 reads in 26.424 CPU sec, 25.907 real sec
[M::process] read 71260 sequences (10000084 bp)...
[M::mem_process_seqs] Processed 71236 reads in 26.625 CPU sec, 26.035 real sec
[M::process] read 71472 sequences (10000136 bp)...
[M::mem_process_seqs] Processed 71260 reads in 26.868 CPU sec, 26.246 real sec
[M::process] read 71270 sequences (10000253 bp)...
[M::mem_process_seqs] Processed 71472 reads in 27.578 CPU sec, 27.090 real sec
[M::process] read 71566 sequences (10000079 bp)...
[M::mem_process_seqs] Processed 71270 reads in 25.785 CPU sec, 25.189 real sec
[M::process] read 71548 sequences (10000051 bp)...
[M::mem_process_seqs] Processed 71566 reads in 26.112 CPU sec, 25.623 real sec
[M::process] read 71298 sequences (10000021 bp)...
[M::mem_process_seqs] Processed 71548 reads in 29.808 CPU sec, 29.277 real sec
[M::process] read 70672 sequences (10000061 bp)...
[M::mem_process_seqs] Processed 71298 reads in 26.069 CPU sec, 25.360 real sec
[M::process] read 71266 sequences (10000117 bp)...
[M::mem_process_seqs] Processed 70672 reads in 24.966 CPU sec, 24.515 real sec
[M::process] read 71252 sequences (10000235 bp)...
[M::mem_process_seqs] Processed 71266 reads in 24.999 CPU sec, 24.454 real sec
[M::process] read 71296 sequences (10000234 bp)...
[M::mem_process_seqs] Processed 71252 reads in 25.961 CPU sec, 25.429 real sec
[M::process] read 71446 sequences (10000217 bp)...
[M::mem_process_seqs] Processed 71296 reads in 26.633 CPU sec, 25.977 real sec
[M::process] read 71406 sequences (10000181 bp)...
[M::mem_process_seqs] Processed 71446 reads in 27.880 CPU sec, 27.307 real sec
[M::process] read 71444 sequences (10000003 bp)...
[M::mem_process_seqs] Processed 71406 reads in 29.944 CPU sec, 29.332 real sec
[M::process] read 71420 sequences (10000067 bp)...
[M::mem_process_seqs] Processed 71444 reads in 27.582 CPU sec, 27.052 real sec
[M::process] read 71610 sequences (10000242 bp)...
[M::mem_process_seqs] Processed 71420 reads in 26.523 CPU sec, 25.936 real sec
[M::process] read 71412 sequences (10000208 bp)...
[M::mem_process_seqs] Processed 71610 reads in 26.859 CPU sec, 26.269 real sec
[M::process] read 71134 sequences (10000125 bp)...
[M::mem_process_seqs] Processed 71412 reads in 26.061 CPU sec, 25.527 real sec
[M::process] read 71282 sequences (10000184 bp)...
[M::mem_process_seqs] Processed 71134 reads in 30.800 CPU sec, 30.242 real sec
[M::process] read 71222 sequences (10000058 bp)...
[M::mem_process_seqs] Processed 71282 reads in 26.652 CPU sec, 26.018 real sec
[M::process] read 71274 sequences (10000202 bp)...
[M::mem_process_seqs] Processed 71222 reads in 26.472 CPU sec, 25.891 real sec
[M::process] read 71462 sequences (10000233 bp)...
[M::mem_process_seqs] Processed 71274 reads in 28.341 CPU sec, 27.813 real sec
[M::process] read 71316 sequences (10000110 bp)...
[M::mem_process_seqs] Processed 71462 reads in 27.666 CPU sec, 27.161 real sec
[M::process] read 71444 sequences (10000280 bp)...
[M::mem_process_seqs] Processed 71316 reads in 25.872 CPU sec, 25.315 real sec
[M::process] read 71410 sequences (10000049 bp)...
[M::mem_process_seqs] Processed 71444 reads in 26.646 CPU sec, 26.076 real sec
[M::process] read 71420 sequences (10000298 bp)...
[M::mem_process_seqs] Processed 71410 reads in 25.102 CPU sec, 24.589 real sec
[M::process] read 71400 sequences (10000015 bp)...
[M::mem_process_seqs] Processed 71420 reads in 25.250 CPU sec, 24.674 real sec
[M::process] read 21396 sequences (3086804 bp)...
[M::mem_process_seqs] Processed 71400 reads in 24.808 CPU sec, 24.447 real sec
[M::mem_process_seqs] Processed 21396 reads in 7.193 CPU sec, 6.796 real sec
[main] Version: 0.7.17-r1188
[main] CMD: bwa mem -L 5 -I 534.409,78.6023,1268,212 -t 1 -a -M -T 30 -A 1 -B 4 -O 6 -R @RG\tID:Aen-Cbat_078-AeC01078_CKDL210012719-1a-AK9144-AK4234_HF5TCDSX2_L1_clmp_fp2_repr\tSM:Aen-Cbat_078-AeC01078_CKDL210012719-1a-AK9144-AK4234_HF5TCDSX2_L1_clmp_fp2_repr\tPL:Illumina reference.rad.RAW-6-6.fasta Aen-Cbat_078-AeC01078_CKDL210012719-1a-AK9144-AK4234_HF5TCDSX2_L1_clmp_fp2_repr.R1.fq.gz Aen-Cbat_078-AeC01078_CKDL210012719-1a-AK9144-AK4234_HF5TCDSX2_L1_clmp_fp2_repr.R2.fq.gz
[main] Real time: 3625.844 sec; CPU: 3633.408 sec
