[M::main_mem] mean insert size: 534.409, stddev: 78.602, max: 1268, min: 212
[M::bwa_idx_load_from_disk] read 0 ALT contigs
[M::process] read 74198 sequences (10000030 bp)...
[M::process] read 74496 sequences (10000157 bp)...
[M::mem_process_seqs] Processed 74198 reads in 27.408 CPU sec, 28.115 real sec
[M::process] read 68480 sequences (10000243 bp)...
[M::mem_process_seqs] Processed 74496 reads in 28.473 CPU sec, 29.274 real sec
[M::process] read 74130 sequences (10000263 bp)...
[M::mem_process_seqs] Processed 68480 reads in 9.555 CPU sec, 9.309 real sec
[M::process] read 74178 sequences (10000157 bp)...
[M::mem_process_seqs] Processed 74130 reads in 27.767 CPU sec, 28.171 real sec
[M::process] read 74226 sequences (10000106 bp)...
[M::mem_process_seqs] Processed 74178 reads in 27.005 CPU sec, 27.454 real sec
[M::process] read 73872 sequences (10000083 bp)...
[M::mem_process_seqs] Processed 74226 reads in 27.908 CPU sec, 29.034 real sec
[M::process] read 74064 sequences (10000233 bp)...
[M::mem_process_seqs] Processed 73872 reads in 27.761 CPU sec, 29.423 real sec
[M::process] read 74254 sequences (10000158 bp)...
[M::mem_process_seqs] Processed 74064 reads in 31.438 CPU sec, 33.416 real sec
[M::process] read 74322 sequences (10000053 bp)...
[M::mem_process_seqs] Processed 74254 reads in 28.300 CPU sec, 29.767 real sec
[M::process] read 74018 sequences (10000247 bp)...
[M::mem_process_seqs] Processed 74322 reads in 33.966 CPU sec, 35.346 real sec
[M::process] read 74148 sequences (10000227 bp)...
[M::mem_process_seqs] Processed 74018 reads in 30.855 CPU sec, 32.117 real sec
[M::process] read 74198 sequences (10000056 bp)...
[M::mem_process_seqs] Processed 74148 reads in 28.089 CPU sec, 29.037 real sec
[M::process] read 72802 sequences (10000057 bp)...
[M::mem_process_seqs] Processed 74198 reads in 35.688 CPU sec, 38.031 real sec
[M::process] read 74092 sequences (10000027 bp)...
[M::mem_process_seqs] Processed 72802 reads in 21.627 CPU sec, 23.381 real sec
[M::process] read 74046 sequences (10000016 bp)...
[M::mem_process_seqs] Processed 74092 reads in 25.954 CPU sec, 27.578 real sec
[M::process] read 73794 sequences (10000145 bp)...
[M::mem_process_seqs] Processed 74046 reads in 29.143 CPU sec, 30.024 real sec
[M::process] read 74104 sequences (10000295 bp)...
[M::mem_process_seqs] Processed 73794 reads in 27.903 CPU sec, 29.067 real sec
[M::process] read 73694 sequences (10000060 bp)...
[M::mem_process_seqs] Processed 74104 reads in 29.609 CPU sec, 30.884 real sec
[M::process] read 73860 sequences (10000021 bp)...
[M::mem_process_seqs] Processed 73694 reads in 32.902 CPU sec, 33.920 real sec
[M::process] read 73740 sequences (10000143 bp)...
[M::mem_process_seqs] Processed 73860 reads in 28.464 CPU sec, 29.892 real sec
[M::process] read 70674 sequences (10000234 bp)...
[M::mem_process_seqs] Processed 73740 reads in 28.404 CPU sec, 30.032 real sec
[M::process] read 73176 sequences (10000028 bp)...
[M::mem_process_seqs] Processed 70674 reads in 16.388 CPU sec, 17.278 real sec
[M::process] read 73906 sequences (10000082 bp)...
[M::mem_process_seqs] Processed 73176 reads in 24.564 CPU sec, 25.010 real sec
[M::process] read 73908 sequences (10000281 bp)...
[M::mem_process_seqs] Processed 73906 reads in 25.992 CPU sec, 27.955 real sec
[M::process] read 73936 sequences (10000179 bp)...
[M::mem_process_seqs] Processed 73908 reads in 30.423 CPU sec, 32.270 real sec
[M::process] read 74320 sequences (10000051 bp)...
[M::mem_process_seqs] Processed 73936 reads in 33.669 CPU sec, 35.920 real sec
[M::process] read 74642 sequences (10000200 bp)...
[M::mem_process_seqs] Processed 74320 reads in 27.520 CPU sec, 28.492 real sec
[M::process] read 73870 sequences (10000262 bp)...
[M::mem_process_seqs] Processed 74642 reads in 28.448 CPU sec, 28.769 real sec
[M::process] read 73996 sequences (10000048 bp)...
[M::mem_process_seqs] Processed 73870 reads in 28.646 CPU sec, 29.873 real sec
[M::process] read 74212 sequences (10000220 bp)...
[M::mem_process_seqs] Processed 73996 reads in 30.812 CPU sec, 31.172 real sec
[M::process] read 74208 sequences (10000165 bp)...
[M::mem_process_seqs] Processed 74212 reads in 26.461 CPU sec, 26.756 real sec
[M::process] read 73520 sequences (10000296 bp)...
[M::mem_process_seqs] Processed 74208 reads in 29.483 CPU sec, 31.084 real sec
[M::process] read 74214 sequences (10000012 bp)...
[M::mem_process_seqs] Processed 73520 reads in 28.807 CPU sec, 29.439 real sec
[M::process] read 74304 sequences (10000205 bp)...
[M::mem_process_seqs] Processed 74214 reads in 27.041 CPU sec, 28.532 real sec
[M::process] read 74154 sequences (10000059 bp)...
[M::mem_process_seqs] Processed 74304 reads in 28.900 CPU sec, 29.834 real sec
[M::process] read 73830 sequences (10000215 bp)...
[M::mem_process_seqs] Processed 74154 reads in 27.263 CPU sec, 28.996 real sec
[M::process] read 73890 sequences (10000238 bp)...
[M::mem_process_seqs] Processed 73830 reads in 27.111 CPU sec, 28.045 real sec
[M::process] read 74112 sequences (10000282 bp)...
[M::mem_process_seqs] Processed 73890 reads in 27.168 CPU sec, 28.429 real sec
[M::process] read 74452 sequences (10000009 bp)...
[M::mem_process_seqs] Processed 74112 reads in 29.723 CPU sec, 30.286 real sec
[M::process] read 73886 sequences (10000216 bp)...
[M::mem_process_seqs] Processed 74452 reads in 28.291 CPU sec, 29.426 real sec
[M::process] read 73970 sequences (10000287 bp)...
[M::mem_process_seqs] Processed 73886 reads in 31.428 CPU sec, 33.095 real sec
[M::process] read 73970 sequences (10000037 bp)...
[M::mem_process_seqs] Processed 73970 reads in 36.727 CPU sec, 37.725 real sec
[M::process] read 74092 sequences (10000137 bp)...
[M::mem_process_seqs] Processed 73970 reads in 28.139 CPU sec, 28.828 real sec
[M::process] read 73756 sequences (10000152 bp)...
[M::mem_process_seqs] Processed 74092 reads in 28.179 CPU sec, 28.986 real sec
[M::process] read 74364 sequences (10000059 bp)...
[M::mem_process_seqs] Processed 73756 reads in 31.737 CPU sec, 32.791 real sec
[M::process] read 74250 sequences (10000226 bp)...
[M::mem_process_seqs] Processed 74364 reads in 27.527 CPU sec, 28.343 real sec
[M::process] read 73918 sequences (10000042 bp)...
[M::mem_process_seqs] Processed 74250 reads in 28.204 CPU sec, 28.909 real sec
[M::process] read 74232 sequences (10000289 bp)...
[M::mem_process_seqs] Processed 73918 reads in 34.951 CPU sec, 35.813 real sec
[M::process] read 74200 sequences (10000041 bp)...
[M::mem_process_seqs] Processed 74232 reads in 28.729 CPU sec, 29.850 real sec
[M::process] read 73998 sequences (10000105 bp)...
[M::mem_process_seqs] Processed 74200 reads in 27.176 CPU sec, 28.922 real sec
[M::process] read 74256 sequences (10000185 bp)...
[M::mem_process_seqs] Processed 73998 reads in 28.626 CPU sec, 29.956 real sec
[M::process] read 74062 sequences (10000093 bp)...
[M::mem_process_seqs] Processed 74256 reads in 27.795 CPU sec, 28.982 real sec
[M::process] read 74640 sequences (10000232 bp)...
[M::mem_process_seqs] Processed 74062 reads in 26.444 CPU sec, 27.078 real sec
[M::process] read 73956 sequences (10000128 bp)...
[M::mem_process_seqs] Processed 74640 reads in 27.465 CPU sec, 28.396 real sec
[M::process] read 74324 sequences (10000239 bp)...
[M::mem_process_seqs] Processed 73956 reads in 28.914 CPU sec, 29.194 real sec
[M::process] read 74248 sequences (10000037 bp)...
[M::mem_process_seqs] Processed 74324 reads in 33.318 CPU sec, 35.374 real sec
[M::process] read 74008 sequences (10000153 bp)...
[M::mem_process_seqs] Processed 74248 reads in 25.800 CPU sec, 26.068 real sec
[M::process] read 74198 sequences (10000080 bp)...
[M::mem_process_seqs] Processed 74008 reads in 27.602 CPU sec, 28.553 real sec
[M::process] read 73964 sequences (10000132 bp)...
[M::mem_process_seqs] Processed 74198 reads in 35.262 CPU sec, 36.833 real sec
[M::process] read 74034 sequences (10000080 bp)...
[M::mem_process_seqs] Processed 73964 reads in 29.427 CPU sec, 30.784 real sec
[M::process] read 74026 sequences (10000084 bp)...
[M::mem_process_seqs] Processed 74034 reads in 27.166 CPU sec, 27.651 real sec
[M::process] read 74158 sequences (10000214 bp)...
[M::mem_process_seqs] Processed 74026 reads in 29.868 CPU sec, 31.417 real sec
[M::process] read 74006 sequences (10000013 bp)...
[M::mem_process_seqs] Processed 74158 reads in 28.067 CPU sec, 29.386 real sec
[M::process] read 74034 sequences (10000004 bp)...
[M::mem_process_seqs] Processed 74006 reads in 27.305 CPU sec, 28.504 real sec
[M::process] read 74162 sequences (10000069 bp)...
[M::mem_process_seqs] Processed 74034 reads in 27.477 CPU sec, 28.721 real sec
[M::process] read 71666 sequences (10000002 bp)...
[M::mem_process_seqs] Processed 74162 reads in 26.625 CPU sec, 27.682 real sec
[M::process] read 74234 sequences (10000215 bp)...
[M::mem_process_seqs] Processed 71666 reads in 21.806 CPU sec, 22.518 real sec
[M::process] read 73944 sequences (10000221 bp)...
[M::mem_process_seqs] Processed 74234 reads in 26.069 CPU sec, 26.699 real sec
[M::process] read 74266 sequences (10000166 bp)...
[M::mem_process_seqs] Processed 73944 reads in 29.172 CPU sec, 30.535 real sec
[M::process] read 74216 sequences (10000291 bp)...
[M::mem_process_seqs] Processed 74266 reads in 28.415 CPU sec, 30.038 real sec
[M::process] read 74180 sequences (10000069 bp)...
[M::mem_process_seqs] Processed 74216 reads in 29.787 CPU sec, 30.833 real sec
[M::process] read 73970 sequences (10000238 bp)...
[M::mem_process_seqs] Processed 74180 reads in 28.106 CPU sec, 28.799 real sec
[M::process] read 73816 sequences (10000275 bp)...
[M::mem_process_seqs] Processed 73970 reads in 27.094 CPU sec, 28.557 real sec
[M::process] read 74080 sequences (10000081 bp)...
[M::mem_process_seqs] Processed 73816 reads in 31.544 CPU sec, 32.469 real sec
[M::process] read 73948 sequences (10000024 bp)...
[M::mem_process_seqs] Processed 74080 reads in 26.802 CPU sec, 27.464 real sec
[M::process] read 74108 sequences (10000046 bp)...
[M::mem_process_seqs] Processed 73948 reads in 28.730 CPU sec, 29.525 real sec
[M::process] read 74046 sequences (10000173 bp)...
[M::mem_process_seqs] Processed 74108 reads in 29.126 CPU sec, 30.577 real sec
[M::process] read 74160 sequences (10000171 bp)...
[M::mem_process_seqs] Processed 74046 reads in 29.003 CPU sec, 31.327 real sec
[M::process] read 73952 sequences (10000291 bp)...
[M::mem_process_seqs] Processed 74160 reads in 27.776 CPU sec, 28.666 real sec
[M::process] read 74320 sequences (10000250 bp)...
[M::mem_process_seqs] Processed 73952 reads in 28.014 CPU sec, 28.887 real sec
[M::process] read 73988 sequences (10000225 bp)...
[M::mem_process_seqs] Processed 74320 reads in 28.770 CPU sec, 29.346 real sec
[M::process] read 74550 sequences (10000242 bp)...
[M::mem_process_seqs] Processed 73988 reads in 26.556 CPU sec, 27.347 real sec
[M::process] read 73950 sequences (10000129 bp)...
[M::mem_process_seqs] Processed 74550 reads in 29.954 CPU sec, 31.817 real sec
[M::process] read 73366 sequences (10000254 bp)...
[M::mem_process_seqs] Processed 73950 reads in 28.179 CPU sec, 29.458 real sec
[M::process] read 73818 sequences (10000188 bp)...
[M::mem_process_seqs] Processed 73366 reads in 26.246 CPU sec, 28.153 real sec
[M::process] read 73996 sequences (10000215 bp)...
[M::mem_process_seqs] Processed 73818 reads in 27.066 CPU sec, 28.093 real sec
[M::process] read 74244 sequences (10000206 bp)...
[M::mem_process_seqs] Processed 73996 reads in 27.844 CPU sec, 28.990 real sec
[M::process] read 74124 sequences (10000043 bp)...
[M::mem_process_seqs] Processed 74244 reads in 32.671 CPU sec, 33.379 real sec
[M::process] read 74128 sequences (10000288 bp)...
[M::mem_process_seqs] Processed 74124 reads in 29.093 CPU sec, 30.182 real sec
[M::process] read 74078 sequences (10000201 bp)...
[M::mem_process_seqs] Processed 74128 reads in 29.060 CPU sec, 29.656 real sec
[M::process] read 73816 sequences (10000083 bp)...
[M::mem_process_seqs] Processed 74078 reads in 28.673 CPU sec, 31.883 real sec
[M::process] read 74016 sequences (10000270 bp)...
[M::mem_process_seqs] Processed 73816 reads in 31.141 CPU sec, 32.195 real sec
[M::process] read 73892 sequences (10000055 bp)...
[M::mem_process_seqs] Processed 74016 reads in 27.049 CPU sec, 28.033 real sec
[M::process] read 74072 sequences (10000219 bp)...
[M::mem_process_seqs] Processed 73892 reads in 30.034 CPU sec, 30.755 real sec
[M::process] read 74192 sequences (10000250 bp)...
[M::mem_process_seqs] Processed 74072 reads in 29.137 CPU sec, 29.930 real sec
[M::process] read 74164 sequences (10000011 bp)...
[M::mem_process_seqs] Processed 74192 reads in 27.603 CPU sec, 28.483 real sec
[M::process] read 74358 sequences (10000265 bp)...
[M::mem_process_seqs] Processed 74164 reads in 27.693 CPU sec, 28.489 real sec
[M::process] read 50708 sequences (6916035 bp)...
[M::mem_process_seqs] Processed 74358 reads in 26.062 CPU sec, 26.458 real sec
[M::mem_process_seqs] Processed 50708 reads in 17.409 CPU sec, 17.798 real sec
[main] Version: 0.7.17-r1188
[main] CMD: bwa mem -L 5 -I 534.409,78.6023,1268,212 -t 1 -a -M -T 30 -A 1 -B 4 -O 6 -R @RG\tID:Aen-Cbat_014-AeC01014_CKDL210012719-1a-AK7758-AK7557_HF5TCDSX2_L1_clmp_fp2_repr\tSM:Aen-Cbat_014-AeC01014_CKDL210012719-1a-AK7758-AK7557_HF5TCDSX2_L1_clmp_fp2_repr\tPL:Illumina reference.rad.RAW-6-6.fasta Aen-Cbat_014-AeC01014_CKDL210012719-1a-AK7758-AK7557_HF5TCDSX2_L1_clmp_fp2_repr.R1.fq.gz Aen-Cbat_014-AeC01014_CKDL210012719-1a-AK7758-AK7557_HF5TCDSX2_L1_clmp_fp2_repr.R2.fq.gz
[main] Real time: 2909.267 sec; CPU: 2797.022 sec
