[M::main_mem] mean insert size: 534.409, stddev: 78.602, max: 1268, min: 212
[M::bwa_idx_load_from_disk] read 0 ALT contigs
[M::process] read 106904 sequences (10000019 bp)...
[M::process] read 87202 sequences (10000136 bp)...
[M::mem_process_seqs] Processed 106904 reads in 19.159 CPU sec, 19.655 real sec
[M::process] read 103954 sequences (10000172 bp)...
[M::mem_process_seqs] Processed 87202 reads in 11.565 CPU sec, 12.322 real sec
[M::process] read 105294 sequences (10000130 bp)...
[M::mem_process_seqs] Processed 103954 reads in 18.938 CPU sec, 19.385 real sec
[M::process] read 105320 sequences (10000222 bp)...
[M::mem_process_seqs] Processed 105294 reads in 23.416 CPU sec, 26.080 real sec
[M::process] read 106078 sequences (10000025 bp)...
[M::mem_process_seqs] Processed 105320 reads in 22.751 CPU sec, 23.977 real sec
[M::process] read 105748 sequences (10000059 bp)...
[M::mem_process_seqs] Processed 106078 reads in 22.007 CPU sec, 22.637 real sec
[M::process] read 94992 sequences (10000052 bp)...
[M::mem_process_seqs] Processed 105748 reads in 21.674 CPU sec, 23.273 real sec
[M::process] read 105388 sequences (10000039 bp)...
[M::mem_process_seqs] Processed 94992 reads in 14.130 CPU sec, 15.650 real sec
[M::process] read 105382 sequences (10000220 bp)...
[M::mem_process_seqs] Processed 105388 reads in 20.231 CPU sec, 21.038 real sec
[M::process] read 103974 sequences (10000101 bp)...
[M::mem_process_seqs] Processed 105382 reads in 19.935 CPU sec, 20.212 real sec
[M::process] read 93534 sequences (10000096 bp)...
[M::mem_process_seqs] Processed 103974 reads in 19.778 CPU sec, 20.447 real sec
[M::process] read 105134 sequences (10000064 bp)...
[M::mem_process_seqs] Processed 93534 reads in 14.400 CPU sec, 15.395 real sec
[M::process] read 105586 sequences (10000237 bp)...
[M::mem_process_seqs] Processed 105134 reads in 20.793 CPU sec, 22.652 real sec
[M::process] read 105564 sequences (10000138 bp)...
[M::mem_process_seqs] Processed 105586 reads in 19.938 CPU sec, 20.442 real sec
[M::process] read 106030 sequences (10000128 bp)...
[M::mem_process_seqs] Processed 105564 reads in 20.577 CPU sec, 21.026 real sec
[M::process] read 105080 sequences (10000021 bp)...
[M::mem_process_seqs] Processed 106030 reads in 19.705 CPU sec, 20.465 real sec
[M::process] read 105738 sequences (10000038 bp)...
[M::mem_process_seqs] Processed 105080 reads in 19.991 CPU sec, 21.190 real sec
[M::process] read 105424 sequences (10000033 bp)...
[M::mem_process_seqs] Processed 105738 reads in 20.694 CPU sec, 21.325 real sec
[M::process] read 105446 sequences (10000196 bp)...
[M::mem_process_seqs] Processed 105424 reads in 21.066 CPU sec, 22.843 real sec
[M::process] read 105718 sequences (10000176 bp)...
[M::mem_process_seqs] Processed 105446 reads in 20.149 CPU sec, 21.132 real sec
[M::process] read 105724 sequences (10000024 bp)...
[M::mem_process_seqs] Processed 105718 reads in 20.749 CPU sec, 21.760 real sec
[M::process] read 105958 sequences (10000084 bp)...
[M::mem_process_seqs] Processed 105724 reads in 20.640 CPU sec, 21.038 real sec
[M::process] read 105752 sequences (10000295 bp)...
[M::mem_process_seqs] Processed 105958 reads in 20.396 CPU sec, 20.788 real sec
[M::process] read 106104 sequences (10000075 bp)...
[M::mem_process_seqs] Processed 105752 reads in 19.626 CPU sec, 20.020 real sec
[M::process] read 105900 sequences (10000014 bp)...
[M::mem_process_seqs] Processed 106104 reads in 20.845 CPU sec, 21.116 real sec
[M::process] read 106240 sequences (10000079 bp)...
[M::mem_process_seqs] Processed 105900 reads in 20.190 CPU sec, 20.870 real sec
[M::process] read 105496 sequences (10000145 bp)...
[M::mem_process_seqs] Processed 106240 reads in 19.935 CPU sec, 20.641 real sec
[M::process] read 106116 sequences (10000120 bp)...
[M::mem_process_seqs] Processed 105496 reads in 21.390 CPU sec, 22.017 real sec
[M::process] read 105860 sequences (10000088 bp)...
[M::mem_process_seqs] Processed 106116 reads in 20.591 CPU sec, 21.370 real sec
[M::process] read 105800 sequences (10000065 bp)...
[M::mem_process_seqs] Processed 105860 reads in 21.399 CPU sec, 21.915 real sec
[M::process] read 105646 sequences (10000075 bp)...
[M::mem_process_seqs] Processed 105800 reads in 20.267 CPU sec, 21.648 real sec
[M::process] read 103720 sequences (10000084 bp)...
[M::mem_process_seqs] Processed 105646 reads in 21.044 CPU sec, 23.437 real sec
[M::process] read 100750 sequences (10000004 bp)...
[M::mem_process_seqs] Processed 103720 reads in 19.683 CPU sec, 20.473 real sec
[M::process] read 105778 sequences (10000038 bp)...
[M::mem_process_seqs] Processed 100750 reads in 17.371 CPU sec, 17.918 real sec
[M::process] read 106178 sequences (10000036 bp)...
[M::mem_process_seqs] Processed 105778 reads in 19.748 CPU sec, 20.760 real sec
[M::process] read 105228 sequences (10000157 bp)...
[M::mem_process_seqs] Processed 106178 reads in 20.452 CPU sec, 21.763 real sec
[M::process] read 105644 sequences (10000073 bp)...
[M::mem_process_seqs] Processed 105228 reads in 19.909 CPU sec, 20.197 real sec
[M::process] read 105638 sequences (10000179 bp)...
[M::mem_process_seqs] Processed 105644 reads in 20.813 CPU sec, 21.344 real sec
[M::process] read 105352 sequences (10000113 bp)...
[M::mem_process_seqs] Processed 105638 reads in 19.360 CPU sec, 19.755 real sec
[M::process] read 106146 sequences (10000197 bp)...
[M::mem_process_seqs] Processed 105352 reads in 21.517 CPU sec, 22.870 real sec
[M::process] read 106134 sequences (10000136 bp)...
[M::mem_process_seqs] Processed 106146 reads in 20.197 CPU sec, 21.639 real sec
[M::process] read 105632 sequences (10000163 bp)...
[M::mem_process_seqs] Processed 106134 reads in 20.461 CPU sec, 20.930 real sec
[M::process] read 105812 sequences (10000117 bp)...
[M::mem_process_seqs] Processed 105632 reads in 20.936 CPU sec, 21.840 real sec
[M::process] read 106144 sequences (10000079 bp)...
[M::mem_process_seqs] Processed 105812 reads in 21.694 CPU sec, 22.709 real sec
[M::process] read 103748 sequences (10000103 bp)...
[M::mem_process_seqs] Processed 106144 reads in 20.774 CPU sec, 21.860 real sec
[M::process] read 105228 sequences (10000108 bp)...
[M::mem_process_seqs] Processed 103748 reads in 19.269 CPU sec, 20.500 real sec
[M::process] read 106036 sequences (10000049 bp)...
[M::mem_process_seqs] Processed 105228 reads in 21.977 CPU sec, 22.062 real sec
[M::process] read 53644 sequences (5077974 bp)...
[M::mem_process_seqs] Processed 106036 reads in 21.297 CPU sec, 22.229 real sec
[M::mem_process_seqs] Processed 53644 reads in 10.631 CPU sec, 12.007 real sec
[main] Version: 0.7.17-r1188
[main] CMD: bwa mem -L 5 -I 534.409,78.6023,1268,212 -t 1 -a -M -T 30 -A 1 -B 4 -O 6 -R @RG\tID:Aen-AHam_034-AeA01034_CKDL210012719-1a-AK9142-AK4971_HF5TCDSX2_L1_clmp_fp2_repr\tSM:Aen-AHam_034-AeA01034_CKDL210012719-1a-AK9142-AK4971_HF5TCDSX2_L1_clmp_fp2_repr\tPL:Illumina reference.rad.RAW-6-6.fasta Aen-AHam_034-AeA01034_CKDL210012719-1a-AK9142-AK4971_HF5TCDSX2_L1_clmp_fp2_repr.R1.fq.gz Aen-AHam_034-AeA01034_CKDL210012719-1a-AK9142-AK4971_HF5TCDSX2_L1_clmp_fp2_repr.R2.fq.gz
[main] Real time: 1024.273 sec; CPU: 974.648 sec
