[M::main_mem] mean insert size: 534.409, stddev: 78.602, max: 1268, min: 212
[M::bwa_idx_load_from_disk] read 0 ALT contigs
[M::process] read 72566 sequences (10000003 bp)...
[M::process] read 72518 sequences (10000151 bp)...
[M::mem_process_seqs] Processed 72566 reads in 27.065 CPU sec, 29.048 real sec
[M::process] read 72452 sequences (10000192 bp)...
[M::mem_process_seqs] Processed 72518 reads in 26.449 CPU sec, 27.497 real sec
[M::process] read 67734 sequences (10000048 bp)...
[M::mem_process_seqs] Processed 72452 reads in 27.874 CPU sec, 29.282 real sec
[M::process] read 69772 sequences (10000247 bp)...
[M::mem_process_seqs] Processed 67734 reads in 7.297 CPU sec, 7.030 real sec
[M::process] read 72426 sequences (10000065 bp)...
[M::mem_process_seqs] Processed 69772 reads in 13.566 CPU sec, 14.233 real sec
[M::process] read 72256 sequences (10000061 bp)...
[M::mem_process_seqs] Processed 72426 reads in 25.507 CPU sec, 25.827 real sec
[M::process] read 72330 sequences (10000119 bp)...
[M::mem_process_seqs] Processed 72256 reads in 25.345 CPU sec, 25.963 real sec
[M::process] read 72592 sequences (10000114 bp)...
[M::mem_process_seqs] Processed 72330 reads in 25.872 CPU sec, 26.432 real sec
[M::process] read 72258 sequences (10000067 bp)...
[M::mem_process_seqs] Processed 72592 reads in 28.086 CPU sec, 28.740 real sec
[M::process] read 72500 sequences (10000144 bp)...
[M::mem_process_seqs] Processed 72258 reads in 27.349 CPU sec, 27.794 real sec
[M::process] read 72412 sequences (10000257 bp)...
[M::mem_process_seqs] Processed 72500 reads in 28.313 CPU sec, 29.478 real sec
[M::process] read 72334 sequences (10000062 bp)...
[M::mem_process_seqs] Processed 72412 reads in 33.999 CPU sec, 34.639 real sec
[M::process] read 72374 sequences (10000243 bp)...
[M::mem_process_seqs] Processed 72334 reads in 26.309 CPU sec, 26.397 real sec
[M::process] read 71976 sequences (10000058 bp)...
[M::mem_process_seqs] Processed 72374 reads in 34.584 CPU sec, 35.545 real sec
[M::process] read 72550 sequences (10000262 bp)...
[M::mem_process_seqs] Processed 71976 reads in 30.769 CPU sec, 31.166 real sec
[M::process] read 72154 sequences (10000128 bp)...
[M::mem_process_seqs] Processed 72550 reads in 29.814 CPU sec, 30.071 real sec
[M::process] read 72516 sequences (10000104 bp)...
[M::mem_process_seqs] Processed 72154 reads in 27.213 CPU sec, 27.781 real sec
[M::process] read 72556 sequences (10000267 bp)...
[M::mem_process_seqs] Processed 72516 reads in 27.861 CPU sec, 28.267 real sec
[M::process] read 70480 sequences (10000141 bp)...
[M::mem_process_seqs] Processed 72556 reads in 35.018 CPU sec, 36.119 real sec
[M::process] read 72238 sequences (10000197 bp)...
[M::mem_process_seqs] Processed 70480 reads in 14.816 CPU sec, 15.024 real sec
[M::process] read 72494 sequences (10000093 bp)...
[M::mem_process_seqs] Processed 72238 reads in 22.976 CPU sec, 22.994 real sec
[M::process] read 72308 sequences (10000144 bp)...
[M::mem_process_seqs] Processed 72494 reads in 27.822 CPU sec, 28.053 real sec
[M::process] read 71836 sequences (10000221 bp)...
[M::mem_process_seqs] Processed 72308 reads in 26.099 CPU sec, 27.218 real sec
[M::process] read 72324 sequences (10000218 bp)...
[M::mem_process_seqs] Processed 71836 reads in 27.713 CPU sec, 29.271 real sec
[M::process] read 72266 sequences (10000233 bp)...
[M::mem_process_seqs] Processed 72324 reads in 27.984 CPU sec, 29.100 real sec
[M::process] read 72020 sequences (10000083 bp)...
[M::mem_process_seqs] Processed 72266 reads in 27.349 CPU sec, 28.599 real sec
[M::process] read 71970 sequences (10000051 bp)...
[M::mem_process_seqs] Processed 72020 reads in 34.672 CPU sec, 35.634 real sec
[M::process] read 72280 sequences (10000163 bp)...
[M::mem_process_seqs] Processed 71970 reads in 28.562 CPU sec, 29.369 real sec
[M::process] read 72328 sequences (10000168 bp)...
[M::mem_process_seqs] Processed 72280 reads in 27.068 CPU sec, 28.153 real sec
[M::process] read 70416 sequences (10000272 bp)...
[M::mem_process_seqs] Processed 72328 reads in 26.733 CPU sec, 27.228 real sec
[M::process] read 68034 sequences (10000189 bp)...
[M::mem_process_seqs] Processed 70416 reads in 19.115 CPU sec, 20.952 real sec
[M::process] read 71750 sequences (10000130 bp)...
[M::mem_process_seqs] Processed 68034 reads in 6.748 CPU sec, 6.901 real sec
[M::process] read 72116 sequences (10000249 bp)...
[M::mem_process_seqs] Processed 71750 reads in 23.467 CPU sec, 24.837 real sec
[M::process] read 72256 sequences (10000248 bp)...
[M::mem_process_seqs] Processed 72116 reads in 24.437 CPU sec, 25.475 real sec
[M::process] read 72288 sequences (10000243 bp)...
[M::mem_process_seqs] Processed 72256 reads in 29.021 CPU sec, 31.260 real sec
[M::process] read 72148 sequences (10000085 bp)...
[M::mem_process_seqs] Processed 72288 reads in 26.463 CPU sec, 27.938 real sec
[M::process] read 72568 sequences (10000237 bp)...
[M::mem_process_seqs] Processed 72148 reads in 33.278 CPU sec, 34.258 real sec
[M::process] read 72892 sequences (10000095 bp)...
[M::mem_process_seqs] Processed 72568 reads in 28.309 CPU sec, 30.687 real sec
[M::process] read 72498 sequences (10000190 bp)...
[M::mem_process_seqs] Processed 72892 reads in 26.611 CPU sec, 27.598 real sec
[M::process] read 72338 sequences (10000240 bp)...
[M::mem_process_seqs] Processed 72498 reads in 27.385 CPU sec, 28.994 real sec
[M::process] read 72306 sequences (10000083 bp)...
[M::mem_process_seqs] Processed 72338 reads in 27.726 CPU sec, 28.637 real sec
[M::process] read 72216 sequences (10000192 bp)...
[M::mem_process_seqs] Processed 72306 reads in 32.249 CPU sec, 32.896 real sec
[M::process] read 72348 sequences (10000153 bp)...
[M::mem_process_seqs] Processed 72216 reads in 25.218 CPU sec, 26.611 real sec
[M::process] read 72330 sequences (10000232 bp)...
[M::mem_process_seqs] Processed 72348 reads in 26.792 CPU sec, 27.463 real sec
[M::process] read 72248 sequences (10000262 bp)...
[M::mem_process_seqs] Processed 72330 reads in 29.489 CPU sec, 30.962 real sec
[M::process] read 72058 sequences (10000032 bp)...
[M::mem_process_seqs] Processed 72248 reads in 27.562 CPU sec, 28.536 real sec
[M::process] read 72346 sequences (10000253 bp)...
[M::mem_process_seqs] Processed 72058 reads in 27.578 CPU sec, 28.459 real sec
[M::process] read 72304 sequences (10000145 bp)...
[M::mem_process_seqs] Processed 72346 reads in 27.318 CPU sec, 28.493 real sec
[M::process] read 72326 sequences (10000183 bp)...
[M::mem_process_seqs] Processed 72304 reads in 29.135 CPU sec, 30.726 real sec
[M::process] read 72286 sequences (10000134 bp)...
[M::mem_process_seqs] Processed 72326 reads in 28.131 CPU sec, 29.178 real sec
[M::process] read 71982 sequences (10000137 bp)...
[M::mem_process_seqs] Processed 72286 reads in 25.767 CPU sec, 26.849 real sec
[M::process] read 72440 sequences (10000072 bp)...
[M::mem_process_seqs] Processed 71982 reads in 26.406 CPU sec, 27.179 real sec
[M::process] read 72102 sequences (10000195 bp)...
[M::mem_process_seqs] Processed 72440 reads in 26.183 CPU sec, 26.686 real sec
[M::process] read 72320 sequences (10000088 bp)...
[M::mem_process_seqs] Processed 72102 reads in 27.367 CPU sec, 28.094 real sec
[M::process] read 72398 sequences (10000250 bp)...
[M::mem_process_seqs] Processed 72320 reads in 27.739 CPU sec, 28.762 real sec
[M::process] read 72384 sequences (10000227 bp)...
[M::mem_process_seqs] Processed 72398 reads in 26.954 CPU sec, 27.635 real sec
[M::process] read 72304 sequences (10000191 bp)...
[M::mem_process_seqs] Processed 72384 reads in 26.628 CPU sec, 27.627 real sec
[M::process] read 72216 sequences (10000017 bp)...
[M::mem_process_seqs] Processed 72304 reads in 36.961 CPU sec, 38.424 real sec
[M::process] read 72340 sequences (10000096 bp)...
[M::mem_process_seqs] Processed 72216 reads in 30.028 CPU sec, 30.963 real sec
[M::process] read 72178 sequences (10000029 bp)...
[M::mem_process_seqs] Processed 72340 reads in 27.523 CPU sec, 28.115 real sec
[M::process] read 72480 sequences (10000006 bp)...
[M::mem_process_seqs] Processed 72178 reads in 28.228 CPU sec, 29.323 real sec
[M::process] read 71858 sequences (10000024 bp)...
[M::mem_process_seqs] Processed 72480 reads in 27.982 CPU sec, 29.540 real sec
[M::process] read 72484 sequences (10000095 bp)...
[M::mem_process_seqs] Processed 71858 reads in 32.307 CPU sec, 32.782 real sec
[M::process] read 72430 sequences (10000167 bp)...
[M::mem_process_seqs] Processed 72484 reads in 26.633 CPU sec, 27.952 real sec
[M::process] read 72546 sequences (10000198 bp)...
[M::mem_process_seqs] Processed 72430 reads in 26.364 CPU sec, 27.656 real sec
[M::process] read 72258 sequences (10000158 bp)...
[M::mem_process_seqs] Processed 72546 reads in 27.037 CPU sec, 27.504 real sec
[M::process] read 72348 sequences (10000219 bp)...
[M::mem_process_seqs] Processed 72258 reads in 32.034 CPU sec, 33.188 real sec
[M::process] read 72404 sequences (10000205 bp)...
[M::mem_process_seqs] Processed 72348 reads in 29.976 CPU sec, 30.747 real sec
[M::process] read 72480 sequences (10000156 bp)...
[M::mem_process_seqs] Processed 72404 reads in 28.664 CPU sec, 30.127 real sec
[M::process] read 72326 sequences (10000206 bp)...
[M::mem_process_seqs] Processed 72480 reads in 25.861 CPU sec, 25.980 real sec
[M::process] read 72658 sequences (10000169 bp)...
[M::mem_process_seqs] Processed 72326 reads in 27.619 CPU sec, 28.276 real sec
[M::process] read 72570 sequences (10000169 bp)...
[M::mem_process_seqs] Processed 72658 reads in 27.436 CPU sec, 29.055 real sec
[M::process] read 72042 sequences (10000023 bp)...
[M::mem_process_seqs] Processed 72570 reads in 27.938 CPU sec, 28.774 real sec
[M::process] read 72630 sequences (10000129 bp)...
[M::mem_process_seqs] Processed 72042 reads in 25.037 CPU sec, 24.974 real sec
[M::process] read 72600 sequences (10000119 bp)...
[M::mem_process_seqs] Processed 72630 reads in 27.032 CPU sec, 27.447 real sec
[M::process] read 72018 sequences (10000261 bp)...
[M::mem_process_seqs] Processed 72600 reads in 25.941 CPU sec, 27.015 real sec
[M::process] read 72520 sequences (10000276 bp)...
[M::mem_process_seqs] Processed 72018 reads in 28.227 CPU sec, 30.012 real sec
[M::process] read 72836 sequences (10000046 bp)...
[M::mem_process_seqs] Processed 72520 reads in 29.966 CPU sec, 30.895 real sec
[M::process] read 72376 sequences (10000065 bp)...
[M::mem_process_seqs] Processed 72836 reads in 30.452 CPU sec, 31.437 real sec
[M::process] read 72262 sequences (10000042 bp)...
[M::mem_process_seqs] Processed 72376 reads in 25.844 CPU sec, 27.792 real sec
[M::process] read 72578 sequences (10000280 bp)...
[M::mem_process_seqs] Processed 72262 reads in 25.239 CPU sec, 26.042 real sec
[M::process] read 72258 sequences (10000261 bp)...
[M::mem_process_seqs] Processed 72578 reads in 31.511 CPU sec, 32.476 real sec
[M::process] read 72328 sequences (10000018 bp)...
[M::mem_process_seqs] Processed 72258 reads in 31.019 CPU sec, 32.680 real sec
[M::process] read 72222 sequences (10000049 bp)...
[M::mem_process_seqs] Processed 72328 reads in 31.668 CPU sec, 32.729 real sec
[M::process] read 72270 sequences (10000004 bp)...
[M::mem_process_seqs] Processed 72222 reads in 26.949 CPU sec, 28.030 real sec
[M::process] read 72224 sequences (10000024 bp)...
[M::mem_process_seqs] Processed 72270 reads in 25.351 CPU sec, 26.704 real sec
[M::process] read 72262 sequences (10000099 bp)...
[M::mem_process_seqs] Processed 72224 reads in 30.607 CPU sec, 31.041 real sec
[M::process] read 72408 sequences (10000137 bp)...
[M::mem_process_seqs] Processed 72262 reads in 26.836 CPU sec, 27.431 real sec
[M::process] read 72194 sequences (10000050 bp)...
[M::mem_process_seqs] Processed 72408 reads in 27.971 CPU sec, 28.511 real sec
[M::process] read 72228 sequences (10000070 bp)...
[M::mem_process_seqs] Processed 72194 reads in 27.344 CPU sec, 28.612 real sec
[M::process] read 72342 sequences (10000189 bp)...
[M::mem_process_seqs] Processed 72228 reads in 25.545 CPU sec, 26.618 real sec
[M::process] read 71742 sequences (10000276 bp)...
[M::mem_process_seqs] Processed 72342 reads in 26.316 CPU sec, 27.543 real sec
[M::process] read 69936 sequences (10000073 bp)...
[M::mem_process_seqs] Processed 71742 reads in 25.910 CPU sec, 26.392 real sec
[M::process] read 72386 sequences (10000010 bp)...
[M::mem_process_seqs] Processed 69936 reads in 16.398 CPU sec, 16.716 real sec
[M::process] read 72354 sequences (10000151 bp)...
[M::mem_process_seqs] Processed 72386 reads in 24.811 CPU sec, 26.132 real sec
[M::process] read 72362 sequences (10000134 bp)...
[M::mem_process_seqs] Processed 72354 reads in 26.952 CPU sec, 28.548 real sec
[M::process] read 72534 sequences (10000275 bp)...
[M::mem_process_seqs] Processed 72362 reads in 27.269 CPU sec, 28.258 real sec
[M::process] read 72466 sequences (10000218 bp)...
[M::mem_process_seqs] Processed 72534 reads in 28.772 CPU sec, 29.769 real sec
[M::process] read 72344 sequences (10000191 bp)...
[M::mem_process_seqs] Processed 72466 reads in 29.414 CPU sec, 31.131 real sec
[M::process] read 72210 sequences (10000219 bp)...
[M::mem_process_seqs] Processed 72344 reads in 27.480 CPU sec, 28.522 real sec
[M::process] read 72112 sequences (10000260 bp)...
[M::mem_process_seqs] Processed 72210 reads in 27.934 CPU sec, 28.687 real sec
[M::process] read 72102 sequences (10000275 bp)...
[M::mem_process_seqs] Processed 72112 reads in 25.436 CPU sec, 26.681 real sec
[M::process] read 72116 sequences (10000141 bp)...
[M::mem_process_seqs] Processed 72102 reads in 27.787 CPU sec, 28.663 real sec
[M::process] read 72424 sequences (10000221 bp)...
[M::mem_process_seqs] Processed 72116 reads in 29.012 CPU sec, 29.476 real sec
[M::process] read 72248 sequences (10000266 bp)...
[M::mem_process_seqs] Processed 72424 reads in 27.096 CPU sec, 28.949 real sec
[M::process] read 72346 sequences (10000224 bp)...
[M::mem_process_seqs] Processed 72248 reads in 25.146 CPU sec, 25.780 real sec
[M::process] read 72312 sequences (10000088 bp)...
[M::mem_process_seqs] Processed 72346 reads in 29.574 CPU sec, 30.539 real sec
[M::process] read 72398 sequences (10000140 bp)...
[M::mem_process_seqs] Processed 72312 reads in 28.401 CPU sec, 29.488 real sec
[M::process] read 72652 sequences (10000287 bp)...
[M::mem_process_seqs] Processed 72398 reads in 28.512 CPU sec, 29.509 real sec
[M::process] read 72406 sequences (10000028 bp)...
[M::mem_process_seqs] Processed 72652 reads in 27.072 CPU sec, 28.915 real sec
[M::process] read 71986 sequences (10000075 bp)...
[M::mem_process_seqs] Processed 72406 reads in 26.041 CPU sec, 26.830 real sec
[M::process] read 72530 sequences (10000191 bp)...
[M::mem_process_seqs] Processed 71986 reads in 27.872 CPU sec, 29.124 real sec
[M::process] read 72398 sequences (10000182 bp)...
[M::mem_process_seqs] Processed 72530 reads in 28.525 CPU sec, 29.320 real sec
[M::process] read 72174 sequences (10000158 bp)...
[M::mem_process_seqs] Processed 72398 reads in 26.362 CPU sec, 26.962 real sec
[M::process] read 72756 sequences (10000215 bp)...
[M::mem_process_seqs] Processed 72174 reads in 26.230 CPU sec, 27.091 real sec
[M::process] read 72318 sequences (10000105 bp)...
[M::mem_process_seqs] Processed 72756 reads in 29.176 CPU sec, 30.379 real sec
[M::process] read 72042 sequences (10000100 bp)...
[M::mem_process_seqs] Processed 72318 reads in 28.262 CPU sec, 28.987 real sec
[M::process] read 71618 sequences (10000070 bp)...
[M::mem_process_seqs] Processed 72042 reads in 26.117 CPU sec, 26.489 real sec
[M::process] read 72312 sequences (10000110 bp)...
[M::mem_process_seqs] Processed 71618 reads in 25.060 CPU sec, 25.241 real sec
[M::process] read 72224 sequences (10000094 bp)...
[M::mem_process_seqs] Processed 72312 reads in 26.530 CPU sec, 26.818 real sec
[M::process] read 72318 sequences (10000223 bp)...
[M::mem_process_seqs] Processed 72224 reads in 27.284 CPU sec, 27.570 real sec
[M::process] read 72660 sequences (10000286 bp)...
[M::mem_process_seqs] Processed 72318 reads in 29.266 CPU sec, 29.006 real sec
[M::process] read 72310 sequences (10000225 bp)...
[M::mem_process_seqs] Processed 72660 reads in 32.198 CPU sec, 32.382 real sec
[M::process] read 72342 sequences (10000033 bp)...
[M::mem_process_seqs] Processed 72310 reads in 26.163 CPU sec, 26.648 real sec
[M::process] read 72532 sequences (10000004 bp)...
[M::mem_process_seqs] Processed 72342 reads in 28.600 CPU sec, 28.665 real sec
[M::process] read 72372 sequences (10000121 bp)...
[M::mem_process_seqs] Processed 72532 reads in 28.042 CPU sec, 27.967 real sec
[M::process] read 72174 sequences (10000274 bp)...
[M::mem_process_seqs] Processed 72372 reads in 28.131 CPU sec, 28.004 real sec
[M::process] read 72218 sequences (10000004 bp)...
[M::mem_process_seqs] Processed 72174 reads in 29.650 CPU sec, 29.371 real sec
[M::process] read 72348 sequences (10000170 bp)...
[M::mem_process_seqs] Processed 72218 reads in 25.984 CPU sec, 27.207 real sec
[M::process] read 72210 sequences (10000237 bp)...
[M::mem_process_seqs] Processed 72348 reads in 26.503 CPU sec, 26.987 real sec
[M::process] read 72344 sequences (10000105 bp)...
[M::mem_process_seqs] Processed 72210 reads in 30.369 CPU sec, 30.412 real sec
[M::process] read 72218 sequences (10000240 bp)...
[M::mem_process_seqs] Processed 72344 reads in 28.258 CPU sec, 28.353 real sec
[M::process] read 72578 sequences (10000128 bp)...
[M::mem_process_seqs] Processed 72218 reads in 26.812 CPU sec, 26.605 real sec
[M::process] read 72466 sequences (10000051 bp)...
[M::mem_process_seqs] Processed 72578 reads in 26.518 CPU sec, 26.344 real sec
[M::process] read 72556 sequences (10000172 bp)...
[M::mem_process_seqs] Processed 72466 reads in 25.580 CPU sec, 25.290 real sec
[M::process] read 72418 sequences (10000127 bp)...
[M::mem_process_seqs] Processed 72556 reads in 25.829 CPU sec, 25.419 real sec
[M::process] read 53002 sequences (7423457 bp)...
[M::mem_process_seqs] Processed 72418 reads in 26.769 CPU sec, 26.474 real sec
[M::mem_process_seqs] Processed 53002 reads in 17.730 CPU sec, 17.754 real sec
[main] Version: 0.7.17-r1188
[main] CMD: bwa mem -L 5 -I 534.409,78.6023,1268,212 -t 1 -a -M -T 30 -A 1 -B 4 -O 6 -R @RG\tID:Aen-Cbat_010-AeC01010_CKDL210012719-1a-AK8593-GD06_HF5TCDSX2_L1_clmp_fp2_repr\tSM:Aen-Cbat_010-AeC01010_CKDL210012719-1a-AK8593-GD06_HF5TCDSX2_L1_clmp_fp2_repr\tPL:Illumina reference.rad.RAW-6-6.fasta Aen-Cbat_010-AeC01010_CKDL210012719-1a-AK8593-GD06_HF5TCDSX2_L1_clmp_fp2_repr.R1.fq.gz Aen-Cbat_010-AeC01010_CKDL210012719-1a-AK8593-GD06_HF5TCDSX2_L1_clmp_fp2_repr.R2.fq.gz
[main] Real time: 3864.682 sec; CPU: 3747.884 sec
