[M::bwa_idx_load_from_disk] read 0 ALT contigs
[M::process] read 1452132 sequences (190952507 bp)...
[M::mem_pestat] # candidate unique pairs for (FF, FR, RF, RR): (71, 218416, 98, 43)
[M::mem_pestat] analyzing insert size distribution for orientation FF...
[M::mem_pestat] (25, 50, 75) percentile: (127, 224, 567)
[M::mem_pestat] low and high boundaries for computing mean and std.dev: (1, 1447)
[M::mem_pestat] mean and std.dev: (324.44, 235.65)
[M::mem_pestat] low and high boundaries for proper pairs: (1, 1887)
[M::mem_pestat] analyzing insert size distribution for orientation FR...
[M::mem_pestat] (25, 50, 75) percentile: (101, 142, 196)
[M::mem_pestat] low and high boundaries for computing mean and std.dev: (1, 386)
[M::mem_pestat] mean and std.dev: (151.74, 73.37)
[M::mem_pestat] low and high boundaries for proper pairs: (1, 481)
[M::mem_pestat] analyzing insert size distribution for orientation RF...
[M::mem_pestat] (25, 50, 75) percentile: (112, 124, 165)
[M::mem_pestat] low and high boundaries for computing mean and std.dev: (6, 271)
[M::mem_pestat] mean and std.dev: (110.15, 44.61)
[M::mem_pestat] low and high boundaries for proper pairs: (1, 324)
[M::mem_pestat] analyzing insert size distribution for orientation RR...
[M::mem_pestat] (25, 50, 75) percentile: (22, 92, 111)
[M::mem_pestat] low and high boundaries for computing mean and std.dev: (1, 289)
[M::mem_pestat] mean and std.dev: (68.05, 49.78)
[M::mem_pestat] low and high boundaries for proper pairs: (1, 378)
[M::mem_pestat] skip orientation FF
[M::mem_pestat] skip orientation RF
[M::mem_pestat] skip orientation RR
[M::mem_process_seqs] Processed 1452132 reads in 869.988 CPU sec, 22.989 real sec
[main] Version: 0.7.17-r1188
[main] CMD: bwa mem -L 5 -t 40 -a -M -T 66 -A 1 -B 4 -O 6 -R @RG\tID:Sgr-CJol_080-Ex1-cssl.clmp.fp2_repr\tSM:Sgr-CJol_080-Ex1-cssl.clmp.fp2_repr\tPL:Illumina reference.ssl.Sgr-SgC0072C-contam-R1R2-noIsolate-fromPROBES.fasta Sgr-CJol_080-Ex1-cssl.clmp.fp2_repr.R1.fq.gz Sgr-CJol_080-Ex1-cssl.clmp.fp2_repr.R2.fq.gz
[main] Real time: 32.248 sec; CPU: 877.822 sec
