[M::bwa_idx_load_from_disk] read 0 ALT contigs
[M::process] read 1468852 sequences (186683320 bp)...
[M::mem_pestat] # candidate unique pairs for (FF, FR, RF, RR): (157, 215416, 203, 108)
[M::mem_pestat] analyzing insert size distribution for orientation FF...
[M::mem_pestat] (25, 50, 75) percentile: (68, 186, 369)
[M::mem_pestat] low and high boundaries for computing mean and std.dev: (1, 971)
[M::mem_pestat] mean and std.dev: (198.04, 145.33)
[M::mem_pestat] low and high boundaries for proper pairs: (1, 1272)
[M::mem_pestat] analyzing insert size distribution for orientation FR...
[M::mem_pestat] (25, 50, 75) percentile: (91, 133, 188)
[M::mem_pestat] low and high boundaries for computing mean and std.dev: (1, 382)
[M::mem_pestat] mean and std.dev: (143.64, 73.58)
[M::mem_pestat] low and high boundaries for proper pairs: (1, 479)
[M::mem_pestat] analyzing insert size distribution for orientation RF...
[M::mem_pestat] (25, 50, 75) percentile: (164, 216, 1215)
[M::mem_pestat] low and high boundaries for computing mean and std.dev: (1, 3317)
[M::mem_pestat] mean and std.dev: (413.39, 480.81)
[M::mem_pestat] low and high boundaries for proper pairs: (1, 4368)
[M::mem_pestat] analyzing insert size distribution for orientation RR...
[M::mem_pestat] (25, 50, 75) percentile: (61, 67, 219)
[M::mem_pestat] low and high boundaries for computing mean and std.dev: (1, 535)
[M::mem_pestat] mean and std.dev: (124.90, 112.16)
[M::mem_pestat] low and high boundaries for proper pairs: (1, 693)
[M::mem_pestat] skip orientation FF
[M::mem_pestat] skip orientation RF
[M::mem_pestat] skip orientation RR
[M::mem_process_seqs] Processed 1468852 reads in 868.683 CPU sec, 23.034 real sec
[main] Version: 0.7.17-r1188
[main] CMD: bwa mem -L 5 -t 40 -a -M -T 66 -A 1 -B 4 -O 6 -R @RG\tID:Sgr-CMas_052-Ex1-cssl.clmp.fp2_repr\tSM:Sgr-CMas_052-Ex1-cssl.clmp.fp2_repr\tPL:Illumina reference.ssl.Sgr-SgC0072C-contam-R1R2-noIsolate-fromPROBES.fasta Sgr-CMas_052-Ex1-cssl.clmp.fp2_repr.R1.fq.gz Sgr-CMas_052-Ex1-cssl.clmp.fp2_repr.R2.fq.gz
[main] Real time: 32.244 sec; CPU: 876.466 sec
