[M::bwa_idx_load_from_disk] read 0 ALT contigs
[M::process] read 2505314 sequences (316247682 bp)...
[M::mem_pestat] # candidate unique pairs for (FF, FR, RF, RR): (23, 362472, 118, 92)
[M::mem_pestat] analyzing insert size distribution for orientation FF...
[M::mem_pestat] (25, 50, 75) percentile: (95, 106, 108)
[M::mem_pestat] low and high boundaries for computing mean and std.dev: (69, 134)
[M::mem_pestat] mean and std.dev: (104.36, 15.56)
[M::mem_pestat] low and high boundaries for proper pairs: (42, 167)
[M::mem_pestat] analyzing insert size distribution for orientation FR...
[M::mem_pestat] (25, 50, 75) percentile: (89, 136, 199)
[M::mem_pestat] low and high boundaries for computing mean and std.dev: (1, 419)
[M::mem_pestat] mean and std.dev: (151.22, 84.09)
[M::mem_pestat] low and high boundaries for proper pairs: (1, 529)
[M::mem_pestat] analyzing insert size distribution for orientation RF...
[M::mem_pestat] (25, 50, 75) percentile: (35, 172, 927)
[M::mem_pestat] low and high boundaries for computing mean and std.dev: (1, 2711)
[M::mem_pestat] mean and std.dev: (342.77, 443.16)
[M::mem_pestat] low and high boundaries for proper pairs: (1, 3603)
[M::mem_pestat] analyzing insert size distribution for orientation RR...
[M::mem_pestat] (25, 50, 75) percentile: (60, 60, 309)
[M::mem_pestat] low and high boundaries for computing mean and std.dev: (1, 807)
[M::mem_pestat] mean and std.dev: (140.23, 127.76)
[M::mem_pestat] low and high boundaries for proper pairs: (1, 1056)
[M::mem_pestat] skip orientation FF
[M::mem_pestat] skip orientation RF
[M::mem_pestat] skip orientation RR
[M::mem_process_seqs] Processed 2505314 reads in 1455.862 CPU sec, 37.843 real sec
[main] Version: 0.7.17-r1188
[main] CMD: bwa mem -L 5 -t 40 -a -M -T 66 -A 1 -B 4 -O 6 -R @RG\tID:Sgr-CMas_022-Ex1-cssl.clmp.fp2_repr\tSM:Sgr-CMas_022-Ex1-cssl.clmp.fp2_repr\tPL:Illumina reference.ssl.Sgr-SgC0072C-contam-R1R2-noIsolate-fromPROBES.fasta Sgr-CMas_022-Ex1-cssl.clmp.fp2_repr.R1.fq.gz Sgr-CMas_022-Ex1-cssl.clmp.fp2_repr.R2.fq.gz
[main] Real time: 51.662 sec; CPU: 1468.239 sec
