[M::bwa_idx_load_from_disk] read 0 ALT contigs
[M::process] read 1554134 sequences (196533029 bp)...
[M::mem_pestat] # candidate unique pairs for (FF, FR, RF, RR): (56, 224376, 116, 126)
[M::mem_pestat] analyzing insert size distribution for orientation FF...
[M::mem_pestat] (25, 50, 75) percentile: (496, 496, 496)
[M::mem_pestat] low and high boundaries for computing mean and std.dev: (496, 496)
[M::mem_pestat] mean and std.dev: (496.00, 0.00)
[M::mem_pestat] low and high boundaries for proper pairs: (496, 496)
[M::mem_pestat] analyzing insert size distribution for orientation FR...
[M::mem_pestat] (25, 50, 75) percentile: (90, 134, 193)
[M::mem_pestat] low and high boundaries for computing mean and std.dev: (1, 399)
[M::mem_pestat] mean and std.dev: (147.15, 79.53)
[M::mem_pestat] low and high boundaries for proper pairs: (1, 502)
[M::mem_pestat] analyzing insert size distribution for orientation RF...
[M::mem_pestat] (25, 50, 75) percentile: (70, 191, 477)
[M::mem_pestat] low and high boundaries for computing mean and std.dev: (1, 1291)
[M::mem_pestat] mean and std.dev: (252.96, 255.96)
[M::mem_pestat] low and high boundaries for proper pairs: (1, 1698)
[M::mem_pestat] analyzing insert size distribution for orientation RR...
[M::mem_pestat] (25, 50, 75) percentile: (279, 385, 390)
[M::mem_pestat] low and high boundaries for computing mean and std.dev: (57, 612)
[M::mem_pestat] mean and std.dev: (411.44, 47.09)
[M::mem_pestat] low and high boundaries for proper pairs: (1, 723)
[M::mem_pestat] skip orientation FF
[M::mem_pestat] skip orientation RF
[M::mem_pestat] skip orientation RR
[M::mem_process_seqs] Processed 1554134 reads in 899.857 CPU sec, 23.580 real sec
[main] Version: 0.7.17-r1188
[main] CMD: bwa mem -L 5 -t 40 -a -M -T 66 -A 1 -B 4 -O 6 -R @RG\tID:Sgr-CMas_006-Ex1-cssl.clmp.fp2_repr\tSM:Sgr-CMas_006-Ex1-cssl.clmp.fp2_repr\tPL:Illumina reference.ssl.Sgr-SgC0072C-contam-R1R2-noIsolate-fromPROBES.fasta Sgr-CMas_006-Ex1-cssl.clmp.fp2_repr.R1.fq.gz Sgr-CMas_006-Ex1-cssl.clmp.fp2_repr.R2.fq.gz
[main] Real time: 33.157 sec; CPU: 907.998 sec
