[M::bwa_idx_load_from_disk] read 0 ALT contigs
[M::process] read 1798582 sequences (215256821 bp)...
[M::mem_pestat] # candidate unique pairs for (FF, FR, RF, RR): (57, 270822, 67, 99)
[M::mem_pestat] analyzing insert size distribution for orientation FF...
[M::mem_pestat] (25, 50, 75) percentile: (68, 68, 68)
[M::mem_pestat] low and high boundaries for computing mean and std.dev: (68, 68)
[M::mem_pestat] mean and std.dev: (68.00, 0.00)
[M::mem_pestat] low and high boundaries for proper pairs: (68, 68)
[M::mem_pestat] analyzing insert size distribution for orientation FR...
[M::mem_pestat] (25, 50, 75) percentile: (79, 113, 155)
[M::mem_pestat] low and high boundaries for computing mean and std.dev: (1, 307)
[M::mem_pestat] mean and std.dev: (119.98, 57.18)
[M::mem_pestat] low and high boundaries for proper pairs: (1, 383)
[M::mem_pestat] analyzing insert size distribution for orientation RF...
[M::mem_pestat] (25, 50, 75) percentile: (157, 4120, 4120)
[M::mem_pestat] low and high boundaries for computing mean and std.dev: (1, 12046)
[M::mem_pestat] mean and std.dev: (2913.48, 2366.60)
[M::mem_pestat] low and high boundaries for proper pairs: (1, 16009)
[M::mem_pestat] analyzing insert size distribution for orientation RR...
[M::mem_pestat] (25, 50, 75) percentile: (453, 453, 453)
[M::mem_pestat] low and high boundaries for computing mean and std.dev: (453, 453)
[M::mem_pestat] mean and std.dev: (453.00, 0.00)
[M::mem_pestat] low and high boundaries for proper pairs: (453, 453)
[M::mem_pestat] skip orientation FF
[M::mem_pestat] skip orientation RF
[M::mem_pestat] skip orientation RR
[M::mem_process_seqs] Processed 1798582 reads in 945.273 CPU sec, 24.956 real sec
[main] Version: 0.7.17-r1188
[main] CMD: bwa mem -L 5 -t 40 -a -M -T 66 -A 1 -B 4 -O 6 -R @RG\tID:Sgr-CJol_037-Ex1-cssl.clmp.fp2_repr\tSM:Sgr-CJol_037-Ex1-cssl.clmp.fp2_repr\tPL:Illumina reference.ssl.Sgr-SgC0072C-contam-R1R2-noIsolate-fromPROBES.fasta Sgr-CJol_037-Ex1-cssl.clmp.fp2_repr.R1.fq.gz Sgr-CJol_037-Ex1-cssl.clmp.fp2_repr.R2.fq.gz
[main] Real time: 35.240 sec; CPU: 954.056 sec
