[M::bwa_idx_load_from_disk] read 0 ALT contigs
[M::process] read 4053548 sequences (400000102 bp)...
[M::mem_pestat] # candidate unique pairs for (FF, FR, RF, RR): (26, 124283, 25, 20)
[M::mem_pestat] analyzing insert size distribution for orientation FF...
[M::mem_pestat] (25, 50, 75) percentile: (35, 46, 47)
[M::mem_pestat] low and high boundaries for computing mean and std.dev: (11, 71)
[M::mem_pestat] mean and std.dev: (38.80, 9.75)
[M::mem_pestat] low and high boundaries for proper pairs: (1, 83)
[M::mem_pestat] analyzing insert size distribution for orientation FR...
[M::mem_pestat] (25, 50, 75) percentile: (54, 73, 94)
[M::mem_pestat] low and high boundaries for computing mean and std.dev: (1, 174)
[M::mem_pestat] mean and std.dev: (75.27, 28.94)
[M::mem_pestat] low and high boundaries for proper pairs: (1, 214)
[M::mem_pestat] analyzing insert size distribution for orientation RF...
[M::mem_pestat] (25, 50, 75) percentile: (55, 120, 198)
[M::mem_pestat] low and high boundaries for computing mean and std.dev: (1, 484)
[M::mem_pestat] mean and std.dev: (128.00, 67.81)
[M::mem_pestat] low and high boundaries for proper pairs: (1, 627)
[M::mem_pestat] analyzing insert size distribution for orientation RR...
[M::mem_pestat] (25, 50, 75) percentile: (23, 37, 50)
[M::mem_pestat] low and high boundaries for computing mean and std.dev: (1, 104)
[M::mem_pestat] mean and std.dev: (35.50, 16.45)
[M::mem_pestat] low and high boundaries for proper pairs: (1, 131)
[M::mem_pestat] skip orientation FF
[M::mem_pestat] skip orientation RF
[M::mem_pestat] skip orientation RR
[M::process] read 4079778 sequences (400000101 bp)...
[M::mem_process_seqs] Processed 4053548 reads in 8134.251 CPU sec, 395.137 real sec
[M::process] read 4312836 sequences (400000119 bp)...
[M::mem_pestat] # candidate unique pairs for (FF, FR, RF, RR): (21, 112892, 15, 23)
[M::mem_pestat] analyzing insert size distribution for orientation FF...
[M::mem_pestat] (25, 50, 75) percentile: (24, 40, 85)
[M::mem_pestat] low and high boundaries for computing mean and std.dev: (1, 207)
[M::mem_pestat] mean and std.dev: (48.81, 29.76)
[M::mem_pestat] low and high boundaries for proper pairs: (1, 268)
[M::mem_pestat] analyzing insert size distribution for orientation FR...
[M::mem_pestat] (25, 50, 75) percentile: (54, 73, 94)
[M::mem_pestat] low and high boundaries for computing mean and std.dev: (1, 174)
[M::mem_pestat] mean and std.dev: (75.32, 28.84)
[M::mem_pestat] low and high boundaries for proper pairs: (1, 214)
[M::mem_pestat] analyzing insert size distribution for orientation RF...
[M::mem_pestat] (25, 50, 75) percentile: (94, 120, 136)
[M::mem_pestat] low and high boundaries for computing mean and std.dev: (10, 220)
[M::mem_pestat] mean and std.dev: (105.50, 48.50)
[M::mem_pestat] low and high boundaries for proper pairs: (1, 299)
[M::mem_pestat] analyzing insert size distribution for orientation RR...
[M::mem_pestat] (25, 50, 75) percentile: (25, 39, 163)
[M::mem_pestat] low and high boundaries for computing mean and std.dev: (1, 439)
[M::mem_pestat] mean and std.dev: (38.94, 33.27)
[M::mem_pestat] low and high boundaries for proper pairs: (1, 577)
[M::mem_pestat] skip orientation FF
[M::mem_pestat] skip orientation RF
[M::mem_pestat] skip orientation RR
[M::mem_process_seqs] Processed 4079778 reads in 8688.906 CPU sec, 304.611 real sec
[M::process] read 3829862 sequences (400000131 bp)...
[M::mem_pestat] # candidate unique pairs for (FF, FR, RF, RR): (4, 99701, 36, 11)
[M::mem_pestat] skip orientation FF as there are not enough pairs
[M::mem_pestat] analyzing insert size distribution for orientation FR...
[M::mem_pestat] (25, 50, 75) percentile: (60, 77, 95)
[M::mem_pestat] low and high boundaries for computing mean and std.dev: (1, 165)
[M::mem_pestat] mean and std.dev: (77.57, 24.62)
[M::mem_pestat] low and high boundaries for proper pairs: (1, 200)
[M::mem_pestat] analyzing insert size distribution for orientation RF...
[M::mem_pestat] (25, 50, 75) percentile: (120, 121, 129)
[M::mem_pestat] low and high boundaries for computing mean and std.dev: (102, 147)
[M::mem_pestat] mean and std.dev: (122.71, 9.80)
[M::mem_pestat] low and high boundaries for proper pairs: (84, 162)
[M::mem_pestat] analyzing insert size distribution for orientation RR...
[M::mem_pestat] (25, 50, 75) percentile: (39, 41, 59)
[M::mem_pestat] low and high boundaries for computing mean and std.dev: (1, 99)
[M::mem_pestat] mean and std.dev: (44.60, 15.82)
[M::mem_pestat] low and high boundaries for proper pairs: (1, 119)
[M::mem_pestat] skip orientation RF
[M::mem_pestat] skip orientation RR
[M::mem_process_seqs] Processed 4312836 reads in 11041.202 CPU sec, 424.541 real sec
[M::process] read 4066636 sequences (400000078 bp)...
[M::mem_pestat] # candidate unique pairs for (FF, FR, RF, RR): (10, 80787, 7, 7)
[M::mem_pestat] analyzing insert size distribution for orientation FF...
[M::mem_pestat] (25, 50, 75) percentile: (31, 46, 63)
[M::mem_pestat] low and high boundaries for computing mean and std.dev: (1, 127)
[M::mem_pestat] mean and std.dev: (48.80, 18.68)
[M::mem_pestat] low and high boundaries for proper pairs: (1, 159)
[M::mem_pestat] analyzing insert size distribution for orientation FR...
[M::mem_pestat] (25, 50, 75) percentile: (49, 70, 92)
[M::mem_pestat] low and high boundaries for computing mean and std.dev: (1, 178)
[M::mem_pestat] mean and std.dev: (72.21, 29.17)
[M::mem_pestat] low and high boundaries for proper pairs: (1, 221)
[M::mem_pestat] skip orientation RF as there are not enough pairs
[M::mem_pestat] skip orientation RR as there are not enough pairs
[M::mem_pestat] skip orientation FF
[M::mem_process_seqs] Processed 3829862 reads in 6371.596 CPU sec, 207.726 real sec
[M::process] read 1167038 sequences (117833016 bp)...
[M::mem_pestat] # candidate unique pairs for (FF, FR, RF, RR): (12, 133990, 20, 22)
[M::mem_pestat] analyzing insert size distribution for orientation FF...
[M::mem_pestat] (25, 50, 75) percentile: (15, 29, 37)
[M::mem_pestat] low and high boundaries for computing mean and std.dev: (1, 81)
[M::mem_pestat] mean and std.dev: (28.42, 15.96)
[M::mem_pestat] low and high boundaries for proper pairs: (1, 103)
[M::mem_pestat] analyzing insert size distribution for orientation FR...
[M::mem_pestat] (25, 50, 75) percentile: (54, 72, 94)
[M::mem_pestat] low and high boundaries for computing mean and std.dev: (1, 174)
[M::mem_pestat] mean and std.dev: (74.84, 28.31)
[M::mem_pestat] low and high boundaries for proper pairs: (1, 214)
[M::mem_pestat] analyzing insert size distribution for orientation RF...
[M::mem_pestat] (25, 50, 75) percentile: (92, 120, 157)
[M::mem_pestat] low and high boundaries for computing mean and std.dev: (1, 287)
[M::mem_pestat] mean and std.dev: (119.58, 45.58)
[M::mem_pestat] low and high boundaries for proper pairs: (1, 352)
[M::mem_pestat] analyzing insert size distribution for orientation RR...
[M::mem_pestat] (25, 50, 75) percentile: (26, 39, 54)
[M::mem_pestat] low and high boundaries for computing mean and std.dev: (1, 110)
[M::mem_pestat] mean and std.dev: (40.48, 22.50)
[M::mem_pestat] low and high boundaries for proper pairs: (1, 138)
[M::mem_pestat] skip orientation FF
[M::mem_pestat] skip orientation RF
[M::mem_pestat] skip orientation RR
[M::mem_process_seqs] Processed 4066636 reads in 7823.126 CPU sec, 253.175 real sec
[M::mem_pestat] # candidate unique pairs for (FF, FR, RF, RR): (1, 19446, 2, 5)
[M::mem_pestat] skip orientation FF as there are not enough pairs
[M::mem_pestat] analyzing insert size distribution for orientation FR...
[M::mem_pestat] (25, 50, 75) percentile: (55, 74, 95)
[M::mem_pestat] low and high boundaries for computing mean and std.dev: (1, 175)
[M::mem_pestat] mean and std.dev: (76.07, 29.36)
[M::mem_pestat] low and high boundaries for proper pairs: (1, 215)
[M::mem_pestat] skip orientation RF as there are not enough pairs
[M::mem_pestat] skip orientation RR as there are not enough pairs
[M::mem_process_seqs] Processed 1167038 reads in 2651.488 CPU sec, 86.180 real sec
[main] Version: 0.7.17-r1188
[main] CMD: bwa mem -L 5 -t 40 -a -M -T 48 -A 1 -B 4 -O 6 -R @RG\tID:Sgr-AMvi_048-Ex1-cssl.clmp.fp2\tSM:Sgr-AMvi_048-Ex1-cssl.clmp.fp2\tPL:Illumina reference.ssl.Sgr-SgC0072C-contam-R1R2-noIsolate-fromPROBES.fasta Sgr-AMvi_048-Ex1-cssl.clmp.fp2.R1.fq.gz Sgr-AMvi_048-Ex1-cssl.clmp.fp2.R2.fq.gz
[main] Real time: 1692.313 sec; CPU: 44728.270 sec
