[M::bwa_idx_load_from_disk] read 0 ALT contigs
[M::process] read 4337338 sequences (400000055 bp)...
[M::process] read 2182836 sequences (201320022 bp)...
[M::mem_pestat] # candidate unique pairs for (FF, FR, RF, RR): (7, 266936, 7, 2)
[M::mem_pestat] skip orientation FF as there are not enough pairs
[M::mem_pestat] analyzing insert size distribution for orientation FR...
[M::mem_pestat] (25, 50, 75) percentile: (54, 72, 91)
[M::mem_pestat] low and high boundaries for computing mean and std.dev: (1, 165)
[M::mem_pestat] mean and std.dev: (73.56, 27.19)
[M::mem_pestat] low and high boundaries for proper pairs: (1, 202)
[M::mem_pestat] skip orientation RF as there are not enough pairs
[M::mem_pestat] skip orientation RR as there are not enough pairs
[M::mem_process_seqs] Processed 4337338 reads in 7422.701 CPU sec, 354.405 real sec
[M::mem_pestat] # candidate unique pairs for (FF, FR, RF, RR): (6, 144341, 2, 3)
[M::mem_pestat] skip orientation FF as there are not enough pairs
[M::mem_pestat] analyzing insert size distribution for orientation FR...
[M::mem_pestat] (25, 50, 75) percentile: (54, 72, 91)
[M::mem_pestat] low and high boundaries for computing mean and std.dev: (1, 165)
[M::mem_pestat] mean and std.dev: (73.61, 27.23)
[M::mem_pestat] low and high boundaries for proper pairs: (1, 202)
[M::mem_pestat] skip orientation RF as there are not enough pairs
[M::mem_pestat] skip orientation RR as there are not enough pairs
[M::mem_process_seqs] Processed 2182836 reads in 3446.014 CPU sec, 114.104 real sec
[main] Version: 0.7.17-r1188
[main] CMD: bwa mem -L 5 -t 40 -a -M -T 48 -A 1 -B 4 -O 6 -R @RG\tID:Sgr-APal_028-Ex1-cssl.clmp.fp2\tSM:Sgr-APal_028-Ex1-cssl.clmp.fp2\tPL:Illumina reference.ssl.Sgr-SgC0072C-contam-R1R2-noIsolate-fromPROBES.fasta Sgr-APal_028-Ex1-cssl.clmp.fp2.R1.fq.gz Sgr-APal_028-Ex1-cssl.clmp.fp2.R2.fq.gz
[main] Real time: 485.846 sec; CPU: 10885.546 sec
