[M::bwa_idx_load_from_disk] read 0 ALT contigs
[M::process] read 4317290 sequences (400000170 bp)...
[M::mem_pestat] # candidate unique pairs for (FF, FR, RF, RR): (14, 186565, 1, 26)
[M::mem_pestat] analyzing insert size distribution for orientation FF...
[M::mem_pestat] (25, 50, 75) percentile: (19, 44, 53)
[M::mem_pestat] low and high boundaries for computing mean and std.dev: (1, 121)
[M::mem_pestat] mean and std.dev: (36.08, 14.66)
[M::mem_pestat] low and high boundaries for proper pairs: (1, 155)
[M::mem_pestat] analyzing insert size distribution for orientation FR...
[M::mem_pestat] (25, 50, 75) percentile: (52, 68, 84)
[M::mem_pestat] low and high boundaries for computing mean and std.dev: (1, 148)
[M::mem_pestat] mean and std.dev: (68.89, 23.47)
[M::mem_pestat] low and high boundaries for proper pairs: (1, 180)
[M::mem_pestat] skip orientation RF as there are not enough pairs
[M::mem_pestat] analyzing insert size distribution for orientation RR...
[M::mem_pestat] (25, 50, 75) percentile: (33, 43, 58)
[M::mem_pestat] low and high boundaries for computing mean and std.dev: (1, 108)
[M::mem_pestat] mean and std.dev: (44.85, 14.86)
[M::mem_pestat] low and high boundaries for proper pairs: (1, 133)
[M::mem_pestat] skip orientation FF
[M::mem_pestat] skip orientation RR
[M::process] read 4241058 sequences (400000110 bp)...
[M::mem_process_seqs] Processed 4317290 reads in 8384.428 CPU sec, 407.269 real sec
[M::process] read 4462960 sequences (400000099 bp)...
[M::mem_pestat] # candidate unique pairs for (FF, FR, RF, RR): (13, 163173, 4, 18)
[M::mem_pestat] analyzing insert size distribution for orientation FF...
[M::mem_pestat] (25, 50, 75) percentile: (33, 42, 48)
[M::mem_pestat] low and high boundaries for computing mean and std.dev: (3, 78)
[M::mem_pestat] mean and std.dev: (39.85, 10.93)
[M::mem_pestat] low and high boundaries for proper pairs: (1, 93)
[M::mem_pestat] analyzing insert size distribution for orientation FR...
[M::mem_pestat] (25, 50, 75) percentile: (52, 68, 84)
[M::mem_pestat] low and high boundaries for computing mean and std.dev: (1, 148)
[M::mem_pestat] mean and std.dev: (69.07, 23.57)
[M::mem_pestat] low and high boundaries for proper pairs: (1, 180)
[M::mem_pestat] skip orientation RF as there are not enough pairs
[M::mem_pestat] analyzing insert size distribution for orientation RR...
[M::mem_pestat] (25, 50, 75) percentile: (27, 35, 53)
[M::mem_pestat] low and high boundaries for computing mean and std.dev: (1, 105)
[M::mem_pestat] mean and std.dev: (39.72, 18.24)
[M::mem_pestat] low and high boundaries for proper pairs: (1, 131)
[M::mem_pestat] skip orientation FF
[M::mem_pestat] skip orientation RR
[M::mem_process_seqs] Processed 4241058 reads in 8866.453 CPU sec, 309.354 real sec
[M::process] read 4293904 sequences (400000084 bp)...
[M::mem_pestat] # candidate unique pairs for (FF, FR, RF, RR): (6, 92665, 2, 7)
[M::mem_pestat] skip orientation FF as there are not enough pairs
[M::mem_pestat] analyzing insert size distribution for orientation FR...
[M::mem_pestat] (25, 50, 75) percentile: (53, 69, 85)
[M::mem_pestat] low and high boundaries for computing mean and std.dev: (1, 149)
[M::mem_pestat] mean and std.dev: (69.53, 23.96)
[M::mem_pestat] low and high boundaries for proper pairs: (1, 181)
[M::mem_pestat] skip orientation RF as there are not enough pairs
[M::mem_pestat] skip orientation RR as there are not enough pairs
[M::mem_process_seqs] Processed 4462960 reads in 11708.465 CPU sec, 452.569 real sec
[M::process] read 1373712 sequences (135153837 bp)...
[M::mem_pestat] # candidate unique pairs for (FF, FR, RF, RR): (18, 178341, 7, 22)
[M::mem_pestat] analyzing insert size distribution for orientation FF...
[M::mem_pestat] (25, 50, 75) percentile: (19, 32, 35)
[M::mem_pestat] low and high boundaries for computing mean and std.dev: (1, 67)
[M::mem_pestat] mean and std.dev: (30.39, 14.01)
[M::mem_pestat] low and high boundaries for proper pairs: (1, 86)
[M::mem_pestat] analyzing insert size distribution for orientation FR...
[M::mem_pestat] (25, 50, 75) percentile: (52, 68, 84)
[M::mem_pestat] low and high boundaries for computing mean and std.dev: (1, 148)
[M::mem_pestat] mean and std.dev: (69.19, 23.87)
[M::mem_pestat] low and high boundaries for proper pairs: (1, 180)
[M::mem_pestat] skip orientation RF as there are not enough pairs
[M::mem_pestat] analyzing insert size distribution for orientation RR...
[M::mem_pestat] (25, 50, 75) percentile: (33, 42, 57)
[M::mem_pestat] low and high boundaries for computing mean and std.dev: (1, 105)
[M::mem_pestat] mean and std.dev: (42.90, 15.62)
[M::mem_pestat] low and high boundaries for proper pairs: (1, 129)
[M::mem_pestat] skip orientation FF
[M::mem_pestat] skip orientation RR
[M::mem_process_seqs] Processed 4293904 reads in 8067.180 CPU sec, 261.029 real sec
[M::mem_pestat] # candidate unique pairs for (FF, FR, RF, RR): (3, 34139, 1, 9)
[M::mem_pestat] skip orientation FF as there are not enough pairs
[M::mem_pestat] analyzing insert size distribution for orientation FR...
[M::mem_pestat] (25, 50, 75) percentile: (52, 69, 85)
[M::mem_pestat] low and high boundaries for computing mean and std.dev: (1, 151)
[M::mem_pestat] mean and std.dev: (69.60, 24.05)
[M::mem_pestat] low and high boundaries for proper pairs: (1, 184)
[M::mem_pestat] skip orientation RF as there are not enough pairs
[M::mem_pestat] skip orientation RR as there are not enough pairs
[M::mem_process_seqs] Processed 1373712 reads in 2997.220 CPU sec, 99.062 real sec
[main] Version: 0.7.17-r1188
[main] CMD: bwa mem -L 5 -t 40 -a -M -T 48 -A 1 -B 4 -O 6 -R @RG\tID:Sgr-AMvi_062-Ex1-cssl.clmp.fp2\tSM:Sgr-AMvi_062-Ex1-cssl.clmp.fp2\tPL:Illumina reference.ssl.Sgr-SgC0072C-contam-R1R2-noIsolate-fromPROBES.fasta Sgr-AMvi_062-Ex1-cssl.clmp.fp2.R1.fq.gz Sgr-AMvi_062-Ex1-cssl.clmp.fp2.R2.fq.gz
[main] Real time: 1547.323 sec; CPU: 40041.462 sec
