[M::bwa_idx_load_from_disk] read 0 ALT contigs
[M::process] read 3892218 sequences (400000169 bp)...
[M::mem_pestat] # candidate unique pairs for (FF, FR, RF, RR): (19, 87858, 5, 9)
[M::mem_pestat] analyzing insert size distribution for orientation FF...
[M::mem_pestat] (25, 50, 75) percentile: (34, 54, 506)
[M::mem_pestat] low and high boundaries for computing mean and std.dev: (1, 1450)
[M::mem_pestat] mean and std.dev: (172.32, 220.95)
[M::mem_pestat] low and high boundaries for proper pairs: (1, 1922)
[M::mem_pestat] analyzing insert size distribution for orientation FR...
[M::mem_pestat] (25, 50, 75) percentile: (57, 77, 98)
[M::mem_pestat] low and high boundaries for computing mean and std.dev: (1, 180)
[M::mem_pestat] mean and std.dev: (78.50, 30.14)
[M::mem_pestat] low and high boundaries for proper pairs: (1, 221)
[M::mem_pestat] skip orientation RF as there are not enough pairs
[M::mem_pestat] skip orientation RR as there are not enough pairs
[M::mem_pestat] skip orientation FF
[M::process] read 3928388 sequences (400000056 bp)...
[M::mem_process_seqs] Processed 3892218 reads in 8736.027 CPU sec, 402.400 real sec
[M::process] read 3925680 sequences (400000071 bp)...
[M::mem_pestat] # candidate unique pairs for (FF, FR, RF, RR): (36, 90977, 2, 19)
[M::mem_pestat] analyzing insert size distribution for orientation FF...
[M::mem_pestat] (25, 50, 75) percentile: (38, 58, 525)
[M::mem_pestat] low and high boundaries for computing mean and std.dev: (1, 1499)
[M::mem_pestat] mean and std.dev: (194.14, 221.05)
[M::mem_pestat] low and high boundaries for proper pairs: (1, 1986)
[M::mem_pestat] analyzing insert size distribution for orientation FR...
[M::mem_pestat] (25, 50, 75) percentile: (57, 76, 98)
[M::mem_pestat] low and high boundaries for computing mean and std.dev: (1, 180)
[M::mem_pestat] mean and std.dev: (78.43, 30.09)
[M::mem_pestat] low and high boundaries for proper pairs: (1, 221)
[M::mem_pestat] skip orientation RF as there are not enough pairs
[M::mem_pestat] analyzing insert size distribution for orientation RR...
[M::mem_pestat] (25, 50, 75) percentile: (39, 76, 207)
[M::mem_pestat] low and high boundaries for computing mean and std.dev: (1, 543)
[M::mem_pestat] mean and std.dev: (93.11, 76.84)
[M::mem_pestat] low and high boundaries for proper pairs: (1, 711)
[M::mem_pestat] skip orientation FF
[M::mem_pestat] skip orientation RR
[M::mem_process_seqs] Processed 3928388 reads in 8716.918 CPU sec, 296.790 real sec
[M::process] read 3789896 sequences (400000077 bp)...
[M::mem_pestat] # candidate unique pairs for (FF, FR, RF, RR): (24, 97672, 6, 18)
[M::mem_pestat] analyzing insert size distribution for orientation FF...
[M::mem_pestat] (25, 50, 75) percentile: (29, 40, 66)
[M::mem_pestat] low and high boundaries for computing mean and std.dev: (1, 140)
[M::mem_pestat] mean and std.dev: (38.15, 23.25)
[M::mem_pestat] low and high boundaries for proper pairs: (1, 177)
[M::mem_pestat] analyzing insert size distribution for orientation FR...
[M::mem_pestat] (25, 50, 75) percentile: (57, 77, 98)
[M::mem_pestat] low and high boundaries for computing mean and std.dev: (1, 180)
[M::mem_pestat] mean and std.dev: (78.51, 30.09)
[M::mem_pestat] low and high boundaries for proper pairs: (1, 221)
[M::mem_pestat] skip orientation RF as there are not enough pairs
[M::mem_pestat] analyzing insert size distribution for orientation RR...
[M::mem_pestat] (25, 50, 75) percentile: (34, 71, 521)
[M::mem_pestat] low and high boundaries for computing mean and std.dev: (1, 1495)
[M::mem_pestat] mean and std.dev: (185.61, 221.53)
[M::mem_pestat] low and high boundaries for proper pairs: (1, 1982)
[M::mem_pestat] skip orientation FF
[M::mem_pestat] skip orientation RR
[M::mem_process_seqs] Processed 3925680 reads in 8500.301 CPU sec, 282.009 real sec
[M::process] read 3969546 sequences (400000000 bp)...
[M::mem_pestat] # candidate unique pairs for (FF, FR, RF, RR): (12, 68334, 3, 18)
[M::mem_pestat] analyzing insert size distribution for orientation FF...
[M::mem_pestat] (25, 50, 75) percentile: (14, 50, 66)
[M::mem_pestat] low and high boundaries for computing mean and std.dev: (1, 170)
[M::mem_pestat] mean and std.dev: (40.73, 35.35)
[M::mem_pestat] low and high boundaries for proper pairs: (1, 222)
[M::mem_pestat] analyzing insert size distribution for orientation FR...
[M::mem_pestat] (25, 50, 75) percentile: (57, 77, 99)
[M::mem_pestat] low and high boundaries for computing mean and std.dev: (1, 183)
[M::mem_pestat] mean and std.dev: (78.90, 30.45)
[M::mem_pestat] low and high boundaries for proper pairs: (1, 225)
[M::mem_pestat] skip orientation RF as there are not enough pairs
[M::mem_pestat] analyzing insert size distribution for orientation RR...
[M::mem_pestat] (25, 50, 75) percentile: (32, 85, 106)
[M::mem_pestat] low and high boundaries for computing mean and std.dev: (1, 254)
[M::mem_pestat] mean and std.dev: (70.24, 35.32)
[M::mem_pestat] low and high boundaries for proper pairs: (1, 328)
[M::mem_pestat] skip orientation FF
[M::mem_pestat] skip orientation RR
[M::mem_process_seqs] Processed 3789896 reads in 7737.556 CPU sec, 251.500 real sec
[M::process] read 3982090 sequences (400000104 bp)...
[M::mem_pestat] # candidate unique pairs for (FF, FR, RF, RR): (3, 31530, 1, 7)
[M::mem_pestat] skip orientation FF as there are not enough pairs
[M::mem_pestat] analyzing insert size distribution for orientation FR...
[M::mem_pestat] (25, 50, 75) percentile: (58, 77, 99)
[M::mem_pestat] low and high boundaries for computing mean and std.dev: (1, 181)
[M::mem_pestat] mean and std.dev: (79.39, 30.47)
[M::mem_pestat] low and high boundaries for proper pairs: (1, 222)
[M::mem_pestat] skip orientation RF as there are not enough pairs
[M::mem_pestat] skip orientation RR as there are not enough pairs
[M::mem_process_seqs] Processed 3969546 reads in 11303.790 CPU sec, 419.752 real sec
[M::process] read 4397228 sequences (400000154 bp)...
[M::mem_pestat] # candidate unique pairs for (FF, FR, RF, RR): (33, 108147, 6, 25)
[M::mem_pestat] analyzing insert size distribution for orientation FF...
[M::mem_pestat] (25, 50, 75) percentile: (24, 43, 97)
[M::mem_pestat] low and high boundaries for computing mean and std.dev: (1, 243)
[M::mem_pestat] mean and std.dev: (50.50, 34.05)
[M::mem_pestat] low and high boundaries for proper pairs: (1, 316)
[M::mem_pestat] analyzing insert size distribution for orientation FR...
[M::mem_pestat] (25, 50, 75) percentile: (57, 76, 98)
[M::mem_pestat] low and high boundaries for computing mean and std.dev: (1, 180)
[M::mem_pestat] mean and std.dev: (78.49, 30.09)
[M::mem_pestat] low and high boundaries for proper pairs: (1, 221)
[M::mem_pestat] skip orientation RF as there are not enough pairs
[M::mem_pestat] analyzing insert size distribution for orientation RR...
[M::mem_pestat] (25, 50, 75) percentile: (34, 76, 544)
[M::mem_pestat] low and high boundaries for computing mean and std.dev: (1, 1564)
[M::mem_pestat] mean and std.dev: (195.16, 221.03)
[M::mem_pestat] low and high boundaries for proper pairs: (1, 2074)
[M::mem_pestat] skip orientation FF
[M::mem_pestat] skip orientation RR
[M::mem_process_seqs] Processed 3982090 reads in 8747.022 CPU sec, 288.048 real sec
[M::process] read 4051106 sequences (400000217 bp)...
[M::mem_pestat] # candidate unique pairs for (FF, FR, RF, RR): (14, 47848, 1, 19)
[M::mem_pestat] analyzing insert size distribution for orientation FF...
[M::mem_pestat] (25, 50, 75) percentile: (46, 64, 98)
[M::mem_pestat] low and high boundaries for computing mean and std.dev: (1, 202)
[M::mem_pestat] mean and std.dev: (57.09, 27.79)
[M::mem_pestat] low and high boundaries for proper pairs: (1, 254)
[M::mem_pestat] analyzing insert size distribution for orientation FR...
[M::mem_pestat] (25, 50, 75) percentile: (58, 78, 98)
[M::mem_pestat] low and high boundaries for computing mean and std.dev: (1, 178)
[M::mem_pestat] mean and std.dev: (79.29, 29.91)
[M::mem_pestat] low and high boundaries for proper pairs: (1, 218)
[M::mem_pestat] skip orientation RF as there are not enough pairs
[M::mem_pestat] analyzing insert size distribution for orientation RR...
[M::mem_pestat] (25, 50, 75) percentile: (42, 521, 521)
[M::mem_pestat] low and high boundaries for computing mean and std.dev: (1, 1479)
[M::mem_pestat] mean and std.dev: (295.58, 245.13)
[M::mem_pestat] low and high boundaries for proper pairs: (1, 1958)
[M::mem_pestat] skip orientation FF
[M::mem_pestat] skip orientation RR
[M::mem_process_seqs] Processed 4397228 reads in 11792.619 CPU sec, 409.253 real sec
[M::process] read 3967004 sequences (400000107 bp)...
[M::mem_pestat] # candidate unique pairs for (FF, FR, RF, RR): (28, 58303, 4, 17)
[M::mem_pestat] analyzing insert size distribution for orientation FF...
[M::mem_pestat] (25, 50, 75) percentile: (33, 130, 130)
[M::mem_pestat] low and high boundaries for computing mean and std.dev: (1, 324)
[M::mem_pestat] mean and std.dev: (83.46, 50.25)
[M::mem_pestat] low and high boundaries for proper pairs: (1, 421)
[M::mem_pestat] analyzing insert size distribution for orientation FR...
[M::mem_pestat] (25, 50, 75) percentile: (57, 76, 98)
[M::mem_pestat] low and high boundaries for computing mean and std.dev: (1, 180)
[M::mem_pestat] mean and std.dev: (78.61, 30.21)
[M::mem_pestat] low and high boundaries for proper pairs: (1, 221)
[M::mem_pestat] skip orientation RF as there are not enough pairs
[M::mem_pestat] analyzing insert size distribution for orientation RR...
[M::mem_pestat] (25, 50, 75) percentile: (11, 41, 92)
[M::mem_pestat] low and high boundaries for computing mean and std.dev: (1, 254)
[M::mem_pestat] mean and std.dev: (43.81, 37.84)
[M::mem_pestat] low and high boundaries for proper pairs: (1, 335)
[M::mem_pestat] skip orientation FF
[M::mem_pestat] skip orientation RR
[M::mem_process_seqs] Processed 4051106 reads in 10878.869 CPU sec, 357.647 real sec
[M::process] read 3872206 sequences (400000045 bp)...
[M::mem_pestat] # candidate unique pairs for (FF, FR, RF, RR): (24, 62380, 3, 17)
[M::mem_pestat] analyzing insert size distribution for orientation FF...
[M::mem_pestat] (25, 50, 75) percentile: (38, 55, 133)
[M::mem_pestat] low and high boundaries for computing mean and std.dev: (1, 323)
[M::mem_pestat] mean and std.dev: (59.33, 48.08)
[M::mem_pestat] low and high boundaries for proper pairs: (1, 418)
[M::mem_pestat] analyzing insert size distribution for orientation FR...
[M::mem_pestat] (25, 50, 75) percentile: (58, 77, 99)
[M::mem_pestat] low and high boundaries for computing mean and std.dev: (1, 181)
[M::mem_pestat] mean and std.dev: (79.53, 30.70)
[M::mem_pestat] low and high boundaries for proper pairs: (1, 222)
[M::mem_pestat] skip orientation RF as there are not enough pairs
[M::mem_pestat] analyzing insert size distribution for orientation RR...
[M::mem_pestat] (25, 50, 75) percentile: (25, 52, 116)
[M::mem_pestat] low and high boundaries for computing mean and std.dev: (1, 298)
[M::mem_pestat] mean and std.dev: (65.59, 43.94)
[M::mem_pestat] low and high boundaries for proper pairs: (1, 389)
[M::mem_pestat] skip orientation FF
[M::mem_pestat] skip orientation RR
[M::mem_process_seqs] Processed 3967004 reads in 9093.201 CPU sec, 295.099 real sec
[M::process] read 3924520 sequences (400000043 bp)...
[M::mem_pestat] # candidate unique pairs for (FF, FR, RF, RR): (27, 79633, 4, 18)
[M::mem_pestat] analyzing insert size distribution for orientation FF...
[M::mem_pestat] (25, 50, 75) percentile: (33, 43, 90)
[M::mem_pestat] low and high boundaries for computing mean and std.dev: (1, 204)
[M::mem_pestat] mean and std.dev: (40.41, 26.55)
[M::mem_pestat] low and high boundaries for proper pairs: (1, 261)
[M::mem_pestat] analyzing insert size distribution for orientation FR...
[M::mem_pestat] (25, 50, 75) percentile: (57, 76, 98)
[M::mem_pestat] low and high boundaries for computing mean and std.dev: (1, 180)
[M::mem_pestat] mean and std.dev: (78.37, 30.70)
[M::mem_pestat] low and high boundaries for proper pairs: (1, 221)
[M::mem_pestat] skip orientation RF as there are not enough pairs
[M::mem_pestat] analyzing insert size distribution for orientation RR...
[M::mem_pestat] (25, 50, 75) percentile: (17, 48, 60)
[M::mem_pestat] low and high boundaries for computing mean and std.dev: (1, 146)
[M::mem_pestat] mean and std.dev: (30.57, 20.94)
[M::mem_pestat] low and high boundaries for proper pairs: (1, 189)
[M::mem_pestat] skip orientation FF
[M::mem_pestat] skip orientation RR
[M::mem_process_seqs] Processed 3872206 reads in 8257.167 CPU sec, 267.001 real sec
[M::process] read 3850984 sequences (400000139 bp)...
[M::mem_pestat] # candidate unique pairs for (FF, FR, RF, RR): (32, 99472, 3, 23)
[M::mem_pestat] analyzing insert size distribution for orientation FF...
[M::mem_pestat] (25, 50, 75) percentile: (35, 41, 79)
[M::mem_pestat] low and high boundaries for computing mean and std.dev: (1, 167)
[M::mem_pestat] mean and std.dev: (57.91, 33.40)
[M::mem_pestat] low and high boundaries for proper pairs: (1, 211)
[M::mem_pestat] analyzing insert size distribution for orientation FR...
[M::mem_pestat] (25, 50, 75) percentile: (57, 77, 99)
[M::mem_pestat] low and high boundaries for computing mean and std.dev: (1, 183)
[M::mem_pestat] mean and std.dev: (78.94, 30.81)
[M::mem_pestat] low and high boundaries for proper pairs: (1, 225)
[M::mem_pestat] skip orientation RF as there are not enough pairs
[M::mem_pestat] analyzing insert size distribution for orientation RR...
[M::mem_pestat] (25, 50, 75) percentile: (35, 73, 161)
[M::mem_pestat] low and high boundaries for computing mean and std.dev: (1, 413)
[M::mem_pestat] mean and std.dev: (81.55, 56.25)
[M::mem_pestat] low and high boundaries for proper pairs: (1, 539)
[M::mem_pestat] skip orientation FF
[M::mem_pestat] skip orientation RR
[M::mem_process_seqs] Processed 3924520 reads in 8007.710 CPU sec, 258.305 real sec
[M::process] read 3398114 sequences (356855092 bp)...
[M::mem_pestat] # candidate unique pairs for (FF, FR, RF, RR): (27, 98135, 31, 14)
[M::mem_pestat] analyzing insert size distribution for orientation FF...
[M::mem_pestat] (25, 50, 75) percentile: (31, 43, 66)
[M::mem_pestat] low and high boundaries for computing mean and std.dev: (1, 136)
[M::mem_pestat] mean and std.dev: (44.24, 28.11)
[M::mem_pestat] low and high boundaries for proper pairs: (1, 171)
[M::mem_pestat] analyzing insert size distribution for orientation FR...
[M::mem_pestat] (25, 50, 75) percentile: (59, 78, 100)
[M::mem_pestat] low and high boundaries for computing mean and std.dev: (1, 182)
[M::mem_pestat] mean and std.dev: (80.17, 30.98)
[M::mem_pestat] low and high boundaries for proper pairs: (1, 223)
[M::mem_pestat] analyzing insert size distribution for orientation RF...
[M::mem_pestat] (25, 50, 75) percentile: (138, 164, 191)
[M::mem_pestat] low and high boundaries for computing mean and std.dev: (32, 297)
[M::mem_pestat] mean and std.dev: (154.13, 37.32)
[M::mem_pestat] low and high boundaries for proper pairs: (1, 350)
[M::mem_pestat] analyzing insert size distribution for orientation RR...
[M::mem_pestat] (25, 50, 75) percentile: (20, 42, 65)
[M::mem_pestat] low and high boundaries for computing mean and std.dev: (1, 155)
[M::mem_pestat] mean and std.dev: (37.00, 23.20)
[M::mem_pestat] low and high boundaries for proper pairs: (1, 200)
[M::mem_pestat] skip orientation FF
[M::mem_pestat] skip orientation RF
[M::mem_pestat] skip orientation RR
[M::mem_process_seqs] Processed 3850984 reads in 7474.918 CPU sec, 242.945 real sec
[M::mem_pestat] # candidate unique pairs for (FF, FR, RF, RR): (6, 33617, 2, 6)
[M::mem_pestat] skip orientation FF as there are not enough pairs
[M::mem_pestat] analyzing insert size distribution for orientation FR...
[M::mem_pestat] (25, 50, 75) percentile: (58, 77, 99)
[M::mem_pestat] low and high boundaries for computing mean and std.dev: (1, 181)
[M::mem_pestat] mean and std.dev: (79.24, 30.37)
[M::mem_pestat] low and high boundaries for proper pairs: (1, 222)
[M::mem_pestat] skip orientation RF as there are not enough pairs
[M::mem_pestat] skip orientation RR as there are not enough pairs
[M::mem_process_seqs] Processed 3398114 reads in 8078.370 CPU sec, 260.935 real sec
[main] Version: 0.7.17-r1188
[main] CMD: bwa mem -L 5 -t 40 -a -M -T 48 -A 1 -B 4 -O 6 -R @RG\tID:Sgr-AMvi_014-Ex1-cssl.clmp.fp2\tSM:Sgr-AMvi_014-Ex1-cssl.clmp.fp2\tPL:Illumina reference.ssl.Sgr-SgC0072C-contam-R1R2-noIsolate-fromPROBES.fasta Sgr-AMvi_014-Ex1-cssl.clmp.fp2.R1.fq.gz Sgr-AMvi_014-Ex1-cssl.clmp.fp2.R2.fq.gz
[main] Real time: 4060.692 sec; CPU: 117344.797 sec
