[M::bwa_idx_load_from_disk] read 0 ALT contigs
[M::process] read 3932314 sequences (400000147 bp)...
[M::mem_pestat] # candidate unique pairs for (FF, FR, RF, RR): (41, 124864, 15, 60)
[M::mem_pestat] analyzing insert size distribution for orientation FF...
[M::mem_pestat] (25, 50, 75) percentile: (23, 33, 50)
[M::mem_pestat] low and high boundaries for computing mean and std.dev: (1, 104)
[M::mem_pestat] mean and std.dev: (32.00, 15.21)
[M::mem_pestat] low and high boundaries for proper pairs: (1, 131)
[M::mem_pestat] analyzing insert size distribution for orientation FR...
[M::mem_pestat] (25, 50, 75) percentile: (56, 76, 97)
[M::mem_pestat] low and high boundaries for computing mean and std.dev: (1, 179)
[M::mem_pestat] mean and std.dev: (77.35, 30.39)
[M::mem_pestat] low and high boundaries for proper pairs: (1, 220)
[M::mem_pestat] analyzing insert size distribution for orientation RF...
[M::mem_pestat] (25, 50, 75) percentile: (50, 50, 151)
[M::mem_pestat] low and high boundaries for computing mean and std.dev: (1, 353)
[M::mem_pestat] mean and std.dev: (78.38, 56.79)
[M::mem_pestat] low and high boundaries for proper pairs: (1, 454)
[M::mem_pestat] analyzing insert size distribution for orientation RR...
[M::mem_pestat] (25, 50, 75) percentile: (22, 43, 87)
[M::mem_pestat] low and high boundaries for computing mean and std.dev: (1, 217)
[M::mem_pestat] mean and std.dev: (49.84, 36.86)
[M::mem_pestat] low and high boundaries for proper pairs: (1, 282)
[M::mem_pestat] skip orientation FF
[M::mem_pestat] skip orientation RF
[M::mem_pestat] skip orientation RR
[M::process] read 3917558 sequences (400000107 bp)...
[M::mem_process_seqs] Processed 3932314 reads in 7550.012 CPU sec, 373.503 real sec
[M::process] read 3934460 sequences (400000080 bp)...
[M::mem_pestat] # candidate unique pairs for (FF, FR, RF, RR): (42, 136928, 13, 50)
[M::mem_pestat] analyzing insert size distribution for orientation FF...
[M::mem_pestat] (25, 50, 75) percentile: (30, 66, 94)
[M::mem_pestat] low and high boundaries for computing mean and std.dev: (1, 222)
[M::mem_pestat] mean and std.dev: (62.41, 38.21)
[M::mem_pestat] low and high boundaries for proper pairs: (1, 286)
[M::mem_pestat] analyzing insert size distribution for orientation FR...
[M::mem_pestat] (25, 50, 75) percentile: (56, 75, 97)
[M::mem_pestat] low and high boundaries for computing mean and std.dev: (1, 179)
[M::mem_pestat] mean and std.dev: (77.32, 30.59)
[M::mem_pestat] low and high boundaries for proper pairs: (1, 220)
[M::mem_pestat] analyzing insert size distribution for orientation RF...
[M::mem_pestat] (25, 50, 75) percentile: (41, 171, 985)
[M::mem_pestat] low and high boundaries for computing mean and std.dev: (1, 2873)
[M::mem_pestat] mean and std.dev: (381.69, 444.06)
[M::mem_pestat] low and high boundaries for proper pairs: (1, 3817)
[M::mem_pestat] analyzing insert size distribution for orientation RR...
[M::mem_pestat] (25, 50, 75) percentile: (25, 37, 53)
[M::mem_pestat] low and high boundaries for computing mean and std.dev: (1, 109)
[M::mem_pestat] mean and std.dev: (37.96, 20.76)
[M::mem_pestat] low and high boundaries for proper pairs: (1, 137)
[M::mem_pestat] skip orientation FF
[M::mem_pestat] skip orientation RF
[M::mem_pestat] skip orientation RR
[M::mem_process_seqs] Processed 3917558 reads in 6872.960 CPU sec, 226.526 real sec
[M::process] read 3994034 sequences (400000016 bp)...
[M::mem_pestat] # candidate unique pairs for (FF, FR, RF, RR): (40, 102910, 7, 19)
[M::mem_pestat] analyzing insert size distribution for orientation FF...
[M::mem_pestat] (25, 50, 75) percentile: (21, 54, 320)
[M::mem_pestat] low and high boundaries for computing mean and std.dev: (1, 918)
[M::mem_pestat] mean and std.dev: (124.20, 141.69)
[M::mem_pestat] low and high boundaries for proper pairs: (1, 1217)
[M::mem_pestat] analyzing insert size distribution for orientation FR...
[M::mem_pestat] (25, 50, 75) percentile: (56, 76, 98)
[M::mem_pestat] low and high boundaries for computing mean and std.dev: (1, 182)
[M::mem_pestat] mean and std.dev: (77.82, 30.87)
[M::mem_pestat] low and high boundaries for proper pairs: (1, 224)
[M::mem_pestat] skip orientation RF as there are not enough pairs
[M::mem_pestat] analyzing insert size distribution for orientation RR...
[M::mem_pestat] (25, 50, 75) percentile: (28, 36, 101)
[M::mem_pestat] low and high boundaries for computing mean and std.dev: (1, 247)
[M::mem_pestat] mean and std.dev: (60.44, 50.83)
[M::mem_pestat] low and high boundaries for proper pairs: (1, 320)
[M::mem_pestat] skip orientation FF
[M::mem_pestat] skip orientation RR
[M::mem_process_seqs] Processed 3934460 reads in 7927.813 CPU sec, 267.608 real sec
[M::process] read 4321894 sequences (400000056 bp)...
[M::mem_pestat] # candidate unique pairs for (FF, FR, RF, RR): (46, 110486, 10, 34)
[M::mem_pestat] analyzing insert size distribution for orientation FF...
[M::mem_pestat] (25, 50, 75) percentile: (37, 66, 111)
[M::mem_pestat] low and high boundaries for computing mean and std.dev: (1, 259)
[M::mem_pestat] mean and std.dev: (68.43, 47.19)
[M::mem_pestat] low and high boundaries for proper pairs: (1, 333)
[M::mem_pestat] analyzing insert size distribution for orientation FR...
[M::mem_pestat] (25, 50, 75) percentile: (56, 76, 98)
[M::mem_pestat] low and high boundaries for computing mean and std.dev: (1, 182)
[M::mem_pestat] mean and std.dev: (77.67, 30.83)
[M::mem_pestat] low and high boundaries for proper pairs: (1, 224)
[M::mem_pestat] analyzing insert size distribution for orientation RF...
[M::mem_pestat] (25, 50, 75) percentile: (26, 121, 984)
[M::mem_pestat] low and high boundaries for computing mean and std.dev: (1, 2900)
[M::mem_pestat] mean and std.dev: (371.90, 454.65)
[M::mem_pestat] low and high boundaries for proper pairs: (1, 3858)
[M::mem_pestat] analyzing insert size distribution for orientation RR...
[M::mem_pestat] (25, 50, 75) percentile: (36, 68, 103)
[M::mem_pestat] low and high boundaries for computing mean and std.dev: (1, 237)
[M::mem_pestat] mean and std.dev: (60.25, 27.46)
[M::mem_pestat] low and high boundaries for proper pairs: (1, 304)
[M::mem_pestat] skip orientation FF
[M::mem_pestat] skip orientation RF
[M::mem_pestat] skip orientation RR
[M::mem_process_seqs] Processed 3994034 reads in 8603.031 CPU sec, 304.167 real sec
[M::process] read 4055814 sequences (400000164 bp)...
[M::mem_pestat] # candidate unique pairs for (FF, FR, RF, RR): (50, 90090, 5, 30)
[M::mem_pestat] analyzing insert size distribution for orientation FF...
[M::mem_pestat] (25, 50, 75) percentile: (30, 53, 94)
[M::mem_pestat] low and high boundaries for computing mean and std.dev: (1, 222)
[M::mem_pestat] mean and std.dev: (58.20, 37.32)
[M::mem_pestat] low and high boundaries for proper pairs: (1, 286)
[M::mem_pestat] analyzing insert size distribution for orientation FR...
[M::mem_pestat] (25, 50, 75) percentile: (56, 76, 98)
[M::mem_pestat] low and high boundaries for computing mean and std.dev: (1, 182)
[M::mem_pestat] mean and std.dev: (77.86, 30.56)
[M::mem_pestat] low and high boundaries for proper pairs: (1, 224)
[M::mem_pestat] skip orientation RF as there are not enough pairs
[M::mem_pestat] analyzing insert size distribution for orientation RR...
[M::mem_pestat] (25, 50, 75) percentile: (13, 36, 63)
[M::mem_pestat] low and high boundaries for computing mean and std.dev: (1, 163)
[M::mem_pestat] mean and std.dev: (37.63, 25.64)
[M::mem_pestat] low and high boundaries for proper pairs: (1, 213)
[M::mem_pestat] skip orientation FF
[M::mem_pestat] skip orientation RR
[M::mem_process_seqs] Processed 4321894 reads in 10117.703 CPU sec, 369.953 real sec
[M::process] read 3951002 sequences (400000133 bp)...
[M::mem_pestat] # candidate unique pairs for (FF, FR, RF, RR): (24, 81671, 3, 22)
[M::mem_pestat] analyzing insert size distribution for orientation FF...
[M::mem_pestat] (25, 50, 75) percentile: (20, 53, 68)
[M::mem_pestat] low and high boundaries for computing mean and std.dev: (1, 164)
[M::mem_pestat] mean and std.dev: (49.18, 32.85)
[M::mem_pestat] low and high boundaries for proper pairs: (1, 212)
[M::mem_pestat] analyzing insert size distribution for orientation FR...
[M::mem_pestat] (25, 50, 75) percentile: (56, 76, 98)
[M::mem_pestat] low and high boundaries for computing mean and std.dev: (1, 182)
[M::mem_pestat] mean and std.dev: (78.14, 30.93)
[M::mem_pestat] low and high boundaries for proper pairs: (1, 224)
[M::mem_pestat] skip orientation RF as there are not enough pairs
[M::mem_pestat] analyzing insert size distribution for orientation RR...
[M::mem_pestat] (25, 50, 75) percentile: (25, 41, 81)
[M::mem_pestat] low and high boundaries for computing mean and std.dev: (1, 193)
[M::mem_pestat] mean and std.dev: (44.21, 28.35)
[M::mem_pestat] low and high boundaries for proper pairs: (1, 249)
[M::mem_pestat] skip orientation FF
[M::mem_pestat] skip orientation RR
[M::mem_process_seqs] Processed 4055814 reads in 9962.900 CPU sec, 336.306 real sec
[M::process] read 3893710 sequences (400000038 bp)...
[M::mem_pestat] # candidate unique pairs for (FF, FR, RF, RR): (33, 87712, 1, 20)
[M::mem_pestat] analyzing insert size distribution for orientation FF...
[M::mem_pestat] (25, 50, 75) percentile: (30, 48, 93)
[M::mem_pestat] low and high boundaries for computing mean and std.dev: (1, 219)
[M::mem_pestat] mean and std.dev: (55.77, 43.03)
[M::mem_pestat] low and high boundaries for proper pairs: (1, 282)
[M::mem_pestat] analyzing insert size distribution for orientation FR...
[M::mem_pestat] (25, 50, 75) percentile: (56, 76, 98)
[M::mem_pestat] low and high boundaries for computing mean and std.dev: (1, 182)
[M::mem_pestat] mean and std.dev: (78.12, 31.11)
[M::mem_pestat] low and high boundaries for proper pairs: (1, 224)
[M::mem_pestat] skip orientation RF as there are not enough pairs
[M::mem_pestat] analyzing insert size distribution for orientation RR...
[M::mem_pestat] (25, 50, 75) percentile: (23, 43, 83)
[M::mem_pestat] low and high boundaries for computing mean and std.dev: (1, 203)
[M::mem_pestat] mean and std.dev: (46.17, 31.92)
[M::mem_pestat] low and high boundaries for proper pairs: (1, 263)
[M::mem_pestat] skip orientation FF
[M::mem_pestat] skip orientation RR
[M::mem_process_seqs] Processed 3951002 reads in 7970.771 CPU sec, 257.963 real sec
[M::process] read 3845848 sequences (400000183 bp)...
[M::mem_pestat] # candidate unique pairs for (FF, FR, RF, RR): (42, 124142, 26, 40)
[M::mem_pestat] analyzing insert size distribution for orientation FF...
[M::mem_pestat] (25, 50, 75) percentile: (21, 37, 71)
[M::mem_pestat] low and high boundaries for computing mean and std.dev: (1, 171)
[M::mem_pestat] mean and std.dev: (46.15, 30.85)
[M::mem_pestat] low and high boundaries for proper pairs: (1, 221)
[M::mem_pestat] analyzing insert size distribution for orientation FR...
[M::mem_pestat] (25, 50, 75) percentile: (55, 75, 98)
[M::mem_pestat] low and high boundaries for computing mean and std.dev: (1, 184)
[M::mem_pestat] mean and std.dev: (77.41, 31.30)
[M::mem_pestat] low and high boundaries for proper pairs: (1, 227)
[M::mem_pestat] analyzing insert size distribution for orientation RF...
[M::mem_pestat] (25, 50, 75) percentile: (50, 137, 507)
[M::mem_pestat] low and high boundaries for computing mean and std.dev: (1, 1421)
[M::mem_pestat] mean and std.dev: (285.78, 356.43)
[M::mem_pestat] low and high boundaries for proper pairs: (1, 1878)
[M::mem_pestat] analyzing insert size distribution for orientation RR...
[M::mem_pestat] (25, 50, 75) percentile: (31, 42, 62)
[M::mem_pestat] low and high boundaries for computing mean and std.dev: (1, 124)
[M::mem_pestat] mean and std.dev: (44.80, 24.01)
[M::mem_pestat] low and high boundaries for proper pairs: (1, 155)
[M::mem_pestat] skip orientation FF
[M::mem_pestat] skip orientation RF
[M::mem_pestat] skip orientation RR
[M::mem_process_seqs] Processed 3893710 reads in 6644.222 CPU sec, 215.082 real sec
[M::process] read 1773888 sequences (179839697 bp)...
[M::mem_pestat] # candidate unique pairs for (FF, FR, RF, RR): (26, 122655, 16, 30)
[M::mem_pestat] analyzing insert size distribution for orientation FF...
[M::mem_pestat] (25, 50, 75) percentile: (29, 58, 86)
[M::mem_pestat] low and high boundaries for computing mean and std.dev: (1, 200)
[M::mem_pestat] mean and std.dev: (57.33, 38.27)
[M::mem_pestat] low and high boundaries for proper pairs: (1, 257)
[M::mem_pestat] analyzing insert size distribution for orientation FR...
[M::mem_pestat] (25, 50, 75) percentile: (57, 77, 100)
[M::mem_pestat] low and high boundaries for computing mean and std.dev: (1, 186)
[M::mem_pestat] mean and std.dev: (79.19, 31.37)
[M::mem_pestat] low and high boundaries for proper pairs: (1, 229)
[M::mem_pestat] analyzing insert size distribution for orientation RF...
[M::mem_pestat] (25, 50, 75) percentile: (70, 167, 181)
[M::mem_pestat] low and high boundaries for computing mean and std.dev: (1, 403)
[M::mem_pestat] mean and std.dev: (127.33, 68.05)
[M::mem_pestat] low and high boundaries for proper pairs: (1, 514)
[M::mem_pestat] analyzing insert size distribution for orientation RR...
[M::mem_pestat] (25, 50, 75) percentile: (16, 27, 63)
[M::mem_pestat] low and high boundaries for computing mean and std.dev: (1, 157)
[M::mem_pestat] mean and std.dev: (43.32, 39.83)
[M::mem_pestat] low and high boundaries for proper pairs: (1, 204)
[M::mem_pestat] skip orientation FF
[M::mem_pestat] skip orientation RF
[M::mem_pestat] skip orientation RR
[M::mem_process_seqs] Processed 3845848 reads in 6400.202 CPU sec, 207.400 real sec
[M::mem_pestat] # candidate unique pairs for (FF, FR, RF, RR): (15, 36702, 2, 11)
[M::mem_pestat] analyzing insert size distribution for orientation FF...
[M::mem_pestat] (25, 50, 75) percentile: (26, 53, 121)
[M::mem_pestat] low and high boundaries for computing mean and std.dev: (1, 311)
[M::mem_pestat] mean and std.dev: (52.38, 39.27)
[M::mem_pestat] low and high boundaries for proper pairs: (1, 406)
[M::mem_pestat] analyzing insert size distribution for orientation FR...
[M::mem_pestat] (25, 50, 75) percentile: (56, 75, 97)
[M::mem_pestat] low and high boundaries for computing mean and std.dev: (1, 179)
[M::mem_pestat] mean and std.dev: (77.34, 30.40)
[M::mem_pestat] low and high boundaries for proper pairs: (1, 220)
[M::mem_pestat] skip orientation RF as there are not enough pairs
[M::mem_pestat] analyzing insert size distribution for orientation RR...
[M::mem_pestat] (25, 50, 75) percentile: (41, 45, 156)
[M::mem_pestat] low and high boundaries for computing mean and std.dev: (1, 386)
[M::mem_pestat] mean and std.dev: (79.64, 62.48)
[M::mem_pestat] low and high boundaries for proper pairs: (1, 501)
[M::mem_pestat] skip orientation FF
[M::mem_pestat] skip orientation RR
[M::mem_process_seqs] Processed 1773888 reads in 3768.844 CPU sec, 122.353 real sec
[main] Version: 0.7.17-r1188
[main] CMD: bwa mem -L 5 -t 40 -a -M -T 48 -A 1 -B 4 -O 6 -R @RG\tID:Sgr-AMvi_023-Ex1-cssl.clmp.fp2\tSM:Sgr-AMvi_023-Ex1-cssl.clmp.fp2\tPL:Illumina reference.ssl.Sgr-SgC0072C-contam-R1R2-noIsolate-fromPROBES.fasta Sgr-AMvi_023-Ex1-cssl.clmp.fp2.R1.fq.gz Sgr-AMvi_023-Ex1-cssl.clmp.fp2.R2.fq.gz
[main] Real time: 2698.646 sec; CPU: 75836.010 sec
