[M::bwa_idx_load_from_disk] read 0 ALT contigs
[M::process] read 4345054 sequences (400000015 bp)...
[M::mem_pestat] # candidate unique pairs for (FF, FR, RF, RR): (9, 439274, 14, 12)
[M::mem_pestat] skip orientation FF as there are not enough pairs
[M::mem_pestat] analyzing insert size distribution for orientation FR...
[M::mem_pestat] (25, 50, 75) percentile: (54, 72, 92)
[M::mem_pestat] low and high boundaries for computing mean and std.dev: (1, 168)
[M::mem_pestat] mean and std.dev: (74.01, 27.93)
[M::mem_pestat] low and high boundaries for proper pairs: (1, 206)
[M::mem_pestat] analyzing insert size distribution for orientation RF...
[M::mem_pestat] (25, 50, 75) percentile: (58, 182, 350)
[M::mem_pestat] low and high boundaries for computing mean and std.dev: (1, 934)
[M::mem_pestat] mean and std.dev: (138.00, 110.40)
[M::mem_pestat] low and high boundaries for proper pairs: (1, 1226)
[M::mem_pestat] analyzing insert size distribution for orientation RR...
[M::mem_pestat] (25, 50, 75) percentile: (13, 23, 31)
[M::mem_pestat] low and high boundaries for computing mean and std.dev: (1, 67)
[M::mem_pestat] mean and std.dev: (23.75, 11.27)
[M::mem_pestat] low and high boundaries for proper pairs: (1, 85)
[M::mem_pestat] skip orientation RF
[M::mem_pestat] skip orientation RR
[M::mem_process_seqs] Processed 4345054 reads in 4352.203 CPU sec, 229.165 real sec
[M::process] read 4335588 sequences (400000052 bp)...
[M::process] read 4322482 sequences (400000112 bp)...
[M::mem_pestat] # candidate unique pairs for (FF, FR, RF, RR): (13, 440933, 11, 18)
[M::mem_pestat] analyzing insert size distribution for orientation FF...
[M::mem_pestat] (25, 50, 75) percentile: (23, 25, 51)
[M::mem_pestat] low and high boundaries for computing mean and std.dev: (1, 107)
[M::mem_pestat] mean and std.dev: (31.69, 13.85)
[M::mem_pestat] low and high boundaries for proper pairs: (1, 135)
[M::mem_pestat] analyzing insert size distribution for orientation FR...
[M::mem_pestat] (25, 50, 75) percentile: (54, 72, 92)
[M::mem_pestat] low and high boundaries for computing mean and std.dev: (1, 168)
[M::mem_pestat] mean and std.dev: (73.98, 27.91)
[M::mem_pestat] low and high boundaries for proper pairs: (1, 206)
[M::mem_pestat] analyzing insert size distribution for orientation RF...
[M::mem_pestat] (25, 50, 75) percentile: (45, 304, 1115)
[M::mem_pestat] low and high boundaries for computing mean and std.dev: (1, 3255)
[M::mem_pestat] mean and std.dev: (466.36, 471.60)
[M::mem_pestat] low and high boundaries for proper pairs: (1, 4325)
[M::mem_pestat] analyzing insert size distribution for orientation RR...
[M::mem_pestat] (25, 50, 75) percentile: (23, 28, 66)
[M::mem_pestat] low and high boundaries for computing mean and std.dev: (1, 152)
[M::mem_pestat] mean and std.dev: (37.59, 24.15)
[M::mem_pestat] low and high boundaries for proper pairs: (1, 195)
[M::mem_pestat] skip orientation FF
[M::mem_pestat] skip orientation RF
[M::mem_pestat] skip orientation RR
[M::mem_process_seqs] Processed 4335588 reads in 4123.418 CPU sec, 139.046 real sec
[M::process] read 4423840 sequences (400000026 bp)...
[M::mem_pestat] # candidate unique pairs for (FF, FR, RF, RR): (12, 415716, 9, 17)
[M::mem_pestat] analyzing insert size distribution for orientation FF...
[M::mem_pestat] (25, 50, 75) percentile: (17, 21, 28)
[M::mem_pestat] low and high boundaries for computing mean and std.dev: (1, 50)
[M::mem_pestat] mean and std.dev: (20.27, 6.80)
[M::mem_pestat] low and high boundaries for proper pairs: (1, 61)
[M::mem_pestat] analyzing insert size distribution for orientation FR...
[M::mem_pestat] (25, 50, 75) percentile: (54, 72, 92)
[M::mem_pestat] low and high boundaries for computing mean and std.dev: (1, 168)
[M::mem_pestat] mean and std.dev: (74.07, 27.98)
[M::mem_pestat] low and high boundaries for proper pairs: (1, 206)
[M::mem_pestat] skip orientation RF as there are not enough pairs
[M::mem_pestat] analyzing insert size distribution for orientation RR...
[M::mem_pestat] (25, 50, 75) percentile: (21, 28, 60)
[M::mem_pestat] low and high boundaries for computing mean and std.dev: (1, 138)
[M::mem_pestat] mean and std.dev: (29.07, 18.06)
[M::mem_pestat] low and high boundaries for proper pairs: (1, 177)
[M::mem_pestat] skip orientation FF
[M::mem_pestat] skip orientation RR
[M::mem_process_seqs] Processed 4322482 reads in 4733.962 CPU sec, 165.602 real sec
[M::process] read 4258440 sequences (400000141 bp)...
[M::mem_pestat] # candidate unique pairs for (FF, FR, RF, RR): (7, 330574, 19, 7)
[M::mem_pestat] skip orientation FF as there are not enough pairs
[M::mem_pestat] analyzing insert size distribution for orientation FR...
[M::mem_pestat] (25, 50, 75) percentile: (54, 72, 92)
[M::mem_pestat] low and high boundaries for computing mean and std.dev: (1, 168)
[M::mem_pestat] mean and std.dev: (74.27, 27.68)
[M::mem_pestat] low and high boundaries for proper pairs: (1, 206)
[M::mem_pestat] analyzing insert size distribution for orientation RF...
[M::mem_pestat] (25, 50, 75) percentile: (60, 79, 128)
[M::mem_pestat] low and high boundaries for computing mean and std.dev: (1, 264)
[M::mem_pestat] mean and std.dev: (87.83, 47.51)
[M::mem_pestat] low and high boundaries for proper pairs: (1, 332)
[M::mem_pestat] skip orientation RR as there are not enough pairs
[M::mem_pestat] skip orientation RF
[M::mem_process_seqs] Processed 4423840 reads in 6674.011 CPU sec, 259.610 real sec
[M::process] read 4338226 sequences (400000125 bp)...
[M::mem_pestat] # candidate unique pairs for (FF, FR, RF, RR): (13, 380172, 13, 6)
[M::mem_pestat] analyzing insert size distribution for orientation FF...
[M::mem_pestat] (25, 50, 75) percentile: (25, 25, 33)
[M::mem_pestat] low and high boundaries for computing mean and std.dev: (9, 49)
[M::mem_pestat] mean and std.dev: (27.54, 6.26)
[M::mem_pestat] low and high boundaries for proper pairs: (1, 57)
[M::mem_pestat] analyzing insert size distribution for orientation FR...
[M::mem_pestat] (25, 50, 75) percentile: (53, 72, 91)
[M::mem_pestat] low and high boundaries for computing mean and std.dev: (1, 167)
[M::mem_pestat] mean and std.dev: (73.57, 27.85)
[M::mem_pestat] low and high boundaries for proper pairs: (1, 205)
[M::mem_pestat] analyzing insert size distribution for orientation RF...
[M::mem_pestat] (25, 50, 75) percentile: (119, 215, 4376)
[M::mem_pestat] low and high boundaries for computing mean and std.dev: (1, 12890)
[M::mem_pestat] mean and std.dev: (1477.69, 1941.13)
[M::mem_pestat] low and high boundaries for proper pairs: (1, 17147)
[M::mem_pestat] skip orientation RR as there are not enough pairs
[M::mem_pestat] skip orientation FF
[M::mem_pestat] skip orientation RF
[M::mem_process_seqs] Processed 4258440 reads in 4433.147 CPU sec, 145.147 real sec
[M::process] read 4044268 sequences (374118722 bp)...
[M::mem_pestat] # candidate unique pairs for (FF, FR, RF, RR): (13, 443693, 11, 17)
[M::mem_pestat] analyzing insert size distribution for orientation FF...
[M::mem_pestat] (25, 50, 75) percentile: (16, 29, 69)
[M::mem_pestat] low and high boundaries for computing mean and std.dev: (1, 175)
[M::mem_pestat] mean and std.dev: (40.58, 31.20)
[M::mem_pestat] low and high boundaries for proper pairs: (1, 228)
[M::mem_pestat] analyzing insert size distribution for orientation FR...
[M::mem_pestat] (25, 50, 75) percentile: (54, 72, 92)
[M::mem_pestat] low and high boundaries for computing mean and std.dev: (1, 168)
[M::mem_pestat] mean and std.dev: (73.97, 27.88)
[M::mem_pestat] low and high boundaries for proper pairs: (1, 206)
[M::mem_pestat] analyzing insert size distribution for orientation RF...
[M::mem_pestat] (25, 50, 75) percentile: (191, 370, 4416)
[M::mem_pestat] low and high boundaries for computing mean and std.dev: (1, 12866)
[M::mem_pestat] mean and std.dev: (1482.91, 1821.45)
[M::mem_pestat] low and high boundaries for proper pairs: (1, 17091)
[M::mem_pestat] analyzing insert size distribution for orientation RR...
[M::mem_pestat] (25, 50, 75) percentile: (21, 29, 49)
[M::mem_pestat] low and high boundaries for computing mean and std.dev: (1, 105)
[M::mem_pestat] mean and std.dev: (34.19, 17.18)
[M::mem_pestat] low and high boundaries for proper pairs: (1, 133)
[M::mem_pestat] skip orientation FF
[M::mem_pestat] skip orientation RF
[M::mem_pestat] skip orientation RR
[M::mem_process_seqs] Processed 4338226 reads in 4130.088 CPU sec, 134.084 real sec
[M::mem_pestat] # candidate unique pairs for (FF, FR, RF, RR): (11, 391325, 6, 18)
[M::mem_pestat] analyzing insert size distribution for orientation FF...
[M::mem_pestat] (25, 50, 75) percentile: (25, 31, 43)
[M::mem_pestat] low and high boundaries for computing mean and std.dev: (1, 79)
[M::mem_pestat] mean and std.dev: (29.60, 16.45)
[M::mem_pestat] low and high boundaries for proper pairs: (1, 97)
[M::mem_pestat] analyzing insert size distribution for orientation FR...
[M::mem_pestat] (25, 50, 75) percentile: (54, 72, 92)
[M::mem_pestat] low and high boundaries for computing mean and std.dev: (1, 168)
[M::mem_pestat] mean and std.dev: (73.94, 27.84)
[M::mem_pestat] low and high boundaries for proper pairs: (1, 206)
[M::mem_pestat] skip orientation RF as there are not enough pairs
[M::mem_pestat] analyzing insert size distribution for orientation RR...
[M::mem_pestat] (25, 50, 75) percentile: (21, 31, 51)
[M::mem_pestat] low and high boundaries for computing mean and std.dev: (1, 111)
[M::mem_pestat] mean and std.dev: (35.67, 19.60)
[M::mem_pestat] low and high boundaries for proper pairs: (1, 141)
[M::mem_pestat] skip orientation FF
[M::mem_pestat] skip orientation RR
[M::mem_process_seqs] Processed 4044268 reads in 4260.421 CPU sec, 139.853 real sec
[main] Version: 0.7.17-r1188
[main] CMD: bwa mem -L 5 -t 40 -a -M -T 48 -A 1 -B 4 -O 6 -R @RG\tID:Sgr-APal_037-Ex1-cssl.clmp.fp2\tSM:Sgr-APal_037-Ex1-cssl.clmp.fp2\tPL:Illumina reference.ssl.Sgr-SgC0072C-contam-R1R2-noIsolate-fromPROBES.fasta Sgr-APal_037-Ex1-cssl.clmp.fp2.R1.fq.gz Sgr-APal_037-Ex1-cssl.clmp.fp2.R2.fq.gz
[main] Real time: 1234.748 sec; CPU: 32730.692 sec
