[M::bwa_idx_load_from_disk] read 0 ALT contigs
[M::process] read 4241338 sequences (400000169 bp)...
[M::mem_pestat] # candidate unique pairs for (FF, FR, RF, RR): (36, 355392, 8, 36)
[M::mem_pestat] analyzing insert size distribution for orientation FF...
[M::mem_pestat] (25, 50, 75) percentile: (36, 52, 529)
[M::mem_pestat] low and high boundaries for computing mean and std.dev: (1, 1515)
[M::mem_pestat] mean and std.dev: (179.19, 219.58)
[M::mem_pestat] low and high boundaries for proper pairs: (1, 2008)
[M::mem_pestat] analyzing insert size distribution for orientation FR...
[M::mem_pestat] (25, 50, 75) percentile: (57, 76, 96)
[M::mem_pestat] low and high boundaries for computing mean and std.dev: (1, 174)
[M::mem_pestat] mean and std.dev: (77.48, 29.27)
[M::mem_pestat] low and high boundaries for proper pairs: (1, 213)
[M::mem_pestat] skip orientation RF as there are not enough pairs
[M::mem_pestat] analyzing insert size distribution for orientation RR...
[M::mem_pestat] (25, 50, 75) percentile: (39, 51, 74)
[M::mem_pestat] low and high boundaries for computing mean and std.dev: (1, 144)
[M::mem_pestat] mean and std.dev: (51.16, 25.12)
[M::mem_pestat] low and high boundaries for proper pairs: (1, 179)
[M::mem_pestat] skip orientation FF
[M::mem_pestat] skip orientation RR
[M::mem_process_seqs] Processed 4241338 reads in 5057.211 CPU sec, 256.532 real sec
[M::process] read 4251064 sequences (400000027 bp)...
[M::process] read 4314226 sequences (400000031 bp)...
[M::mem_pestat] # candidate unique pairs for (FF, FR, RF, RR): (30, 341703, 2, 27)
[M::mem_pestat] analyzing insert size distribution for orientation FF...
[M::mem_pestat] (25, 50, 75) percentile: (38, 84, 137)
[M::mem_pestat] low and high boundaries for computing mean and std.dev: (1, 335)
[M::mem_pestat] mean and std.dev: (71.56, 45.79)
[M::mem_pestat] low and high boundaries for proper pairs: (1, 434)
[M::mem_pestat] analyzing insert size distribution for orientation FR...
[M::mem_pestat] (25, 50, 75) percentile: (56, 76, 96)
[M::mem_pestat] low and high boundaries for computing mean and std.dev: (1, 176)
[M::mem_pestat] mean and std.dev: (77.56, 29.41)
[M::mem_pestat] low and high boundaries for proper pairs: (1, 216)
[M::mem_pestat] skip orientation RF as there are not enough pairs
[M::mem_pestat] analyzing insert size distribution for orientation RR...
[M::mem_pestat] (25, 50, 75) percentile: (30, 68, 115)
[M::mem_pestat] low and high boundaries for computing mean and std.dev: (1, 285)
[M::mem_pestat] mean and std.dev: (48.38, 28.45)
[M::mem_pestat] low and high boundaries for proper pairs: (1, 370)
[M::mem_pestat] skip orientation FF
[M::mem_pestat] skip orientation RR
[M::mem_process_seqs] Processed 4251064 reads in 5314.069 CPU sec, 176.286 real sec
[M::process] read 4325006 sequences (400000199 bp)...
[M::mem_pestat] # candidate unique pairs for (FF, FR, RF, RR): (29, 326093, 8, 44)
[M::mem_pestat] analyzing insert size distribution for orientation FF...
[M::mem_pestat] (25, 50, 75) percentile: (39, 46, 97)
[M::mem_pestat] low and high boundaries for computing mean and std.dev: (1, 213)
[M::mem_pestat] mean and std.dev: (58.77, 30.74)
[M::mem_pestat] low and high boundaries for proper pairs: (1, 271)
[M::mem_pestat] analyzing insert size distribution for orientation FR...
[M::mem_pestat] (25, 50, 75) percentile: (57, 76, 96)
[M::mem_pestat] low and high boundaries for computing mean and std.dev: (1, 174)
[M::mem_pestat] mean and std.dev: (77.56, 29.32)
[M::mem_pestat] low and high boundaries for proper pairs: (1, 213)
[M::mem_pestat] skip orientation RF as there are not enough pairs
[M::mem_pestat] analyzing insert size distribution for orientation RR...
[M::mem_pestat] (25, 50, 75) percentile: (49, 123, 517)
[M::mem_pestat] low and high boundaries for computing mean and std.dev: (1, 1453)
[M::mem_pestat] mean and std.dev: (261.95, 230.59)
[M::mem_pestat] low and high boundaries for proper pairs: (1, 1921)
[M::mem_pestat] skip orientation FF
[M::mem_pestat] skip orientation RR
[M::mem_process_seqs] Processed 4314226 reads in 6120.725 CPU sec, 216.988 real sec
[M::process] read 4175524 sequences (400000141 bp)...
[M::mem_pestat] # candidate unique pairs for (FF, FR, RF, RR): (27, 246788, 6, 25)
[M::mem_pestat] analyzing insert size distribution for orientation FF...
[M::mem_pestat] (25, 50, 75) percentile: (26, 54, 98)
[M::mem_pestat] low and high boundaries for computing mean and std.dev: (1, 242)
[M::mem_pestat] mean and std.dev: (58.35, 43.36)
[M::mem_pestat] low and high boundaries for proper pairs: (1, 314)
[M::mem_pestat] analyzing insert size distribution for orientation FR...
[M::mem_pestat] (25, 50, 75) percentile: (57, 76, 96)
[M::mem_pestat] low and high boundaries for computing mean and std.dev: (1, 174)
[M::mem_pestat] mean and std.dev: (77.55, 29.40)
[M::mem_pestat] low and high boundaries for proper pairs: (1, 213)
[M::mem_pestat] skip orientation RF as there are not enough pairs
[M::mem_pestat] analyzing insert size distribution for orientation RR...
[M::mem_pestat] (25, 50, 75) percentile: (42, 84, 545)
[M::mem_pestat] low and high boundaries for computing mean and std.dev: (1, 1551)
[M::mem_pestat] mean and std.dev: (189.04, 214.09)
[M::mem_pestat] low and high boundaries for proper pairs: (1, 2054)
[M::mem_pestat] skip orientation FF
[M::mem_pestat] skip orientation RR
[M::mem_process_seqs] Processed 4325006 reads in 7762.184 CPU sec, 282.628 real sec
[M::process] read 3564810 sequences (350094096 bp)...
[M::mem_pestat] # candidate unique pairs for (FF, FR, RF, RR): (34, 330298, 11, 30)
[M::mem_pestat] analyzing insert size distribution for orientation FF...
[M::mem_pestat] (25, 50, 75) percentile: (29, 48, 86)
[M::mem_pestat] low and high boundaries for computing mean and std.dev: (1, 200)
[M::mem_pestat] mean and std.dev: (43.74, 22.37)
[M::mem_pestat] low and high boundaries for proper pairs: (1, 257)
[M::mem_pestat] analyzing insert size distribution for orientation FR...
[M::mem_pestat] (25, 50, 75) percentile: (56, 76, 96)
[M::mem_pestat] low and high boundaries for computing mean and std.dev: (1, 176)
[M::mem_pestat] mean and std.dev: (77.46, 29.63)
[M::mem_pestat] low and high boundaries for proper pairs: (1, 216)
[M::mem_pestat] analyzing insert size distribution for orientation RF...
[M::mem_pestat] (25, 50, 75) percentile: (64, 85, 178)
[M::mem_pestat] low and high boundaries for computing mean and std.dev: (1, 406)
[M::mem_pestat] mean and std.dev: (127.64, 90.89)
[M::mem_pestat] low and high boundaries for proper pairs: (1, 520)
[M::mem_pestat] analyzing insert size distribution for orientation RR...
[M::mem_pestat] (25, 50, 75) percentile: (40, 63, 103)
[M::mem_pestat] low and high boundaries for computing mean and std.dev: (1, 229)
[M::mem_pestat] mean and std.dev: (58.32, 30.92)
[M::mem_pestat] low and high boundaries for proper pairs: (1, 292)
[M::mem_pestat] skip orientation FF
[M::mem_pestat] skip orientation RF
[M::mem_pestat] skip orientation RR
[M::mem_process_seqs] Processed 4175524 reads in 4737.678 CPU sec, 154.095 real sec
[M::mem_pestat] # candidate unique pairs for (FF, FR, RF, RR): (14, 258688, 22, 26)
[M::mem_pestat] analyzing insert size distribution for orientation FF...
[M::mem_pestat] (25, 50, 75) percentile: (26, 49, 59)
[M::mem_pestat] low and high boundaries for computing mean and std.dev: (1, 125)
[M::mem_pestat] mean and std.dev: (41.00, 19.87)
[M::mem_pestat] low and high boundaries for proper pairs: (1, 158)
[M::mem_pestat] analyzing insert size distribution for orientation FR...
[M::mem_pestat] (25, 50, 75) percentile: (57, 76, 97)
[M::mem_pestat] low and high boundaries for computing mean and std.dev: (1, 177)
[M::mem_pestat] mean and std.dev: (78.26, 29.79)
[M::mem_pestat] low and high boundaries for proper pairs: (1, 217)
[M::mem_pestat] analyzing insert size distribution for orientation RF...
[M::mem_pestat] (25, 50, 75) percentile: (171, 172, 191)
[M::mem_pestat] low and high boundaries for computing mean and std.dev: (131, 231)
[M::mem_pestat] mean and std.dev: (179.56, 9.27)
[M::mem_pestat] low and high boundaries for proper pairs: (111, 251)
[M::mem_pestat] analyzing insert size distribution for orientation RR...
[M::mem_pestat] (25, 50, 75) percentile: (40, 48, 73)
[M::mem_pestat] low and high boundaries for computing mean and std.dev: (1, 139)
[M::mem_pestat] mean and std.dev: (46.62, 19.11)
[M::mem_pestat] low and high boundaries for proper pairs: (1, 172)
[M::mem_pestat] skip orientation FF
[M::mem_pestat] skip orientation RF
[M::mem_pestat] skip orientation RR
[M::mem_process_seqs] Processed 3564810 reads in 4234.914 CPU sec, 138.379 real sec
[main] Version: 0.7.17-r1188
[main] CMD: bwa mem -L 5 -t 40 -a -M -T 48 -A 1 -B 4 -O 6 -R @RG\tID:Sgr-AMvi_054-Ex1-cssl.clmp.fp2\tSM:Sgr-AMvi_054-Ex1-cssl.clmp.fp2\tPL:Illumina reference.ssl.Sgr-SgC0072C-contam-R1R2-noIsolate-fromPROBES.fasta Sgr-AMvi_054-Ex1-cssl.clmp.fp2.R1.fq.gz Sgr-AMvi_054-Ex1-cssl.clmp.fp2.R2.fq.gz
[main] Real time: 1246.812 sec; CPU: 33249.863 sec
