[M::bwa_idx_load_from_disk] read 0 ALT contigs
[M::process] read 4420092 sequences (400000153 bp)...
[M::mem_pestat] # candidate unique pairs for (FF, FR, RF, RR): (10, 516132, 12, 18)
[M::mem_pestat] analyzing insert size distribution for orientation FF...
[M::mem_pestat] (25, 50, 75) percentile: (25, 546, 668)
[M::mem_pestat] low and high boundaries for computing mean and std.dev: (1, 1954)
[M::mem_pestat] mean and std.dev: (328.90, 295.66)
[M::mem_pestat] low and high boundaries for proper pairs: (1, 2597)
[M::mem_pestat] analyzing insert size distribution for orientation FR...
[M::mem_pestat] (25, 50, 75) percentile: (56, 74, 93)
[M::mem_pestat] low and high boundaries for computing mean and std.dev: (1, 167)
[M::mem_pestat] mean and std.dev: (75.43, 27.81)
[M::mem_pestat] low and high boundaries for proper pairs: (1, 204)
[M::mem_pestat] analyzing insert size distribution for orientation RF...
[M::mem_pestat] (25, 50, 75) percentile: (44, 108, 141)
[M::mem_pestat] low and high boundaries for computing mean and std.dev: (1, 335)
[M::mem_pestat] mean and std.dev: (98.25, 53.31)
[M::mem_pestat] low and high boundaries for proper pairs: (1, 432)
[M::mem_pestat] analyzing insert size distribution for orientation RR...
[M::mem_pestat] (25, 50, 75) percentile: (67, 166, 502)
[M::mem_pestat] low and high boundaries for computing mean and std.dev: (1, 1372)
[M::mem_pestat] mean and std.dev: (264.61, 223.35)
[M::mem_pestat] low and high boundaries for proper pairs: (1, 1807)
[M::mem_pestat] skip orientation FF
[M::mem_pestat] skip orientation RF
[M::mem_pestat] skip orientation RR
[M::process] read 2030664 sequences (185269761 bp)...
[M::mem_process_seqs] Processed 4420092 reads in 3720.374 CPU sec, 185.837 real sec
[M::mem_pestat] # candidate unique pairs for (FF, FR, RF, RR): (3, 241536, 3, 3)
[M::mem_pestat] skip orientation FF as there are not enough pairs
[M::mem_pestat] analyzing insert size distribution for orientation FR...
[M::mem_pestat] (25, 50, 75) percentile: (56, 74, 93)
[M::mem_pestat] low and high boundaries for computing mean and std.dev: (1, 167)
[M::mem_pestat] mean and std.dev: (75.54, 27.85)
[M::mem_pestat] low and high boundaries for proper pairs: (1, 204)
[M::mem_pestat] skip orientation RF as there are not enough pairs
[M::mem_pestat] skip orientation RR as there are not enough pairs
[M::mem_process_seqs] Processed 2030664 reads in 1572.756 CPU sec, 53.708 real sec
[main] Version: 0.7.17-r1188
[main] CMD: bwa mem -L 5 -t 40 -a -M -T 48 -A 1 -B 4 -O 6 -R @RG\tID:Sgr-AJol_010-Ex1-cssl.clmp.fp2\tSM:Sgr-AJol_010-Ex1-cssl.clmp.fp2\tPL:Illumina reference.ssl.Sgr-SgC0072C-contam-R1R2-noIsolate-fromPROBES.fasta Sgr-AJol_010-Ex1-cssl.clmp.fp2.R1.fq.gz Sgr-AJol_010-Ex1-cssl.clmp.fp2.R2.fq.gz
[main] Real time: 255.554 sec; CPU: 5308.901 sec
