[M::bwa_idx_load_from_disk] read 0 ALT contigs
[M::process] read 4611224 sequences (400000178 bp)...
[M::mem_pestat] # candidate unique pairs for (FF, FR, RF, RR): (5, 388724, 9, 5)
[M::mem_pestat] skip orientation FF as there are not enough pairs
[M::mem_pestat] analyzing insert size distribution for orientation FR...
[M::process] read 2995040 sequences (264379292 bp)...
[M::mem_pestat] (25, 50, 75) percentile: (53, 70, 87)
[M::mem_pestat] low and high boundaries for computing mean and std.dev: (1, 155)
[M::mem_pestat] mean and std.dev: (70.95, 24.73)
[M::mem_pestat] low and high boundaries for proper pairs: (1, 189)
[M::mem_pestat] skip orientation RF as there are not enough pairs
[M::mem_pestat] skip orientation RR as there are not enough pairs
[M::mem_process_seqs] Processed 4611224 reads in 6403.490 CPU sec, 313.847 real sec
[M::mem_pestat] # candidate unique pairs for (FF, FR, RF, RR): (2, 257700, 4, 6)
[M::mem_pestat] skip orientation FF as there are not enough pairs
[M::mem_pestat] analyzing insert size distribution for orientation FR...
[M::mem_pestat] (25, 50, 75) percentile: (53, 70, 87)
[M::mem_pestat] low and high boundaries for computing mean and std.dev: (1, 155)
[M::mem_pestat] mean and std.dev: (70.92, 24.82)
[M::mem_pestat] low and high boundaries for proper pairs: (1, 189)
[M::mem_pestat] skip orientation RF as there are not enough pairs
[M::mem_pestat] skip orientation RR as there are not enough pairs
[M::mem_process_seqs] Processed 2995040 reads in 3688.349 CPU sec, 122.433 real sec
[main] Version: 0.7.17-r1188
[main] CMD: bwa mem -L 5 -t 40 -a -M -T 48 -A 1 -B 4 -O 6 -R @RG\tID:Sgr-AMvi_067-Ex1-cssl.clmp.fp2\tSM:Sgr-AMvi_067-Ex1-cssl.clmp.fp2\tPL:Illumina reference.ssl.Sgr-SgC0072C-contam-R1R2-noIsolate-fromPROBES.fasta Sgr-AMvi_067-Ex1-cssl.clmp.fp2.R1.fq.gz Sgr-AMvi_067-Ex1-cssl.clmp.fp2.R2.fq.gz
[main] Real time: 454.804 sec; CPU: 10109.783 sec
