[M::bwa_idx_load_from_disk] read 0 ALT contigs
[M::process] read 4171112 sequences (400000029 bp)...
[M::process] read 1245794 sequences (121479781 bp)...
[M::mem_pestat] # candidate unique pairs for (FF, FR, RF, RR): (1, 92719, 1, 2)
[M::mem_pestat] skip orientation FF as there are not enough pairs
[M::mem_pestat] analyzing insert size distribution for orientation FR...
[M::mem_pestat] (25, 50, 75) percentile: (52, 69, 86)
[M::mem_pestat] low and high boundaries for computing mean and std.dev: (1, 154)
[M::mem_pestat] mean and std.dev: (70.38, 25.15)
[M::mem_pestat] low and high boundaries for proper pairs: (1, 188)
[M::mem_pestat] skip orientation RF as there are not enough pairs
[M::mem_pestat] skip orientation RR as there are not enough pairs
[M::mem_process_seqs] Processed 4171112 reads in 10362.440 CPU sec, 480.709 real sec
[M::mem_pestat] # candidate unique pairs for (FF, FR, RF, RR): (0, 31923, 0, 0)
[M::mem_pestat] skip orientation FF as there are not enough pairs
[M::mem_pestat] analyzing insert size distribution for orientation FR...
[M::mem_pestat] (25, 50, 75) percentile: (53, 69, 86)
[M::mem_pestat] low and high boundaries for computing mean and std.dev: (1, 152)
[M::mem_pestat] mean and std.dev: (70.49, 25.09)
[M::mem_pestat] low and high boundaries for proper pairs: (1, 185)
[M::mem_pestat] skip orientation RF as there are not enough pairs
[M::mem_pestat] skip orientation RR as there are not enough pairs
[M::mem_process_seqs] Processed 1245794 reads in 2869.125 CPU sec, 95.357 real sec
[main] Version: 0.7.17-r1188
[main] CMD: bwa mem -L 5 -t 40 -a -M -T 48 -A 1 -B 4 -O 6 -R @RG\tID:Sgr-AMvi_063-Ex1-cssl.clmp.fp2\tSM:Sgr-AMvi_063-Ex1-cssl.clmp.fp2\tPL:Illumina reference.ssl.Sgr-SgC0072C-contam-R1R2-noIsolate-fromPROBES.fasta Sgr-AMvi_063-Ex1-cssl.clmp.fp2.R1.fq.gz Sgr-AMvi_063-Ex1-cssl.clmp.fp2.R2.fq.gz
[main] Real time: 592.552 sec; CPU: 13247.676 sec
