[M::bwa_idx_load_from_disk] read 0 ALT contigs
[M::process] read 4445190 sequences (400000107 bp)...
[M::mem_pestat] # candidate unique pairs for (FF, FR, RF, RR): (26, 424274, 6, 24)
[M::mem_pestat] analyzing insert size distribution for orientation FF...
[M::mem_pestat] (25, 50, 75) percentile: (27, 70, 552)
[M::mem_pestat] low and high boundaries for computing mean and std.dev: (1, 1602)
[M::mem_pestat] mean and std.dev: (231.08, 243.74)
[M::mem_pestat] low and high boundaries for proper pairs: (1, 2127)
[M::mem_pestat] analyzing insert size distribution for orientation FR...
[M::mem_pestat] (25, 50, 75) percentile: (57, 72, 89)
[M::mem_pestat] low and high boundaries for computing mean and std.dev: (1, 153)
[M::mem_pestat] mean and std.dev: (73.26, 24.60)
[M::mem_pestat] low and high boundaries for proper pairs: (1, 185)
[M::mem_pestat] skip orientation RF as there are not enough pairs
[M::mem_pestat] analyzing insert size distribution for orientation RR...
[M::mem_pestat] (25, 50, 75) percentile: (24, 526, 545)
[M::mem_pestat] low and high boundaries for computing mean and std.dev: (1, 1587)
[M::mem_pestat] mean and std.dev: (322.83, 337.66)
[M::mem_pestat] low and high boundaries for proper pairs: (1, 2108)
[M::mem_pestat] skip orientation FF
[M::mem_pestat] skip orientation RR
[M::process] read 3693638 sequences (338816784 bp)...
[M::mem_process_seqs] Processed 4445190 reads in 5429.490 CPU sec, 271.497 real sec
[M::mem_pestat] # candidate unique pairs for (FF, FR, RF, RR): (22, 325886, 5, 20)
[M::mem_pestat] analyzing insert size distribution for orientation FF...
[M::mem_pestat] (25, 50, 75) percentile: (27, 57, 516)
[M::mem_pestat] low and high boundaries for computing mean and std.dev: (1, 1494)
[M::mem_pestat] mean and std.dev: (213.59, 235.19)
[M::mem_pestat] low and high boundaries for proper pairs: (1, 1983)
[M::mem_pestat] analyzing insert size distribution for orientation FR...
[M::mem_pestat] (25, 50, 75) percentile: (57, 73, 89)
[M::mem_pestat] low and high boundaries for computing mean and std.dev: (1, 153)
[M::mem_pestat] mean and std.dev: (73.33, 24.74)
[M::mem_pestat] low and high boundaries for proper pairs: (1, 185)
[M::mem_pestat] skip orientation RF as there are not enough pairs
[M::mem_pestat] analyzing insert size distribution for orientation RR...
[M::mem_pestat] (25, 50, 75) percentile: (33, 42, 561)
[M::mem_pestat] low and high boundaries for computing mean and std.dev: (1, 1617)
[M::mem_pestat] mean and std.dev: (265.25, 262.23)
[M::mem_pestat] low and high boundaries for proper pairs: (1, 2145)
[M::mem_pestat] skip orientation FF
[M::mem_pestat] skip orientation RR
[M::mem_process_seqs] Processed 3693638 reads in 4649.588 CPU sec, 153.905 real sec
[main] Version: 0.7.17-r1188
[main] CMD: bwa mem -L 5 -t 40 -a -M -T 48 -A 1 -B 4 -O 6 -R @RG\tID:Sgr-AJol_020-Ex1-cssl.clmp.fp2\tSM:Sgr-AJol_020-Ex1-cssl.clmp.fp2\tPL:Illumina reference.ssl.Sgr-SgC0072C-contam-R1R2-noIsolate-fromPROBES.fasta Sgr-AJol_020-Ex1-cssl.clmp.fp2.R1.fq.gz Sgr-AJol_020-Ex1-cssl.clmp.fp2.R2.fq.gz
[main] Real time: 442.895 sec; CPU: 10095.976 sec
