[M::bwa_idx_load_from_disk] read 0 ALT contigs
[M::process] read 4440788 sequences (400000070 bp)...
[M::mem_pestat] # candidate unique pairs for (FF, FR, RF, RR): (23, 535056, 12, 15)
[M::mem_pestat] analyzing insert size distribution for orientation FF...
[M::mem_pestat] (25, 50, 75) percentile: (33, 532, 576)
[M::mem_pestat] low and high boundaries for computing mean and std.dev: (1, 1662)
[M::mem_pestat] mean and std.dev: (311.30, 266.52)
[M::mem_pestat] low and high boundaries for proper pairs: (1, 2205)
[M::mem_pestat] analyzing insert size distribution for orientation FR...
[M::mem_pestat] (25, 50, 75) percentile: (56, 74, 92)
[M::mem_pestat] low and high boundaries for computing mean and std.dev: (1, 164)
[M::mem_pestat] mean and std.dev: (75.01, 26.85)
[M::mem_pestat] low and high boundaries for proper pairs: (1, 200)
[M::mem_pestat] analyzing insert size distribution for orientation RF...
[M::mem_pestat] (25, 50, 75) percentile: (21, 39, 380)
[M::mem_pestat] low and high boundaries for computing mean and std.dev: (1, 1098)
[M::mem_pestat] mean and std.dev: (193.92, 303.89)
[M::mem_pestat] low and high boundaries for proper pairs: (1, 1457)
[M::mem_pestat] analyzing insert size distribution for orientation RR...
[M::mem_pestat] (25, 50, 75) percentile: (38, 43, 74)
[M::mem_pestat] low and high boundaries for computing mean and std.dev: (1, 146)
[M::mem_pestat] mean and std.dev: (38.08, 17.13)
[M::mem_pestat] low and high boundaries for proper pairs: (1, 182)
[M::mem_pestat] skip orientation FF
[M::mem_pestat] skip orientation RF
[M::mem_pestat] skip orientation RR
[M::mem_process_seqs] Processed 4440788 reads in 3452.315 CPU sec, 179.325 real sec
[M::process] read 4448684 sequences (400000131 bp)...
[M::process] read 4404558 sequences (400000007 bp)...
[M::mem_pestat] # candidate unique pairs for (FF, FR, RF, RR): (20, 499172, 2, 9)
[M::mem_pestat] analyzing insert size distribution for orientation FF...
[M::mem_pestat] (25, 50, 75) percentile: (37, 60, 552)
[M::mem_pestat] low and high boundaries for computing mean and std.dev: (1, 1582)
[M::mem_pestat] mean and std.dev: (231.20, 323.25)
[M::mem_pestat] low and high boundaries for proper pairs: (1, 2097)
[M::mem_pestat] analyzing insert size distribution for orientation FR...
[M::mem_pestat] (25, 50, 75) percentile: (56, 74, 92)
[M::mem_pestat] low and high boundaries for computing mean and std.dev: (1, 164)
[M::mem_pestat] mean and std.dev: (75.13, 26.97)
[M::mem_pestat] low and high boundaries for proper pairs: (1, 200)
[M::mem_pestat] skip orientation RF as there are not enough pairs
[M::mem_pestat] skip orientation RR as there are not enough pairs
[M::mem_pestat] skip orientation FF
[M::mem_process_seqs] Processed 4448684 reads in 4163.073 CPU sec, 144.798 real sec
[M::process] read 2793314 sequences (254952923 bp)...
[M::mem_pestat] # candidate unique pairs for (FF, FR, RF, RR): (17, 488505, 6, 14)
[M::mem_pestat] analyzing insert size distribution for orientation FF...
[M::mem_pestat] (25, 50, 75) percentile: (18, 52, 532)
[M::mem_pestat] low and high boundaries for computing mean and std.dev: (1, 1560)
[M::mem_pestat] mean and std.dev: (191.19, 235.28)
[M::mem_pestat] low and high boundaries for proper pairs: (1, 2074)
[M::mem_pestat] analyzing insert size distribution for orientation FR...
[M::mem_pestat] (25, 50, 75) percentile: (56, 74, 92)
[M::mem_pestat] low and high boundaries for computing mean and std.dev: (1, 164)
[M::mem_pestat] mean and std.dev: (75.03, 26.93)
[M::mem_pestat] low and high boundaries for proper pairs: (1, 200)
[M::mem_pestat] skip orientation RF as there are not enough pairs
[M::mem_pestat] analyzing insert size distribution for orientation RR...
[M::mem_pestat] (25, 50, 75) percentile: (28, 38, 47)
[M::mem_pestat] low and high boundaries for computing mean and std.dev: (1, 85)
[M::mem_pestat] mean and std.dev: (31.18, 11.34)
[M::mem_pestat] low and high boundaries for proper pairs: (1, 104)
[M::mem_pestat] skip orientation FF
[M::mem_pestat] skip orientation RR
[M::mem_process_seqs] Processed 4404558 reads in 4056.316 CPU sec, 138.387 real sec
[M::mem_pestat] # candidate unique pairs for (FF, FR, RF, RR): (6, 316710, 6, 12)
[M::mem_pestat] skip orientation FF as there are not enough pairs
[M::mem_pestat] analyzing insert size distribution for orientation FR...
[M::mem_pestat] (25, 50, 75) percentile: (56, 74, 92)
[M::mem_pestat] low and high boundaries for computing mean and std.dev: (1, 164)
[M::mem_pestat] mean and std.dev: (75.13, 26.96)
[M::mem_pestat] low and high boundaries for proper pairs: (1, 200)
[M::mem_pestat] skip orientation RF as there are not enough pairs
[M::mem_pestat] analyzing insert size distribution for orientation RR...
[M::mem_pestat] (25, 50, 75) percentile: (38, 43, 82)
[M::mem_pestat] low and high boundaries for computing mean and std.dev: (1, 170)
[M::mem_pestat] mean and std.dev: (48.42, 20.59)
[M::mem_pestat] low and high boundaries for proper pairs: (1, 214)
[M::mem_pestat] skip orientation RR
[M::mem_process_seqs] Processed 2793314 reads in 2368.227 CPU sec, 78.187 real sec
[main] Version: 0.7.17-r1188
[main] CMD: bwa mem -L 5 -t 40 -a -M -T 48 -A 1 -B 4 -O 6 -R @RG\tID:Sgr-AJol_041-Ex1-cssl.clmp.fp2\tSM:Sgr-AJol_041-Ex1-cssl.clmp.fp2\tPL:Illumina reference.ssl.Sgr-SgC0072C-contam-R1R2-noIsolate-fromPROBES.fasta Sgr-AJol_041-Ex1-cssl.clmp.fp2.R1.fq.gz Sgr-AJol_041-Ex1-cssl.clmp.fp2.R2.fq.gz
[main] Real time: 562.153 sec; CPU: 14064.444 sec
