[M::bwa_idx_load_from_disk] read 0 ALT contigs
[M::process] read 4468230 sequences (400000117 bp)...
[M::mem_pestat] # candidate unique pairs for (FF, FR, RF, RR): (28, 422638, 19, 15)
[M::mem_pestat] analyzing insert size distribution for orientation FF...
[M::mem_pestat] (25, 50, 75) percentile: (43, 44, 538)
[M::mem_pestat] low and high boundaries for computing mean and std.dev: (1, 1528)
[M::mem_pestat] mean and std.dev: (157.37, 208.88)
[M::mem_pestat] low and high boundaries for proper pairs: (1, 2023)
[M::mem_pestat] analyzing insert size distribution for orientation FR...
[M::mem_pestat] (25, 50, 75) percentile: (54, 72, 90)
[M::mem_pestat] low and high boundaries for computing mean and std.dev: (1, 162)
[M::mem_pestat] mean and std.dev: (73.53, 27.03)
[M::mem_pestat] low and high boundaries for proper pairs: (1, 198)
[M::mem_pestat] analyzing insert size distribution for orientation RF...
[M::mem_pestat] (25, 50, 75) percentile: (67, 269, 4330)
[M::mem_pestat] low and high boundaries for computing mean and std.dev: (1, 12856)
[M::mem_pestat] mean and std.dev: (1424.58, 2234.78)
[M::mem_pestat] low and high boundaries for proper pairs: (1, 17119)
[M::mem_pestat] analyzing insert size distribution for orientation RR...
[M::mem_pestat] (25, 50, 75) percentile: (33, 42, 79)
[M::mem_pestat] low and high boundaries for computing mean and std.dev: (1, 171)
[M::mem_pestat] mean and std.dev: (42.08, 20.89)
[M::mem_pestat] low and high boundaries for proper pairs: (1, 217)
[M::mem_pestat] skip orientation FF
[M::mem_pestat] skip orientation RF
[M::mem_pestat] skip orientation RR
[M::mem_process_seqs] Processed 4468230 reads in 4675.709 CPU sec, 240.313 real sec
[M::process] read 4521032 sequences (400000072 bp)...
[M::process] read 4389328 sequences (400000062 bp)...
[M::mem_pestat] # candidate unique pairs for (FF, FR, RF, RR): (18, 351923, 7, 12)
[M::mem_pestat] analyzing insert size distribution for orientation FF...
[M::mem_pestat] (25, 50, 75) percentile: (40, 42, 69)
[M::mem_pestat] low and high boundaries for computing mean and std.dev: (1, 127)
[M::mem_pestat] mean and std.dev: (45.60, 18.91)
[M::mem_pestat] low and high boundaries for proper pairs: (1, 156)
[M::mem_pestat] analyzing insert size distribution for orientation FR...
[M::mem_pestat] (25, 50, 75) percentile: (54, 72, 91)
[M::mem_pestat] low and high boundaries for computing mean and std.dev: (1, 165)
[M::mem_pestat] mean and std.dev: (73.63, 27.19)
[M::mem_pestat] low and high boundaries for proper pairs: (1, 202)
[M::mem_pestat] skip orientation RF as there are not enough pairs
[M::mem_pestat] analyzing insert size distribution for orientation RR...
[M::mem_pestat] (25, 50, 75) percentile: (35, 499, 559)
[M::mem_pestat] low and high boundaries for computing mean and std.dev: (1, 1607)
[M::mem_pestat] mean and std.dev: (291.92, 254.86)
[M::mem_pestat] low and high boundaries for proper pairs: (1, 2131)
[M::mem_pestat] skip orientation FF
[M::mem_pestat] skip orientation RR
[M::mem_process_seqs] Processed 4521032 reads in 6526.025 CPU sec, 253.278 real sec
[M::process] read 1456264 sequences (132496714 bp)...
[M::mem_pestat] # candidate unique pairs for (FF, FR, RF, RR): (18, 384400, 3, 7)
[M::mem_pestat] analyzing insert size distribution for orientation FF...
[M::mem_pestat] (25, 50, 75) percentile: (32, 75, 544)
[M::mem_pestat] low and high boundaries for computing mean and std.dev: (1, 1568)
[M::mem_pestat] mean and std.dev: (214.78, 237.06)
[M::mem_pestat] low and high boundaries for proper pairs: (1, 2080)
[M::mem_pestat] analyzing insert size distribution for orientation FR...
[M::mem_pestat] (25, 50, 75) percentile: (54, 72, 91)
[M::mem_pestat] low and high boundaries for computing mean and std.dev: (1, 165)
[M::mem_pestat] mean and std.dev: (73.70, 27.36)
[M::mem_pestat] low and high boundaries for proper pairs: (1, 202)
[M::mem_pestat] skip orientation RF as there are not enough pairs
[M::mem_pestat] skip orientation RR as there are not enough pairs
[M::mem_pestat] skip orientation FF
[M::mem_process_seqs] Processed 4389328 reads in 4677.249 CPU sec, 152.119 real sec
[M::mem_pestat] # candidate unique pairs for (FF, FR, RF, RR): (3, 119091, 3, 1)
[M::mem_pestat] skip orientation FF as there are not enough pairs
[M::mem_pestat] analyzing insert size distribution for orientation FR...
[M::mem_pestat] (25, 50, 75) percentile: (54, 72, 91)
[M::mem_pestat] low and high boundaries for computing mean and std.dev: (1, 165)
[M::mem_pestat] mean and std.dev: (73.62, 27.16)
[M::mem_pestat] low and high boundaries for proper pairs: (1, 202)
[M::mem_pestat] skip orientation RF as there are not enough pairs
[M::mem_pestat] skip orientation RR as there are not enough pairs
[M::mem_process_seqs] Processed 1456264 reads in 1837.366 CPU sec, 61.152 real sec
[main] Version: 0.7.17-r1188
[main] CMD: bwa mem -L 5 -t 40 -a -M -T 48 -A 1 -B 4 -O 6 -R @RG\tID:Sgr-AJol_085-Ex1-cssl.clmp.fp2\tSM:Sgr-AJol_085-Ex1-cssl.clmp.fp2\tPL:Illumina reference.ssl.Sgr-SgC0072C-contam-R1R2-noIsolate-fromPROBES.fasta Sgr-AJol_085-Ex1-cssl.clmp.fp2.R1.fq.gz Sgr-AJol_085-Ex1-cssl.clmp.fp2.R2.fq.gz
[main] Real time: 725.955 sec; CPU: 17736.496 sec
