[M::bwa_idx_load_from_disk] read 0 ALT contigs
[M::process] read 3946526 sequences (400000064 bp)...
[M::mem_pestat] # candidate unique pairs for (FF, FR, RF, RR): (16, 123504, 6, 26)
[M::mem_pestat] analyzing insert size distribution for orientation FF...
[M::mem_pestat] (25, 50, 75) percentile: (41, 74, 503)
[M::mem_pestat] low and high boundaries for computing mean and std.dev: (1, 1427)
[M::mem_pestat] mean and std.dev: (227.50, 231.35)
[M::mem_pestat] low and high boundaries for proper pairs: (1, 1889)
[M::mem_pestat] analyzing insert size distribution for orientation FR...
[M::mem_pestat] (25, 50, 75) percentile: (62, 83, 106)
[M::mem_pestat] low and high boundaries for computing mean and std.dev: (1, 194)
[M::mem_pestat] mean and std.dev: (84.74, 32.30)
[M::mem_pestat] low and high boundaries for proper pairs: (1, 238)
[M::mem_pestat] skip orientation RF as there are not enough pairs
[M::mem_pestat] analyzing insert size distribution for orientation RR...
[M::mem_pestat] (25, 50, 75) percentile: (58, 95, 135)
[M::mem_pestat] low and high boundaries for computing mean and std.dev: (1, 289)
[M::mem_pestat] mean and std.dev: (71.05, 34.22)
[M::mem_pestat] low and high boundaries for proper pairs: (1, 366)
[M::mem_pestat] skip orientation FF
[M::mem_pestat] skip orientation RR
[M::process] read 3916552 sequences (400000037 bp)...
[M::mem_process_seqs] Processed 3946526 reads in 8474.221 CPU sec, 419.408 real sec
[M::process] read 3964106 sequences (400000039 bp)...
[M::mem_pestat] # candidate unique pairs for (FF, FR, RF, RR): (40, 128479, 5, 10)
[M::mem_pestat] analyzing insert size distribution for orientation FF...
[M::mem_pestat] (25, 50, 75) percentile: (52, 125, 551)
[M::mem_pestat] low and high boundaries for computing mean and std.dev: (1, 1549)
[M::mem_pestat] mean and std.dev: (303.75, 260.79)
[M::mem_pestat] low and high boundaries for proper pairs: (1, 2048)
[M::mem_pestat] analyzing insert size distribution for orientation FR...
[M::mem_pestat] (25, 50, 75) percentile: (62, 83, 106)
[M::mem_pestat] low and high boundaries for computing mean and std.dev: (1, 194)
[M::mem_pestat] mean and std.dev: (84.77, 32.19)
[M::mem_pestat] low and high boundaries for proper pairs: (1, 238)
[M::mem_pestat] skip orientation RF as there are not enough pairs
[M::mem_pestat] analyzing insert size distribution for orientation RR...
[M::mem_pestat] (25, 50, 75) percentile: (55, 64, 560)
[M::mem_pestat] low and high boundaries for computing mean and std.dev: (1, 1570)
[M::mem_pestat] mean and std.dev: (254.40, 249.40)
[M::mem_pestat] low and high boundaries for proper pairs: (1, 2075)
[M::mem_pestat] skip orientation FF
[M::mem_pestat] skip orientation RR
[M::mem_process_seqs] Processed 3916552 reads in 8233.769 CPU sec, 273.907 real sec
[M::process] read 3933112 sequences (400000067 bp)...
[M::mem_pestat] # candidate unique pairs for (FF, FR, RF, RR): (24, 116770, 4, 15)
[M::mem_pestat] analyzing insert size distribution for orientation FF...
[M::mem_pestat] (25, 50, 75) percentile: (33, 52, 503)
[M::mem_pestat] low and high boundaries for computing mean and std.dev: (1, 1443)
[M::mem_pestat] mean and std.dev: (171.04, 207.08)
[M::mem_pestat] low and high boundaries for proper pairs: (1, 1913)
[M::mem_pestat] analyzing insert size distribution for orientation FR...
[M::mem_pestat] (25, 50, 75) percentile: (62, 83, 106)
[M::mem_pestat] low and high boundaries for computing mean and std.dev: (1, 194)
[M::mem_pestat] mean and std.dev: (84.66, 32.36)
[M::mem_pestat] low and high boundaries for proper pairs: (1, 238)
[M::mem_pestat] skip orientation RF as there are not enough pairs
[M::mem_pestat] analyzing insert size distribution for orientation RR...
[M::mem_pestat] (25, 50, 75) percentile: (60, 112, 551)
[M::mem_pestat] low and high boundaries for computing mean and std.dev: (1, 1533)
[M::mem_pestat] mean and std.dev: (287.07, 246.89)
[M::mem_pestat] low and high boundaries for proper pairs: (1, 2024)
[M::mem_pestat] skip orientation FF
[M::mem_pestat] skip orientation RR
[M::mem_process_seqs] Processed 3964106 reads in 8400.572 CPU sec, 285.632 real sec
[M::process] read 3904442 sequences (400000038 bp)...
[M::mem_pestat] # candidate unique pairs for (FF, FR, RF, RR): (24, 110332, 4, 12)
[M::mem_pestat] analyzing insert size distribution for orientation FF...
[M::mem_pestat] (25, 50, 75) percentile: (33, 56, 533)
[M::mem_pestat] low and high boundaries for computing mean and std.dev: (1, 1533)
[M::mem_pestat] mean and std.dev: (201.29, 245.05)
[M::mem_pestat] low and high boundaries for proper pairs: (1, 2033)
[M::mem_pestat] analyzing insert size distribution for orientation FR...
[M::mem_pestat] (25, 50, 75) percentile: (62, 83, 106)
[M::mem_pestat] low and high boundaries for computing mean and std.dev: (1, 194)
[M::mem_pestat] mean and std.dev: (84.98, 32.52)
[M::mem_pestat] low and high boundaries for proper pairs: (1, 238)
[M::mem_pestat] skip orientation RF as there are not enough pairs
[M::mem_pestat] analyzing insert size distribution for orientation RR...
[M::mem_pestat] (25, 50, 75) percentile: (30, 42, 69)
[M::mem_pestat] low and high boundaries for computing mean and std.dev: (1, 147)
[M::mem_pestat] mean and std.dev: (46.58, 23.47)
[M::mem_pestat] low and high boundaries for proper pairs: (1, 186)
[M::mem_pestat] skip orientation FF
[M::mem_pestat] skip orientation RR
[M::mem_process_seqs] Processed 3933112 reads in 8675.178 CPU sec, 295.571 real sec
[M::process] read 3930098 sequences (400000070 bp)...
[M::mem_pestat] # candidate unique pairs for (FF, FR, RF, RR): (23, 120472, 0, 28)
[M::mem_pestat] analyzing insert size distribution for orientation FF...
[M::mem_pestat] (25, 50, 75) percentile: (47, 93, 530)
[M::mem_pestat] low and high boundaries for computing mean and std.dev: (1, 1496)
[M::mem_pestat] mean and std.dev: (238.78, 233.02)
[M::mem_pestat] low and high boundaries for proper pairs: (1, 1979)
[M::mem_pestat] analyzing insert size distribution for orientation FR...
[M::mem_pestat] (25, 50, 75) percentile: (62, 83, 106)
[M::mem_pestat] low and high boundaries for computing mean and std.dev: (1, 194)
[M::mem_pestat] mean and std.dev: (84.80, 32.52)
[M::mem_pestat] low and high boundaries for proper pairs: (1, 238)
[M::mem_pestat] skip orientation RF as there are not enough pairs
[M::mem_pestat] analyzing insert size distribution for orientation RR...
[M::mem_pestat] (25, 50, 75) percentile: (40, 519, 555)
[M::mem_pestat] low and high boundaries for computing mean and std.dev: (1, 1585)
[M::mem_pestat] mean and std.dev: (308.00, 244.86)
[M::mem_pestat] low and high boundaries for proper pairs: (1, 2100)
[M::mem_pestat] skip orientation FF
[M::mem_pestat] skip orientation RR
[M::mem_process_seqs] Processed 3904442 reads in 8456.173 CPU sec, 274.391 real sec
[M::process] read 4792194 sequences (400000038 bp)...
[M::mem_pestat] # candidate unique pairs for (FF, FR, RF, RR): (35, 144179, 6, 66)
[M::mem_pestat] analyzing insert size distribution for orientation FF...
[M::mem_pestat] (25, 50, 75) percentile: (48, 117, 506)
[M::mem_pestat] low and high boundaries for computing mean and std.dev: (1, 1422)
[M::mem_pestat] mean and std.dev: (260.37, 230.97)
[M::mem_pestat] low and high boundaries for proper pairs: (1, 1880)
[M::mem_pestat] analyzing insert size distribution for orientation FR...
[M::mem_pestat] (25, 50, 75) percentile: (62, 83, 106)
[M::mem_pestat] low and high boundaries for computing mean and std.dev: (1, 194)
[M::mem_pestat] mean and std.dev: (84.89, 32.58)
[M::mem_pestat] low and high boundaries for proper pairs: (1, 238)
[M::mem_pestat] skip orientation RF as there are not enough pairs
[M::mem_pestat] analyzing insert size distribution for orientation RR...
[M::mem_pestat] (25, 50, 75) percentile: (490, 522, 550)
[M::mem_pestat] low and high boundaries for computing mean and std.dev: (370, 670)
[M::mem_pestat] mean and std.dev: (532.13, 22.65)
[M::mem_pestat] low and high boundaries for proper pairs: (310, 730)
[M::mem_pestat] skip orientation FF
[M::mem_pestat] skip orientation RR
[M::mem_process_seqs] Processed 3930098 reads in 8095.854 CPU sec, 267.939 real sec
[M::process] read 4381146 sequences (400000094 bp)...
[M::mem_pestat] # candidate unique pairs for (FF, FR, RF, RR): (0, 4640, 0, 0)
[M::mem_pestat] skip orientation FF as there are not enough pairs
[M::mem_pestat] analyzing insert size distribution for orientation FR...
[M::mem_pestat] (25, 50, 75) percentile: (75, 89, 105)
[M::mem_pestat] low and high boundaries for computing mean and std.dev: (15, 165)
[M::mem_pestat] mean and std.dev: (91.24, 24.88)
[M::mem_pestat] low and high boundaries for proper pairs: (1, 195)
[M::mem_pestat] skip orientation RF as there are not enough pairs
[M::mem_pestat] skip orientation RR as there are not enough pairs
[M::mem_process_seqs] Processed 4792194 reads in 15694.157 CPU sec, 628.015 real sec
[M::process] read 3917402 sequences (400000220 bp)...
[M::mem_pestat] # candidate unique pairs for (FF, FR, RF, RR): (15, 50660, 10, 7)
[M::mem_pestat] analyzing insert size distribution for orientation FF...
[M::mem_pestat] (25, 50, 75) percentile: (109, 530, 568)
[M::mem_pestat] low and high boundaries for computing mean and std.dev: (1, 1486)
[M::mem_pestat] mean and std.dev: (327.53, 243.43)
[M::mem_pestat] low and high boundaries for proper pairs: (1, 1945)
[M::mem_pestat] analyzing insert size distribution for orientation FR...
[M::mem_pestat] (25, 50, 75) percentile: (63, 83, 106)
[M::mem_pestat] low and high boundaries for computing mean and std.dev: (1, 192)
[M::mem_pestat] mean and std.dev: (85.12, 32.15)
[M::mem_pestat] low and high boundaries for proper pairs: (1, 235)
[M::mem_pestat] analyzing insert size distribution for orientation RF...
[M::mem_pestat] (25, 50, 75) percentile: (34, 174, 5749)
[M::mem_pestat] low and high boundaries for computing mean and std.dev: (1, 17179)
[M::mem_pestat] mean and std.dev: (1786.00, 2595.04)
[M::mem_pestat] low and high boundaries for proper pairs: (1, 22894)
[M::mem_pestat] skip orientation RR as there are not enough pairs
[M::mem_pestat] skip orientation FF
[M::mem_pestat] skip orientation RF
[M::mem_process_seqs] Processed 4381146 reads in 11609.153 CPU sec, 374.003 real sec
[M::process] read 3932620 sequences (400000101 bp)...
[M::mem_pestat] # candidate unique pairs for (FF, FR, RF, RR): (12, 102778, 7, 27)
[M::mem_pestat] analyzing insert size distribution for orientation FF...
[M::mem_pestat] (25, 50, 75) percentile: (39, 533, 568)
[M::mem_pestat] low and high boundaries for computing mean and std.dev: (1, 1626)
[M::mem_pestat] mean and std.dev: (337.50, 255.20)
[M::mem_pestat] low and high boundaries for proper pairs: (1, 2155)
[M::mem_pestat] analyzing insert size distribution for orientation FR...
[M::mem_pestat] (25, 50, 75) percentile: (63, 83, 107)
[M::mem_pestat] low and high boundaries for computing mean and std.dev: (1, 195)
[M::mem_pestat] mean and std.dev: (85.43, 32.70)
[M::mem_pestat] low and high boundaries for proper pairs: (1, 239)
[M::mem_pestat] skip orientation RF as there are not enough pairs
[M::mem_pestat] analyzing insert size distribution for orientation RR...
[M::mem_pestat] (25, 50, 75) percentile: (54, 168, 550)
[M::mem_pestat] low and high boundaries for computing mean and std.dev: (1, 1542)
[M::mem_pestat] mean and std.dev: (303.52, 244.52)
[M::mem_pestat] low and high boundaries for proper pairs: (1, 2038)
[M::mem_pestat] skip orientation FF
[M::mem_pestat] skip orientation RR
[M::mem_process_seqs] Processed 3917402 reads in 8412.404 CPU sec, 268.629 real sec
[M::process] read 3864474 sequences (400000187 bp)...
[M::mem_pestat] # candidate unique pairs for (FF, FR, RF, RR): (14, 97649, 7, 17)
[M::mem_pestat] analyzing insert size distribution for orientation FF...
[M::mem_pestat] (25, 50, 75) percentile: (40, 59, 74)
[M::mem_pestat] low and high boundaries for computing mean and std.dev: (1, 142)
[M::mem_pestat] mean and std.dev: (48.09, 22.46)
[M::mem_pestat] low and high boundaries for proper pairs: (1, 176)
[M::mem_pestat] analyzing insert size distribution for orientation FR...
[M::mem_pestat] (25, 50, 75) percentile: (63, 83, 107)
[M::mem_pestat] low and high boundaries for computing mean and std.dev: (1, 195)
[M::mem_pestat] mean and std.dev: (85.23, 32.48)
[M::mem_pestat] low and high boundaries for proper pairs: (1, 239)
[M::mem_pestat] skip orientation RF as there are not enough pairs
[M::mem_pestat] analyzing insert size distribution for orientation RR...
[M::mem_pestat] (25, 50, 75) percentile: (303, 551, 555)
[M::mem_pestat] low and high boundaries for computing mean and std.dev: (1, 1059)
[M::mem_pestat] mean and std.dev: (417.18, 198.53)
[M::mem_pestat] low and high boundaries for proper pairs: (1, 1311)
[M::mem_pestat] skip orientation FF
[M::mem_pestat] skip orientation RR
[M::mem_process_seqs] Processed 3932620 reads in 8554.242 CPU sec, 274.476 real sec
[M::process] read 3711884 sequences (400000179 bp)...
[M::mem_pestat] # candidate unique pairs for (FF, FR, RF, RR): (17, 136266, 9, 25)
[M::mem_pestat] analyzing insert size distribution for orientation FF...
[M::mem_pestat] (25, 50, 75) percentile: (66, 144, 555)
[M::mem_pestat] low and high boundaries for computing mean and std.dev: (1, 1533)
[M::mem_pestat] mean and std.dev: (274.71, 232.98)
[M::mem_pestat] low and high boundaries for proper pairs: (1, 2022)
[M::mem_pestat] analyzing insert size distribution for orientation FR...
[M::mem_pestat] (25, 50, 75) percentile: (61, 82, 106)
[M::mem_pestat] low and high boundaries for computing mean and std.dev: (1, 196)
[M::mem_pestat] mean and std.dev: (83.94, 33.41)
[M::mem_pestat] low and high boundaries for proper pairs: (1, 241)
[M::mem_pestat] skip orientation RF as there are not enough pairs
[M::mem_pestat] analyzing insert size distribution for orientation RR...
[M::mem_pestat] (25, 50, 75) percentile: (54, 85, 550)
[M::mem_pestat] low and high boundaries for computing mean and std.dev: (1, 1542)
[M::mem_pestat] mean and std.dev: (223.20, 227.90)
[M::mem_pestat] low and high boundaries for proper pairs: (1, 2038)
[M::mem_pestat] skip orientation FF
[M::mem_pestat] skip orientation RR
[M::mem_process_seqs] Processed 3864474 reads in 7339.785 CPU sec, 235.903 real sec
[M::process] read 3735094 sequences (400000008 bp)...
[M::mem_pestat] # candidate unique pairs for (FF, FR, RF, RR): (15, 111143, 39, 12)
[M::mem_pestat] analyzing insert size distribution for orientation FF...
[M::mem_pestat] (25, 50, 75) percentile: (93, 95, 555)
[M::mem_pestat] low and high boundaries for computing mean and std.dev: (1, 1479)
[M::mem_pestat] mean and std.dev: (300.47, 239.31)
[M::mem_pestat] low and high boundaries for proper pairs: (1, 1941)
[M::mem_pestat] analyzing insert size distribution for orientation FR...
[M::mem_pestat] (25, 50, 75) percentile: (65, 87, 109)
[M::mem_pestat] low and high boundaries for computing mean and std.dev: (1, 197)
[M::mem_pestat] mean and std.dev: (87.51, 32.98)
[M::mem_pestat] low and high boundaries for proper pairs: (1, 241)
[M::mem_pestat] analyzing insert size distribution for orientation RF...
[M::mem_pestat] (25, 50, 75) percentile: (137, 165, 191)
[M::mem_pestat] low and high boundaries for computing mean and std.dev: (29, 299)
[M::mem_pestat] mean and std.dev: (160.18, 28.56)
[M::mem_pestat] low and high boundaries for proper pairs: (1, 353)
[M::mem_pestat] analyzing insert size distribution for orientation RR...
[M::mem_pestat] (25, 50, 75) percentile: (51, 95, 541)
[M::mem_pestat] low and high boundaries for computing mean and std.dev: (1, 1521)
[M::mem_pestat] mean and std.dev: (191.75, 210.86)
[M::mem_pestat] low and high boundaries for proper pairs: (1, 2011)
[M::mem_pestat] skip orientation FF
[M::mem_pestat] skip orientation RF
[M::mem_pestat] skip orientation RR
[M::mem_process_seqs] Processed 3711884 reads in 5959.202 CPU sec, 192.954 real sec
[M::process] read 1582990 sequences (162867331 bp)...
[M::mem_pestat] # candidate unique pairs for (FF, FR, RF, RR): (11, 95978, 41, 11)
[M::mem_pestat] analyzing insert size distribution for orientation FF...
[M::mem_pestat] (25, 50, 75) percentile: (58, 59, 568)
[M::mem_pestat] low and high boundaries for computing mean and std.dev: (1, 1588)
[M::mem_pestat] mean and std.dev: (239.18, 242.81)
[M::mem_pestat] low and high boundaries for proper pairs: (1, 2098)
[M::mem_pestat] analyzing insert size distribution for orientation FR...
[M::mem_pestat] (25, 50, 75) percentile: (64, 85, 107)
[M::mem_pestat] low and high boundaries for computing mean and std.dev: (1, 193)
[M::mem_pestat] mean and std.dev: (85.82, 31.92)
[M::mem_pestat] low and high boundaries for proper pairs: (1, 236)
[M::mem_pestat] analyzing insert size distribution for orientation RF...
[M::mem_pestat] (25, 50, 75) percentile: (164, 165, 191)
[M::mem_pestat] low and high boundaries for computing mean and std.dev: (110, 245)
[M::mem_pestat] mean and std.dev: (172.29, 18.03)
[M::mem_pestat] low and high boundaries for proper pairs: (83, 272)
[M::mem_pestat] analyzing insert size distribution for orientation RR...
[M::mem_pestat] (25, 50, 75) percentile: (68, 86, 552)
[M::mem_pestat] low and high boundaries for computing mean and std.dev: (1, 1520)
[M::mem_pestat] mean and std.dev: (280.82, 251.16)
[M::mem_pestat] low and high boundaries for proper pairs: (1, 2004)
[M::mem_pestat] skip orientation FF
[M::mem_pestat] skip orientation RF
[M::mem_pestat] skip orientation RR
[M::mem_process_seqs] Processed 3735094 reads in 7138.885 CPU sec, 231.501 real sec
[M::mem_pestat] # candidate unique pairs for (FF, FR, RF, RR): (7, 39644, 2, 13)
[M::mem_pestat] skip orientation FF as there are not enough pairs
[M::mem_pestat] analyzing insert size distribution for orientation FR...
[M::mem_pestat] (25, 50, 75) percentile: (62, 83, 106)
[M::mem_pestat] low and high boundaries for computing mean and std.dev: (1, 194)
[M::mem_pestat] mean and std.dev: (84.79, 32.29)
[M::mem_pestat] low and high boundaries for proper pairs: (1, 238)
[M::mem_pestat] skip orientation RF as there are not enough pairs
[M::mem_pestat] analyzing insert size distribution for orientation RR...
[M::mem_pestat] (25, 50, 75) percentile: (58, 566, 566)
[M::mem_pestat] low and high boundaries for computing mean and std.dev: (1, 1582)
[M::mem_pestat] mean and std.dev: (402.38, 241.69)
[M::mem_pestat] low and high boundaries for proper pairs: (1, 2090)
[M::mem_pestat] skip orientation RR
[M::mem_process_seqs] Processed 1582990 reads in 3537.428 CPU sec, 114.819 real sec
[main] Version: 0.7.17-r1188
[main] CMD: bwa mem -L 5 -t 40 -a -M -T 48 -A 1 -B 4 -O 6 -R @RG\tID:Sgr-AMvi_002-Ex1-cssl.clmp.fp2\tSM:Sgr-AMvi_002-Ex1-cssl.clmp.fp2\tPL:Illumina reference.ssl.Sgr-SgC0072C-contam-R1R2-noIsolate-fromPROBES.fasta Sgr-AMvi_002-Ex1-cssl.clmp.fp2.R1.fq.gz Sgr-AMvi_002-Ex1-cssl.clmp.fp2.R2.fq.gz
[main] Real time: 4164.149 sec; CPU: 118602.209 sec
