[M::bwa_idx_load_from_disk] read 0 ALT contigs
[M::process] read 3935304 sequences (400000082 bp)...
[M::mem_pestat] # candidate unique pairs for (FF, FR, RF, RR): (42, 129560, 21, 29)
[M::mem_pestat] analyzing insert size distribution for orientation FF...
[M::mem_pestat] (25, 50, 75) percentile: (20, 36, 56)
[M::mem_pestat] low and high boundaries for computing mean and std.dev: (1, 128)
[M::mem_pestat] mean and std.dev: (39.30, 27.25)
[M::mem_pestat] low and high boundaries for proper pairs: (1, 164)
[M::mem_pestat] analyzing insert size distribution for orientation FR...
[M::mem_pestat] (25, 50, 75) percentile: (56, 76, 98)
[M::mem_pestat] low and high boundaries for computing mean and std.dev: (1, 182)
[M::mem_pestat] mean and std.dev: (78.16, 30.71)
[M::mem_pestat] low and high boundaries for proper pairs: (1, 224)
[M::mem_pestat] analyzing insert size distribution for orientation RF...
[M::mem_pestat] (25, 50, 75) percentile: (92, 120, 198)
[M::mem_pestat] low and high boundaries for computing mean and std.dev: (1, 410)
[M::mem_pestat] mean and std.dev: (110.47, 54.81)
[M::mem_pestat] low and high boundaries for proper pairs: (1, 516)
[M::mem_pestat] analyzing insert size distribution for orientation RR...
[M::mem_pestat] (25, 50, 75) percentile: (43, 63, 89)
[M::mem_pestat] low and high boundaries for computing mean and std.dev: (1, 181)
[M::mem_pestat] mean and std.dev: (65.71, 32.02)
[M::mem_pestat] low and high boundaries for proper pairs: (1, 227)
[M::mem_pestat] skip orientation FF
[M::mem_pestat] skip orientation RF
[M::mem_pestat] skip orientation RR
[M::process] read 3959090 sequences (400000011 bp)...
[M::mem_process_seqs] Processed 3935304 reads in 7567.780 CPU sec, 366.309 real sec
[M::process] read 4201530 sequences (400000050 bp)...
[M::mem_pestat] # candidate unique pairs for (FF, FR, RF, RR): (32, 115663, 17, 31)
[M::mem_pestat] analyzing insert size distribution for orientation FF...
[M::mem_pestat] (25, 50, 75) percentile: (20, 28, 37)
[M::mem_pestat] low and high boundaries for computing mean and std.dev: (1, 71)
[M::mem_pestat] mean and std.dev: (27.90, 16.30)
[M::mem_pestat] low and high boundaries for proper pairs: (1, 93)
[M::mem_pestat] analyzing insert size distribution for orientation FR...
[M::mem_pestat] (25, 50, 75) percentile: (56, 76, 98)
[M::mem_pestat] low and high boundaries for computing mean and std.dev: (1, 182)
[M::mem_pestat] mean and std.dev: (78.34, 30.39)
[M::mem_pestat] low and high boundaries for proper pairs: (1, 224)
[M::mem_pestat] analyzing insert size distribution for orientation RF...
[M::mem_pestat] (25, 50, 75) percentile: (76, 120, 213)
[M::mem_pestat] low and high boundaries for computing mean and std.dev: (1, 487)
[M::mem_pestat] mean and std.dev: (103.53, 61.05)
[M::mem_pestat] low and high boundaries for proper pairs: (1, 624)
[M::mem_pestat] analyzing insert size distribution for orientation RR...
[M::mem_pestat] (25, 50, 75) percentile: (18, 29, 57)
[M::mem_pestat] low and high boundaries for computing mean and std.dev: (1, 135)
[M::mem_pestat] mean and std.dev: (34.97, 22.88)
[M::mem_pestat] low and high boundaries for proper pairs: (1, 174)
[M::mem_pestat] skip orientation FF
[M::mem_pestat] skip orientation RF
[M::mem_pestat] skip orientation RR
[M::mem_process_seqs] Processed 3959090 reads in 8296.651 CPU sec, 293.892 real sec
[M::process] read 3713418 sequences (400000091 bp)...
[M::mem_pestat] # candidate unique pairs for (FF, FR, RF, RR): (22, 94300, 14, 15)
[M::mem_pestat] analyzing insert size distribution for orientation FF...
[M::mem_pestat] (25, 50, 75) percentile: (28, 38, 57)
[M::mem_pestat] low and high boundaries for computing mean and std.dev: (1, 115)
[M::mem_pestat] mean and std.dev: (42.00, 22.83)
[M::mem_pestat] low and high boundaries for proper pairs: (1, 144)
[M::mem_pestat] analyzing insert size distribution for orientation FR...
[M::mem_pestat] (25, 50, 75) percentile: (55, 75, 98)
[M::mem_pestat] low and high boundaries for computing mean and std.dev: (1, 184)
[M::mem_pestat] mean and std.dev: (77.79, 30.71)
[M::mem_pestat] low and high boundaries for proper pairs: (1, 227)
[M::mem_pestat] analyzing insert size distribution for orientation RF...
[M::mem_pestat] (25, 50, 75) percentile: (57, 120, 166)
[M::mem_pestat] low and high boundaries for computing mean and std.dev: (1, 384)
[M::mem_pestat] mean and std.dev: (113.62, 69.79)
[M::mem_pestat] low and high boundaries for proper pairs: (1, 493)
[M::mem_pestat] analyzing insert size distribution for orientation RR...
[M::mem_pestat] (25, 50, 75) percentile: (27, 59, 109)
[M::mem_pestat] low and high boundaries for computing mean and std.dev: (1, 273)
[M::mem_pestat] mean and std.dev: (61.27, 40.61)
[M::mem_pestat] low and high boundaries for proper pairs: (1, 355)
[M::mem_pestat] skip orientation FF
[M::mem_pestat] skip orientation RF
[M::mem_pestat] skip orientation RR
[M::mem_process_seqs] Processed 4201530 reads in 9674.723 CPU sec, 348.927 real sec
[M::process] read 3930518 sequences (400000105 bp)...
[M::mem_pestat] # candidate unique pairs for (FF, FR, RF, RR): (4, 119166, 44, 20)
[M::mem_pestat] skip orientation FF as there are not enough pairs
[M::mem_pestat] analyzing insert size distribution for orientation FR...
[M::mem_pestat] (25, 50, 75) percentile: (59, 78, 96)
[M::mem_pestat] low and high boundaries for computing mean and std.dev: (1, 170)
[M::mem_pestat] mean and std.dev: (77.71, 25.35)
[M::mem_pestat] low and high boundaries for proper pairs: (1, 207)
[M::mem_pestat] analyzing insert size distribution for orientation RF...
[M::mem_pestat] (25, 50, 75) percentile: (98, 120, 135)
[M::mem_pestat] low and high boundaries for computing mean and std.dev: (24, 209)
[M::mem_pestat] mean and std.dev: (129.60, 43.56)
[M::mem_pestat] low and high boundaries for proper pairs: (1, 304)
[M::mem_pestat] analyzing insert size distribution for orientation RR...
[M::mem_pestat] (25, 50, 75) percentile: (39, 61, 73)
[M::mem_pestat] low and high boundaries for computing mean and std.dev: (1, 141)
[M::mem_pestat] mean and std.dev: (56.16, 25.84)
[M::mem_pestat] low and high boundaries for proper pairs: (1, 175)
[M::mem_pestat] skip orientation RF
[M::mem_pestat] skip orientation RR
[M::mem_process_seqs] Processed 3713418 reads in 6195.756 CPU sec, 200.499 real sec
[M::process] read 3949474 sequences (400000157 bp)...
[M::mem_pestat] # candidate unique pairs for (FF, FR, RF, RR): (22, 107586, 23, 33)
[M::mem_pestat] analyzing insert size distribution for orientation FF...
[M::mem_pestat] (25, 50, 75) percentile: (34, 41, 68)
[M::mem_pestat] low and high boundaries for computing mean and std.dev: (1, 136)
[M::mem_pestat] mean and std.dev: (45.25, 22.19)
[M::mem_pestat] low and high boundaries for proper pairs: (1, 170)
[M::mem_pestat] analyzing insert size distribution for orientation FR...
[M::mem_pestat] (25, 50, 75) percentile: (54, 74, 97)
[M::mem_pestat] low and high boundaries for computing mean and std.dev: (1, 183)
[M::mem_pestat] mean and std.dev: (76.98, 30.16)
[M::mem_pestat] low and high boundaries for proper pairs: (1, 226)
[M::mem_pestat] analyzing insert size distribution for orientation RF...
[M::mem_pestat] (25, 50, 75) percentile: (63, 105, 150)
[M::mem_pestat] low and high boundaries for computing mean and std.dev: (1, 324)
[M::mem_pestat] mean and std.dev: (106.30, 60.59)
[M::mem_pestat] low and high boundaries for proper pairs: (1, 411)
[M::mem_pestat] analyzing insert size distribution for orientation RR...
[M::mem_pestat] (25, 50, 75) percentile: (8, 27, 43)
[M::mem_pestat] low and high boundaries for computing mean and std.dev: (1, 113)
[M::mem_pestat] mean and std.dev: (32.67, 30.22)
[M::mem_pestat] low and high boundaries for proper pairs: (1, 154)
[M::mem_pestat] skip orientation FF
[M::mem_pestat] skip orientation RF
[M::mem_pestat] skip orientation RR
[M::mem_process_seqs] Processed 3930518 reads in 7596.947 CPU sec, 245.858 real sec
[M::process] read 366096 sequences (36741161 bp)...
[M::mem_pestat] # candidate unique pairs for (FF, FR, RF, RR): (21, 119976, 25, 42)
[M::mem_pestat] analyzing insert size distribution for orientation FF...
[M::mem_pestat] (25, 50, 75) percentile: (19, 40, 64)
[M::mem_pestat] low and high boundaries for computing mean and std.dev: (1, 154)
[M::mem_pestat] mean and std.dev: (38.05, 25.20)
[M::mem_pestat] low and high boundaries for proper pairs: (1, 199)
[M::mem_pestat] analyzing insert size distribution for orientation FR...
[M::mem_pestat] (25, 50, 75) percentile: (56, 76, 98)
[M::mem_pestat] low and high boundaries for computing mean and std.dev: (1, 182)
[M::mem_pestat] mean and std.dev: (78.33, 30.60)
[M::mem_pestat] low and high boundaries for proper pairs: (1, 224)
[M::mem_pestat] analyzing insert size distribution for orientation RF...
[M::mem_pestat] (25, 50, 75) percentile: (67, 101, 120)
[M::mem_pestat] low and high boundaries for computing mean and std.dev: (1, 226)
[M::mem_pestat] mean and std.dev: (96.46, 40.47)
[M::mem_pestat] low and high boundaries for proper pairs: (1, 279)
[M::mem_pestat] analyzing insert size distribution for orientation RR...
[M::mem_pestat] (25, 50, 75) percentile: (23, 50, 90)
[M::mem_pestat] low and high boundaries for computing mean and std.dev: (1, 224)
[M::mem_pestat] mean and std.dev: (53.31, 32.61)
[M::mem_pestat] low and high boundaries for proper pairs: (1, 291)
[M::mem_pestat] skip orientation FF
[M::mem_pestat] skip orientation RF
[M::mem_pestat] skip orientation RR
[M::mem_process_seqs] Processed 3949474 reads in 7921.690 CPU sec, 254.901 real sec
[M::mem_pestat] # candidate unique pairs for (FF, FR, RF, RR): (1, 11079, 2, 1)
[M::mem_pestat] skip orientation FF as there are not enough pairs
[M::mem_pestat] analyzing insert size distribution for orientation FR...
[M::mem_pestat] (25, 50, 75) percentile: (54, 75, 96)
[M::mem_pestat] low and high boundaries for computing mean and std.dev: (1, 180)
[M::mem_pestat] mean and std.dev: (76.54, 30.79)
[M::mem_pestat] low and high boundaries for proper pairs: (1, 222)
[M::mem_pestat] skip orientation RF as there are not enough pairs
[M::mem_pestat] skip orientation RR as there are not enough pairs
[M::mem_process_seqs] Processed 366096 reads in 768.440 CPU sec, 25.033 real sec
[main] Version: 0.7.17-r1188
[main] CMD: bwa mem -L 5 -t 40 -a -M -T 48 -A 1 -B 4 -O 6 -R @RG\tID:Sgr-AMvi_036-Ex1-cssl.clmp.fp2\tSM:Sgr-AMvi_036-Ex1-cssl.clmp.fp2\tPL:Illumina reference.ssl.Sgr-SgC0072C-contam-R1R2-noIsolate-fromPROBES.fasta Sgr-AMvi_036-Ex1-cssl.clmp.fp2.R1.fq.gz Sgr-AMvi_036-Ex1-cssl.clmp.fp2.R2.fq.gz
[main] Real time: 1755.311 sec; CPU: 48041.622 sec
