core file size          (blocks, -c) 0
data seg size           (kbytes, -d) unlimited
scheduling priority             (-e) 0
file size               (blocks, -f) unlimited
pending signals                 (-i) 1542051
max locked memory       (kbytes, -l) unlimited
max memory size         (kbytes, -m) unlimited
open files                      (-n) 1024
pipe size            (512 bytes, -p) 8
POSIX message queues     (bytes, -q) 819200
real-time priority              (-r) 0
stack size              (kbytes, -s) 8192
cpu time               (seconds, -t) unlimited
max user processes              (-u) 40960
virtual memory          (kbytes, -v) unlimited
file locks                      (-x) unlimited
LlC01071_CKDL210012719-1a-AK7759-7UDI298_HF5TCDSX2_L1_
java -ea -Xmx300g -Xms300g -cp /opt/conda/opt/bbmap-38.90-1/current/ clump.Clumpify in=fq_fp1/LlC01071_CKDL210012719-1a-AK7759-7UDI298_HF5TCDSX2_L1_r1.fq.gz in2=fq_fp1/LlC01071_CKDL210012719-1a-AK7759-7UDI298_HF5TCDSX2_L1_r2.fq.gz out=fq_fp1_clmparray/LlC01071_CKDL210012719-1a-AK7759-7UDI298_HF5TCDSX2_L1_clmp.r1.fq.gz out2=fq_fp1_clmparray/LlC01071_CKDL210012719-1a-AK7759-7UDI298_HF5TCDSX2_L1_clmp.r2.fq.gz groups=14514 overwrite=t usetmpdir=t tmpdir=/scratch/cbird dedupe=t addcount=t subs=2 containment=t consensus=f -Xmx300g
Executing clump.Clumpify [in=fq_fp1/LlC01071_CKDL210012719-1a-AK7759-7UDI298_HF5TCDSX2_L1_r1.fq.gz, in2=fq_fp1/LlC01071_CKDL210012719-1a-AK7759-7UDI298_HF5TCDSX2_L1_r2.fq.gz, out=fq_fp1_clmparray/LlC01071_CKDL210012719-1a-AK7759-7UDI298_HF5TCDSX2_L1_clmp.r1.fq.gz, out2=fq_fp1_clmparray/LlC01071_CKDL210012719-1a-AK7759-7UDI298_HF5TCDSX2_L1_clmp.r2.fq.gz, groups=14514, overwrite=t, usetmpdir=t, tmpdir=/scratch/cbird, dedupe=t, addcount=t, subs=2, containment=t, consensus=f, -Xmx300g]
Version 38.90

Executing clump.KmerSplit [in1=fq_fp1/LlC01071_CKDL210012719-1a-AK7759-7UDI298_HF5TCDSX2_L1_r1.fq.gz, in2=fq_fp1/LlC01071_CKDL210012719-1a-AK7759-7UDI298_HF5TCDSX2_L1_r2.fq.gz, out=/scratch/cbird/LlC01071_CKDL210012719-1a-AK7759-7UDI298_HF5TCDSX2_L1_clmp.r1_clumpify_p1_temp%_4ef7dd68a25adbc7.fq.gz, out2=, groups=14514, ecco=false, addname=f, shortname=f, unpair=false, repair=f, namesort=f, ow=true, dedupe=t, consensus=f]

Reset INTERLEAVED to false because paired input files were specified.
Set INTERLEAVED to false
Input is being processed as paired
Writing interleaved.
