core file size          (blocks, -c) 0
data seg size           (kbytes, -d) unlimited
scheduling priority             (-e) 0
file size               (blocks, -f) unlimited
pending signals                 (-i) 1542051
max locked memory       (kbytes, -l) unlimited
max memory size         (kbytes, -m) unlimited
open files                      (-n) 1024
pipe size            (512 bytes, -p) 8
POSIX message queues     (bytes, -q) 819200
real-time priority              (-r) 0
stack size              (kbytes, -s) 8192
cpu time               (seconds, -t) unlimited
max user processes              (-u) 40960
virtual memory          (kbytes, -v) unlimited
file locks                      (-x) unlimited
LlC01035_CKDL210012719-1a-AK7759-AK4997_HF5TCDSX2_L1_
WARNING: Unable to capture nv bind points: could not retrieve ld cache: could not execute ldconfig: fork/exec /sbin/ldconfig: resource temporarily unavailable
[91mERROR  : Failed to spawn stage 1
[0m