#
# There is insufficient memory for the Java Runtime Environment to continue.
# Native memory allocation (mmap) failed to map 204010946560 bytes for committing reserved memory.
# Possible reasons:
#   The system is out of physical RAM or swap space
# Possible solutions:
#   Reduce memory load on the system
#   Increase physical memory or swap space
#   Check if swap backing store is full
#   Decrease Java heap size (-Xmx/-Xms)
#   Decrease number of Java threads
#   Decrease Java thread stack sizes (-Xss)
#   Set larger code cache with -XX:ReservedCodeCacheSize=
# This output file may be truncated or incomplete.
#
#  Out of Memory Error (os_linux.cpp:2913), pid=36056, tid=36059
#
# JRE version:  (11.0.9.1) (build )
# Java VM: OpenJDK 64-Bit Server VM (11.0.9.1-internal+0-adhoc..src, mixed mode, tiered, g1 gc, linux-amd64)
# Core dump will be written. Default location: Core dumps may be processed with "/usr/share/apport/apport %p %s %c %d %P %E" (or dumping to /home/cbird/pire_cssl_data_processing/leiognathus_leuciscus/core.36056)
#

---------------  S U M M A R Y ------------

Command Line: -ea -Xmx190g -Xms190g clump.Clumpify in=fq_fp1/LlC01002_CKDL210012719-1a-AK3905-AK892_HF5TCDSX2_L1_r1.fq.gz in2=fq_fp1/LlC01002_CKDL210012719-1a-AK3905-AK892_HF5TCDSX2_L1_r2.fq.gz out=fq_fp1_clmparray/LlC01002_CKDL210012719-1a-AK3905-AK892_HF5TCDSX2_L1_clmp.r1.fq.gz out2=fq_fp1_clmparray/LlC01002_CKDL210012719-1a-AK3905-AK892_HF5TCDSX2_L1_clmp.r2.fq.gz groups=14514 overwrite=t usetmpdir=t tmpdir=/scratch/cbird dedupe=t addcount=t subs=2 containment=t consensus=f -Xmx190g

Host: Intel(R) Xeon(R) Gold 6148 CPU @ 2.40GHz, 40 cores, 376G, CentOS Stream release 8
Time: Wed Jul 21 13:21:39 2021 EDT elapsed time: 0.032518 seconds (0d 0h 0m 0s)

---------------  T H R E A D  ---------------

Current thread (0x00007f8438016000):  JavaThread "Unknown thread" [_thread_in_vm, id=36059, stack(0x00007f843ea64000,0x00007f843eb65000)]

Stack: [0x00007f843ea64000,0x00007f843eb65000],  sp=0x00007f843eb631f0,  free space=1020k
Native frames: (J=compiled Java code, A=aot compiled Java code, j=interpreted, Vv=VM code, C=native code)
V  [libjvm.so+0xd657ea]  VMError::report_and_die(int, char const*, char const*, __va_list_tag*, Thread*, unsigned char*, void*, void*, char const*, int, unsigned long)+0x38a
V  [libjvm.so+0xd6645d]  VMError::report_and_die(Thread*, char const*, int, unsigned long, VMErrorType, char const*, __va_list_tag*)+0x2d
V  [libjvm.so+0x651c39]  report_vm_out_of_memory(char const*, int, unsigned long, VMErrorType, char const*, ...)+0xd9
V  [libjvm.so+0xb73e74]  os::pd_commit_memory_or_exit(char*, unsigned long, unsigned long, bool, char const*)+0xe4
V  [libjvm.so+0xb6a90d]  os::commit_memory_or_exit(char*, unsigned long, unsigned long, bool, char const*)+0x2d
V  [libjvm.so+0x754c8c]  G1PageBasedVirtualSpace::commit_preferred_pages(unsigned long, unsigned long)+0x6c
V  [libjvm.so+0x7550a8]  G1PageBasedVirtualSpace::commit(unsigned long, unsigned long)+0x1c8
V  [libjvm.so+0x75edd2]  G1RegionsLargerThanCommitSizeMapper::commit_regions(unsigned int, unsigned long, WorkGang*)+0x42
V  [libjvm.so+0x7cee04]  HeapRegionManager::commit_regions(unsigned int, unsigned long, WorkGang*)+0x54
V  [libjvm.so+0x7cfa14]  HeapRegionManager::make_regions_available(unsigned int, unsigned int, WorkGang*)+0x34
V  [libjvm.so+0x7d0066]  HeapRegionManager::expand_by(unsigned int, WorkGang*)+0x66
V  [libjvm.so+0x7162f7]  G1CollectedHeap::expand(unsigned long, WorkGang*, double*)+0xe7
V  [libjvm.so+0x716a36]  G1CollectedHeap::initialize()+0x6b6
V  [libjvm.so+0xd24e62]  Universe::initialize_heap()+0x42
V  [libjvm.so+0xd25145]  universe_init()+0x55
V  [libjvm.so+0x7ec961]  init_globals()+0x71
V  [libjvm.so+0xd00590]  Threads::create_vm(JavaVMInitArgs*, bool*)+0x4b0
V  [libjvm.so+0x897ea1]  JNI_CreateJavaVM+0x61
C  [libjli.so+0x4689]  JavaMain+0xa9


---------------  P R O C E S S  ---------------

Threads class SMR info:
_java_thread_list=0x0000558ee10d7c90, length=0, elements={
}

Java Threads: ( => current thread )

Other Threads:
  0x00007f843802e800 GCTaskThread "GC Thread#0" [stack: 0x00007f843e33b000,0x00007f843e43b000] [id=36060]
  0x00007f84380ba000 ConcurrentGCThread "G1 Main Marker" [stack: 0x00007f843ca35000,0x00007f843cb35000] [id=36063]
  0x00007f84380bc000 ConcurrentGCThread "G1 Conc#0" [stack: 0x00007f843c933000,0x00007f843ca33000] [id=36065]

[error occurred during error reporting (printing all threads), id 0xb, SIGSEGV (0xb) at pc=0x00007f843f613870]

VM state:not at safepoint (not fully initialized)

VM Mutex/Monitor currently owned by a thread:  ([mutex/lock_event])
[0x00007f8438013670] Heap_lock - owner thread: 0x00007f8438016000

GC Heap History (0 events):
No events

Deoptimization events (0 events):
No events

Classes redefined (0 events):
No events

Internal exceptions (0 events):
No events

Events (2 events):
Event: 0.004 Protecting memory [0x00007f843ea64000,0x00007f843ea68000] with protection modes 0
Event: 0.005 Loaded shared library /opt/conda/lib/libzip.so


Dynamic libraries:
558ee0a17000-558ee0a18000 r--p 00000000 07:02 1219                       /opt/conda/bin/java
558ee0a18000-558ee0a19000 r-xp 00001000 07:02 1219                       /opt/conda/bin/java
558ee0a19000-558ee0a1a000 r--p 00002000 07:02 1219                       /opt/conda/bin/java
558ee0a1a000-558ee0a1b000 r--p 00002000 07:02 1219                       /opt/conda/bin/java
558ee0a1b000-558ee0a1c000 rw-p 00003000 07:02 1219                       /opt/conda/bin/java
558ee10bf000-558ee10e0000 rw-p 00000000 00:00 0                          [heap]
7f52cc000000-7f52cc021000 rw-p 00000000 00:00 0 
7f52cc021000-7f52d0000000 ---p 00000000 00:00 0 
7f52d2000000-7f52d4000000 rw-p 00000000 00:00 0 
7f52d4000000-7f52d4021000 rw-p 00000000 00:00 0 
7f52d4021000-7f52d8000000 ---p 00000000 00:00 0 
7f52d8c00000-7f549c000000 ---p 00000000 00:00 0 
7f841be0f000-7f841c000000 rw-p 00000000 00:00 0 
7f841c000000-7f841c021000 rw-p 00000000 00:00 0 
7f841c021000-7f8420000000 ---p 00000000 00:00 0 
7f8420181000-7f8420899000 rw-p 00000000 00:00 0 
7f8420899000-7f8420b09000 rwxp 00000000 00:00 0 
7f8420b09000-7f8420fd8000 ---p 00000000 00:00 0 
7f8420fd8000-7f8421248000 rwxp 00000000 00:00 0 
7f8421248000-7f8428438000 ---p 00000000 00:00 0 
7f8428438000-7f84286a8000 rwxp 00000000 00:00 0 
7f84286a8000-7f842f899000 ---p 00000000 00:00 0 
7f842f899000-7f8438000000 r--s 00000000 07:02 26655                      /opt/conda/lib/modules
7f8438000000-7f8438105000 rw-p 00000000 00:00 0 
7f8438105000-7f843c000000 ---p 00000000 00:00 0 
7f843c028000-7f843c931000 rw-p 00000000 00:00 0 
7f843c931000-7f843c932000 ---p 00000000 00:00 0 
7f843c932000-7f843ca33000 rw-p 00000000 00:00 0 
7f843ca33000-7f843ca34000 ---p 00000000 00:00 0 
7f843ca34000-7f843e339000 rw-p 00000000 00:00 0 
7f843e339000-7f843e33a000 ---p 00000000 00:00 0 
7f843e33a000-7f843e440000 rw-p 00000000 00:00 0 
7f843e440000-7f843e524000 ---p 00000000 00:00 0 
7f843e524000-7f843e529000 rw-p 00000000 00:00 0 
7f843e529000-7f843e60d000 ---p 00000000 00:00 0 
7f843e60d000-7f843e612000 rw-p 00000000 00:00 0 
7f843e612000-7f843e61c000 ---p 00000000 00:00 0 
7f843e61c000-7f843e627000 r-xp 00000000 07:02 121081                     /usr/lib64/libnss_files-2.28.so
7f843e627000-7f843e827000 ---p 0000b000 07:02 121081                     /usr/lib64/libnss_files-2.28.so
7f843e827000-7f843e828000 r--p 0000b000 07:02 121081                     /usr/lib64/libnss_files-2.28.so
7f843e828000-7f843e829000 rw-p 0000c000 07:02 121081                     /usr/lib64/libnss_files-2.28.so
7f843e829000-7f843e82f000 rw-p 00000000 00:00 0 
7f843e82f000-7f843e83d000 r--p 00000000 07:02 26201                      /opt/conda/lib/libjava.so
7f843e83d000-7f843e852000 r-xp 0000e000 07:02 26201                      /opt/conda/lib/libjava.so
7f843e852000-7f843e858000 r--p 00023000 07:02 26201                      /opt/conda/lib/libjava.so
7f843e858000-7f843e859000 ---p 00029000 07:02 26201                      /opt/conda/lib/libjava.so
7f843e859000-7f843e85a000 r--p 00029000 07:02 26201                      /opt/conda/lib/libjava.so
7f843e85a000-7f843e85b000 rw-p 0002a000 07:02 26201                      /opt/conda/lib/libjava.so
7f843e85b000-7f843e85c000 rw-p 00000000 00:00 0 
7f843e85c000-7f843e863000 r-xp 00000000 07:02 121182                     /usr/lib64/librt-2.28.so
7f843e863000-7f843ea62000 ---p 00007000 07:02 121182                     /usr/lib64/librt-2.28.so
7f843ea62000-7f843ea63000 r--p 00006000 07:02 121182                     /usr/lib64/librt-2.28.so
7f843ea63000-7f843ea64000 rw-p 00007000 07:02 121182                     /usr/lib64/librt-2.28.so
7f843ea64000-7f843ea68000 ---p 00000000 00:00 0 
7f843ea68000-7f843eb65000 rw-p 00000000 00:00 0 
7f843eb65000-7f843ece6000 r-xp 00000000 07:02 121016                     /usr/lib64/libm-2.28.so
7f843ece6000-7f843eee5000 ---p 00181000 07:02 121016                     /usr/lib64/libm-2.28.so
7f843eee5000-7f843eee6000 r--p 00180000 07:02 121016                     /usr/lib64/libm-2.28.so
7f843eee6000-7f843eee7000 rw-p 00181000 07:02 121016                     /usr/lib64/libm-2.28.so
7f843eee7000-7f843f14d000 r--p 00000000 07:02 45053                      /opt/conda/lib/server/libjvm.so
7f843f14d000-7f843fcb9000 r-xp 00266000 07:02 45053                      /opt/conda/lib/server/libjvm.so
7f843fcb9000-7f843feb8000 r--p 00dd2000 07:02 45053                      /opt/conda/lib/server/libjvm.so
7f843feb8000-7f843feb9000 ---p 00fd1000 07:02 45053                      /opt/conda/lib/server/libjvm.so
7f843feb9000-7f843ff73000 r--p 00fd1000 07:02 45053                      /opt/conda/lib/server/libjvm.so
7f843ff73000-7f843ffac000 rw-p 0108b000 07:02 45053                      /opt/conda/lib/server/libjvm.so
7f843ffac000-7f8440003000 rw-p 00000000 00:00 0 
7f8440003000-7f844001e000 r-xp 00000000 07:02 121155                     /usr/lib64/libpthread-2.28.so
7f844001e000-7f844021d000 ---p 0001b000 07:02 121155                     /usr/lib64/libpthread-2.28.so
7f844021d000-7f844021e000 r--p 0001a000 07:02 121155                     /usr/lib64/libpthread-2.28.so
7f844021e000-7f844021f000 rw-p 0001b000 07:02 121155                     /usr/lib64/libpthread-2.28.so
7f844021f000-7f8440223000 rw-p 00000000 00:00 0 
7f8440223000-7f8440226000 r-xp 00000000 07:02 120759                     /usr/lib64/libdl-2.28.so
7f8440226000-7f8440425000 ---p 00003000 07:02 120759                     /usr/lib64/libdl-2.28.so
7f8440425000-7f8440426000 r--p 00002000 07:02 120759                     /usr/lib64/libdl-2.28.so
7f8440426000-7f8440427000 rw-p 00003000 07:02 120759                     /usr/lib64/libdl-2.28.so
7f8440427000-7f84405e3000 r-xp 00000000 07:02 120705                     /usr/lib64/libc-2.28.so
7f84405e3000-7f84407e2000 ---p 001bc000 07:02 120705                     /usr/lib64/libc-2.28.so
7f84407e2000-7f84407e6000 r--p 001bb000 07:02 120705                     /usr/lib64/libc-2.28.so
7f84407e6000-7f84407e8000 rw-p 001bf000 07:02 120705                     /usr/lib64/libc-2.28.so
7f84407e8000-7f84407ec000 rw-p 00000000 00:00 0 
7f84407ec000-7f8440818000 r-xp 00000000 07:02 120472                     /usr/lib64/ld-2.28.so
7f8440823000-7f8440825000 r--p 00000000 07:02 26650                      /opt/conda/lib/libzip.so
7f8440825000-7f8440829000 r-xp 00002000 07:02 26650                      /opt/conda/lib/libzip.so
7f8440829000-7f844082b000 r--p 00006000 07:02 26650                      /opt/conda/lib/libzip.so
7f844082b000-7f844082c000 r--p 00007000 07:02 26650                      /opt/conda/lib/libzip.so
7f844082c000-7f844082d000 rw-p 00008000 07:02 26650                      /opt/conda/lib/libzip.so
7f844082d000-7f8440835000 rw-s 00000000 08:01 1037059                    /tmp/hsperfdata_cbird/36056
7f8440835000-7f8440837000 r--p 00000000 07:02 26211                      /opt/conda/lib/libjimage.so
7f8440837000-7f844083a000 r-xp 00002000 07:02 26211                      /opt/conda/lib/libjimage.so
7f844083a000-7f844083b000 r--p 00005000 07:02 26211                      /opt/conda/lib/libjimage.so
7f844083b000-7f844083c000 ---p 00006000 07:02 26211                      /opt/conda/lib/libjimage.so
7f844083c000-7f844083d000 r--p 00006000 07:02 26211                      /opt/conda/lib/libjimage.so
7f844083d000-7f844083e000 rw-p 00007000 07:02 26211                      /opt/conda/lib/libjimage.so
7f844083e000-7f8440843000 r--p 00000000 07:02 26523                      /opt/conda/lib/libverify.so
7f8440843000-7f844084a000 r-xp 00005000 07:02 26523                      /opt/conda/lib/libverify.so
7f844084a000-7f844084c000 r--p 0000c000 07:02 26523                      /opt/conda/lib/libverify.so
7f844084c000-7f844084d000 ---p 0000e000 07:02 26523                      /opt/conda/lib/libverify.so
7f844084d000-7f844084f000 r--p 0000e000 07:02 26523                      /opt/conda/lib/libverify.so
7f844084f000-7f8440850000 rw-p 00010000 07:02 26523                      /opt/conda/lib/libverify.so
7f8440850000-7f8440853000 r--p 00000000 07:02 26063                      /opt/conda/lib/libgcc_s.so.1
7f8440853000-7f844085f000 r-xp 00003000 07:02 26063                      /opt/conda/lib/libgcc_s.so.1
7f844085f000-7f8440862000 r--p 0000f000 07:02 26063                      /opt/conda/lib/libgcc_s.so.1
7f8440862000-7f8440863000 r--p 00011000 07:02 26063                      /opt/conda/lib/libgcc_s.so.1
7f8440863000-7f8440864000 rw-p 00012000 07:02 26063                      /opt/conda/lib/libgcc_s.so.1
7f8440864000-7f8440907000 r--p 00000000 07:02 26463                      /opt/conda/lib/libstdc++.so.6.0.28
7f8440907000-7f8440986000 r-xp 000a3000 07:02 26463                      /opt/conda/lib/libstdc++.so.6.0.28
7f8440986000-7f84409c7000 r--p 00122000 07:02 26463                      /opt/conda/lib/libstdc++.so.6.0.28
7f84409c7000-7f84409d2000 r--p 00162000 07:02 26463                      /opt/conda/lib/libstdc++.so.6.0.28
7f84409d2000-7f84409d6000 rw-p 0016d000 07:02 26463                      /opt/conda/lib/libstdc++.so.6.0.28
7f84409d6000-7f84409de000 rw-p 00000000 00:00 0 
7f84409de000-7f84409e1000 r--p 00000000 07:02 26649                      /opt/conda/lib/libz.so.1.2.11.1-motley
7f84409e1000-7f84409f4000 r-xp 00003000 07:02 26649                      /opt/conda/lib/libz.so.1.2.11.1-motley
7f84409f4000-7f84409fb000 r--p 00016000 07:02 26649                      /opt/conda/lib/libz.so.1.2.11.1-motley
7f84409fb000-7f84409fc000 r--p 0001c000 07:02 26649                      /opt/conda/lib/libz.so.1.2.11.1-motley
7f84409fc000-7f84409fd000 rw-p 0001d000 07:02 26649                      /opt/conda/lib/libz.so.1.2.11.1-motley
7f8440a01000-7f8440a02000 ---p 00000000 00:00 0 
7f8440a02000-7f8440a03000 r--p 00000000 00:00 0 
7f8440a03000-7f8440a06000 r--p 00000000 07:02 26212                      /opt/conda/lib/libjli.so
7f8440a06000-7f8440a10000 r-xp 00003000 07:02 26212                      /opt/conda/lib/libjli.so
7f8440a10000-7f8440a13000 r--p 0000d000 07:02 26212                      /opt/conda/lib/libjli.so
7f8440a13000-7f8440a14000 ---p 00010000 07:02 26212                      /opt/conda/lib/libjli.so
7f8440a14000-7f8440a15000 r--p 00010000 07:02 26212                      /opt/conda/lib/libjli.so
7f8440a15000-7f8440a16000 rw-p 00011000 07:02 26212                      /opt/conda/lib/libjli.so
7f8440a16000-7f8440a18000 rw-p 00000000 00:00 0 
7f8440a18000-7f8440a19000 r--p 0002c000 07:02 120472                     /usr/lib64/ld-2.28.so
7f8440a19000-7f8440a1b000 rw-p 0002d000 07:02 120472                     /usr/lib64/ld-2.28.so
7ffe5ccf2000-7ffe5cd16000 rw-p 00000000 00:00 0                          [stack]
7ffe5cdcd000-7ffe5cdd0000 r--p 00000000 00:00 0                          [vvar]
7ffe5cdd0000-7ffe5cdd2000 r-xp 00000000 00:00 0                          [vdso]
ffffffffff600000-ffffffffff601000 r-xp 00000000 00:00 0                  [vsyscall]


VM Arguments:
jvm_args: -ea -Xmx190g -Xms190g 
java_command: clump.Clumpify in=fq_fp1/LlC01002_CKDL210012719-1a-AK3905-AK892_HF5TCDSX2_L1_r1.fq.gz in2=fq_fp1/LlC01002_CKDL210012719-1a-AK3905-AK892_HF5TCDSX2_L1_r2.fq.gz out=fq_fp1_clmparray/LlC01002_CKDL210012719-1a-AK3905-AK892_HF5TCDSX2_L1_clmp.r1.fq.gz out2=fq_fp1_clmparray/LlC01002_CKDL210012719-1a-AK3905-AK892_HF5TCDSX2_L1_clmp.r2.fq.gz groups=14514 overwrite=t usetmpdir=t tmpdir=/scratch/cbird dedupe=t addcount=t subs=2 containment=t consensus=f -Xmx190g
java_class_path (initial): /opt/conda/opt/bbmap-38.90-3/current/
Launcher Type: SUN_STANDARD

[Global flags]
     intx CICompilerCount                          = 12                                        {product} {ergonomic}
     uint ConcGCThreads                            = 4                                         {product} {ergonomic}
     uint G1ConcRefinementThreads                  = 15                                        {product} {ergonomic}
   size_t G1HeapRegionSize                         = 33554432                                  {product} {ergonomic}
    uintx GCDrainStackTargetSize                   = 64                                        {product} {ergonomic}
   size_t InitialHeapSize                          = 204010946560                              {product} {command line}
   size_t MarkStackSize                            = 4194304                                   {product} {ergonomic}
   size_t MaxHeapSize                              = 204010946560                              {product} {command line}
   size_t MinHeapDeltaBytes                        = 33554432                                  {product} {ergonomic}
    uintx NonNMethodCodeHeapSize                   = 7594288                                {pd product} {ergonomic}
    uintx NonProfiledCodeHeapSize                  = 122031976                              {pd product} {ergonomic}
    uintx ProfiledCodeHeapSize                     = 122031976                              {pd product} {ergonomic}
    uintx ReservedCodeCacheSize                    = 251658240                              {pd product} {ergonomic}
     bool SegmentedCodeCache                       = true                                      {product} {ergonomic}
     bool UseG1GC                                  = true                                      {product} {ergonomic}

Logging:
Log output configuration:
 #0: stdout all=warning uptime,level,tags
 #1: stderr all=off uptime,level,tags

Environment Variables:
JAVA_HOME=/opt/conda
CLASSPATH=/opt/conda/lib/mpi.jar
PATH=/opt/conda/bin/libfabric:/opt/conda/bin:/opt/psmc/bin:/opt/abyss/bin:/opt/conda/bin/libfabric:/opt/micromamba/condabin:/shared/apps/common/slurm/20-11-5-1-nvh4/bin:/usr/local/sbin:/usr/local/bin:/usr/sbin:/usr/bin:/sbin:/bin
LD_LIBRARY_PATH=/opt/conda/lib/libfabric:/opt/conda/lib/libfabric/prov/:/usr/local/lib:/shared/apps/common/slurm/20-11-5-1-nvh4/lib:/shared/apps/common/slurm/20-11-5-1-nvh4/lib/slurm:/.singularity.d/libs
SHELL=/bin/tcsh
HOSTTYPE=x86_64-linux
OSTYPE=linux
MACHTYPE=x86_64
LANG=en_US.UTF-8
LC_ALL=en_US.UTF-8
TZ=/etc/localtime

Signal Handlers:
SIGSEGV: [libjvm.so+0xd66470], sa_mask[0]=11111111011111111101111111111110, sa_flags=SA_RESTART|SA_SIGINFO
SIGBUS: [libjvm.so+0xd66470], sa_mask[0]=11111111011111111101111111111110, sa_flags=SA_RESTART|SA_SIGINFO
SIGFPE: [libjvm.so+0xd66470], sa_mask[0]=11111111011111111101111111111110, sa_flags=SA_RESTART|SA_SIGINFO
SIGPIPE: [libjvm.so+0xb6f5b0], sa_mask[0]=11111111011111111101111111111110, sa_flags=SA_RESTART|SA_SIGINFO
SIGXFSZ: [libjvm.so+0xb6f5b0], sa_mask[0]=11111111011111111101111111111110, sa_flags=SA_RESTART|SA_SIGINFO
SIGILL: [libjvm.so+0xd66470], sa_mask[0]=11111111011111111101111111111110, sa_flags=SA_RESTART|SA_SIGINFO
SIGUSR2: [libjvm.so+0xb6f420], sa_mask[0]=00000000000000000000000000000000, sa_flags=SA_RESTART|SA_SIGINFO
SIGHUP: SIG_DFL, sa_mask[0]=00000000000000000000000000000000, sa_flags=none
SIGINT: SIG_DFL, sa_mask[0]=00000000000000000000000000000000, sa_flags=none
SIGTERM: SIG_DFL, sa_mask[0]=00000000000000000000000000000000, sa_flags=none
SIGQUIT: SIG_DFL, sa_mask[0]=00000000000000000000000000000000, sa_flags=none


---------------  S Y S T E M  ---------------

OS:CentOS Stream release 8
uname:Linux 4.15.0-139-generic #143-Ubuntu SMP Tue Mar 16 01:30:17 UTC 2021 x86_64
OS uptime: 118 days 22:46 hours
libc:glibc 2.28 NPTL 2.28 
rlimit (soft/hard): STACK 8192k/infinity , CORE 0k/infinity , NPROC 767877/1542051 , NOFILE 40960/40960 , AS infinity/infinity , CPU infinity/infinity , DATA infinity/infinity , FSIZE infinity/infinity , MEMLOCK infinity/infinity
load average:34.90 34.52 34.22

/proc/meminfo:
MemTotal:       394853884 kB
MemFree:        25350628 kB
MemAvailable:   27761952 kB
Buffers:          247840 kB
Cached:          4006016 kB
SwapCached:            0 kB
Active:         364404672 kB
Inactive:        2046940 kB
Active(anon):   362251152 kB
Inactive(anon):   170372 kB
Active(file):    2153520 kB
Inactive(file):  1876568 kB
Unevictable:           0 kB
Mlocked:               0 kB
SwapTotal:             0 kB
SwapFree:              0 kB
Dirty:               172 kB
Writeback:           804 kB
AnonPages:      362198820 kB
Mapped:           264180 kB
Shmem:            222952 kB
Slab:            1072020 kB
SReclaimable:     451956 kB
SUnreclaim:       620064 kB
KernelStack:       18016 kB
PageTables:       771820 kB
NFS_Unstable:          0 kB
Bounce:                0 kB
WritebackTmp:          0 kB
CommitLimit:    197426940 kB
Committed_AS:   371002188 kB
VmallocTotal:   34359738367 kB
VmallocUsed:           0 kB
VmallocChunk:          0 kB
HardwareCorrupted:     0 kB
AnonHugePages:   5003264 kB
ShmemHugePages:        0 kB
ShmemPmdMapped:        0 kB
CmaTotal:              0 kB
CmaFree:               0 kB
HugePages_Total:       0
HugePages_Free:        0
HugePages_Rsvd:        0
HugePages_Surp:        0
Hugepagesize:       2048 kB
DirectMap4k:     1384704 kB
DirectMap2M:    95750144 kB
DirectMap1G:    306184192 kB

/sys/kernel/mm/transparent_hugepage/enabled:
always [madvise] never
/sys/kernel/mm/transparent_hugepage/defrag (defrag/compaction efforts parameter):
always defer defer+madvise [madvise] never

/proc/sys/kernel/threads-max (system-wide limit on the number of threads):
3084103
/proc/sys/vm/max_map_count (maximum number of memory map areas a process may have):
65530
/proc/sys/kernel/pid_max (system-wide limit on number of process identifiers):
40960

Steal ticks since vm start: 0
Steal ticks percentage since vm start:  0.000

CPU:total 40 (initial active 20) (20 cores per cpu, 2 threads per core) family 6 model 85 stepping 4, cmov, cx8, fxsr, mmx, sse, sse2, sse3, ssse3, sse4.1, sse4.2, popcnt, avx, avx2, aes, clmul, erms, rtm, 3dnowpref, lzcnt, ht, tsc, tscinvbit, bmi1, bmi2, adx, fma
CPU Model and flags from /proc/cpuinfo:
model name	: Intel(R) Xeon(R) Gold 6148 CPU @ 2.40GHz
flags		: fpu vme de pse tsc msr pae mce cx8 apic sep mtrr pge mca cmov pat pse36 clflush dts acpi mmx fxsr sse sse2 ss ht tm pbe syscall nx pdpe1gb rdtscp lm constant_tsc art arch_perfmon pebs bts rep_good nopl xtopology nonstop_tsc cpuid aperfmperf pni pclmulqdq dtes64 monitor ds_cpl vmx smx est tm2 ssse3 sdbg fma cx16 xtpr pdcm pcid dca sse4_1 sse4_2 x2apic movbe popcnt tsc_deadline_timer aes xsave avx f16c rdrand lahf_lm abm 3dnowprefetch cpuid_fault epb cat_l3 cdp_l3 invpcid_single pti intel_ppin ssbd mba ibrs ibpb stibp tpr_shadow vnmi flexpriority ept vpid fsgsbase tsc_adjust bmi1 hle avx2 smep bmi2 erms invpcid rtm cqm mpx rdt_a avx512f avx512dq rdseed adx smap clflushopt clwb intel_pt avx512cd avx512bw avx512vl xsaveopt xsavec xgetbv1 xsaves cqm_llc cqm_occup_llc cqm_mbm_total cqm_mbm_local dtherm arat pln pts pku ospke md_clear flush_l1d
Online cpus:
0-39
Offline cpus:

BIOS frequency limitation:
<Not Available>
Frequency switch latency (ns):
<Not Available>
Available cpu frequencies:
<Not Available>
Current governor:
<Not Available>
Core performance/turbo boost:
<Not Available>

Memory: 4k page, physical 394853884k(25350628k free), swap 0k(0k free)

vm_info: OpenJDK 64-Bit Server VM (11.0.9.1-internal+0-adhoc..src) for linux-amd64 JRE (11.0.9.1-internal+0-adhoc..src), built on Mar 19 2021 22:30:45 by "" with gcc 9.3.0

END.
