#
# There is insufficient memory for the Java Runtime Environment to continue.
# Native memory allocation (mmap) failed to map 204010946560 bytes for committing reserved memory.
# Possible reasons:
#   The system is out of physical RAM or swap space
# Possible solutions:
#   Reduce memory load on the system
#   Increase physical memory or swap space
#   Check if swap backing store is full
#   Decrease Java heap size (-Xmx/-Xms)
#   Decrease number of Java threads
#   Decrease Java thread stack sizes (-Xss)
#   Set larger code cache with -XX:ReservedCodeCacheSize=
# This output file may be truncated or incomplete.
#
#  Out of Memory Error (os_linux.cpp:2913), pid=24336, tid=24338
#
# JRE version:  (11.0.9.1) (build )
# Java VM: OpenJDK 64-Bit Server VM (11.0.9.1-internal+0-adhoc..src, mixed mode, tiered, g1 gc, linux-amd64)
# Core dump will be written. Default location: Core dumps may be processed with "/usr/share/apport/apport %p %s %c %d %P %E" (or dumping to /home/cbird/pire_cssl_data_processing/leiognathus_leuciscus/core.24336)
#

---------------  S U M M A R Y ------------

Command Line: -ea -Xmx190g -Xms190g clump.Clumpify in=fq_fp1/LlA01006_CKDL210012719-1a-AK6260-7UDI246_HF5TCDSX2_L1_r1.fq.gz in2=fq_fp1/LlA01006_CKDL210012719-1a-AK6260-7UDI246_HF5TCDSX2_L1_r2.fq.gz out=fq_fp1_clmparray/LlA01006_CKDL210012719-1a-AK6260-7UDI246_HF5TCDSX2_L1_clmp.r1.fq.gz out2=fq_fp1_clmparray/LlA01006_CKDL210012719-1a-AK6260-7UDI246_HF5TCDSX2_L1_clmp.r2.fq.gz groups=14514 overwrite=t usetmpdir=t tmpdir=/scratch/cbird dedupe=t addcount=t subs=2 containment=t consensus=f -Xmx190g

Host: Intel(R) Xeon(R) Gold 6148 CPU @ 2.40GHz, 40 cores, 376G, CentOS Stream release 8
Time: Wed Jul 21 13:18:04 2021 EDT elapsed time: 0.042951 seconds (0d 0h 0m 0s)

---------------  T H R E A D  ---------------

Current thread (0x00007fdc68016000):  JavaThread "Unknown thread" [_thread_in_vm, id=24338, stack(0x00007fdc6e37c000,0x00007fdc6e47d000)]

Stack: [0x00007fdc6e37c000,0x00007fdc6e47d000],  sp=0x00007fdc6e47b1f0,  free space=1020k
Native frames: (J=compiled Java code, A=aot compiled Java code, j=interpreted, Vv=VM code, C=native code)
V  [libjvm.so+0xd657ea]  VMError::report_and_die(int, char const*, char const*, __va_list_tag*, Thread*, unsigned char*, void*, void*, char const*, int, unsigned long)+0x38a
V  [libjvm.so+0xd6645d]  VMError::report_and_die(Thread*, char const*, int, unsigned long, VMErrorType, char const*, __va_list_tag*)+0x2d
V  [libjvm.so+0x651c39]  report_vm_out_of_memory(char const*, int, unsigned long, VMErrorType, char const*, ...)+0xd9
V  [libjvm.so+0xb73e74]  os::pd_commit_memory_or_exit(char*, unsigned long, unsigned long, bool, char const*)+0xe4
V  [libjvm.so+0xb6a90d]  os::commit_memory_or_exit(char*, unsigned long, unsigned long, bool, char const*)+0x2d
V  [libjvm.so+0x754c8c]  G1PageBasedVirtualSpace::commit_preferred_pages(unsigned long, unsigned long)+0x6c
V  [libjvm.so+0x7550a8]  G1PageBasedVirtualSpace::commit(unsigned long, unsigned long)+0x1c8
V  [libjvm.so+0x75edd2]  G1RegionsLargerThanCommitSizeMapper::commit_regions(unsigned int, unsigned long, WorkGang*)+0x42
V  [libjvm.so+0x7cee04]  HeapRegionManager::commit_regions(unsigned int, unsigned long, WorkGang*)+0x54
V  [libjvm.so+0x7cfa14]  HeapRegionManager::make_regions_available(unsigned int, unsigned int, WorkGang*)+0x34
V  [libjvm.so+0x7d0066]  HeapRegionManager::expand_by(unsigned int, WorkGang*)+0x66
V  [libjvm.so+0x7162f7]  G1CollectedHeap::expand(unsigned long, WorkGang*, double*)+0xe7
V  [libjvm.so+0x716a36]  G1CollectedHeap::initialize()+0x6b6
V  [libjvm.so+0xd24e62]  Universe::initialize_heap()+0x42
V  [libjvm.so+0xd25145]  universe_init()+0x55
V  [libjvm.so+0x7ec961]  init_globals()+0x71
V  [libjvm.so+0xd00590]  Threads::create_vm(JavaVMInitArgs*, bool*)+0x4b0
V  [libjvm.so+0x897ea1]  JNI_CreateJavaVM+0x61
C  [libjli.so+0x4689]  JavaMain+0xa9


---------------  P R O C E S S  ---------------

Threads class SMR info:
_java_thread_list=0x0000561e400ddcd0, length=0, elements={
}

Java Threads: ( => current thread )

Other Threads:
  0x00007fdc6802e800 GCTaskThread "GC Thread#0" [stack: 0x00007fdc6dc53000,0x00007fdc6dd53000] [id=24339]
  0x00007fdc680ba000 ConcurrentGCThread "G1 Main Marker" [stack: 0x00007fdc6c34d000,0x00007fdc6c44d000] [id=24341]
  0x00007fdc680bc000 ConcurrentGCThread "G1 Conc#0" [stack: 0x00007fdc6c24b000,0x00007fdc6c34b000] [id=24342]

[error occurred during error reporting (printing all threads), id 0xb, SIGSEGV (0xb) at pc=0x00007fdc6ef2b870]

VM state:not at safepoint (not fully initialized)

VM Mutex/Monitor currently owned by a thread:  ([mutex/lock_event])
[0x00007fdc68013690] Heap_lock - owner thread: 0x00007fdc68016000

GC Heap History (0 events):
No events

Deoptimization events (0 events):
No events

Classes redefined (0 events):
No events

Internal exceptions (0 events):
No events

Events (2 events):
Event: 0.006 Protecting memory [0x00007fdc6e37c000,0x00007fdc6e380000] with protection modes 0
Event: 0.006 Loaded shared library /opt/conda/lib/libzip.so


Dynamic libraries:
561e40032000-561e40033000 r--p 00000000 07:02 1219                       /opt/conda/bin/java
561e40033000-561e40034000 r-xp 00001000 07:02 1219                       /opt/conda/bin/java
561e40034000-561e40035000 r--p 00002000 07:02 1219                       /opt/conda/bin/java
561e40035000-561e40036000 r--p 00002000 07:02 1219                       /opt/conda/bin/java
561e40036000-561e40037000 rw-p 00003000 07:02 1219                       /opt/conda/bin/java
561e400c5000-561e400e6000 rw-p 00000000 00:00 0                          [heap]
7faafc000000-7faafc021000 rw-p 00000000 00:00 0 
7faafc021000-7fab00000000 ---p 00000000 00:00 0 
7fab02000000-7fab04000000 rw-p 00000000 00:00 0 
7fab04000000-7fab04021000 rw-p 00000000 00:00 0 
7fab04021000-7fab08000000 ---p 00000000 00:00 0 
7fab086fb000-7fab08c00000 rw-p 00000000 00:00 0 
7fab08c00000-7faccc000000 ---p 00000000 00:00 0 
7fdc4bcfd000-7fdc4c000000 rw-p 00000000 00:00 0 
7fdc4c000000-7fdc4c021000 rw-p 00000000 00:00 0 
7fdc4c021000-7fdc50000000 ---p 00000000 00:00 0 
7fdc50091000-7fdc50899000 rw-p 00000000 00:00 0 
7fdc50899000-7fdc50b09000 rwxp 00000000 00:00 0 
7fdc50b09000-7fdc50fd8000 ---p 00000000 00:00 0 
7fdc50fd8000-7fdc51248000 rwxp 00000000 00:00 0 
7fdc51248000-7fdc58438000 ---p 00000000 00:00 0 
7fdc58438000-7fdc586a8000 rwxp 00000000 00:00 0 
7fdc586a8000-7fdc5f899000 ---p 00000000 00:00 0 
7fdc5f899000-7fdc68000000 r--s 00000000 07:02 26655                      /opt/conda/lib/modules
7fdc68000000-7fdc68105000 rw-p 00000000 00:00 0 
7fdc68105000-7fdc6c000000 ---p 00000000 00:00 0 
7fdc6c047000-7fdc6c249000 rw-p 00000000 00:00 0 
7fdc6c249000-7fdc6c24a000 ---p 00000000 00:00 0 
7fdc6c24a000-7fdc6c34b000 rw-p 00000000 00:00 0 
7fdc6c34b000-7fdc6c34c000 ---p 00000000 00:00 0 
7fdc6c34c000-7fdc6dc51000 rw-p 00000000 00:00 0 
7fdc6dc51000-7fdc6dc52000 ---p 00000000 00:00 0 
7fdc6dc52000-7fdc6dd58000 rw-p 00000000 00:00 0 
7fdc6dd58000-7fdc6de3c000 ---p 00000000 00:00 0 
7fdc6de3c000-7fdc6de41000 rw-p 00000000 00:00 0 
7fdc6de41000-7fdc6df25000 ---p 00000000 00:00 0 
7fdc6df25000-7fdc6df2a000 rw-p 00000000 00:00 0 
7fdc6df2a000-7fdc6df34000 ---p 00000000 00:00 0 
7fdc6df34000-7fdc6df3f000 r-xp 00000000 07:02 121081                     /usr/lib64/libnss_files-2.28.so
7fdc6df3f000-7fdc6e13f000 ---p 0000b000 07:02 121081                     /usr/lib64/libnss_files-2.28.so
7fdc6e13f000-7fdc6e140000 r--p 0000b000 07:02 121081                     /usr/lib64/libnss_files-2.28.so
7fdc6e140000-7fdc6e141000 rw-p 0000c000 07:02 121081                     /usr/lib64/libnss_files-2.28.so
7fdc6e141000-7fdc6e147000 rw-p 00000000 00:00 0 
7fdc6e147000-7fdc6e155000 r--p 00000000 07:02 26201                      /opt/conda/lib/libjava.so
7fdc6e155000-7fdc6e16a000 r-xp 0000e000 07:02 26201                      /opt/conda/lib/libjava.so
7fdc6e16a000-7fdc6e170000 r--p 00023000 07:02 26201                      /opt/conda/lib/libjava.so
7fdc6e170000-7fdc6e171000 ---p 00029000 07:02 26201                      /opt/conda/lib/libjava.so
7fdc6e171000-7fdc6e172000 r--p 00029000 07:02 26201                      /opt/conda/lib/libjava.so
7fdc6e172000-7fdc6e173000 rw-p 0002a000 07:02 26201                      /opt/conda/lib/libjava.so
7fdc6e173000-7fdc6e174000 rw-p 00000000 00:00 0 
7fdc6e174000-7fdc6e17b000 r-xp 00000000 07:02 121182                     /usr/lib64/librt-2.28.so
7fdc6e17b000-7fdc6e37a000 ---p 00007000 07:02 121182                     /usr/lib64/librt-2.28.so
7fdc6e37a000-7fdc6e37b000 r--p 00006000 07:02 121182                     /usr/lib64/librt-2.28.so
7fdc6e37b000-7fdc6e37c000 rw-p 00007000 07:02 121182                     /usr/lib64/librt-2.28.so
7fdc6e37c000-7fdc6e380000 ---p 00000000 00:00 0 
7fdc6e380000-7fdc6e47d000 rw-p 00000000 00:00 0 
7fdc6e47d000-7fdc6e5fe000 r-xp 00000000 07:02 121016                     /usr/lib64/libm-2.28.so
7fdc6e5fe000-7fdc6e7fd000 ---p 00181000 07:02 121016                     /usr/lib64/libm-2.28.so
7fdc6e7fd000-7fdc6e7fe000 r--p 00180000 07:02 121016                     /usr/lib64/libm-2.28.so
7fdc6e7fe000-7fdc6e7ff000 rw-p 00181000 07:02 121016                     /usr/lib64/libm-2.28.so
7fdc6e7ff000-7fdc6ea65000 r--p 00000000 07:02 45053                      /opt/conda/lib/server/libjvm.so
7fdc6ea65000-7fdc6f5d1000 r-xp 00266000 07:02 45053                      /opt/conda/lib/server/libjvm.so
7fdc6f5d1000-7fdc6f7d0000 r--p 00dd2000 07:02 45053                      /opt/conda/lib/server/libjvm.so
7fdc6f7d0000-7fdc6f7d1000 ---p 00fd1000 07:02 45053                      /opt/conda/lib/server/libjvm.so
7fdc6f7d1000-7fdc6f88b000 r--p 00fd1000 07:02 45053                      /opt/conda/lib/server/libjvm.so
7fdc6f88b000-7fdc6f8c4000 rw-p 0108b000 07:02 45053                      /opt/conda/lib/server/libjvm.so
7fdc6f8c4000-7fdc6f91b000 rw-p 00000000 00:00 0 
7fdc6f91b000-7fdc6f936000 r-xp 00000000 07:02 121155                     /usr/lib64/libpthread-2.28.so
7fdc6f936000-7fdc6fb35000 ---p 0001b000 07:02 121155                     /usr/lib64/libpthread-2.28.so
7fdc6fb35000-7fdc6fb36000 r--p 0001a000 07:02 121155                     /usr/lib64/libpthread-2.28.so
7fdc6fb36000-7fdc6fb37000 rw-p 0001b000 07:02 121155                     /usr/lib64/libpthread-2.28.so
7fdc6fb37000-7fdc6fb3b000 rw-p 00000000 00:00 0 
7fdc6fb3b000-7fdc6fb3e000 r-xp 00000000 07:02 120759                     /usr/lib64/libdl-2.28.so
7fdc6fb3e000-7fdc6fd3d000 ---p 00003000 07:02 120759                     /usr/lib64/libdl-2.28.so
7fdc6fd3d000-7fdc6fd3e000 r--p 00002000 07:02 120759                     /usr/lib64/libdl-2.28.so
7fdc6fd3e000-7fdc6fd3f000 rw-p 00003000 07:02 120759                     /usr/lib64/libdl-2.28.so
7fdc6fd3f000-7fdc6fefb000 r-xp 00000000 07:02 120705                     /usr/lib64/libc-2.28.so
7fdc6fefb000-7fdc700fa000 ---p 001bc000 07:02 120705                     /usr/lib64/libc-2.28.so
7fdc700fa000-7fdc700fe000 r--p 001bb000 07:02 120705                     /usr/lib64/libc-2.28.so
7fdc700fe000-7fdc70100000 rw-p 001bf000 07:02 120705                     /usr/lib64/libc-2.28.so
7fdc70100000-7fdc70104000 rw-p 00000000 00:00 0 
7fdc70104000-7fdc70130000 r-xp 00000000 07:02 120472                     /usr/lib64/ld-2.28.so
7fdc7013b000-7fdc7013d000 r--p 00000000 07:02 26650                      /opt/conda/lib/libzip.so
7fdc7013d000-7fdc70141000 r-xp 00002000 07:02 26650                      /opt/conda/lib/libzip.so
7fdc70141000-7fdc70143000 r--p 00006000 07:02 26650                      /opt/conda/lib/libzip.so
7fdc70143000-7fdc70144000 r--p 00007000 07:02 26650                      /opt/conda/lib/libzip.so
7fdc70144000-7fdc70145000 rw-p 00008000 07:02 26650                      /opt/conda/lib/libzip.so
7fdc70145000-7fdc7014d000 rw-s 00000000 08:01 1037059                    /tmp/hsperfdata_cbird/24336
7fdc7014d000-7fdc7014f000 r--p 00000000 07:02 26211                      /opt/conda/lib/libjimage.so
7fdc7014f000-7fdc70152000 r-xp 00002000 07:02 26211                      /opt/conda/lib/libjimage.so
7fdc70152000-7fdc70153000 r--p 00005000 07:02 26211                      /opt/conda/lib/libjimage.so
7fdc70153000-7fdc70154000 ---p 00006000 07:02 26211                      /opt/conda/lib/libjimage.so
7fdc70154000-7fdc70155000 r--p 00006000 07:02 26211                      /opt/conda/lib/libjimage.so
7fdc70155000-7fdc70156000 rw-p 00007000 07:02 26211                      /opt/conda/lib/libjimage.so
7fdc70156000-7fdc7015b000 r--p 00000000 07:02 26523                      /opt/conda/lib/libverify.so
7fdc7015b000-7fdc70162000 r-xp 00005000 07:02 26523                      /opt/conda/lib/libverify.so
7fdc70162000-7fdc70164000 r--p 0000c000 07:02 26523                      /opt/conda/lib/libverify.so
7fdc70164000-7fdc70165000 ---p 0000e000 07:02 26523                      /opt/conda/lib/libverify.so
7fdc70165000-7fdc70167000 r--p 0000e000 07:02 26523                      /opt/conda/lib/libverify.so
7fdc70167000-7fdc70168000 rw-p 00010000 07:02 26523                      /opt/conda/lib/libverify.so
7fdc70168000-7fdc7016b000 r--p 00000000 07:02 26063                      /opt/conda/lib/libgcc_s.so.1
7fdc7016b000-7fdc70177000 r-xp 00003000 07:02 26063                      /opt/conda/lib/libgcc_s.so.1
7fdc70177000-7fdc7017a000 r--p 0000f000 07:02 26063                      /opt/conda/lib/libgcc_s.so.1
7fdc7017a000-7fdc7017b000 r--p 00011000 07:02 26063                      /opt/conda/lib/libgcc_s.so.1
7fdc7017b000-7fdc7017c000 rw-p 00012000 07:02 26063                      /opt/conda/lib/libgcc_s.so.1
7fdc7017c000-7fdc7021f000 r--p 00000000 07:02 26463                      /opt/conda/lib/libstdc++.so.6.0.28
7fdc7021f000-7fdc7029e000 r-xp 000a3000 07:02 26463                      /opt/conda/lib/libstdc++.so.6.0.28
7fdc7029e000-7fdc702df000 r--p 00122000 07:02 26463                      /opt/conda/lib/libstdc++.so.6.0.28
7fdc702df000-7fdc702ea000 r--p 00162000 07:02 26463                      /opt/conda/lib/libstdc++.so.6.0.28
7fdc702ea000-7fdc702ee000 rw-p 0016d000 07:02 26463                      /opt/conda/lib/libstdc++.so.6.0.28
7fdc702ee000-7fdc702f6000 rw-p 00000000 00:00 0 
7fdc702f6000-7fdc702f9000 r--p 00000000 07:02 26649                      /opt/conda/lib/libz.so.1.2.11.1-motley
7fdc702f9000-7fdc7030c000 r-xp 00003000 07:02 26649                      /opt/conda/lib/libz.so.1.2.11.1-motley
7fdc7030c000-7fdc70313000 r--p 00016000 07:02 26649                      /opt/conda/lib/libz.so.1.2.11.1-motley
7fdc70313000-7fdc70314000 r--p 0001c000 07:02 26649                      /opt/conda/lib/libz.so.1.2.11.1-motley
7fdc70314000-7fdc70315000 rw-p 0001d000 07:02 26649                      /opt/conda/lib/libz.so.1.2.11.1-motley
7fdc70319000-7fdc7031a000 ---p 00000000 00:00 0 
7fdc7031a000-7fdc7031b000 r--p 00000000 00:00 0 
7fdc7031b000-7fdc7031e000 r--p 00000000 07:02 26212                      /opt/conda/lib/libjli.so
7fdc7031e000-7fdc70328000 r-xp 00003000 07:02 26212                      /opt/conda/lib/libjli.so
7fdc70328000-7fdc7032b000 r--p 0000d000 07:02 26212                      /opt/conda/lib/libjli.so
7fdc7032b000-7fdc7032c000 ---p 00010000 07:02 26212                      /opt/conda/lib/libjli.so
7fdc7032c000-7fdc7032d000 r--p 00010000 07:02 26212                      /opt/conda/lib/libjli.so
7fdc7032d000-7fdc7032e000 rw-p 00011000 07:02 26212                      /opt/conda/lib/libjli.so
7fdc7032e000-7fdc70330000 rw-p 00000000 00:00 0 
7fdc70330000-7fdc70331000 r--p 0002c000 07:02 120472                     /usr/lib64/ld-2.28.so
7fdc70331000-7fdc70333000 rw-p 0002d000 07:02 120472                     /usr/lib64/ld-2.28.so
7ffc28f49000-7ffc28f6d000 rw-p 00000000 00:00 0                          [stack]
7ffc28fe4000-7ffc28fe7000 r--p 00000000 00:00 0                          [vvar]
7ffc28fe7000-7ffc28fe9000 r-xp 00000000 00:00 0                          [vdso]
ffffffffff600000-ffffffffff601000 r-xp 00000000 00:00 0                  [vsyscall]


VM Arguments:
jvm_args: -ea -Xmx190g -Xms190g 
java_command: clump.Clumpify in=fq_fp1/LlA01006_CKDL210012719-1a-AK6260-7UDI246_HF5TCDSX2_L1_r1.fq.gz in2=fq_fp1/LlA01006_CKDL210012719-1a-AK6260-7UDI246_HF5TCDSX2_L1_r2.fq.gz out=fq_fp1_clmparray/LlA01006_CKDL210012719-1a-AK6260-7UDI246_HF5TCDSX2_L1_clmp.r1.fq.gz out2=fq_fp1_clmparray/LlA01006_CKDL210012719-1a-AK6260-7UDI246_HF5TCDSX2_L1_clmp.r2.fq.gz groups=14514 overwrite=t usetmpdir=t tmpdir=/scratch/cbird dedupe=t addcount=t subs=2 containment=t consensus=f -Xmx190g
java_class_path (initial): /opt/conda/opt/bbmap-38.90-3/current/
Launcher Type: SUN_STANDARD

[Global flags]
     intx CICompilerCount                          = 12                                        {product} {ergonomic}
     uint ConcGCThreads                            = 4                                         {product} {ergonomic}
     uint G1ConcRefinementThreads                  = 15                                        {product} {ergonomic}
   size_t G1HeapRegionSize                         = 33554432                                  {product} {ergonomic}
    uintx GCDrainStackTargetSize                   = 64                                        {product} {ergonomic}
   size_t InitialHeapSize                          = 204010946560                              {product} {command line}
   size_t MarkStackSize                            = 4194304                                   {product} {ergonomic}
   size_t MaxHeapSize                              = 204010946560                              {product} {command line}
   size_t MinHeapDeltaBytes                        = 33554432                                  {product} {ergonomic}
    uintx NonNMethodCodeHeapSize                   = 7594288                                {pd product} {ergonomic}
    uintx NonProfiledCodeHeapSize                  = 122031976                              {pd product} {ergonomic}
    uintx ProfiledCodeHeapSize                     = 122031976                              {pd product} {ergonomic}
    uintx ReservedCodeCacheSize                    = 251658240                              {pd product} {ergonomic}
     bool SegmentedCodeCache                       = true                                      {product} {ergonomic}
     bool UseG1GC                                  = true                                      {product} {ergonomic}

Logging:
Log output configuration:
 #0: stdout all=warning uptime,level,tags
 #1: stderr all=off uptime,level,tags

Environment Variables:
JAVA_HOME=/opt/conda
CLASSPATH=/opt/conda/lib/mpi.jar
PATH=/opt/conda/bin/libfabric:/opt/conda/bin:/opt/psmc/bin:/opt/abyss/bin:/opt/conda/bin/libfabric:/opt/micromamba/condabin:/shared/apps/common/slurm/20-11-5-1-nvh4/bin:/usr/local/sbin:/usr/local/bin:/usr/sbin:/usr/bin:/sbin:/bin
LD_LIBRARY_PATH=/opt/conda/lib/libfabric:/opt/conda/lib/libfabric/prov/:/usr/local/lib:/shared/apps/common/slurm/20-11-5-1-nvh4/lib:/shared/apps/common/slurm/20-11-5-1-nvh4/lib/slurm:/.singularity.d/libs
SHELL=/bin/tcsh
HOSTTYPE=x86_64-linux
OSTYPE=linux
MACHTYPE=x86_64
LANG=en_US.UTF-8
LC_ALL=en_US.UTF-8
TZ=/etc/localtime

Signal Handlers:
SIGSEGV: [libjvm.so+0xd66470], sa_mask[0]=11111111011111111101111111111110, sa_flags=SA_RESTART|SA_SIGINFO
SIGBUS: [libjvm.so+0xd66470], sa_mask[0]=11111111011111111101111111111110, sa_flags=SA_RESTART|SA_SIGINFO
SIGFPE: [libjvm.so+0xd66470], sa_mask[0]=11111111011111111101111111111110, sa_flags=SA_RESTART|SA_SIGINFO
SIGPIPE: [libjvm.so+0xb6f5b0], sa_mask[0]=11111111011111111101111111111110, sa_flags=SA_RESTART|SA_SIGINFO
SIGXFSZ: [libjvm.so+0xb6f5b0], sa_mask[0]=11111111011111111101111111111110, sa_flags=SA_RESTART|SA_SIGINFO
SIGILL: [libjvm.so+0xd66470], sa_mask[0]=11111111011111111101111111111110, sa_flags=SA_RESTART|SA_SIGINFO
SIGUSR2: [libjvm.so+0xb6f420], sa_mask[0]=00000000000000000000000000000000, sa_flags=SA_RESTART|SA_SIGINFO
SIGHUP: SIG_DFL, sa_mask[0]=00000000000000000000000000000000, sa_flags=none
SIGINT: SIG_DFL, sa_mask[0]=00000000000000000000000000000000, sa_flags=none
SIGTERM: SIG_DFL, sa_mask[0]=00000000000000000000000000000000, sa_flags=none
SIGQUIT: SIG_DFL, sa_mask[0]=00000000000000000000000000000000, sa_flags=none


---------------  S Y S T E M  ---------------

OS:CentOS Stream release 8
uname:Linux 4.15.0-139-generic #143-Ubuntu SMP Tue Mar 16 01:30:17 UTC 2021 x86_64
OS uptime: 118 days 22:43 hours
libc:glibc 2.28 NPTL 2.28 
rlimit (soft/hard): STACK 8192k/infinity , CORE 0k/infinity , NPROC 767877/1542051 , NOFILE 40960/40960 , AS infinity/infinity , CPU infinity/infinity , DATA infinity/infinity , FSIZE infinity/infinity , MEMLOCK infinity/infinity
load average:34.38 34.12 34.06

/proc/meminfo:
MemTotal:       394853884 kB
MemFree:        25363372 kB
MemAvailable:   27773600 kB
Buffers:          247800 kB
Cached:          4004412 kB
SwapCached:            0 kB
Active:         364401948 kB
Inactive:        2048540 kB
Active(anon):   362250084 kB
Inactive(anon):   170372 kB
Active(file):    2151864 kB
Inactive(file):  1878168 kB
Unevictable:           0 kB
Mlocked:               0 kB
SwapTotal:             0 kB
SwapFree:              0 kB
Dirty:               424 kB
Writeback:           808 kB
AnonPages:      362198436 kB
Mapped:           261968 kB
Shmem:            222952 kB
Slab:            1067436 kB
SReclaimable:     449912 kB
SUnreclaim:       617524 kB
KernelStack:       17808 kB
PageTables:       770772 kB
NFS_Unstable:          0 kB
Bounce:                0 kB
WritebackTmp:          0 kB
CommitLimit:    197426940 kB
Committed_AS:   371122128 kB
VmallocTotal:   34359738367 kB
VmallocUsed:           0 kB
VmallocChunk:          0 kB
HardwareCorrupted:     0 kB
AnonHugePages:   5003264 kB
ShmemHugePages:        0 kB
ShmemPmdMapped:        0 kB
CmaTotal:              0 kB
CmaFree:               0 kB
HugePages_Total:       0
HugePages_Free:        0
HugePages_Rsvd:        0
HugePages_Surp:        0
Hugepagesize:       2048 kB
DirectMap4k:     1384704 kB
DirectMap2M:    95750144 kB
DirectMap1G:    306184192 kB

/sys/kernel/mm/transparent_hugepage/enabled:
always [madvise] never
/sys/kernel/mm/transparent_hugepage/defrag (defrag/compaction efforts parameter):
always defer defer+madvise [madvise] never

/proc/sys/kernel/threads-max (system-wide limit on the number of threads):
3084103
/proc/sys/vm/max_map_count (maximum number of memory map areas a process may have):
65530
/proc/sys/kernel/pid_max (system-wide limit on number of process identifiers):
40960

Steal ticks since vm start: 0
Steal ticks percentage since vm start:  0.000

CPU:total 40 (initial active 20) (20 cores per cpu, 2 threads per core) family 6 model 85 stepping 4, cmov, cx8, fxsr, mmx, sse, sse2, sse3, ssse3, sse4.1, sse4.2, popcnt, avx, avx2, aes, clmul, erms, rtm, 3dnowpref, lzcnt, ht, tsc, tscinvbit, bmi1, bmi2, adx, fma
CPU Model and flags from /proc/cpuinfo:
model name	: Intel(R) Xeon(R) Gold 6148 CPU @ 2.40GHz
flags		: fpu vme de pse tsc msr pae mce cx8 apic sep mtrr pge mca cmov pat pse36 clflush dts acpi mmx fxsr sse sse2 ss ht tm pbe syscall nx pdpe1gb rdtscp lm constant_tsc art arch_perfmon pebs bts rep_good nopl xtopology nonstop_tsc cpuid aperfmperf pni pclmulqdq dtes64 monitor ds_cpl vmx smx est tm2 ssse3 sdbg fma cx16 xtpr pdcm pcid dca sse4_1 sse4_2 x2apic movbe popcnt tsc_deadline_timer aes xsave avx f16c rdrand lahf_lm abm 3dnowprefetch cpuid_fault epb cat_l3 cdp_l3 invpcid_single pti intel_ppin ssbd mba ibrs ibpb stibp tpr_shadow vnmi flexpriority ept vpid fsgsbase tsc_adjust bmi1 hle avx2 smep bmi2 erms invpcid rtm cqm mpx rdt_a avx512f avx512dq rdseed adx smap clflushopt clwb intel_pt avx512cd avx512bw avx512vl xsaveopt xsavec xgetbv1 xsaves cqm_llc cqm_occup_llc cqm_mbm_total cqm_mbm_local dtherm arat pln pts pku ospke md_clear flush_l1d
Online cpus:
0-39
Offline cpus:

BIOS frequency limitation:
<Not Available>
Frequency switch latency (ns):
<Not Available>
Available cpu frequencies:
<Not Available>
Current governor:
<Not Available>
Core performance/turbo boost:
<Not Available>

Memory: 4k page, physical 394853884k(25362860k free), swap 0k(0k free)

vm_info: OpenJDK 64-Bit Server VM (11.0.9.1-internal+0-adhoc..src) for linux-amd64 JRE (11.0.9.1-internal+0-adhoc..src), built on Mar 19 2021 22:30:45 by "" with gcc 9.3.0

END.
