[M::bwa_idx_load_from_disk] read 0 ALT contigs
[M::process] read 1510092 sequences (187287416 bp)...
[M::mem_pestat] # candidate unique pairs for (FF, FR, RF, RR): (79, 218984, 83, 44)
[M::mem_pestat] analyzing insert size distribution for orientation FF...
[M::mem_pestat] (25, 50, 75) percentile: (55, 143, 413)
[M::mem_pestat] low and high boundaries for computing mean and std.dev: (1, 1129)
[M::mem_pestat] mean and std.dev: (210.30, 201.64)
[M::mem_pestat] low and high boundaries for proper pairs: (1, 1487)
[M::mem_pestat] analyzing insert size distribution for orientation FR...
[M::mem_pestat] (25, 50, 75) percentile: (84, 128, 182)
[M::mem_pestat] low and high boundaries for computing mean and std.dev: (1, 378)
[M::mem_pestat] mean and std.dev: (138.25, 74.52)
[M::mem_pestat] low and high boundaries for proper pairs: (1, 476)
[M::mem_pestat] analyzing insert size distribution for orientation RF...
[M::mem_pestat] (25, 50, 75) percentile: (34, 1241, 7266)
[M::mem_pestat] low and high boundaries for computing mean and std.dev: (1, 21730)
[M::mem_pestat] mean and std.dev: (2256.94, 2963.49)
[M::mem_pestat] low and high boundaries for proper pairs: (1, 28962)
[M::mem_pestat] analyzing insert size distribution for orientation RR...
[M::mem_pestat] (25, 50, 75) percentile: (25, 25, 90)
[M::mem_pestat] low and high boundaries for computing mean and std.dev: (1, 220)
[M::mem_pestat] mean and std.dev: (45.02, 30.58)
[M::mem_pestat] low and high boundaries for proper pairs: (1, 285)
[M::mem_pestat] skip orientation FF
[M::mem_pestat] skip orientation RF
[M::mem_pestat] skip orientation RR
[M::mem_process_seqs] Processed 1510092 reads in 909.412 CPU sec, 24.353 real sec
[main] Version: 0.7.17-r1188
[main] CMD: bwa mem -L 30,5 -t 40 -a -M -T 50 -A 1 -B 6 -O 10 -R @RG\tID:Sgr-CMas_067-Ex1-cssl.clmp.fp2_repr\tSM:Sgr-CMas_067-Ex1-cssl.clmp.fp2_repr\tPL:Illumina reference.ssl.Sgr-SgC0072C-contam-R1R2-noIsolate-fromPROBES.fasta Sgr-CMas_067-Ex1-cssl.clmp.fp2_repr.R1.fq.gz Sgr-CMas_067-Ex1-cssl.clmp.fp2_repr.R2.fq.gz
[main] Real time: 35.252 sec; CPU: 918.792 sec
