[M::bwa_idx_load_from_disk] read 0 ALT contigs
[M::process] read 3219280 sequences (400000074 bp)...
[M::process] read 199964 sequences (24844681 bp)...
[M::mem_pestat] # candidate unique pairs for (FF, FR, RF, RR): (117, 457334, 134, 144)
[M::mem_pestat] analyzing insert size distribution for orientation FF...
[M::mem_pestat] (25, 50, 75) percentile: (127, 465, 473)
[M::mem_pestat] low and high boundaries for computing mean and std.dev: (1, 1165)
[M::mem_pestat] mean and std.dev: (346.56, 207.56)
[M::mem_pestat] low and high boundaries for proper pairs: (1, 1511)
[M::mem_pestat] analyzing insert size distribution for orientation FR...
[M::mem_pestat] (25, 50, 75) percentile: (84, 129, 188)
[M::mem_pestat] low and high boundaries for computing mean and std.dev: (1, 396)
[M::mem_pestat] mean and std.dev: (140.95, 78.47)
[M::mem_pestat] low and high boundaries for proper pairs: (1, 500)
[M::mem_pestat] analyzing insert size distribution for orientation RF...
[M::mem_pestat] (25, 50, 75) percentile: (47, 134, 848)
[M::mem_pestat] low and high boundaries for computing mean and std.dev: (1, 2450)
[M::mem_pestat] mean and std.dev: (366.85, 449.30)
[M::mem_pestat] low and high boundaries for proper pairs: (1, 3251)
[M::mem_pestat] analyzing insert size distribution for orientation RR...
[M::mem_pestat] (25, 50, 75) percentile: (44, 135, 350)
[M::mem_pestat] low and high boundaries for computing mean and std.dev: (1, 962)
[M::mem_pestat] mean and std.dev: (173.83, 162.93)
[M::mem_pestat] low and high boundaries for proper pairs: (1, 1268)
[M::mem_pestat] skip orientation FF
[M::mem_pestat] skip orientation RF
[M::mem_pestat] skip orientation RR
[M::mem_process_seqs] Processed 3219280 reads in 1960.219 CPU sec, 53.644 real sec
[M::mem_pestat] # candidate unique pairs for (FF, FR, RF, RR): (4, 28501, 29, 5)
[M::mem_pestat] skip orientation FF as there are not enough pairs
[M::mem_pestat] analyzing insert size distribution for orientation FR...
[M::mem_pestat] (25, 50, 75) percentile: (84, 129, 185)
[M::mem_pestat] low and high boundaries for computing mean and std.dev: (1, 387)
[M::mem_pestat] mean and std.dev: (139.22, 75.77)
[M::mem_pestat] low and high boundaries for proper pairs: (1, 488)
[M::mem_pestat] analyzing insert size distribution for orientation RF...
[M::mem_pestat] (25, 50, 75) percentile: (87, 87, 115)
[M::mem_pestat] low and high boundaries for computing mean and std.dev: (31, 171)
[M::mem_pestat] mean and std.dev: (89.65, 8.16)
[M::mem_pestat] low and high boundaries for proper pairs: (3, 199)
[M::mem_pestat] skip orientation RR as there are not enough pairs
[M::mem_pestat] skip orientation RF
[M::mem_process_seqs] Processed 199964 reads in 119.489 CPU sec, 3.303 real sec
[main] Version: 0.7.17-r1188
[main] CMD: bwa mem -L 30,5 -t 40 -a -M -T 50 -A 1 -B 6 -O 10 -R @RG\tID:Sgr-CMas_050-Ex1-cssl.clmp.fp2_repr\tSM:Sgr-CMas_050-Ex1-cssl.clmp.fp2_repr\tPL:Illumina reference.ssl.Sgr-SgC0072C-contam-R1R2-noIsolate-fromPROBES.fasta Sgr-CMas_050-Ex1-cssl.clmp.fp2_repr.R1.fq.gz Sgr-CMas_050-Ex1-cssl.clmp.fp2_repr.R2.fq.gz
[main] Real time: 74.625 sec; CPU: 2097.107 sec
