[M::bwa_idx_load_from_disk] read 0 ALT contigs
[M::process] read 4579740 sequences (400000078 bp)...
[M::mem_pestat] # candidate unique pairs for (FF, FR, RF, RR): (12, 678822, 24, 24)
[M::mem_pestat] analyzing insert size distribution for orientation FF...
[M::mem_pestat] (25, 50, 75) percentile: (20, 41, 59)
[M::mem_pestat] low and high boundaries for computing mean and std.dev: (1, 137)
[M::mem_pestat] mean and std.dev: (36.55, 22.92)
[M::mem_pestat] low and high boundaries for proper pairs: (1, 176)
[M::mem_pestat] analyzing insert size distribution for orientation FR...
[M::mem_pestat] (25, 50, 75) percentile: (57, 76, 93)
[M::mem_pestat] low and high boundaries for computing mean and std.dev: (1, 165)
[M::mem_pestat] mean and std.dev: (75.87, 27.41)
[M::mem_pestat] low and high boundaries for proper pairs: (1, 201)
[M::mem_pestat] analyzing insert size distribution for orientation RF...
[M::mem_pestat] (25, 50, 75) percentile: (24, 52, 273)
[M::mem_pestat] low and high boundaries for computing mean and std.dev: (1, 771)
[M::mem_pestat] mean and std.dev: (91.33, 113.34)
[M::mem_pestat] low and high boundaries for proper pairs: (1, 1020)
[M::mem_pestat] analyzing insert size distribution for orientation RR...
[M::mem_pestat] (25, 50, 75) percentile: (35, 46, 511)
[M::mem_pestat] low and high boundaries for computing mean and std.dev: (1, 1463)
[M::mem_pestat] mean and std.dev: (170.08, 214.62)
[M::mem_pestat] low and high boundaries for proper pairs: (1, 1939)
[M::mem_pestat] skip orientation FF
[M::mem_pestat] skip orientation RF
[M::mem_pestat] skip orientation RR
[M::process] read 2248088 sequences (198118283 bp)...
[M::mem_process_seqs] Processed 4579740 reads in 2641.927 CPU sec, 97.956 real sec
[M::mem_pestat] # candidate unique pairs for (FF, FR, RF, RR): (5, 324589, 10, 4)
[M::mem_pestat] skip orientation FF as there are not enough pairs
[M::mem_pestat] analyzing insert size distribution for orientation FR...
[M::mem_pestat] (25, 50, 75) percentile: (57, 76, 93)
[M::mem_pestat] low and high boundaries for computing mean and std.dev: (1, 165)
[M::mem_pestat] mean and std.dev: (75.84, 27.39)
[M::mem_pestat] low and high boundaries for proper pairs: (1, 201)
[M::mem_pestat] analyzing insert size distribution for orientation RF...
[M::mem_pestat] (25, 50, 75) percentile: (24, 35, 66)
[M::mem_pestat] low and high boundaries for computing mean and std.dev: (1, 150)
[M::mem_pestat] mean and std.dev: (34.62, 14.96)
[M::mem_pestat] low and high boundaries for proper pairs: (1, 192)
[M::mem_pestat] skip orientation RR as there are not enough pairs
[M::mem_pestat] skip orientation RF
[M::mem_process_seqs] Processed 2248088 reads in 746.890 CPU sec, 21.185 real sec
[main] Version: 0.7.17-r1188
[main] CMD: bwa mem -L 30,5 -t 40 -a -M -T 50 -A 1 -B 6 -O 10 -R @RG\tID:Sgr-AJol_073-Ex1-cssl.clmp.fp2_repr\tSM:Sgr-AJol_073-Ex1-cssl.clmp.fp2_repr\tPL:Illumina reference.ssl.Sgr-SgC0072C-contam-R1R2-noIsolate-fromPROBES.fasta Sgr-AJol_073-Ex1-cssl.clmp.fp2_repr.R1.fq.gz Sgr-AJol_073-Ex1-cssl.clmp.fp2_repr.R2.fq.gz
[main] Real time: 139.145 sec; CPU: 3408.475 sec
