[M::bwa_idx_load_from_disk] read 0 ALT contigs
[M::process] read 4667206 sequences (400000201 bp)...
[M::process] read 1467030 sequences (127080439 bp)...
[M::mem_pestat] # candidate unique pairs for (FF, FR, RF, RR): (20, 680874, 22, 13)
[M::mem_pestat] analyzing insert size distribution for orientation FF...
[M::mem_pestat] (25, 50, 75) percentile: (20, 31, 93)
[M::mem_pestat] low and high boundaries for computing mean and std.dev: (1, 239)
[M::mem_pestat] mean and std.dev: (29.81, 23.66)
[M::mem_pestat] low and high boundaries for proper pairs: (1, 312)
[M::mem_pestat] analyzing insert size distribution for orientation FR...
[M::mem_pestat] (25, 50, 75) percentile: (57, 74, 91)
[M::mem_pestat] low and high boundaries for computing mean and std.dev: (1, 159)
[M::mem_pestat] mean and std.dev: (74.61, 26.08)
[M::mem_pestat] low and high boundaries for proper pairs: (1, 193)
[M::mem_pestat] analyzing insert size distribution for orientation RF...
[M::mem_pestat] (25, 50, 75) percentile: (20, 31, 70)
[M::mem_pestat] low and high boundaries for computing mean and std.dev: (1, 170)
[M::mem_pestat] mean and std.dev: (49.38, 44.68)
[M::mem_pestat] low and high boundaries for proper pairs: (1, 228)
[M::mem_pestat] analyzing insert size distribution for orientation RR...
[M::mem_pestat] (25, 50, 75) percentile: (28, 49, 552)
[M::mem_pestat] low and high boundaries for computing mean and std.dev: (1, 1600)
[M::mem_pestat] mean and std.dev: (188.15, 224.40)
[M::mem_pestat] low and high boundaries for proper pairs: (1, 2124)
[M::mem_pestat] skip orientation FF
[M::mem_pestat] skip orientation RF
[M::mem_pestat] skip orientation RR
[M::mem_process_seqs] Processed 4667206 reads in 2501.987 CPU sec, 91.036 real sec
[M::mem_pestat] # candidate unique pairs for (FF, FR, RF, RR): (10, 208449, 6, 5)
[M::mem_pestat] analyzing insert size distribution for orientation FF...
[M::mem_pestat] (25, 50, 75) percentile: (26, 39, 44)
[M::mem_pestat] low and high boundaries for computing mean and std.dev: (1, 80)
[M::mem_pestat] mean and std.dev: (32.44, 17.38)
[M::mem_pestat] low and high boundaries for proper pairs: (1, 102)
[M::mem_pestat] analyzing insert size distribution for orientation FR...
[M::mem_pestat] (25, 50, 75) percentile: (57, 74, 91)
[M::mem_pestat] low and high boundaries for computing mean and std.dev: (1, 159)
[M::mem_pestat] mean and std.dev: (74.54, 26.21)
[M::mem_pestat] low and high boundaries for proper pairs: (1, 193)
[M::mem_pestat] skip orientation RF as there are not enough pairs
[M::mem_pestat] skip orientation RR as there are not enough pairs
[M::mem_pestat] skip orientation FF
[M::mem_process_seqs] Processed 1467030 reads in 479.006 CPU sec, 13.818 real sec
[main] Version: 0.7.17-r1188
[main] CMD: bwa mem -L 30,5 -t 40 -a -M -T 50 -A 1 -B 6 -O 10 -R @RG\tID:Sgr-AJol_006-Ex1-cssl.clmp.fp2_repr\tSM:Sgr-AJol_006-Ex1-cssl.clmp.fp2_repr\tPL:Illumina reference.ssl.Sgr-SgC0072C-contam-R1R2-noIsolate-fromPROBES.fasta Sgr-AJol_006-Ex1-cssl.clmp.fp2_repr.R1.fq.gz Sgr-AJol_006-Ex1-cssl.clmp.fp2_repr.R2.fq.gz
[main] Real time: 124.806 sec; CPU: 3000.590 sec
