[M::bwa_idx_load_from_disk] read 0 ALT contigs
[M::process] read 4769026 sequences (400000021 bp)...
[M::mem_pestat] # candidate unique pairs for (FF, FR, RF, RR): (17, 671536, 21, 11)
[M::mem_pestat] analyzing insert size distribution for orientation FF...
[M::mem_pestat] (25, 50, 75) percentile: (24, 33, 75)
[M::mem_pestat] low and high boundaries for computing mean and std.dev: (1, 177)
[M::mem_pestat] mean and std.dev: (33.47, 21.54)
[M::mem_pestat] low and high boundaries for proper pairs: (1, 228)
[M::mem_pestat] analyzing insert size distribution for orientation FR...
[M::mem_pestat] (25, 50, 75) percentile: (55, 72, 89)
[M::mem_pestat] low and high boundaries for computing mean and std.dev: (1, 157)
[M::mem_pestat] mean and std.dev: (72.69, 25.86)
[M::mem_pestat] low and high boundaries for proper pairs: (1, 191)
[M::mem_pestat] analyzing insert size distribution for orientation RF...
[M::mem_pestat] (25, 50, 75) percentile: (21, 29, 130)
[M::mem_pestat] low and high boundaries for computing mean and std.dev: (1, 348)
[M::mem_pestat] mean and std.dev: (70.20, 75.78)
[M::mem_pestat] low and high boundaries for proper pairs: (1, 457)
[M::mem_pestat] analyzing insert size distribution for orientation RR...
[M::mem_pestat] (25, 50, 75) percentile: (19, 42, 560)
[M::mem_pestat] low and high boundaries for computing mean and std.dev: (1, 1642)
[M::mem_pestat] mean and std.dev: (134.20, 213.33)
[M::mem_pestat] low and high boundaries for proper pairs: (1, 2183)
[M::mem_pestat] skip orientation FF
[M::mem_pestat] skip orientation RF
[M::mem_pestat] skip orientation RR
[M::mem_process_seqs] Processed 4769026 reads in 2577.315 CPU sec, 92.588 real sec
[M::process] read 4762938 sequences (400000078 bp)...
[M::process] read 2130264 sequences (180129531 bp)...
[M::mem_pestat] # candidate unique pairs for (FF, FR, RF, RR): (11, 668388, 15, 13)
[M::mem_pestat] analyzing insert size distribution for orientation FF...
[M::mem_pestat] (25, 50, 75) percentile: (16, 36, 48)
[M::mem_pestat] low and high boundaries for computing mean and std.dev: (1, 112)
[M::mem_pestat] mean and std.dev: (29.60, 16.80)
[M::mem_pestat] low and high boundaries for proper pairs: (1, 144)
[M::mem_pestat] analyzing insert size distribution for orientation FR...
[M::mem_pestat] (25, 50, 75) percentile: (55, 73, 89)
[M::mem_pestat] low and high boundaries for computing mean and std.dev: (1, 157)
[M::mem_pestat] mean and std.dev: (72.75, 25.84)
[M::mem_pestat] low and high boundaries for proper pairs: (1, 191)
[M::mem_pestat] analyzing insert size distribution for orientation RF...
[M::mem_pestat] (25, 50, 75) percentile: (7, 16, 53)
[M::mem_pestat] low and high boundaries for computing mean and std.dev: (1, 145)
[M::mem_pestat] mean and std.dev: (27.50, 25.43)
[M::mem_pestat] low and high boundaries for proper pairs: (1, 191)
[M::mem_pestat] analyzing insert size distribution for orientation RR...
[M::mem_pestat] (25, 50, 75) percentile: (19, 54, 560)
[M::mem_pestat] low and high boundaries for computing mean and std.dev: (1, 1642)
[M::mem_pestat] mean and std.dev: (179.50, 230.41)
[M::mem_pestat] low and high boundaries for proper pairs: (1, 2183)
[M::mem_pestat] skip orientation FF
[M::mem_pestat] skip orientation RF
[M::mem_pestat] skip orientation RR
[M::mem_process_seqs] Processed 4762938 reads in 1377.564 CPU sec, 36.099 real sec
[M::mem_pestat] # candidate unique pairs for (FF, FR, RF, RR): (8, 293374, 10, 5)
[M::mem_pestat] skip orientation FF as there are not enough pairs
[M::mem_pestat] analyzing insert size distribution for orientation FR...
[M::mem_pestat] (25, 50, 75) percentile: (55, 72, 89)
[M::mem_pestat] low and high boundaries for computing mean and std.dev: (1, 157)
[M::mem_pestat] mean and std.dev: (72.68, 25.96)
[M::mem_pestat] low and high boundaries for proper pairs: (1, 191)
[M::mem_pestat] analyzing insert size distribution for orientation RF...
[M::mem_pestat] (25, 50, 75) percentile: (9, 27, 61)
[M::mem_pestat] low and high boundaries for computing mean and std.dev: (1, 165)
[M::mem_pestat] mean and std.dev: (31.22, 29.80)
[M::mem_pestat] low and high boundaries for proper pairs: (1, 217)
[M::mem_pestat] skip orientation RR as there are not enough pairs
[M::mem_pestat] skip orientation RF
[M::mem_process_seqs] Processed 2130264 reads in 635.761 CPU sec, 17.701 real sec
[main] Version: 0.7.17-r1188
[main] CMD: bwa mem -L 30,5 -t 40 -a -M -T 50 -A 1 -B 6 -O 10 -R @RG\tID:Sgr-AJol_037-Ex1-cssl.clmp.fp2_repr\tSM:Sgr-AJol_037-Ex1-cssl.clmp.fp2_repr\tPL:Illumina reference.ssl.Sgr-SgC0072C-contam-R1R2-noIsolate-fromPROBES.fasta Sgr-AJol_037-Ex1-cssl.clmp.fp2_repr.R1.fq.gz Sgr-AJol_037-Ex1-cssl.clmp.fp2_repr.R2.fq.gz
[main] Real time: 171.689 sec; CPU: 4619.793 sec
