[M::bwa_idx_load_from_disk] read 0 ALT contigs
[M::process] read 2295960 sequences (209853356 bp)...
[M::mem_pestat] # candidate unique pairs for (FF, FR, RF, RR): (12, 269117, 11, 16)
[M::mem_pestat] analyzing insert size distribution for orientation FF...
[M::mem_pestat] (25, 50, 75) percentile: (49, 72, 96)
[M::mem_pestat] low and high boundaries for computing mean and std.dev: (1, 190)
[M::mem_pestat] mean and std.dev: (70.83, 37.36)
[M::mem_pestat] low and high boundaries for proper pairs: (1, 237)
[M::mem_pestat] analyzing insert size distribution for orientation FR...
[M::mem_pestat] (25, 50, 75) percentile: (55, 75, 96)
[M::mem_pestat] low and high boundaries for computing mean and std.dev: (1, 178)
[M::mem_pestat] mean and std.dev: (77.09, 30.69)
[M::mem_pestat] low and high boundaries for proper pairs: (1, 219)
[M::mem_pestat] analyzing insert size distribution for orientation RF...
[M::mem_pestat] (25, 50, 75) percentile: (46, 72, 143)
[M::mem_pestat] low and high boundaries for computing mean and std.dev: (1, 337)
[M::mem_pestat] mean and std.dev: (98.18, 77.65)
[M::mem_pestat] low and high boundaries for proper pairs: (1, 434)
[M::mem_pestat] analyzing insert size distribution for orientation RR...
[M::mem_pestat] (25, 50, 75) percentile: (41, 61, 571)
[M::mem_pestat] low and high boundaries for computing mean and std.dev: (1, 1631)
[M::mem_pestat] mean and std.dev: (239.75, 254.06)
[M::mem_pestat] low and high boundaries for proper pairs: (1, 2161)
[M::mem_pestat] skip orientation FF
[M::mem_pestat] skip orientation RF
[M::mem_pestat] skip orientation RR
[M::mem_process_seqs] Processed 2295960 reads in 912.504 CPU sec, 24.811 real sec
[main] Version: 0.7.17-r1188
[main] CMD: bwa mem -L 30,5 -t 40 -a -M -T 50 -A 1 -B 6 -O 10 -R @RG\tID:Sgr-APal_008-Ex1-cssl.clmp.fp2_repr\tSM:Sgr-APal_008-Ex1-cssl.clmp.fp2_repr\tPL:Illumina reference.ssl.Sgr-SgC0072C-contam-R1R2-noIsolate-fromPROBES.fasta Sgr-APal_008-Ex1-cssl.clmp.fp2_repr.R1.fq.gz Sgr-APal_008-Ex1-cssl.clmp.fp2_repr.R2.fq.gz
[main] Real time: 37.099 sec; CPU: 923.202 sec
