[M::bwa_idx_load_from_disk] read 0 ALT contigs
[M::process] read 2182394 sequences (284250687 bp)...
[M::mem_pestat] # candidate unique pairs for (FF, FR, RF, RR): (71, 629821, 347, 73)
[M::mem_pestat] analyzing insert size distribution for orientation FF...
[M::mem_pestat] (25, 50, 75) percentile: (194, 194, 194)
[M::mem_pestat] low and high boundaries for computing mean and std.dev: (194, 194)
[M::mem_pestat] mean and std.dev: (194.00, 0.00)
[M::mem_pestat] low and high boundaries for proper pairs: (194, 194)
[M::mem_pestat] analyzing insert size distribution for orientation FR...
[M::mem_pestat] (25, 50, 75) percentile: (129, 171, 237)
[M::mem_pestat] low and high boundaries for computing mean and std.dev: (1, 453)
[M::mem_pestat] mean and std.dev: (189.28, 83.15)
[M::mem_pestat] low and high boundaries for proper pairs: (1, 561)
[M::mem_pestat] analyzing insert size distribution for orientation RF...
[M::mem_pestat] (25, 50, 75) percentile: (1, 14, 384)
[M::mem_pestat] low and high boundaries for computing mean and std.dev: (1, 1150)
[M::mem_pestat] mean and std.dev: (65.70, 131.06)
[M::mem_pestat] low and high boundaries for proper pairs: (1, 1533)
[M::mem_pestat] analyzing insert size distribution for orientation RR...
[M::mem_pestat] (25, 50, 75) percentile: (2, 94, 96)
[M::mem_pestat] low and high boundaries for computing mean and std.dev: (1, 284)
[M::mem_pestat] mean and std.dev: (72.38, 73.01)
[M::mem_pestat] low and high boundaries for proper pairs: (1, 378)
[M::mem_pestat] skip orientation FF
[M::mem_pestat] skip orientation RF
[M::mem_pestat] skip orientation RR
[M::mem_process_seqs] Processed 2182394 reads in 1003.989 CPU sec, 26.921 real sec
[main] Version: 0.7.17-r1188
[main] CMD: bwa mem -L 30,5 -t 40 -a -M -T 50 -A 1 -B 6 -O 10 -R @RG\tID:Sgr-CMvi_010-Ex1-cssl.clmp.fp2_repr\tSM:Sgr-CMvi_010-Ex1-cssl.clmp.fp2_repr\tPL:Illumina reference.ssl.Sgr-SgC0072C-contam-R1R2-noIsolate-fromPROBES.fasta Sgr-CMvi_010-Ex1-cssl.clmp.fp2_repr.R1.fq.gz Sgr-CMvi_010-Ex1-cssl.clmp.fp2_repr.R2.fq.gz
[main] Real time: 41.010 sec; CPU: 1016.534 sec
