[M::bwa_idx_load_from_disk] read 0 ALT contigs
[M::process] read 4346114 sequences (400000137 bp)...
[M::mem_pestat] # candidate unique pairs for (FF, FR, RF, RR): (19, 587914, 22, 23)
[M::mem_pestat] analyzing insert size distribution for orientation FF...
[M::mem_pestat] (25, 50, 75) percentile: (26, 40, 51)
[M::mem_pestat] low and high boundaries for computing mean and std.dev: (1, 101)
[M::mem_pestat] mean and std.dev: (35.50, 18.03)
[M::mem_pestat] low and high boundaries for proper pairs: (1, 126)
[M::mem_pestat] analyzing insert size distribution for orientation FR...
[M::mem_pestat] (25, 50, 75) percentile: (55, 76, 96)
[M::mem_pestat] low and high boundaries for computing mean and std.dev: (1, 178)
[M::mem_pestat] mean and std.dev: (76.88, 29.94)
[M::mem_pestat] low and high boundaries for proper pairs: (1, 219)
[M::mem_pestat] analyzing insert size distribution for orientation RF...
[M::mem_pestat] (25, 50, 75) percentile: (16, 46, 381)
[M::mem_pestat] low and high boundaries for computing mean and std.dev: (1, 1111)
[M::mem_pestat] mean and std.dev: (103.84, 150.95)
[M::mem_pestat] low and high boundaries for proper pairs: (1, 1476)
[M::mem_pestat] analyzing insert size distribution for orientation RR...
[M::mem_pestat] (25, 50, 75) percentile: (34, 43, 83)
[M::mem_pestat] low and high boundaries for computing mean and std.dev: (1, 181)
[M::mem_pestat] mean and std.dev: (54.00, 30.13)
[M::mem_pestat] low and high boundaries for proper pairs: (1, 230)
[M::mem_pestat] skip orientation FF
[M::mem_pestat] skip orientation RF
[M::mem_pestat] skip orientation RR
[M::mem_process_seqs] Processed 4346114 reads in 3120.085 CPU sec, 109.289 real sec
[M::process] read 4333956 sequences (400000129 bp)...
[M::process] read 4232620 sequences (400000162 bp)...
[M::mem_pestat] # candidate unique pairs for (FF, FR, RF, RR): (17, 580546, 18, 16)
[M::mem_pestat] analyzing insert size distribution for orientation FF...
[M::mem_pestat] (25, 50, 75) percentile: (20, 33, 74)
[M::mem_pestat] low and high boundaries for computing mean and std.dev: (1, 182)
[M::mem_pestat] mean and std.dev: (37.87, 25.03)
[M::mem_pestat] low and high boundaries for proper pairs: (1, 236)
[M::mem_pestat] analyzing insert size distribution for orientation FR...
[M::mem_pestat] (25, 50, 75) percentile: (55, 76, 96)
[M::mem_pestat] low and high boundaries for computing mean and std.dev: (1, 178)
[M::mem_pestat] mean and std.dev: (76.76, 29.88)
[M::mem_pestat] low and high boundaries for proper pairs: (1, 219)
[M::mem_pestat] analyzing insert size distribution for orientation RF...
[M::mem_pestat] (25, 50, 75) percentile: (32, 52, 137)
[M::mem_pestat] low and high boundaries for computing mean and std.dev: (1, 347)
[M::mem_pestat] mean and std.dev: (72.00, 63.33)
[M::mem_pestat] low and high boundaries for proper pairs: (1, 452)
[M::mem_pestat] analyzing insert size distribution for orientation RR...
[M::mem_pestat] (25, 50, 75) percentile: (25, 41, 54)
[M::mem_pestat] low and high boundaries for computing mean and std.dev: (1, 112)
[M::mem_pestat] mean and std.dev: (35.67, 17.58)
[M::mem_pestat] low and high boundaries for proper pairs: (1, 141)
[M::mem_pestat] skip orientation FF
[M::mem_pestat] skip orientation RF
[M::mem_pestat] skip orientation RR
[M::mem_process_seqs] Processed 4333956 reads in 1598.973 CPU sec, 41.944 real sec
[M::mem_pestat] # candidate unique pairs for (FF, FR, RF, RR): (17, 521447, 27, 21)
[M::mem_pestat] analyzing insert size distribution for orientation FF...
[M::mem_pestat] (25, 50, 75) percentile: (33, 64, 92)
[M::mem_pestat] low and high boundaries for computing mean and std.dev: (1, 210)
[M::mem_pestat] mean and std.dev: (56.44, 28.58)
[M::mem_pestat] low and high boundaries for proper pairs: (1, 269)
[M::mem_pestat] analyzing insert size distribution for orientation FR...
[M::mem_pestat] (25, 50, 75) percentile: (55, 75, 96)
[M::mem_pestat] low and high boundaries for computing mean and std.dev: (1, 178)
[M::mem_pestat] mean and std.dev: (76.60, 29.82)
[M::mem_pestat] low and high boundaries for proper pairs: (1, 219)
[M::mem_pestat] analyzing insert size distribution for orientation RF...
[M::mem_pestat] (25, 50, 75) percentile: (31, 71, 383)
[M::mem_pestat] low and high boundaries for computing mean and std.dev: (1, 1087)
[M::mem_pestat] mean and std.dev: (174.87, 180.76)
[M::mem_pestat] low and high boundaries for proper pairs: (1, 1439)
[M::mem_pestat] analyzing insert size distribution for orientation RR...
[M::mem_pestat] (25, 50, 75) percentile: (18, 31, 52)
[M::mem_pestat] low and high boundaries for computing mean and std.dev: (1, 120)
[M::mem_pestat] mean and std.dev: (34.05, 24.89)
[M::mem_pestat] low and high boundaries for proper pairs: (1, 154)
[M::mem_pestat] skip orientation FF
[M::mem_pestat] skip orientation RF
[M::mem_pestat] skip orientation RR
[M::mem_process_seqs] Processed 4232620 reads in 1522.128 CPU sec, 40.672 real sec
[M::process] read 4345284 sequences (400000067 bp)...
[M::process] read 59920 sequences (5607724 bp)...
[M::mem_pestat] # candidate unique pairs for (FF, FR, RF, RR): (13, 590677, 23, 18)
[M::mem_pestat] analyzing insert size distribution for orientation FF...
[M::mem_pestat] (25, 50, 75) percentile: (20, 27, 37)
[M::mem_pestat] low and high boundaries for computing mean and std.dev: (1, 71)
[M::mem_pestat] mean and std.dev: (28.08, 13.48)
[M::mem_pestat] low and high boundaries for proper pairs: (1, 88)
[M::mem_pestat] analyzing insert size distribution for orientation FR...
[M::mem_pestat] (25, 50, 75) percentile: (55, 76, 96)
[M::mem_pestat] low and high boundaries for computing mean and std.dev: (1, 178)
[M::mem_pestat] mean and std.dev: (76.92, 29.92)
[M::mem_pestat] low and high boundaries for proper pairs: (1, 219)
[M::mem_pestat] analyzing insert size distribution for orientation RF...
[M::mem_pestat] (25, 50, 75) percentile: (23, 34, 126)
[M::mem_pestat] low and high boundaries for computing mean and std.dev: (1, 332)
[M::mem_pestat] mean and std.dev: (57.90, 68.33)
[M::mem_pestat] low and high boundaries for proper pairs: (1, 435)
[M::mem_pestat] analyzing insert size distribution for orientation RR...
[M::mem_pestat] (25, 50, 75) percentile: (43, 58, 83)
[M::mem_pestat] low and high boundaries for computing mean and std.dev: (1, 163)
[M::mem_pestat] mean and std.dev: (58.29, 23.43)
[M::mem_pestat] low and high boundaries for proper pairs: (1, 203)
[M::mem_pestat] skip orientation FF
[M::mem_pestat] skip orientation RF
[M::mem_pestat] skip orientation RR
[M::mem_process_seqs] Processed 4345284 reads in 1605.328 CPU sec, 42.485 real sec
[M::mem_pestat] # candidate unique pairs for (FF, FR, RF, RR): (0, 7952, 0, 0)
[M::mem_pestat] skip orientation FF as there are not enough pairs
[M::mem_pestat] analyzing insert size distribution for orientation FR...
[M::mem_pestat] (25, 50, 75) percentile: (55, 75, 95)
[M::mem_pestat] low and high boundaries for computing mean and std.dev: (1, 175)
[M::mem_pestat] mean and std.dev: (76.65, 29.92)
[M::mem_pestat] low and high boundaries for proper pairs: (1, 215)
[M::mem_pestat] skip orientation RF as there are not enough pairs
[M::mem_pestat] skip orientation RR as there are not enough pairs
[M::mem_process_seqs] Processed 59920 reads in 24.512 CPU sec, 0.687 real sec
[main] Version: 0.7.17-r1188
[main] CMD: bwa mem -L 30,5 -t 40 -a -M -T 50 -A 1 -B 6 -O 10 -R @RG\tID:Sgr-APal_038-Ex1-cssl.clmp.fp2_repr\tSM:Sgr-APal_038-Ex1-cssl.clmp.fp2_repr\tPL:Illumina reference.ssl.Sgr-SgC0072C-contam-R1R2-noIsolate-fromPROBES.fasta Sgr-APal_038-Ex1-cssl.clmp.fp2_repr.R1.fq.gz Sgr-APal_038-Ex1-cssl.clmp.fp2_repr.R2.fq.gz
[main] Real time: 260.250 sec; CPU: 7900.480 sec
