[M::bwa_idx_load_from_disk] read 0 ALT contigs
[M::process] read 1184632 sequences (147682615 bp)...
[M::mem_pestat] # candidate unique pairs for (FF, FR, RF, RR): (16, 169258, 34, 123)
[M::mem_pestat] analyzing insert size distribution for orientation FF...
[M::mem_pestat] (25, 50, 75) percentile: (46, 75, 94)
[M::mem_pestat] low and high boundaries for computing mean and std.dev: (1, 190)
[M::mem_pestat] mean and std.dev: (69.75, 37.13)
[M::mem_pestat] low and high boundaries for proper pairs: (1, 238)
[M::mem_pestat] analyzing insert size distribution for orientation FR...
[M::mem_pestat] (25, 50, 75) percentile: (84, 123, 167)
[M::mem_pestat] low and high boundaries for computing mean and std.dev: (1, 333)
[M::mem_pestat] mean and std.dev: (128.74, 62.74)
[M::mem_pestat] low and high boundaries for proper pairs: (1, 416)
[M::mem_pestat] analyzing insert size distribution for orientation RF...
[M::mem_pestat] (25, 50, 75) percentile: (27, 48, 128)
[M::mem_pestat] low and high boundaries for computing mean and std.dev: (1, 330)
[M::mem_pestat] mean and std.dev: (51.44, 36.08)
[M::mem_pestat] low and high boundaries for proper pairs: (1, 431)
[M::mem_pestat] analyzing insert size distribution for orientation RR...
[M::mem_pestat] (25, 50, 75) percentile: (524, 2051, 2051)
[M::mem_pestat] low and high boundaries for computing mean and std.dev: (1, 5105)
[M::mem_pestat] mean and std.dev: (1549.99, 832.38)
[M::mem_pestat] low and high boundaries for proper pairs: (1, 6632)
[M::mem_pestat] skip orientation FF
[M::mem_pestat] skip orientation RF
[M::mem_pestat] skip orientation RR
[M::mem_process_seqs] Processed 1184632 reads in 725.292 CPU sec, 19.560 real sec
[main] Version: 0.7.17-r1188
[main] CMD: bwa mem -L 30,5 -t 40 -a -M -T 50 -A 1 -B 6 -O 10 -R @RG\tID:Sgr-CJol_048-Ex1-cssl.clmp.fp2_repr\tSM:Sgr-CJol_048-Ex1-cssl.clmp.fp2_repr\tPL:Illumina reference.ssl.Sgr-SgC0072C-contam-R1R2-noIsolate-fromPROBES.fasta Sgr-CJol_048-Ex1-cssl.clmp.fp2_repr.R1.fq.gz Sgr-CJol_048-Ex1-cssl.clmp.fp2_repr.R2.fq.gz
[main] Real time: 28.821 sec; CPU: 733.052 sec
