[M::bwa_idx_load_from_disk] read 0 ALT contigs
[M::process] read 1235864 sequences (142352893 bp)...
[M::mem_pestat] # candidate unique pairs for (FF, FR, RF, RR): (20, 185623, 42, 34)
[M::mem_pestat] analyzing insert size distribution for orientation FF...
[M::mem_pestat] (25, 50, 75) percentile: (33, 48, 117)
[M::mem_pestat] low and high boundaries for computing mean and std.dev: (1, 285)
[M::mem_pestat] mean and std.dev: (63.88, 39.90)
[M::mem_pestat] low and high boundaries for proper pairs: (1, 369)
[M::mem_pestat] analyzing insert size distribution for orientation FR...
[M::mem_pestat] (25, 50, 75) percentile: (73, 107, 148)
[M::mem_pestat] low and high boundaries for computing mean and std.dev: (1, 298)
[M::mem_pestat] mean and std.dev: (112.98, 55.25)
[M::mem_pestat] low and high boundaries for proper pairs: (1, 373)
[M::mem_pestat] analyzing insert size distribution for orientation RF...
[M::mem_pestat] (25, 50, 75) percentile: (36, 6278, 6460)
[M::mem_pestat] low and high boundaries for computing mean and std.dev: (1, 19308)
[M::mem_pestat] mean and std.dev: (3446.86, 3144.94)
[M::mem_pestat] low and high boundaries for proper pairs: (1, 25732)
[M::mem_pestat] analyzing insert size distribution for orientation RR...
[M::mem_pestat] (25, 50, 75) percentile: (37, 436, 559)
[M::mem_pestat] low and high boundaries for computing mean and std.dev: (1, 1603)
[M::mem_pestat] mean and std.dev: (276.09, 238.37)
[M::mem_pestat] low and high boundaries for proper pairs: (1, 2125)
[M::mem_pestat] skip orientation FF
[M::mem_pestat] skip orientation RF
[M::mem_pestat] skip orientation RR
[M::mem_process_seqs] Processed 1235864 reads in 735.546 CPU sec, 20.259 real sec
[main] Version: 0.7.17-r1188
[main] CMD: bwa mem -L 30,5 -t 40 -a -M -T 50 -A 1 -B 6 -O 10 -R @RG\tID:Sgr-CJol_032-Ex1-cssl.clmp.fp2_repr\tSM:Sgr-CJol_032-Ex1-cssl.clmp.fp2_repr\tPL:Illumina reference.ssl.Sgr-SgC0072C-contam-R1R2-noIsolate-fromPROBES.fasta Sgr-CJol_032-Ex1-cssl.clmp.fp2_repr.R1.fq.gz Sgr-CJol_032-Ex1-cssl.clmp.fp2_repr.R2.fq.gz
[main] Real time: 29.562 sec; CPU: 743.334 sec
