[M::bwa_idx_load_from_disk] read 0 ALT contigs
[M::process] read 1798582 sequences (215256821 bp)...
[M::mem_pestat] # candidate unique pairs for (FF, FR, RF, RR): (12, 262539, 70, 22)
[M::mem_pestat] analyzing insert size distribution for orientation FF...
[M::mem_pestat] (25, 50, 75) percentile: (146, 230, 519)
[M::mem_pestat] low and high boundaries for computing mean and std.dev: (1, 1265)
[M::mem_pestat] mean and std.dev: (253.08, 170.36)
[M::mem_pestat] low and high boundaries for proper pairs: (1, 1638)
[M::mem_pestat] analyzing insert size distribution for orientation FR...
[M::mem_pestat] (25, 50, 75) percentile: (78, 113, 155)
[M::mem_pestat] low and high boundaries for computing mean and std.dev: (1, 309)
[M::mem_pestat] mean and std.dev: (119.08, 58.39)
[M::mem_pestat] low and high boundaries for proper pairs: (1, 386)
[M::mem_pestat] analyzing insert size distribution for orientation RF...
[M::mem_pestat] (25, 50, 75) percentile: (47, 371, 4120)
[M::mem_pestat] low and high boundaries for computing mean and std.dev: (1, 12266)
[M::mem_pestat] mean and std.dev: (1828.36, 2344.34)
[M::mem_pestat] low and high boundaries for proper pairs: (1, 16339)
[M::mem_pestat] analyzing insert size distribution for orientation RR...
[M::mem_pestat] (25, 50, 75) percentile: (9, 33, 55)
[M::mem_pestat] low and high boundaries for computing mean and std.dev: (1, 147)
[M::mem_pestat] mean and std.dev: (30.76, 24.22)
[M::mem_pestat] low and high boundaries for proper pairs: (1, 193)
[M::mem_pestat] skip orientation FF
[M::mem_pestat] skip orientation RF
[M::mem_pestat] skip orientation RR
[M::mem_process_seqs] Processed 1798582 reads in 1037.325 CPU sec, 27.963 real sec
[main] Version: 0.7.17-r1188
[main] CMD: bwa mem -L 30,5 -t 40 -a -M -T 50 -A 1 -B 6 -O 10 -R @RG\tID:Sgr-CJol_037-Ex1-cssl.clmp.fp2_repr\tSM:Sgr-CJol_037-Ex1-cssl.clmp.fp2_repr\tPL:Illumina reference.ssl.Sgr-SgC0072C-contam-R1R2-noIsolate-fromPROBES.fasta Sgr-CJol_037-Ex1-cssl.clmp.fp2_repr.R1.fq.gz Sgr-CJol_037-Ex1-cssl.clmp.fp2_repr.R2.fq.gz
[main] Real time: 40.148 sec; CPU: 1047.904 sec
