[M::bwa_idx_load_from_disk] read 0 ALT contigs
[M::process] read 2815600 sequences (218871311 bp)...
[M::mem_pestat] # candidate unique pairs for (FF, FR, RF, RR): (6, 403514, 6, 19)
[M::mem_pestat] skip orientation FF as there are not enough pairs
[M::mem_pestat] analyzing insert size distribution for orientation FR...
[M::mem_pestat] (25, 50, 75) percentile: (53, 69, 83)
[M::mem_pestat] low and high boundaries for computing mean and std.dev: (1, 143)
[M::mem_pestat] mean and std.dev: (68.69, 22.39)
[M::mem_pestat] low and high boundaries for proper pairs: (1, 173)
[M::mem_pestat] skip orientation RF as there are not enough pairs
[M::mem_pestat] analyzing insert size distribution for orientation RR...
[M::mem_pestat] (25, 50, 75) percentile: (29, 32, 63)
[M::mem_pestat] low and high boundaries for computing mean and std.dev: (1, 131)
[M::mem_pestat] mean and std.dev: (33.94, 15.60)
[M::mem_pestat] low and high boundaries for proper pairs: (1, 165)
[M::mem_pestat] skip orientation RR
[M::mem_process_seqs] Processed 2815600 reads in 800.945 CPU sec, 21.632 real sec
[main] Version: 0.7.17-r1188
[main] CMD: bwa mem -L 30,5 -t 40 -a -M -T 50 -A 1 -B 6 -O 10 -R @RG\tID:Sgr-AMvi_074-Ex1-cssl.clmp.fp2_repr\tSM:Sgr-AMvi_074-Ex1-cssl.clmp.fp2_repr\tPL:Illumina reference.ssl.Sgr-SgC0072C-contam-R1R2-noIsolate-fromPROBES.fasta Sgr-AMvi_074-Ex1-cssl.clmp.fp2_repr.R1.fq.gz Sgr-AMvi_074-Ex1-cssl.clmp.fp2_repr.R2.fq.gz
[main] Real time: 35.636 sec; CPU: 813.350 sec
