[M::bwa_idx_load_from_disk] read 0 ALT contigs
[M::process] read 1222352 sequences (159462631 bp)...
[M::mem_pestat] # candidate unique pairs for (FF, FR, RF, RR): (67, 174910, 43, 6)
[M::mem_pestat] analyzing insert size distribution for orientation FF...
[M::mem_pestat] (25, 50, 75) percentile: (72, 408, 475)
[M::mem_pestat] low and high boundaries for computing mean and std.dev: (1, 1281)
[M::mem_pestat] mean and std.dev: (264.27, 191.30)
[M::mem_pestat] low and high boundaries for proper pairs: (1, 1684)
[M::mem_pestat] analyzing insert size distribution for orientation FR...
[M::mem_pestat] (25, 50, 75) percentile: (93, 134, 175)
[M::mem_pestat] low and high boundaries for computing mean and std.dev: (1, 339)
[M::mem_pestat] mean and std.dev: (135.99, 63.49)
[M::mem_pestat] low and high boundaries for proper pairs: (1, 421)
[M::mem_pestat] analyzing insert size distribution for orientation RF...
[M::mem_pestat] (25, 50, 75) percentile: (20, 67, 144)
[M::mem_pestat] low and high boundaries for computing mean and std.dev: (1, 392)
[M::mem_pestat] mean and std.dev: (67.28, 54.30)
[M::mem_pestat] low and high boundaries for proper pairs: (1, 516)
[M::mem_pestat] skip orientation RR as there are not enough pairs
[M::mem_pestat] skip orientation FF
[M::mem_pestat] skip orientation RF
[M::mem_process_seqs] Processed 1222352 reads in 875.868 CPU sec, 24.054 real sec
[main] Version: 0.7.17-r1188
[main] CMD: bwa mem -L 30,5 -t 40 -a -M -T 50 -A 1 -B 6 -O 10 -R @RG\tID:Sgr-CJol_051-Ex1-cssl.clmp.fp2_repr\tSM:Sgr-CJol_051-Ex1-cssl.clmp.fp2_repr\tPL:Illumina reference.ssl.Sgr-SgC0072C-contam-R1R2-noIsolate-fromPROBES.fasta Sgr-CJol_051-Ex1-cssl.clmp.fp2_repr.R1.fq.gz Sgr-CJol_051-Ex1-cssl.clmp.fp2_repr.R2.fq.gz
[main] Real time: 33.851 sec; CPU: 884.176 sec
