[M::bwa_idx_load_from_disk] read 0 ALT contigs
[M::process] read 4448644 sequences (400000082 bp)...
[M::mem_pestat] # candidate unique pairs for (FF, FR, RF, RR): (89, 1329922, 11, 102)
[M::mem_pestat] analyzing insert size distribution for orientation FF...
[M::mem_pestat] (25, 50, 75) percentile: (30, 37, 53)
[M::mem_pestat] low and high boundaries for computing mean and std.dev: (1, 99)
[M::mem_pestat] mean and std.dev: (42.38, 20.03)
[M::mem_pestat] low and high boundaries for proper pairs: (1, 123)
[M::mem_pestat] analyzing insert size distribution for orientation FR...
[M::mem_pestat] (25, 50, 75) percentile: (70, 84, 101)
[M::mem_pestat] low and high boundaries for computing mean and std.dev: (8, 163)
[M::mem_pestat] mean and std.dev: (86.05, 24.39)
[M::mem_pestat] low and high boundaries for proper pairs: (1, 194)
[M::mem_pestat] analyzing insert size distribution for orientation RF...
[M::mem_pestat] (25, 50, 75) percentile: (21, 62, 235)
[M::mem_pestat] low and high boundaries for computing mean and std.dev: (1, 663)
[M::mem_pestat] mean and std.dev: (64.11, 66.46)
[M::mem_pestat] low and high boundaries for proper pairs: (1, 877)
[M::mem_pestat] analyzing insert size distribution for orientation RR...
[M::mem_pestat] (25, 50, 75) percentile: (34, 45, 68)
[M::mem_pestat] low and high boundaries for computing mean and std.dev: (1, 136)
[M::mem_pestat] mean and std.dev: (50.98, 25.58)
[M::mem_pestat] low and high boundaries for proper pairs: (1, 170)
[M::mem_pestat] skip orientation FF
[M::mem_pestat] skip orientation RF
[M::mem_pestat] skip orientation RR
[M::mem_process_seqs] Processed 4448644 reads in 2449.756 CPU sec, 86.563 real sec
[M::process] read 4450316 sequences (400000166 bp)...
[M::process] read 2037000 sequences (184402771 bp)...
[M::mem_pestat] # candidate unique pairs for (FF, FR, RF, RR): (95, 1333674, 25, 101)
[M::mem_pestat] analyzing insert size distribution for orientation FF...
[M::mem_pestat] (25, 50, 75) percentile: (27, 38, 50)
[M::mem_pestat] low and high boundaries for computing mean and std.dev: (1, 96)
[M::mem_pestat] mean and std.dev: (37.04, 16.94)
[M::mem_pestat] low and high boundaries for proper pairs: (1, 119)
[M::mem_pestat] analyzing insert size distribution for orientation FR...
[M::mem_pestat] (25, 50, 75) percentile: (70, 84, 101)
[M::mem_pestat] low and high boundaries for computing mean and std.dev: (8, 163)
[M::mem_pestat] mean and std.dev: (86.07, 24.38)
[M::mem_pestat] low and high boundaries for proper pairs: (1, 194)
[M::mem_pestat] analyzing insert size distribution for orientation RF...
[M::mem_pestat] (25, 50, 75) percentile: (14, 42, 295)
[M::mem_pestat] low and high boundaries for computing mean and std.dev: (1, 857)
[M::mem_pestat] mean and std.dev: (108.41, 172.88)
[M::mem_pestat] low and high boundaries for proper pairs: (1, 1138)
[M::mem_pestat] analyzing insert size distribution for orientation RR...
[M::mem_pestat] (25, 50, 75) percentile: (33, 47, 77)
[M::mem_pestat] low and high boundaries for computing mean and std.dev: (1, 165)
[M::mem_pestat] mean and std.dev: (52.43, 26.47)
[M::mem_pestat] low and high boundaries for proper pairs: (1, 209)
[M::mem_pestat] skip orientation FF
[M::mem_pestat] skip orientation RF
[M::mem_pestat] skip orientation RR
[M::mem_process_seqs] Processed 4450316 reads in 1328.178 CPU sec, 35.241 real sec
[M::mem_pestat] # candidate unique pairs for (FF, FR, RF, RR): (34, 595390, 7, 52)
[M::mem_pestat] analyzing insert size distribution for orientation FF...
[M::mem_pestat] (25, 50, 75) percentile: (24, 40, 52)
[M::mem_pestat] low and high boundaries for computing mean and std.dev: (1, 108)
[M::mem_pestat] mean and std.dev: (41.27, 20.53)
[M::mem_pestat] low and high boundaries for proper pairs: (1, 136)
[M::mem_pestat] analyzing insert size distribution for orientation FR...
[M::mem_pestat] (25, 50, 75) percentile: (70, 84, 101)
[M::mem_pestat] low and high boundaries for computing mean and std.dev: (8, 163)
[M::mem_pestat] mean and std.dev: (86.08, 24.43)
[M::mem_pestat] low and high boundaries for proper pairs: (1, 194)
[M::mem_pestat] skip orientation RF as there are not enough pairs
[M::mem_pestat] analyzing insert size distribution for orientation RR...
[M::mem_pestat] (25, 50, 75) percentile: (29, 54, 95)
[M::mem_pestat] low and high boundaries for computing mean and std.dev: (1, 227)
[M::mem_pestat] mean and std.dev: (55.31, 30.85)
[M::mem_pestat] low and high boundaries for proper pairs: (1, 293)
[M::mem_pestat] skip orientation FF
[M::mem_pestat] skip orientation RR
[M::mem_process_seqs] Processed 2037000 reads in 629.143 CPU sec, 18.023 real sec
[main] Version: 0.7.17-r1188
[main] CMD: bwa mem -L 30,5 -t 40 -a -M -T 50 -A 1 -B 6 -O 10 -R @RG\tID:Sgr-AJol_050-Ex1-cssl.clmp.fp2_repr\tSM:Sgr-AJol_050-Ex1-cssl.clmp.fp2_repr\tPL:Illumina reference.ssl.Sgr-SgC0072C-contam-R1R2-noIsolate-fromPROBES.fasta Sgr-AJol_050-Ex1-cssl.clmp.fp2_repr.R1.fq.gz Sgr-AJol_050-Ex1-cssl.clmp.fp2_repr.R2.fq.gz
[main] Real time: 164.224 sec; CPU: 4436.040 sec
