[M::bwa_idx_load_from_disk] read 0 ALT contigs
[M::process] read 1162684 sequences (151163818 bp)...
[M::mem_pestat] # candidate unique pairs for (FF, FR, RF, RR): (71, 338117, 124, 40)
[M::mem_pestat] analyzing insert size distribution for orientation FF...
[M::mem_pestat] (25, 50, 75) percentile: (262, 2679, 2679)
[M::mem_pestat] low and high boundaries for computing mean and std.dev: (1, 7513)
[M::mem_pestat] mean and std.dev: (1749.49, 1223.42)
[M::mem_pestat] low and high boundaries for proper pairs: (1, 9930)
[M::mem_pestat] analyzing insert size distribution for orientation FR...
[M::mem_pestat] (25, 50, 75) percentile: (124, 165, 234)
[M::mem_pestat] low and high boundaries for computing mean and std.dev: (1, 454)
[M::mem_pestat] mean and std.dev: (185.31, 83.92)
[M::mem_pestat] low and high boundaries for proper pairs: (1, 564)
[M::mem_pestat] analyzing insert size distribution for orientation RF...
[M::mem_pestat] (25, 50, 75) percentile: (3, 13, 39)
[M::mem_pestat] low and high boundaries for computing mean and std.dev: (1, 111)
[M::mem_pestat] mean and std.dev: (14.22, 15.73)
[M::mem_pestat] low and high boundaries for proper pairs: (1, 147)
[M::mem_pestat] analyzing insert size distribution for orientation RR...
[M::mem_pestat] (25, 50, 75) percentile: (153, 233, 234)
[M::mem_pestat] low and high boundaries for computing mean and std.dev: (1, 396)
[M::mem_pestat] mean and std.dev: (200.65, 96.25)
[M::mem_pestat] low and high boundaries for proper pairs: (1, 586)
[M::mem_pestat] skip orientation FF
[M::mem_pestat] skip orientation RF
[M::mem_pestat] skip orientation RR
[M::mem_process_seqs] Processed 1162684 reads in 569.399 CPU sec, 15.332 real sec
[main] Version: 0.7.17-r1188
[main] CMD: bwa mem -L 30,5 -t 40 -a -M -T 50 -A 1 -B 6 -O 10 -R @RG\tID:Sgr-CMvi_025-Ex1-cssl.clmp.fp2_repr\tSM:Sgr-CMvi_025-Ex1-cssl.clmp.fp2_repr\tPL:Illumina reference.ssl.Sgr-SgC0072C-contam-R1R2-noIsolate-fromPROBES.fasta Sgr-CMvi_025-Ex1-cssl.clmp.fp2_repr.R1.fq.gz Sgr-CMvi_025-Ex1-cssl.clmp.fp2_repr.R2.fq.gz
[main] Real time: 24.504 sec; CPU: 577.027 sec
