[M::bwa_idx_load_from_disk] read 0 ALT contigs
[M::process] read 1325998 sequences (167896516 bp)...
[M::mem_pestat] # candidate unique pairs for (FF, FR, RF, RR): (32, 182463, 280, 29)
[M::mem_pestat] analyzing insert size distribution for orientation FF...
[M::mem_pestat] (25, 50, 75) percentile: (84, 479, 513)
[M::mem_pestat] low and high boundaries for computing mean and std.dev: (1, 1371)
[M::mem_pestat] mean and std.dev: (297.87, 211.56)
[M::mem_pestat] low and high boundaries for proper pairs: (1, 1800)
[M::mem_pestat] analyzing insert size distribution for orientation FR...
[M::mem_pestat] (25, 50, 75) percentile: (90, 139, 206)
[M::mem_pestat] low and high boundaries for computing mean and std.dev: (1, 438)
[M::mem_pestat] mean and std.dev: (156.17, 90.16)
[M::mem_pestat] low and high boundaries for proper pairs: (1, 554)
[M::mem_pestat] analyzing insert size distribution for orientation RF...
[M::mem_pestat] (25, 50, 75) percentile: (107, 3880, 3880)
[M::mem_pestat] low and high boundaries for computing mean and std.dev: (1, 11426)
[M::mem_pestat] mean and std.dev: (2673.94, 2405.86)
[M::mem_pestat] low and high boundaries for proper pairs: (1, 15199)
[M::mem_pestat] analyzing insert size distribution for orientation RR...
[M::mem_pestat] (25, 50, 75) percentile: (19, 19, 169)
[M::mem_pestat] low and high boundaries for computing mean and std.dev: (1, 469)
[M::mem_pestat] mean and std.dev: (80.10, 94.74)
[M::mem_pestat] low and high boundaries for proper pairs: (1, 619)
[M::mem_pestat] skip orientation FF
[M::mem_pestat] skip orientation RF
[M::mem_pestat] skip orientation RR
[M::mem_process_seqs] Processed 1325998 reads in 807.224 CPU sec, 21.483 real sec
[main] Version: 0.7.17-r1188
[main] CMD: bwa mem -L 30,5 -t 40 -a -M -T 50 -A 1 -B 6 -O 10 -R @RG\tID:Sgr-CMas_069-Ex1-cssl.clmp.fp2_repr\tSM:Sgr-CMas_069-Ex1-cssl.clmp.fp2_repr\tPL:Illumina reference.ssl.Sgr-SgC0072C-contam-R1R2-noIsolate-fromPROBES.fasta Sgr-CMas_069-Ex1-cssl.clmp.fp2_repr.R1.fq.gz Sgr-CMas_069-Ex1-cssl.clmp.fp2_repr.R2.fq.gz
[main] Real time: 31.489 sec; CPU: 815.713 sec
