[M::bwa_idx_load_from_disk] read 0 ALT contigs
[M::process] read 4368438 sequences (400000109 bp)...
[M::mem_pestat] # candidate unique pairs for (FF, FR, RF, RR): (38, 454271, 23, 40)
[M::mem_pestat] analyzing insert size distribution for orientation FF...
[M::mem_pestat] (25, 50, 75) percentile: (24, 40, 94)
[M::mem_pestat] low and high boundaries for computing mean and std.dev: (1, 234)
[M::mem_pestat] mean and std.dev: (57.06, 40.38)
[M::mem_pestat] low and high boundaries for proper pairs: (1, 304)
[M::mem_pestat] analyzing insert size distribution for orientation FR...
[M::mem_pestat] (25, 50, 75) percentile: (54, 74, 94)
[M::mem_pestat] low and high boundaries for computing mean and std.dev: (1, 174)
[M::mem_pestat] mean and std.dev: (75.65, 29.97)
[M::mem_pestat] low and high boundaries for proper pairs: (1, 214)
[M::mem_pestat] analyzing insert size distribution for orientation RF...
[M::mem_pestat] (25, 50, 75) percentile: (31, 62, 347)
[M::mem_pestat] low and high boundaries for computing mean and std.dev: (1, 979)
[M::mem_pestat] mean and std.dev: (92.05, 105.43)
[M::mem_pestat] low and high boundaries for proper pairs: (1, 1295)
[M::mem_pestat] analyzing insert size distribution for orientation RR...
[M::mem_pestat] (25, 50, 75) percentile: (27, 38, 70)
[M::mem_pestat] low and high boundaries for computing mean and std.dev: (1, 156)
[M::mem_pestat] mean and std.dev: (45.45, 29.02)
[M::mem_pestat] low and high boundaries for proper pairs: (1, 199)
[M::mem_pestat] skip orientation FF
[M::mem_pestat] skip orientation RF
[M::mem_pestat] skip orientation RR
[M::mem_process_seqs] Processed 4368438 reads in 3589.220 CPU sec, 129.720 real sec
[M::process] read 3987798 sequences (400000008 bp)...
[M::process] read 1053076 sequences (95655474 bp)...
[M::mem_pestat] # candidate unique pairs for (FF, FR, RF, RR): (21, 299643, 18, 28)
[M::mem_pestat] analyzing insert size distribution for orientation FF...
[M::mem_pestat] (25, 50, 75) percentile: (29, 46, 95)
[M::mem_pestat] low and high boundaries for computing mean and std.dev: (1, 227)
[M::mem_pestat] mean and std.dev: (51.75, 30.83)
[M::mem_pestat] low and high boundaries for proper pairs: (1, 293)
[M::mem_pestat] analyzing insert size distribution for orientation FR...
[M::mem_pestat] (25, 50, 75) percentile: (52, 73, 94)
[M::mem_pestat] low and high boundaries for computing mean and std.dev: (1, 178)
[M::mem_pestat] mean and std.dev: (74.99, 30.26)
[M::mem_pestat] low and high boundaries for proper pairs: (1, 220)
[M::mem_pestat] analyzing insert size distribution for orientation RF...
[M::mem_pestat] (25, 50, 75) percentile: (33, 106, 348)
[M::mem_pestat] low and high boundaries for computing mean and std.dev: (1, 978)
[M::mem_pestat] mean and std.dev: (131.94, 142.07)
[M::mem_pestat] low and high boundaries for proper pairs: (1, 1293)
[M::mem_pestat] analyzing insert size distribution for orientation RR...
[M::mem_pestat] (25, 50, 75) percentile: (23, 49, 94)
[M::mem_pestat] low and high boundaries for computing mean and std.dev: (1, 236)
[M::mem_pestat] mean and std.dev: (55.85, 46.08)
[M::mem_pestat] low and high boundaries for proper pairs: (1, 307)
[M::mem_pestat] skip orientation FF
[M::mem_pestat] skip orientation RF
[M::mem_pestat] skip orientation RR
[M::mem_process_seqs] Processed 3987798 reads in 1377.157 CPU sec, 36.281 real sec
[M::mem_pestat] # candidate unique pairs for (FF, FR, RF, RR): (6, 114092, 9, 12)
[M::mem_pestat] skip orientation FF as there are not enough pairs
[M::mem_pestat] analyzing insert size distribution for orientation FR...
[M::mem_pestat] (25, 50, 75) percentile: (54, 74, 94)
[M::mem_pestat] low and high boundaries for computing mean and std.dev: (1, 174)
[M::mem_pestat] mean and std.dev: (75.61, 29.77)
[M::mem_pestat] low and high boundaries for proper pairs: (1, 214)
[M::mem_pestat] skip orientation RF as there are not enough pairs
[M::mem_pestat] analyzing insert size distribution for orientation RR...
[M::mem_pestat] (25, 50, 75) percentile: (28, 1361, 1361)
[M::mem_pestat] low and high boundaries for computing mean and std.dev: (1, 4027)
[M::mem_pestat] mean and std.dev: (694.00, 667.10)
[M::mem_pestat] low and high boundaries for proper pairs: (1, 5360)
[M::mem_pestat] skip orientation RR
[M::mem_process_seqs] Processed 1053076 reads in 456.903 CPU sec, 13.005 real sec
[main] Version: 0.7.17-r1188
[main] CMD: bwa mem -L 30,5 -t 40 -a -M -T 50 -A 1 -B 6 -O 10 -R @RG\tID:Sgr-APal_047-Ex1-cssl.clmp.fp2_repr\tSM:Sgr-APal_047-Ex1-cssl.clmp.fp2_repr\tPL:Illumina reference.ssl.Sgr-SgC0072C-contam-R1R2-noIsolate-fromPROBES.fasta Sgr-APal_047-Ex1-cssl.clmp.fp2_repr.R1.fq.gz Sgr-APal_047-Ex1-cssl.clmp.fp2_repr.R2.fq.gz
[main] Real time: 199.711 sec; CPU: 5444.829 sec
