[M::bwa_idx_load_from_disk] read 0 ALT contigs
[M::process] read 4486910 sequences (400000080 bp)...
[M::mem_pestat] # candidate unique pairs for (FF, FR, RF, RR): (27, 643736, 17, 35)
[M::mem_pestat] analyzing insert size distribution for orientation FF...
[M::mem_pestat] (25, 50, 75) percentile: (30, 37, 65)
[M::mem_pestat] low and high boundaries for computing mean and std.dev: (1, 135)
[M::mem_pestat] mean and std.dev: (40.42, 23.81)
[M::mem_pestat] low and high boundaries for proper pairs: (1, 170)
[M::mem_pestat] analyzing insert size distribution for orientation FR...
[M::mem_pestat] (25, 50, 75) percentile: (57, 76, 95)
[M::mem_pestat] low and high boundaries for computing mean and std.dev: (1, 171)
[M::mem_pestat] mean and std.dev: (77.11, 28.64)
[M::mem_pestat] low and high boundaries for proper pairs: (1, 209)
[M::mem_pestat] analyzing insert size distribution for orientation RF...
[M::mem_pestat] (25, 50, 75) percentile: (20, 29, 67)
[M::mem_pestat] low and high boundaries for computing mean and std.dev: (1, 161)
[M::mem_pestat] mean and std.dev: (28.43, 13.90)
[M::mem_pestat] low and high boundaries for proper pairs: (1, 208)
[M::mem_pestat] analyzing insert size distribution for orientation RR...
[M::mem_pestat] (25, 50, 75) percentile: (27, 32, 135)
[M::mem_pestat] low and high boundaries for computing mean and std.dev: (1, 351)
[M::mem_pestat] mean and std.dev: (39.07, 30.27)
[M::mem_pestat] low and high boundaries for proper pairs: (1, 459)
[M::mem_pestat] skip orientation FF
[M::mem_pestat] skip orientation RF
[M::mem_pestat] skip orientation RR
[M::mem_process_seqs] Processed 4486910 reads in 2858.226 CPU sec, 105.855 real sec
[M::process] read 4404062 sequences (400000104 bp)...
[M::process] read 934808 sequences (83585202 bp)...
[M::mem_pestat] # candidate unique pairs for (FF, FR, RF, RR): (30, 598962, 16, 22)
[M::mem_pestat] analyzing insert size distribution for orientation FF...
[M::mem_pestat] (25, 50, 75) percentile: (28, 49, 80)
[M::mem_pestat] low and high boundaries for computing mean and std.dev: (1, 184)
[M::mem_pestat] mean and std.dev: (42.40, 23.48)
[M::mem_pestat] low and high boundaries for proper pairs: (1, 236)
[M::mem_pestat] analyzing insert size distribution for orientation FR...
[M::mem_pestat] (25, 50, 75) percentile: (57, 76, 95)
[M::mem_pestat] low and high boundaries for computing mean and std.dev: (1, 171)
[M::mem_pestat] mean and std.dev: (77.15, 28.80)
[M::mem_pestat] low and high boundaries for proper pairs: (1, 209)
[M::mem_pestat] analyzing insert size distribution for orientation RF...
[M::mem_pestat] (25, 50, 75) percentile: (17, 32, 36)
[M::mem_pestat] low and high boundaries for computing mean and std.dev: (1, 74)
[M::mem_pestat] mean and std.dev: (25.00, 10.30)
[M::mem_pestat] low and high boundaries for proper pairs: (1, 93)
[M::mem_pestat] analyzing insert size distribution for orientation RR...
[M::mem_pestat] (25, 50, 75) percentile: (24, 49, 121)
[M::mem_pestat] low and high boundaries for computing mean and std.dev: (1, 315)
[M::mem_pestat] mean and std.dev: (51.83, 52.20)
[M::mem_pestat] low and high boundaries for proper pairs: (1, 412)
[M::mem_pestat] skip orientation FF
[M::mem_pestat] skip orientation RF
[M::mem_pestat] skip orientation RR
[M::mem_process_seqs] Processed 4404062 reads in 1434.615 CPU sec, 37.861 real sec
[M::mem_pestat] # candidate unique pairs for (FF, FR, RF, RR): (9, 134610, 3, 4)
[M::mem_pestat] skip orientation FF as there are not enough pairs
[M::mem_pestat] analyzing insert size distribution for orientation FR...
[M::mem_pestat] (25, 50, 75) percentile: (57, 77, 96)
[M::mem_pestat] low and high boundaries for computing mean and std.dev: (1, 174)
[M::mem_pestat] mean and std.dev: (77.31, 28.83)
[M::mem_pestat] low and high boundaries for proper pairs: (1, 213)
[M::mem_pestat] skip orientation RF as there are not enough pairs
[M::mem_pestat] skip orientation RR as there are not enough pairs
[M::mem_process_seqs] Processed 934808 reads in 330.723 CPU sec, 9.724 real sec
[main] Version: 0.7.17-r1188
[main] CMD: bwa mem -L 30,5 -t 40 -a -M -T 50 -A 1 -B 6 -O 10 -R @RG\tID:Sgr-AJol_044-Ex1-cssl.clmp.fp2_repr\tSM:Sgr-AJol_044-Ex1-cssl.clmp.fp2_repr\tPL:Illumina reference.ssl.Sgr-SgC0072C-contam-R1R2-noIsolate-fromPROBES.fasta Sgr-AJol_044-Ex1-cssl.clmp.fp2_repr.R1.fq.gz Sgr-AJol_044-Ex1-cssl.clmp.fp2_repr.R2.fq.gz
[main] Real time: 178.327 sec; CPU: 4651.611 sec
