[M::bwa_idx_load_from_disk] read 0 ALT contigs
[M::process] read 3160928 sequences (400000075 bp)...
[M::process] read 76256 sequences (9662049 bp)...
[M::mem_pestat] # candidate unique pairs for (FF, FR, RF, RR): (97, 453741, 322, 224)
[M::mem_pestat] analyzing insert size distribution for orientation FF...
[M::mem_pestat] (25, 50, 75) percentile: (315, 547, 558)
[M::mem_pestat] low and high boundaries for computing mean and std.dev: (1, 1044)
[M::mem_pestat] mean and std.dev: (374.91, 209.88)
[M::mem_pestat] low and high boundaries for proper pairs: (1, 1287)
[M::mem_pestat] analyzing insert size distribution for orientation FR...
[M::mem_pestat] (25, 50, 75) percentile: (89, 137, 201)
[M::mem_pestat] low and high boundaries for computing mean and std.dev: (1, 425)
[M::mem_pestat] mean and std.dev: (151.31, 85.75)
[M::mem_pestat] low and high boundaries for proper pairs: (1, 537)
[M::mem_pestat] analyzing insert size distribution for orientation RF...
[M::mem_pestat] (25, 50, 75) percentile: (80, 1059, 4009)
[M::mem_pestat] low and high boundaries for computing mean and std.dev: (1, 11867)
[M::mem_pestat] mean and std.dev: (1812.85, 2383.84)
[M::mem_pestat] low and high boundaries for proper pairs: (1, 15796)
[M::mem_pestat] analyzing insert size distribution for orientation RR...
[M::mem_pestat] (25, 50, 75) percentile: (126, 455, 551)
[M::mem_pestat] low and high boundaries for computing mean and std.dev: (1, 1401)
[M::mem_pestat] mean and std.dev: (338.79, 213.16)
[M::mem_pestat] low and high boundaries for proper pairs: (1, 1826)
[M::mem_pestat] skip orientation FF
[M::mem_pestat] skip orientation RF
[M::mem_pestat] skip orientation RR
[M::mem_process_seqs] Processed 3160928 reads in 1864.215 CPU sec, 48.874 real sec
[M::mem_pestat] # candidate unique pairs for (FF, FR, RF, RR): (0, 11188, 6, 0)
[M::mem_pestat] skip orientation FF as there are not enough pairs
[M::mem_pestat] analyzing insert size distribution for orientation FR...
[M::mem_pestat] (25, 50, 75) percentile: (89, 140, 203)
[M::mem_pestat] low and high boundaries for computing mean and std.dev: (1, 431)
[M::mem_pestat] mean and std.dev: (153.36, 85.06)
[M::mem_pestat] low and high boundaries for proper pairs: (1, 545)
[M::mem_pestat] skip orientation RF as there are not enough pairs
[M::mem_pestat] skip orientation RR as there are not enough pairs
[M::mem_process_seqs] Processed 76256 reads in 46.602 CPU sec, 1.274 real sec
[main] Version: 0.7.17-r1188
[main] CMD: bwa mem -L 30,5 -t 40 -a -M -T 50 -A 1 -B 6 -O 10 -R @RG\tID:Sgr-CMas_058-Ex1-cssl.clmp.fp2_repr\tSM:Sgr-CMas_058-Ex1-cssl.clmp.fp2_repr\tPL:Illumina reference.ssl.Sgr-SgC0072C-contam-R1R2-noIsolate-fromPROBES.fasta Sgr-CMas_058-Ex1-cssl.clmp.fp2_repr.R1.fq.gz Sgr-CMas_058-Ex1-cssl.clmp.fp2_repr.R2.fq.gz
[main] Real time: 67.626 sec; CPU: 1927.922 sec
