****                   ADMIXTURE Version 1.3.0                  ****
****                    Copyright 2008-2015                     ****
****           David Alexander, Suyash Shringarpure,            ****
****                John  Novembre, Ken Lange                   ****
****                                                            ****
****                 Please cite our paper!                     ****
****   Information at www.genetics.ucla.edu/software/admixture  ****

Cross-validation will be performed.  Folds=5.
Random seed: 43
Point estimation method: Block relaxation algorithm
Convergence acceleration algorithm: QuasiNewton, 3 secant conditions
Point estimation will terminate when objective function delta < 0.0001
Estimation of standard errors disabled; will compute point estimates only.
Size of G: 87x6447
Performing five EM steps to prime main algorithm
1 (EM) 	Elapsed: 0.039	Loglikelihood: -331748	(delta): 454373
2 (EM) 	Elapsed: 0.039	Loglikelihood: -314765	(delta): 16983.4
3 (EM) 	Elapsed: 0.039	Loglikelihood: -310654	(delta): 4110.96
4 (EM) 	Elapsed: 0.039	Loglikelihood: -308186	(delta): 2467.36
5 (EM) 	Elapsed: 0.039	Loglikelihood: -306435	(delta): 1751.18
Initial loglikelihood: -306435
Starting main algorithm
1 (QN/Block) 	Elapsed: 0.119	Loglikelihood: -297758	(delta): 8676.8
2 (QN/Block) 	Elapsed: 0.119	Loglikelihood: -294722	(delta): 3036.01
3 (QN/Block) 	Elapsed: 0.136	Loglikelihood: -292934	(delta): 1788.52
4 (QN/Block) 	Elapsed: 0.136	Loglikelihood: -292095	(delta): 838.663
5 (QN/Block) 	Elapsed: 0.136	Loglikelihood: -291569	(delta): 525.854
6 (QN/Block) 	Elapsed: 0.13	Loglikelihood: -291149	(delta): 420.11
7 (QN/Block) 	Elapsed: 0.154	Loglikelihood: -290943	(delta): 205.847
8 (QN/Block) 	Elapsed: 0.131	Loglikelihood: -290805	(delta): 138.263
9 (QN/Block) 	Elapsed: 0.132	Loglikelihood: -290697	(delta): 108.189
10 (QN/Block) 	Elapsed: 0.132	Loglikelihood: -290586	(delta): 110.67
11 (QN/Block) 	Elapsed: 0.132	Loglikelihood: -290487	(delta): 99.6169
12 (QN/Block) 	Elapsed: 0.131	Loglikelihood: -290376	(delta): 110.47
13 (QN/Block) 	Elapsed: 0.133	Loglikelihood: -290272	(delta): 103.711
14 (QN/Block) 	Elapsed: 0.173	Loglikelihood: -290182	(delta): 90.0927
15 (QN/Block) 	Elapsed: 0.131	Loglikelihood: -290108	(delta): 74.5313
16 (QN/Block) 	Elapsed: 0.131	Loglikelihood: -290051	(delta): 56.8919
17 (QN/Block) 	Elapsed: 0.131	Loglikelihood: -290004	(delta): 47.1673
18 (QN/Block) 	Elapsed: 0.131	Loglikelihood: -289970	(delta): 33.7572
19 (QN/Block) 	Elapsed: 0.132	Loglikelihood: -289951	(delta): 18.8725
20 (QN/Block) 	Elapsed: 0.131	Loglikelihood: -289926	(delta): 24.868
21 (QN/Block) 	Elapsed: 0.138	Loglikelihood: -289915	(delta): 11.5091
22 (QN/Block) 	Elapsed: 0.132	Loglikelihood: -289911	(delta): 3.77381
23 (QN/Block) 	Elapsed: 0.131	Loglikelihood: -289908	(delta): 2.637
24 (QN/Block) 	Elapsed: 0.143	Loglikelihood: -289905	(delta): 3.13659
25 (QN/Block) 	Elapsed: 0.135	Loglikelihood: -289902	(delta): 3.00554
26 (QN/Block) 	Elapsed: 0.128	Loglikelihood: -289901	(delta): 1.63082
27 (QN/Block) 	Elapsed: 0.129	Loglikelihood: -289898	(delta): 2.70248
28 (QN/Block) 	Elapsed: 0.13	Loglikelihood: -289896	(delta): 1.54362
29 (QN/Block) 	Elapsed: 0.142	Loglikelihood: -289895	(delta): 1.53543
30 (QN/Block) 	Elapsed: 0.142	Loglikelihood: -289894	(delta): 1.24074
31 (QN/Block) 	Elapsed: 0.14	Loglikelihood: -289893	(delta): 0.629608
32 (QN/Block) 	Elapsed: 0.135	Loglikelihood: -289892	(delta): 0.740632
33 (QN/Block) 	Elapsed: 0.147	Loglikelihood: -289892	(delta): 0.479065
34 (QN/Block) 	Elapsed: 0.147	Loglikelihood: -289891	(delta): 0.579119
35 (QN/Block) 	Elapsed: 0.147	Loglikelihood: -289890	(delta): 0.748765
36 (QN/Block) 	Elapsed: 0.148	Loglikelihood: -289889	(delta): 1.18303
37 (QN/Block) 	Elapsed: 0.146	Loglikelihood: -289888	(delta): 1.39119
38 (QN/Block) 	Elapsed: 0.145	Loglikelihood: -289888	(delta): 0.108222
39 (QN/Block) 	Elapsed: 0.145	Loglikelihood: -289888	(delta): 0.0633542
40 (QN/Block) 	Elapsed: 0.129	Loglikelihood: -289888	(delta): 0.0512993
41 (QN/Block) 	Elapsed: 0.135	Loglikelihood: -289888	(delta): 0.0483345
42 (QN/Block) 	Elapsed: 0.145	Loglikelihood: -289888	(delta): 0.0339736
43 (QN/Block) 	Elapsed: 0.145	Loglikelihood: -289887	(delta): 0.0348253
44 (QN/Block) 	Elapsed: 0.144	Loglikelihood: -289887	(delta): 0.0150775
45 (QN/Block) 	Elapsed: 0.141	Loglikelihood: -289887	(delta): 0.00721915
46 (QN/Block) 	Elapsed: 0.146	Loglikelihood: -289887	(delta): 0.00379965
47 (QN/Block) 	Elapsed: 0.129	Loglikelihood: -289887	(delta): 0.00319864
48 (QN/Block) 	Elapsed: 0.161	Loglikelihood: -289887	(delta): 0.000121549
49 (QN/Block) 	Elapsed: 0.164	Loglikelihood: -289887	(delta): 1.17145e-05
Summary: 
Converged in 49 iterations (7.301 sec)
Loglikelihood: -289887.443734
Fst divergences between estimated populations: 
	Pop0	Pop1	Pop2	Pop3	
Pop0	
Pop1	0.230	
Pop2	0.171	0.348	
Pop3	0.069	0.246	0.205	
Pop4	0.153	0.330	0.279	0.181	
CV error (K=5): 0.56033
Writing output files.
