[M::bwa_idx_load_from_disk] read 0 ALT contigs
[M::process] read 3035662 sequences (385662491 bp)...
[M::mem_pestat] # candidate unique pairs for (FF, FR, RF, RR): (153, 618609, 402, 182)
[M::mem_pestat] analyzing insert size distribution for orientation FF...
[M::mem_pestat] (25, 50, 75) percentile: (107, 138, 276)
[M::mem_pestat] low and high boundaries for computing mean and std.dev: (1, 614)
[M::mem_pestat] mean and std.dev: (198.40, 138.74)
[M::mem_pestat] low and high boundaries for proper pairs: (1, 783)
[M::mem_pestat] analyzing insert size distribution for orientation FR...
[M::mem_pestat] (25, 50, 75) percentile: (132, 181, 248)
[M::mem_pestat] low and high boundaries for computing mean and std.dev: (1, 480)
[M::mem_pestat] mean and std.dev: (197.22, 87.65)
[M::mem_pestat] low and high boundaries for proper pairs: (1, 596)
[M::mem_pestat] analyzing insert size distribution for orientation RF...
[M::mem_pestat] (25, 50, 75) percentile: (124, 1025, 6593)
[M::mem_pestat] low and high boundaries for computing mean and std.dev: (1, 19531)
[M::mem_pestat] mean and std.dev: (3157.10, 2998.25)
[M::mem_pestat] low and high boundaries for proper pairs: (1, 26000)
[M::mem_pestat] analyzing insert size distribution for orientation RR...
[M::mem_pestat] (25, 50, 75) percentile: (98, 103, 198)
[M::mem_pestat] low and high boundaries for computing mean and std.dev: (1, 398)
[M::mem_pestat] mean and std.dev: (135.91, 51.31)
[M::mem_pestat] low and high boundaries for proper pairs: (1, 498)
[M::mem_pestat] skip orientation FF
[M::mem_pestat] skip orientation RF
[M::mem_pestat] skip orientation RR
[M::mem_process_seqs] Processed 3035662 reads in 3499.053 CPU sec, 89.711 real sec
[main] Version: 0.7.17-r1188
[main] CMD: bwa mem -L 5 -t 40 -a -M -T 66 -A 1 -B 4 -O 6 -R @RG\tID:Sgr-CMvi_047-Ex1-cssl.clmp.fp2\tSM:Sgr-CMvi_047-Ex1-cssl.clmp.fp2\tPL:Illumina reference.ssl.Sgr-SgC0072C-contam-R1R2-noIsolate-fromPROBES.fasta Sgr-CMvi_047-Ex1-cssl.clmp.fp2.R1.fq.gz Sgr-CMvi_047-Ex1-cssl.clmp.fp2.R2.fq.gz
[main] Real time: 105.483 sec; CPU: 3512.860 sec
