[M::bwa_idx_load_from_disk] read 0 ALT contigs
[M::process] read 580440 sequences (70139061 bp)...
[M::mem_pestat] # candidate unique pairs for (FF, FR, RF, RR): (4, 39288, 17, 10)
[M::mem_pestat] skip orientation FF as there are not enough pairs
[M::mem_pestat] analyzing insert size distribution for orientation FR...
[M::mem_pestat] (25, 50, 75) percentile: (83, 120, 168)
[M::mem_pestat] low and high boundaries for computing mean and std.dev: (1, 338)
[M::mem_pestat] mean and std.dev: (127.64, 63.32)
[M::mem_pestat] low and high boundaries for proper pairs: (1, 423)
[M::mem_pestat] analyzing insert size distribution for orientation RF...
[M::mem_pestat] (25, 50, 75) percentile: (917, 917, 918)
[M::mem_pestat] low and high boundaries for computing mean and std.dev: (915, 920)
[M::mem_pestat] mean and std.dev: (917.14, 0.35)
[M::mem_pestat] low and high boundaries for proper pairs: (914, 921)
[M::mem_pestat] analyzing insert size distribution for orientation RR...
[M::mem_pestat] (25, 50, 75) percentile: (220, 221, 221)
[M::mem_pestat] low and high boundaries for computing mean and std.dev: (218, 223)
[M::mem_pestat] mean and std.dev: (220.88, 0.33)
[M::mem_pestat] low and high boundaries for proper pairs: (217, 224)
[M::mem_pestat] skip orientation RF
[M::mem_pestat] skip orientation RR
[M::mem_process_seqs] Processed 580440 reads in 711.094 CPU sec, 18.609 real sec
[main] Version: 0.7.17-r1188
[main] CMD: bwa mem -L 5 -t 40 -a -M -T 66 -A 1 -B 4 -O 6 -R @RG\tID:Sgr-CJol_046-Ex1-cssl.clmp.fp2\tSM:Sgr-CJol_046-Ex1-cssl.clmp.fp2\tPL:Illumina reference.ssl.Sgr-SgC0072C-contam-R1R2-noIsolate-fromPROBES.fasta Sgr-CJol_046-Ex1-cssl.clmp.fp2.R1.fq.gz Sgr-CJol_046-Ex1-cssl.clmp.fp2.R2.fq.gz
[main] Real time: 24.233 sec; CPU: 715.245 sec
