[M::bwa_idx_load_from_disk] read 0 ALT contigs
[M::process] read 765662 sequences (93259456 bp)...
[M::mem_pestat] # candidate unique pairs for (FF, FR, RF, RR): (4, 130366, 15, 131)
[M::mem_pestat] skip orientation FF as there are not enough pairs
[M::mem_pestat] analyzing insert size distribution for orientation FR...
[M::mem_pestat] (25, 50, 75) percentile: (111, 151, 207)
[M::mem_pestat] low and high boundaries for computing mean and std.dev: (1, 399)
[M::mem_pestat] mean and std.dev: (163.97, 75.11)
[M::mem_pestat] low and high boundaries for proper pairs: (1, 495)
[M::mem_pestat] analyzing insert size distribution for orientation RF...
[M::mem_pestat] (25, 50, 75) percentile: (69, 73, 110)
[M::mem_pestat] low and high boundaries for computing mean and std.dev: (1, 192)
[M::mem_pestat] mean and std.dev: (82.07, 29.45)
[M::mem_pestat] low and high boundaries for proper pairs: (1, 233)
[M::mem_pestat] analyzing insert size distribution for orientation RR...
[M::mem_pestat] (25, 50, 75) percentile: (104, 104, 104)
[M::mem_pestat] low and high boundaries for computing mean and std.dev: (104, 104)
[M::mem_pestat] mean and std.dev: (104.00, 0.00)
[M::mem_pestat] low and high boundaries for proper pairs: (104, 104)
[M::mem_pestat] skip orientation RF
[M::mem_pestat] skip orientation RR
[M::mem_process_seqs] Processed 765662 reads in 987.109 CPU sec, 25.792 real sec
[main] Version: 0.7.17-r1188
[main] CMD: bwa mem -L 5 -t 40 -a -M -T 66 -A 1 -B 4 -O 6 -R @RG\tID:Sgr-CMvi_020-Ex1-cssl.clmp.fp2\tSM:Sgr-CMvi_020-Ex1-cssl.clmp.fp2\tPL:Illumina reference.ssl.Sgr-SgC0072C-contam-R1R2-noIsolate-fromPROBES.fasta Sgr-CMvi_020-Ex1-cssl.clmp.fp2.R1.fq.gz Sgr-CMvi_020-Ex1-cssl.clmp.fp2.R2.fq.gz
[main] Real time: 32.228 sec; CPU: 992.069 sec
