
Tbi-ARos_006
INFO	2023-05-11 15:17:12	AddOrReplaceReadGroups	

********** NOTE: Picard's command line syntax is changing.
**********
********** For more information, please see:
********** 
https://github.com/broadinstitute/picard/wiki/Command-Line-Syntax-Transition-For-Users-(Pre-Transition)
**********
********** The command line looks like this in the new syntax:
**********
**********    AddOrReplaceReadGroups -I Tbi-ARos_006-merged.ssl.Tbi-C_scaffolds_32R_spades_contam_R1R2ORPH_noisolate-RG.bam -O Tbi-ARos_006-merged.rgfix.ssl.Tbi-C_scaffolds_32R_spades_contam_R1R2ORPH_noisolate-RG.bam -RGID Tbi-ARos_006-merged -RGLB mergedlibs -RGPL illumina -RGPU unit1 -RGSM Tbi-ARos_006-merged
**********


15:17:13.265 INFO  NativeLibraryLoader - Loading libgkl_compression.so from jar:file:/home/e1garcia/shotgun_PIRE/pire_cssl_data_processing/scripts/picard.jar!/com/intel/gkl/native/libgkl_compression.so
[Thu May 11 15:17:13 GMT-05:00 2023] AddOrReplaceReadGroups INPUT=Tbi-ARos_006-merged.ssl.Tbi-C_scaffolds_32R_spades_contam_R1R2ORPH_noisolate-RG.bam OUTPUT=Tbi-ARos_006-merged.rgfix.ssl.Tbi-C_scaffolds_32R_spades_contam_R1R2ORPH_noisolate-RG.bam RGID=Tbi-ARos_006-merged RGLB=mergedlibs RGPL=illumina RGPU=unit1 RGSM=Tbi-ARos_006-merged    VERBOSITY=INFO QUIET=false VALIDATION_STRINGENCY=STRICT COMPRESSION_LEVEL=5 MAX_RECORDS_IN_RAM=500000 CREATE_INDEX=false CREATE_MD5_FILE=false GA4GH_CLIENT_SECRETS=client_secrets.json USE_JDK_DEFLATER=false USE_JDK_INFLATER=false
[Thu May 11 15:17:13 GMT-05:00 2023] Executing as mmalabag@d6-w6420b-23 on Linux 4.15.0-171-generic amd64; OpenJDK 64-Bit Server VM 1.8.0_252-b09; Deflater: Intel; Inflater: Intel; Provider GCS is not available; Picard version: 2.27.5
INFO	2023-05-11 15:17:17	AddOrReplaceReadGroups	Created read-group ID=Tbi-ARos_006-merged PL=illumina LB=mergedlibs SM=Tbi-ARos_006-merged

INFO	2023-05-11 15:17:35	AddOrReplaceReadGroups	Processed     1,000,000 records.  Elapsed time: 00:00:14s.  Time for last 1,000,000:   14s.  Last read position: NODE_15650_length_11980_cov_3.335409:4,952
INFO	2023-05-11 15:17:50	AddOrReplaceReadGroups	Processed     2,000,000 records.  Elapsed time: 00:00:28s.  Time for last 1,000,000:   14s.  Last read position: NODE_86940_length_2941_cov_3.445109:849
[Thu May 11 15:17:57 GMT-05:00 2023] picard.sam.AddOrReplaceReadGroups done. Elapsed time: 0.74 minutes.
Runtime.totalMemory()=5865734144
