[M::main_mem] mean insert size: 376.939, stddev: 57.422, max: 519, min: 224
[M::bwa_idx_load_from_disk] read 0 ALT contigs
[M::process] read 77490 sequences (10000233 bp)...
[M::process] read 77558 sequences (10000089 bp)...
[M::mem_process_seqs] Processed 77490 reads in 9.327 CPU sec, 100.763 real sec
[M::process] read 77400 sequences (10000046 bp)...
[M::mem_process_seqs] Processed 77558 reads in 9.614 CPU sec, 173.062 real sec
[M::process] read 77370 sequences (10000113 bp)...
[M::mem_process_seqs] Processed 77400 reads in 9.449 CPU sec, 164.794 real sec
[M::process] read 77554 sequences (10000185 bp)...
[M::mem_process_seqs] Processed 77370 reads in 9.417 CPU sec, 175.147 real sec
[M::process] read 77712 sequences (10000116 bp)...
[M::mem_process_seqs] Processed 77554 reads in 8.971 CPU sec, 116.102 real sec
[M::process] read 77150 sequences (10000107 bp)...
[M::mem_process_seqs] Processed 77712 reads in 9.182 CPU sec, 132.625 real sec
[M::process] read 77426 sequences (10000120 bp)...
[M::mem_process_seqs] Processed 77150 reads in 8.974 CPU sec, 126.903 real sec
[M::process] read 77374 sequences (10000132 bp)...
[M::mem_process_seqs] Processed 77426 reads in 8.555 CPU sec, 67.234 real sec
[M::process] read 77664 sequences (10000178 bp)...
[M::mem_process_seqs] Processed 77374 reads in 9.256 CPU sec, 130.553 real sec
[M::process] read 77650 sequences (10000047 bp)...
[M::mem_process_seqs] Processed 77664 reads in 8.094 CPU sec, 40.313 real sec
[M::process] read 77418 sequences (10000183 bp)...
[M::mem_process_seqs] Processed 77650 reads in 9.220 CPU sec, 114.700 real sec
[M::process] read 77410 sequences (10000004 bp)...
[M::mem_process_seqs] Processed 77418 reads in 7.409 CPU sec, 29.751 real sec
[M::process] read 77394 sequences (10000018 bp)...
[M::mem_process_seqs] Processed 77410 reads in 8.968 CPU sec, 102.229 real sec
[M::process] read 77176 sequences (10000159 bp)...
[M::mem_process_seqs] Processed 77394 reads in 8.474 CPU sec, 68.699 real sec
[M::process] read 34718 sequences (4462455 bp)...
[M::mem_process_seqs] Processed 77176 reads in 8.836 CPU sec, 110.093 real sec
[M::mem_process_seqs] Processed 34718 reads in 3.290 CPU sec, 14.798 real sec
[main] Version: 0.7.17-r1188
[main] CMD: bwa mem -L 5 -I 376.939,57.422,519,224 -t 1 -a -M -T 80 -A 1 -B 4 -O 6 -R @RG\tID:Sde-CVal_087-Ex1-cssl.clmp.fp2_repr\tSM:Sde-CVal_087-Ex1-cssl.clmp.fp2_repr\tPL:Illumina reference.rad-sent-to-ArborBio.sde.fasta Sde-CVal_087-Ex1-cssl.clmp.fp2_repr.R1.fq.gz Sde-CVal_087-Ex1-cssl.clmp.fp2_repr.R2.fq.gz
[main] Real time: 1670.852 sec; CPU: 137.326 sec
