[M::bwa_idx_load_from_disk] read 0 ALT contigs
[M::process] read 2841866 sequences (400000296 bp)...
[M::mem_pestat] # candidate unique pairs for (FF, FR, RF, RR): (50, 353978, 12, 137)
[M::mem_pestat] analyzing insert size distribution for orientation FF...
[M::mem_pestat] (25, 50, 75) percentile: (142, 218, 324)
[M::mem_pestat] low and high boundaries for computing mean and std.dev: (1, 688)
[M::mem_pestat] mean and std.dev: (217.83, 100.62)
[M::mem_pestat] low and high boundaries for proper pairs: (1, 870)
[M::mem_pestat] analyzing insert size distribution for orientation FR...
[M::mem_pestat] (25, 50, 75) percentile: (187, 254, 330)
[M::mem_pestat] low and high boundaries for computing mean and std.dev: (1, 616)
[M::mem_pestat] mean and std.dev: (259.24, 94.87)
[M::mem_pestat] low and high boundaries for proper pairs: (1, 759)
[M::mem_pestat] analyzing insert size distribution for orientation RF...
[M::mem_pestat] (25, 50, 75) percentile: (38, 51, 1219)
[M::mem_pestat] low and high boundaries for computing mean and std.dev: (1, 3581)
[M::mem_pestat] mean and std.dev: (278.36, 472.55)
[M::mem_pestat] low and high boundaries for proper pairs: (1, 4762)
[M::mem_pestat] analyzing insert size distribution for orientation RR...
[M::mem_pestat] (25, 50, 75) percentile: (196, 237, 318)
[M::mem_pestat] low and high boundaries for computing mean and std.dev: (1, 562)
[M::mem_pestat] mean and std.dev: (236.98, 72.72)
[M::mem_pestat] low and high boundaries for proper pairs: (1, 684)
[M::mem_pestat] skip orientation FF
[M::mem_pestat] skip orientation RF
[M::mem_pestat] skip orientation RR
[M::mem_process_seqs] Processed 2841866 reads in 1604.887 CPU sec, 59.476 real sec
[M::process] read 2842818 sequences (400000267 bp)...
[M::process] read 2842714 sequences (400000059 bp)...
[M::mem_pestat] # candidate unique pairs for (FF, FR, RF, RR): (93, 345289, 18, 85)
[M::mem_pestat] analyzing insert size distribution for orientation FF...
[M::mem_pestat] (25, 50, 75) percentile: (132, 168, 232)
[M::mem_pestat] low and high boundaries for computing mean and std.dev: (1, 432)
[M::mem_pestat] mean and std.dev: (170.48, 69.86)
[M::mem_pestat] low and high boundaries for proper pairs: (1, 532)
[M::mem_pestat] analyzing insert size distribution for orientation FR...
[M::mem_pestat] (25, 50, 75) percentile: (186, 253, 328)
[M::mem_pestat] low and high boundaries for computing mean and std.dev: (1, 612)
[M::mem_pestat] mean and std.dev: (257.86, 94.34)
[M::mem_pestat] low and high boundaries for proper pairs: (1, 754)
[M::mem_pestat] analyzing insert size distribution for orientation RF...
[M::mem_pestat] (25, 50, 75) percentile: (10, 1030, 1031)
[M::mem_pestat] low and high boundaries for computing mean and std.dev: (1, 3073)
[M::mem_pestat] mean and std.dev: (671.50, 521.48)
[M::mem_pestat] low and high boundaries for proper pairs: (1, 4094)
[M::mem_pestat] analyzing insert size distribution for orientation RR...
[M::mem_pestat] (25, 50, 75) percentile: (148, 219, 248)
[M::mem_pestat] low and high boundaries for computing mean and std.dev: (1, 448)
[M::mem_pestat] mean and std.dev: (206.42, 67.17)
[M::mem_pestat] low and high boundaries for proper pairs: (1, 548)
[M::mem_pestat] skip orientation FF
[M::mem_pestat] skip orientation RF
[M::mem_pestat] skip orientation RR
[M::mem_process_seqs] Processed 2842818 reads in 903.778 CPU sec, 24.021 real sec
[M::process] read 636854 sequences (89607747 bp)...
[M::mem_pestat] # candidate unique pairs for (FF, FR, RF, RR): (59, 347906, 13, 95)
[M::mem_pestat] analyzing insert size distribution for orientation FF...
[M::mem_pestat] (25, 50, 75) percentile: (189, 207, 242)
[M::mem_pestat] low and high boundaries for computing mean and std.dev: (83, 348)
[M::mem_pestat] mean and std.dev: (218.65, 41.33)
[M::mem_pestat] low and high boundaries for proper pairs: (30, 401)
[M::mem_pestat] analyzing insert size distribution for orientation FR...
[M::mem_pestat] (25, 50, 75) percentile: (186, 252, 329)
[M::mem_pestat] low and high boundaries for computing mean and std.dev: (1, 615)
[M::mem_pestat] mean and std.dev: (257.68, 94.83)
[M::mem_pestat] low and high boundaries for proper pairs: (1, 758)
[M::mem_pestat] analyzing insert size distribution for orientation RF...
[M::mem_pestat] (25, 50, 75) percentile: (1219, 1336, 1336)
[M::mem_pestat] low and high boundaries for computing mean and std.dev: (985, 1570)
[M::mem_pestat] mean and std.dev: (1300.90, 53.62)
[M::mem_pestat] low and high boundaries for proper pairs: (868, 1687)
[M::mem_pestat] analyzing insert size distribution for orientation RR...
[M::mem_pestat] (25, 50, 75) percentile: (194, 217, 270)
[M::mem_pestat] low and high boundaries for computing mean and std.dev: (42, 422)
[M::mem_pestat] mean and std.dev: (218.06, 69.64)
[M::mem_pestat] low and high boundaries for proper pairs: (1, 498)
[M::mem_pestat] skip orientation FF
[M::mem_pestat] skip orientation RF
[M::mem_pestat] skip orientation RR
[M::mem_process_seqs] Processed 2842714 reads in 886.766 CPU sec, 24.354 real sec
[M::mem_pestat] # candidate unique pairs for (FF, FR, RF, RR): (7, 78585, 1, 12)
[M::mem_pestat] skip orientation FF as there are not enough pairs
[M::mem_pestat] analyzing insert size distribution for orientation FR...
[M::mem_pestat] (25, 50, 75) percentile: (187, 253, 328)
[M::mem_pestat] low and high boundaries for computing mean and std.dev: (1, 610)
[M::mem_pestat] mean and std.dev: (258.34, 94.05)
[M::mem_pestat] low and high boundaries for proper pairs: (1, 751)
[M::mem_pestat] skip orientation RF as there are not enough pairs
[M::mem_pestat] analyzing insert size distribution for orientation RR...
[M::mem_pestat] (25, 50, 75) percentile: (136, 163, 218)
[M::mem_pestat] low and high boundaries for computing mean and std.dev: (1, 382)
[M::mem_pestat] mean and std.dev: (167.17, 39.96)
[M::mem_pestat] low and high boundaries for proper pairs: (1, 464)
[M::mem_pestat] skip orientation RR
[M::mem_process_seqs] Processed 636854 reads in 236.206 CPU sec, 6.780 real sec
[main] Version: 0.7.17-r1188
[main] CMD: bwa mem -L 5 -t 40 -a -M -T 80 -A 1 -B 4 -O 6 -R @RG\tID:Sfa-CBas_016-Ex1-cssl.clmp.fp2_repr\tSM:Sfa-CBas_016-Ex1-cssl.clmp.fp2_repr\tPL:Illumina reference.ssl.Sfa-scaffolds-allLibs-contam-R1R2-noIsolate.fasta Sfa-CBas_016-Ex1-cssl.clmp.fp2_repr.R1.fq.gz Sfa-CBas_016-Ex1-cssl.clmp.fp2_repr.R2.fq.gz
[main] Real time: 136.017 sec; CPU: 3654.518 sec
