[M::bwa_idx_load_from_disk] read 0 ALT contigs
[M::process] read 3199822 sequences (400000247 bp)...
[M::process] read 831626 sequences (103091925 bp)...
[M::mem_pestat] # candidate unique pairs for (FF, FR, RF, RR): (81, 790875, 36, 101)
[M::mem_pestat] analyzing insert size distribution for orientation FF...
[M::mem_pestat] (25, 50, 75) percentile: (61, 80, 103)
[M::mem_pestat] low and high boundaries for computing mean and std.dev: (1, 187)
[M::mem_pestat] mean and std.dev: (84.94, 35.06)
[M::mem_pestat] low and high boundaries for proper pairs: (1, 229)
[M::mem_pestat] analyzing insert size distribution for orientation FR...
[M::mem_pestat] (25, 50, 75) percentile: (106, 126, 153)
[M::mem_pestat] low and high boundaries for computing mean and std.dev: (12, 247)
[M::mem_pestat] mean and std.dev: (130.43, 35.58)
[M::mem_pestat] low and high boundaries for proper pairs: (1, 294)
[M::mem_pestat] analyzing insert size distribution for orientation RF...
[M::mem_pestat] (25, 50, 75) percentile: (127, 241, 293)
[M::mem_pestat] low and high boundaries for computing mean and std.dev: (1, 625)
[M::mem_pestat] mean and std.dev: (189.58, 122.43)
[M::mem_pestat] low and high boundaries for proper pairs: (1, 791)
[M::mem_pestat] analyzing insert size distribution for orientation RR...
[M::mem_pestat] (25, 50, 75) percentile: (61, 81, 119)
[M::mem_pestat] low and high boundaries for computing mean and std.dev: (1, 235)
[M::mem_pestat] mean and std.dev: (87.62, 35.47)
[M::mem_pestat] low and high boundaries for proper pairs: (1, 293)
[M::mem_pestat] skip orientation FF
[M::mem_pestat] skip orientation RF
[M::mem_pestat] skip orientation RR
[M::mem_process_seqs] Processed 3199822 reads in 3274.294 CPU sec, 93.254 real sec
[M::mem_pestat] # candidate unique pairs for (FF, FR, RF, RR): (33, 219608, 9, 30)
[M::mem_pestat] analyzing insert size distribution for orientation FF...
[M::mem_pestat] (25, 50, 75) percentile: (58, 67, 108)
[M::mem_pestat] low and high boundaries for computing mean and std.dev: (1, 208)
[M::mem_pestat] mean and std.dev: (75.73, 28.93)
[M::mem_pestat] low and high boundaries for proper pairs: (1, 258)
[M::mem_pestat] analyzing insert size distribution for orientation FR...
[M::mem_pestat] (25, 50, 75) percentile: (106, 126, 152)
[M::mem_pestat] low and high boundaries for computing mean and std.dev: (14, 244)
[M::mem_pestat] mean and std.dev: (130.06, 35.31)
[M::mem_pestat] low and high boundaries for proper pairs: (1, 290)
[M::mem_pestat] skip orientation RF as there are not enough pairs
[M::mem_pestat] analyzing insert size distribution for orientation RR...
[M::mem_pestat] (25, 50, 75) percentile: (54, 85, 90)
[M::mem_pestat] low and high boundaries for computing mean and std.dev: (1, 162)
[M::mem_pestat] mean and std.dev: (80.66, 26.89)
[M::mem_pestat] low and high boundaries for proper pairs: (1, 198)
[M::mem_pestat] skip orientation FF
[M::mem_pestat] skip orientation RR
[M::mem_process_seqs] Processed 831626 reads in 492.433 CPU sec, 13.537 real sec
[main] Version: 0.7.17-r1188
[main] CMD: bwa mem -L 5 -t 40 -a -M -T 80 -A 1 -B 4 -O 6 -R @RG\tID:Sfa-ABas_020-Ex1-cssl.clmp.fp2_repr\tSM:Sfa-ABas_020-Ex1-cssl.clmp.fp2_repr\tPL:Illumina reference.ssl.Sfa-scaffolds-allLibs-contam-R1R2-noIsolate.fasta Sfa-ABas_020-Ex1-cssl.clmp.fp2_repr.R1.fq.gz Sfa-ABas_020-Ex1-cssl.clmp.fp2_repr.R2.fq.gz
[main] Real time: 125.041 sec; CPU: 3784.538 sec
