[M::bwa_idx_load_from_disk] read 0 ALT contigs
[M::process] read 1287546 sequences (180427766 bp)...
[M::mem_pestat] # candidate unique pairs for (FF, FR, RF, RR): (172, 517351, 3, 127)
[M::mem_pestat] analyzing insert size distribution for orientation FF...
[M::mem_pestat] (25, 50, 75) percentile: (119, 214, 286)
[M::mem_pestat] low and high boundaries for computing mean and std.dev: (1, 620)
[M::mem_pestat] mean and std.dev: (196.53, 94.36)
[M::mem_pestat] low and high boundaries for proper pairs: (1, 787)
[M::mem_pestat] analyzing insert size distribution for orientation FR...
[M::mem_pestat] (25, 50, 75) percentile: (194, 262, 339)
[M::mem_pestat] low and high boundaries for computing mean and std.dev: (1, 629)
[M::mem_pestat] mean and std.dev: (268.53, 92.55)
[M::mem_pestat] low and high boundaries for proper pairs: (1, 774)
[M::mem_pestat] skip orientation RF as there are not enough pairs
[M::mem_pestat] analyzing insert size distribution for orientation RR...
[M::mem_pestat] (25, 50, 75) percentile: (132, 215, 268)
[M::mem_pestat] low and high boundaries for computing mean and std.dev: (1, 540)
[M::mem_pestat] mean and std.dev: (207.55, 73.84)
[M::mem_pestat] low and high boundaries for proper pairs: (1, 676)
[M::mem_pestat] skip orientation FF
[M::mem_pestat] skip orientation RR
[M::mem_process_seqs] Processed 1287546 reads in 420.857 CPU sec, 11.326 real sec
[main] Version: 0.7.17-r1188
[main] CMD: bwa mem -L 5 -t 40 -a -M -T 80 -A 1 -B 4 -O 6 -R @RG\tID:Sfa-CBas_046-Ex1-cssl.clmp.fp2_repr\tSM:Sfa-CBas_046-Ex1-cssl.clmp.fp2_repr\tPL:Illumina reference.ssl.Sfa-scaffolds-allLibs-contam-R1R2-noIsolate.fasta Sfa-CBas_046-Ex1-cssl.clmp.fp2_repr.R1.fq.gz Sfa-CBas_046-Ex1-cssl.clmp.fp2_repr.R2.fq.gz
[main] Real time: 23.548 sec; CPU: 429.678 sec
