[M::bwa_idx_load_from_disk] read 0 ALT contigs
[M::process] read 2873188 sequences (400000055 bp)...
[M::mem_pestat] # candidate unique pairs for (FF, FR, RF, RR): (20, 202021, 7, 42)
[M::mem_pestat] analyzing insert size distribution for orientation FF...
[M::mem_pestat] (25, 50, 75) percentile: (119, 146, 189)
[M::mem_pestat] low and high boundaries for computing mean and std.dev: (1, 329)
[M::mem_pestat] mean and std.dev: (143.68, 54.80)
[M::mem_pestat] low and high boundaries for proper pairs: (1, 399)
[M::mem_pestat] analyzing insert size distribution for orientation FR...
[M::mem_pestat] (25, 50, 75) percentile: (170, 237, 316)
[M::mem_pestat] low and high boundaries for computing mean and std.dev: (1, 608)
[M::mem_pestat] mean and std.dev: (243.10, 99.09)
[M::mem_pestat] low and high boundaries for proper pairs: (1, 754)
[M::mem_pestat] skip orientation RF as there are not enough pairs
[M::mem_pestat] analyzing insert size distribution for orientation RR...
[M::mem_pestat] (25, 50, 75) percentile: (68, 177, 246)
[M::mem_pestat] low and high boundaries for computing mean and std.dev: (1, 602)
[M::mem_pestat] mean and std.dev: (173.15, 95.43)
[M::mem_pestat] low and high boundaries for proper pairs: (1, 780)
[M::mem_pestat] skip orientation FF
[M::mem_pestat] skip orientation RR
[M::mem_process_seqs] Processed 2873188 reads in 1537.783 CPU sec, 57.549 real sec
[M::process] read 2872972 sequences (400000168 bp)...
[M::process] read 2872804 sequences (400000021 bp)...
[M::mem_pestat] # candidate unique pairs for (FF, FR, RF, RR): (36, 199820, 4, 30)
[M::mem_pestat] analyzing insert size distribution for orientation FF...
[M::mem_pestat] (25, 50, 75) percentile: (146, 157, 295)
[M::mem_pestat] low and high boundaries for computing mean and std.dev: (1, 593)
[M::mem_pestat] mean and std.dev: (193.22, 81.72)
[M::mem_pestat] low and high boundaries for proper pairs: (1, 742)
[M::mem_pestat] analyzing insert size distribution for orientation FR...
[M::mem_pestat] (25, 50, 75) percentile: (167, 235, 316)
[M::mem_pestat] low and high boundaries for computing mean and std.dev: (1, 614)
[M::mem_pestat] mean and std.dev: (241.76, 100.14)
[M::mem_pestat] low and high boundaries for proper pairs: (1, 763)
[M::mem_pestat] skip orientation RF as there are not enough pairs
[M::mem_pestat] analyzing insert size distribution for orientation RR...
[M::mem_pestat] (25, 50, 75) percentile: (117, 120, 154)
[M::mem_pestat] low and high boundaries for computing mean and std.dev: (43, 228)
[M::mem_pestat] mean and std.dev: (122.67, 28.54)
[M::mem_pestat] low and high boundaries for proper pairs: (6, 265)
[M::mem_pestat] skip orientation FF
[M::mem_pestat] skip orientation RR
[M::mem_process_seqs] Processed 2872972 reads in 879.805 CPU sec, 23.467 real sec
[M::mem_pestat] # candidate unique pairs for (FF, FR, RF, RR): (42, 200634, 40, 57)
[M::mem_pestat] analyzing insert size distribution for orientation FF...
[M::mem_pestat] (25, 50, 75) percentile: (143, 166, 245)
[M::mem_pestat] low and high boundaries for computing mean and std.dev: (1, 449)
[M::mem_pestat] mean and std.dev: (176.33, 73.99)
[M::mem_pestat] low and high boundaries for proper pairs: (1, 551)
[M::mem_pestat] analyzing insert size distribution for orientation FR...
[M::mem_pestat] (25, 50, 75) percentile: (168, 236, 314)
[M::mem_pestat] low and high boundaries for computing mean and std.dev: (1, 606)
[M::mem_pestat] mean and std.dev: (241.90, 99.00)
[M::mem_pestat] low and high boundaries for proper pairs: (1, 752)
[M::mem_pestat] analyzing insert size distribution for orientation RF...
[M::mem_pestat] (25, 50, 75) percentile: (92, 92, 92)
[M::mem_pestat] low and high boundaries for computing mean and std.dev: (92, 92)
[M::mem_pestat] mean and std.dev: (92.00, 0.00)
[M::mem_pestat] low and high boundaries for proper pairs: (92, 92)
[M::mem_pestat] analyzing insert size distribution for orientation RR...
[M::mem_pestat] (25, 50, 75) percentile: (144, 221, 258)
[M::mem_pestat] low and high boundaries for computing mean and std.dev: (1, 486)
[M::mem_pestat] mean and std.dev: (206.38, 68.03)
[M::mem_pestat] low and high boundaries for proper pairs: (1, 600)
[M::mem_pestat] skip orientation FF
[M::mem_pestat] skip orientation RF
[M::mem_pestat] skip orientation RR
[M::mem_process_seqs] Processed 2872804 reads in 855.157 CPU sec, 23.032 real sec
[M::process] read 2871878 sequences (400000213 bp)...
[M::process] read 651528 sequences (90653378 bp)...
[M::mem_pestat] # candidate unique pairs for (FF, FR, RF, RR): (44, 198733, 6, 60)
[M::mem_pestat] analyzing insert size distribution for orientation FF...
[M::mem_pestat] (25, 50, 75) percentile: (109, 146, 235)
[M::mem_pestat] low and high boundaries for computing mean and std.dev: (1, 487)
[M::mem_pestat] mean and std.dev: (161.98, 78.20)
[M::mem_pestat] low and high boundaries for proper pairs: (1, 613)
[M::mem_pestat] analyzing insert size distribution for orientation FR...
[M::mem_pestat] (25, 50, 75) percentile: (168, 235, 314)
[M::mem_pestat] low and high boundaries for computing mean and std.dev: (1, 606)
[M::mem_pestat] mean and std.dev: (241.29, 99.44)
[M::mem_pestat] low and high boundaries for proper pairs: (1, 752)
[M::mem_pestat] skip orientation RF as there are not enough pairs
[M::mem_pestat] analyzing insert size distribution for orientation RR...
[M::mem_pestat] (25, 50, 75) percentile: (163, 233, 245)
[M::mem_pestat] low and high boundaries for computing mean and std.dev: (1, 409)
[M::mem_pestat] mean and std.dev: (194.69, 64.02)
[M::mem_pestat] low and high boundaries for proper pairs: (1, 491)
[M::mem_pestat] skip orientation FF
[M::mem_pestat] skip orientation RR
[M::mem_process_seqs] Processed 2871878 reads in 847.076 CPU sec, 22.227 real sec
[M::mem_pestat] # candidate unique pairs for (FF, FR, RF, RR): (10, 46808, 0, 3)
[M::mem_pestat] analyzing insert size distribution for orientation FF...
[M::mem_pestat] (25, 50, 75) percentile: (117, 321, 769)
[M::mem_pestat] low and high boundaries for computing mean and std.dev: (1, 2073)
[M::mem_pestat] mean and std.dev: (364.50, 283.01)
[M::mem_pestat] low and high boundaries for proper pairs: (1, 2725)
[M::mem_pestat] analyzing insert size distribution for orientation FR...
[M::mem_pestat] (25, 50, 75) percentile: (171, 237, 319)
[M::mem_pestat] low and high boundaries for computing mean and std.dev: (1, 615)
[M::mem_pestat] mean and std.dev: (244.43, 98.50)
[M::mem_pestat] low and high boundaries for proper pairs: (1, 763)
[M::mem_pestat] skip orientation RF as there are not enough pairs
[M::mem_pestat] skip orientation RR as there are not enough pairs
[M::mem_pestat] skip orientation FF
[M::mem_process_seqs] Processed 651528 reads in 226.999 CPU sec, 6.573 real sec
[main] Version: 0.7.17-r1188
[main] CMD: bwa mem -L 5 -t 40 -a -M -T 80 -A 1 -B 4 -O 6 -R @RG\tID:Sfa-CBas_036-Ex1-cssl.clmp.fp2_repr\tSM:Sfa-CBas_036-Ex1-cssl.clmp.fp2_repr\tPL:Illumina reference.ssl.Sfa-scaffolds-allLibs-contam-R1R2-noIsolate.fasta Sfa-CBas_036-Ex1-cssl.clmp.fp2_repr.R1.fq.gz Sfa-CBas_036-Ex1-cssl.clmp.fp2_repr.R2.fq.gz
[main] Real time: 157.433 sec; CPU: 4375.939 sec
