[M::bwa_idx_load_from_disk] read 0 ALT contigs
[M::process] read 3385264 sequences (400000127 bp)...
[M::mem_pestat] # candidate unique pairs for (FF, FR, RF, RR): (55, 1183160, 9, 83)
[M::mem_pestat] analyzing insert size distribution for orientation FF...
[M::mem_pestat] (25, 50, 75) percentile: (43, 70, 97)
[M::mem_pestat] low and high boundaries for computing mean and std.dev: (1, 205)
[M::mem_pestat] mean and std.dev: (73.65, 34.32)
[M::mem_pestat] low and high boundaries for proper pairs: (1, 259)
[M::mem_pestat] analyzing insert size distribution for orientation FR...
[M::mem_pestat] (25, 50, 75) percentile: (101, 122, 147)
[M::mem_pestat] low and high boundaries for computing mean and std.dev: (9, 239)
[M::mem_pestat] mean and std.dev: (124.45, 35.49)
[M::mem_pestat] low and high boundaries for proper pairs: (1, 285)
[M::mem_pestat] skip orientation RF as there are not enough pairs
[M::mem_pestat] analyzing insert size distribution for orientation RR...
[M::mem_pestat] (25, 50, 75) percentile: (52, 71, 95)
[M::mem_pestat] low and high boundaries for computing mean and std.dev: (1, 181)
[M::mem_pestat] mean and std.dev: (73.62, 31.10)
[M::mem_pestat] low and high boundaries for proper pairs: (1, 224)
[M::mem_pestat] skip orientation FF
[M::mem_pestat] skip orientation RR
[M::mem_process_seqs] Processed 3385264 reads in 2895.088 CPU sec, 96.943 real sec
[M::process] read 3396042 sequences (400000032 bp)...
[M::process] read 609928 sequences (71839557 bp)...
[M::mem_pestat] # candidate unique pairs for (FF, FR, RF, RR): (83, 1205917, 17, 60)
[M::mem_pestat] analyzing insert size distribution for orientation FF...
[M::mem_pestat] (25, 50, 75) percentile: (44, 64, 82)
[M::mem_pestat] low and high boundaries for computing mean and std.dev: (1, 158)
[M::mem_pestat] mean and std.dev: (65.92, 28.53)
[M::mem_pestat] low and high boundaries for proper pairs: (1, 196)
[M::mem_pestat] analyzing insert size distribution for orientation FR...
[M::mem_pestat] (25, 50, 75) percentile: (101, 122, 147)
[M::mem_pestat] low and high boundaries for computing mean and std.dev: (9, 239)
[M::mem_pestat] mean and std.dev: (124.35, 35.44)
[M::mem_pestat] low and high boundaries for proper pairs: (1, 285)
[M::mem_pestat] analyzing insert size distribution for orientation RF...
[M::mem_pestat] (25, 50, 75) percentile: (18, 244, 757)
[M::mem_pestat] low and high boundaries for computing mean and std.dev: (1, 2235)
[M::mem_pestat] mean and std.dev: (282.93, 323.81)
[M::mem_pestat] low and high boundaries for proper pairs: (1, 2974)
[M::mem_pestat] analyzing insert size distribution for orientation RR...
[M::mem_pestat] (25, 50, 75) percentile: (57, 83, 113)
[M::mem_pestat] low and high boundaries for computing mean and std.dev: (1, 225)
[M::mem_pestat] mean and std.dev: (85.13, 40.35)
[M::mem_pestat] low and high boundaries for proper pairs: (1, 281)
[M::mem_pestat] skip orientation FF
[M::mem_pestat] skip orientation RF
[M::mem_pestat] skip orientation RR
[M::mem_process_seqs] Processed 3396042 reads in 1265.339 CPU sec, 33.470 real sec
[M::mem_pestat] # candidate unique pairs for (FF, FR, RF, RR): (11, 217066, 2, 8)
[M::mem_pestat] analyzing insert size distribution for orientation FF...
[M::mem_pestat] (25, 50, 75) percentile: (93, 95, 129)
[M::mem_pestat] low and high boundaries for computing mean and std.dev: (21, 201)
[M::mem_pestat] mean and std.dev: (93.18, 35.65)
[M::mem_pestat] low and high boundaries for proper pairs: (1, 237)
[M::mem_pestat] analyzing insert size distribution for orientation FR...
[M::mem_pestat] (25, 50, 75) percentile: (101, 122, 147)
[M::mem_pestat] low and high boundaries for computing mean and std.dev: (9, 239)
[M::mem_pestat] mean and std.dev: (124.51, 35.54)
[M::mem_pestat] low and high boundaries for proper pairs: (1, 285)
[M::mem_pestat] skip orientation RF as there are not enough pairs
[M::mem_pestat] skip orientation RR as there are not enough pairs
[M::mem_pestat] skip orientation FF
[M::mem_process_seqs] Processed 609928 reads in 240.131 CPU sec, 7.024 real sec
[main] Version: 0.7.17-r1188
[main] CMD: bwa mem -L 5 -t 40 -a -M -T 80 -A 1 -B 4 -O 6 -R @RG\tID:Sfa-ABas_004-Ex1-cssl.clmp.fp2_repr\tSM:Sfa-ABas_004-Ex1-cssl.clmp.fp2_repr\tPL:Illumina reference.ssl.Sfa-scaffolds-allLibs-contam-R1R2-noIsolate.fasta Sfa-ABas_004-Ex1-cssl.clmp.fp2_repr.R1.fq.gz Sfa-ABas_004-Ex1-cssl.clmp.fp2_repr.R2.fq.gz
[main] Real time: 157.929 sec; CPU: 4421.468 sec
