[M::bwa_idx_load_from_disk] read 0 ALT contigs
[M::process] read 2921206 sequences (400000025 bp)...
[M::mem_pestat] # candidate unique pairs for (FF, FR, RF, RR): (17, 126691, 6, 9)
[M::mem_pestat] analyzing insert size distribution for orientation FF...
[M::mem_pestat] (25, 50, 75) percentile: (125, 213, 217)
[M::mem_pestat] low and high boundaries for computing mean and std.dev: (1, 401)
[M::mem_pestat] mean and std.dev: (191.65, 60.40)
[M::mem_pestat] low and high boundaries for proper pairs: (1, 493)
[M::mem_pestat] analyzing insert size distribution for orientation FR...
[M::mem_pestat] (25, 50, 75) percentile: (168, 241, 321)
[M::mem_pestat] low and high boundaries for computing mean and std.dev: (1, 627)
[M::mem_pestat] mean and std.dev: (241.33, 106.96)
[M::mem_pestat] low and high boundaries for proper pairs: (1, 780)
[M::mem_pestat] skip orientation RF as there are not enough pairs
[M::mem_pestat] skip orientation RR as there are not enough pairs
[M::mem_pestat] skip orientation FF
[M::mem_process_seqs] Processed 2921206 reads in 1571.380 CPU sec, 59.961 real sec
[M::process] read 2920132 sequences (400000195 bp)...
[M::process] read 2920440 sequences (400000037 bp)...
[M::mem_pestat] # candidate unique pairs for (FF, FR, RF, RR): (36, 128944, 2, 12)
[M::mem_pestat] analyzing insert size distribution for orientation FF...
[M::mem_pestat] (25, 50, 75) percentile: (178, 178, 178)
[M::mem_pestat] low and high boundaries for computing mean and std.dev: (178, 178)
[M::mem_pestat] mean and std.dev: (178.00, 0.00)
[M::mem_pestat] low and high boundaries for proper pairs: (178, 178)
[M::mem_pestat] analyzing insert size distribution for orientation FR...
[M::mem_pestat] (25, 50, 75) percentile: (169, 240, 323)
[M::mem_pestat] low and high boundaries for computing mean and std.dev: (1, 631)
[M::mem_pestat] mean and std.dev: (242.44, 107.37)
[M::mem_pestat] low and high boundaries for proper pairs: (1, 785)
[M::mem_pestat] skip orientation RF as there are not enough pairs
[M::mem_pestat] analyzing insert size distribution for orientation RR...
[M::mem_pestat] (25, 50, 75) percentile: (107, 172, 216)
[M::mem_pestat] low and high boundaries for computing mean and std.dev: (1, 434)
[M::mem_pestat] mean and std.dev: (165.67, 62.27)
[M::mem_pestat] low and high boundaries for proper pairs: (1, 543)
[M::mem_pestat] skip orientation FF
[M::mem_pestat] skip orientation RR
[M::mem_process_seqs] Processed 2920132 reads in 851.822 CPU sec, 22.676 real sec
[M::mem_pestat] # candidate unique pairs for (FF, FR, RF, RR): (17, 124023, 3, 20)
[M::mem_pestat] analyzing insert size distribution for orientation FF...
[M::mem_pestat] (25, 50, 75) percentile: (99, 154, 178)
[M::mem_pestat] low and high boundaries for computing mean and std.dev: (1, 336)
[M::mem_pestat] mean and std.dev: (158.24, 61.91)
[M::mem_pestat] low and high boundaries for proper pairs: (1, 415)
[M::mem_pestat] analyzing insert size distribution for orientation FR...
[M::mem_pestat] (25, 50, 75) percentile: (163, 238, 319)
[M::mem_pestat] low and high boundaries for computing mean and std.dev: (1, 631)
[M::mem_pestat] mean and std.dev: (238.76, 107.58)
[M::mem_pestat] low and high boundaries for proper pairs: (1, 787)
[M::mem_pestat] skip orientation RF as there are not enough pairs
[M::mem_pestat] analyzing insert size distribution for orientation RR...
[M::mem_pestat] (25, 50, 75) percentile: (123, 152, 216)
[M::mem_pestat] low and high boundaries for computing mean and std.dev: (1, 402)
[M::mem_pestat] mean and std.dev: (179.05, 72.96)
[M::mem_pestat] low and high boundaries for proper pairs: (1, 495)
[M::mem_pestat] skip orientation FF
[M::mem_pestat] skip orientation RR
[M::mem_process_seqs] Processed 2920440 reads in 975.947 CPU sec, 27.201 real sec
[M::process] read 2918982 sequences (400000178 bp)...
[M::process] read 2919450 sequences (400000205 bp)...
[M::mem_pestat] # candidate unique pairs for (FF, FR, RF, RR): (5, 125887, 10, 11)
[M::mem_pestat] skip orientation FF as there are not enough pairs
[M::mem_pestat] analyzing insert size distribution for orientation FR...
[M::mem_pestat] (25, 50, 75) percentile: (169, 240, 322)
[M::mem_pestat] low and high boundaries for computing mean and std.dev: (1, 628)
[M::mem_pestat] mean and std.dev: (242.08, 107.35)
[M::mem_pestat] low and high boundaries for proper pairs: (1, 781)
[M::mem_pestat] analyzing insert size distribution for orientation RF...
[M::mem_pestat] (25, 50, 75) percentile: (118, 118, 118)
[M::mem_pestat] low and high boundaries for computing mean and std.dev: (118, 118)
[M::mem_pestat] mean and std.dev: (118.00, 0.00)
[M::mem_pestat] low and high boundaries for proper pairs: (118, 118)
[M::mem_pestat] analyzing insert size distribution for orientation RR...
[M::mem_pestat] (25, 50, 75) percentile: (110, 196, 249)
[M::mem_pestat] low and high boundaries for computing mean and std.dev: (1, 527)
[M::mem_pestat] mean and std.dev: (174.90, 87.41)
[M::mem_pestat] low and high boundaries for proper pairs: (1, 666)
[M::mem_pestat] skip orientation RF
[M::mem_pestat] skip orientation RR
[M::mem_process_seqs] Processed 2918982 reads in 852.156 CPU sec, 22.666 real sec
[M::mem_pestat] # candidate unique pairs for (FF, FR, RF, RR): (26, 125320, 3, 14)
[M::mem_pestat] analyzing insert size distribution for orientation FF...
[M::mem_pestat] (25, 50, 75) percentile: (122, 178, 278)
[M::mem_pestat] low and high boundaries for computing mean and std.dev: (1, 590)
[M::mem_pestat] mean and std.dev: (185.50, 75.93)
[M::mem_pestat] low and high boundaries for proper pairs: (1, 746)
[M::mem_pestat] analyzing insert size distribution for orientation FR...
[M::mem_pestat] (25, 50, 75) percentile: (169, 242, 325)
[M::mem_pestat] low and high boundaries for computing mean and std.dev: (1, 637)
[M::mem_pestat] mean and std.dev: (243.32, 108.43)
[M::mem_pestat] low and high boundaries for proper pairs: (1, 793)
[M::mem_pestat] skip orientation RF as there are not enough pairs
[M::mem_pestat] analyzing insert size distribution for orientation RR...
[M::mem_pestat] (25, 50, 75) percentile: (97, 216, 216)
[M::mem_pestat] low and high boundaries for computing mean and std.dev: (1, 454)
[M::mem_pestat] mean and std.dev: (169.29, 67.19)
[M::mem_pestat] low and high boundaries for proper pairs: (1, 573)
[M::mem_pestat] skip orientation FF
[M::mem_pestat] skip orientation RR
[M::mem_process_seqs] Processed 2919450 reads in 843.338 CPU sec, 22.562 real sec
[M::process] read 2918686 sequences (400000106 bp)...
[M::process] read 283188 sequences (38747267 bp)...
[M::mem_pestat] # candidate unique pairs for (FF, FR, RF, RR): (9, 126875, 8, 15)
[M::mem_pestat] skip orientation FF as there are not enough pairs
[M::mem_pestat] analyzing insert size distribution for orientation FR...
[M::mem_pestat] (25, 50, 75) percentile: (165, 239, 321)
[M::mem_pestat] low and high boundaries for computing mean and std.dev: (1, 633)
[M::mem_pestat] mean and std.dev: (240.30, 108.16)
[M::mem_pestat] low and high boundaries for proper pairs: (1, 789)
[M::mem_pestat] skip orientation RF as there are not enough pairs
[M::mem_pestat] analyzing insert size distribution for orientation RR...
[M::mem_pestat] (25, 50, 75) percentile: (95, 97, 97)
[M::mem_pestat] low and high boundaries for computing mean and std.dev: (91, 101)
[M::mem_pestat] mean and std.dev: (95.83, 0.99)
[M::mem_pestat] low and high boundaries for proper pairs: (89, 103)
[M::mem_pestat] skip orientation RR
[M::mem_process_seqs] Processed 2918686 reads in 839.108 CPU sec, 22.031 real sec
[M::mem_pestat] # candidate unique pairs for (FF, FR, RF, RR): (2, 12532, 0, 1)
[M::mem_pestat] skip orientation FF as there are not enough pairs
[M::mem_pestat] analyzing insert size distribution for orientation FR...
[M::mem_pestat] (25, 50, 75) percentile: (170, 243, 326)
[M::mem_pestat] low and high boundaries for computing mean and std.dev: (1, 638)
[M::mem_pestat] mean and std.dev: (243.66, 107.00)
[M::mem_pestat] low and high boundaries for proper pairs: (1, 794)
[M::mem_pestat] skip orientation RF as there are not enough pairs
[M::mem_pestat] skip orientation RR as there are not enough pairs
[M::mem_process_seqs] Processed 283188 reads in 91.706 CPU sec, 2.557 real sec
[main] Version: 0.7.17-r1188
[main] CMD: bwa mem -L 5 -t 40 -a -M -T 80 -A 1 -B 4 -O 6 -R @RG\tID:Sfa-CBas_033-Ex1-cssl.clmp.fp2_repr\tSM:Sfa-CBas_033-Ex1-cssl.clmp.fp2_repr\tPL:Illumina reference.ssl.Sfa-scaffolds-allLibs-contam-R1R2-noIsolate.fasta Sfa-CBas_033-Ex1-cssl.clmp.fp2_repr.R1.fq.gz Sfa-CBas_033-Ex1-cssl.clmp.fp2_repr.R2.fq.gz
[main] Real time: 207.243 sec; CPU: 6059.758 sec
