[M::bwa_idx_load_from_disk] read 0 ALT contigs
[M::process] read 2864468 sequences (400000181 bp)...
[M::mem_pestat] # candidate unique pairs for (FF, FR, RF, RR): (26, 165166, 9, 16)
[M::mem_pestat] analyzing insert size distribution for orientation FF...
[M::mem_pestat] (25, 50, 75) percentile: (35, 35, 91)
[M::mem_pestat] low and high boundaries for computing mean and std.dev: (1, 203)
[M::mem_pestat] mean and std.dev: (62.35, 41.35)
[M::mem_pestat] low and high boundaries for proper pairs: (1, 259)
[M::mem_pestat] analyzing insert size distribution for orientation FR...
[M::mem_pestat] (25, 50, 75) percentile: (171, 241, 323)
[M::mem_pestat] low and high boundaries for computing mean and std.dev: (1, 627)
[M::mem_pestat] mean and std.dev: (245.83, 103.28)
[M::mem_pestat] low and high boundaries for proper pairs: (1, 779)
[M::mem_pestat] skip orientation RF as there are not enough pairs
[M::mem_pestat] analyzing insert size distribution for orientation RR...
[M::mem_pestat] (25, 50, 75) percentile: (145, 145, 278)
[M::mem_pestat] low and high boundaries for computing mean and std.dev: (1, 544)
[M::mem_pestat] mean and std.dev: (197.94, 92.89)
[M::mem_pestat] low and high boundaries for proper pairs: (1, 677)
[M::mem_pestat] skip orientation FF
[M::mem_pestat] skip orientation RR
[M::mem_process_seqs] Processed 2864468 reads in 1565.814 CPU sec, 59.020 real sec
[M::process] read 2864892 sequences (400000299 bp)...
[M::process] read 2863808 sequences (400000179 bp)...
[M::mem_pestat] # candidate unique pairs for (FF, FR, RF, RR): (23, 163878, 1, 7)
[M::mem_pestat] analyzing insert size distribution for orientation FF...
[M::mem_pestat] (25, 50, 75) percentile: (132, 179, 198)
[M::mem_pestat] low and high boundaries for computing mean and std.dev: (1, 330)
[M::mem_pestat] mean and std.dev: (149.33, 62.79)
[M::mem_pestat] low and high boundaries for proper pairs: (1, 400)
[M::mem_pestat] analyzing insert size distribution for orientation FR...
[M::mem_pestat] (25, 50, 75) percentile: (168, 240, 324)
[M::mem_pestat] low and high boundaries for computing mean and std.dev: (1, 636)
[M::mem_pestat] mean and std.dev: (245.15, 104.57)
[M::mem_pestat] low and high boundaries for proper pairs: (1, 792)
[M::mem_pestat] skip orientation RF as there are not enough pairs
[M::mem_pestat] skip orientation RR as there are not enough pairs
[M::mem_pestat] skip orientation FF
[M::mem_process_seqs] Processed 2864892 reads in 867.377 CPU sec, 23.349 real sec
[M::mem_pestat] # candidate unique pairs for (FF, FR, RF, RR): (41, 163148, 0, 23)
[M::mem_pestat] analyzing insert size distribution for orientation FF...
[M::mem_pestat] (25, 50, 75) percentile: (35, 115, 161)
[M::mem_pestat] low and high boundaries for computing mean and std.dev: (1, 413)
[M::mem_pestat] mean and std.dev: (135.02, 98.37)
[M::mem_pestat] low and high boundaries for proper pairs: (1, 539)
[M::mem_pestat] analyzing insert size distribution for orientation FR...
[M::mem_pestat] (25, 50, 75) percentile: (171, 242, 324)
[M::mem_pestat] low and high boundaries for computing mean and std.dev: (1, 630)
[M::mem_pestat] mean and std.dev: (246.38, 103.65)
[M::mem_pestat] low and high boundaries for proper pairs: (1, 783)
[M::mem_pestat] skip orientation RF as there are not enough pairs
[M::mem_pestat] analyzing insert size distribution for orientation RR...
[M::mem_pestat] (25, 50, 75) percentile: (108, 112, 278)
[M::mem_pestat] low and high boundaries for computing mean and std.dev: (1, 618)
[M::mem_pestat] mean and std.dev: (187.17, 95.66)
[M::mem_pestat] low and high boundaries for proper pairs: (1, 788)
[M::mem_pestat] skip orientation FF
[M::mem_pestat] skip orientation RR
[M::mem_process_seqs] Processed 2863808 reads in 851.077 CPU sec, 22.923 real sec
[M::process] read 2863380 sequences (400000292 bp)...
[M::process] read 1366784 sequences (190922206 bp)...
[M::mem_pestat] # candidate unique pairs for (FF, FR, RF, RR): (11, 165542, 1, 19)
[M::mem_pestat] analyzing insert size distribution for orientation FF...
[M::mem_pestat] (25, 50, 75) percentile: (185, 185, 351)
[M::mem_pestat] low and high boundaries for computing mean and std.dev: (1, 683)
[M::mem_pestat] mean and std.dev: (201.00, 109.13)
[M::mem_pestat] low and high boundaries for proper pairs: (1, 849)
[M::mem_pestat] analyzing insert size distribution for orientation FR...
[M::mem_pestat] (25, 50, 75) percentile: (170, 240, 323)
[M::mem_pestat] low and high boundaries for computing mean and std.dev: (1, 629)
[M::mem_pestat] mean and std.dev: (245.35, 103.77)
[M::mem_pestat] low and high boundaries for proper pairs: (1, 782)
[M::mem_pestat] skip orientation RF as there are not enough pairs
[M::mem_pestat] analyzing insert size distribution for orientation RR...
[M::mem_pestat] (25, 50, 75) percentile: (151, 169, 177)
[M::mem_pestat] low and high boundaries for computing mean and std.dev: (99, 229)
[M::mem_pestat] mean and std.dev: (161.83, 18.66)
[M::mem_pestat] low and high boundaries for proper pairs: (73, 255)
[M::mem_pestat] skip orientation FF
[M::mem_pestat] skip orientation RR
[M::mem_process_seqs] Processed 2863380 reads in 847.223 CPU sec, 22.421 real sec
[M::mem_pestat] # candidate unique pairs for (FF, FR, RF, RR): (7, 77409, 2, 13)
[M::mem_pestat] skip orientation FF as there are not enough pairs
[M::mem_pestat] analyzing insert size distribution for orientation FR...
[M::mem_pestat] (25, 50, 75) percentile: (169, 240, 323)
[M::mem_pestat] low and high boundaries for computing mean and std.dev: (1, 631)
[M::mem_pestat] mean and std.dev: (245.06, 103.65)
[M::mem_pestat] low and high boundaries for proper pairs: (1, 785)
[M::mem_pestat] skip orientation RF as there are not enough pairs
[M::mem_pestat] analyzing insert size distribution for orientation RR...
[M::mem_pestat] (25, 50, 75) percentile: (136, 261, 5391)
[M::mem_pestat] low and high boundaries for computing mean and std.dev: (1, 15901)
[M::mem_pestat] mean and std.dev: (1405.15, 2185.06)
[M::mem_pestat] low and high boundaries for proper pairs: (1, 21156)
[M::mem_pestat] skip orientation RR
[M::mem_process_seqs] Processed 1366784 reads in 428.922 CPU sec, 12.592 real sec
[main] Version: 0.7.17-r1188
[main] CMD: bwa mem -L 5 -t 40 -a -M -T 80 -A 1 -B 4 -O 6 -R @RG\tID:Sfa-CBas_086-Ex1-cssl.clmp.fp2_repr\tSM:Sfa-CBas_086-Ex1-cssl.clmp.fp2_repr\tPL:Illumina reference.ssl.Sfa-scaffolds-allLibs-contam-R1R2-noIsolate.fasta Sfa-CBas_086-Ex1-cssl.clmp.fp2_repr.R1.fq.gz Sfa-CBas_086-Ex1-cssl.clmp.fp2_repr.R2.fq.gz
[main] Real time: 164.508 sec; CPU: 4589.250 sec
