[M::bwa_idx_load_from_disk] read 0 ALT contigs
[M::process] read 2860126 sequences (400000189 bp)...
[M::mem_pestat] # candidate unique pairs for (FF, FR, RF, RR): (78, 253427, 33, 92)
[M::mem_pestat] analyzing insert size distribution for orientation FF...
[M::mem_pestat] (25, 50, 75) percentile: (112, 160, 223)
[M::mem_pestat] low and high boundaries for computing mean and std.dev: (1, 445)
[M::mem_pestat] mean and std.dev: (160.89, 63.30)
[M::mem_pestat] low and high boundaries for proper pairs: (1, 556)
[M::mem_pestat] analyzing insert size distribution for orientation FR...
[M::mem_pestat] (25, 50, 75) percentile: (161, 218, 291)
[M::mem_pestat] low and high boundaries for computing mean and std.dev: (1, 551)
[M::mem_pestat] mean and std.dev: (228.81, 91.27)
[M::mem_pestat] low and high boundaries for proper pairs: (1, 681)
[M::mem_pestat] analyzing insert size distribution for orientation RF...
[M::mem_pestat] (25, 50, 75) percentile: (49, 219, 228)
[M::mem_pestat] low and high boundaries for computing mean and std.dev: (1, 586)
[M::mem_pestat] mean and std.dev: (153.52, 101.74)
[M::mem_pestat] low and high boundaries for proper pairs: (1, 765)
[M::mem_pestat] analyzing insert size distribution for orientation RR...
[M::mem_pestat] (25, 50, 75) percentile: (121, 195, 199)
[M::mem_pestat] low and high boundaries for computing mean and std.dev: (1, 355)
[M::mem_pestat] mean and std.dev: (170.77, 65.36)
[M::mem_pestat] low and high boundaries for proper pairs: (1, 433)
[M::mem_pestat] skip orientation FF
[M::mem_pestat] skip orientation RF
[M::mem_pestat] skip orientation RR
[M::mem_process_seqs] Processed 2860126 reads in 1613.949 CPU sec, 60.857 real sec
[M::process] read 2860840 sequences (400000215 bp)...
[M::process] read 2860144 sequences (400000213 bp)...
[M::mem_pestat] # candidate unique pairs for (FF, FR, RF, RR): (48, 249996, 3, 54)
[M::mem_pestat] analyzing insert size distribution for orientation FF...
[M::mem_pestat] (25, 50, 75) percentile: (91, 223, 635)
[M::mem_pestat] low and high boundaries for computing mean and std.dev: (1, 1723)
[M::mem_pestat] mean and std.dev: (337.04, 292.45)
[M::mem_pestat] low and high boundaries for proper pairs: (1, 2267)
[M::mem_pestat] analyzing insert size distribution for orientation FR...
[M::mem_pestat] (25, 50, 75) percentile: (161, 217, 290)
[M::mem_pestat] low and high boundaries for computing mean and std.dev: (1, 548)
[M::mem_pestat] mean and std.dev: (228.51, 91.50)
[M::mem_pestat] low and high boundaries for proper pairs: (1, 677)
[M::mem_pestat] skip orientation RF as there are not enough pairs
[M::mem_pestat] analyzing insert size distribution for orientation RR...
[M::mem_pestat] (25, 50, 75) percentile: (132, 168, 295)
[M::mem_pestat] low and high boundaries for computing mean and std.dev: (1, 621)
[M::mem_pestat] mean and std.dev: (229.56, 131.43)
[M::mem_pestat] low and high boundaries for proper pairs: (1, 784)
[M::mem_pestat] skip orientation FF
[M::mem_pestat] skip orientation RR
[M::mem_process_seqs] Processed 2860840 reads in 874.437 CPU sec, 23.157 real sec
[M::mem_pestat] # candidate unique pairs for (FF, FR, RF, RR): (87, 252756, 5, 58)
[M::mem_pestat] analyzing insert size distribution for orientation FF...
[M::mem_pestat] (25, 50, 75) percentile: (119, 161, 251)
[M::mem_pestat] low and high boundaries for computing mean and std.dev: (1, 515)
[M::mem_pestat] mean and std.dev: (175.13, 71.68)
[M::mem_pestat] low and high boundaries for proper pairs: (1, 647)
[M::mem_pestat] analyzing insert size distribution for orientation FR...
[M::process] read 1122684 sequences (157045705 bp)...
[M::mem_pestat] (25, 50, 75) percentile: (161, 218, 289)
[M::mem_pestat] low and high boundaries for computing mean and std.dev: (1, 545)
[M::mem_pestat] mean and std.dev: (228.48, 91.09)
[M::mem_pestat] low and high boundaries for proper pairs: (1, 673)
[M::mem_pestat] skip orientation RF as there are not enough pairs
[M::mem_pestat] analyzing insert size distribution for orientation RR...
[M::mem_pestat] (25, 50, 75) percentile: (155, 208, 251)
[M::mem_pestat] low and high boundaries for computing mean and std.dev: (1, 443)
[M::mem_pestat] mean and std.dev: (192.23, 66.77)
[M::mem_pestat] low and high boundaries for proper pairs: (1, 539)
[M::mem_pestat] skip orientation FF
[M::mem_pestat] skip orientation RR
[M::mem_process_seqs] Processed 2860144 reads in 848.820 CPU sec, 22.538 real sec
[M::mem_pestat] # candidate unique pairs for (FF, FR, RF, RR): (23, 99274, 4, 22)
[M::mem_pestat] analyzing insert size distribution for orientation FF...
[M::mem_pestat] (25, 50, 75) percentile: (135, 145, 255)
[M::mem_pestat] low and high boundaries for computing mean and std.dev: (1, 495)
[M::mem_pestat] mean and std.dev: (163.47, 60.26)
[M::mem_pestat] low and high boundaries for proper pairs: (1, 615)
[M::mem_pestat] analyzing insert size distribution for orientation FR...
[M::mem_pestat] (25, 50, 75) percentile: (160, 216, 289)
[M::mem_pestat] low and high boundaries for computing mean and std.dev: (1, 547)
[M::mem_pestat] mean and std.dev: (227.59, 90.52)
[M::mem_pestat] low and high boundaries for proper pairs: (1, 676)
[M::mem_pestat] skip orientation RF as there are not enough pairs
[M::mem_pestat] analyzing insert size distribution for orientation RR...
[M::mem_pestat] (25, 50, 75) percentile: (79, 116, 187)
[M::mem_pestat] low and high boundaries for computing mean and std.dev: (1, 403)
[M::mem_pestat] mean and std.dev: (125.63, 55.21)
[M::mem_pestat] low and high boundaries for proper pairs: (1, 511)
[M::mem_pestat] skip orientation FF
[M::mem_pestat] skip orientation RR
[M::mem_process_seqs] Processed 1122684 reads in 362.240 CPU sec, 10.407 real sec
[main] Version: 0.7.17-r1188
[main] CMD: bwa mem -L 5 -t 40 -a -M -T 80 -A 1 -B 4 -O 6 -R @RG\tID:Sfa-CBas_078-Ex1-cssl.clmp.fp2_repr\tSM:Sfa-CBas_078-Ex1-cssl.clmp.fp2_repr\tPL:Illumina reference.ssl.Sfa-scaffolds-allLibs-contam-R1R2-noIsolate.fasta Sfa-CBas_078-Ex1-cssl.clmp.fp2_repr.R1.fq.gz Sfa-CBas_078-Ex1-cssl.clmp.fp2_repr.R2.fq.gz
[main] Real time: 138.090 sec; CPU: 3722.132 sec
