[M::bwa_idx_load_from_disk] read 0 ALT contigs
[M::process] read 2144998 sequences (176536890 bp)...
[M::mem_pestat] # candidate unique pairs for (FF, FR, RF, RR): (10, 308894, 9, 15)
[M::mem_pestat] analyzing insert size distribution for orientation FF...
[M::mem_pestat] (25, 50, 75) percentile: (11, 31, 95)
[M::mem_pestat] low and high boundaries for computing mean and std.dev: (1, 263)
[M::mem_pestat] mean and std.dev: (33.44, 34.38)
[M::mem_pestat] low and high boundaries for proper pairs: (1, 347)
[M::mem_pestat] analyzing insert size distribution for orientation FR...
[M::mem_pestat] (25, 50, 75) percentile: (53, 70, 86)
[M::mem_pestat] low and high boundaries for computing mean and std.dev: (1, 152)
[M::mem_pestat] mean and std.dev: (70.44, 24.42)
[M::mem_pestat] low and high boundaries for proper pairs: (1, 185)
[M::mem_pestat] skip orientation RF as there are not enough pairs
[M::mem_pestat] analyzing insert size distribution for orientation RR...
[M::mem_pestat] (25, 50, 75) percentile: (16, 30, 526)
[M::mem_pestat] low and high boundaries for computing mean and std.dev: (1, 1546)
[M::mem_pestat] mean and std.dev: (209.47, 245.54)
[M::mem_pestat] low and high boundaries for proper pairs: (1, 2056)
[M::mem_pestat] skip orientation FF
[M::mem_pestat] skip orientation RR
[M::mem_process_seqs] Processed 2144998 reads in 685.429 CPU sec, 180.298 real sec
[main] Version: 0.7.17-r1188
[main] CMD: bwa mem -L 5 -t 40 -a -M -T 48 -A 1 -B 4 -O 6 -R @RG\tID:Sgr-AJol_011-Ex1-cssl.clmp.fp2_repr\tSM:Sgr-AJol_011-Ex1-cssl.clmp.fp2_repr\tPL:Illumina reference.ssl.Sgr-SgC0072C-contam-R1R2-noIsolate-fromPROBES.fasta Sgr-AJol_011-Ex1-cssl.clmp.fp2_repr.R1.fq.gz Sgr-AJol_011-Ex1-cssl.clmp.fp2_repr.R2.fq.gz
[main] Real time: 195.125 sec; CPU: 694.764 sec
