[M::bwa_idx_load_from_disk] read 0 ALT contigs
[M::process] read 3191812 sequences (288907342 bp)...
[M::mem_pestat] # candidate unique pairs for (FF, FR, RF, RR): (32, 445743, 9, 25)
[M::mem_pestat] analyzing insert size distribution for orientation FF...
[M::mem_pestat] (25, 50, 75) percentile: (32, 50, 76)
[M::mem_pestat] low and high boundaries for computing mean and std.dev: (1, 164)
[M::mem_pestat] mean and std.dev: (45.86, 23.45)
[M::mem_pestat] low and high boundaries for proper pairs: (1, 208)
[M::mem_pestat] analyzing insert size distribution for orientation FR...
[M::mem_pestat] (25, 50, 75) percentile: (56, 74, 94)
[M::mem_pestat] low and high boundaries for computing mean and std.dev: (1, 170)
[M::mem_pestat] mean and std.dev: (75.93, 28.16)
[M::mem_pestat] low and high boundaries for proper pairs: (1, 208)
[M::mem_pestat] skip orientation RF as there are not enough pairs
[M::mem_pestat] analyzing insert size distribution for orientation RR...
[M::mem_pestat] (25, 50, 75) percentile: (22, 40, 408)
[M::mem_pestat] low and high boundaries for computing mean and std.dev: (1, 1180)
[M::mem_pestat] mean and std.dev: (116.87, 183.55)
[M::mem_pestat] low and high boundaries for proper pairs: (1, 1566)
[M::mem_pestat] skip orientation FF
[M::mem_pestat] skip orientation RR
[M::mem_process_seqs] Processed 3191812 reads in 1127.738 CPU sec, 333.460 real sec
[main] Version: 0.7.17-r1188
[main] CMD: bwa mem -L 5 -t 40 -a -M -T 48 -A 1 -B 4 -O 6 -R @RG\tID:Sgr-AJol_022-Ex1-cssl.clmp.fp2_repr\tSM:Sgr-AJol_022-Ex1-cssl.clmp.fp2_repr\tPL:Illumina reference.ssl.Sgr-SgC0072C-contam-R1R2-noIsolate-fromPROBES.fasta Sgr-AJol_022-Ex1-cssl.clmp.fp2_repr.R1.fq.gz Sgr-AJol_022-Ex1-cssl.clmp.fp2_repr.R2.fq.gz
[main] Real time: 354.168 sec; CPU: 1140.749 sec
