[M::bwa_idx_load_from_disk] read 0 ALT contigs
[M::process] read 380100 sequences (48691699 bp)...
[M::mem_pestat] # candidate unique pairs for (FF, FR, RF, RR): (7, 103390, 31, 7)
[M::mem_pestat] skip orientation FF as there are not enough pairs
[M::mem_pestat] analyzing insert size distribution for orientation FR...
[M::mem_pestat] (25, 50, 75) percentile: (118, 157, 218)
[M::mem_pestat] low and high boundaries for computing mean and std.dev: (1, 418)
[M::mem_pestat] mean and std.dev: (172.51, 77.28)
[M::mem_pestat] low and high boundaries for proper pairs: (1, 518)
[M::mem_pestat] analyzing insert size distribution for orientation RF...
[M::mem_pestat] (25, 50, 75) percentile: (54, 465, 465)
[M::mem_pestat] low and high boundaries for computing mean and std.dev: (1, 1287)
[M::mem_pestat] mean and std.dev: (310.90, 208.31)
[M::mem_pestat] low and high boundaries for proper pairs: (1, 1698)
[M::mem_pestat] skip orientation RR as there are not enough pairs
[M::mem_pestat] skip orientation RF
[M::mem_process_seqs] Processed 380100 reads in 229.097 CPU sec, 6.766 real sec
[main] Version: 0.7.17-r1188
[main] CMD: bwa mem -L 30,5 -t 40 -a -M -T 50 -A 1 -B 6 -O 10 -R @RG\tID:Sgr-CMvi_060-Ex1-cssl.clmp.fp2_repr\tSM:Sgr-CMvi_060-Ex1-cssl.clmp.fp2_repr\tPL:Illumina reference.ssl.Sgr-SgC0072C-contam-R1R2-noIsolate-fromPROBES.fasta Sgr-CMvi_060-Ex1-cssl.clmp.fp2_repr.R1.fq.gz Sgr-CMvi_060-Ex1-cssl.clmp.fp2_repr.R2.fq.gz
[main] Real time: 12.249 sec; CPU: 232.959 sec
