[M::bwa_idx_load_from_disk] read 0 ALT contigs
[M::process] read 3887498 sequences (400000197 bp)...
[M::mem_pestat] # candidate unique pairs for (FF, FR, RF, RR): (70, 458916, 25, 62)
[M::mem_pestat] analyzing insert size distribution for orientation FF...
[M::mem_pestat] (25, 50, 75) percentile: (32, 52, 110)
[M::mem_pestat] low and high boundaries for computing mean and std.dev: (1, 266)
[M::mem_pestat] mean and std.dev: (51.66, 31.94)
[M::mem_pestat] low and high boundaries for proper pairs: (1, 344)
[M::mem_pestat] analyzing insert size distribution for orientation FR...
[M::mem_pestat] (25, 50, 75) percentile: (61, 84, 108)
[M::mem_pestat] low and high boundaries for computing mean and std.dev: (1, 202)
[M::mem_pestat] mean and std.dev: (85.15, 34.27)
[M::mem_pestat] low and high boundaries for proper pairs: (1, 249)
[M::mem_pestat] analyzing insert size distribution for orientation RF...
[M::mem_pestat] (25, 50, 75) percentile: (18, 34, 242)
[M::mem_pestat] low and high boundaries for computing mean and std.dev: (1, 690)
[M::mem_pestat] mean and std.dev: (82.39, 114.51)
[M::mem_pestat] low and high boundaries for proper pairs: (1, 914)
[M::mem_pestat] analyzing insert size distribution for orientation RR...
[M::mem_pestat] (25, 50, 75) percentile: (25, 40, 76)
[M::mem_pestat] low and high boundaries for computing mean and std.dev: (1, 178)
[M::mem_pestat] mean and std.dev: (43.26, 28.21)
[M::mem_pestat] low and high boundaries for proper pairs: (1, 229)
[M::mem_pestat] skip orientation FF
[M::mem_pestat] skip orientation RF
[M::mem_pestat] skip orientation RR
[M::mem_process_seqs] Processed 3887498 reads in 3416.496 CPU sec, 122.087 real sec
[M::process] read 3774146 sequences (400000099 bp)...
[M::process] read 3479546 sequences (400000012 bp)...
[M::mem_pestat] # candidate unique pairs for (FF, FR, RF, RR): (42, 398516, 21, 66)
[M::mem_pestat] analyzing insert size distribution for orientation FF...
[M::mem_pestat] (25, 50, 75) percentile: (45, 59, 117)
[M::mem_pestat] low and high boundaries for computing mean and std.dev: (1, 261)
[M::mem_pestat] mean and std.dev: (63.74, 42.29)
[M::mem_pestat] low and high boundaries for proper pairs: (1, 333)
[M::mem_pestat] analyzing insert size distribution for orientation FR...
[M::mem_pestat] (25, 50, 75) percentile: (60, 84, 108)
[M::mem_pestat] low and high boundaries for computing mean and std.dev: (1, 204)
[M::mem_pestat] mean and std.dev: (85.09, 34.53)
[M::mem_pestat] low and high boundaries for proper pairs: (1, 252)
[M::mem_pestat] analyzing insert size distribution for orientation RF...
[M::mem_pestat] (25, 50, 75) percentile: (40, 85, 1341)
[M::mem_pestat] low and high boundaries for computing mean and std.dev: (1, 3943)
[M::mem_pestat] mean and std.dev: (310.83, 669.74)
[M::mem_pestat] low and high boundaries for proper pairs: (1, 5244)
[M::mem_pestat] analyzing insert size distribution for orientation RR...
[M::mem_pestat] (25, 50, 75) percentile: (34, 90, 508)
[M::mem_pestat] low and high boundaries for computing mean and std.dev: (1, 1456)
[M::mem_pestat] mean and std.dev: (222.77, 227.90)
[M::mem_pestat] low and high boundaries for proper pairs: (1, 1930)
[M::mem_pestat] skip orientation FF
[M::mem_pestat] skip orientation RF
[M::mem_pestat] skip orientation RR
[M::mem_process_seqs] Processed 3774146 reads in 1587.594 CPU sec, 41.803 real sec
[M::process] read 406676 sequences (42570778 bp)...
[M::mem_pestat] # candidate unique pairs for (FF, FR, RF, RR): (27, 209938, 9, 28)
[M::mem_pestat] analyzing insert size distribution for orientation FF...
[M::mem_pestat] (25, 50, 75) percentile: (29, 51, 59)
[M::mem_pestat] low and high boundaries for computing mean and std.dev: (1, 119)
[M::mem_pestat] mean and std.dev: (44.78, 20.42)
[M::mem_pestat] low and high boundaries for proper pairs: (1, 149)
[M::mem_pestat] analyzing insert size distribution for orientation FR...
[M::mem_pestat] (25, 50, 75) percentile: (58, 83, 107)
[M::mem_pestat] low and high boundaries for computing mean and std.dev: (1, 205)
[M::mem_pestat] mean and std.dev: (83.59, 35.33)
[M::mem_pestat] low and high boundaries for proper pairs: (1, 254)
[M::mem_pestat] skip orientation RF as there are not enough pairs
[M::mem_pestat] analyzing insert size distribution for orientation RR...
[M::mem_pestat] (25, 50, 75) percentile: (48, 85, 98)
[M::mem_pestat] low and high boundaries for computing mean and std.dev: (1, 198)
[M::mem_pestat] mean and std.dev: (70.36, 36.04)
[M::mem_pestat] low and high boundaries for proper pairs: (1, 248)
[M::mem_pestat] skip orientation FF
[M::mem_pestat] skip orientation RR
[M::mem_process_seqs] Processed 3479546 reads in 1172.501 CPU sec, 31.585 real sec
[M::mem_pestat] # candidate unique pairs for (FF, FR, RF, RR): (5, 45882, 2, 10)
[M::mem_pestat] skip orientation FF as there are not enough pairs
[M::mem_pestat] analyzing insert size distribution for orientation FR...
[M::mem_pestat] (25, 50, 75) percentile: (61, 84, 107)
[M::mem_pestat] low and high boundaries for computing mean and std.dev: (1, 199)
[M::mem_pestat] mean and std.dev: (84.95, 34.16)
[M::mem_pestat] low and high boundaries for proper pairs: (1, 245)
[M::mem_pestat] skip orientation RF as there are not enough pairs
[M::mem_pestat] analyzing insert size distribution for orientation RR...
[M::mem_pestat] (25, 50, 75) percentile: (57, 73, 78)
[M::mem_pestat] low and high boundaries for computing mean and std.dev: (15, 120)
[M::mem_pestat] mean and std.dev: (72.00, 9.23)
[M::mem_pestat] low and high boundaries for proper pairs: (1, 141)
[M::mem_pestat] skip orientation RR
[M::mem_process_seqs] Processed 406676 reads in 192.267 CPU sec, 5.284 real sec
[main] Version: 0.7.17-r1188
[main] CMD: bwa mem -L 30,5 -t 40 -a -M -T 50 -A 1 -B 6 -O 10 -R @RG\tID:Sgr-AMvi_002-Ex1-cssl.clmp.fp2_repr\tSM:Sgr-AMvi_002-Ex1-cssl.clmp.fp2_repr\tPL:Illumina reference.ssl.Sgr-SgC0072C-contam-R1R2-noIsolate-fromPROBES.fasta Sgr-AMvi_002-Ex1-cssl.clmp.fp2_repr.R1.fq.gz Sgr-AMvi_002-Ex1-cssl.clmp.fp2_repr.R2.fq.gz
[main] Real time: 220.131 sec; CPU: 6388.291 sec
