[M::bwa_idx_load_from_disk] read 0 ALT contigs
[M::process] read 255630 sequences (31440091 bp)...
[M::mem_pestat] # candidate unique pairs for (FF, FR, RF, RR): (1, 29406, 19, 8)
[M::mem_pestat] skip orientation FF as there are not enough pairs
[M::mem_pestat] analyzing insert size distribution for orientation FR...
[M::mem_pestat] (25, 50, 75) percentile: (81, 118, 169)
[M::mem_pestat] low and high boundaries for computing mean and std.dev: (1, 345)
[M::mem_pestat] mean and std.dev: (125.86, 64.47)
[M::mem_pestat] low and high boundaries for proper pairs: (1, 433)
[M::mem_pestat] analyzing insert size distribution for orientation RF...
[M::mem_pestat] (25, 50, 75) percentile: (917, 917, 917)
[M::mem_pestat] low and high boundaries for computing mean and std.dev: (917, 917)
[M::mem_pestat] mean and std.dev: (917.00, 0.00)
[M::mem_pestat] low and high boundaries for proper pairs: (917, 917)
[M::mem_pestat] skip orientation RR as there are not enough pairs
[M::mem_pestat] skip orientation RF
[M::mem_process_seqs] Processed 255630 reads in 152.002 CPU sec, 4.506 real sec
[main] Version: 0.7.17-r1188
[main] CMD: bwa mem -L 30,5 -t 40 -a -M -T 50 -A 1 -B 6 -O 10 -R @RG\tID:Sgr-CJol_046-Ex1-cssl.clmp.fp2_repr\tSM:Sgr-CJol_046-Ex1-cssl.clmp.fp2_repr\tPL:Illumina reference.ssl.Sgr-SgC0072C-contam-R1R2-noIsolate-fromPROBES.fasta Sgr-CJol_046-Ex1-cssl.clmp.fp2_repr.R1.fq.gz Sgr-CJol_046-Ex1-cssl.clmp.fp2_repr.R2.fq.gz
[main] Real time: 9.336 sec; CPU: 155.224 sec
