[M::bwa_idx_load_from_disk] read 0 ALT contigs
[M::process] read 1664676 sequences (211913871 bp)...
[M::mem_pestat] # candidate unique pairs for (FF, FR, RF, RR): (109, 243167, 136, 14)
[M::mem_pestat] analyzing insert size distribution for orientation FF...
[M::mem_pestat] (25, 50, 75) percentile: (95, 276, 510)
[M::mem_pestat] low and high boundaries for computing mean and std.dev: (1, 1340)
[M::mem_pestat] mean and std.dev: (249.08, 182.50)
[M::mem_pestat] low and high boundaries for proper pairs: (1, 1755)
[M::mem_pestat] analyzing insert size distribution for orientation FR...
[M::mem_pestat] (25, 50, 75) percentile: (90, 137, 195)
[M::mem_pestat] low and high boundaries for computing mean and std.dev: (1, 405)
[M::mem_pestat] mean and std.dev: (147.90, 79.48)
[M::mem_pestat] low and high boundaries for proper pairs: (1, 510)
[M::mem_pestat] analyzing insert size distribution for orientation RF...
[M::mem_pestat] (25, 50, 75) percentile: (148, 1318, 2985)
[M::mem_pestat] low and high boundaries for computing mean and std.dev: (1, 8659)
[M::mem_pestat] mean and std.dev: (1781.33, 2074.83)
[M::mem_pestat] low and high boundaries for proper pairs: (1, 11496)
[M::mem_pestat] analyzing insert size distribution for orientation RR...
[M::mem_pestat] (25, 50, 75) percentile: (97, 98, 98)
[M::mem_pestat] low and high boundaries for computing mean and std.dev: (95, 100)
[M::mem_pestat] mean and std.dev: (97.75, 0.43)
[M::mem_pestat] low and high boundaries for proper pairs: (94, 101)
[M::mem_pestat] skip orientation FF
[M::mem_pestat] skip orientation RF
[M::mem_pestat] skip orientation RR
[M::mem_process_seqs] Processed 1664676 reads in 1039.407 CPU sec, 27.853 real sec
[main] Version: 0.7.17-r1188
[main] CMD: bwa mem -L 30,5 -t 40 -a -M -T 50 -A 1 -B 6 -O 10 -R @RG\tID:Sgr-CMas_090-Ex1-cssl.clmp.fp2_repr\tSM:Sgr-CMas_090-Ex1-cssl.clmp.fp2_repr\tPL:Illumina reference.ssl.Sgr-SgC0072C-contam-R1R2-noIsolate-fromPROBES.fasta Sgr-CMas_090-Ex1-cssl.clmp.fp2_repr.R1.fq.gz Sgr-CMas_090-Ex1-cssl.clmp.fp2_repr.R2.fq.gz
[main] Real time: 39.296 sec; CPU: 1049.248 sec
