[M::bwa_idx_load_from_disk] read 0 ALT contigs
[M::process] read 1587452 sequences (201848672 bp)...
[M::mem_pestat] # candidate unique pairs for (FF, FR, RF, RR): (87, 220668, 49, 62)
[M::mem_pestat] analyzing insert size distribution for orientation FF...
[M::mem_pestat] (25, 50, 75) percentile: (76, 76, 247)
[M::mem_pestat] low and high boundaries for computing mean and std.dev: (1, 589)
[M::mem_pestat] mean and std.dev: (140.07, 137.31)
[M::mem_pestat] low and high boundaries for proper pairs: (1, 760)
[M::mem_pestat] analyzing insert size distribution for orientation FR...
[M::mem_pestat] (25, 50, 75) percentile: (88, 136, 201)
[M::mem_pestat] low and high boundaries for computing mean and std.dev: (1, 427)
[M::mem_pestat] mean and std.dev: (151.53, 86.42)
[M::mem_pestat] low and high boundaries for proper pairs: (1, 540)
[M::mem_pestat] analyzing insert size distribution for orientation RF...
[M::mem_pestat] (25, 50, 75) percentile: (11, 61, 6307)
[M::mem_pestat] low and high boundaries for computing mean and std.dev: (1, 18899)
[M::mem_pestat] mean and std.dev: (1928.55, 2871.51)
[M::mem_pestat] low and high boundaries for proper pairs: (1, 25195)
[M::mem_pestat] analyzing insert size distribution for orientation RR...
[M::mem_pestat] (25, 50, 75) percentile: (234, 266, 405)
[M::mem_pestat] low and high boundaries for computing mean and std.dev: (1, 747)
[M::mem_pestat] mean and std.dev: (258.58, 126.39)
[M::mem_pestat] low and high boundaries for proper pairs: (1, 918)
[M::mem_pestat] skip orientation FF
[M::mem_pestat] skip orientation RF
[M::mem_pestat] skip orientation RR
[M::mem_process_seqs] Processed 1587452 reads in 1011.697 CPU sec, 27.000 real sec
[main] Version: 0.7.17-r1188
[main] CMD: bwa mem -L 30,5 -t 40 -a -M -T 50 -A 1 -B 6 -O 10 -R @RG\tID:Sgr-CMas_074-Ex1-cssl.clmp.fp2_repr\tSM:Sgr-CMas_074-Ex1-cssl.clmp.fp2_repr\tPL:Illumina reference.ssl.Sgr-SgC0072C-contam-R1R2-noIsolate-fromPROBES.fasta Sgr-CMas_074-Ex1-cssl.clmp.fp2_repr.R1.fq.gz Sgr-CMas_074-Ex1-cssl.clmp.fp2_repr.R2.fq.gz
[main] Real time: 38.185 sec; CPU: 1021.355 sec
