[M::bwa_idx_load_from_disk] read 0 ALT contigs
[M::process] read 1033916 sequences (125187534 bp)...
[M::mem_pestat] # candidate unique pairs for (FF, FR, RF, RR): (13, 135694, 26, 1)
[M::mem_pestat] analyzing insert size distribution for orientation FF...
[M::mem_pestat] (25, 50, 75) percentile: (271, 1747, 1747)
[M::mem_pestat] low and high boundaries for computing mean and std.dev: (1, 4699)
[M::mem_pestat] mean and std.dev: (1099.69, 713.69)
[M::mem_pestat] low and high boundaries for proper pairs: (1, 6175)
[M::mem_pestat] analyzing insert size distribution for orientation FR...
[M::mem_pestat] (25, 50, 75) percentile: (77, 118, 166)
[M::mem_pestat] low and high boundaries for computing mean and std.dev: (1, 344)
[M::mem_pestat] mean and std.dev: (125.52, 65.69)
[M::mem_pestat] low and high boundaries for proper pairs: (1, 433)
[M::mem_pestat] analyzing insert size distribution for orientation RF...
[M::mem_pestat] (25, 50, 75) percentile: (30, 62, 302)
[M::mem_pestat] low and high boundaries for computing mean and std.dev: (1, 846)
[M::mem_pestat] mean and std.dev: (120.33, 120.24)
[M::mem_pestat] low and high boundaries for proper pairs: (1, 1118)
[M::mem_pestat] skip orientation RR as there are not enough pairs
[M::mem_pestat] skip orientation FF
[M::mem_pestat] skip orientation RF
[M::mem_process_seqs] Processed 1033916 reads in 619.627 CPU sec, 16.663 real sec
[main] Version: 0.7.17-r1188
[main] CMD: bwa mem -L 30,5 -t 40 -a -M -T 50 -A 1 -B 6 -O 10 -R @RG\tID:Sgr-CJol_078-Ex1-cssl.clmp.fp2_repr\tSM:Sgr-CJol_078-Ex1-cssl.clmp.fp2_repr\tPL:Illumina reference.ssl.Sgr-SgC0072C-contam-R1R2-noIsolate-fromPROBES.fasta Sgr-CJol_078-Ex1-cssl.clmp.fp2_repr.R1.fq.gz Sgr-CJol_078-Ex1-cssl.clmp.fp2_repr.R2.fq.gz
[main] Real time: 24.937 sec; CPU: 626.439 sec
