[M::bwa_idx_load_from_disk] read 0 ALT contigs
[M::process] read 4460882 sequences (400000043 bp)...
[M::mem_pestat] # candidate unique pairs for (FF, FR, RF, RR): (17, 639726, 21, 18)
[M::mem_pestat] analyzing insert size distribution for orientation FF...
[M::mem_pestat] (25, 50, 75) percentile: (24, 28, 386)
[M::mem_pestat] low and high boundaries for computing mean and std.dev: (1, 1110)
[M::mem_pestat] mean and std.dev: (133.00, 171.29)
[M::mem_pestat] low and high boundaries for proper pairs: (1, 1472)
[M::mem_pestat] analyzing insert size distribution for orientation FR...
[M::mem_pestat] (25, 50, 75) percentile: (56, 76, 95)
[M::mem_pestat] low and high boundaries for computing mean and std.dev: (1, 173)
[M::mem_pestat] mean and std.dev: (76.84, 29.53)
[M::mem_pestat] low and high boundaries for proper pairs: (1, 212)
[M::mem_pestat] analyzing insert size distribution for orientation RF...
[M::mem_pestat] (25, 50, 75) percentile: (12, 26, 55)
[M::mem_pestat] low and high boundaries for computing mean and std.dev: (1, 141)
[M::mem_pestat] mean and std.dev: (25.06, 14.63)
[M::mem_pestat] low and high boundaries for proper pairs: (1, 184)
[M::mem_pestat] analyzing insert size distribution for orientation RR...
[M::mem_pestat] (25, 50, 75) percentile: (41, 54, 92)
[M::mem_pestat] low and high boundaries for computing mean and std.dev: (1, 194)
[M::mem_pestat] mean and std.dev: (60.62, 36.36)
[M::mem_pestat] low and high boundaries for proper pairs: (1, 245)
[M::mem_pestat] skip orientation FF
[M::mem_pestat] skip orientation RF
[M::mem_pestat] skip orientation RR
[M::mem_process_seqs] Processed 4460882 reads in 2686.840 CPU sec, 101.046 real sec
[M::process] read 4455510 sequences (400000189 bp)...
[M::process] read 4419814 sequences (400000172 bp)...
[M::mem_pestat] # candidate unique pairs for (FF, FR, RF, RR): (12, 637676, 11, 24)
[M::mem_pestat] analyzing insert size distribution for orientation FF...
[M::mem_pestat] (25, 50, 75) percentile: (25, 40, 63)
[M::mem_pestat] low and high boundaries for computing mean and std.dev: (1, 139)
[M::mem_pestat] mean and std.dev: (31.30, 20.55)
[M::mem_pestat] low and high boundaries for proper pairs: (1, 177)
[M::mem_pestat] analyzing insert size distribution for orientation FR...
[M::mem_pestat] (25, 50, 75) percentile: (56, 76, 96)
[M::mem_pestat] low and high boundaries for computing mean and std.dev: (1, 176)
[M::mem_pestat] mean and std.dev: (77.01, 29.67)
[M::mem_pestat] low and high boundaries for proper pairs: (1, 216)
[M::mem_pestat] analyzing insert size distribution for orientation RF...
[M::mem_pestat] (25, 50, 75) percentile: (26, 27, 775)
[M::mem_pestat] low and high boundaries for computing mean and std.dev: (1, 2273)
[M::mem_pestat] mean and std.dev: (261.90, 482.89)
[M::mem_pestat] low and high boundaries for proper pairs: (1, 3022)
[M::mem_pestat] analyzing insert size distribution for orientation RR...
[M::mem_pestat] (25, 50, 75) percentile: (25, 56, 501)
[M::mem_pestat] low and high boundaries for computing mean and std.dev: (1, 1453)
[M::mem_pestat] mean and std.dev: (196.78, 227.57)
[M::mem_pestat] low and high boundaries for proper pairs: (1, 1929)
[M::mem_pestat] skip orientation FF
[M::mem_pestat] skip orientation RF
[M::mem_pestat] skip orientation RR
[M::mem_process_seqs] Processed 4455510 reads in 1490.903 CPU sec, 39.752 real sec
[M::process] read 532920 sequences (47844165 bp)...
[M::mem_pestat] # candidate unique pairs for (FF, FR, RF, RR): (14, 617463, 17, 6)
[M::mem_pestat] analyzing insert size distribution for orientation FF...
[M::mem_pestat] (25, 50, 75) percentile: (18, 30, 550)
[M::mem_pestat] low and high boundaries for computing mean and std.dev: (1, 1614)
[M::mem_pestat] mean and std.dev: (196.57, 245.32)
[M::mem_pestat] low and high boundaries for proper pairs: (1, 2146)
[M::mem_pestat] analyzing insert size distribution for orientation FR...
[M::mem_pestat] (25, 50, 75) percentile: (56, 76, 96)
[M::mem_pestat] low and high boundaries for computing mean and std.dev: (1, 176)
[M::mem_pestat] mean and std.dev: (76.94, 29.70)
[M::mem_pestat] low and high boundaries for proper pairs: (1, 216)
[M::mem_pestat] analyzing insert size distribution for orientation RF...
[M::mem_pestat] (25, 50, 75) percentile: (19, 46, 369)
[M::mem_pestat] low and high boundaries for computing mean and std.dev: (1, 1069)
[M::mem_pestat] mean and std.dev: (106.67, 133.64)
[M::mem_pestat] low and high boundaries for proper pairs: (1, 1419)
[M::mem_pestat] skip orientation RR as there are not enough pairs
[M::mem_pestat] skip orientation FF
[M::mem_pestat] skip orientation RF
[M::mem_process_seqs] Processed 4419814 reads in 1472.686 CPU sec, 38.821 real sec
[M::mem_pestat] # candidate unique pairs for (FF, FR, RF, RR): (3, 76270, 2, 1)
[M::mem_pestat] skip orientation FF as there are not enough pairs
[M::mem_pestat] analyzing insert size distribution for orientation FR...
[M::mem_pestat] (25, 50, 75) percentile: (56, 75, 95)
[M::mem_pestat] low and high boundaries for computing mean and std.dev: (1, 173)
[M::mem_pestat] mean and std.dev: (76.72, 29.50)
[M::mem_pestat] low and high boundaries for proper pairs: (1, 212)
[M::mem_pestat] skip orientation RF as there are not enough pairs
[M::mem_pestat] skip orientation RR as there are not enough pairs
[M::mem_process_seqs] Processed 532920 reads in 201.198 CPU sec, 5.762 real sec
[main] Version: 0.7.17-r1188
[main] CMD: bwa mem -L 30,5 -t 40 -a -M -T 50 -A 1 -B 6 -O 10 -R @RG\tID:Sgr-AJol_074-Ex1-cssl.clmp.fp2_repr\tSM:Sgr-AJol_074-Ex1-cssl.clmp.fp2_repr\tPL:Illumina reference.ssl.Sgr-SgC0072C-contam-R1R2-noIsolate-fromPROBES.fasta Sgr-AJol_074-Ex1-cssl.clmp.fp2_repr.R1.fq.gz Sgr-AJol_074-Ex1-cssl.clmp.fp2_repr.R2.fq.gz
[main] Real time: 211.407 sec; CPU: 5880.786 sec
