[M::bwa_idx_load_from_disk] read 0 ALT contigs
[M::process] read 2454052 sequences (214092588 bp)...
[M::mem_pestat] # candidate unique pairs for (FF, FR, RF, RR): (6, 328702, 12, 12)
[M::mem_pestat] skip orientation FF as there are not enough pairs
[M::mem_pestat] analyzing insert size distribution for orientation FR...
[M::mem_pestat] (25, 50, 75) percentile: (56, 74, 93)
[M::mem_pestat] low and high boundaries for computing mean and std.dev: (1, 167)
[M::mem_pestat] mean and std.dev: (75.19, 27.68)
[M::mem_pestat] low and high boundaries for proper pairs: (1, 204)
[M::mem_pestat] analyzing insert size distribution for orientation RF...
[M::mem_pestat] (25, 50, 75) percentile: (15, 311, 1034)
[M::mem_pestat] low and high boundaries for computing mean and std.dev: (1, 3072)
[M::mem_pestat] mean and std.dev: (205.10, 306.70)
[M::mem_pestat] low and high boundaries for proper pairs: (1, 4091)
[M::mem_pestat] analyzing insert size distribution for orientation RR...
[M::mem_pestat] (25, 50, 75) percentile: (34, 35, 115)
[M::mem_pestat] low and high boundaries for computing mean and std.dev: (1, 277)
[M::mem_pestat] mean and std.dev: (45.80, 25.36)
[M::mem_pestat] low and high boundaries for proper pairs: (1, 358)
[M::mem_pestat] skip orientation RF
[M::mem_pestat] skip orientation RR
[M::mem_process_seqs] Processed 2454052 reads in 894.578 CPU sec, 24.066 real sec
[main] Version: 0.7.17-r1188
[main] CMD: bwa mem -L 30,5 -t 40 -a -M -T 50 -A 1 -B 6 -O 10 -R @RG\tID:Sgr-APal_024-Ex1-cssl.clmp.fp2_repr\tSM:Sgr-APal_024-Ex1-cssl.clmp.fp2_repr\tPL:Illumina reference.ssl.Sgr-SgC0072C-contam-R1R2-noIsolate-fromPROBES.fasta Sgr-APal_024-Ex1-cssl.clmp.fp2_repr.R1.fq.gz Sgr-APal_024-Ex1-cssl.clmp.fp2_repr.R2.fq.gz
[main] Real time: 36.935 sec; CPU: 905.633 sec
