[M::bwa_idx_load_from_disk] read 0 ALT contigs
[M::process] read 4393588 sequences (400000134 bp)...
[M::mem_pestat] # candidate unique pairs for (FF, FR, RF, RR): (30, 658913, 24, 28)
[M::mem_pestat] analyzing insert size distribution for orientation FF...
[M::mem_pestat] (25, 50, 75) percentile: (29, 58, 521)
[M::mem_pestat] low and high boundaries for computing mean and std.dev: (1, 1505)
[M::mem_pestat] mean and std.dev: (188.73, 233.83)
[M::mem_pestat] low and high boundaries for proper pairs: (1, 1997)
[M::mem_pestat] analyzing insert size distribution for orientation FR...
[M::mem_pestat] (25, 50, 75) percentile: (60, 78, 97)
[M::mem_pestat] low and high boundaries for computing mean and std.dev: (1, 171)
[M::mem_pestat] mean and std.dev: (78.65, 28.67)
[M::mem_pestat] low and high boundaries for proper pairs: (1, 208)
[M::mem_pestat] analyzing insert size distribution for orientation RF...
[M::mem_pestat] (25, 50, 75) percentile: (24, 33, 59)
[M::mem_pestat] low and high boundaries for computing mean and std.dev: (1, 129)
[M::mem_pestat] mean and std.dev: (35.14, 22.29)
[M::mem_pestat] low and high boundaries for proper pairs: (1, 164)
[M::mem_pestat] analyzing insert size distribution for orientation RR...
[M::mem_pestat] (25, 50, 75) percentile: (23, 41, 527)
[M::mem_pestat] low and high boundaries for computing mean and std.dev: (1, 1535)
[M::mem_pestat] mean and std.dev: (213.89, 241.10)
[M::mem_pestat] low and high boundaries for proper pairs: (1, 2039)
[M::mem_pestat] skip orientation FF
[M::mem_pestat] skip orientation RF
[M::mem_pestat] skip orientation RR
[M::mem_process_seqs] Processed 4393588 reads in 2900.889 CPU sec, 105.933 real sec
[M::process] read 4321962 sequences (400000106 bp)...
[M::process] read 581946 sequences (53173211 bp)...
[M::mem_pestat] # candidate unique pairs for (FF, FR, RF, RR): (28, 620945, 29, 40)
[M::mem_pestat] analyzing insert size distribution for orientation FF...
[M::mem_pestat] (25, 50, 75) percentile: (22, 35, 60)
[M::mem_pestat] low and high boundaries for computing mean and std.dev: (1, 136)
[M::mem_pestat] mean and std.dev: (38.60, 20.81)
[M::mem_pestat] low and high boundaries for proper pairs: (1, 174)
[M::mem_pestat] analyzing insert size distribution for orientation FR...
[M::mem_pestat] (25, 50, 75) percentile: (59, 78, 97)
[M::mem_pestat] low and high boundaries for computing mean and std.dev: (1, 173)
[M::mem_pestat] mean and std.dev: (78.70, 28.89)
[M::mem_pestat] low and high boundaries for proper pairs: (1, 211)
[M::mem_pestat] analyzing insert size distribution for orientation RF...
[M::mem_pestat] (25, 50, 75) percentile: (10, 35, 90)
[M::mem_pestat] low and high boundaries for computing mean and std.dev: (1, 250)
[M::mem_pestat] mean and std.dev: (39.28, 39.89)
[M::mem_pestat] low and high boundaries for proper pairs: (1, 330)
[M::mem_pestat] analyzing insert size distribution for orientation RR...
[M::mem_pestat] (25, 50, 75) percentile: (38, 82, 133)
[M::mem_pestat] low and high boundaries for computing mean and std.dev: (1, 323)
[M::mem_pestat] mean and std.dev: (59.55, 37.96)
[M::mem_pestat] low and high boundaries for proper pairs: (1, 418)
[M::mem_pestat] skip orientation FF
[M::mem_pestat] skip orientation RF
[M::mem_pestat] skip orientation RR
[M::mem_process_seqs] Processed 4321962 reads in 1435.071 CPU sec, 37.285 real sec
[M::mem_pestat] # candidate unique pairs for (FF, FR, RF, RR): (1, 86497, 4, 2)
[M::mem_pestat] skip orientation FF as there are not enough pairs
[M::mem_pestat] analyzing insert size distribution for orientation FR...
[M::mem_pestat] (25, 50, 75) percentile: (60, 78, 97)
[M::mem_pestat] low and high boundaries for computing mean and std.dev: (1, 171)
[M::mem_pestat] mean and std.dev: (78.69, 28.67)
[M::mem_pestat] low and high boundaries for proper pairs: (1, 208)
[M::mem_pestat] skip orientation RF as there are not enough pairs
[M::mem_pestat] skip orientation RR as there are not enough pairs
[M::mem_process_seqs] Processed 581946 reads in 218.903 CPU sec, 6.223 real sec
[main] Version: 0.7.17-r1188
[main] CMD: bwa mem -L 30,5 -t 40 -a -M -T 50 -A 1 -B 6 -O 10 -R @RG\tID:Sgr-AJol_029-Ex1-cssl.clmp.fp2_repr\tSM:Sgr-AJol_029-Ex1-cssl.clmp.fp2_repr\tPL:Illumina reference.ssl.Sgr-SgC0072C-contam-R1R2-noIsolate-fromPROBES.fasta Sgr-AJol_029-Ex1-cssl.clmp.fp2_repr.R1.fq.gz Sgr-AJol_029-Ex1-cssl.clmp.fp2_repr.R2.fq.gz
[main] Real time: 173.565 sec; CPU: 4581.733 sec
