[M::bwa_idx_load_from_disk] read 0 ALT contigs
[M::process] read 3227490 sequences (400000113 bp)...
[M::mem_pestat] # candidate unique pairs for (FF, FR, RF, RR): (120, 508395, 176, 114)
[M::mem_pestat] analyzing insert size distribution for orientation FF...
[M::mem_pestat] (25, 50, 75) percentile: (59, 69, 230)
[M::mem_pestat] low and high boundaries for computing mean and std.dev: (1, 572)
[M::mem_pestat] mean and std.dev: (123.55, 133.30)
[M::mem_pestat] low and high boundaries for proper pairs: (1, 743)
[M::mem_pestat] analyzing insert size distribution for orientation FR...
[M::mem_pestat] (25, 50, 75) percentile: (80, 121, 171)
[M::mem_pestat] low and high boundaries for computing mean and std.dev: (1, 353)
[M::mem_pestat] mean and std.dev: (129.17, 68.47)
[M::mem_pestat] low and high boundaries for proper pairs: (1, 444)
[M::mem_pestat] analyzing insert size distribution for orientation RF...
[M::mem_pestat] (25, 50, 75) percentile: (46, 645, 5584)
[M::mem_pestat] low and high boundaries for computing mean and std.dev: (1, 16660)
[M::mem_pestat] mean and std.dev: (2574.91, 3107.07)
[M::mem_pestat] low and high boundaries for proper pairs: (1, 22198)
[M::mem_pestat] analyzing insert size distribution for orientation RR...
[M::mem_pestat] (25, 50, 75) percentile: (68, 381, 381)
[M::mem_pestat] low and high boundaries for computing mean and std.dev: (1, 1007)
[M::mem_pestat] mean and std.dev: (258.43, 168.49)
[M::mem_pestat] low and high boundaries for proper pairs: (1, 1320)
[M::mem_pestat] skip orientation FF
[M::mem_pestat] skip orientation RF
[M::mem_pestat] skip orientation RR
[M::mem_process_seqs] Processed 3227490 reads in 3052.338 CPU sec, 107.291 real sec
[M::process] read 3227496 sequences (400000228 bp)...
[M::process] read 3225050 sequences (400000167 bp)...
[M::mem_pestat] # candidate unique pairs for (FF, FR, RF, RR): (119, 505860, 176, 62)
[M::mem_pestat] analyzing insert size distribution for orientation FF...
[M::mem_pestat] (25, 50, 75) percentile: (85, 417, 440)
[M::mem_pestat] low and high boundaries for computing mean and std.dev: (1, 1150)
[M::mem_pestat] mean and std.dev: (297.77, 200.49)
[M::mem_pestat] low and high boundaries for proper pairs: (1, 1505)
[M::mem_pestat] analyzing insert size distribution for orientation FR...
[M::mem_pestat] (25, 50, 75) percentile: (79, 119, 169)
[M::mem_pestat] low and high boundaries for computing mean and std.dev: (1, 349)
[M::mem_pestat] mean and std.dev: (127.71, 67.69)
[M::mem_pestat] low and high boundaries for proper pairs: (1, 439)
[M::mem_pestat] analyzing insert size distribution for orientation RF...
[M::mem_pestat] (25, 50, 75) percentile: (54, 177, 573)
[M::mem_pestat] low and high boundaries for computing mean and std.dev: (1, 1611)
[M::mem_pestat] mean and std.dev: (174.60, 185.38)
[M::mem_pestat] low and high boundaries for proper pairs: (1, 2130)
[M::mem_pestat] analyzing insert size distribution for orientation RR...
[M::mem_pestat] (25, 50, 75) percentile: (68, 348, 521)
[M::mem_pestat] low and high boundaries for computing mean and std.dev: (1, 1427)
[M::mem_pestat] mean and std.dev: (300.53, 241.99)
[M::mem_pestat] low and high boundaries for proper pairs: (1, 1880)
[M::mem_pestat] skip orientation FF
[M::mem_pestat] skip orientation RF
[M::mem_pestat] skip orientation RR
[M::mem_process_seqs] Processed 3227496 reads in 1644.741 CPU sec, 44.722 real sec
[M::process] read 3225066 sequences (400000162 bp)...
[M::mem_pestat] # candidate unique pairs for (FF, FR, RF, RR): (86, 507243, 134, 68)
[M::mem_pestat] analyzing insert size distribution for orientation FF...
[M::mem_pestat] (25, 50, 75) percentile: (25, 71, 527)
[M::mem_pestat] low and high boundaries for computing mean and std.dev: (1, 1531)
[M::mem_pestat] mean and std.dev: (253.17, 256.50)
[M::mem_pestat] low and high boundaries for proper pairs: (1, 2033)
[M::mem_pestat] analyzing insert size distribution for orientation FR...
[M::mem_pestat] (25, 50, 75) percentile: (79, 120, 170)
[M::mem_pestat] low and high boundaries for computing mean and std.dev: (1, 352)
[M::mem_pestat] mean and std.dev: (128.52, 68.25)
[M::mem_pestat] low and high boundaries for proper pairs: (1, 443)
[M::mem_pestat] analyzing insert size distribution for orientation RF...
[M::mem_pestat] (25, 50, 75) percentile: (28, 101, 1877)
[M::mem_pestat] low and high boundaries for computing mean and std.dev: (1, 5575)
[M::mem_pestat] mean and std.dev: (780.84, 1408.89)
[M::mem_pestat] low and high boundaries for proper pairs: (1, 7424)
[M::mem_pestat] analyzing insert size distribution for orientation RR...
[M::mem_pestat] (25, 50, 75) percentile: (121, 150, 548)
[M::mem_pestat] low and high boundaries for computing mean and std.dev: (1, 1402)
[M::mem_pestat] mean and std.dev: (268.42, 201.46)
[M::mem_pestat] low and high boundaries for proper pairs: (1, 1829)
[M::mem_pestat] skip orientation FF
[M::mem_pestat] skip orientation RF
[M::mem_pestat] skip orientation RR
[M::mem_process_seqs] Processed 3225050 reads in 1630.922 CPU sec, 43.715 real sec
[M::process] read 3222088 sequences (400000084 bp)...
[M::mem_pestat] # candidate unique pairs for (FF, FR, RF, RR): (131, 506097, 170, 351)
[M::mem_pestat] analyzing insert size distribution for orientation FF...
[M::mem_pestat] (25, 50, 75) percentile: (133, 230, 502)
[M::mem_pestat] low and high boundaries for computing mean and std.dev: (1, 1240)
[M::mem_pestat] mean and std.dev: (343.51, 277.31)
[M::mem_pestat] low and high boundaries for proper pairs: (1, 1609)
[M::mem_pestat] analyzing insert size distribution for orientation FR...
[M::mem_pestat] (25, 50, 75) percentile: (79, 120, 169)
[M::mem_pestat] low and high boundaries for computing mean and std.dev: (1, 349)
[M::mem_pestat] mean and std.dev: (128.13, 67.62)
[M::mem_pestat] low and high boundaries for proper pairs: (1, 439)
[M::mem_pestat] analyzing insert size distribution for orientation RF...
[M::mem_pestat] (25, 50, 75) percentile: (61, 191, 3029)
[M::mem_pestat] low and high boundaries for computing mean and std.dev: (1, 8965)
[M::mem_pestat] mean and std.dev: (1360.19, 1982.80)
[M::mem_pestat] low and high boundaries for proper pairs: (1, 11933)
[M::mem_pestat] analyzing insert size distribution for orientation RR...
[M::mem_pestat] (25, 50, 75) percentile: (398, 416, 467)
[M::mem_pestat] low and high boundaries for computing mean and std.dev: (260, 605)
[M::mem_pestat] mean and std.dev: (445.43, 48.37)
[M::mem_pestat] low and high boundaries for proper pairs: (191, 674)
[M::mem_pestat] skip orientation FF
[M::mem_pestat] skip orientation RF
[M::mem_pestat] skip orientation RR
[M::mem_process_seqs] Processed 3225066 reads in 1656.557 CPU sec, 44.416 real sec
[M::process] read 3216810 sequences (400000132 bp)...
[M::mem_pestat] # candidate unique pairs for (FF, FR, RF, RR): (91, 499649, 124, 56)
[M::mem_pestat] analyzing insert size distribution for orientation FF...
[M::mem_pestat] (25, 50, 75) percentile: (70, 440, 608)
[M::mem_pestat] low and high boundaries for computing mean and std.dev: (1, 1684)
[M::mem_pestat] mean and std.dev: (348.94, 230.37)
[M::mem_pestat] low and high boundaries for proper pairs: (1, 2222)
[M::mem_pestat] analyzing insert size distribution for orientation FR...
[M::mem_pestat] (25, 50, 75) percentile: (79, 120, 170)
[M::mem_pestat] low and high boundaries for computing mean and std.dev: (1, 352)
[M::mem_pestat] mean and std.dev: (128.29, 68.04)
[M::mem_pestat] low and high boundaries for proper pairs: (1, 443)
[M::mem_pestat] analyzing insert size distribution for orientation RF...
[M::mem_pestat] (25, 50, 75) percentile: (26, 68, 553)
[M::mem_pestat] low and high boundaries for computing mean and std.dev: (1, 1607)
[M::mem_pestat] mean and std.dev: (212.35, 345.88)
[M::mem_pestat] low and high boundaries for proper pairs: (1, 2134)
[M::mem_pestat] analyzing insert size distribution for orientation RR...
[M::mem_pestat] (25, 50, 75) percentile: (93, 159, 385)
[M::mem_pestat] low and high boundaries for computing mean and std.dev: (1, 969)
[M::mem_pestat] mean and std.dev: (211.96, 150.68)
[M::mem_pestat] low and high boundaries for proper pairs: (1, 1261)
[M::mem_pestat] skip orientation FF
[M::mem_pestat] skip orientation RF
[M::mem_pestat] skip orientation RR
[M::mem_process_seqs] Processed 3222088 reads in 1632.958 CPU sec, 43.631 real sec
[M::process] read 2294104 sequences (284311524 bp)...
[M::mem_pestat] # candidate unique pairs for (FF, FR, RF, RR): (95, 493404, 164, 151)
[M::mem_pestat] analyzing insert size distribution for orientation FF...
[M::mem_pestat] (25, 50, 75) percentile: (69, 113, 461)
[M::mem_pestat] low and high boundaries for computing mean and std.dev: (1, 1245)
[M::mem_pestat] mean and std.dev: (199.98, 188.64)
[M::mem_pestat] low and high boundaries for proper pairs: (1, 1637)
[M::mem_pestat] analyzing insert size distribution for orientation FR...
[M::mem_pestat] (25, 50, 75) percentile: (79, 120, 170)
[M::mem_pestat] low and high boundaries for computing mean and std.dev: (1, 352)
[M::mem_pestat] mean and std.dev: (128.61, 68.23)
[M::mem_pestat] low and high boundaries for proper pairs: (1, 443)
[M::mem_pestat] analyzing insert size distribution for orientation RF...
[M::mem_pestat] (25, 50, 75) percentile: (61, 302, 1231)
[M::mem_pestat] low and high boundaries for computing mean and std.dev: (1, 3571)
[M::mem_pestat] mean and std.dev: (500.98, 712.17)
[M::mem_pestat] low and high boundaries for proper pairs: (1, 4741)
[M::mem_pestat] analyzing insert size distribution for orientation RR...
[M::mem_pestat] (25, 50, 75) percentile: (216, 370, 370)
[M::mem_pestat] low and high boundaries for computing mean and std.dev: (1, 678)
[M::mem_pestat] mean and std.dev: (307.70, 119.57)
[M::mem_pestat] low and high boundaries for proper pairs: (1, 832)
[M::mem_pestat] skip orientation FF
[M::mem_pestat] skip orientation RF
[M::mem_pestat] skip orientation RR
[M::mem_process_seqs] Processed 3216810 reads in 1612.145 CPU sec, 43.135 real sec
[M::mem_pestat] # candidate unique pairs for (FF, FR, RF, RR): (97, 358025, 148, 38)
[M::mem_pestat] analyzing insert size distribution for orientation FF...
[M::mem_pestat] (25, 50, 75) percentile: (84, 230, 423)
[M::mem_pestat] low and high boundaries for computing mean and std.dev: (1, 1101)
[M::mem_pestat] mean and std.dev: (271.91, 217.62)
[M::mem_pestat] low and high boundaries for proper pairs: (1, 1440)
[M::mem_pestat] analyzing insert size distribution for orientation FR...
[M::mem_pestat] (25, 50, 75) percentile: (79, 120, 170)
[M::mem_pestat] low and high boundaries for computing mean and std.dev: (1, 352)
[M::mem_pestat] mean and std.dev: (128.40, 68.54)
[M::mem_pestat] low and high boundaries for proper pairs: (1, 443)
[M::mem_pestat] analyzing insert size distribution for orientation RF...
[M::mem_pestat] (25, 50, 75) percentile: (54, 645, 5820)
[M::mem_pestat] low and high boundaries for computing mean and std.dev: (1, 17352)
[M::mem_pestat] mean and std.dev: (2464.11, 2926.81)
[M::mem_pestat] low and high boundaries for proper pairs: (1, 23118)
[M::mem_pestat] analyzing insert size distribution for orientation RR...
[M::mem_pestat] (25, 50, 75) percentile: (68, 200, 428)
[M::mem_pestat] low and high boundaries for computing mean and std.dev: (1, 1148)
[M::mem_pestat] mean and std.dev: (181.26, 151.18)
[M::mem_pestat] low and high boundaries for proper pairs: (1, 1508)
[M::mem_pestat] skip orientation FF
[M::mem_pestat] skip orientation RF
[M::mem_pestat] skip orientation RR
[M::mem_process_seqs] Processed 2294104 reads in 1156.177 CPU sec, 31.388 real sec
[main] Version: 0.7.17-r1188
[main] CMD: bwa mem -L 30,5 -t 40 -a -M -T 50 -A 1 -B 6 -O 10 -R @RG\tID:Sgr-CMas_091-Ex1-cssl.clmp.fp2_repr\tSM:Sgr-CMas_091-Ex1-cssl.clmp.fp2_repr\tPL:Illumina reference.ssl.Sgr-SgC0072C-contam-R1R2-noIsolate-fromPROBES.fasta Sgr-CMas_091-Ex1-cssl.clmp.fp2_repr.R1.fq.gz Sgr-CMas_091-Ex1-cssl.clmp.fp2_repr.R2.fq.gz
[main] Real time: 374.021 sec; CPU: 12401.226 sec
