[M::bwa_idx_load_from_disk] read 0 ALT contigs
[M::process] read 4123820 sequences (400000032 bp)...
[M::mem_pestat] # candidate unique pairs for (FF, FR, RF, RR): (14, 617944, 28, 11)
[M::mem_pestat] analyzing insert size distribution for orientation FF...
[M::mem_pestat] (25, 50, 75) percentile: (43, 415, 548)
[M::mem_pestat] low and high boundaries for computing mean and std.dev: (1, 1558)
[M::mem_pestat] mean and std.dev: (341.14, 290.70)
[M::mem_pestat] low and high boundaries for proper pairs: (1, 2063)
[M::mem_pestat] analyzing insert size distribution for orientation FR...
[M::mem_pestat] (25, 50, 75) percentile: (60, 82, 102)
[M::mem_pestat] low and high boundaries for computing mean and std.dev: (1, 186)
[M::mem_pestat] mean and std.dev: (81.74, 31.12)
[M::mem_pestat] low and high boundaries for proper pairs: (1, 228)
[M::mem_pestat] analyzing insert size distribution for orientation RF...
[M::mem_pestat] (25, 50, 75) percentile: (24, 42, 295)
[M::mem_pestat] low and high boundaries for computing mean and std.dev: (1, 837)
[M::mem_pestat] mean and std.dev: (70.33, 94.65)
[M::mem_pestat] low and high boundaries for proper pairs: (1, 1108)
[M::mem_pestat] analyzing insert size distribution for orientation RR...
[M::mem_pestat] (25, 50, 75) percentile: (46, 60, 540)
[M::mem_pestat] low and high boundaries for computing mean and std.dev: (1, 1528)
[M::mem_pestat] mean and std.dev: (165.00, 203.91)
[M::mem_pestat] low and high boundaries for proper pairs: (1, 2022)
[M::mem_pestat] skip orientation FF
[M::mem_pestat] skip orientation RF
[M::mem_pestat] skip orientation RR
[M::mem_process_seqs] Processed 4123820 reads in 2831.779 CPU sec, 105.568 real sec
[M::process] read 4107154 sequences (400000167 bp)...
[M::process] read 2848108 sequences (280654473 bp)...
[M::mem_pestat] # candidate unique pairs for (FF, FR, RF, RR): (21, 608781, 23, 14)
[M::mem_pestat] analyzing insert size distribution for orientation FF...
[M::mem_pestat] (25, 50, 75) percentile: (21, 46, 557)
[M::mem_pestat] low and high boundaries for computing mean and std.dev: (1, 1629)
[M::mem_pestat] mean and std.dev: (207.81, 240.83)
[M::mem_pestat] low and high boundaries for proper pairs: (1, 2165)
[M::mem_pestat] analyzing insert size distribution for orientation FR...
[M::mem_pestat] (25, 50, 75) percentile: (60, 82, 102)
[M::mem_pestat] low and high boundaries for computing mean and std.dev: (1, 186)
[M::mem_pestat] mean and std.dev: (81.73, 31.16)
[M::mem_pestat] low and high boundaries for proper pairs: (1, 228)
[M::mem_pestat] analyzing insert size distribution for orientation RF...
[M::mem_pestat] (25, 50, 75) percentile: (19, 33, 73)
[M::mem_pestat] low and high boundaries for computing mean and std.dev: (1, 181)
[M::mem_pestat] mean and std.dev: (38.65, 33.51)
[M::mem_pestat] low and high boundaries for proper pairs: (1, 235)
[M::mem_pestat] analyzing insert size distribution for orientation RR...
[M::mem_pestat] (25, 50, 75) percentile: (32, 49, 173)
[M::mem_pestat] low and high boundaries for computing mean and std.dev: (1, 455)
[M::mem_pestat] mean and std.dev: (50.55, 44.40)
[M::mem_pestat] low and high boundaries for proper pairs: (1, 596)
[M::mem_pestat] skip orientation FF
[M::mem_pestat] skip orientation RF
[M::mem_pestat] skip orientation RR
[M::mem_process_seqs] Processed 4107154 reads in 1443.582 CPU sec, 38.196 real sec
[M::mem_pestat] # candidate unique pairs for (FF, FR, RF, RR): (10, 407091, 14, 9)
[M::mem_pestat] analyzing insert size distribution for orientation FF...
[M::mem_pestat] (25, 50, 75) percentile: (17, 41, 193)
[M::mem_pestat] low and high boundaries for computing mean and std.dev: (1, 545)
[M::mem_pestat] mean and std.dev: (50.12, 56.55)
[M::mem_pestat] low and high boundaries for proper pairs: (1, 721)
[M::mem_pestat] analyzing insert size distribution for orientation FR...
[M::mem_pestat] (25, 50, 75) percentile: (60, 82, 103)
[M::mem_pestat] low and high boundaries for computing mean and std.dev: (1, 189)
[M::mem_pestat] mean and std.dev: (81.94, 31.31)
[M::mem_pestat] low and high boundaries for proper pairs: (1, 232)
[M::mem_pestat] analyzing insert size distribution for orientation RF...
[M::mem_pestat] (25, 50, 75) percentile: (20, 46, 70)
[M::mem_pestat] low and high boundaries for computing mean and std.dev: (1, 170)
[M::mem_pestat] mean and std.dev: (39.08, 23.39)
[M::mem_pestat] low and high boundaries for proper pairs: (1, 220)
[M::mem_pestat] skip orientation RR as there are not enough pairs
[M::mem_pestat] skip orientation FF
[M::mem_pestat] skip orientation RF
[M::mem_process_seqs] Processed 2848108 reads in 1011.279 CPU sec, 28.366 real sec
[main] Version: 0.7.17-r1188
[main] CMD: bwa mem -L 30,5 -t 40 -a -M -T 50 -A 1 -B 6 -O 10 -R @RG\tID:Sgr-AMvi_081-Ex1-cssl.clmp.fp2_repr\tSM:Sgr-AMvi_081-Ex1-cssl.clmp.fp2_repr\tPL:Illumina reference.ssl.Sgr-SgC0072C-contam-R1R2-noIsolate-fromPROBES.fasta Sgr-AMvi_081-Ex1-cssl.clmp.fp2_repr.R1.fq.gz Sgr-AMvi_081-Ex1-cssl.clmp.fp2_repr.R2.fq.gz
[main] Real time: 193.054 sec; CPU: 5309.992 sec
