[M::bwa_idx_load_from_disk] read 0 ALT contigs
[M::process] read 2395554 sequences (298460868 bp)...
[M::mem_pestat] # candidate unique pairs for (FF, FR, RF, RR): (90, 340927, 111, 100)
[M::mem_pestat] analyzing insert size distribution for orientation FF...
[M::mem_pestat] (25, 50, 75) percentile: (77, 142, 702)
[M::mem_pestat] low and high boundaries for computing mean and std.dev: (1, 1952)
[M::mem_pestat] mean and std.dev: (333.56, 353.45)
[M::mem_pestat] low and high boundaries for proper pairs: (1, 2577)
[M::mem_pestat] analyzing insert size distribution for orientation FR...
[M::mem_pestat] (25, 50, 75) percentile: (84, 129, 185)
[M::mem_pestat] low and high boundaries for computing mean and std.dev: (1, 387)
[M::mem_pestat] mean and std.dev: (139.89, 76.62)
[M::mem_pestat] low and high boundaries for proper pairs: (1, 488)
[M::mem_pestat] analyzing insert size distribution for orientation RF...
[M::mem_pestat] (25, 50, 75) percentile: (58, 177, 5806)
[M::mem_pestat] low and high boundaries for computing mean and std.dev: (1, 17302)
[M::mem_pestat] mean and std.dev: (2182.71, 2843.02)
[M::mem_pestat] low and high boundaries for proper pairs: (1, 23050)
[M::mem_pestat] analyzing insert size distribution for orientation RR...
[M::mem_pestat] (25, 50, 75) percentile: (136, 136, 136)
[M::mem_pestat] low and high boundaries for computing mean and std.dev: (136, 136)
[M::mem_pestat] mean and std.dev: (136.00, 0.00)
[M::mem_pestat] low and high boundaries for proper pairs: (136, 136)
[M::mem_pestat] skip orientation FF
[M::mem_pestat] skip orientation RF
[M::mem_pestat] skip orientation RR
[M::mem_process_seqs] Processed 2395554 reads in 1406.794 CPU sec, 37.040 real sec
[main] Version: 0.7.17-r1188
[main] CMD: bwa mem -L 30,5 -t 40 -a -M -T 50 -A 1 -B 6 -O 10 -R @RG\tID:Sgr-CMas_083-Ex1-cssl.clmp.fp2_repr\tSM:Sgr-CMas_083-Ex1-cssl.clmp.fp2_repr\tPL:Illumina reference.ssl.Sgr-SgC0072C-contam-R1R2-noIsolate-fromPROBES.fasta Sgr-CMas_083-Ex1-cssl.clmp.fp2_repr.R1.fq.gz Sgr-CMas_083-Ex1-cssl.clmp.fp2_repr.R2.fq.gz
[main] Real time: 52.086 sec; CPU: 1420.196 sec
