[M::bwa_idx_load_from_disk] read 0 ALT contigs
[M::process] read 1376138 sequences (174680809 bp)...
[M::mem_pestat] # candidate unique pairs for (FF, FR, RF, RR): (36, 191870, 31, 71)
[M::mem_pestat] analyzing insert size distribution for orientation FF...
[M::mem_pestat] (25, 50, 75) percentile: (181, 198, 198)
[M::mem_pestat] low and high boundaries for computing mean and std.dev: (147, 232)
[M::mem_pestat] mean and std.dev: (192.17, 11.03)
[M::mem_pestat] low and high boundaries for proper pairs: (130, 249)
[M::mem_pestat] analyzing insert size distribution for orientation FR...
[M::mem_pestat] (25, 50, 75) percentile: (86, 130, 184)
[M::mem_pestat] low and high boundaries for computing mean and std.dev: (1, 380)
[M::mem_pestat] mean and std.dev: (139.05, 73.85)
[M::mem_pestat] low and high boundaries for proper pairs: (1, 478)
[M::mem_pestat] analyzing insert size distribution for orientation RF...
[M::mem_pestat] (25, 50, 75) percentile: (31, 80, 2786)
[M::mem_pestat] low and high boundaries for computing mean and std.dev: (1, 8296)
[M::mem_pestat] mean and std.dev: (1293.45, 1776.15)
[M::mem_pestat] low and high boundaries for proper pairs: (1, 11051)
[M::mem_pestat] analyzing insert size distribution for orientation RR...
[M::mem_pestat] (25, 50, 75) percentile: (53, 186, 186)
[M::mem_pestat] low and high boundaries for computing mean and std.dev: (1, 452)
[M::mem_pestat] mean and std.dev: (119.45, 69.15)
[M::mem_pestat] low and high boundaries for proper pairs: (1, 585)
[M::mem_pestat] skip orientation FF
[M::mem_pestat] skip orientation RF
[M::mem_pestat] skip orientation RR
[M::mem_process_seqs] Processed 1376138 reads in 871.736 CPU sec, 23.335 real sec
[main] Version: 0.7.17-r1188
[main] CMD: bwa mem -L 30,5 -t 40 -a -M -T 50 -A 1 -B 6 -O 10 -R @RG\tID:Sgr-CMas_059-Ex1-cssl.clmp.fp2_repr\tSM:Sgr-CMas_059-Ex1-cssl.clmp.fp2_repr\tPL:Illumina reference.ssl.Sgr-SgC0072C-contam-R1R2-noIsolate-fromPROBES.fasta Sgr-CMas_059-Ex1-cssl.clmp.fp2_repr.R1.fq.gz Sgr-CMas_059-Ex1-cssl.clmp.fp2_repr.R2.fq.gz
[main] Real time: 33.472 sec; CPU: 880.349 sec
