[M::bwa_idx_load_from_disk] read 0 ALT contigs
[M::process] read 413300 sequences (50433081 bp)...
[M::mem_pestat] # candidate unique pairs for (FF, FR, RF, RR): (9, 118589, 31, 7)
[M::mem_pestat] skip orientation FF as there are not enough pairs
[M::mem_pestat] analyzing insert size distribution for orientation FR...
[M::mem_pestat] (25, 50, 75) percentile: (104, 137, 185)
[M::mem_pestat] low and high boundaries for computing mean and std.dev: (1, 347)
[M::mem_pestat] mean and std.dev: (147.86, 62.61)
[M::mem_pestat] low and high boundaries for proper pairs: (1, 428)
[M::mem_pestat] analyzing insert size distribution for orientation RF...
[M::mem_pestat] (25, 50, 75) percentile: (4, 4, 132)
[M::mem_pestat] low and high boundaries for computing mean and std.dev: (1, 388)
[M::mem_pestat] mean and std.dev: (63.83, 90.32)
[M::mem_pestat] low and high boundaries for proper pairs: (1, 516)
[M::mem_pestat] skip orientation RR as there are not enough pairs
[M::mem_pestat] skip orientation RF
[M::mem_process_seqs] Processed 413300 reads in 233.955 CPU sec, 6.647 real sec
[main] Version: 0.7.17-r1188
[main] CMD: bwa mem -L 30,5 -t 40 -a -M -T 50 -A 1 -B 6 -O 10 -R @RG\tID:Sgr-CMvi_016-Ex1-cssl.clmp.fp2_repr\tSM:Sgr-CMvi_016-Ex1-cssl.clmp.fp2_repr\tPL:Illumina reference.ssl.Sgr-SgC0072C-contam-R1R2-noIsolate-fromPROBES.fasta Sgr-CMvi_016-Ex1-cssl.clmp.fp2_repr.R1.fq.gz Sgr-CMvi_016-Ex1-cssl.clmp.fp2_repr.R2.fq.gz
[main] Real time: 12.294 sec; CPU: 238.102 sec
