[M::bwa_idx_load_from_disk] read 0 ALT contigs
[M::process] read 1747708 sequences (210495204 bp)...
[M::mem_pestat] # candidate unique pairs for (FF, FR, RF, RR): (30, 272504, 47, 21)
[M::mem_pestat] analyzing insert size distribution for orientation FF...
[M::mem_pestat] (25, 50, 75) percentile: (120, 178, 1391)
[M::mem_pestat] low and high boundaries for computing mean and std.dev: (1, 3933)
[M::mem_pestat] mean and std.dev: (522.17, 548.43)
[M::mem_pestat] low and high boundaries for proper pairs: (1, 5204)
[M::mem_pestat] analyzing insert size distribution for orientation FR...
[M::mem_pestat] (25, 50, 75) percentile: (80, 119, 162)
[M::mem_pestat] low and high boundaries for computing mean and std.dev: (1, 326)
[M::mem_pestat] mean and std.dev: (125.06, 61.87)
[M::mem_pestat] low and high boundaries for proper pairs: (1, 408)
[M::mem_pestat] analyzing insert size distribution for orientation RF...
[M::mem_pestat] (25, 50, 75) percentile: (24, 129, 1407)
[M::mem_pestat] low and high boundaries for computing mean and std.dev: (1, 4173)
[M::mem_pestat] mean and std.dev: (272.55, 481.56)
[M::mem_pestat] low and high boundaries for proper pairs: (1, 5556)
[M::mem_pestat] analyzing insert size distribution for orientation RR...
[M::mem_pestat] (25, 50, 75) percentile: (185, 361, 536)
[M::mem_pestat] low and high boundaries for computing mean and std.dev: (1, 1238)
[M::mem_pestat] mean and std.dev: (385.57, 165.12)
[M::mem_pestat] low and high boundaries for proper pairs: (1, 1589)
[M::mem_pestat] skip orientation FF
[M::mem_pestat] skip orientation RF
[M::mem_pestat] skip orientation RR
[M::mem_process_seqs] Processed 1747708 reads in 955.009 CPU sec, 25.363 real sec
[main] Version: 0.7.17-r1188
[main] CMD: bwa mem -L 30,5 -t 40 -a -M -T 50 -A 1 -B 6 -O 10 -R @RG\tID:Sgr-CJol_072-Ex1-cssl.clmp.fp2_repr\tSM:Sgr-CJol_072-Ex1-cssl.clmp.fp2_repr\tPL:Illumina reference.ssl.Sgr-SgC0072C-contam-R1R2-noIsolate-fromPROBES.fasta Sgr-CJol_072-Ex1-cssl.clmp.fp2_repr.R1.fq.gz Sgr-CJol_072-Ex1-cssl.clmp.fp2_repr.R2.fq.gz
[main] Real time: 37.123 sec; CPU: 965.200 sec
