[M::bwa_idx_load_from_disk] read 0 ALT contigs
[M::process] read 4424986 sequences (400000098 bp)...
[M::mem_pestat] # candidate unique pairs for (FF, FR, RF, RR): (45, 651935, 14, 45)
[M::mem_pestat] analyzing insert size distribution for orientation FF...
[M::mem_pestat] (25, 50, 75) percentile: (22, 43, 122)
[M::mem_pestat] low and high boundaries for computing mean and std.dev: (1, 322)
[M::mem_pestat] mean and std.dev: (53.42, 66.99)
[M::mem_pestat] low and high boundaries for proper pairs: (1, 422)
[M::mem_pestat] analyzing insert size distribution for orientation FR...
[M::mem_pestat] (25, 50, 75) percentile: (58, 77, 97)
[M::mem_pestat] low and high boundaries for computing mean and std.dev: (1, 175)
[M::mem_pestat] mean and std.dev: (78.32, 29.18)
[M::mem_pestat] low and high boundaries for proper pairs: (1, 214)
[M::mem_pestat] analyzing insert size distribution for orientation RF...
[M::mem_pestat] (25, 50, 75) percentile: (20, 44, 54)
[M::mem_pestat] low and high boundaries for computing mean and std.dev: (1, 122)
[M::mem_pestat] mean and std.dev: (34.92, 17.46)
[M::mem_pestat] low and high boundaries for proper pairs: (1, 156)
[M::mem_pestat] analyzing insert size distribution for orientation RR...
[M::mem_pestat] (25, 50, 75) percentile: (30, 40, 77)
[M::mem_pestat] low and high boundaries for computing mean and std.dev: (1, 171)
[M::mem_pestat] mean and std.dev: (42.05, 27.66)
[M::mem_pestat] low and high boundaries for proper pairs: (1, 218)
[M::mem_pestat] skip orientation FF
[M::mem_pestat] skip orientation RF
[M::mem_pestat] skip orientation RR
[M::process] read 2650792 sequences (244787616 bp)...
[M::mem_process_seqs] Processed 4424986 reads in 2835.118 CPU sec, 103.691 real sec
[M::mem_pestat] # candidate unique pairs for (FF, FR, RF, RR): (21, 365947, 5, 23)
[M::mem_pestat] analyzing insert size distribution for orientation FF...
[M::mem_pestat] (25, 50, 75) percentile: (13, 26, 57)
[M::mem_pestat] low and high boundaries for computing mean and std.dev: (1, 145)
[M::mem_pestat] mean and std.dev: (32.15, 21.84)
[M::mem_pestat] low and high boundaries for proper pairs: (1, 189)
[M::mem_pestat] analyzing insert size distribution for orientation FR...
[M::mem_pestat] (25, 50, 75) percentile: (58, 77, 97)
[M::mem_pestat] low and high boundaries for computing mean and std.dev: (1, 175)
[M::mem_pestat] mean and std.dev: (78.16, 29.25)
[M::mem_pestat] low and high boundaries for proper pairs: (1, 214)
[M::mem_pestat] skip orientation RF as there are not enough pairs
[M::mem_pestat] analyzing insert size distribution for orientation RR...
[M::mem_pestat] (25, 50, 75) percentile: (37, 45, 72)
[M::mem_pestat] low and high boundaries for computing mean and std.dev: (1, 142)
[M::mem_pestat] mean and std.dev: (46.25, 21.10)
[M::mem_pestat] low and high boundaries for proper pairs: (1, 177)
[M::mem_pestat] skip orientation FF
[M::mem_pestat] skip orientation RR
[M::mem_process_seqs] Processed 2650792 reads in 919.477 CPU sec, 26.042 real sec
[main] Version: 0.7.17-r1188
[main] CMD: bwa mem -L 30,5 -t 40 -a -M -T 50 -A 1 -B 6 -O 10 -R @RG\tID:Sgr-AJol_045-Ex1-cssl.clmp.fp2_repr\tSM:Sgr-AJol_045-Ex1-cssl.clmp.fp2_repr\tPL:Illumina reference.ssl.Sgr-SgC0072C-contam-R1R2-noIsolate-fromPROBES.fasta Sgr-AJol_045-Ex1-cssl.clmp.fp2_repr.R1.fq.gz Sgr-AJol_045-Ex1-cssl.clmp.fp2_repr.R2.fq.gz
[main] Real time: 148.038 sec; CPU: 3772.714 sec
