[M::bwa_idx_load_from_disk] read 0 ALT contigs
[M::process] read 4492588 sequences (400000085 bp)...
[M::mem_pestat] # candidate unique pairs for (FF, FR, RF, RR): (39, 627680, 18, 35)
[M::mem_pestat] analyzing insert size distribution for orientation FF...
[M::mem_pestat] (25, 50, 75) percentile: (26, 34, 46)
[M::mem_pestat] low and high boundaries for computing mean and std.dev: (1, 86)
[M::mem_pestat] mean and std.dev: (30.83, 14.83)
[M::mem_pestat] low and high boundaries for proper pairs: (1, 106)
[M::mem_pestat] analyzing insert size distribution for orientation FR...
[M::mem_pestat] (25, 50, 75) percentile: (56, 75, 95)
[M::mem_pestat] low and high boundaries for computing mean and std.dev: (1, 173)
[M::mem_pestat] mean and std.dev: (76.40, 28.87)
[M::mem_pestat] low and high boundaries for proper pairs: (1, 212)
[M::mem_pestat] analyzing insert size distribution for orientation RF...
[M::mem_pestat] (25, 50, 75) percentile: (15, 30, 64)
[M::mem_pestat] low and high boundaries for computing mean and std.dev: (1, 162)
[M::mem_pestat] mean and std.dev: (43.81, 47.25)
[M::mem_pestat] low and high boundaries for proper pairs: (1, 233)
[M::mem_pestat] analyzing insert size distribution for orientation RR...
[M::mem_pestat] (25, 50, 75) percentile: (21, 32, 61)
[M::mem_pestat] low and high boundaries for computing mean and std.dev: (1, 141)
[M::mem_pestat] mean and std.dev: (36.41, 23.14)
[M::mem_pestat] low and high boundaries for proper pairs: (1, 181)
[M::mem_pestat] skip orientation FF
[M::mem_pestat] skip orientation RF
[M::mem_pestat] skip orientation RR
[M::mem_process_seqs] Processed 4492588 reads in 2828.642 CPU sec, 105.235 real sec
[M::process] read 4485816 sequences (400000171 bp)...
[M::process] read 4384622 sequences (400000026 bp)...
[M::mem_pestat] # candidate unique pairs for (FF, FR, RF, RR): (37, 628220, 22, 33)
[M::mem_pestat] analyzing insert size distribution for orientation FF...
[M::mem_pestat] (25, 50, 75) percentile: (26, 36, 53)
[M::mem_pestat] low and high boundaries for computing mean and std.dev: (1, 107)
[M::mem_pestat] mean and std.dev: (37.64, 16.77)
[M::mem_pestat] low and high boundaries for proper pairs: (1, 134)
[M::mem_pestat] analyzing insert size distribution for orientation FR...
[M::mem_pestat] (25, 50, 75) percentile: (56, 76, 95)
[M::mem_pestat] low and high boundaries for computing mean and std.dev: (1, 173)
[M::mem_pestat] mean and std.dev: (76.48, 28.87)
[M::mem_pestat] low and high boundaries for proper pairs: (1, 212)
[M::mem_pestat] analyzing insert size distribution for orientation RF...
[M::mem_pestat] (25, 50, 75) percentile: (18, 44, 57)
[M::mem_pestat] low and high boundaries for computing mean and std.dev: (1, 135)
[M::mem_pestat] mean and std.dev: (36.76, 24.68)
[M::mem_pestat] low and high boundaries for proper pairs: (1, 174)
[M::mem_pestat] analyzing insert size distribution for orientation RR...
[M::mem_pestat] (25, 50, 75) percentile: (26, 50, 76)
[M::mem_pestat] low and high boundaries for computing mean and std.dev: (1, 176)
[M::mem_pestat] mean and std.dev: (40.22, 20.80)
[M::mem_pestat] low and high boundaries for proper pairs: (1, 226)
[M::mem_pestat] skip orientation FF
[M::mem_pestat] skip orientation RF
[M::mem_pestat] skip orientation RR
[M::mem_process_seqs] Processed 4485816 reads in 1499.164 CPU sec, 39.532 real sec
[M::process] read 449314 sequences (40068530 bp)...
[M::mem_pestat] # candidate unique pairs for (FF, FR, RF, RR): (36, 569655, 11, 35)
[M::mem_pestat] analyzing insert size distribution for orientation FF...
[M::mem_pestat] (25, 50, 75) percentile: (25, 46, 50)
[M::mem_pestat] low and high boundaries for computing mean and std.dev: (1, 100)
[M::mem_pestat] mean and std.dev: (34.09, 18.50)
[M::mem_pestat] low and high boundaries for proper pairs: (1, 125)
[M::mem_pestat] analyzing insert size distribution for orientation FR...
[M::mem_pestat] (25, 50, 75) percentile: (56, 75, 95)
[M::mem_pestat] low and high boundaries for computing mean and std.dev: (1, 173)
[M::mem_pestat] mean and std.dev: (76.35, 28.93)
[M::mem_pestat] low and high boundaries for proper pairs: (1, 212)
[M::mem_pestat] analyzing insert size distribution for orientation RF...
[M::mem_pestat] (25, 50, 75) percentile: (31, 56, 82)
[M::mem_pestat] low and high boundaries for computing mean and std.dev: (1, 184)
[M::mem_pestat] mean and std.dev: (53.00, 30.60)
[M::mem_pestat] low and high boundaries for proper pairs: (1, 235)
[M::mem_pestat] analyzing insert size distribution for orientation RR...
[M::mem_pestat] (25, 50, 75) percentile: (28, 40, 53)
[M::mem_pestat] low and high boundaries for computing mean and std.dev: (1, 103)
[M::mem_pestat] mean and std.dev: (40.30, 18.00)
[M::mem_pestat] low and high boundaries for proper pairs: (1, 128)
[M::mem_pestat] skip orientation FF
[M::mem_pestat] skip orientation RF
[M::mem_pestat] skip orientation RR
[M::mem_process_seqs] Processed 4384622 reads in 1425.402 CPU sec, 37.641 real sec
[M::mem_pestat] # candidate unique pairs for (FF, FR, RF, RR): (3, 63722, 1, 2)
[M::mem_pestat] skip orientation FF as there are not enough pairs
[M::mem_pestat] analyzing insert size distribution for orientation FR...
[M::mem_pestat] (25, 50, 75) percentile: (56, 75, 95)
[M::mem_pestat] low and high boundaries for computing mean and std.dev: (1, 173)
[M::mem_pestat] mean and std.dev: (76.43, 29.06)
[M::mem_pestat] low and high boundaries for proper pairs: (1, 212)
[M::mem_pestat] skip orientation RF as there are not enough pairs
[M::mem_pestat] skip orientation RR as there are not enough pairs
[M::mem_process_seqs] Processed 449314 reads in 166.047 CPU sec, 4.686 real sec
[main] Version: 0.7.17-r1188
[main] CMD: bwa mem -L 30,5 -t 40 -a -M -T 50 -A 1 -B 6 -O 10 -R @RG\tID:Sgr-AJol_048-Ex1-cssl.clmp.fp2_repr\tSM:Sgr-AJol_048-Ex1-cssl.clmp.fp2_repr\tPL:Illumina reference.ssl.Sgr-SgC0072C-contam-R1R2-noIsolate-fromPROBES.fasta Sgr-AJol_048-Ex1-cssl.clmp.fp2_repr.R1.fq.gz Sgr-AJol_048-Ex1-cssl.clmp.fp2_repr.R2.fq.gz
[main] Real time: 213.693 sec; CPU: 5949.146 sec
