

INFO	2023-07-10 14:37:00	AddOrReplaceReadGroups	

********** NOTE: Picard's command line syntax is changing.
**********
********** For more information, please see:
********** 
https://github.com/broadinstitute/picard/wiki/Command-Line-Syntax-Transition-For-Users-(Pre-Transition)
**********
********** The command line looks like this in the new syntax:
**********
**********    AddOrReplaceReadGroups -I -merged.ssl.Tbi-C_scaffolds_32R_spades_contam_R1R2ORPH_noisolate-RG.bam -O -merged.rgfix.ssl.Tbi-C_scaffolds_32R_spades_contam_R1R2ORPH_noisolate-RG.bam -RGID -merged -RGLB mergedlibs -RGPL illumina -RGPU unit1 -RGSM -merged
**********


14:37:00.600 INFO  NativeLibraryLoader - Loading libgkl_compression.so from jar:file:/home/e1garcia/shotgun_PIRE/pire_cssl_data_processing/scripts/picard.jar!/com/intel/gkl/native/libgkl_compression.so
[Mon Jul 10 14:37:00 GMT-05:00 2023] AddOrReplaceReadGroups INPUT=-merged.ssl.Tbi-C_scaffolds_32R_spades_contam_R1R2ORPH_noisolate-RG.bam OUTPUT=-merged.rgfix.ssl.Tbi-C_scaffolds_32R_spades_contam_R1R2ORPH_noisolate-RG.bam RGID=-merged RGLB=mergedlibs RGPL=illumina RGPU=unit1 RGSM=-merged    VERBOSITY=INFO QUIET=false VALIDATION_STRINGENCY=STRICT COMPRESSION_LEVEL=5 MAX_RECORDS_IN_RAM=500000 CREATE_INDEX=false CREATE_MD5_FILE=false GA4GH_CLIENT_SECRETS=client_secrets.json USE_JDK_DEFLATER=false USE_JDK_INFLATER=false
[Mon Jul 10 14:37:00 GMT-05:00 2023] Executing as mmalabag@e1-w6420b-19 on Linux 4.15.0-171-generic amd64; OpenJDK 64-Bit Server VM 1.8.0_252-b09; Deflater: Intel; Inflater: Intel; Provider GCS is not available; Picard version: 2.27.5
[Mon Jul 10 14:37:00 GMT-05:00 2023] picard.sam.AddOrReplaceReadGroups done. Elapsed time: 0.00 minutes.
Runtime.totalMemory()=2058354688
To get help, see http://broadinstitute.github.io/picard/index.html#GettingHelp
Exception in thread "main" htsjdk.samtools.SAMException: Cannot read non-existent file: file:///home/e1garcia/shotgun_PIRE/pire_cssl_data_processing/taeniamia_biguttata/redomerge/-merged.ssl.Tbi-C_scaffolds_32R_spades_contam_R1R2ORPH_noisolate-RG.bam
	at htsjdk.samtools.util.IOUtil.assertFileIsReadable(IOUtil.java:498)
	at htsjdk.samtools.util.IOUtil.assertFileIsReadable(IOUtil.java:485)
	at htsjdk.samtools.util.IOUtil.assertInputIsValid(IOUtil.java:461)
	at picard.sam.AddOrReplaceReadGroups.doWork(AddOrReplaceReadGroups.java:147)
	at picard.cmdline.CommandLineProgram.instanceMain(CommandLineProgram.java:309)
	at picard.cmdline.PicardCommandLine.instanceMain(PicardCommandLine.java:103)
	at picard.cmdline.PicardCommandLine.main(PicardCommandLine.java:113)
/var/spool/slurmd/job1848634/slurm_script: line 30: samtools: command not found
rm: invalid option -- 'm'
Try 'rm --help' for more information.
rm: invalid option -- 'm'
Try 'rm --help' for more information.
