
Tbi-ARos_016
INFO	2023-07-10 14:40:13	AddOrReplaceReadGroups	

********** NOTE: Picard's command line syntax is changing.
**********
********** For more information, please see:
********** 
https://github.com/broadinstitute/picard/wiki/Command-Line-Syntax-Transition-For-Users-(Pre-Transition)
**********
********** The command line looks like this in the new syntax:
**********
**********    AddOrReplaceReadGroups -I Tbi-ARos_016-merged.ssl.Tbi-C_scaffolds_32R_spades_contam_R1R2ORPH_noisolate-RG.bam -O Tbi-ARos_016-merged.rgfix.ssl.Tbi-C_scaffolds_32R_spades_contam_R1R2ORPH_noisolate-RG.bam -RGID Tbi-ARos_016-merged -RGLB mergedlibs -RGPL illumina -RGPU unit1 -RGSM Tbi-ARos_016-merged
**********


14:40:14.196 INFO  NativeLibraryLoader - Loading libgkl_compression.so from jar:file:/home/e1garcia/shotgun_PIRE/pire_cssl_data_processing/scripts/picard.jar!/com/intel/gkl/native/libgkl_compression.so
[Mon Jul 10 14:40:14 GMT-05:00 2023] AddOrReplaceReadGroups INPUT=Tbi-ARos_016-merged.ssl.Tbi-C_scaffolds_32R_spades_contam_R1R2ORPH_noisolate-RG.bam OUTPUT=Tbi-ARos_016-merged.rgfix.ssl.Tbi-C_scaffolds_32R_spades_contam_R1R2ORPH_noisolate-RG.bam RGID=Tbi-ARos_016-merged RGLB=mergedlibs RGPL=illumina RGPU=unit1 RGSM=Tbi-ARos_016-merged    VERBOSITY=INFO QUIET=false VALIDATION_STRINGENCY=STRICT COMPRESSION_LEVEL=5 MAX_RECORDS_IN_RAM=500000 CREATE_INDEX=false CREATE_MD5_FILE=false GA4GH_CLIENT_SECRETS=client_secrets.json USE_JDK_DEFLATER=false USE_JDK_INFLATER=false
[Mon Jul 10 14:40:14 GMT-05:00 2023] Executing as mmalabag@e1-w6420b-18 on Linux 4.15.0-171-generic amd64; OpenJDK 64-Bit Server VM 1.8.0_252-b09; Deflater: Intel; Inflater: Intel; Provider GCS is not available; Picard version: 2.27.5
INFO	2023-07-10 14:40:18	AddOrReplaceReadGroups	Created read-group ID=Tbi-ARos_016-merged PL=illumina LB=mergedlibs SM=Tbi-ARos_016-merged

INFO	2023-07-10 14:40:36	AddOrReplaceReadGroups	Processed     1,000,000 records.  Elapsed time: 00:00:14s.  Time for last 1,000,000:   14s.  Last read position: NODE_14593_length_12475_cov_3.468326:5,341
INFO	2023-07-10 14:40:51	AddOrReplaceReadGroups	Processed     2,000,000 records.  Elapsed time: 00:00:30s.  Time for last 1,000,000:   15s.  Last read position: NODE_82412_length_3157_cov_2.719424:1,174
[Mon Jul 10 14:41:00 GMT-05:00 2023] picard.sam.AddOrReplaceReadGroups done. Elapsed time: 0.78 minutes.
Runtime.totalMemory()=5865734144
/var/spool/slurmd/job1848645/slurm_script: line 30: samtools: command not found
