[M::bwa_idx_load_from_disk] read 0 ALT contigs
[M::process] read 3190046 sequences (400000158 bp)...
[M::mem_pestat] # candidate unique pairs for (FF, FR, RF, RR): (95, 469082, 152, 32)
[M::mem_pestat] analyzing insert size distribution for orientation FF...
[M::mem_pestat] (25, 50, 75) percentile: (60, 387, 460)
[M::mem_pestat] low and high boundaries for computing mean and std.dev: (1, 1260)
[M::mem_pestat] mean and std.dev: (300.98, 187.87)
[M::mem_pestat] low and high boundaries for proper pairs: (1, 1660)
[M::mem_pestat] analyzing insert size distribution for orientation FR...
[M::mem_pestat] (25, 50, 75) percentile: (85, 127, 180)
[M::mem_pestat] low and high boundaries for computing mean and std.dev: (1, 370)
[M::mem_pestat] mean and std.dev: (136.31, 72.40)
[M::mem_pestat] low and high boundaries for proper pairs: (1, 465)
[M::mem_pestat] analyzing insert size distribution for orientation RF...
[M::mem_pestat] (25, 50, 75) percentile: (173, 239, 3028)
[M::mem_pestat] low and high boundaries for computing mean and std.dev: (1, 8738)
[M::mem_pestat] mean and std.dev: (1517.79, 2308.49)
[M::mem_pestat] low and high boundaries for proper pairs: (1, 11593)
[M::mem_pestat] analyzing insert size distribution for orientation RR...
[M::mem_pestat] (25, 50, 75) percentile: (430, 559, 758)
[M::mem_pestat] low and high boundaries for computing mean and std.dev: (1, 1414)
[M::mem_pestat] mean and std.dev: (500.44, 294.25)
[M::mem_pestat] low and high boundaries for proper pairs: (1, 1742)
[M::mem_pestat] skip orientation FF
[M::mem_pestat] skip orientation RF
[M::mem_pestat] skip orientation RR
[M::process] read 2110108 sequences (266231718 bp)...
[M::mem_process_seqs] Processed 3190046 reads in 3151.064 CPU sec, 109.084 real sec
[M::mem_pestat] # candidate unique pairs for (FF, FR, RF, RR): (49, 292896, 90, 31)
[M::mem_pestat] analyzing insert size distribution for orientation FF...
[M::mem_pestat] (25, 50, 75) percentile: (111, 387, 566)
[M::mem_pestat] low and high boundaries for computing mean and std.dev: (1, 1476)
[M::mem_pestat] mean and std.dev: (332.50, 206.57)
[M::mem_pestat] low and high boundaries for proper pairs: (1, 1931)
[M::mem_pestat] analyzing insert size distribution for orientation FR...
[M::mem_pestat] (25, 50, 75) percentile: (85, 126, 179)
[M::mem_pestat] low and high boundaries for computing mean and std.dev: (1, 367)
[M::mem_pestat] mean and std.dev: (135.81, 72.13)
[M::mem_pestat] low and high boundaries for proper pairs: (1, 461)
[M::mem_pestat] analyzing insert size distribution for orientation RF...
[M::mem_pestat] (25, 50, 75) percentile: (45, 1685, 3405)
[M::mem_pestat] low and high boundaries for computing mean and std.dev: (1, 10125)
[M::mem_pestat] mean and std.dev: (2037.68, 2528.63)
[M::mem_pestat] low and high boundaries for proper pairs: (1, 13485)
[M::mem_pestat] analyzing insert size distribution for orientation RR...
[M::mem_pestat] (25, 50, 75) percentile: (343, 552, 876)
[M::mem_pestat] low and high boundaries for computing mean and std.dev: (1, 1942)
[M::mem_pestat] mean and std.dev: (604.20, 334.36)
[M::mem_pestat] low and high boundaries for proper pairs: (1, 2475)
[M::mem_pestat] skip orientation FF
[M::mem_pestat] skip orientation RF
[M::mem_pestat] skip orientation RR
[M::mem_process_seqs] Processed 2110108 reads in 1135.001 CPU sec, 31.540 real sec
[main] Version: 0.7.17-r1188
[main] CMD: bwa mem -L 30,5 -t 40 -a -M -T 50 -A 1 -B 6 -O 10 -R @RG\tID:Sgr-CMas_001-Ex1-cssl.clmp.fp2_repr\tSM:Sgr-CMas_001-Ex1-cssl.clmp.fp2_repr\tPL:Illumina reference.ssl.SgC0072C_decontam_R1R2_noIsolate.fasta Sgr-CMas_001-Ex1-cssl.clmp.fp2_repr.R1.fq.gz Sgr-CMas_001-Ex1-cssl.clmp.fp2_repr.R2.fq.gz
[main] Real time: 155.455 sec; CPU: 4300.697 sec
