[M::bwa_idx_load_from_disk] read 0 ALT contigs
[M::process] read 1947962 sequences (236270877 bp)...
[M::mem_pestat] # candidate unique pairs for (FF, FR, RF, RR): (49, 268812, 75, 27)
[M::mem_pestat] analyzing insert size distribution for orientation FF...
[M::mem_pestat] (25, 50, 75) percentile: (86, 577, 6898)
[M::mem_pestat] low and high boundaries for computing mean and std.dev: (1, 20522)
[M::mem_pestat] mean and std.dev: (2815.29, 3254.56)
[M::mem_pestat] low and high boundaries for proper pairs: (1, 27334)
[M::mem_pestat] analyzing insert size distribution for orientation FR...
[M::mem_pestat] (25, 50, 75) percentile: (80, 121, 171)
[M::mem_pestat] low and high boundaries for computing mean and std.dev: (1, 353)
[M::mem_pestat] mean and std.dev: (129.78, 68.07)
[M::mem_pestat] low and high boundaries for proper pairs: (1, 444)
[M::mem_pestat] analyzing insert size distribution for orientation RF...
[M::mem_pestat] (25, 50, 75) percentile: (26, 56, 3273)
[M::mem_pestat] low and high boundaries for computing mean and std.dev: (1, 9767)
[M::mem_pestat] mean and std.dev: (1454.79, 2104.99)
[M::mem_pestat] low and high boundaries for proper pairs: (1, 13014)
[M::mem_pestat] analyzing insert size distribution for orientation RR...
[M::mem_pestat] (25, 50, 75) percentile: (88, 88, 321)
[M::mem_pestat] low and high boundaries for computing mean and std.dev: (1, 787)
[M::mem_pestat] mean and std.dev: (191.11, 167.17)
[M::mem_pestat] low and high boundaries for proper pairs: (1, 1020)
[M::mem_pestat] skip orientation FF
[M::mem_pestat] skip orientation RF
[M::mem_pestat] skip orientation RR
[M::mem_process_seqs] Processed 1947962 reads in 1123.883 CPU sec, 29.971 real sec
[main] Version: 0.7.17-r1188
[main] CMD: bwa mem -L 30,5 -t 40 -a -M -T 50 -A 1 -B 6 -O 10 -R @RG\tID:Sgr-CJol_041-Ex1-cssl.clmp.fp2_repr\tSM:Sgr-CJol_041-Ex1-cssl.clmp.fp2_repr\tPL:Illumina reference.ssl.SgC0072C_decontam_R1R2_noIsolate.fasta Sgr-CJol_041-Ex1-cssl.clmp.fp2_repr.R1.fq.gz Sgr-CJol_041-Ex1-cssl.clmp.fp2_repr.R2.fq.gz
[main] Real time: 42.311 sec; CPU: 1134.726 sec
