[M::bwa_idx_load_from_disk] read 0 ALT contigs
[M::process] read 729014 sequences (90268010 bp)...
[M::mem_pestat] # candidate unique pairs for (FF, FR, RF, RR): (83, 204378, 69, 96)
[M::mem_pestat] analyzing insert size distribution for orientation FF...
[M::mem_pestat] (25, 50, 75) percentile: (65, 82, 161)
[M::mem_pestat] low and high boundaries for computing mean and std.dev: (1, 353)
[M::mem_pestat] mean and std.dev: (121.22, 64.42)
[M::mem_pestat] low and high boundaries for proper pairs: (1, 449)
[M::mem_pestat] analyzing insert size distribution for orientation FR...
[M::mem_pestat] (25, 50, 75) percentile: (108, 142, 189)
[M::mem_pestat] low and high boundaries for computing mean and std.dev: (1, 351)
[M::mem_pestat] mean and std.dev: (152.25, 62.53)
[M::mem_pestat] low and high boundaries for proper pairs: (1, 432)
[M::mem_pestat] analyzing insert size distribution for orientation RF...
[M::mem_pestat] (25, 50, 75) percentile: (16, 17, 101)
[M::mem_pestat] low and high boundaries for computing mean and std.dev: (1, 271)
[M::mem_pestat] mean and std.dev: (56.87, 60.69)
[M::mem_pestat] low and high boundaries for proper pairs: (1, 356)
[M::mem_pestat] analyzing insert size distribution for orientation RR...
[M::mem_pestat] (25, 50, 75) percentile: (49, 51, 80)
[M::mem_pestat] low and high boundaries for computing mean and std.dev: (1, 142)
[M::mem_pestat] mean and std.dev: (62.51, 24.30)
[M::mem_pestat] low and high boundaries for proper pairs: (1, 173)
[M::mem_pestat] skip orientation FF
[M::mem_pestat] skip orientation RF
[M::mem_pestat] skip orientation RR
[M::mem_process_seqs] Processed 729014 reads in 370.601 CPU sec, 10.514 real sec
[main] Version: 0.7.17-r1188
[main] CMD: bwa mem -L 30,5 -t 40 -a -M -T 50 -A 1 -B 6 -O 10 -R @RG\tID:Sgr-CMvi_070-Ex1-cssl.clmp.fp2_repr\tSM:Sgr-CMvi_070-Ex1-cssl.clmp.fp2_repr\tPL:Illumina reference.ssl.SgC0072C_decontam_R1R2_noIsolate.fasta Sgr-CMvi_070-Ex1-cssl.clmp.fp2_repr.R1.fq.gz Sgr-CMvi_070-Ex1-cssl.clmp.fp2_repr.R2.fq.gz
[main] Real time: 17.022 sec; CPU: 375.612 sec
