[M::bwa_idx_load_from_disk] read 0 ALT contigs
[M::process] read 1116666 sequences (138610383 bp)...
[M::mem_pestat] # candidate unique pairs for (FF, FR, RF, RR): (128, 310540, 58, 68)
[M::mem_pestat] analyzing insert size distribution for orientation FF...
[M::mem_pestat] (25, 50, 75) percentile: (83, 85, 85)
[M::mem_pestat] low and high boundaries for computing mean and std.dev: (79, 89)
[M::mem_pestat] mean and std.dev: (84.45, 0.84)
[M::mem_pestat] low and high boundaries for proper pairs: (77, 91)
[M::mem_pestat] analyzing insert size distribution for orientation FR...
[M::mem_pestat] (25, 50, 75) percentile: (109, 143, 187)
[M::mem_pestat] low and high boundaries for computing mean and std.dev: (1, 343)
[M::mem_pestat] mean and std.dev: (151.04, 59.98)
[M::mem_pestat] low and high boundaries for proper pairs: (1, 421)
[M::mem_pestat] analyzing insert size distribution for orientation RF...
[M::mem_pestat] (25, 50, 75) percentile: (38, 54, 415)
[M::mem_pestat] low and high boundaries for computing mean and std.dev: (1, 1169)
[M::mem_pestat] mean and std.dev: (146.45, 266.78)
[M::mem_pestat] low and high boundaries for proper pairs: (1, 1546)
[M::mem_pestat] analyzing insert size distribution for orientation RR...
[M::mem_pestat] (25, 50, 75) percentile: (73, 126, 164)
[M::mem_pestat] low and high boundaries for computing mean and std.dev: (1, 346)
[M::mem_pestat] mean and std.dev: (110.18, 48.31)
[M::mem_pestat] low and high boundaries for proper pairs: (1, 437)
[M::mem_pestat] skip orientation FF
[M::mem_pestat] skip orientation RF
[M::mem_pestat] skip orientation RR
[M::mem_process_seqs] Processed 1116666 reads in 523.299 CPU sec, 14.101 real sec
[main] Version: 0.7.17-r1188
[main] CMD: bwa mem -L 30,5 -t 40 -a -M -T 50 -A 1 -B 6 -O 10 -R @RG\tID:Sgr-CMvi_046-Ex1-cssl.clmp.fp2_repr\tSM:Sgr-CMvi_046-Ex1-cssl.clmp.fp2_repr\tPL:Illumina reference.ssl.SgC0072C_decontam_R1R2_noIsolate.fasta Sgr-CMvi_046-Ex1-cssl.clmp.fp2_repr.R1.fq.gz Sgr-CMvi_046-Ex1-cssl.clmp.fp2_repr.R2.fq.gz
[main] Real time: 22.327 sec; CPU: 529.939 sec
