[M::bwa_idx_load_from_disk] read 0 ALT contigs
[M::process] read 4530646 sequences (400000155 bp)...
[M::mem_pestat] # candidate unique pairs for (FF, FR, RF, RR): (22, 651136, 17, 10)
[M::mem_pestat] analyzing insert size distribution for orientation FF...
[M::mem_pestat] (25, 50, 75) percentile: (40, 79, 115)
[M::mem_pestat] low and high boundaries for computing mean and std.dev: (1, 265)
[M::mem_pestat] mean and std.dev: (71.60, 38.79)
[M::mem_pestat] low and high boundaries for proper pairs: (1, 340)
[M::mem_pestat] analyzing insert size distribution for orientation FR...
[M::mem_pestat] (25, 50, 75) percentile: (57, 76, 94)
[M::mem_pestat] low and high boundaries for computing mean and std.dev: (1, 168)
[M::mem_pestat] mean and std.dev: (76.20, 28.09)
[M::mem_pestat] low and high boundaries for proper pairs: (1, 205)
[M::mem_pestat] analyzing insert size distribution for orientation RF...
[M::mem_pestat] (25, 50, 75) percentile: (21, 33, 69)
[M::mem_pestat] low and high boundaries for computing mean and std.dev: (1, 165)
[M::mem_pestat] mean and std.dev: (30.00, 16.52)
[M::mem_pestat] low and high boundaries for proper pairs: (1, 213)
[M::mem_pestat] analyzing insert size distribution for orientation RR...
[M::mem_pestat] (25, 50, 75) percentile: (24, 451, 734)
[M::mem_pestat] low and high boundaries for computing mean and std.dev: (1, 2154)
[M::mem_pestat] mean and std.dev: (380.22, 482.81)
[M::mem_pestat] low and high boundaries for proper pairs: (1, 2864)
[M::mem_pestat] skip orientation FF
[M::mem_pestat] skip orientation RF
[M::mem_pestat] skip orientation RR
[M::mem_process_seqs] Processed 4530646 reads in 2675.745 CPU sec, 96.615 real sec
[M::process] read 4522058 sequences (400000201 bp)...
[M::process] read 3002650 sequences (267525380 bp)...
[M::mem_pestat] # candidate unique pairs for (FF, FR, RF, RR): (7, 647525, 17, 17)
[M::mem_pestat] skip orientation FF as there are not enough pairs
[M::mem_pestat] analyzing insert size distribution for orientation FR...
[M::mem_pestat] (25, 50, 75) percentile: (57, 76, 94)
[M::mem_pestat] low and high boundaries for computing mean and std.dev: (1, 168)
[M::mem_pestat] mean and std.dev: (76.14, 28.09)
[M::mem_pestat] low and high boundaries for proper pairs: (1, 205)
[M::mem_pestat] analyzing insert size distribution for orientation RF...
[M::mem_pestat] (25, 50, 75) percentile: (19, 34, 85)
[M::mem_pestat] low and high boundaries for computing mean and std.dev: (1, 217)
[M::mem_pestat] mean and std.dev: (40.93, 27.92)
[M::mem_pestat] low and high boundaries for proper pairs: (1, 283)
[M::mem_pestat] analyzing insert size distribution for orientation RR...
[M::mem_pestat] (25, 50, 75) percentile: (32, 148, 538)
[M::mem_pestat] low and high boundaries for computing mean and std.dev: (1, 1550)
[M::mem_pestat] mean and std.dev: (232.41, 225.45)
[M::mem_pestat] low and high boundaries for proper pairs: (1, 2056)
[M::mem_pestat] skip orientation RF
[M::mem_pestat] skip orientation RR
[M::mem_process_seqs] Processed 4522058 reads in 1388.230 CPU sec, 36.630 real sec
[M::mem_pestat] # candidate unique pairs for (FF, FR, RF, RR): (16, 422876, 15, 11)
[M::mem_pestat] analyzing insert size distribution for orientation FF...
[M::mem_pestat] (25, 50, 75) percentile: (34, 39, 53)
[M::mem_pestat] low and high boundaries for computing mean and std.dev: (1, 91)
[M::mem_pestat] mean and std.dev: (37.29, 19.01)
[M::mem_pestat] low and high boundaries for proper pairs: (1, 113)
[M::mem_pestat] analyzing insert size distribution for orientation FR...
[M::mem_pestat] (25, 50, 75) percentile: (57, 76, 94)
[M::mem_pestat] low and high boundaries for computing mean and std.dev: (1, 168)
[M::mem_pestat] mean and std.dev: (76.14, 28.24)
[M::mem_pestat] low and high boundaries for proper pairs: (1, 205)
[M::mem_pestat] analyzing insert size distribution for orientation RF...
[M::mem_pestat] (25, 50, 75) percentile: (16, 26, 58)
[M::mem_pestat] low and high boundaries for computing mean and std.dev: (1, 142)
[M::mem_pestat] mean and std.dev: (31.54, 20.42)
[M::mem_pestat] low and high boundaries for proper pairs: (1, 184)
[M::mem_pestat] analyzing insert size distribution for orientation RR...
[M::mem_pestat] (25, 50, 75) percentile: (31, 53, 308)
[M::mem_pestat] low and high boundaries for computing mean and std.dev: (1, 862)
[M::mem_pestat] mean and std.dev: (204.55, 203.29)
[M::mem_pestat] low and high boundaries for proper pairs: (1, 1139)
[M::mem_pestat] skip orientation FF
[M::mem_pestat] skip orientation RF
[M::mem_pestat] skip orientation RR
[M::mem_process_seqs] Processed 3002650 reads in 949.496 CPU sec, 26.920 real sec
[main] Version: 0.7.17-r1188
[main] CMD: bwa mem -L 30,5 -t 40 -a -M -T 50 -A 1 -B 6 -O 10 -R @RG\tID:Sgr-AJol_028-Ex1-cssl.clmp.fp2_repr\tSM:Sgr-AJol_028-Ex1-cssl.clmp.fp2_repr\tPL:Illumina reference.ssl.SgC0072C_decontam_R1R2_noIsolate.fasta Sgr-AJol_028-Ex1-cssl.clmp.fp2_repr.R1.fq.gz Sgr-AJol_028-Ex1-cssl.clmp.fp2_repr.R2.fq.gz
[main] Real time: 184.648 sec; CPU: 5042.451 sec
