[M::bwa_idx_load_from_disk] read 0 ALT contigs
[M::process] read 2045860 sequences (243165455 bp)...
[M::mem_pestat] # candidate unique pairs for (FF, FR, RF, RR): (44, 308376, 70, 19)
[M::mem_pestat] analyzing insert size distribution for orientation FF...
[M::mem_pestat] (25, 50, 75) percentile: (53, 62, 442)
[M::mem_pestat] low and high boundaries for computing mean and std.dev: (1, 1220)
[M::mem_pestat] mean and std.dev: (189.95, 188.25)
[M::mem_pestat] low and high boundaries for proper pairs: (1, 1609)
[M::mem_pestat] analyzing insert size distribution for orientation FR...
[M::mem_pestat] (25, 50, 75) percentile: (77, 114, 160)
[M::mem_pestat] low and high boundaries for computing mean and std.dev: (1, 326)
[M::mem_pestat] mean and std.dev: (121.27, 61.09)
[M::mem_pestat] low and high boundaries for proper pairs: (1, 409)
[M::mem_pestat] analyzing insert size distribution for orientation RF...
[M::mem_pestat] (25, 50, 75) percentile: (33, 105, 4180)
[M::mem_pestat] low and high boundaries for computing mean and std.dev: (1, 12474)
[M::mem_pestat] mean and std.dev: (1301.73, 2015.06)
[M::mem_pestat] low and high boundaries for proper pairs: (1, 16621)
[M::mem_pestat] analyzing insert size distribution for orientation RR...
[M::mem_pestat] (25, 50, 75) percentile: (191, 402, 406)
[M::mem_pestat] low and high boundaries for computing mean and std.dev: (1, 836)
[M::mem_pestat] mean and std.dev: (257.20, 128.39)
[M::mem_pestat] low and high boundaries for proper pairs: (1, 1051)
[M::mem_pestat] skip orientation FF
[M::mem_pestat] skip orientation RF
[M::mem_pestat] skip orientation RR
[M::mem_process_seqs] Processed 2045860 reads in 1135.465 CPU sec, 30.472 real sec
[main] Version: 0.7.17-r1188
[main] CMD: bwa mem -L 30,5 -t 40 -a -M -T 50 -A 1 -B 6 -O 10 -R @RG\tID:Sgr-CJol_088-Ex1-cssl.clmp.fp2_repr\tSM:Sgr-CJol_088-Ex1-cssl.clmp.fp2_repr\tPL:Illumina reference.ssl.SgC0072C_decontam_R1R2_noIsolate.fasta Sgr-CJol_088-Ex1-cssl.clmp.fp2_repr.R1.fq.gz Sgr-CJol_088-Ex1-cssl.clmp.fp2_repr.R2.fq.gz
[main] Real time: 42.571 sec; CPU: 1146.013 sec
