[M::bwa_idx_load_from_disk] read 0 ALT contigs
[M::process] read 4393588 sequences (400000134 bp)...
[M::mem_pestat] # candidate unique pairs for (FF, FR, RF, RR): (24, 645541, 22, 27)
[M::mem_pestat] analyzing insert size distribution for orientation FF...
[M::mem_pestat] (25, 50, 75) percentile: (29, 53, 538)
[M::mem_pestat] low and high boundaries for computing mean and std.dev: (1, 1556)
[M::mem_pestat] mean and std.dev: (224.79, 248.82)
[M::mem_pestat] low and high boundaries for proper pairs: (1, 2065)
[M::mem_pestat] analyzing insert size distribution for orientation FR...
[M::mem_pestat] (25, 50, 75) percentile: (59, 78, 97)
[M::mem_pestat] low and high boundaries for computing mean and std.dev: (1, 173)
[M::mem_pestat] mean and std.dev: (78.67, 28.87)
[M::mem_pestat] low and high boundaries for proper pairs: (1, 211)
[M::mem_pestat] analyzing insert size distribution for orientation RF...
[M::mem_pestat] (25, 50, 75) percentile: (20, 33, 43)
[M::mem_pestat] low and high boundaries for computing mean and std.dev: (1, 89)
[M::mem_pestat] mean and std.dev: (28.11, 14.18)
[M::mem_pestat] low and high boundaries for proper pairs: (1, 112)
[M::mem_pestat] analyzing insert size distribution for orientation RR...
[M::mem_pestat] (25, 50, 75) percentile: (35, 62, 527)
[M::mem_pestat] low and high boundaries for computing mean and std.dev: (1, 1511)
[M::mem_pestat] mean and std.dev: (241.04, 247.86)
[M::mem_pestat] low and high boundaries for proper pairs: (1, 2003)
[M::mem_pestat] skip orientation FF
[M::mem_pestat] skip orientation RF
[M::mem_pestat] skip orientation RR
[M::mem_process_seqs] Processed 4393588 reads in 2934.004 CPU sec, 107.635 real sec
[M::process] read 4321962 sequences (400000106 bp)...
[M::process] read 581946 sequences (53173211 bp)...
[M::mem_pestat] # candidate unique pairs for (FF, FR, RF, RR): (30, 608622, 29, 39)
[M::mem_pestat] analyzing insert size distribution for orientation FF...
[M::mem_pestat] (25, 50, 75) percentile: (22, 43, 70)
[M::mem_pestat] low and high boundaries for computing mean and std.dev: (1, 166)
[M::mem_pestat] mean and std.dev: (38.79, 20.76)
[M::mem_pestat] low and high boundaries for proper pairs: (1, 214)
[M::mem_pestat] analyzing insert size distribution for orientation FR...
[M::mem_pestat] (25, 50, 75) percentile: (59, 78, 97)
[M::mem_pestat] low and high boundaries for computing mean and std.dev: (1, 173)
[M::mem_pestat] mean and std.dev: (78.58, 28.99)
[M::mem_pestat] low and high boundaries for proper pairs: (1, 211)
[M::mem_pestat] analyzing insert size distribution for orientation RF...
[M::mem_pestat] (25, 50, 75) percentile: (10, 31, 68)
[M::mem_pestat] low and high boundaries for computing mean and std.dev: (1, 184)
[M::mem_pestat] mean and std.dev: (32.28, 26.57)
[M::mem_pestat] low and high boundaries for proper pairs: (1, 242)
[M::mem_pestat] analyzing insert size distribution for orientation RR...
[M::mem_pestat] (25, 50, 75) percentile: (31, 60, 133)
[M::mem_pestat] low and high boundaries for computing mean and std.dev: (1, 337)
[M::mem_pestat] mean and std.dev: (56.90, 38.56)
[M::mem_pestat] low and high boundaries for proper pairs: (1, 439)
[M::mem_pestat] skip orientation FF
[M::mem_pestat] skip orientation RF
[M::mem_pestat] skip orientation RR
[M::mem_process_seqs] Processed 4321962 reads in 1454.370 CPU sec, 38.199 real sec
[M::mem_pestat] # candidate unique pairs for (FF, FR, RF, RR): (1, 84667, 5, 2)
[M::mem_pestat] skip orientation FF as there are not enough pairs
[M::mem_pestat] analyzing insert size distribution for orientation FR...
[M::mem_pestat] (25, 50, 75) percentile: (59, 78, 97)
[M::mem_pestat] low and high boundaries for computing mean and std.dev: (1, 173)
[M::mem_pestat] mean and std.dev: (78.73, 28.87)
[M::mem_pestat] low and high boundaries for proper pairs: (1, 211)
[M::mem_pestat] skip orientation RF as there are not enough pairs
[M::mem_pestat] skip orientation RR as there are not enough pairs
[M::mem_process_seqs] Processed 581946 reads in 211.236 CPU sec, 6.004 real sec
[main] Version: 0.7.17-r1188
[main] CMD: bwa mem -L 30,5 -t 40 -a -M -T 50 -A 1 -B 6 -O 10 -R @RG\tID:Sgr-AJol_029-Ex1-cssl.clmp.fp2_repr\tSM:Sgr-AJol_029-Ex1-cssl.clmp.fp2_repr\tPL:Illumina reference.ssl.SgC0072C_decontam_R1R2_noIsolate.fasta Sgr-AJol_029-Ex1-cssl.clmp.fp2_repr.R1.fq.gz Sgr-AJol_029-Ex1-cssl.clmp.fp2_repr.R2.fq.gz
[main] Real time: 174.249 sec; CPU: 4624.957 sec
