[M::bwa_idx_load_from_disk] read 0 ALT contigs
[M::process] read 3191812 sequences (288907342 bp)...
[M::mem_pestat] # candidate unique pairs for (FF, FR, RF, RR): (30, 419232, 14, 20)
[M::mem_pestat] analyzing insert size distribution for orientation FF...
[M::mem_pestat] (25, 50, 75) percentile: (21, 34, 53)
[M::mem_pestat] low and high boundaries for computing mean and std.dev: (1, 117)
[M::mem_pestat] mean and std.dev: (35.86, 20.45)
[M::mem_pestat] low and high boundaries for proper pairs: (1, 149)
[M::mem_pestat] analyzing insert size distribution for orientation FR...
[M::mem_pestat] (25, 50, 75) percentile: (57, 76, 96)
[M::mem_pestat] low and high boundaries for computing mean and std.dev: (1, 174)
[M::mem_pestat] mean and std.dev: (77.11, 29.17)
[M::mem_pestat] low and high boundaries for proper pairs: (1, 213)
[M::mem_pestat] analyzing insert size distribution for orientation RF...
[M::mem_pestat] (25, 50, 75) percentile: (28, 42, 271)
[M::mem_pestat] low and high boundaries for computing mean and std.dev: (1, 757)
[M::mem_pestat] mean and std.dev: (106.75, 158.31)
[M::mem_pestat] low and high boundaries for proper pairs: (1, 1000)
[M::mem_pestat] analyzing insert size distribution for orientation RR...
[M::mem_pestat] (25, 50, 75) percentile: (17, 40, 51)
[M::mem_pestat] low and high boundaries for computing mean and std.dev: (1, 119)
[M::mem_pestat] mean and std.dev: (30.41, 21.46)
[M::mem_pestat] low and high boundaries for proper pairs: (1, 153)
[M::mem_pestat] skip orientation FF
[M::mem_pestat] skip orientation RF
[M::mem_pestat] skip orientation RR
[M::mem_process_seqs] Processed 3191812 reads in 1136.775 CPU sec, 30.376 real sec
[main] Version: 0.7.17-r1188
[main] CMD: bwa mem -L 30,5 -t 40 -a -M -T 50 -A 1 -B 6 -O 10 -R @RG\tID:Sgr-AJol_022-Ex1-cssl.clmp.fp2_repr\tSM:Sgr-AJol_022-Ex1-cssl.clmp.fp2_repr\tPL:Illumina reference.ssl.SgC0072C_decontam_R1R2_noIsolate.fasta Sgr-AJol_022-Ex1-cssl.clmp.fp2_repr.R1.fq.gz Sgr-AJol_022-Ex1-cssl.clmp.fp2_repr.R2.fq.gz
[main] Real time: 46.446 sec; CPU: 1151.329 sec
