[M::bwa_idx_load_from_disk] read 0 ALT contigs
[M::process] read 212066 sequences (26726136 bp)...
[M::mem_pestat] # candidate unique pairs for (FF, FR, RF, RR): (0, 53091, 49, 10)
[M::mem_pestat] skip orientation FF as there are not enough pairs
[M::mem_pestat] analyzing insert size distribution for orientation FR...
[M::mem_pestat] (25, 50, 75) percentile: (111, 154, 225)
[M::mem_pestat] low and high boundaries for computing mean and std.dev: (1, 453)
[M::mem_pestat] mean and std.dev: (175.89, 88.95)
[M::mem_pestat] low and high boundaries for proper pairs: (1, 567)
[M::mem_pestat] analyzing insert size distribution for orientation RF...
[M::mem_pestat] (25, 50, 75) percentile: (120, 6205, 6206)
[M::mem_pestat] low and high boundaries for computing mean and std.dev: (1, 18378)
[M::mem_pestat] mean and std.dev: (3863.67, 2980.43)
[M::mem_pestat] low and high boundaries for proper pairs: (1, 24464)
[M::mem_pestat] analyzing insert size distribution for orientation RR...
[M::mem_pestat] (25, 50, 75) percentile: (171, 171, 171)
[M::mem_pestat] low and high boundaries for computing mean and std.dev: (171, 171)
[M::mem_pestat] mean and std.dev: (171.00, 0.00)
[M::mem_pestat] low and high boundaries for proper pairs: (171, 171)
[M::mem_pestat] skip orientation RF
[M::mem_pestat] skip orientation RR
[M::mem_process_seqs] Processed 212066 reads in 118.899 CPU sec, 3.283 real sec
[main] Version: 0.7.17-r1188
[main] CMD: bwa mem -L 30,5 -t 40 -a -M -T 50 -A 1 -B 6 -O 10 -R @RG\tID:Sgr-CMvi_042-Ex1-cssl.clmp.fp2_repr\tSM:Sgr-CMvi_042-Ex1-cssl.clmp.fp2_repr\tPL:Illumina reference.ssl.SgC0072C_decontam_R1R2_noIsolate.fasta Sgr-CMvi_042-Ex1-cssl.clmp.fp2_repr.R1.fq.gz Sgr-CMvi_042-Ex1-cssl.clmp.fp2_repr.R2.fq.gz
[main] Real time: 7.674 sec; CPU: 121.773 sec
