[M::bwa_idx_load_from_disk] read 0 ALT contigs
[M::process] read 713996 sequences (80938799 bp)...
[M::mem_pestat] # candidate unique pairs for (FF, FR, RF, RR): (12, 50771, 1, 25)
[M::mem_pestat] analyzing insert size distribution for orientation FF...
[M::mem_pestat] (25, 50, 75) percentile: (28, 80, 96)
[M::mem_pestat] low and high boundaries for computing mean and std.dev: (1, 232)
[M::mem_pestat] mean and std.dev: (63.55, 38.46)
[M::mem_pestat] low and high boundaries for proper pairs: (1, 300)
[M::mem_pestat] analyzing insert size distribution for orientation FR...
[M::mem_pestat] (25, 50, 75) percentile: (59, 82, 107)
[M::mem_pestat] low and high boundaries for computing mean and std.dev: (1, 203)
[M::mem_pestat] mean and std.dev: (83.72, 35.31)
[M::mem_pestat] low and high boundaries for proper pairs: (1, 251)
[M::mem_pestat] skip orientation RF as there are not enough pairs
[M::mem_pestat] analyzing insert size distribution for orientation RR...
[M::mem_pestat] (25, 50, 75) percentile: (28, 64, 105)
[M::mem_pestat] low and high boundaries for computing mean and std.dev: (1, 259)
[M::mem_pestat] mean and std.dev: (68.40, 55.25)
[M::mem_pestat] low and high boundaries for proper pairs: (1, 336)
[M::mem_pestat] skip orientation FF
[M::mem_pestat] skip orientation RR
[M::mem_process_seqs] Processed 713996 reads in 337.097 CPU sec, 9.694 real sec
[main] Version: 0.7.17-r1188
[main] CMD: bwa mem -L 30,5 -t 40 -a -M -T 50 -A 1 -B 6 -O 10 -R @RG\tID:Sgr-AMvi_015-Ex1-cssl.clmp.fp2_repr\tSM:Sgr-AMvi_015-Ex1-cssl.clmp.fp2_repr\tPL:Illumina reference.ssl.SgC0072C_decontam_R1R2_noIsolate.fasta Sgr-AMvi_015-Ex1-cssl.clmp.fp2_repr.R1.fq.gz Sgr-AMvi_015-Ex1-cssl.clmp.fp2_repr.R2.fq.gz
[main] Real time: 16.154 sec; CPU: 342.026 sec
