[M::bwa_idx_load_from_disk] read 0 ALT contigs
[M::process] read 4653178 sequences (400000074 bp)...
[M::mem_pestat] # candidate unique pairs for (FF, FR, RF, RR): (20, 654786, 14, 12)
[M::mem_pestat] analyzing insert size distribution for orientation FF...
[M::mem_pestat] (25, 50, 75) percentile: (25, 29, 62)
[M::mem_pestat] low and high boundaries for computing mean and std.dev: (1, 136)
[M::mem_pestat] mean and std.dev: (28.69, 15.91)
[M::mem_pestat] low and high boundaries for proper pairs: (1, 173)
[M::mem_pestat] analyzing insert size distribution for orientation FR...
[M::mem_pestat] (25, 50, 75) percentile: (55, 73, 92)
[M::mem_pestat] low and high boundaries for computing mean and std.dev: (1, 166)
[M::mem_pestat] mean and std.dev: (74.20, 27.59)
[M::mem_pestat] low and high boundaries for proper pairs: (1, 203)
[M::mem_pestat] analyzing insert size distribution for orientation RF...
[M::mem_pestat] (25, 50, 75) percentile: (11, 48, 54)
[M::mem_pestat] low and high boundaries for computing mean and std.dev: (1, 140)
[M::mem_pestat] mean and std.dev: (29.08, 21.21)
[M::mem_pestat] low and high boundaries for proper pairs: (1, 183)
[M::mem_pestat] analyzing insert size distribution for orientation RR...
[M::mem_pestat] (25, 50, 75) percentile: (98, 526, 526)
[M::mem_pestat] low and high boundaries for computing mean and std.dev: (1, 1382)
[M::mem_pestat] mean and std.dev: (326.67, 233.50)
[M::mem_pestat] low and high boundaries for proper pairs: (1, 1810)
[M::mem_pestat] skip orientation FF
[M::mem_pestat] skip orientation RF
[M::mem_pestat] skip orientation RR
[M::mem_process_seqs] Processed 4653178 reads in 2602.440 CPU sec, 93.796 real sec
[M::process] read 4650742 sequences (400000153 bp)...
[M::process] read 4616726 sequences (400000075 bp)...
[M::mem_pestat] # candidate unique pairs for (FF, FR, RF, RR): (21, 656007, 21, 27)
[M::mem_pestat] analyzing insert size distribution for orientation FF...
[M::mem_pestat] (25, 50, 75) percentile: (25, 29, 50)
[M::mem_pestat] low and high boundaries for computing mean and std.dev: (1, 100)
[M::mem_pestat] mean and std.dev: (28.47, 16.93)
[M::mem_pestat] low and high boundaries for proper pairs: (1, 125)
[M::mem_pestat] analyzing insert size distribution for orientation FR...
[M::mem_pestat] (25, 50, 75) percentile: (55, 73, 92)
[M::mem_pestat] low and high boundaries for computing mean and std.dev: (1, 166)
[M::mem_pestat] mean and std.dev: (74.23, 27.51)
[M::mem_pestat] low and high boundaries for proper pairs: (1, 203)
[M::mem_pestat] analyzing insert size distribution for orientation RF...
[M::mem_pestat] (25, 50, 75) percentile: (28, 37, 62)
[M::mem_pestat] low and high boundaries for computing mean and std.dev: (1, 130)
[M::mem_pestat] mean and std.dev: (33.18, 13.88)
[M::mem_pestat] low and high boundaries for proper pairs: (1, 164)
[M::mem_pestat] analyzing insert size distribution for orientation RR...
[M::mem_pestat] (25, 50, 75) percentile: (30, 44, 555)
[M::mem_pestat] low and high boundaries for computing mean and std.dev: (1, 1605)
[M::mem_pestat] mean and std.dev: (243.48, 250.14)
[M::mem_pestat] low and high boundaries for proper pairs: (1, 2130)
[M::mem_pestat] skip orientation FF
[M::mem_pestat] skip orientation RF
[M::mem_pestat] skip orientation RR
[M::mem_process_seqs] Processed 4650742 reads in 1376.630 CPU sec, 36.743 real sec
[M::process] read 834866 sequences (71899324 bp)...
[M::mem_pestat] # candidate unique pairs for (FF, FR, RF, RR): (9, 639190, 23, 21)
[M::mem_pestat] skip orientation FF as there are not enough pairs
[M::mem_pestat] analyzing insert size distribution for orientation FR...
[M::mem_pestat] (25, 50, 75) percentile: (55, 74, 92)
[M::mem_pestat] low and high boundaries for computing mean and std.dev: (1, 166)
[M::mem_pestat] mean and std.dev: (74.23, 27.61)
[M::mem_pestat] low and high boundaries for proper pairs: (1, 203)
[M::mem_pestat] analyzing insert size distribution for orientation RF...
[M::mem_pestat] (25, 50, 75) percentile: (25, 30, 149)
[M::mem_pestat] low and high boundaries for computing mean and std.dev: (1, 397)
[M::mem_pestat] mean and std.dev: (35.11, 29.78)
[M::mem_pestat] low and high boundaries for proper pairs: (1, 521)
[M::mem_pestat] analyzing insert size distribution for orientation RR...
[M::mem_pestat] (25, 50, 75) percentile: (18, 170, 571)
[M::mem_pestat] low and high boundaries for computing mean and std.dev: (1, 1677)
[M::mem_pestat] mean and std.dev: (296.10, 271.92)
[M::mem_pestat] low and high boundaries for proper pairs: (1, 2230)
[M::mem_pestat] skip orientation RF
[M::mem_pestat] skip orientation RR
[M::mem_process_seqs] Processed 4616726 reads in 1379.366 CPU sec, 37.056 real sec
[M::mem_pestat] # candidate unique pairs for (FF, FR, RF, RR): (2, 118109, 4, 3)
[M::mem_pestat] skip orientation FF as there are not enough pairs
[M::mem_pestat] analyzing insert size distribution for orientation FR...
[M::mem_pestat] (25, 50, 75) percentile: (55, 74, 92)
[M::mem_pestat] low and high boundaries for computing mean and std.dev: (1, 166)
[M::mem_pestat] mean and std.dev: (74.35, 27.62)
[M::mem_pestat] low and high boundaries for proper pairs: (1, 203)
[M::mem_pestat] skip orientation RF as there are not enough pairs
[M::mem_pestat] skip orientation RR as there are not enough pairs
[M::mem_process_seqs] Processed 834866 reads in 267.547 CPU sec, 7.901 real sec
[main] Version: 0.7.17-r1188
[main] CMD: bwa mem -L 30,5 -t 40 -a -M -T 50 -A 1 -B 6 -O 10 -R @RG\tID:Sgr-AJol_061-Ex1-cssl.clmp.fp2_repr\tSM:Sgr-AJol_061-Ex1-cssl.clmp.fp2_repr\tPL:Illumina reference.ssl.SgC0072C_decontam_R1R2_noIsolate.fasta Sgr-AJol_061-Ex1-cssl.clmp.fp2_repr.R1.fq.gz Sgr-AJol_061-Ex1-cssl.clmp.fp2_repr.R2.fq.gz
[main] Real time: 201.654 sec; CPU: 5656.657 sec
