[M::bwa_idx_load_from_disk] read 0 ALT contigs
[M::process] read 4276138 sequences (400000007 bp)...
[M::mem_pestat] # candidate unique pairs for (FF, FR, RF, RR): (8, 626615, 23, 12)
[M::mem_pestat] skip orientation FF as there are not enough pairs
[M::mem_pestat] analyzing insert size distribution for orientation FR...
[M::mem_pestat] (25, 50, 75) percentile: (58, 79, 100)
[M::mem_pestat] low and high boundaries for computing mean and std.dev: (1, 184)
[M::mem_pestat] mean and std.dev: (79.75, 30.65)
[M::mem_pestat] low and high boundaries for proper pairs: (1, 226)
[M::mem_pestat] analyzing insert size distribution for orientation RF...
[M::mem_pestat] (25, 50, 75) percentile: (14, 24, 41)
[M::mem_pestat] low and high boundaries for computing mean and std.dev: (1, 95)
[M::mem_pestat] mean and std.dev: (20.83, 10.04)
[M::mem_pestat] low and high boundaries for proper pairs: (1, 122)
[M::mem_pestat] analyzing insert size distribution for orientation RR...
[M::mem_pestat] (25, 50, 75) percentile: (28, 519, 560)
[M::mem_pestat] low and high boundaries for computing mean and std.dev: (1, 1624)
[M::mem_pestat] mean and std.dev: (312.50, 273.11)
[M::mem_pestat] low and high boundaries for proper pairs: (1, 2156)
[M::mem_pestat] skip orientation RF
[M::mem_pestat] skip orientation RR
[M::mem_process_seqs] Processed 4276138 reads in 2684.978 CPU sec, 96.216 real sec
[M::process] read 4273270 sequences (400000120 bp)...
[M::process] read 4206318 sequences (400000047 bp)...
[M::mem_pestat] # candidate unique pairs for (FF, FR, RF, RR): (14, 626411, 25, 14)
[M::mem_pestat] analyzing insert size distribution for orientation FF...
[M::mem_pestat] (25, 50, 75) percentile: (120, 277, 529)
[M::mem_pestat] low and high boundaries for computing mean and std.dev: (1, 1347)
[M::mem_pestat] mean and std.dev: (326.50, 196.72)
[M::mem_pestat] low and high boundaries for proper pairs: (1, 1756)
[M::mem_pestat] analyzing insert size distribution for orientation FR...
[M::mem_pestat] (25, 50, 75) percentile: (58, 79, 100)
[M::mem_pestat] low and high boundaries for computing mean and std.dev: (1, 184)
[M::mem_pestat] mean and std.dev: (79.72, 30.61)
[M::mem_pestat] low and high boundaries for proper pairs: (1, 226)
[M::mem_pestat] analyzing insert size distribution for orientation RF...
[M::mem_pestat] (25, 50, 75) percentile: (19, 28, 316)
[M::mem_pestat] low and high boundaries for computing mean and std.dev: (1, 910)
[M::mem_pestat] mean and std.dev: (83.18, 150.22)
[M::mem_pestat] low and high boundaries for proper pairs: (1, 1207)
[M::mem_pestat] analyzing insert size distribution for orientation RR...
[M::mem_pestat] (25, 50, 75) percentile: (440, 528, 552)
[M::mem_pestat] low and high boundaries for computing mean and std.dev: (216, 776)
[M::mem_pestat] mean and std.dev: (533.36, 31.86)
[M::mem_pestat] low and high boundaries for proper pairs: (104, 888)
[M::mem_pestat] skip orientation FF
[M::mem_pestat] skip orientation RF
[M::mem_pestat] skip orientation RR
[M::mem_process_seqs] Processed 4273270 reads in 1392.455 CPU sec, 37.101 real sec
[M::process] read 1725266 sequences (161848375 bp)...
[M::mem_pestat] # candidate unique pairs for (FF, FR, RF, RR): (4, 588145, 16, 8)
[M::mem_pestat] skip orientation FF as there are not enough pairs
[M::mem_pestat] analyzing insert size distribution for orientation FR...
[M::mem_pestat] (25, 50, 75) percentile: (58, 79, 100)
[M::mem_pestat] low and high boundaries for computing mean and std.dev: (1, 184)
[M::mem_pestat] mean and std.dev: (79.67, 30.73)
[M::mem_pestat] low and high boundaries for proper pairs: (1, 226)
[M::mem_pestat] analyzing insert size distribution for orientation RF...
[M::mem_pestat] (25, 50, 75) percentile: (13, 23, 54)
[M::mem_pestat] low and high boundaries for computing mean and std.dev: (1, 136)
[M::mem_pestat] mean and std.dev: (32.56, 26.79)
[M::mem_pestat] low and high boundaries for proper pairs: (1, 177)
[M::mem_pestat] skip orientation RR as there are not enough pairs
[M::mem_pestat] skip orientation RF
[M::mem_process_seqs] Processed 4206318 reads in 1410.725 CPU sec, 37.260 real sec
[M::mem_pestat] # candidate unique pairs for (FF, FR, RF, RR): (6, 252397, 14, 7)
[M::mem_pestat] skip orientation FF as there are not enough pairs
[M::mem_pestat] analyzing insert size distribution for orientation FR...
[M::mem_pestat] (25, 50, 75) percentile: (58, 79, 100)
[M::mem_pestat] low and high boundaries for computing mean and std.dev: (1, 184)
[M::mem_pestat] mean and std.dev: (79.66, 30.66)
[M::mem_pestat] low and high boundaries for proper pairs: (1, 226)
[M::mem_pestat] analyzing insert size distribution for orientation RF...
[M::mem_pestat] (25, 50, 75) percentile: (20, 40, 92)
[M::mem_pestat] low and high boundaries for computing mean and std.dev: (1, 236)
[M::mem_pestat] mean and std.dev: (59.57, 55.45)
[M::mem_pestat] low and high boundaries for proper pairs: (1, 308)
[M::mem_pestat] skip orientation RR as there are not enough pairs
[M::mem_pestat] skip orientation RF
[M::mem_process_seqs] Processed 1725266 reads in 588.892 CPU sec, 16.835 real sec
[main] Version: 0.7.17-r1188
[main] CMD: bwa mem -L 30,5 -t 40 -a -M -T 50 -A 1 -B 6 -O 10 -R @RG\tID:Sgr-AMvi_079-Ex1-cssl.clmp.fp2_repr\tSM:Sgr-AMvi_079-Ex1-cssl.clmp.fp2_repr\tPL:Illumina reference.ssl.SgC0072C_decontam_R1R2_noIsolate.fasta Sgr-AMvi_079-Ex1-cssl.clmp.fp2_repr.R1.fq.gz Sgr-AMvi_079-Ex1-cssl.clmp.fp2_repr.R2.fq.gz
[main] Real time: 209.819 sec; CPU: 6102.685 sec
