[M::bwa_idx_load_from_disk] read 0 ALT contigs
[M::process] read 3171576 sequences (396871883 bp)...
[M::mem_pestat] # candidate unique pairs for (FF, FR, RF, RR): (101, 448353, 215, 149)
[M::mem_pestat] analyzing insert size distribution for orientation FF...
[M::mem_pestat] (25, 50, 75) percentile: (45, 116, 186)
[M::mem_pestat] low and high boundaries for computing mean and std.dev: (1, 468)
[M::mem_pestat] mean and std.dev: (142.51, 125.02)
[M::mem_pestat] low and high boundaries for proper pairs: (1, 643)
[M::mem_pestat] analyzing insert size distribution for orientation FR...
[M::mem_pestat] (25, 50, 75) percentile: (84, 129, 188)
[M::mem_pestat] low and high boundaries for computing mean and std.dev: (1, 396)
[M::mem_pestat] mean and std.dev: (141.45, 78.39)
[M::mem_pestat] low and high boundaries for proper pairs: (1, 500)
[M::mem_pestat] analyzing insert size distribution for orientation RF...
[M::mem_pestat] (25, 50, 75) percentile: (41, 130, 2608)
[M::mem_pestat] low and high boundaries for computing mean and std.dev: (1, 7742)
[M::mem_pestat] mean and std.dev: (1806.04, 2775.71)
[M::mem_pestat] low and high boundaries for proper pairs: (1, 12909)
[M::mem_pestat] analyzing insert size distribution for orientation RR...
[M::mem_pestat] (25, 50, 75) percentile: (274, 423, 454)
[M::mem_pestat] low and high boundaries for computing mean and std.dev: (1, 814)
[M::mem_pestat] mean and std.dev: (362.89, 141.10)
[M::mem_pestat] low and high boundaries for proper pairs: (1, 994)
[M::mem_pestat] skip orientation FF
[M::mem_pestat] skip orientation RF
[M::mem_pestat] skip orientation RR
[M::mem_process_seqs] Processed 3171576 reads in 1726.962 CPU sec, 45.300 real sec
[main] Version: 0.7.17-r1188
[main] CMD: bwa mem -L 30,5 -t 40 -a -M -T 50 -A 1 -B 6 -O 10 -R @RG\tID:Sgr-CMas_077-Ex1-cssl.clmp.fp2_repr\tSM:Sgr-CMas_077-Ex1-cssl.clmp.fp2_repr\tPL:Illumina reference.ssl.SgC0072C_decontam_R1R2_noIsolate.fasta Sgr-CMas_077-Ex1-cssl.clmp.fp2_repr.R1.fq.gz Sgr-CMas_077-Ex1-cssl.clmp.fp2_repr.R2.fq.gz
[main] Real time: 63.129 sec; CPU: 1743.150 sec
