[M::bwa_idx_load_from_disk] read 0 ALT contigs
[M::process] read 4440520 sequences (400000104 bp)...
[M::process] read 275596 sequences (24548938 bp)...
[M::mem_pestat] # candidate unique pairs for (FF, FR, RF, RR): (12, 581814, 27, 20)
[M::mem_pestat] analyzing insert size distribution for orientation FF...
[M::mem_pestat] (25, 50, 75) percentile: (44, 44, 85)
[M::mem_pestat] low and high boundaries for computing mean and std.dev: (1, 167)
[M::mem_pestat] mean and std.dev: (50.10, 17.64)
[M::mem_pestat] low and high boundaries for proper pairs: (1, 208)
[M::mem_pestat] analyzing insert size distribution for orientation FR...
[M::mem_pestat] (25, 50, 75) percentile: (56, 76, 95)
[M::mem_pestat] low and high boundaries for computing mean and std.dev: (1, 173)
[M::mem_pestat] mean and std.dev: (76.68, 29.30)
[M::mem_pestat] low and high boundaries for proper pairs: (1, 212)
[M::mem_pestat] analyzing insert size distribution for orientation RF...
[M::mem_pestat] (25, 50, 75) percentile: (19, 34, 102)
[M::mem_pestat] low and high boundaries for computing mean and std.dev: (1, 268)
[M::mem_pestat] mean and std.dev: (42.43, 37.93)
[M::mem_pestat] low and high boundaries for proper pairs: (1, 351)
[M::mem_pestat] analyzing insert size distribution for orientation RR...
[M::mem_pestat] (25, 50, 75) percentile: (37, 55, 128)
[M::mem_pestat] low and high boundaries for computing mean and std.dev: (1, 310)
[M::mem_pestat] mean and std.dev: (61.71, 41.91)
[M::mem_pestat] low and high boundaries for proper pairs: (1, 401)
[M::mem_pestat] skip orientation FF
[M::mem_pestat] skip orientation RF
[M::mem_pestat] skip orientation RR
[M::mem_process_seqs] Processed 4440520 reads in 1668.658 CPU sec, 46.120 real sec
[M::mem_pestat] # candidate unique pairs for (FF, FR, RF, RR): (0, 37400, 2, 1)
[M::mem_pestat] skip orientation FF as there are not enough pairs
[M::mem_pestat] analyzing insert size distribution for orientation FR...
[M::mem_pestat] (25, 50, 75) percentile: (55, 75, 95)
[M::mem_pestat] low and high boundaries for computing mean and std.dev: (1, 175)
[M::mem_pestat] mean and std.dev: (76.30, 29.23)
[M::mem_pestat] low and high boundaries for proper pairs: (1, 215)
[M::mem_pestat] skip orientation RF as there are not enough pairs
[M::mem_pestat] skip orientation RR as there are not enough pairs
[M::mem_process_seqs] Processed 275596 reads in 101.136 CPU sec, 2.815 real sec
[main] Version: 0.7.17-r1188
[main] CMD: bwa mem -L 30,5 -t 40 -a -M -T 50 -A 1 -B 6 -O 10 -R @RG\tID:Sgr-APal_020-Ex1-cssl.clmp.fp2_repr\tSM:Sgr-APal_020-Ex1-cssl.clmp.fp2_repr\tPL:Illumina reference.ssl.SgC0072C_decontam_R1R2_noIsolate.fasta Sgr-APal_020-Ex1-cssl.clmp.fp2_repr.R1.fq.gz Sgr-APal_020-Ex1-cssl.clmp.fp2_repr.R2.fq.gz
[main] Real time: 70.349 sec; CPU: 1790.968 sec
