[M::bwa_idx_load_from_disk] read 0 ALT contigs
[M::process] read 4240948 sequences (400000002 bp)...
[M::mem_pestat] # candidate unique pairs for (FF, FR, RF, RR): (45, 615389, 25, 52)
[M::mem_pestat] analyzing insert size distribution for orientation FF...
[M::mem_pestat] (25, 50, 75) percentile: (21, 33, 58)
[M::mem_pestat] low and high boundaries for computing mean and std.dev: (1, 132)
[M::mem_pestat] mean and std.dev: (35.58, 23.29)
[M::mem_pestat] low and high boundaries for proper pairs: (1, 169)
[M::mem_pestat] analyzing insert size distribution for orientation FR...
[M::mem_pestat] (25, 50, 75) percentile: (59, 80, 101)
[M::mem_pestat] low and high boundaries for computing mean and std.dev: (1, 185)
[M::mem_pestat] mean and std.dev: (80.84, 30.75)
[M::mem_pestat] low and high boundaries for proper pairs: (1, 227)
[M::mem_pestat] analyzing insert size distribution for orientation RF...
[M::mem_pestat] (25, 50, 75) percentile: (20, 54, 182)
[M::mem_pestat] low and high boundaries for computing mean and std.dev: (1, 506)
[M::mem_pestat] mean and std.dev: (63.24, 72.39)
[M::mem_pestat] low and high boundaries for proper pairs: (1, 668)
[M::mem_pestat] analyzing insert size distribution for orientation RR...
[M::mem_pestat] (25, 50, 75) percentile: (29, 52, 79)
[M::mem_pestat] low and high boundaries for computing mean and std.dev: (1, 179)
[M::mem_pestat] mean and std.dev: (49.86, 30.58)
[M::mem_pestat] low and high boundaries for proper pairs: (1, 229)
[M::mem_pestat] skip orientation FF
[M::mem_pestat] skip orientation RF
[M::mem_pestat] skip orientation RR
[M::mem_process_seqs] Processed 4240948 reads in 2975.479 CPU sec, 105.493 real sec
[M::process] read 4227600 sequences (400000296 bp)...
[M::process] read 3428790 sequences (331658318 bp)...
[M::mem_pestat] # candidate unique pairs for (FF, FR, RF, RR): (60, 611688, 29, 53)
[M::mem_pestat] analyzing insert size distribution for orientation FF...
[M::mem_pestat] (25, 50, 75) percentile: (26, 41, 53)
[M::mem_pestat] low and high boundaries for computing mean and std.dev: (1, 107)
[M::mem_pestat] mean and std.dev: (40.13, 20.78)
[M::mem_pestat] low and high boundaries for proper pairs: (1, 134)
[M::mem_pestat] analyzing insert size distribution for orientation FR...
[M::mem_pestat] (25, 50, 75) percentile: (59, 80, 101)
[M::mem_pestat] low and high boundaries for computing mean and std.dev: (1, 185)
[M::mem_pestat] mean and std.dev: (80.84, 30.75)
[M::mem_pestat] low and high boundaries for proper pairs: (1, 227)
[M::mem_pestat] analyzing insert size distribution for orientation RF...
[M::mem_pestat] (25, 50, 75) percentile: (20, 32, 71)
[M::mem_pestat] low and high boundaries for computing mean and std.dev: (1, 173)
[M::mem_pestat] mean and std.dev: (30.62, 21.97)
[M::mem_pestat] low and high boundaries for proper pairs: (1, 224)
[M::mem_pestat] analyzing insert size distribution for orientation RR...
[M::mem_pestat] (25, 50, 75) percentile: (37, 67, 499)
[M::mem_pestat] low and high boundaries for computing mean and std.dev: (1, 1423)
[M::mem_pestat] mean and std.dev: (156.86, 199.43)
[M::mem_pestat] low and high boundaries for proper pairs: (1, 1885)
[M::mem_pestat] skip orientation FF
[M::mem_pestat] skip orientation RF
[M::mem_pestat] skip orientation RR
[M::mem_process_seqs] Processed 4227600 reads in 1505.720 CPU sec, 39.980 real sec
[M::mem_pestat] # candidate unique pairs for (FF, FR, RF, RR): (27, 458482, 15, 21)
[M::mem_pestat] analyzing insert size distribution for orientation FF...
[M::mem_pestat] (25, 50, 75) percentile: (18, 36, 59)
[M::mem_pestat] low and high boundaries for computing mean and std.dev: (1, 141)
[M::mem_pestat] mean and std.dev: (30.41, 19.79)
[M::mem_pestat] low and high boundaries for proper pairs: (1, 182)
[M::mem_pestat] analyzing insert size distribution for orientation FR...
[M::mem_pestat] (25, 50, 75) percentile: (59, 80, 101)
[M::mem_pestat] low and high boundaries for computing mean and std.dev: (1, 185)
[M::mem_pestat] mean and std.dev: (80.79, 30.95)
[M::mem_pestat] low and high boundaries for proper pairs: (1, 227)
[M::mem_pestat] analyzing insert size distribution for orientation RF...
[M::mem_pestat] (25, 50, 75) percentile: (30, 51, 2612)
[M::mem_pestat] low and high boundaries for computing mean and std.dev: (1, 7776)
[M::mem_pestat] mean and std.dev: (1294.53, 2324.00)
[M::mem_pestat] low and high boundaries for proper pairs: (1, 10591)
[M::mem_pestat] analyzing insert size distribution for orientation RR...
[M::mem_pestat] (25, 50, 75) percentile: (24, 55, 103)
[M::mem_pestat] low and high boundaries for computing mean and std.dev: (1, 261)
[M::mem_pestat] mean and std.dev: (51.75, 36.52)
[M::mem_pestat] low and high boundaries for proper pairs: (1, 340)
[M::mem_pestat] skip orientation FF
[M::mem_pestat] skip orientation RF
[M::mem_pestat] skip orientation RR
[M::mem_process_seqs] Processed 3428790 reads in 1221.189 CPU sec, 33.863 real sec
[main] Version: 0.7.17-r1188
[main] CMD: bwa mem -L 30,5 -t 40 -a -M -T 50 -A 1 -B 6 -O 10 -R @RG\tID:Sgr-AJol_042-Ex1-cssl.clmp.fp2_repr\tSM:Sgr-AJol_042-Ex1-cssl.clmp.fp2_repr\tPL:Illumina reference.ssl.SgC0072C_decontam_R1R2_noIsolate.fasta Sgr-AJol_042-Ex1-cssl.clmp.fp2_repr.R1.fq.gz Sgr-AJol_042-Ex1-cssl.clmp.fp2_repr.R2.fq.gz
[main] Real time: 202.493 sec; CPU: 5728.552 sec
