[M::bwa_idx_load_from_disk] read 0 ALT contigs
[M::process] read 1295358 sequences (171212604 bp)...
[M::mem_pestat] # candidate unique pairs for (FF, FR, RF, RR): (161, 351996, 55, 277)
[M::mem_pestat] analyzing insert size distribution for orientation FF...
[M::mem_pestat] (25, 50, 75) percentile: (88, 109, 157)
[M::mem_pestat] low and high boundaries for computing mean and std.dev: (1, 295)
[M::mem_pestat] mean and std.dev: (109.19, 54.64)
[M::mem_pestat] low and high boundaries for proper pairs: (1, 364)
[M::mem_pestat] analyzing insert size distribution for orientation FR...
[M::mem_pestat] (25, 50, 75) percentile: (133, 184, 268)
[M::mem_pestat] low and high boundaries for computing mean and std.dev: (1, 538)
[M::mem_pestat] mean and std.dev: (206.25, 95.53)
[M::mem_pestat] low and high boundaries for proper pairs: (1, 673)
[M::mem_pestat] analyzing insert size distribution for orientation RF...
[M::mem_pestat] (25, 50, 75) percentile: (26, 69, 237)
[M::mem_pestat] low and high boundaries for computing mean and std.dev: (1, 659)
[M::mem_pestat] mean and std.dev: (95.91, 99.64)
[M::mem_pestat] low and high boundaries for proper pairs: (1, 870)
[M::mem_pestat] analyzing insert size distribution for orientation RR...
[M::mem_pestat] (25, 50, 75) percentile: (106, 106, 329)
[M::mem_pestat] low and high boundaries for computing mean and std.dev: (1, 775)
[M::mem_pestat] mean and std.dev: (207.29, 113.93)
[M::mem_pestat] low and high boundaries for proper pairs: (1, 998)
[M::mem_pestat] skip orientation FF
[M::mem_pestat] skip orientation RF
[M::mem_pestat] skip orientation RR
[M::mem_process_seqs] Processed 1295358 reads in 660.428 CPU sec, 17.680 real sec
[main] Version: 0.7.17-r1188
[main] CMD: bwa mem -L 30,5 -t 40 -a -M -T 50 -A 1 -B 6 -O 10 -R @RG\tID:Sgr-CMvi_009-Ex1-cssl.clmp.fp2_repr\tSM:Sgr-CMvi_009-Ex1-cssl.clmp.fp2_repr\tPL:Illumina reference.ssl.SgC0072C_decontam_R1R2_noIsolate.fasta Sgr-CMvi_009-Ex1-cssl.clmp.fp2_repr.R1.fq.gz Sgr-CMvi_009-Ex1-cssl.clmp.fp2_repr.R2.fq.gz
[main] Real time: 27.286 sec; CPU: 668.440 sec
