[M::main_mem] mean insert size: 376.939, stddev: 57.422, max: 519, min: 224
[M::bwa_idx_load_from_disk] read 0 ALT contigs
[M::process] read 84390 sequences (10000121 bp)...
[M::process] read 85424 sequences (10000013 bp)...
[M::mem_process_seqs] Processed 84390 reads in 9.238 CPU sec, 10.182 real sec
[M::process] read 80010 sequences (10000028 bp)...
[M::mem_process_seqs] Processed 85424 reads in 9.303 CPU sec, 9.859 real sec
[M::process] read 85846 sequences (10000051 bp)...
[M::mem_process_seqs] Processed 80010 reads in 7.609 CPU sec, 7.806 real sec
[M::process] read 84946 sequences (10000029 bp)...
[M::mem_process_seqs] Processed 85846 reads in 9.076 CPU sec, 9.108 real sec
[M::process] read 85548 sequences (10000084 bp)...
[M::mem_process_seqs] Processed 84946 reads in 8.983 CPU sec, 9.721 real sec
[M::process] read 85788 sequences (10000011 bp)...
[M::mem_process_seqs] Processed 85548 reads in 9.671 CPU sec, 10.138 real sec
[M::process] read 85116 sequences (10000268 bp)...
[M::mem_process_seqs] Processed 85788 reads in 9.426 CPU sec, 9.747 real sec
[M::process] read 83756 sequences (10000249 bp)...
[M::mem_process_seqs] Processed 85116 reads in 9.803 CPU sec, 10.279 real sec
[M::process] read 85490 sequences (10000118 bp)...
[M::mem_process_seqs] Processed 83756 reads in 8.917 CPU sec, 9.306 real sec
[M::process] read 85458 sequences (10000086 bp)...
[M::mem_process_seqs] Processed 85490 reads in 10.133 CPU sec, 10.319 real sec
[M::process] read 85906 sequences (10000099 bp)...
[M::mem_process_seqs] Processed 85458 reads in 9.286 CPU sec, 10.110 real sec
[M::process] read 85962 sequences (10000113 bp)...
[M::mem_process_seqs] Processed 85906 reads in 9.168 CPU sec, 9.857 real sec
[M::process] read 84344 sequences (10000230 bp)...
[M::mem_process_seqs] Processed 85962 reads in 9.169 CPU sec, 9.689 real sec
[M::process] read 85428 sequences (10000084 bp)...
[M::mem_process_seqs] Processed 84344 reads in 10.219 CPU sec, 10.753 real sec
[M::process] read 85514 sequences (10000252 bp)...
[M::mem_process_seqs] Processed 85428 reads in 9.428 CPU sec, 10.075 real sec
[M::process] read 84872 sequences (10000057 bp)...
[M::mem_process_seqs] Processed 85514 reads in 9.755 CPU sec, 10.797 real sec
[M::process] read 85832 sequences (10000071 bp)...
[M::mem_process_seqs] Processed 84872 reads in 9.329 CPU sec, 10.134 real sec
[M::process] read 84472 sequences (10000204 bp)...
[M::mem_process_seqs] Processed 85832 reads in 9.077 CPU sec, 9.575 real sec
[M::process] read 85180 sequences (10000129 bp)...
[M::mem_process_seqs] Processed 84472 reads in 10.411 CPU sec, 10.754 real sec
[M::process] read 85814 sequences (10000137 bp)...
[M::mem_process_seqs] Processed 85180 reads in 9.241 CPU sec, 10.443 real sec
[M::process] read 84802 sequences (10000008 bp)...
[M::mem_process_seqs] Processed 85814 reads in 9.855 CPU sec, 10.624 real sec
[M::process] read 84618 sequences (10000142 bp)...
[M::mem_process_seqs] Processed 84802 reads in 9.552 CPU sec, 10.505 real sec
[M::process] read 84022 sequences (10000072 bp)...
[M::mem_process_seqs] Processed 84618 reads in 9.570 CPU sec, 10.007 real sec
[M::process] read 82732 sequences (10000209 bp)...
[M::mem_process_seqs] Processed 84022 reads in 9.086 CPU sec, 9.937 real sec
[M::process] read 83184 sequences (10000055 bp)...
[M::mem_process_seqs] Processed 82732 reads in 8.108 CPU sec, 8.809 real sec
[M::process] read 85532 sequences (10000174 bp)...
[M::mem_process_seqs] Processed 83184 reads in 7.859 CPU sec, 8.483 real sec
[M::process] read 84612 sequences (10000034 bp)...
[M::mem_process_seqs] Processed 85532 reads in 9.274 CPU sec, 9.942 real sec
[M::process] read 84960 sequences (10000134 bp)...
[M::mem_process_seqs] Processed 84612 reads in 9.692 CPU sec, 10.301 real sec
[M::process] read 81432 sequences (10000193 bp)...
[M::mem_process_seqs] Processed 84960 reads in 9.063 CPU sec, 9.590 real sec
[M::process] read 73540 sequences (10000092 bp)...
[M::mem_process_seqs] Processed 81432 reads in 8.591 CPU sec, 9.328 real sec
[M::process] read 77680 sequences (10000022 bp)...
[M::mem_process_seqs] Processed 73540 reads in 5.855 CPU sec, 6.033 real sec
[M::process] read 85210 sequences (10000116 bp)...
[M::mem_process_seqs] Processed 77680 reads in 6.451 CPU sec, 6.773 real sec
[M::process] read 86034 sequences (10000169 bp)...
[M::mem_process_seqs] Processed 85210 reads in 9.156 CPU sec, 9.915 real sec
[M::process] read 83718 sequences (10000164 bp)...
[M::mem_process_seqs] Processed 86034 reads in 9.226 CPU sec, 10.737 real sec
[M::process] read 85556 sequences (10000162 bp)...
[M::mem_process_seqs] Processed 83718 reads in 9.211 CPU sec, 9.596 real sec
[M::process] read 84436 sequences (10000036 bp)...
[M::mem_process_seqs] Processed 85556 reads in 9.393 CPU sec, 9.642 real sec
[M::process] read 84370 sequences (10000236 bp)...
[M::mem_process_seqs] Processed 84436 reads in 9.061 CPU sec, 10.212 real sec
[M::process] read 83450 sequences (10000135 bp)...
[M::mem_process_seqs] Processed 84370 reads in 8.907 CPU sec, 9.570 real sec
[M::process] read 85874 sequences (10000154 bp)...
[M::mem_process_seqs] Processed 83450 reads in 8.131 CPU sec, 8.282 real sec
[M::process] read 85020 sequences (10000168 bp)...
[M::mem_process_seqs] Processed 85874 reads in 9.125 CPU sec, 9.478 real sec
[M::process] read 82730 sequences (10000267 bp)...
[M::mem_process_seqs] Processed 85020 reads in 8.858 CPU sec, 9.286 real sec
[M::process] read 80722 sequences (10000238 bp)...
[M::mem_process_seqs] Processed 82730 reads in 7.926 CPU sec, 8.213 real sec
[M::process] read 82544 sequences (10000147 bp)...
[M::mem_process_seqs] Processed 80722 reads in 7.509 CPU sec, 7.616 real sec
[M::process] read 84854 sequences (10000094 bp)...
[M::mem_process_seqs] Processed 82544 reads in 11.279 CPU sec, 12.033 real sec
[M::process] read 83664 sequences (10000238 bp)...
[M::mem_process_seqs] Processed 84854 reads in 9.276 CPU sec, 10.211 real sec
[M::process] read 86022 sequences (10000013 bp)...
[M::mem_process_seqs] Processed 83664 reads in 11.701 CPU sec, 12.153 real sec
[M::process] read 85798 sequences (10000238 bp)...
[M::mem_process_seqs] Processed 86022 reads in 9.324 CPU sec, 9.569 real sec
[M::process] read 85668 sequences (10000036 bp)...
[M::mem_process_seqs] Processed 85798 reads in 9.881 CPU sec, 10.189 real sec
[M::process] read 86010 sequences (10000167 bp)...
[M::mem_process_seqs] Processed 85668 reads in 9.609 CPU sec, 10.508 real sec
[M::process] read 84436 sequences (10000004 bp)...
[M::mem_process_seqs] Processed 86010 reads in 9.254 CPU sec, 10.127 real sec
[M::process] read 85184 sequences (10000008 bp)...
[M::mem_process_seqs] Processed 84436 reads in 9.823 CPU sec, 10.483 real sec
[M::process] read 85430 sequences (10000024 bp)...
[M::mem_process_seqs] Processed 85184 reads in 9.052 CPU sec, 9.527 real sec
[M::process] read 84408 sequences (10000144 bp)...
[M::mem_process_seqs] Processed 85430 reads in 9.540 CPU sec, 9.997 real sec
[M::process] read 86012 sequences (10000158 bp)...
[M::mem_process_seqs] Processed 84408 reads in 8.926 CPU sec, 9.623 real sec
[M::process] read 85674 sequences (10000122 bp)...
[M::mem_process_seqs] Processed 86012 reads in 9.729 CPU sec, 10.384 real sec
[M::process] read 83442 sequences (10000223 bp)...
[M::mem_process_seqs] Processed 85674 reads in 9.255 CPU sec, 9.358 real sec
[M::process] read 86002 sequences (10000065 bp)...
[M::mem_process_seqs] Processed 83442 reads in 14.485 CPU sec, 15.205 real sec
[M::process] read 85616 sequences (10000223 bp)...
[M::mem_process_seqs] Processed 86002 reads in 9.582 CPU sec, 9.756 real sec
[M::process] read 85592 sequences (10000092 bp)...
[M::mem_process_seqs] Processed 85616 reads in 8.702 CPU sec, 9.244 real sec
[M::process] read 84866 sequences (10000253 bp)...
[M::mem_process_seqs] Processed 85592 reads in 9.228 CPU sec, 9.334 real sec
[M::process] read 83218 sequences (10000131 bp)...
[M::mem_process_seqs] Processed 84866 reads in 9.095 CPU sec, 9.657 real sec
[M::process] read 85652 sequences (10000199 bp)...
[M::mem_process_seqs] Processed 83218 reads in 8.703 CPU sec, 8.747 real sec
[M::process] read 74756 sequences (10000019 bp)...
[M::mem_process_seqs] Processed 85652 reads in 9.022 CPU sec, 9.411 real sec
[M::process] read 84180 sequences (10000037 bp)...
[M::mem_process_seqs] Processed 74756 reads in 6.223 CPU sec, 6.929 real sec
[M::process] read 82790 sequences (10000077 bp)...
[M::mem_process_seqs] Processed 84180 reads in 8.989 CPU sec, 9.382 real sec
[M::process] read 84148 sequences (10000200 bp)...
[M::mem_process_seqs] Processed 82790 reads in 8.453 CPU sec, 8.869 real sec
[M::process] read 78200 sequences (10000123 bp)...
[M::mem_process_seqs] Processed 84148 reads in 9.023 CPU sec, 9.487 real sec
[M::process] read 77082 sequences (10000188 bp)...
[M::mem_process_seqs] Processed 78200 reads in 8.052 CPU sec, 8.392 real sec
[M::process] read 83092 sequences (10000273 bp)...
[M::mem_process_seqs] Processed 77082 reads in 6.748 CPU sec, 6.870 real sec
[M::process] read 85288 sequences (10000203 bp)...
[M::mem_process_seqs] Processed 83092 reads in 8.239 CPU sec, 8.381 real sec
[M::process] read 84332 sequences (10000116 bp)...
[M::mem_process_seqs] Processed 85288 reads in 9.342 CPU sec, 9.704 real sec
[M::process] read 85706 sequences (10000211 bp)...
[M::mem_process_seqs] Processed 84332 reads in 9.885 CPU sec, 10.666 real sec
[M::process] read 82930 sequences (10000105 bp)...
[M::mem_process_seqs] Processed 85706 reads in 9.220 CPU sec, 8.937 real sec
[M::process] read 85722 sequences (10000269 bp)...
[M::mem_process_seqs] Processed 82930 reads in 11.787 CPU sec, 11.630 real sec
[M::process] read 85294 sequences (10000161 bp)...
[M::mem_process_seqs] Processed 85722 reads in 9.765 CPU sec, 9.774 real sec
[M::process] read 85276 sequences (10000158 bp)...
[M::mem_process_seqs] Processed 85294 reads in 9.252 CPU sec, 9.275 real sec
[M::process] read 85484 sequences (10000017 bp)...
[M::mem_process_seqs] Processed 85276 reads in 9.499 CPU sec, 9.636 real sec
[M::process] read 85398 sequences (10000239 bp)...
[M::mem_process_seqs] Processed 85484 reads in 8.668 CPU sec, 9.503 real sec
[M::process] read 84430 sequences (10000270 bp)...
[M::mem_process_seqs] Processed 85398 reads in 9.182 CPU sec, 9.213 real sec
[M::process] read 83524 sequences (10000185 bp)...
[M::mem_process_seqs] Processed 84430 reads in 8.732 CPU sec, 8.890 real sec
[M::process] read 42662 sequences (5009421 bp)...
[M::mem_process_seqs] Processed 83524 reads in 8.731 CPU sec, 9.101 real sec
[M::mem_process_seqs] Processed 42662 reads in 4.300 CPU sec, 4.643 real sec
[main] Version: 0.7.17-r1188
[main] CMD: bwa mem -L 5 -I 376.939,57.422,519,224 -t 1 -a -M -T 30 -A 1 -B 4 -O 6 -R @RG\tID:Sde-AMat_021-SdA01021-L2-clmp-fp2-repr\tSM:Sde-AMat_021-SdA01021-L2-clmp-fp2-repr\tPL:Illumina reference.rad.D-3-3-probes4development-noMSATS-noNNNN-224-519bp-0-8TGCAGG-lessthan2indelsof3nt.fasta Sde-AMat_021-SdA01021-L2-clmp-fp2-repr.R1.fq.gz Sde-AMat_021-SdA01021-L2-clmp-fp2-repr.R2.fq.gz
[main] Real time: 792.477 sec; CPU: 746.610 sec
