[M::main_mem] mean insert size: 376.939, stddev: 57.422, max: 519, min: 224
[M::bwa_idx_load_from_disk] read 0 ALT contigs
[M::process] read 70592 sequences (10000157 bp)...
[M::process] read 70608 sequences (10000175 bp)...
[M::mem_process_seqs] Processed 70592 reads in 8.403 CPU sec, 8.639 real sec
[M::process] read 70730 sequences (10000222 bp)...
[M::mem_process_seqs] Processed 70608 reads in 8.624 CPU sec, 8.805 real sec
[M::process] read 70810 sequences (10000117 bp)...
[M::mem_process_seqs] Processed 70730 reads in 9.157 CPU sec, 9.619 real sec
[M::process] read 71004 sequences (10000210 bp)...
[M::mem_process_seqs] Processed 70810 reads in 7.831 CPU sec, 7.917 real sec
[M::process] read 71200 sequences (10000181 bp)...
[M::mem_process_seqs] Processed 71004 reads in 8.723 CPU sec, 9.463 real sec
[M::process] read 70902 sequences (10000006 bp)...
[M::mem_process_seqs] Processed 71200 reads in 8.528 CPU sec, 8.826 real sec
[M::process] read 70756 sequences (10000004 bp)...
[M::mem_process_seqs] Processed 70902 reads in 8.494 CPU sec, 9.253 real sec
[M::process] read 70880 sequences (10000195 bp)...
[M::mem_process_seqs] Processed 70756 reads in 8.650 CPU sec, 9.055 real sec
[M::process] read 70678 sequences (10000039 bp)...
[M::mem_process_seqs] Processed 70880 reads in 8.626 CPU sec, 9.352 real sec
[M::process] read 71348 sequences (10000269 bp)...
[M::mem_process_seqs] Processed 70678 reads in 8.689 CPU sec, 8.759 real sec
[M::process] read 70700 sequences (10000157 bp)...
[M::mem_process_seqs] Processed 71348 reads in 8.339 CPU sec, 8.663 real sec
[M::process] read 70810 sequences (10000108 bp)...
[M::mem_process_seqs] Processed 70700 reads in 9.160 CPU sec, 9.427 real sec
[M::process] read 70838 sequences (10000204 bp)...
[M::mem_process_seqs] Processed 70810 reads in 8.669 CPU sec, 9.156 real sec
[M::process] read 70762 sequences (10000249 bp)...
[M::mem_process_seqs] Processed 70838 reads in 9.079 CPU sec, 9.770 real sec
[M::process] read 70958 sequences (10000007 bp)...
[M::mem_process_seqs] Processed 70762 reads in 8.687 CPU sec, 9.317 real sec
[M::process] read 70882 sequences (10000019 bp)...
[M::mem_process_seqs] Processed 70958 reads in 9.053 CPU sec, 9.735 real sec
[M::process] read 70860 sequences (10000065 bp)...
[M::mem_process_seqs] Processed 70882 reads in 8.790 CPU sec, 9.111 real sec
[M::process] read 70754 sequences (10000192 bp)...
[M::mem_process_seqs] Processed 70860 reads in 8.845 CPU sec, 9.310 real sec
[M::process] read 70814 sequences (10000167 bp)...
[M::mem_process_seqs] Processed 70754 reads in 8.706 CPU sec, 8.898 real sec
[M::process] read 70476 sequences (10000010 bp)...
[M::mem_process_seqs] Processed 70814 reads in 8.795 CPU sec, 9.381 real sec
[M::process] read 70638 sequences (10000117 bp)...
[M::mem_process_seqs] Processed 70476 reads in 8.829 CPU sec, 9.103 real sec
[M::process] read 70926 sequences (10000119 bp)...
[M::mem_process_seqs] Processed 70638 reads in 9.046 CPU sec, 9.094 real sec
[M::process] read 72184 sequences (10000014 bp)...
[M::mem_process_seqs] Processed 70926 reads in 8.862 CPU sec, 8.996 real sec
[M::process] read 70584 sequences (10000208 bp)...
[M::mem_process_seqs] Processed 72184 reads in 8.582 CPU sec, 8.588 real sec
[M::process] read 70586 sequences (10000196 bp)...
[M::mem_process_seqs] Processed 70584 reads in 8.607 CPU sec, 9.264 real sec
[M::process] read 70726 sequences (10000188 bp)...
[M::mem_process_seqs] Processed 70586 reads in 8.950 CPU sec, 9.171 real sec
[M::process] read 71260 sequences (10000200 bp)...
[M::mem_process_seqs] Processed 70726 reads in 8.950 CPU sec, 9.591 real sec
[M::process] read 70690 sequences (10000010 bp)...
[M::mem_process_seqs] Processed 71260 reads in 8.862 CPU sec, 8.765 real sec
[M::process] read 70642 sequences (10000026 bp)...
[M::mem_process_seqs] Processed 70690 reads in 9.353 CPU sec, 10.104 real sec
[M::process] read 70632 sequences (10000164 bp)...
[M::mem_process_seqs] Processed 70642 reads in 8.633 CPU sec, 9.132 real sec
[M::process] read 70908 sequences (10000221 bp)...
[M::mem_process_seqs] Processed 70632 reads in 8.603 CPU sec, 8.602 real sec
[M::process] read 70424 sequences (10000152 bp)...
[M::mem_process_seqs] Processed 70908 reads in 8.687 CPU sec, 9.154 real sec
[M::process] read 70608 sequences (10000272 bp)...
[M::mem_process_seqs] Processed 70424 reads in 8.574 CPU sec, 9.065 real sec
[M::process] read 70448 sequences (10000287 bp)...
[M::mem_process_seqs] Processed 70608 reads in 8.857 CPU sec, 9.339 real sec
[M::process] read 70702 sequences (10000021 bp)...
[M::mem_process_seqs] Processed 70448 reads in 8.636 CPU sec, 8.949 real sec
[M::process] read 70688 sequences (10000005 bp)...
[M::mem_process_seqs] Processed 70702 reads in 8.808 CPU sec, 9.064 real sec
[M::process] read 71624 sequences (10000014 bp)...
[M::mem_process_seqs] Processed 70688 reads in 8.730 CPU sec, 9.329 real sec
[M::process] read 71054 sequences (10000193 bp)...
[M::mem_process_seqs] Processed 71624 reads in 7.916 CPU sec, 8.001 real sec
[M::process] read 70940 sequences (10000213 bp)...
[M::mem_process_seqs] Processed 71054 reads in 8.609 CPU sec, 8.825 real sec
[M::process] read 70382 sequences (10000096 bp)...
[M::mem_process_seqs] Processed 70940 reads in 8.520 CPU sec, 8.744 real sec
[M::process] read 71138 sequences (10000120 bp)...
[M::mem_process_seqs] Processed 70382 reads in 9.094 CPU sec, 9.266 real sec
[M::process] read 70930 sequences (10000147 bp)...
[M::mem_process_seqs] Processed 71138 reads in 8.840 CPU sec, 9.316 real sec
[M::process] read 70330 sequences (10000120 bp)...
[M::mem_process_seqs] Processed 70930 reads in 8.842 CPU sec, 9.303 real sec
[M::process] read 71454 sequences (10000192 bp)...
[M::mem_process_seqs] Processed 70330 reads in 8.160 CPU sec, 9.256 real sec
[M::process] read 70658 sequences (10000247 bp)...
[M::mem_process_seqs] Processed 71454 reads in 6.664 CPU sec, 6.967 real sec
[M::process] read 70630 sequences (10000283 bp)...
[M::mem_process_seqs] Processed 70658 reads in 8.726 CPU sec, 8.976 real sec
[M::process] read 70624 sequences (10000010 bp)...
[M::mem_process_seqs] Processed 70630 reads in 8.663 CPU sec, 9.641 real sec
[M::process] read 71224 sequences (10000060 bp)...
[M::mem_process_seqs] Processed 70624 reads in 8.795 CPU sec, 9.122 real sec
[M::process] read 70768 sequences (10000259 bp)...
[M::mem_process_seqs] Processed 71224 reads in 8.579 CPU sec, 8.992 real sec
[M::process] read 71184 sequences (10000267 bp)...
[M::mem_process_seqs] Processed 70768 reads in 8.268 CPU sec, 8.854 real sec
[M::process] read 71392 sequences (10000221 bp)...
[M::mem_process_seqs] Processed 71184 reads in 9.179 CPU sec, 10.008 real sec
[M::process] read 71052 sequences (10000110 bp)...
[M::mem_process_seqs] Processed 71392 reads in 8.833 CPU sec, 9.719 real sec
[M::process] read 71196 sequences (10000228 bp)...
[M::mem_process_seqs] Processed 71052 reads in 8.549 CPU sec, 9.027 real sec
[M::process] read 70956 sequences (10000051 bp)...
[M::mem_process_seqs] Processed 71196 reads in 8.871 CPU sec, 9.340 real sec
[M::process] read 70592 sequences (10000261 bp)...
[M::mem_process_seqs] Processed 70956 reads in 8.412 CPU sec, 8.533 real sec
[M::process] read 70676 sequences (10000286 bp)...
[M::mem_process_seqs] Processed 70592 reads in 8.538 CPU sec, 8.918 real sec
[M::process] read 70550 sequences (10000047 bp)...
[M::mem_process_seqs] Processed 70676 reads in 9.055 CPU sec, 9.442 real sec
[M::process] read 70862 sequences (10000013 bp)...
[M::mem_process_seqs] Processed 70550 reads in 8.950 CPU sec, 9.597 real sec
[M::process] read 70988 sequences (10000259 bp)...
[M::mem_process_seqs] Processed 70862 reads in 8.626 CPU sec, 9.261 real sec
[M::process] read 71490 sequences (10000084 bp)...
[M::mem_process_seqs] Processed 70988 reads in 8.285 CPU sec, 8.551 real sec
[M::process] read 70596 sequences (10000161 bp)...
[M::mem_process_seqs] Processed 71490 reads in 7.665 CPU sec, 7.537 real sec
[M::process] read 70102 sequences (10000168 bp)...
[M::mem_process_seqs] Processed 70596 reads in 8.724 CPU sec, 8.959 real sec
[M::process] read 70808 sequences (10000277 bp)...
[M::mem_process_seqs] Processed 70102 reads in 11.984 CPU sec, 12.158 real sec
[M::process] read 70396 sequences (10000112 bp)...
[M::mem_process_seqs] Processed 70808 reads in 9.018 CPU sec, 9.679 real sec
[M::process] read 70628 sequences (10000066 bp)...
[M::mem_process_seqs] Processed 70396 reads in 8.815 CPU sec, 9.105 real sec
[M::process] read 70388 sequences (10000138 bp)...
[M::mem_process_seqs] Processed 70628 reads in 8.746 CPU sec, 8.838 real sec
[M::process] read 71020 sequences (10000291 bp)...
[M::mem_process_seqs] Processed 70388 reads in 10.125 CPU sec, 10.316 real sec
[M::process] read 70636 sequences (10000012 bp)...
[M::mem_process_seqs] Processed 71020 reads in 8.615 CPU sec, 8.569 real sec
[M::process] read 70760 sequences (10000259 bp)...
[M::mem_process_seqs] Processed 70636 reads in 8.817 CPU sec, 9.249 real sec
[M::process] read 70746 sequences (10000088 bp)...
[M::mem_process_seqs] Processed 70760 reads in 8.740 CPU sec, 9.235 real sec
[M::process] read 70764 sequences (10000050 bp)...
[M::mem_process_seqs] Processed 70746 reads in 8.750 CPU sec, 8.748 real sec
[M::process] read 70824 sequences (10000129 bp)...
[M::mem_process_seqs] Processed 70764 reads in 8.976 CPU sec, 9.400 real sec
[M::process] read 70828 sequences (10000208 bp)...
[M::mem_process_seqs] Processed 70824 reads in 9.148 CPU sec, 9.627 real sec
[M::process] read 70538 sequences (10000221 bp)...
[M::mem_process_seqs] Processed 70828 reads in 8.700 CPU sec, 9.063 real sec
[M::process] read 70864 sequences (10000207 bp)...
[M::mem_process_seqs] Processed 70538 reads in 8.962 CPU sec, 9.573 real sec
[M::process] read 70742 sequences (10000275 bp)...
[M::mem_process_seqs] Processed 70864 reads in 8.697 CPU sec, 9.087 real sec
[M::process] read 70840 sequences (10000043 bp)...
[M::mem_process_seqs] Processed 70742 reads in 9.087 CPU sec, 9.582 real sec
[M::process] read 70382 sequences (10000028 bp)...
[M::mem_process_seqs] Processed 70840 reads in 8.524 CPU sec, 8.813 real sec
[M::process] read 70844 sequences (10000276 bp)...
[M::mem_process_seqs] Processed 70382 reads in 8.437 CPU sec, 8.562 real sec
[M::process] read 70794 sequences (10000155 bp)...
[M::mem_process_seqs] Processed 70844 reads in 8.397 CPU sec, 8.602 real sec
[M::process] read 70884 sequences (10000155 bp)...
[M::mem_process_seqs] Processed 70794 reads in 8.910 CPU sec, 9.250 real sec
[M::process] read 70530 sequences (10000021 bp)...
[M::mem_process_seqs] Processed 70884 reads in 8.781 CPU sec, 9.248 real sec
[M::process] read 70720 sequences (10000044 bp)...
[M::mem_process_seqs] Processed 70530 reads in 8.703 CPU sec, 9.119 real sec
[M::process] read 70674 sequences (10000053 bp)...
[M::mem_process_seqs] Processed 70720 reads in 11.927 CPU sec, 12.353 real sec
[M::process] read 70576 sequences (10000110 bp)...
[M::mem_process_seqs] Processed 70674 reads in 8.741 CPU sec, 8.900 real sec
[M::process] read 70982 sequences (10000264 bp)...
[M::mem_process_seqs] Processed 70576 reads in 8.809 CPU sec, 9.528 real sec
[M::process] read 70724 sequences (10000258 bp)...
[M::mem_process_seqs] Processed 70982 reads in 8.876 CPU sec, 9.335 real sec
[M::process] read 70334 sequences (10000173 bp)...
[M::mem_process_seqs] Processed 70724 reads in 8.645 CPU sec, 8.945 real sec
[M::process] read 71396 sequences (10000162 bp)...
[M::mem_process_seqs] Processed 70334 reads in 8.799 CPU sec, 8.870 real sec
[M::process] read 70634 sequences (10000299 bp)...
[M::mem_process_seqs] Processed 71396 reads in 8.211 CPU sec, 8.298 real sec
[M::process] read 70688 sequences (10000273 bp)...
[M::mem_process_seqs] Processed 70634 reads in 8.558 CPU sec, 8.834 real sec
[M::process] read 70884 sequences (10000101 bp)...
[M::mem_process_seqs] Processed 70688 reads in 8.262 CPU sec, 8.503 real sec
[M::process] read 71004 sequences (10000238 bp)...
[M::mem_process_seqs] Processed 70884 reads in 7.375 CPU sec, 7.379 real sec
[M::process] read 70710 sequences (10000112 bp)...
[M::mem_process_seqs] Processed 71004 reads in 8.592 CPU sec, 8.830 real sec
[M::process] read 70936 sequences (10000050 bp)...
[M::mem_process_seqs] Processed 70710 reads in 8.775 CPU sec, 9.028 real sec
[M::process] read 70696 sequences (10000293 bp)...
[M::mem_process_seqs] Processed 70936 reads in 8.404 CPU sec, 8.623 real sec
[M::process] read 70482 sequences (10000111 bp)...
[M::mem_process_seqs] Processed 70696 reads in 8.119 CPU sec, 8.153 real sec
[M::process] read 70768 sequences (10000012 bp)...
[M::mem_process_seqs] Processed 70482 reads in 7.993 CPU sec, 7.958 real sec
[M::process] read 70842 sequences (10000174 bp)...
[M::mem_process_seqs] Processed 70768 reads in 7.963 CPU sec, 8.034 real sec
[M::process] read 70754 sequences (10000153 bp)...
[M::mem_process_seqs] Processed 70842 reads in 8.412 CPU sec, 9.226 real sec
[M::process] read 70616 sequences (10000237 bp)...
[M::mem_process_seqs] Processed 70754 reads in 8.748 CPU sec, 8.917 real sec
[M::process] read 70478 sequences (10000274 bp)...
[M::mem_process_seqs] Processed 70616 reads in 8.789 CPU sec, 8.948 real sec
[M::process] read 70654 sequences (10000135 bp)...
[M::mem_process_seqs] Processed 70478 reads in 8.405 CPU sec, 9.027 real sec
[M::process] read 70730 sequences (10000181 bp)...
[M::mem_process_seqs] Processed 70654 reads in 9.053 CPU sec, 9.205 real sec
[M::process] read 70788 sequences (10000027 bp)...
[M::mem_process_seqs] Processed 70730 reads in 8.892 CPU sec, 8.773 real sec
[M::process] read 70572 sequences (10000199 bp)...
[M::mem_process_seqs] Processed 70788 reads in 8.374 CPU sec, 8.088 real sec
[M::process] read 70576 sequences (10000126 bp)...
[M::mem_process_seqs] Processed 70572 reads in 9.529 CPU sec, 9.328 real sec
[M::process] read 70744 sequences (10000098 bp)...
[M::mem_process_seqs] Processed 70576 reads in 10.003 CPU sec, 9.901 real sec
[M::process] read 71722 sequences (10000251 bp)...
[M::mem_process_seqs] Processed 70744 reads in 8.965 CPU sec, 8.701 real sec
[M::process] read 70520 sequences (10000216 bp)...
[M::mem_process_seqs] Processed 71722 reads in 8.055 CPU sec, 7.786 real sec
[M::process] read 70922 sequences (10000144 bp)...
[M::mem_process_seqs] Processed 70520 reads in 8.810 CPU sec, 8.457 real sec
[M::process] read 71094 sequences (10000110 bp)...
[M::mem_process_seqs] Processed 70922 reads in 8.766 CPU sec, 8.447 real sec
[M::process] read 70676 sequences (10000116 bp)...
[M::mem_process_seqs] Processed 71094 reads in 8.604 CPU sec, 8.256 real sec
[M::process] read 70698 sequences (10000151 bp)...
[M::mem_process_seqs] Processed 70676 reads in 8.644 CPU sec, 8.306 real sec
[M::process] read 70406 sequences (10000273 bp)...
[M::mem_process_seqs] Processed 70698 reads in 8.675 CPU sec, 8.318 real sec
[M::process] read 70674 sequences (10000007 bp)...
[M::mem_process_seqs] Processed 70406 reads in 8.557 CPU sec, 8.205 real sec
[M::process] read 70480 sequences (10000173 bp)...
[M::mem_process_seqs] Processed 70674 reads in 8.244 CPU sec, 7.880 real sec
[M::process] read 32274 sequences (4528787 bp)...
[M::mem_process_seqs] Processed 70480 reads in 8.623 CPU sec, 8.450 real sec
[M::mem_process_seqs] Processed 32274 reads in 3.668 CPU sec, 3.562 real sec
[main] Version: 0.7.17-r1188
[main] CMD: bwa mem -L 5 -I 376.939,57.422,519,224 -t 1 -a -M -T 30 -A 1 -B 4 -O 6 -R @RG\tID:Sde-CMat_044-SdC01044-L2-clmp-fp2-repr\tSM:Sde-CMat_044-SdC01044-L2-clmp-fp2-repr\tPL:Illumina reference.rad.D-3-3-probes4development-noMSATS-noNNNN-224-519bp-0-8TGCAGG-lessthan2indelsof3nt.fasta Sde-CMat_044-SdC01044-L2-clmp-fp2-repr.R1.fq.gz Sde-CMat_044-SdC01044-L2-clmp-fp2-repr.R2.fq.gz
[main] Real time: 1069.090 sec; CPU: 1033.946 sec
