[M::main_mem] mean insert size: 376.939, stddev: 57.422, max: 519, min: 224
[M::bwa_idx_load_from_disk] read 0 ALT contigs
[M::process] read 79242 sequences (10000066 bp)...
[M::process] read 79336 sequences (10000208 bp)...
[M::mem_process_seqs] Processed 79242 reads in 7.214 CPU sec, 7.063 real sec
[M::process] read 79404 sequences (10000136 bp)...
[M::mem_process_seqs] Processed 79336 reads in 7.497 CPU sec, 7.781 real sec
[M::process] read 79306 sequences (10000224 bp)...
[M::mem_process_seqs] Processed 79404 reads in 7.608 CPU sec, 8.061 real sec
[M::process] read 79358 sequences (10000178 bp)...
[M::mem_process_seqs] Processed 79306 reads in 7.363 CPU sec, 7.640 real sec
[M::process] read 79152 sequences (10000211 bp)...
[M::mem_process_seqs] Processed 79358 reads in 7.448 CPU sec, 7.883 real sec
[M::process] read 79264 sequences (10000056 bp)...
[M::mem_process_seqs] Processed 79152 reads in 7.713 CPU sec, 8.046 real sec
[M::process] read 79218 sequences (10000001 bp)...
[M::mem_process_seqs] Processed 79264 reads in 7.574 CPU sec, 7.933 real sec
[M::process] read 79360 sequences (10000133 bp)...
[M::mem_process_seqs] Processed 79218 reads in 7.691 CPU sec, 8.005 real sec
[M::process] read 79188 sequences (10000164 bp)...
[M::mem_process_seqs] Processed 79360 reads in 7.380 CPU sec, 7.718 real sec
[M::process] read 79358 sequences (10000180 bp)...
[M::mem_process_seqs] Processed 79188 reads in 7.614 CPU sec, 7.668 real sec
[M::process] read 79218 sequences (10000098 bp)...
[M::mem_process_seqs] Processed 79358 reads in 7.628 CPU sec, 7.384 real sec
[M::process] read 79478 sequences (10000155 bp)...
[M::mem_process_seqs] Processed 79218 reads in 7.457 CPU sec, 7.602 real sec
[M::process] read 63740 sequences (8044957 bp)...
[M::mem_process_seqs] Processed 79478 reads in 7.255 CPU sec, 7.369 real sec
[M::mem_process_seqs] Processed 63740 reads in 5.975 CPU sec, 6.591 real sec
[main] Version: 0.7.17-r1188
[main] CMD: bwa mem -L 5 -I 376.939,57.422,519,224 -t 1 -a -M -T 30 -A 1 -B 4 -O 6 -R @RG\tID:Sde-AMar_021-SdA02021-L2-clmp-fp2-repr\tSM:Sde-AMar_021-SdA02021-L2-clmp-fp2-repr\tPL:Illumina reference.rad.D-3-3-probes4development-noMSATS-noNNNN-224-519bp-0-8TGCAGG-lessthan2indelsof3nt.fasta Sde-AMar_021-SdA02021-L2-clmp-fp2-repr.R1.fq.gz Sde-AMar_021-SdA02021-L2-clmp-fp2-repr.R2.fq.gz
[main] Real time: 108.041 sec; CPU: 103.880 sec
