[M::main_mem] mean insert size: 376.939, stddev: 57.422, max: 519, min: 224
[M::bwa_idx_load_from_disk] read 0 ALT contigs
[M::process] read 86314 sequences (10000154 bp)...
[M::process] read 85250 sequences (10000263 bp)...
[M::mem_process_seqs] Processed 86314 reads in 8.625 CPU sec, 9.114 real sec
[M::process] read 81272 sequences (10000123 bp)...
[M::mem_process_seqs] Processed 85250 reads in 8.219 CPU sec, 8.639 real sec
[M::process] read 85848 sequences (10000139 bp)...
[M::mem_process_seqs] Processed 81272 reads in 7.425 CPU sec, 7.643 real sec
[M::process] read 87680 sequences (10000018 bp)...
[M::mem_process_seqs] Processed 85848 reads in 8.323 CPU sec, 9.182 real sec
[M::process] read 86710 sequences (10000156 bp)...
[M::mem_process_seqs] Processed 87680 reads in 8.895 CPU sec, 9.647 real sec
[M::process] read 84922 sequences (10000007 bp)...
[M::mem_process_seqs] Processed 86710 reads in 8.457 CPU sec, 8.994 real sec
[M::process] read 87098 sequences (10000154 bp)...
[M::mem_process_seqs] Processed 84922 reads in 8.372 CPU sec, 8.490 real sec
[M::process] read 87378 sequences (10000109 bp)...
[M::mem_process_seqs] Processed 87098 reads in 9.137 CPU sec, 9.215 real sec
[M::process] read 87652 sequences (10000106 bp)...
[M::mem_process_seqs] Processed 87378 reads in 8.641 CPU sec, 8.699 real sec
[M::process] read 86650 sequences (10000150 bp)...
[M::mem_process_seqs] Processed 87652 reads in 8.675 CPU sec, 9.159 real sec
[M::process] read 87664 sequences (10000125 bp)...
[M::mem_process_seqs] Processed 86650 reads in 9.157 CPU sec, 9.342 real sec
[M::process] read 86492 sequences (10000066 bp)...
[M::mem_process_seqs] Processed 87664 reads in 8.919 CPU sec, 9.799 real sec
[M::process] read 88146 sequences (10000011 bp)...
[M::mem_process_seqs] Processed 86492 reads in 8.782 CPU sec, 9.322 real sec
[M::process] read 86046 sequences (10000100 bp)...
[M::mem_process_seqs] Processed 88146 reads in 8.371 CPU sec, 8.818 real sec
[M::process] read 87664 sequences (10000253 bp)...
[M::mem_process_seqs] Processed 86046 reads in 9.176 CPU sec, 9.911 real sec
[M::process] read 86838 sequences (10000056 bp)...
[M::mem_process_seqs] Processed 87664 reads in 9.021 CPU sec, 9.426 real sec
[M::process] read 85504 sequences (10000107 bp)...
[M::mem_process_seqs] Processed 86838 reads in 9.141 CPU sec, 9.813 real sec
[M::process] read 82734 sequences (10000110 bp)...
[M::mem_process_seqs] Processed 85504 reads in 8.354 CPU sec, 8.311 real sec
[M::process] read 83482 sequences (10000275 bp)...
[M::mem_process_seqs] Processed 82734 reads in 7.126 CPU sec, 7.212 real sec
[M::process] read 86882 sequences (10000213 bp)...
[M::mem_process_seqs] Processed 83482 reads in 7.628 CPU sec, 7.990 real sec
[M::process] read 86740 sequences (10000185 bp)...
[M::mem_process_seqs] Processed 86882 reads in 8.739 CPU sec, 8.919 real sec
[M::process] read 79240 sequences (10000075 bp)...
[M::mem_process_seqs] Processed 86740 reads in 8.668 CPU sec, 8.661 real sec
[M::process] read 73352 sequences (10000055 bp)...
[M::mem_process_seqs] Processed 79240 reads in 7.174 CPU sec, 7.454 real sec
[M::process] read 77604 sequences (10000233 bp)...
[M::mem_process_seqs] Processed 73352 reads in 5.832 CPU sec, 5.786 real sec
[M::process] read 86910 sequences (10000138 bp)...
[M::mem_process_seqs] Processed 77604 reads in 6.234 CPU sec, 6.434 real sec
[M::process] read 84274 sequences (10000273 bp)...
[M::mem_process_seqs] Processed 86910 reads in 8.705 CPU sec, 9.126 real sec
[M::process] read 86660 sequences (10000201 bp)...
[M::mem_process_seqs] Processed 84274 reads in 8.115 CPU sec, 9.032 real sec
[M::process] read 85600 sequences (10000061 bp)...
[M::mem_process_seqs] Processed 86660 reads in 8.865 CPU sec, 9.522 real sec
[M::process] read 83644 sequences (10000087 bp)...
[M::mem_process_seqs] Processed 85600 reads in 8.281 CPU sec, 8.730 real sec
[M::process] read 87716 sequences (10000101 bp)...
[M::mem_process_seqs] Processed 83644 reads in 7.735 CPU sec, 7.793 real sec
[M::process] read 86072 sequences (10000120 bp)...
[M::mem_process_seqs] Processed 87716 reads in 8.641 CPU sec, 8.989 real sec
[M::process] read 79798 sequences (10000077 bp)...
[M::mem_process_seqs] Processed 86072 reads in 8.191 CPU sec, 8.353 real sec
[M::process] read 83526 sequences (10000214 bp)...
[M::mem_process_seqs] Processed 79798 reads in 7.238 CPU sec, 7.476 real sec
[M::process] read 86418 sequences (10000182 bp)...
[M::mem_process_seqs] Processed 83526 reads in 8.459 CPU sec, 8.555 real sec
[M::process] read 86202 sequences (10000122 bp)...
[M::mem_process_seqs] Processed 86418 reads in 9.471 CPU sec, 10.061 real sec
[M::process] read 87610 sequences (10000200 bp)...
[M::mem_process_seqs] Processed 86202 reads in 9.971 CPU sec, 10.689 real sec
[M::process] read 87726 sequences (10000097 bp)...
[M::mem_process_seqs] Processed 87610 reads in 8.571 CPU sec, 8.835 real sec
[M::process] read 87364 sequences (10000280 bp)...
[M::mem_process_seqs] Processed 87726 reads in 8.533 CPU sec, 8.501 real sec
[M::process] read 86112 sequences (10000060 bp)...
[M::mem_process_seqs] Processed 87364 reads in 8.731 CPU sec, 8.574 real sec
[M::process] read 87206 sequences (10000183 bp)...
[M::mem_process_seqs] Processed 86112 reads in 8.644 CPU sec, 9.037 real sec
[M::process] read 86570 sequences (10000049 bp)...
[M::mem_process_seqs] Processed 87206 reads in 8.651 CPU sec, 8.604 real sec
[M::process] read 87554 sequences (10000017 bp)...
[M::mem_process_seqs] Processed 86570 reads in 8.323 CPU sec, 8.101 real sec
[M::process] read 86096 sequences (10000009 bp)...
[M::mem_process_seqs] Processed 87554 reads in 8.772 CPU sec, 8.529 real sec
[M::process] read 87200 sequences (10000140 bp)...
[M::mem_process_seqs] Processed 86096 reads in 10.784 CPU sec, 10.836 real sec
[M::process] read 87622 sequences (10000196 bp)...
[M::mem_process_seqs] Processed 87200 reads in 8.770 CPU sec, 9.074 real sec
[M::process] read 85244 sequences (10000003 bp)...
[M::mem_process_seqs] Processed 87622 reads in 8.877 CPU sec, 9.111 real sec
[M::process] read 86124 sequences (10000030 bp)...
[M::mem_process_seqs] Processed 85244 reads in 8.081 CPU sec, 7.763 real sec
[M::process] read 79714 sequences (10000169 bp)...
[M::mem_process_seqs] Processed 86124 reads in 8.591 CPU sec, 8.446 real sec
[M::process] read 79126 sequences (10000228 bp)...
[M::mem_process_seqs] Processed 79714 reads in 7.028 CPU sec, 6.965 real sec
[M::process] read 83604 sequences (10000063 bp)...
[M::mem_process_seqs] Processed 79126 reads in 6.943 CPU sec, 7.711 real sec
[M::process] read 86130 sequences (10000092 bp)...
[M::mem_process_seqs] Processed 83604 reads in 7.822 CPU sec, 8.315 real sec
[M::process] read 76306 sequences (10000226 bp)...
[M::mem_process_seqs] Processed 86130 reads in 8.683 CPU sec, 9.290 real sec
[M::process] read 76954 sequences (10000063 bp)...
[M::mem_process_seqs] Processed 76306 reads in 6.600 CPU sec, 6.730 real sec
[M::process] read 83322 sequences (10000117 bp)...
[M::mem_process_seqs] Processed 76954 reads in 6.480 CPU sec, 6.539 real sec
[M::process] read 87072 sequences (10000105 bp)...
[M::mem_process_seqs] Processed 83322 reads in 8.001 CPU sec, 8.625 real sec
[M::process] read 87622 sequences (10000003 bp)...
[M::mem_process_seqs] Processed 87072 reads in 9.136 CPU sec, 9.324 real sec
[M::process] read 85970 sequences (10000085 bp)...
[M::mem_process_seqs] Processed 87622 reads in 8.795 CPU sec, 9.164 real sec
[M::process] read 86356 sequences (10000021 bp)...
[M::mem_process_seqs] Processed 85970 reads in 9.991 CPU sec, 10.200 real sec
[M::process] read 86978 sequences (10000036 bp)...
[M::mem_process_seqs] Processed 86356 reads in 8.328 CPU sec, 8.371 real sec
[M::process] read 87086 sequences (10000007 bp)...
[M::mem_process_seqs] Processed 86978 reads in 8.523 CPU sec, 8.471 real sec
[M::process] read 85130 sequences (10000115 bp)...
[M::mem_process_seqs] Processed 87086 reads in 8.758 CPU sec, 8.972 real sec
[M::process] read 85926 sequences (10000098 bp)...
[M::mem_process_seqs] Processed 85130 reads in 7.957 CPU sec, 8.381 real sec
[M::process] read 7096 sequences (823675 bp)...
[M::mem_process_seqs] Processed 85926 reads in 8.241 CPU sec, 8.588 real sec
[M::mem_process_seqs] Processed 7096 reads in 0.743 CPU sec, 0.964 real sec
[main] Version: 0.7.17-r1188
[main] CMD: bwa mem -L 5 -I 376.939,57.422,519,224 -t 1 -a -M -T 30 -A 1 -B 4 -O 6 -R @RG\tID:Sde-AMat_050-SdA01050-L2-clmp-fp2-repr\tSM:Sde-AMat_050-SdA01050-L2-clmp-fp2-repr\tPL:Illumina reference.rad.D-3-3-probes4development-noMSATS-noNNNN-224-519bp-0-8TGCAGG-lessthan2indelsof3nt.fasta Sde-AMat_050-SdA01050-L2-clmp-fp2-repr.R1.fq.gz Sde-AMat_050-SdA01050-L2-clmp-fp2-repr.R2.fq.gz
[main] Real time: 547.165 sec; CPU: 528.388 sec
