[M::main_mem] mean insert size: 376.939, stddev: 57.422, max: 519, min: 224
[M::bwa_idx_load_from_disk] read 0 ALT contigs
[M::process] read 71680 sequences (10000074 bp)...
[M::process] read 71732 sequences (10000046 bp)...
[M::mem_process_seqs] Processed 71680 reads in 8.856 CPU sec, 9.004 real sec
[M::process] read 71602 sequences (10000077 bp)...
[M::mem_process_seqs] Processed 71732 reads in 8.725 CPU sec, 8.688 real sec
[M::process] read 72048 sequences (10000142 bp)...
[M::mem_process_seqs] Processed 71602 reads in 8.171 CPU sec, 9.008 real sec
[M::process] read 71702 sequences (10000220 bp)...
[M::mem_process_seqs] Processed 72048 reads in 8.481 CPU sec, 8.721 real sec
[M::process] read 71620 sequences (10000054 bp)...
[M::mem_process_seqs] Processed 71702 reads in 9.131 CPU sec, 9.483 real sec
[M::process] read 72224 sequences (10000168 bp)...
[M::mem_process_seqs] Processed 71620 reads in 8.853 CPU sec, 9.071 real sec
[M::process] read 71440 sequences (10000173 bp)...
[M::mem_process_seqs] Processed 72224 reads in 8.470 CPU sec, 8.599 real sec
[M::process] read 71622 sequences (10000165 bp)...
[M::mem_process_seqs] Processed 71440 reads in 9.061 CPU sec, 9.330 real sec
[M::process] read 71852 sequences (10000278 bp)...
[M::mem_process_seqs] Processed 71622 reads in 8.928 CPU sec, 9.825 real sec
[M::process] read 71718 sequences (10000002 bp)...
[M::mem_process_seqs] Processed 71852 reads in 8.446 CPU sec, 9.081 real sec
[M::process] read 71864 sequences (10000055 bp)...
[M::mem_process_seqs] Processed 71718 reads in 8.562 CPU sec, 9.384 real sec
[M::process] read 71832 sequences (10000181 bp)...
[M::mem_process_seqs] Processed 71864 reads in 9.153 CPU sec, 9.838 real sec
[M::process] read 75378 sequences (10000006 bp)...
[M::mem_process_seqs] Processed 71832 reads in 9.133 CPU sec, 9.449 real sec
[M::process] read 74018 sequences (10000266 bp)...
[M::mem_process_seqs] Processed 75378 reads in 8.301 CPU sec, 8.475 real sec
[M::process] read 71552 sequences (10000208 bp)...
[M::mem_process_seqs] Processed 74018 reads in 8.368 CPU sec, 8.668 real sec
[M::process] read 71934 sequences (10000062 bp)...
[M::mem_process_seqs] Processed 71552 reads in 8.535 CPU sec, 8.571 real sec
[M::process] read 71424 sequences (10000137 bp)...
[M::mem_process_seqs] Processed 71934 reads in 8.643 CPU sec, 9.226 real sec
[M::process] read 71776 sequences (10000101 bp)...
[M::mem_process_seqs] Processed 71424 reads in 9.296 CPU sec, 9.868 real sec
[M::process] read 71574 sequences (10000177 bp)...
[M::mem_process_seqs] Processed 71776 reads in 8.862 CPU sec, 9.101 real sec
[M::process] read 71300 sequences (10000144 bp)...
[M::mem_process_seqs] Processed 71574 reads in 8.776 CPU sec, 8.808 real sec
[M::process] read 71706 sequences (10000293 bp)...
[M::mem_process_seqs] Processed 71300 reads in 8.949 CPU sec, 9.260 real sec
[M::process] read 71788 sequences (10000160 bp)...
[M::mem_process_seqs] Processed 71706 reads in 8.830 CPU sec, 9.261 real sec
[M::process] read 71930 sequences (10000075 bp)...
[M::mem_process_seqs] Processed 71788 reads in 8.853 CPU sec, 9.501 real sec
[M::process] read 71692 sequences (10000084 bp)...
[M::mem_process_seqs] Processed 71930 reads in 8.457 CPU sec, 8.811 real sec
[M::process] read 72054 sequences (10000114 bp)...
[M::mem_process_seqs] Processed 71692 reads in 9.040 CPU sec, 9.329 real sec
[M::process] read 70728 sequences (10000193 bp)...
[M::mem_process_seqs] Processed 72054 reads in 9.038 CPU sec, 9.363 real sec
[M::process] read 71486 sequences (10000072 bp)...
[M::mem_process_seqs] Processed 70728 reads in 7.628 CPU sec, 7.748 real sec
[M::process] read 71790 sequences (10000069 bp)...
[M::mem_process_seqs] Processed 71486 reads in 8.058 CPU sec, 8.197 real sec
[M::process] read 72076 sequences (10000228 bp)...
[M::mem_process_seqs] Processed 71790 reads in 8.277 CPU sec, 8.654 real sec
[M::process] read 71886 sequences (10000058 bp)...
[M::mem_process_seqs] Processed 72076 reads in 8.270 CPU sec, 8.825 real sec
[M::process] read 72900 sequences (10000087 bp)...
[M::mem_process_seqs] Processed 71886 reads in 8.776 CPU sec, 8.939 real sec
[M::process] read 72348 sequences (10000159 bp)...
[M::mem_process_seqs] Processed 72900 reads in 8.330 CPU sec, 8.782 real sec
[M::process] read 72334 sequences (10000146 bp)...
[M::mem_process_seqs] Processed 72348 reads in 8.452 CPU sec, 8.447 real sec
[M::process] read 71738 sequences (10000198 bp)...
[M::mem_process_seqs] Processed 72334 reads in 8.788 CPU sec, 9.317 real sec
[M::process] read 71982 sequences (10000195 bp)...
[M::mem_process_seqs] Processed 71738 reads in 8.975 CPU sec, 8.942 real sec
[M::process] read 71682 sequences (10000089 bp)...
[M::mem_process_seqs] Processed 71982 reads in 8.593 CPU sec, 8.891 real sec
[M::process] read 71588 sequences (10000134 bp)...
[M::mem_process_seqs] Processed 71682 reads in 7.786 CPU sec, 8.009 real sec
[M::process] read 71230 sequences (10000022 bp)...
[M::mem_process_seqs] Processed 71588 reads in 9.100 CPU sec, 9.221 real sec
[M::process] read 71372 sequences (10000248 bp)...
[M::mem_process_seqs] Processed 71230 reads in 10.730 CPU sec, 11.402 real sec
[M::process] read 71352 sequences (10000057 bp)...
[M::mem_process_seqs] Processed 71372 reads in 8.767 CPU sec, 8.828 real sec
[M::process] read 71844 sequences (10000165 bp)...
[M::mem_process_seqs] Processed 71352 reads in 9.770 CPU sec, 9.712 real sec
[M::process] read 71670 sequences (10000174 bp)...
[M::mem_process_seqs] Processed 71844 reads in 8.855 CPU sec, 9.506 real sec
[M::process] read 71716 sequences (10000050 bp)...
[M::mem_process_seqs] Processed 71670 reads in 9.121 CPU sec, 9.202 real sec
[M::process] read 71696 sequences (10000239 bp)...
[M::mem_process_seqs] Processed 71716 reads in 9.265 CPU sec, 9.884 real sec
[M::process] read 71558 sequences (10000290 bp)...
[M::mem_process_seqs] Processed 71696 reads in 8.685 CPU sec, 9.397 real sec
[M::process] read 71630 sequences (10000162 bp)...
[M::mem_process_seqs] Processed 71558 reads in 8.998 CPU sec, 9.229 real sec
[M::process] read 71566 sequences (10000297 bp)...
[M::mem_process_seqs] Processed 71630 reads in 8.581 CPU sec, 8.669 real sec
[M::process] read 71922 sequences (10000035 bp)...
[M::mem_process_seqs] Processed 71566 reads in 8.628 CPU sec, 9.150 real sec
[M::process] read 71884 sequences (10000030 bp)...
[M::mem_process_seqs] Processed 71922 reads in 9.062 CPU sec, 9.764 real sec
[M::process] read 71746 sequences (10000086 bp)...
[M::mem_process_seqs] Processed 71884 reads in 9.083 CPU sec, 9.552 real sec
[M::process] read 71524 sequences (10000099 bp)...
[M::mem_process_seqs] Processed 71746 reads in 11.543 CPU sec, 12.360 real sec
[M::process] read 71620 sequences (10000239 bp)...
[M::mem_process_seqs] Processed 71524 reads in 8.842 CPU sec, 8.976 real sec
[M::process] read 71588 sequences (10000090 bp)...
[M::mem_process_seqs] Processed 71620 reads in 9.420 CPU sec, 10.241 real sec
[M::process] read 71644 sequences (10000187 bp)...
[M::mem_process_seqs] Processed 71588 reads in 8.580 CPU sec, 8.949 real sec
[M::process] read 71440 sequences (10000231 bp)...
[M::mem_process_seqs] Processed 71644 reads in 8.408 CPU sec, 8.567 real sec
[M::process] read 71390 sequences (10000299 bp)...
[M::mem_process_seqs] Processed 71440 reads in 8.223 CPU sec, 8.588 real sec
[M::process] read 71540 sequences (10000156 bp)...
[M::mem_process_seqs] Processed 71390 reads in 7.791 CPU sec, 8.372 real sec
[M::process] read 71424 sequences (10000024 bp)...
[M::mem_process_seqs] Processed 71540 reads in 9.118 CPU sec, 9.656 real sec
[M::process] read 71328 sequences (10000113 bp)...
[M::mem_process_seqs] Processed 71424 reads in 9.021 CPU sec, 8.952 real sec
[M::process] read 71746 sequences (10000073 bp)...
[M::mem_process_seqs] Processed 71328 reads in 7.827 CPU sec, 8.274 real sec
[M::process] read 71464 sequences (10000259 bp)...
[M::mem_process_seqs] Processed 71746 reads in 8.437 CPU sec, 8.575 real sec
[M::process] read 71596 sequences (10000075 bp)...
[M::mem_process_seqs] Processed 71464 reads in 8.710 CPU sec, 8.850 real sec
[M::process] read 71688 sequences (10000156 bp)...
[M::mem_process_seqs] Processed 71596 reads in 8.761 CPU sec, 8.519 real sec
[M::process] read 71626 sequences (10000194 bp)...
[M::mem_process_seqs] Processed 71688 reads in 8.659 CPU sec, 8.688 real sec
[M::process] read 71614 sequences (10000086 bp)...
[M::mem_process_seqs] Processed 71626 reads in 9.533 CPU sec, 9.469 real sec
[M::process] read 73094 sequences (10000136 bp)...
[M::mem_process_seqs] Processed 71614 reads in 10.656 CPU sec, 11.093 real sec
[M::process] read 71722 sequences (10000258 bp)...
[M::mem_process_seqs] Processed 73094 reads in 7.602 CPU sec, 7.993 real sec
[M::process] read 72108 sequences (10000145 bp)...
[M::mem_process_seqs] Processed 71722 reads in 8.650 CPU sec, 8.870 real sec
[M::process] read 71888 sequences (10000044 bp)...
[M::mem_process_seqs] Processed 72108 reads in 8.849 CPU sec, 9.148 real sec
[M::process] read 71476 sequences (10000265 bp)...
[M::mem_process_seqs] Processed 71888 reads in 8.714 CPU sec, 9.376 real sec
[M::process] read 72368 sequences (10000212 bp)...
[M::mem_process_seqs] Processed 71476 reads in 8.695 CPU sec, 8.772 real sec
[M::process] read 3340 sequences (465081 bp)...
[M::mem_process_seqs] Processed 72368 reads in 8.990 CPU sec, 9.198 real sec
[M::mem_process_seqs] Processed 3340 reads in 0.489 CPU sec, 0.609 real sec
[main] Version: 0.7.17-r1188
[main] CMD: bwa mem -L 5 -I 376.939,57.422,519,224 -t 1 -a -M -T 30 -A 1 -B 4 -O 6 -R @RG\tID:Sde-CMat_045-SdC01045-L2-clmp-fp2-repr\tSM:Sde-CMat_045-SdC01045-L2-clmp-fp2-repr\tPL:Illumina reference.rad.D-3-3-probes4development-noMSATS-noNNNN-224-519bp-0-8TGCAGG-lessthan2indelsof3nt.fasta Sde-CMat_045-SdC01045-L2-clmp-fp2-repr.R1.fq.gz Sde-CMat_045-SdC01045-L2-clmp-fp2-repr.R2.fq.gz
[main] Real time: 660.151 sec; CPU: 634.288 sec
