[M::main_mem] mean insert size: 376.939, stddev: 57.422, max: 519, min: 224
[M::bwa_idx_load_from_disk] read 0 ALT contigs
[M::process] read 71002 sequences (10000209 bp)...
[M::process] read 70832 sequences (10000172 bp)...
[M::mem_process_seqs] Processed 71002 reads in 8.563 CPU sec, 8.707 real sec
[M::process] read 70860 sequences (10000087 bp)...
[M::mem_process_seqs] Processed 70832 reads in 8.859 CPU sec, 9.119 real sec
[M::process] read 70914 sequences (10000261 bp)...
[M::mem_process_seqs] Processed 70860 reads in 8.369 CPU sec, 8.522 real sec
[M::process] read 70856 sequences (10000006 bp)...
[M::mem_process_seqs] Processed 70914 reads in 8.747 CPU sec, 8.517 real sec
[M::process] read 71012 sequences (10000072 bp)...
[M::mem_process_seqs] Processed 70856 reads in 8.606 CPU sec, 9.602 real sec
[M::process] read 71412 sequences (10000233 bp)...
[M::mem_process_seqs] Processed 71012 reads in 8.729 CPU sec, 8.780 real sec
[M::process] read 70784 sequences (10000092 bp)...
[M::mem_process_seqs] Processed 71412 reads in 8.681 CPU sec, 9.215 real sec
[M::process] read 70638 sequences (10000247 bp)...
[M::mem_process_seqs] Processed 70784 reads in 8.608 CPU sec, 8.791 real sec
[M::process] read 70832 sequences (10000048 bp)...
[M::mem_process_seqs] Processed 70638 reads in 8.879 CPU sec, 9.212 real sec
[M::process] read 70884 sequences (10000047 bp)...
[M::mem_process_seqs] Processed 70832 reads in 8.738 CPU sec, 9.266 real sec
[M::process] read 70928 sequences (10000071 bp)...
[M::mem_process_seqs] Processed 70884 reads in 8.417 CPU sec, 8.728 real sec
[M::process] read 70826 sequences (10000109 bp)...
[M::mem_process_seqs] Processed 70928 reads in 8.392 CPU sec, 9.158 real sec
[M::process] read 70636 sequences (10000022 bp)...
[M::mem_process_seqs] Processed 70826 reads in 8.628 CPU sec, 8.996 real sec
[M::process] read 73084 sequences (10000101 bp)...
[M::mem_process_seqs] Processed 70636 reads in 8.897 CPU sec, 9.776 real sec
[M::process] read 70476 sequences (10000237 bp)...
[M::mem_process_seqs] Processed 73084 reads in 8.214 CPU sec, 8.532 real sec
[M::process] read 70932 sequences (10000149 bp)...
[M::mem_process_seqs] Processed 70476 reads in 8.717 CPU sec, 9.337 real sec
[M::process] read 71028 sequences (10000013 bp)...
[M::mem_process_seqs] Processed 70932 reads in 9.129 CPU sec, 9.856 real sec
[M::process] read 70558 sequences (10000143 bp)...
[M::mem_process_seqs] Processed 71028 reads in 8.738 CPU sec, 9.308 real sec
[M::process] read 70884 sequences (10000273 bp)...
[M::mem_process_seqs] Processed 70558 reads in 9.405 CPU sec, 9.606 real sec
[M::process] read 70582 sequences (10000069 bp)...
[M::mem_process_seqs] Processed 70884 reads in 8.592 CPU sec, 8.652 real sec
[M::process] read 70608 sequences (10000146 bp)...
[M::mem_process_seqs] Processed 70582 reads in 8.917 CPU sec, 9.665 real sec
[M::process] read 70918 sequences (10000088 bp)...
[M::mem_process_seqs] Processed 70608 reads in 8.850 CPU sec, 9.259 real sec
[M::process] read 71116 sequences (10000241 bp)...
[M::mem_process_seqs] Processed 70918 reads in 8.919 CPU sec, 9.211 real sec
[M::process] read 71014 sequences (10000289 bp)...
[M::mem_process_seqs] Processed 71116 reads in 8.958 CPU sec, 9.401 real sec
[M::process] read 70750 sequences (10000180 bp)...
[M::mem_process_seqs] Processed 71014 reads in 8.410 CPU sec, 8.924 real sec
[M::process] read 71046 sequences (10000241 bp)...
[M::mem_process_seqs] Processed 70750 reads in 8.881 CPU sec, 9.354 real sec
[M::process] read 70720 sequences (10000021 bp)...
[M::mem_process_seqs] Processed 71046 reads in 8.615 CPU sec, 8.811 real sec
[M::process] read 70764 sequences (10000007 bp)...
[M::mem_process_seqs] Processed 70720 reads in 7.540 CPU sec, 7.806 real sec
[M::process] read 70808 sequences (10000116 bp)...
[M::mem_process_seqs] Processed 70764 reads in 8.721 CPU sec, 8.836 real sec
[M::process] read 71166 sequences (10000170 bp)...
[M::mem_process_seqs] Processed 70808 reads in 8.502 CPU sec, 8.845 real sec
[M::process] read 71218 sequences (10000111 bp)...
[M::mem_process_seqs] Processed 71166 reads in 8.367 CPU sec, 8.696 real sec
[M::process] read 71398 sequences (10000279 bp)...
[M::mem_process_seqs] Processed 71218 reads in 8.918 CPU sec, 9.288 real sec
[M::process] read 71242 sequences (10000277 bp)...
[M::mem_process_seqs] Processed 71398 reads in 8.298 CPU sec, 8.439 real sec
[M::process] read 71050 sequences (10000292 bp)...
[M::mem_process_seqs] Processed 71242 reads in 8.716 CPU sec, 9.639 real sec
[M::process] read 71458 sequences (10000214 bp)...
[M::mem_process_seqs] Processed 71050 reads in 8.872 CPU sec, 9.152 real sec
[M::process] read 70702 sequences (10000213 bp)...
[M::mem_process_seqs] Processed 71458 reads in 8.947 CPU sec, 9.554 real sec
[M::process] read 71100 sequences (10000012 bp)...
[M::mem_process_seqs] Processed 70702 reads in 8.771 CPU sec, 9.252 real sec
[M::process] read 70472 sequences (10000037 bp)...
[M::mem_process_seqs] Processed 71100 reads in 8.283 CPU sec, 8.569 real sec
[M::process] read 70570 sequences (10000096 bp)...
[M::mem_process_seqs] Processed 70472 reads in 9.895 CPU sec, 10.038 real sec
[M::process] read 70630 sequences (10000205 bp)...
[M::mem_process_seqs] Processed 70570 reads in 10.618 CPU sec, 10.760 real sec
[M::process] read 70756 sequences (10000262 bp)...
[M::mem_process_seqs] Processed 70630 reads in 8.778 CPU sec, 9.217 real sec
[M::process] read 70950 sequences (10000276 bp)...
[M::mem_process_seqs] Processed 70756 reads in 9.936 CPU sec, 10.738 real sec
[M::process] read 71024 sequences (10000057 bp)...
[M::mem_process_seqs] Processed 70950 reads in 8.499 CPU sec, 8.933 real sec
[M::process] read 70840 sequences (10000102 bp)...
[M::mem_process_seqs] Processed 71024 reads in 8.641 CPU sec, 9.455 real sec
[M::process] read 70914 sequences (10000247 bp)...
[M::mem_process_seqs] Processed 70840 reads in 9.427 CPU sec, 10.192 real sec
[M::process] read 70752 sequences (10000108 bp)...
[M::mem_process_seqs] Processed 70914 reads in 8.820 CPU sec, 9.701 real sec
[M::process] read 70860 sequences (10000270 bp)...
[M::mem_process_seqs] Processed 70752 reads in 8.746 CPU sec, 9.485 real sec
[M::process] read 70734 sequences (10000121 bp)...
[M::mem_process_seqs] Processed 70860 reads in 8.700 CPU sec, 8.782 real sec
[M::process] read 70914 sequences (10000076 bp)...
[M::mem_process_seqs] Processed 70734 reads in 8.712 CPU sec, 8.933 real sec
[M::process] read 70856 sequences (10000161 bp)...
[M::mem_process_seqs] Processed 70914 reads in 9.063 CPU sec, 9.480 real sec
[M::process] read 70622 sequences (10000123 bp)...
[M::mem_process_seqs] Processed 70856 reads in 9.108 CPU sec, 9.495 real sec
[M::process] read 71058 sequences (10000023 bp)...
[M::mem_process_seqs] Processed 70622 reads in 10.893 CPU sec, 11.717 real sec
[M::process] read 70784 sequences (10000235 bp)...
[M::mem_process_seqs] Processed 71058 reads in 8.484 CPU sec, 8.710 real sec
[M::process] read 70796 sequences (10000114 bp)...
[M::mem_process_seqs] Processed 70784 reads in 9.161 CPU sec, 9.998 real sec
[M::process] read 70780 sequences (10000270 bp)...
[M::mem_process_seqs] Processed 70796 reads in 8.785 CPU sec, 9.209 real sec
[M::process] read 70792 sequences (10000219 bp)...
[M::mem_process_seqs] Processed 70780 reads in 8.599 CPU sec, 9.098 real sec
[M::process] read 70908 sequences (10000022 bp)...
[M::mem_process_seqs] Processed 70792 reads in 8.299 CPU sec, 9.053 real sec
[M::process] read 70878 sequences (10000170 bp)...
[M::mem_process_seqs] Processed 70908 reads in 8.652 CPU sec, 8.852 real sec
[M::process] read 70824 sequences (10000278 bp)...
[M::mem_process_seqs] Processed 70878 reads in 8.559 CPU sec, 9.251 real sec
[M::process] read 70626 sequences (10000172 bp)...
[M::mem_process_seqs] Processed 70824 reads in 8.474 CPU sec, 9.143 real sec
[M::process] read 71092 sequences (10000178 bp)...
[M::mem_process_seqs] Processed 70626 reads in 8.615 CPU sec, 9.252 real sec
[M::process] read 70852 sequences (10000278 bp)...
[M::mem_process_seqs] Processed 71092 reads in 9.044 CPU sec, 9.696 real sec
[M::process] read 70742 sequences (10000192 bp)...
[M::mem_process_seqs] Processed 70852 reads in 8.764 CPU sec, 9.167 real sec
[M::process] read 70716 sequences (10000071 bp)...
[M::mem_process_seqs] Processed 70742 reads in 9.000 CPU sec, 9.597 real sec
[M::process] read 70922 sequences (10000053 bp)...
[M::mem_process_seqs] Processed 70716 reads in 9.164 CPU sec, 9.251 real sec
[M::process] read 70814 sequences (10000208 bp)...
[M::mem_process_seqs] Processed 70922 reads in 9.074 CPU sec, 9.745 real sec
[M::process] read 70800 sequences (10000029 bp)...
[M::mem_process_seqs] Processed 70814 reads in 10.982 CPU sec, 11.420 real sec
[M::process] read 71656 sequences (10000085 bp)...
[M::mem_process_seqs] Processed 70800 reads in 8.790 CPU sec, 9.069 real sec
[M::process] read 70852 sequences (10000085 bp)...
[M::mem_process_seqs] Processed 71656 reads in 8.292 CPU sec, 8.441 real sec
[M::process] read 71052 sequences (10000131 bp)...
[M::mem_process_seqs] Processed 70852 reads in 9.151 CPU sec, 9.708 real sec
[M::process] read 70836 sequences (10000024 bp)...
[M::mem_process_seqs] Processed 71052 reads in 9.040 CPU sec, 9.816 real sec
[M::process] read 70654 sequences (10000201 bp)...
[M::mem_process_seqs] Processed 70836 reads in 9.562 CPU sec, 9.848 real sec
[M::process] read 62716 sequences (8830216 bp)...
[M::mem_process_seqs] Processed 70654 reads in 8.848 CPU sec, 9.293 real sec
[M::mem_process_seqs] Processed 62716 reads in 7.687 CPU sec, 8.732 real sec
[main] Version: 0.7.17-r1188
[main] CMD: bwa mem -L 5 -I 376.939,57.422,519,224 -t 1 -a -M -T 30 -A 1 -B 4 -O 6 -R @RG\tID:Sde-CMat_007-SdC01007-L2-clmp-fp2-repr\tSM:Sde-CMat_007-SdC01007-L2-clmp-fp2-repr\tPL:Illumina reference.rad.D-3-3-probes4development-noMSATS-noNNNN-224-519bp-0-8TGCAGG-lessthan2indelsof3nt.fasta Sde-CMat_007-SdC01007-L2-clmp-fp2-repr.R1.fq.gz Sde-CMat_007-SdC01007-L2-clmp-fp2-repr.R2.fq.gz
[main] Real time: 689.941 sec; CPU: 654.668 sec
