[M::main_mem] mean insert size: 376.939, stddev: 57.422, max: 519, min: 224
[M::bwa_idx_load_from_disk] read 0 ALT contigs
[M::process] read 95042 sequences (10000124 bp)...
[M::process] read 95192 sequences (10000117 bp)...
[M::mem_process_seqs] Processed 95042 reads in 8.436 CPU sec, 8.527 real sec
[M::process] read 95278 sequences (10000138 bp)...
[M::mem_process_seqs] Processed 95192 reads in 8.920 CPU sec, 8.827 real sec
[M::process] read 95166 sequences (10000060 bp)...
[M::mem_process_seqs] Processed 95278 reads in 9.013 CPU sec, 8.801 real sec
[M::process] read 95110 sequences (10000158 bp)...
[M::mem_process_seqs] Processed 95166 reads in 8.794 CPU sec, 9.136 real sec
[M::process] read 94896 sequences (10000171 bp)...
[M::mem_process_seqs] Processed 95110 reads in 8.707 CPU sec, 8.807 real sec
[M::process] read 95068 sequences (10000021 bp)...
[M::mem_process_seqs] Processed 94896 reads in 8.689 CPU sec, 8.436 real sec
[M::process] read 95078 sequences (10000226 bp)...
[M::mem_process_seqs] Processed 95068 reads in 9.083 CPU sec, 9.330 real sec
[M::process] read 95110 sequences (10000041 bp)...
[M::mem_process_seqs] Processed 95078 reads in 9.147 CPU sec, 9.637 real sec
[M::process] read 95096 sequences (10000296 bp)...
[M::mem_process_seqs] Processed 95110 reads in 8.567 CPU sec, 8.508 real sec
[M::process] read 83698 sequences (8809902 bp)...
[M::mem_process_seqs] Processed 95096 reads in 9.054 CPU sec, 9.210 real sec
[M::mem_process_seqs] Processed 83698 reads in 7.386 CPU sec, 7.893 real sec
[main] Version: 0.7.17-r1188
[main] CMD: bwa mem -L 5 -I 376.939,57.422,519,224 -t 1 -a -M -T 30 -A 1 -B 4 -O 6 -R @RG\tID:Sde-AMar_061-SdA02061-L2-clmp-fp2-repr\tSM:Sde-AMar_061-SdA02061-L2-clmp-fp2-repr\tPL:Illumina reference.rad.D-3-3-probes4development-noMSATS-noNNNN-224-519bp-0-8TGCAGG-lessthan2indelsof3nt.fasta Sde-AMar_061-SdA02061-L2-clmp-fp2-repr.R1.fq.gz Sde-AMar_061-SdA02061-L2-clmp-fp2-repr.R2.fq.gz
[main] Real time: 98.997 sec; CPU: 96.148 sec
