[M::main_mem] mean insert size: 376.939, stddev: 57.422, max: 519, min: 224
[M::bwa_idx_load_from_disk] read 0 ALT contigs
[M::process] read 83714 sequences (10000086 bp)...
[M::process] read 82820 sequences (10000194 bp)...
[M::mem_process_seqs] Processed 83714 reads in 8.549 CPU sec, 8.860 real sec
[M::process] read 79048 sequences (10000114 bp)...
[M::mem_process_seqs] Processed 82820 reads in 8.279 CPU sec, 8.818 real sec
[M::process] read 83928 sequences (10000066 bp)...
[M::mem_process_seqs] Processed 79048 reads in 7.031 CPU sec, 7.430 real sec
[M::process] read 85130 sequences (10000116 bp)...
[M::mem_process_seqs] Processed 83928 reads in 8.128 CPU sec, 8.813 real sec
[M::process] read 84426 sequences (10000083 bp)...
[M::mem_process_seqs] Processed 85130 reads in 8.962 CPU sec, 9.035 real sec
[M::process] read 82470 sequences (10000110 bp)...
[M::mem_process_seqs] Processed 84426 reads in 8.360 CPU sec, 8.873 real sec
[M::process] read 84932 sequences (10000184 bp)...
[M::mem_process_seqs] Processed 82470 reads in 8.705 CPU sec, 8.707 real sec
[M::process] read 85242 sequences (10000032 bp)...
[M::mem_process_seqs] Processed 84932 reads in 9.379 CPU sec, 9.593 real sec
[M::process] read 85416 sequences (10000234 bp)...
[M::mem_process_seqs] Processed 85242 reads in 9.008 CPU sec, 9.218 real sec
[M::process] read 83762 sequences (10000219 bp)...
[M::mem_process_seqs] Processed 85416 reads in 9.059 CPU sec, 9.378 real sec
[M::process] read 84360 sequences (10000108 bp)...
[M::mem_process_seqs] Processed 83762 reads in 9.328 CPU sec, 9.687 real sec
[M::process] read 85426 sequences (10000098 bp)...
[M::mem_process_seqs] Processed 84360 reads in 8.797 CPU sec, 9.221 real sec
[M::process] read 84568 sequences (10000064 bp)...
[M::mem_process_seqs] Processed 85426 reads in 8.909 CPU sec, 9.368 real sec
[M::process] read 85164 sequences (10000001 bp)...
[M::mem_process_seqs] Processed 84568 reads in 9.944 CPU sec, 10.308 real sec
[M::process] read 84704 sequences (10000014 bp)...
[M::mem_process_seqs] Processed 85164 reads in 9.165 CPU sec, 9.451 real sec
[M::process] read 82700 sequences (10000100 bp)...
[M::mem_process_seqs] Processed 84704 reads in 9.251 CPU sec, 9.659 real sec
[M::process] read 84004 sequences (10000262 bp)...
[M::mem_process_seqs] Processed 82700 reads in 8.738 CPU sec, 9.262 real sec
[M::process] read 77652 sequences (10000038 bp)...
[M::mem_process_seqs] Processed 84004 reads in 8.723 CPU sec, 9.132 real sec
[M::process] read 84482 sequences (10000243 bp)...
[M::mem_process_seqs] Processed 77652 reads in 5.959 CPU sec, 6.488 real sec
[M::process] read 84844 sequences (10000101 bp)...
[M::mem_process_seqs] Processed 84482 reads in 8.495 CPU sec, 8.893 real sec
[M::process] read 84050 sequences (10000234 bp)...
[M::mem_process_seqs] Processed 84844 reads in 9.083 CPU sec, 9.173 real sec
[M::process] read 73310 sequences (10000180 bp)...
[M::mem_process_seqs] Processed 84050 reads in 8.221 CPU sec, 8.140 real sec
[M::process] read 72754 sequences (10000039 bp)...
[M::mem_process_seqs] Processed 73310 reads in 6.147 CPU sec, 6.126 real sec
[M::process] read 75512 sequences (10000021 bp)...
[M::mem_process_seqs] Processed 72754 reads in 6.211 CPU sec, 6.438 real sec
[M::process] read 83246 sequences (10000187 bp)...
[M::mem_process_seqs] Processed 75512 reads in 5.861 CPU sec, 5.863 real sec
[M::process] read 82586 sequences (10000188 bp)...
[M::mem_process_seqs] Processed 83246 reads in 8.175 CPU sec, 8.188 real sec
[M::process] read 84438 sequences (10000254 bp)...
[M::mem_process_seqs] Processed 82586 reads in 7.973 CPU sec, 7.980 real sec
[M::process] read 83470 sequences (10000125 bp)...
[M::mem_process_seqs] Processed 84438 reads in 9.144 CPU sec, 9.623 real sec
[M::process] read 81488 sequences (10000124 bp)...
[M::mem_process_seqs] Processed 83470 reads in 8.482 CPU sec, 8.523 real sec
[M::process] read 85242 sequences (10000033 bp)...
[M::mem_process_seqs] Processed 81488 reads in 7.976 CPU sec, 8.328 real sec
[M::process] read 83824 sequences (10000044 bp)...
[M::mem_process_seqs] Processed 85242 reads in 8.838 CPU sec, 8.921 real sec
[M::process] read 78930 sequences (10000033 bp)...
[M::mem_process_seqs] Processed 83824 reads in 8.328 CPU sec, 8.750 real sec
[M::process] read 79702 sequences (10000090 bp)...
[M::mem_process_seqs] Processed 78930 reads in 7.245 CPU sec, 7.547 real sec
[M::process] read 81838 sequences (10000130 bp)...
[M::mem_process_seqs] Processed 79702 reads in 7.414 CPU sec, 7.802 real sec
[M::process] read 83686 sequences (10000153 bp)...
[M::mem_process_seqs] Processed 81838 reads in 10.483 CPU sec, 11.189 real sec
[M::process] read 85408 sequences (10000055 bp)...
[M::mem_process_seqs] Processed 83686 reads in 10.511 CPU sec, 10.778 real sec
[M::process] read 85198 sequences (10000026 bp)...
[M::mem_process_seqs] Processed 85408 reads in 9.155 CPU sec, 9.875 real sec
[M::process] read 85368 sequences (10000108 bp)...
[M::mem_process_seqs] Processed 85198 reads in 8.932 CPU sec, 9.198 real sec
[M::process] read 83662 sequences (10000119 bp)...
[M::mem_process_seqs] Processed 85368 reads in 9.111 CPU sec, 9.718 real sec
[M::process] read 84560 sequences (10000049 bp)...
[M::mem_process_seqs] Processed 83662 reads in 9.106 CPU sec, 9.801 real sec
[M::process] read 83916 sequences (10000172 bp)...
[M::mem_process_seqs] Processed 84560 reads in 8.673 CPU sec, 8.540 real sec
[M::process] read 85236 sequences (10000177 bp)...
[M::mem_process_seqs] Processed 83916 reads in 8.366 CPU sec, 8.440 real sec
[M::process] read 83776 sequences (10000063 bp)...
[M::mem_process_seqs] Processed 85236 reads in 8.708 CPU sec, 9.218 real sec
[M::process] read 84788 sequences (10000064 bp)...
[M::mem_process_seqs] Processed 83776 reads in 11.632 CPU sec, 12.256 real sec
[M::process] read 84756 sequences (10000103 bp)...
[M::mem_process_seqs] Processed 84788 reads in 8.870 CPU sec, 9.207 real sec
[M::process] read 83432 sequences (10000139 bp)...
[M::mem_process_seqs] Processed 84756 reads in 8.977 CPU sec, 9.144 real sec
[M::process] read 83448 sequences (10000202 bp)...
[M::mem_process_seqs] Processed 83432 reads in 8.064 CPU sec, 8.282 real sec
[M::process] read 74840 sequences (10000220 bp)...
[M::mem_process_seqs] Processed 83448 reads in 8.514 CPU sec, 8.712 real sec
[M::process] read 78072 sequences (10000053 bp)...
[M::mem_process_seqs] Processed 74840 reads in 6.552 CPU sec, 6.627 real sec
[M::process] read 81018 sequences (10000064 bp)...
[M::mem_process_seqs] Processed 78072 reads in 6.827 CPU sec, 7.364 real sec
[M::process] read 83342 sequences (10000073 bp)...
[M::mem_process_seqs] Processed 81018 reads in 7.845 CPU sec, 7.964 real sec
[M::process] read 77182 sequences (10000004 bp)...
[M::mem_process_seqs] Processed 83342 reads in 8.791 CPU sec, 9.155 real sec
[M::process] read 72948 sequences (10000275 bp)...
[M::mem_process_seqs] Processed 77182 reads in 7.143 CPU sec, 7.563 real sec
[M::process] read 79914 sequences (10000093 bp)...
[M::mem_process_seqs] Processed 72948 reads in 5.813 CPU sec, 6.073 real sec
[M::process] read 84158 sequences (10000093 bp)...
[M::mem_process_seqs] Processed 79914 reads in 7.389 CPU sec, 7.425 real sec
[M::process] read 85152 sequences (10000239 bp)...
[M::mem_process_seqs] Processed 84158 reads in 8.708 CPU sec, 9.501 real sec
[M::process] read 83316 sequences (10000220 bp)...
[M::mem_process_seqs] Processed 85152 reads in 9.395 CPU sec, 10.123 real sec
[M::process] read 85258 sequences (10000157 bp)...
[M::mem_process_seqs] Processed 83316 reads in 10.840 CPU sec, 11.228 real sec
[M::process] read 84434 sequences (10000134 bp)...
[M::mem_process_seqs] Processed 85258 reads in 9.306 CPU sec, 9.676 real sec
[M::process] read 84540 sequences (10000054 bp)...
[M::mem_process_seqs] Processed 84434 reads in 8.451 CPU sec, 8.694 real sec
[M::process] read 84290 sequences (10000267 bp)...
[M::mem_process_seqs] Processed 84540 reads in 8.523 CPU sec, 8.646 real sec
[M::process] read 81844 sequences (10000022 bp)...
[M::mem_process_seqs] Processed 84290 reads in 9.081 CPU sec, 9.274 real sec
[M::process] read 16948 sequences (2000024 bp)...
[M::mem_process_seqs] Processed 81844 reads in 7.997 CPU sec, 8.265 real sec
[M::mem_process_seqs] Processed 16948 reads in 1.707 CPU sec, 1.801 real sec
[main] Version: 0.7.17-r1188
[main] CMD: bwa mem -L 5 -I 376.939,57.422,519,224 -t 1 -a -M -T 30 -A 1 -B 4 -O 6 -R @RG\tID:Sde-AMat_056-SdA01056-L2-clmp-fp2-repr\tSM:Sde-AMat_056-SdA01056-L2-clmp-fp2-repr\tPL:Illumina reference.rad.D-3-3-probes4development-noMSATS-noNNNN-224-519bp-0-8TGCAGG-lessthan2indelsof3nt.fasta Sde-AMat_056-SdA01056-L2-clmp-fp2-repr.R1.fq.gz Sde-AMat_056-SdA01056-L2-clmp-fp2-repr.R2.fq.gz
[main] Real time: 562.845 sec; CPU: 535.620 sec
