[M::main_mem] mean insert size: 376.939, stddev: 57.422, max: 519, min: 224
[M::bwa_idx_load_from_disk] read 0 ALT contigs
[M::process] read 71468 sequences (10000126 bp)...
[M::process] read 71860 sequences (10000051 bp)...
[M::mem_process_seqs] Processed 71468 reads in 8.409 CPU sec, 8.590 real sec
[M::process] read 71986 sequences (10000254 bp)...
[M::mem_process_seqs] Processed 71860 reads in 8.471 CPU sec, 8.514 real sec
[M::process] read 71572 sequences (10000121 bp)...
[M::mem_process_seqs] Processed 71986 reads in 8.742 CPU sec, 9.050 real sec
[M::process] read 71682 sequences (10000084 bp)...
[M::mem_process_seqs] Processed 71572 reads in 8.901 CPU sec, 9.123 real sec
[M::process] read 71708 sequences (10000135 bp)...
[M::mem_process_seqs] Processed 71682 reads in 8.664 CPU sec, 9.366 real sec
[M::process] read 72974 sequences (10000094 bp)...
[M::mem_process_seqs] Processed 71708 reads in 8.778 CPU sec, 9.504 real sec
[M::process] read 71684 sequences (10000139 bp)...
[M::mem_process_seqs] Processed 72974 reads in 8.797 CPU sec, 8.886 real sec
[M::process] read 71500 sequences (10000117 bp)...
[M::mem_process_seqs] Processed 71684 reads in 8.885 CPU sec, 9.068 real sec
[M::process] read 71736 sequences (10000242 bp)...
[M::mem_process_seqs] Processed 71500 reads in 8.783 CPU sec, 9.700 real sec
[M::process] read 71560 sequences (10000098 bp)...
[M::mem_process_seqs] Processed 71736 reads in 8.835 CPU sec, 9.224 real sec
[M::process] read 71616 sequences (10000110 bp)...
[M::mem_process_seqs] Processed 71560 reads in 8.868 CPU sec, 8.837 real sec
[M::process] read 71606 sequences (10000202 bp)...
[M::mem_process_seqs] Processed 71616 reads in 8.093 CPU sec, 8.437 real sec
[M::process] read 72080 sequences (10000252 bp)...
[M::mem_process_seqs] Processed 71606 reads in 8.935 CPU sec, 9.255 real sec
[M::process] read 71900 sequences (10000018 bp)...
[M::mem_process_seqs] Processed 72080 reads in 8.991 CPU sec, 9.448 real sec
[M::process] read 71612 sequences (10000178 bp)...
[M::mem_process_seqs] Processed 71900 reads in 8.607 CPU sec, 8.531 real sec
[M::process] read 71442 sequences (10000035 bp)...
[M::mem_process_seqs] Processed 71612 reads in 8.672 CPU sec, 8.900 real sec
[M::process] read 71526 sequences (10000133 bp)...
[M::mem_process_seqs] Processed 71442 reads in 9.393 CPU sec, 10.055 real sec
[M::process] read 71742 sequences (10000154 bp)...
[M::mem_process_seqs] Processed 71526 reads in 8.953 CPU sec, 9.003 real sec
[M::process] read 71542 sequences (10000089 bp)...
[M::mem_process_seqs] Processed 71742 reads in 8.705 CPU sec, 9.158 real sec
[M::process] read 71546 sequences (10000282 bp)...
[M::mem_process_seqs] Processed 71542 reads in 8.596 CPU sec, 8.750 real sec
[M::process] read 71652 sequences (10000191 bp)...
[M::mem_process_seqs] Processed 71546 reads in 8.624 CPU sec, 8.680 real sec
[M::process] read 71522 sequences (10000216 bp)...
[M::mem_process_seqs] Processed 71652 reads in 8.655 CPU sec, 8.602 real sec
[M::process] read 71634 sequences (10000003 bp)...
[M::mem_process_seqs] Processed 71522 reads in 9.877 CPU sec, 9.771 real sec
[M::process] read 71508 sequences (10000053 bp)...
[M::mem_process_seqs] Processed 71634 reads in 8.817 CPU sec, 8.569 real sec
[M::process] read 71326 sequences (10000111 bp)...
[M::mem_process_seqs] Processed 71508 reads in 8.095 CPU sec, 7.973 real sec
[M::process] read 71672 sequences (10000105 bp)...
[M::mem_process_seqs] Processed 71326 reads in 8.364 CPU sec, 8.103 real sec
[M::process] read 71638 sequences (10000000 bp)...
[M::mem_process_seqs] Processed 71672 reads in 8.540 CPU sec, 8.169 real sec
[M::process] read 71560 sequences (10000280 bp)...
[M::mem_process_seqs] Processed 71638 reads in 8.743 CPU sec, 8.461 real sec
[M::process] read 72206 sequences (10000058 bp)...
[M::mem_process_seqs] Processed 71560 reads in 9.545 CPU sec, 9.241 real sec
[M::process] read 71468 sequences (10000187 bp)...
[M::mem_process_seqs] Processed 72206 reads in 8.480 CPU sec, 8.189 real sec
[M::process] read 33754 sequences (4689465 bp)...
[M::mem_process_seqs] Processed 71468 reads in 8.684 CPU sec, 8.454 real sec
[M::mem_process_seqs] Processed 33754 reads in 4.234 CPU sec, 4.147 real sec
[main] Version: 0.7.17-r1188
[main] CMD: bwa mem -L 5 -I 376.939,57.422,519,224 -t 1 -a -M -T 30 -A 1 -B 4 -O 6 -R @RG\tID:Sde-CMat_082-SdC01082-L2-clmp-fp2-repr\tSM:Sde-CMat_082-SdC01082-L2-clmp-fp2-repr\tPL:Illumina reference.rad.D-3-3-probes4development-noMSATS-noNNNN-224-519bp-0-8TGCAGG-lessthan2indelsof3nt.fasta Sde-CMat_082-SdC01082-L2-clmp-fp2-repr.R1.fq.gz Sde-CMat_082-SdC01082-L2-clmp-fp2-repr.R2.fq.gz
[main] Real time: 281.882 sec; CPU: 276.137 sec
