[M::main_mem] mean insert size: 376.939, stddev: 57.422, max: 519, min: 224
[M::bwa_idx_load_from_disk] read 0 ALT contigs
[M::process] read 74676 sequences (10000225 bp)...
[M::process] read 74586 sequences (10000237 bp)...
[M::mem_process_seqs] Processed 74676 reads in 6.595 CPU sec, 6.846 real sec
[M::process] read 74540 sequences (10000170 bp)...
[M::mem_process_seqs] Processed 74586 reads in 6.732 CPU sec, 7.003 real sec
[M::process] read 74636 sequences (10000157 bp)...
[M::mem_process_seqs] Processed 74540 reads in 6.757 CPU sec, 7.060 real sec
[M::process] read 74654 sequences (10000147 bp)...
[M::mem_process_seqs] Processed 74636 reads in 6.759 CPU sec, 7.035 real sec
[M::process] read 74682 sequences (10000176 bp)...
[M::mem_process_seqs] Processed 74654 reads in 6.726 CPU sec, 6.679 real sec
[M::process] read 74558 sequences (10000230 bp)...
[M::mem_process_seqs] Processed 74682 reads in 6.947 CPU sec, 7.191 real sec
[M::process] read 74738 sequences (10000103 bp)...
[M::mem_process_seqs] Processed 74558 reads in 6.779 CPU sec, 7.004 real sec
[M::process] read 74520 sequences (10000011 bp)...
[M::mem_process_seqs] Processed 74738 reads in 6.900 CPU sec, 7.416 real sec
[M::process] read 74678 sequences (10000187 bp)...
[M::mem_process_seqs] Processed 74520 reads in 7.102 CPU sec, 7.457 real sec
[M::process] read 74436 sequences (10000117 bp)...
[M::mem_process_seqs] Processed 74678 reads in 6.775 CPU sec, 6.815 real sec
[M::process] read 74798 sequences (10000020 bp)...
[M::mem_process_seqs] Processed 74436 reads in 6.545 CPU sec, 6.385 real sec
[M::process] read 74668 sequences (10000265 bp)...
[M::mem_process_seqs] Processed 74798 reads in 6.835 CPU sec, 6.703 real sec
[M::process] read 74528 sequences (10000039 bp)...
[M::mem_process_seqs] Processed 74668 reads in 6.760 CPU sec, 7.095 real sec
[M::process] read 74650 sequences (10000046 bp)...
[M::mem_process_seqs] Processed 74528 reads in 6.823 CPU sec, 6.920 real sec
[M::process] read 74670 sequences (10000186 bp)...
[M::mem_process_seqs] Processed 74650 reads in 6.944 CPU sec, 6.974 real sec
[M::process] read 51278 sequences (6855639 bp)...
[M::mem_process_seqs] Processed 74670 reads in 6.564 CPU sec, 6.799 real sec
[M::mem_process_seqs] Processed 51278 reads in 4.549 CPU sec, 4.820 real sec
[main] Version: 0.7.17-r1188
[main] CMD: bwa mem -L 5 -I 376.939,57.422,519,224 -t 1 -a -M -T 30 -A 1 -B 4 -O 6 -R @RG\tID:Sde-AMar_022-SdA02022-L2-clmp-fp2-repr\tSM:Sde-AMar_022-SdA02022-L2-clmp-fp2-repr\tPL:Illumina reference.rad.D-3-3-probes4development-noMSATS-noNNNN-224-519bp-0-8TGCAGG-lessthan2indelsof3nt.fasta Sde-AMar_022-SdA02022-L2-clmp-fp2-repr.R1.fq.gz Sde-AMar_022-SdA02022-L2-clmp-fp2-repr.R2.fq.gz
[main] Real time: 117.762 sec; CPU: 113.492 sec
