[M::main_mem] mean insert size: 376.939, stddev: 57.422, max: 519, min: 224
[M::bwa_idx_load_from_disk] read 0 ALT contigs
[M::process] read 70694 sequences (10000161 bp)...
[M::process] read 70786 sequences (10000179 bp)...
[M::mem_process_seqs] Processed 70694 reads in 8.595 CPU sec, 8.708 real sec
[M::process] read 70622 sequences (10000055 bp)...
[M::mem_process_seqs] Processed 70786 reads in 8.202 CPU sec, 8.364 real sec
[M::process] read 70814 sequences (10000158 bp)...
[M::mem_process_seqs] Processed 70622 reads in 8.968 CPU sec, 9.157 real sec
[M::process] read 70616 sequences (10000197 bp)...
[M::mem_process_seqs] Processed 70814 reads in 8.372 CPU sec, 8.560 real sec
[M::process] read 70920 sequences (10000091 bp)...
[M::mem_process_seqs] Processed 70616 reads in 8.570 CPU sec, 9.036 real sec
[M::process] read 71282 sequences (10000038 bp)...
[M::mem_process_seqs] Processed 70920 reads in 7.576 CPU sec, 7.743 real sec
[M::process] read 70964 sequences (10000066 bp)...
[M::mem_process_seqs] Processed 71282 reads in 8.768 CPU sec, 8.928 real sec
[M::process] read 71144 sequences (10000246 bp)...
[M::mem_process_seqs] Processed 70964 reads in 8.651 CPU sec, 8.931 real sec
[M::process] read 70856 sequences (10000140 bp)...
[M::mem_process_seqs] Processed 71144 reads in 8.513 CPU sec, 8.509 real sec
[M::process] read 70662 sequences (10000029 bp)...
[M::mem_process_seqs] Processed 70856 reads in 8.720 CPU sec, 8.752 real sec
[M::process] read 70854 sequences (10000092 bp)...
[M::mem_process_seqs] Processed 70662 reads in 8.739 CPU sec, 8.903 real sec
[M::process] read 70626 sequences (10000038 bp)...
[M::mem_process_seqs] Processed 70854 reads in 8.306 CPU sec, 8.320 real sec
[M::process] read 70584 sequences (10000141 bp)...
[M::mem_process_seqs] Processed 70626 reads in 8.621 CPU sec, 8.895 real sec
[M::process] read 71950 sequences (10000056 bp)...
[M::mem_process_seqs] Processed 70584 reads in 8.952 CPU sec, 9.087 real sec
[M::process] read 70632 sequences (10000182 bp)...
[M::mem_process_seqs] Processed 71950 reads in 8.418 CPU sec, 8.786 real sec
[M::process] read 70784 sequences (10000093 bp)...
[M::mem_process_seqs] Processed 70632 reads in 8.269 CPU sec, 8.583 real sec
[M::process] read 70880 sequences (10000168 bp)...
[M::mem_process_seqs] Processed 70784 reads in 8.850 CPU sec, 9.182 real sec
[M::process] read 70690 sequences (10000151 bp)...
[M::mem_process_seqs] Processed 70880 reads in 8.499 CPU sec, 8.730 real sec
[M::process] read 70816 sequences (10000273 bp)...
[M::mem_process_seqs] Processed 70690 reads in 8.610 CPU sec, 9.069 real sec
[M::process] read 70616 sequences (10000273 bp)...
[M::mem_process_seqs] Processed 70816 reads in 9.107 CPU sec, 8.998 real sec
[M::process] read 71254 sequences (10000216 bp)...
[M::mem_process_seqs] Processed 70616 reads in 8.353 CPU sec, 8.389 real sec
[M::process] read 70582 sequences (10000182 bp)...
[M::mem_process_seqs] Processed 71254 reads in 8.887 CPU sec, 8.632 real sec
[M::process] read 70666 sequences (10000173 bp)...
[M::mem_process_seqs] Processed 70582 reads in 8.490 CPU sec, 8.470 real sec
[M::process] read 70800 sequences (10000056 bp)...
[M::mem_process_seqs] Processed 70666 reads in 8.531 CPU sec, 8.238 real sec
[M::process] read 70856 sequences (10000040 bp)...
[M::mem_process_seqs] Processed 70800 reads in 8.789 CPU sec, 8.687 real sec
[M::process] read 70692 sequences (10000107 bp)...
[M::mem_process_seqs] Processed 70856 reads in 9.047 CPU sec, 8.869 real sec
[M::process] read 70756 sequences (10000030 bp)...
[M::mem_process_seqs] Processed 70692 reads in 8.763 CPU sec, 8.451 real sec
[M::process] read 70882 sequences (10000182 bp)...
[M::mem_process_seqs] Processed 70756 reads in 9.124 CPU sec, 8.889 real sec
[M::process] read 70380 sequences (10000142 bp)...
[M::mem_process_seqs] Processed 70882 reads in 9.345 CPU sec, 9.092 real sec
[M::process] read 70422 sequences (10000154 bp)...
[M::mem_process_seqs] Processed 70380 reads in 9.402 CPU sec, 9.069 real sec
[M::process] read 70742 sequences (10000037 bp)...
[M::mem_process_seqs] Processed 70422 reads in 8.525 CPU sec, 8.169 real sec
[M::process] read 74920 sequences (10000034 bp)...
[M::mem_process_seqs] Processed 70742 reads in 8.584 CPU sec, 8.273 real sec
[M::process] read 70600 sequences (10000150 bp)...
[M::mem_process_seqs] Processed 74920 reads in 8.544 CPU sec, 8.184 real sec
[M::process] read 70470 sequences (10000113 bp)...
[M::mem_process_seqs] Processed 70600 reads in 8.402 CPU sec, 8.061 real sec
[M::process] read 70462 sequences (10000004 bp)...
[M::mem_process_seqs] Processed 70470 reads in 8.653 CPU sec, 8.313 real sec
[M::process] read 70982 sequences (10000245 bp)...
[M::mem_process_seqs] Processed 70462 reads in 8.403 CPU sec, 8.129 real sec
[M::process] read 70680 sequences (10000126 bp)...
[M::mem_process_seqs] Processed 70982 reads in 8.506 CPU sec, 8.149 real sec
[M::process] read 71246 sequences (10000184 bp)...
[M::mem_process_seqs] Processed 70680 reads in 8.965 CPU sec, 8.631 real sec
[M::process] read 70820 sequences (10000019 bp)...
[M::mem_process_seqs] Processed 71246 reads in 8.764 CPU sec, 8.420 real sec
[M::process] read 70586 sequences (10000109 bp)...
[M::mem_process_seqs] Processed 70820 reads in 8.567 CPU sec, 8.231 real sec
[M::process] read 70804 sequences (10000082 bp)...
[M::mem_process_seqs] Processed 70586 reads in 9.247 CPU sec, 8.885 real sec
[M::process] read 70788 sequences (10000167 bp)...
[M::mem_process_seqs] Processed 70804 reads in 8.353 CPU sec, 7.974 real sec
[M::process] read 70810 sequences (10000087 bp)...
[M::mem_process_seqs] Processed 70788 reads in 8.361 CPU sec, 8.000 real sec
[M::process] read 70650 sequences (10000111 bp)...
[M::mem_process_seqs] Processed 70810 reads in 8.644 CPU sec, 8.313 real sec
[M::process] read 70408 sequences (10000053 bp)...
[M::mem_process_seqs] Processed 70650 reads in 8.970 CPU sec, 8.605 real sec
[M::process] read 70292 sequences (10000137 bp)...
[M::mem_process_seqs] Processed 70408 reads in 8.127 CPU sec, 7.792 real sec
[M::process] read 70692 sequences (10000226 bp)...
[M::mem_process_seqs] Processed 70292 reads in 9.111 CPU sec, 8.751 real sec
[M::process] read 70620 sequences (10000007 bp)...
[M::mem_process_seqs] Processed 70692 reads in 8.481 CPU sec, 8.142 real sec
[M::process] read 70722 sequences (10000216 bp)...
[M::mem_process_seqs] Processed 70620 reads in 8.933 CPU sec, 8.572 real sec
[M::process] read 70660 sequences (10000244 bp)...
[M::mem_process_seqs] Processed 70722 reads in 8.644 CPU sec, 8.303 real sec
[M::process] read 70592 sequences (10000147 bp)...
[M::mem_process_seqs] Processed 70660 reads in 8.864 CPU sec, 8.523 real sec
[M::process] read 72084 sequences (10000197 bp)...
[M::mem_process_seqs] Processed 70592 reads in 8.737 CPU sec, 8.399 real sec
[M::process] read 70924 sequences (10000275 bp)...
[M::mem_process_seqs] Processed 72084 reads in 7.359 CPU sec, 7.012 real sec
[M::process] read 70868 sequences (10000155 bp)...
[M::mem_process_seqs] Processed 70924 reads in 8.586 CPU sec, 8.259 real sec
[M::process] read 70914 sequences (10000144 bp)...
[M::mem_process_seqs] Processed 70868 reads in 8.233 CPU sec, 7.881 real sec
[M::process] read 70372 sequences (10000271 bp)...
[M::mem_process_seqs] Processed 70914 reads in 8.448 CPU sec, 8.113 real sec
[M::process] read 70496 sequences (10000065 bp)...
[M::mem_process_seqs] Processed 70372 reads in 8.434 CPU sec, 8.076 real sec
[M::process] read 70886 sequences (10000089 bp)...
[M::mem_process_seqs] Processed 70496 reads in 8.789 CPU sec, 8.452 real sec
[M::process] read 70758 sequences (10000219 bp)...
[M::mem_process_seqs] Processed 70886 reads in 8.803 CPU sec, 8.445 real sec
[M::process] read 70846 sequences (10000148 bp)...
[M::mem_process_seqs] Processed 70758 reads in 8.556 CPU sec, 8.222 real sec
[M::process] read 70088 sequences (10000165 bp)...
[M::mem_process_seqs] Processed 70846 reads in 7.884 CPU sec, 7.542 real sec
[M::process] read 71506 sequences (10000219 bp)...
[M::mem_process_seqs] Processed 70088 reads in 7.540 CPU sec, 7.229 real sec
[M::process] read 70364 sequences (10000059 bp)...
[M::mem_process_seqs] Processed 71506 reads in 6.197 CPU sec, 5.858 real sec
[M::process] read 71014 sequences (10000278 bp)...
[M::mem_process_seqs] Processed 70364 reads in 8.755 CPU sec, 8.435 real sec
[M::process] read 70592 sequences (10000132 bp)...
[M::mem_process_seqs] Processed 71014 reads in 8.318 CPU sec, 7.962 real sec
[M::process] read 70654 sequences (10000267 bp)...
[M::mem_process_seqs] Processed 70592 reads in 8.362 CPU sec, 8.020 real sec
[M::process] read 70646 sequences (10000139 bp)...
[M::mem_process_seqs] Processed 70654 reads in 8.391 CPU sec, 8.029 real sec
[M::process] read 71590 sequences (10000177 bp)...
[M::mem_process_seqs] Processed 70646 reads in 8.549 CPU sec, 8.042 real sec
[M::process] read 70664 sequences (10000295 bp)...
[M::mem_process_seqs] Processed 71590 reads in 7.895 CPU sec, 7.554 real sec
[M::process] read 71382 sequences (10000184 bp)...
[M::mem_process_seqs] Processed 70664 reads in 8.014 CPU sec, 7.684 real sec
[M::process] read 70474 sequences (10000180 bp)...
[M::mem_process_seqs] Processed 71382 reads in 8.268 CPU sec, 7.924 real sec
[M::process] read 71812 sequences (10000002 bp)...
[M::mem_process_seqs] Processed 70474 reads in 8.851 CPU sec, 8.477 real sec
[M::process] read 70728 sequences (10000050 bp)...
[M::mem_process_seqs] Processed 71812 reads in 7.873 CPU sec, 7.515 real sec
[M::process] read 71178 sequences (10000009 bp)...
[M::mem_process_seqs] Processed 70728 reads in 8.446 CPU sec, 8.111 real sec
[M::process] read 71844 sequences (10000133 bp)...
[M::mem_process_seqs] Processed 71178 reads in 7.954 CPU sec, 7.611 real sec
[M::process] read 70448 sequences (10000289 bp)...
[M::mem_process_seqs] Processed 71844 reads in 8.151 CPU sec, 7.810 real sec
[M::process] read 71458 sequences (10000039 bp)...
[M::mem_process_seqs] Processed 70448 reads in 8.836 CPU sec, 8.468 real sec
[M::process] read 70744 sequences (10000023 bp)...
[M::mem_process_seqs] Processed 71458 reads in 8.332 CPU sec, 7.998 real sec
[M::process] read 70652 sequences (10000219 bp)...
[M::mem_process_seqs] Processed 70744 reads in 8.028 CPU sec, 7.680 real sec
[M::process] read 71102 sequences (10000149 bp)...
[M::mem_process_seqs] Processed 70652 reads in 9.487 CPU sec, 9.151 real sec
[M::process] read 70328 sequences (10000023 bp)...
[M::mem_process_seqs] Processed 71102 reads in 8.176 CPU sec, 7.815 real sec
[M::process] read 70828 sequences (10000115 bp)...
[M::mem_process_seqs] Processed 70328 reads in 8.926 CPU sec, 8.590 real sec
[M::process] read 71118 sequences (10000249 bp)...
[M::mem_process_seqs] Processed 70828 reads in 8.533 CPU sec, 8.172 real sec
[M::process] read 70664 sequences (10000053 bp)...
[M::mem_process_seqs] Processed 71118 reads in 7.948 CPU sec, 7.619 real sec
[M::process] read 71422 sequences (10000169 bp)...
[M::mem_process_seqs] Processed 70664 reads in 7.867 CPU sec, 7.517 real sec
[M::process] read 70642 sequences (10000108 bp)...
[M::mem_process_seqs] Processed 71422 reads in 7.552 CPU sec, 7.232 real sec
[M::process] read 70496 sequences (10000081 bp)...
[M::mem_process_seqs] Processed 70642 reads in 8.214 CPU sec, 7.873 real sec
[M::process] read 69842 sequences (10000110 bp)...
[M::mem_process_seqs] Processed 70496 reads in 8.147 CPU sec, 7.811 real sec
[M::process] read 70866 sequences (10000288 bp)...
[M::mem_process_seqs] Processed 69842 reads in 13.411 CPU sec, 13.038 real sec
[M::process] read 70710 sequences (10000146 bp)...
[M::mem_process_seqs] Processed 70866 reads in 8.653 CPU sec, 8.269 real sec
[M::process] read 70340 sequences (10000202 bp)...
[M::mem_process_seqs] Processed 70710 reads in 8.565 CPU sec, 8.209 real sec
[M::process] read 70390 sequences (10000015 bp)...
[M::mem_process_seqs] Processed 70340 reads in 8.649 CPU sec, 8.314 real sec
[M::process] read 70810 sequences (10000246 bp)...
[M::mem_process_seqs] Processed 70390 reads in 10.133 CPU sec, 9.773 real sec
[M::process] read 70572 sequences (10000174 bp)...
[M::mem_process_seqs] Processed 70810 reads in 8.875 CPU sec, 8.510 real sec
[M::process] read 70856 sequences (10000214 bp)...
[M::mem_process_seqs] Processed 70572 reads in 8.654 CPU sec, 8.299 real sec
[M::process] read 70616 sequences (10000086 bp)...
[M::mem_process_seqs] Processed 70856 reads in 8.436 CPU sec, 8.094 real sec
[M::process] read 70590 sequences (10000082 bp)...
[M::mem_process_seqs] Processed 70616 reads in 8.509 CPU sec, 8.154 real sec
[M::process] read 70544 sequences (10000294 bp)...
[M::mem_process_seqs] Processed 70590 reads in 8.598 CPU sec, 8.261 real sec
[M::process] read 70648 sequences (10000096 bp)...
[M::mem_process_seqs] Processed 70544 reads in 8.142 CPU sec, 7.789 real sec
[M::process] read 70806 sequences (10000213 bp)...
[M::mem_process_seqs] Processed 70648 reads in 8.451 CPU sec, 8.109 real sec
[M::process] read 70818 sequences (10000263 bp)...
[M::mem_process_seqs] Processed 70806 reads in 8.161 CPU sec, 7.799 real sec
[M::process] read 70860 sequences (10000027 bp)...
[M::mem_process_seqs] Processed 70818 reads in 8.364 CPU sec, 8.018 real sec
[M::process] read 70874 sequences (10000274 bp)...
[M::mem_process_seqs] Processed 70860 reads in 7.902 CPU sec, 7.547 real sec
[M::process] read 70516 sequences (10000296 bp)...
[M::mem_process_seqs] Processed 70874 reads in 8.346 CPU sec, 8.006 real sec
[M::process] read 70894 sequences (10000230 bp)...
[M::mem_process_seqs] Processed 70516 reads in 8.791 CPU sec, 8.436 real sec
[M::process] read 70588 sequences (10000157 bp)...
[M::mem_process_seqs] Processed 70894 reads in 7.706 CPU sec, 7.365 real sec
[M::process] read 70520 sequences (10000151 bp)...
[M::mem_process_seqs] Processed 70588 reads in 8.040 CPU sec, 7.698 real sec
[M::process] read 70786 sequences (10000099 bp)...
[M::mem_process_seqs] Processed 70520 reads in 8.291 CPU sec, 7.954 real sec
[M::process] read 70452 sequences (10000086 bp)...
[M::mem_process_seqs] Processed 70786 reads in 8.186 CPU sec, 7.808 real sec
[M::process] read 70624 sequences (10000206 bp)...
[M::mem_process_seqs] Processed 70452 reads in 7.934 CPU sec, 7.605 real sec
[M::process] read 70916 sequences (10000204 bp)...
[M::mem_process_seqs] Processed 70624 reads in 7.948 CPU sec, 7.593 real sec
[M::process] read 71106 sequences (10000261 bp)...
[M::mem_process_seqs] Processed 70916 reads in 7.995 CPU sec, 7.655 real sec
[M::process] read 70588 sequences (10000124 bp)...
[M::mem_process_seqs] Processed 71106 reads in 7.822 CPU sec, 7.469 real sec
[M::process] read 70876 sequences (10000093 bp)...
[M::mem_process_seqs] Processed 70588 reads in 8.138 CPU sec, 7.795 real sec
[M::process] read 70762 sequences (10000230 bp)...
[M::mem_process_seqs] Processed 70876 reads in 8.196 CPU sec, 7.838 real sec
[M::process] read 70210 sequences (10000239 bp)...
[M::mem_process_seqs] Processed 70762 reads in 8.072 CPU sec, 7.667 real sec
[M::process] read 70990 sequences (10000297 bp)...
[M::mem_process_seqs] Processed 70210 reads in 13.050 CPU sec, 12.673 real sec
[M::process] read 70528 sequences (10000040 bp)...
[M::mem_process_seqs] Processed 70990 reads in 7.994 CPU sec, 7.622 real sec
[M::process] read 70526 sequences (10000262 bp)...
[M::mem_process_seqs] Processed 70528 reads in 7.804 CPU sec, 7.443 real sec
[M::process] read 70552 sequences (10000260 bp)...
[M::mem_process_seqs] Processed 70526 reads in 8.103 CPU sec, 7.763 real sec
[M::process] read 70864 sequences (10000146 bp)...
[M::mem_process_seqs] Processed 70552 reads in 8.035 CPU sec, 7.673 real sec
[M::process] read 70720 sequences (10000136 bp)...
[M::mem_process_seqs] Processed 70864 reads in 7.878 CPU sec, 7.538 real sec
[M::process] read 70848 sequences (10000000 bp)...
[M::mem_process_seqs] Processed 70720 reads in 8.245 CPU sec, 7.897 real sec
[M::process] read 70444 sequences (10000133 bp)...
[M::mem_process_seqs] Processed 70848 reads in 7.923 CPU sec, 7.583 real sec
[M::process] read 70980 sequences (10000242 bp)...
[M::mem_process_seqs] Processed 70444 reads in 7.876 CPU sec, 7.534 real sec
[M::process] read 70974 sequences (10000274 bp)...
[M::mem_process_seqs] Processed 70980 reads in 7.640 CPU sec, 7.312 real sec
[M::process] read 70460 sequences (10000109 bp)...
[M::mem_process_seqs] Processed 70974 reads in 7.842 CPU sec, 7.503 real sec
[M::process] read 70606 sequences (10000100 bp)...
[M::mem_process_seqs] Processed 70460 reads in 7.626 CPU sec, 7.281 real sec
[M::process] read 70414 sequences (10000106 bp)...
[M::mem_process_seqs] Processed 70606 reads in 7.802 CPU sec, 7.449 real sec
[M::process] read 71306 sequences (10000050 bp)...
[M::mem_process_seqs] Processed 70414 reads in 7.505 CPU sec, 7.175 real sec
[M::process] read 70908 sequences (10000218 bp)...
[M::mem_process_seqs] Processed 71306 reads in 6.795 CPU sec, 6.463 real sec
[M::process] read 70856 sequences (10000222 bp)...
[M::mem_process_seqs] Processed 70908 reads in 7.944 CPU sec, 7.628 real sec
[M::process] read 70562 sequences (10000023 bp)...
[M::mem_process_seqs] Processed 70856 reads in 7.977 CPU sec, 7.595 real sec
[M::process] read 71214 sequences (10000059 bp)...
[M::mem_process_seqs] Processed 70562 reads in 7.514 CPU sec, 7.182 real sec
[M::process] read 70174 sequences (10000055 bp)...
[M::mem_process_seqs] Processed 71214 reads in 7.542 CPU sec, 7.182 real sec
[M::process] read 70872 sequences (10000127 bp)...
[M::mem_process_seqs] Processed 70174 reads in 7.514 CPU sec, 7.186 real sec
[M::process] read 70494 sequences (10000092 bp)...
[M::mem_process_seqs] Processed 70872 reads in 8.127 CPU sec, 7.786 real sec
[M::process] read 71016 sequences (10000181 bp)...
[M::mem_process_seqs] Processed 70494 reads in 6.399 CPU sec, 6.073 real sec
[M::process] read 70716 sequences (10000126 bp)...
[M::mem_process_seqs] Processed 71016 reads in 8.608 CPU sec, 8.278 real sec
[M::process] read 71312 sequences (10000006 bp)...
[M::mem_process_seqs] Processed 70716 reads in 7.768 CPU sec, 7.429 real sec
[M::process] read 70466 sequences (10000122 bp)...
[M::mem_process_seqs] Processed 71312 reads in 7.339 CPU sec, 6.988 real sec
[M::process] read 70746 sequences (10000258 bp)...
[M::mem_process_seqs] Processed 70466 reads in 7.876 CPU sec, 7.521 real sec
[M::process] read 70474 sequences (10000281 bp)...
[M::mem_process_seqs] Processed 70746 reads in 7.832 CPU sec, 7.486 real sec
[M::process] read 70436 sequences (10000165 bp)...
[M::mem_process_seqs] Processed 70474 reads in 8.210 CPU sec, 7.902 real sec
[M::process] read 70640 sequences (10000276 bp)...
[M::mem_process_seqs] Processed 70436 reads in 7.712 CPU sec, 7.367 real sec
[M::process] read 70844 sequences (10000134 bp)...
[M::mem_process_seqs] Processed 70640 reads in 8.643 CPU sec, 8.314 real sec
[M::process] read 70546 sequences (10000214 bp)...
[M::mem_process_seqs] Processed 70844 reads in 7.994 CPU sec, 7.631 real sec
[M::process] read 70686 sequences (10000273 bp)...
[M::mem_process_seqs] Processed 70546 reads in 8.185 CPU sec, 7.860 real sec
[M::process] read 70518 sequences (10000003 bp)...
[M::mem_process_seqs] Processed 70686 reads in 7.818 CPU sec, 7.464 real sec
[M::process] read 70646 sequences (10000161 bp)...
[M::mem_process_seqs] Processed 70518 reads in 9.684 CPU sec, 9.293 real sec
[M::process] read 70632 sequences (10000139 bp)...
[M::mem_process_seqs] Processed 70646 reads in 10.420 CPU sec, 10.045 real sec
[M::process] read 70594 sequences (10000283 bp)...
[M::mem_process_seqs] Processed 70632 reads in 8.301 CPU sec, 7.915 real sec
[M::process] read 70612 sequences (10000070 bp)...
[M::mem_process_seqs] Processed 70594 reads in 8.285 CPU sec, 7.907 real sec
[M::process] read 72654 sequences (10000170 bp)...
[M::mem_process_seqs] Processed 70612 reads in 8.004 CPU sec, 7.592 real sec
[M::process] read 70728 sequences (10000184 bp)...
[M::mem_process_seqs] Processed 72654 reads in 7.375 CPU sec, 6.987 real sec
[M::process] read 70922 sequences (10000155 bp)...
[M::mem_process_seqs] Processed 70728 reads in 8.005 CPU sec, 7.671 real sec
[M::process] read 70912 sequences (10000198 bp)...
[M::mem_process_seqs] Processed 70922 reads in 7.989 CPU sec, 7.620 real sec
[M::process] read 71146 sequences (10000233 bp)...
[M::mem_process_seqs] Processed 70912 reads in 7.907 CPU sec, 7.553 real sec
[M::process] read 70614 sequences (10000083 bp)...
[M::mem_process_seqs] Processed 71146 reads in 7.872 CPU sec, 7.508 real sec
[M::process] read 70688 sequences (10000261 bp)...
[M::mem_process_seqs] Processed 70614 reads in 7.960 CPU sec, 7.630 real sec
[M::process] read 70740 sequences (10000007 bp)...
[M::mem_process_seqs] Processed 70688 reads in 7.835 CPU sec, 7.465 real sec
[M::process] read 70278 sequences (10000174 bp)...
[M::mem_process_seqs] Processed 70740 reads in 7.875 CPU sec, 7.516 real sec
[M::process] read 70420 sequences (10000106 bp)...
[M::mem_process_seqs] Processed 70278 reads in 7.996 CPU sec, 7.656 real sec
[M::process] read 70958 sequences (10000134 bp)...
[M::mem_process_seqs] Processed 70420 reads in 7.590 CPU sec, 7.265 real sec
[M::process] read 70620 sequences (10000121 bp)...
[M::mem_process_seqs] Processed 70958 reads in 7.991 CPU sec, 7.613 real sec
[M::process] read 36282 sequences (5091782 bp)...
[M::mem_process_seqs] Processed 70620 reads in 8.167 CPU sec, 7.906 real sec
[M::mem_process_seqs] Processed 36282 reads in 3.981 CPU sec, 3.902 real sec
[main] Version: 0.7.17-r1188
[main] CMD: bwa mem -L 5 -I 376.939,57.422,519,224 -t 1 -a -M -T 30 -A 1 -B 4 -O 6 -R @RG\tID:Sde-CMat_084-SdC01084-L2-clmp-fp2-repr\tSM:Sde-CMat_084-SdC01084-L2-clmp-fp2-repr\tPL:Illumina reference.rad.D-3-3-probes4development-noMSATS-noNNNN-224-519bp-0-8TGCAGG-lessthan2indelsof3nt.fasta Sde-CMat_084-SdC01084-L2-clmp-fp2-repr.R1.fq.gz Sde-CMat_084-SdC01084-L2-clmp-fp2-repr.R2.fq.gz
[main] Real time: 1348.328 sec; CPU: 1392.744 sec
