[M::main_mem] mean insert size: 376.939, stddev: 57.422, max: 519, min: 224
[M::bwa_idx_load_from_disk] read 0 ALT contigs
[M::process] read 83236 sequences (10000226 bp)...
[M::process] read 84566 sequences (10000126 bp)...
[M::mem_process_seqs] Processed 83236 reads in 8.844 CPU sec, 8.968 real sec
[M::process] read 74486 sequences (10000213 bp)...
[M::mem_process_seqs] Processed 84566 reads in 9.321 CPU sec, 10.076 real sec
[M::process] read 84570 sequences (10000086 bp)...
[M::mem_process_seqs] Processed 74486 reads in 6.846 CPU sec, 7.005 real sec
[M::process] read 84358 sequences (10000007 bp)...
[M::mem_process_seqs] Processed 84570 reads in 8.338 CPU sec, 8.654 real sec
[M::process] read 84954 sequences (10000156 bp)...
[M::mem_process_seqs] Processed 84358 reads in 8.830 CPU sec, 9.310 real sec
[M::process] read 84444 sequences (10000003 bp)...
[M::mem_process_seqs] Processed 84954 reads in 9.751 CPU sec, 10.381 real sec
[M::process] read 81738 sequences (10000080 bp)...
[M::mem_process_seqs] Processed 84444 reads in 8.784 CPU sec, 9.205 real sec
[M::process] read 84894 sequences (10000201 bp)...
[M::mem_process_seqs] Processed 81738 reads in 8.962 CPU sec, 10.042 real sec
[M::process] read 85164 sequences (10000093 bp)...
[M::mem_process_seqs] Processed 84894 reads in 10.259 CPU sec, 10.531 real sec
[M::process] read 85352 sequences (10000030 bp)...
[M::mem_process_seqs] Processed 85164 reads in 9.160 CPU sec, 10.122 real sec
[M::process] read 85880 sequences (10000145 bp)...
[M::mem_process_seqs] Processed 85352 reads in 9.080 CPU sec, 9.327 real sec
[M::process] read 84346 sequences (10000156 bp)...
[M::mem_process_seqs] Processed 85880 reads in 9.247 CPU sec, 9.636 real sec
[M::process] read 85180 sequences (10000176 bp)...
[M::mem_process_seqs] Processed 84346 reads in 10.189 CPU sec, 10.312 real sec
[M::process] read 84330 sequences (10000153 bp)...
[M::mem_process_seqs] Processed 85180 reads in 9.546 CPU sec, 9.676 real sec
[M::process] read 86520 sequences (10000157 bp)...
[M::mem_process_seqs] Processed 84330 reads in 9.355 CPU sec, 9.630 real sec
[M::process] read 83302 sequences (10000041 bp)...
[M::mem_process_seqs] Processed 86520 reads in 9.008 CPU sec, 9.399 real sec
[M::process] read 85380 sequences (10000031 bp)...
[M::mem_process_seqs] Processed 83302 reads in 10.902 CPU sec, 11.417 real sec
[M::process] read 84396 sequences (10000022 bp)...
[M::mem_process_seqs] Processed 85380 reads in 9.605 CPU sec, 9.867 real sec
[M::process] read 81888 sequences (10000262 bp)...
[M::mem_process_seqs] Processed 84396 reads in 10.163 CPU sec, 10.373 real sec
[M::process] read 85248 sequences (10000181 bp)...
[M::mem_process_seqs] Processed 81888 reads in 8.857 CPU sec, 9.225 real sec
[M::process] read 78972 sequences (10000086 bp)...
[M::mem_process_seqs] Processed 85248 reads in 9.493 CPU sec, 9.611 real sec
[M::process] read 79508 sequences (10000136 bp)...
[M::mem_process_seqs] Processed 78972 reads in 6.801 CPU sec, 6.973 real sec
[M::process] read 84626 sequences (10000105 bp)...
[M::mem_process_seqs] Processed 79508 reads in 6.912 CPU sec, 6.714 real sec
[M::process] read 84896 sequences (10000218 bp)...
[M::mem_process_seqs] Processed 84626 reads in 8.968 CPU sec, 9.017 real sec
[M::process] read 84224 sequences (10000180 bp)...
[M::mem_process_seqs] Processed 84896 reads in 9.696 CPU sec, 10.150 real sec
[M::process] read 75152 sequences (10000117 bp)...
[M::mem_process_seqs] Processed 84224 reads in 9.108 CPU sec, 9.736 real sec
[M::process] read 74340 sequences (10000180 bp)...
[M::mem_process_seqs] Processed 75152 reads in 7.104 CPU sec, 6.895 real sec
[M::process] read 70858 sequences (10000202 bp)...
[M::mem_process_seqs] Processed 74340 reads in 5.840 CPU sec, 5.966 real sec
[M::process] read 75302 sequences (10000060 bp)...
[M::mem_process_seqs] Processed 70858 reads in 5.873 CPU sec, 7.094 real sec
[M::process] read 82618 sequences (10000030 bp)...
[M::mem_process_seqs] Processed 75302 reads in 5.844 CPU sec, 6.042 real sec
[M::process] read 84600 sequences (10000124 bp)...
[M::mem_process_seqs] Processed 82618 reads in 8.424 CPU sec, 8.430 real sec
[M::process] read 81620 sequences (10000111 bp)...
[M::mem_process_seqs] Processed 84600 reads in 9.211 CPU sec, 9.171 real sec
[M::process] read 84988 sequences (10000254 bp)...
[M::mem_process_seqs] Processed 81620 reads in 9.045 CPU sec, 9.080 real sec
[M::process] read 82146 sequences (10000097 bp)...
[M::mem_process_seqs] Processed 84988 reads in 8.970 CPU sec, 9.018 real sec
[M::process] read 81200 sequences (10000255 bp)...
[M::mem_process_seqs] Processed 82146 reads in 8.739 CPU sec, 8.917 real sec
[M::process] read 84138 sequences (10000185 bp)...
[M::mem_process_seqs] Processed 81200 reads in 8.223 CPU sec, 8.461 real sec
[M::process] read 83162 sequences (10000013 bp)...
[M::mem_process_seqs] Processed 84138 reads in 8.966 CPU sec, 9.012 real sec
[M::process] read 85078 sequences (10000082 bp)...
[M::mem_process_seqs] Processed 83162 reads in 8.769 CPU sec, 8.859 real sec
[M::process] read 74696 sequences (10000221 bp)...
[M::mem_process_seqs] Processed 85078 reads in 8.714 CPU sec, 9.229 real sec
[M::process] read 80180 sequences (10000037 bp)...
[M::mem_process_seqs] Processed 74696 reads in 6.511 CPU sec, 6.377 real sec
[M::process] read 81120 sequences (10000063 bp)...
[M::mem_process_seqs] Processed 80180 reads in 7.819 CPU sec, 8.289 real sec
[M::process] read 84262 sequences (10000023 bp)...
[M::mem_process_seqs] Processed 81120 reads in 11.355 CPU sec, 11.552 real sec
[M::process] read 84342 sequences (10000115 bp)...
[M::mem_process_seqs] Processed 84262 reads in 9.495 CPU sec, 9.740 real sec
[M::process] read 85546 sequences (10000173 bp)...
[M::mem_process_seqs] Processed 84342 reads in 11.695 CPU sec, 12.285 real sec
[M::process] read 85936 sequences (10000114 bp)...
[M::mem_process_seqs] Processed 85546 reads in 9.741 CPU sec, 9.721 real sec
[M::process] read 85232 sequences (10000083 bp)...
[M::mem_process_seqs] Processed 85936 reads in 9.778 CPU sec, 10.118 real sec
[M::process] read 83870 sequences (10000112 bp)...
[M::mem_process_seqs] Processed 85232 reads in 9.769 CPU sec, 10.395 real sec
[M::process] read 85104 sequences (10000209 bp)...
[M::mem_process_seqs] Processed 83870 reads in 9.663 CPU sec, 10.098 real sec
[M::process] read 83984 sequences (10000042 bp)...
[M::mem_process_seqs] Processed 85104 reads in 9.182 CPU sec, 9.543 real sec
[M::process] read 86066 sequences (10000194 bp)...
[M::mem_process_seqs] Processed 83984 reads in 9.046 CPU sec, 9.731 real sec
[M::process] read 83524 sequences (10000094 bp)...
[M::mem_process_seqs] Processed 86066 reads in 9.632 CPU sec, 10.599 real sec
[M::process] read 84904 sequences (10000065 bp)...
[M::mem_process_seqs] Processed 83524 reads in 9.719 CPU sec, 9.796 real sec
[M::process] read 84644 sequences (10000022 bp)...
[M::mem_process_seqs] Processed 84904 reads in 14.030 CPU sec, 14.817 real sec
[M::process] read 84998 sequences (10000101 bp)...
[M::mem_process_seqs] Processed 84644 reads in 8.949 CPU sec, 9.477 real sec
[M::process] read 82376 sequences (10000171 bp)...
[M::mem_process_seqs] Processed 84998 reads in 9.430 CPU sec, 9.646 real sec
[M::process] read 82270 sequences (10000129 bp)...
[M::mem_process_seqs] Processed 82376 reads in 8.007 CPU sec, 8.392 real sec
[M::process] read 83326 sequences (10000196 bp)...
[M::mem_process_seqs] Processed 82270 reads in 8.580 CPU sec, 8.976 real sec
[M::process] read 71922 sequences (10000296 bp)...
[M::mem_process_seqs] Processed 83326 reads in 8.746 CPU sec, 9.350 real sec
[M::process] read 76846 sequences (10000144 bp)...
[M::mem_process_seqs] Processed 71922 reads in 5.879 CPU sec, 6.017 real sec
[M::process] read 81832 sequences (10000214 bp)...
[M::mem_process_seqs] Processed 76846 reads in 6.524 CPU sec, 6.614 real sec
[M::process] read 81710 sequences (10000080 bp)...
[M::mem_process_seqs] Processed 81832 reads in 8.252 CPU sec, 8.574 real sec
[M::process] read 83902 sequences (10000198 bp)...
[M::mem_process_seqs] Processed 81710 reads in 8.203 CPU sec, 8.609 real sec
[M::process] read 72154 sequences (10000021 bp)...
[M::mem_process_seqs] Processed 83902 reads in 9.713 CPU sec, 10.225 real sec
[M::process] read 71502 sequences (10000098 bp)...
[M::mem_process_seqs] Processed 72154 reads in 5.886 CPU sec, 5.949 real sec
[M::process] read 77414 sequences (10000183 bp)...
[M::mem_process_seqs] Processed 71502 reads in 5.912 CPU sec, 6.350 real sec
[M::process] read 83286 sequences (10000111 bp)...
[M::mem_process_seqs] Processed 77414 reads in 6.697 CPU sec, 6.737 real sec
[M::process] read 84834 sequences (10000096 bp)...
[M::mem_process_seqs] Processed 83286 reads in 8.501 CPU sec, 8.786 real sec
[M::process] read 85572 sequences (10000013 bp)...
[M::mem_process_seqs] Processed 84834 reads in 9.626 CPU sec, 9.892 real sec
[M::process] read 81918 sequences (10000291 bp)...
[M::mem_process_seqs] Processed 85572 reads in 9.170 CPU sec, 9.551 real sec
[M::process] read 85368 sequences (10000169 bp)...
[M::mem_process_seqs] Processed 81918 reads in 12.440 CPU sec, 12.869 real sec
[M::process] read 83170 sequences (10000063 bp)...
[M::mem_process_seqs] Processed 85368 reads in 9.664 CPU sec, 10.099 real sec
[M::process] read 84502 sequences (10000164 bp)...
[M::mem_process_seqs] Processed 83170 reads in 8.798 CPU sec, 9.356 real sec
[M::process] read 85314 sequences (10000100 bp)...
[M::mem_process_seqs] Processed 84502 reads in 8.623 CPU sec, 8.517 real sec
[M::process] read 81008 sequences (10000033 bp)...
[M::mem_process_seqs] Processed 85314 reads in 9.308 CPU sec, 9.749 real sec
[M::process] read 84142 sequences (10000117 bp)...
[M::mem_process_seqs] Processed 81008 reads in 8.177 CPU sec, 8.630 real sec
[M::process] read 13694 sequences (1601273 bp)...
[M::mem_process_seqs] Processed 84142 reads in 9.070 CPU sec, 9.968 real sec
[M::mem_process_seqs] Processed 13694 reads in 1.447 CPU sec, 1.543 real sec
[main] Version: 0.7.17-r1188
[main] CMD: bwa mem -L 5 -I 376.939,57.422,519,224 -t 1 -a -M -T 30 -A 1 -B 4 -O 6 -R @RG\tID:Sde-AMat_082-SdA01082-L2-clmp-fp2-repr\tSM:Sde-AMat_082-SdA01082-L2-clmp-fp2-repr\tPL:Illumina reference.rad.D-3-3-probes4development-noMSATS-noNNNN-224-519bp-0-8TGCAGG-lessthan2indelsof3nt.fasta Sde-AMat_082-SdA01082-L2-clmp-fp2-repr.R1.fq.gz Sde-AMat_082-SdA01082-L2-clmp-fp2-repr.R2.fq.gz
[main] Real time: 698.966 sec; CPU: 673.057 sec
