[M::main_mem] mean insert size: 376.939, stddev: 57.422, max: 519, min: 224
[M::bwa_idx_load_from_disk] read 0 ALT contigs
[M::process] read 85136 sequences (10000240 bp)...
[M::process] read 84950 sequences (10000166 bp)...
[M::mem_process_seqs] Processed 85136 reads in 7.447 CPU sec, 7.558 real sec
[M::process] read 84832 sequences (10000069 bp)...
[M::mem_process_seqs] Processed 84950 reads in 7.506 CPU sec, 7.886 real sec
[M::process] read 84724 sequences (10000139 bp)...
[M::mem_process_seqs] Processed 84832 reads in 7.592 CPU sec, 7.827 real sec
[M::process] read 85020 sequences (10000118 bp)...
[M::mem_process_seqs] Processed 84724 reads in 7.412 CPU sec, 7.433 real sec
[M::process] read 85164 sequences (10000187 bp)...
[M::mem_process_seqs] Processed 85020 reads in 7.400 CPU sec, 7.754 real sec
[M::process] read 85034 sequences (10000137 bp)...
[M::mem_process_seqs] Processed 85164 reads in 7.473 CPU sec, 7.850 real sec
[M::process] read 85086 sequences (10000077 bp)...
[M::mem_process_seqs] Processed 85034 reads in 7.405 CPU sec, 7.588 real sec
[M::process] read 85040 sequences (10000128 bp)...
[M::mem_process_seqs] Processed 85086 reads in 7.462 CPU sec, 7.816 real sec
[M::process] read 84928 sequences (10000022 bp)...
[M::mem_process_seqs] Processed 85040 reads in 7.331 CPU sec, 7.566 real sec
[M::process] read 84620 sequences (10000075 bp)...
[M::mem_process_seqs] Processed 84928 reads in 7.521 CPU sec, 7.446 real sec
[M::process] read 85264 sequences (10000081 bp)...
[M::mem_process_seqs] Processed 84620 reads in 7.534 CPU sec, 8.080 real sec
[M::process] read 84988 sequences (10000113 bp)...
[M::mem_process_seqs] Processed 85264 reads in 7.465 CPU sec, 8.045 real sec
[M::process] read 84980 sequences (10000155 bp)...
[M::mem_process_seqs] Processed 84988 reads in 7.496 CPU sec, 7.899 real sec
[M::process] read 85026 sequences (10000139 bp)...
[M::mem_process_seqs] Processed 84980 reads in 7.454 CPU sec, 7.890 real sec
[M::process] read 85022 sequences (10000047 bp)...
[M::mem_process_seqs] Processed 85026 reads in 7.476 CPU sec, 7.910 real sec
[M::process] read 85092 sequences (10000117 bp)...
[M::mem_process_seqs] Processed 85022 reads in 7.513 CPU sec, 8.119 real sec
[M::process] read 85106 sequences (10000227 bp)...
[M::mem_process_seqs] Processed 85092 reads in 7.397 CPU sec, 7.853 real sec
[M::process] read 84936 sequences (10000260 bp)...
[M::mem_process_seqs] Processed 85106 reads in 7.492 CPU sec, 7.874 real sec
[M::process] read 85214 sequences (10000203 bp)...
[M::mem_process_seqs] Processed 84936 reads in 7.335 CPU sec, 7.967 real sec
[M::process] read 85162 sequences (10000152 bp)...
[M::mem_process_seqs] Processed 85214 reads in 7.660 CPU sec, 7.880 real sec
[M::process] read 84028 sequences (10000188 bp)...
[M::mem_process_seqs] Processed 85162 reads in 7.440 CPU sec, 8.210 real sec
[M::process] read 84860 sequences (10000001 bp)...
[M::mem_process_seqs] Processed 84028 reads in 7.215 CPU sec, 7.481 real sec
[M::process] read 84670 sequences (10000059 bp)...
[M::mem_process_seqs] Processed 84860 reads in 7.257 CPU sec, 7.871 real sec
[M::process] read 84996 sequences (10000012 bp)...
[M::mem_process_seqs] Processed 84670 reads in 7.308 CPU sec, 8.085 real sec
[M::process] read 84938 sequences (10000170 bp)...
[M::mem_process_seqs] Processed 84996 reads in 7.384 CPU sec, 7.602 real sec
[M::process] read 84334 sequences (10000178 bp)...
[M::mem_process_seqs] Processed 84938 reads in 7.726 CPU sec, 8.206 real sec
[M::process] read 84994 sequences (10000008 bp)...
[M::mem_process_seqs] Processed 84334 reads in 7.220 CPU sec, 7.834 real sec
[M::process] read 67322 sequences (7913280 bp)...
[M::mem_process_seqs] Processed 84994 reads in 7.577 CPU sec, 7.949 real sec
[M::mem_process_seqs] Processed 67322 reads in 5.888 CPU sec, 6.737 real sec
[main] Version: 0.7.17-r1188
[main] CMD: bwa mem -L 5 -I 376.939,57.422,519,224 -t 1 -a -M -T 30 -A 1 -B 4 -O 6 -R @RG\tID:Sde-AMat_024-SdA01024-L2-clmp-fp2-repr\tSM:Sde-AMat_024-SdA01024-L2-clmp-fp2-repr\tPL:Illumina reference.rad.D-3-3-probes4development-noMSATS-noNNNN-224-519bp-0-8TGCAGG-lessthan2indelsof3nt.fasta Sde-AMat_024-SdA01024-L2-clmp-fp2-repr.R1.fq.gz Sde-AMat_024-SdA01024-L2-clmp-fp2-repr.R2.fq.gz
[main] Real time: 228.418 sec; CPU: 214.710 sec
