[M::main_mem] mean insert size: 376.939, stddev: 57.422, max: 519, min: 224
[M::bwa_idx_load_from_disk] read 0 ALT contigs
[M::process] read 70564 sequences (10000193 bp)...
[M::process] read 70746 sequences (10000031 bp)...
[M::mem_process_seqs] Processed 70564 reads in 8.591 CPU sec, 8.896 real sec
[M::process] read 70406 sequences (10000070 bp)...
[M::mem_process_seqs] Processed 70746 reads in 8.077 CPU sec, 8.217 real sec
[M::process] read 70846 sequences (10000270 bp)...
[M::mem_process_seqs] Processed 70406 reads in 8.890 CPU sec, 9.554 real sec
[M::process] read 70174 sequences (10000215 bp)...
[M::mem_process_seqs] Processed 70846 reads in 8.495 CPU sec, 8.716 real sec
[M::process] read 71106 sequences (10000243 bp)...
[M::mem_process_seqs] Processed 70174 reads in 8.056 CPU sec, 8.349 real sec
[M::process] read 70296 sequences (10000048 bp)...
[M::mem_process_seqs] Processed 71106 reads in 6.935 CPU sec, 6.955 real sec
[M::process] read 72054 sequences (10000199 bp)...
[M::mem_process_seqs] Processed 70296 reads in 8.515 CPU sec, 8.518 real sec
[M::process] read 71804 sequences (10000145 bp)...
[M::mem_process_seqs] Processed 72054 reads in 8.522 CPU sec, 8.807 real sec
[M::process] read 70942 sequences (10000192 bp)...
[M::mem_process_seqs] Processed 71804 reads in 8.348 CPU sec, 8.750 real sec
[M::process] read 70684 sequences (10000124 bp)...
[M::mem_process_seqs] Processed 70942 reads in 8.270 CPU sec, 8.530 real sec
[M::process] read 71042 sequences (10000081 bp)...
[M::mem_process_seqs] Processed 70684 reads in 8.527 CPU sec, 9.271 real sec
[M::process] read 70402 sequences (10000026 bp)...
[M::mem_process_seqs] Processed 71042 reads in 8.455 CPU sec, 8.709 real sec
[M::process] read 70770 sequences (10000110 bp)...
[M::mem_process_seqs] Processed 70402 reads in 8.538 CPU sec, 8.839 real sec
[M::process] read 73166 sequences (10000058 bp)...
[M::mem_process_seqs] Processed 70770 reads in 8.839 CPU sec, 8.991 real sec
[M::process] read 70616 sequences (10000021 bp)...
[M::mem_process_seqs] Processed 73166 reads in 8.474 CPU sec, 8.963 real sec
[M::process] read 70626 sequences (10000124 bp)...
[M::mem_process_seqs] Processed 70616 reads in 8.284 CPU sec, 8.582 real sec
[M::process] read 71004 sequences (10000058 bp)...
[M::mem_process_seqs] Processed 70626 reads in 8.717 CPU sec, 9.108 real sec
[M::process] read 70628 sequences (10000141 bp)...
[M::mem_process_seqs] Processed 71004 reads in 8.093 CPU sec, 8.726 real sec
[M::process] read 70390 sequences (10000013 bp)...
[M::mem_process_seqs] Processed 70628 reads in 8.729 CPU sec, 9.482 real sec
[M::process] read 70984 sequences (10000186 bp)...
[M::mem_process_seqs] Processed 70390 reads in 8.773 CPU sec, 8.760 real sec
[M::process] read 71072 sequences (10000262 bp)...
[M::mem_process_seqs] Processed 70984 reads in 8.890 CPU sec, 9.429 real sec
[M::process] read 70534 sequences (10000149 bp)...
[M::mem_process_seqs] Processed 71072 reads in 8.273 CPU sec, 8.395 real sec
[M::process] read 70494 sequences (10000000 bp)...
[M::mem_process_seqs] Processed 70534 reads in 8.714 CPU sec, 9.158 real sec
[M::process] read 70966 sequences (10000030 bp)...
[M::mem_process_seqs] Processed 70494 reads in 8.424 CPU sec, 8.643 real sec
[M::process] read 70728 sequences (10000038 bp)...
[M::mem_process_seqs] Processed 70966 reads in 8.360 CPU sec, 8.185 real sec
[M::process] read 70630 sequences (10000247 bp)...
[M::mem_process_seqs] Processed 70728 reads in 8.873 CPU sec, 9.759 real sec
[M::process] read 70548 sequences (10000006 bp)...
[M::mem_process_seqs] Processed 70630 reads in 8.376 CPU sec, 8.682 real sec
[M::process] read 70004 sequences (10000211 bp)...
[M::mem_process_seqs] Processed 70548 reads in 8.926 CPU sec, 9.101 real sec
[M::process] read 70320 sequences (10000214 bp)...
[M::mem_process_seqs] Processed 70004 reads in 9.504 CPU sec, 9.750 real sec
[M::process] read 70816 sequences (10000227 bp)...
[M::mem_process_seqs] Processed 70320 reads in 8.494 CPU sec, 8.553 real sec
[M::process] read 82092 sequences (10000014 bp)...
[M::mem_process_seqs] Processed 70816 reads in 8.778 CPU sec, 9.456 real sec
[M::process] read 70690 sequences (10000153 bp)...
[M::mem_process_seqs] Processed 82092 reads in 7.137 CPU sec, 7.105 real sec
[M::process] read 70190 sequences (10000058 bp)...
[M::mem_process_seqs] Processed 70690 reads in 8.736 CPU sec, 8.989 real sec
[M::process] read 70364 sequences (10000023 bp)...
[M::mem_process_seqs] Processed 70190 reads in 8.677 CPU sec, 9.059 real sec
[M::process] read 70346 sequences (10000153 bp)...
[M::mem_process_seqs] Processed 70364 reads in 8.884 CPU sec, 9.209 real sec
[M::process] read 70576 sequences (10000235 bp)...
[M::mem_process_seqs] Processed 70346 reads in 8.860 CPU sec, 9.045 real sec
[M::process] read 71598 sequences (10000095 bp)...
[M::mem_process_seqs] Processed 70576 reads in 8.761 CPU sec, 8.821 real sec
[M::process] read 70668 sequences (10000290 bp)...
[M::mem_process_seqs] Processed 71598 reads in 8.540 CPU sec, 8.909 real sec
[M::process] read 70578 sequences (10000176 bp)...
[M::mem_process_seqs] Processed 70668 reads in 8.463 CPU sec, 8.940 real sec
[M::process] read 70878 sequences (10000240 bp)...
[M::mem_process_seqs] Processed 70578 reads in 8.917 CPU sec, 9.712 real sec
[M::process] read 70932 sequences (10000293 bp)...
[M::mem_process_seqs] Processed 70878 reads in 8.274 CPU sec, 8.496 real sec
[M::process] read 70530 sequences (10000142 bp)...
[M::mem_process_seqs] Processed 70932 reads in 8.784 CPU sec, 9.250 real sec
[M::process] read 70480 sequences (10000000 bp)...
[M::mem_process_seqs] Processed 70530 reads in 8.540 CPU sec, 8.978 real sec
[M::process] read 70154 sequences (10000253 bp)...
[M::mem_process_seqs] Processed 70480 reads in 8.749 CPU sec, 9.402 real sec
[M::process] read 70350 sequences (10000028 bp)...
[M::mem_process_seqs] Processed 70154 reads in 8.223 CPU sec, 8.868 real sec
[M::process] read 70578 sequences (10000089 bp)...
[M::mem_process_seqs] Processed 70350 reads in 8.717 CPU sec, 9.441 real sec
[M::process] read 70542 sequences (10000129 bp)...
[M::mem_process_seqs] Processed 70578 reads in 8.294 CPU sec, 8.471 real sec
[M::process] read 70342 sequences (10000253 bp)...
[M::mem_process_seqs] Processed 70542 reads in 8.581 CPU sec, 9.449 real sec
[M::process] read 70778 sequences (10000217 bp)...
[M::mem_process_seqs] Processed 70342 reads in 8.096 CPU sec, 8.869 real sec
[M::process] read 70244 sequences (10000230 bp)...
[M::mem_process_seqs] Processed 70778 reads in 9.113 CPU sec, 9.846 real sec
[M::process] read 73568 sequences (10000165 bp)...
[M::mem_process_seqs] Processed 70244 reads in 7.828 CPU sec, 8.124 real sec
[M::process] read 70636 sequences (10000182 bp)...
[M::mem_process_seqs] Processed 73568 reads in 6.893 CPU sec, 7.484 real sec
[M::process] read 70748 sequences (10000028 bp)...
[M::mem_process_seqs] Processed 70636 reads in 8.665 CPU sec, 8.945 real sec
[M::process] read 70782 sequences (10000023 bp)...
[M::mem_process_seqs] Processed 70748 reads in 8.394 CPU sec, 8.931 real sec
[M::process] read 70356 sequences (10000225 bp)...
[M::mem_process_seqs] Processed 70782 reads in 8.492 CPU sec, 8.587 real sec
[M::process] read 70506 sequences (10000080 bp)...
[M::mem_process_seqs] Processed 70356 reads in 8.441 CPU sec, 9.033 real sec
[M::process] read 71446 sequences (10000160 bp)...
[M::mem_process_seqs] Processed 70506 reads in 8.538 CPU sec, 8.795 real sec
[M::process] read 70990 sequences (10000116 bp)...
[M::mem_process_seqs] Processed 71446 reads in 8.796 CPU sec, 9.577 real sec
[M::process] read 70692 sequences (10000106 bp)...
[M::mem_process_seqs] Processed 70990 reads in 8.258 CPU sec, 8.850 real sec
[M::process] read 69768 sequences (10000182 bp)...
[M::mem_process_seqs] Processed 70692 reads in 7.889 CPU sec, 8.705 real sec
[M::process] read 71414 sequences (10000083 bp)...
[M::mem_process_seqs] Processed 69768 reads in 7.711 CPU sec, 7.936 real sec
[M::process] read 71662 sequences (10000058 bp)...
[M::mem_process_seqs] Processed 71414 reads in 5.824 CPU sec, 6.099 real sec
[M::process] read 70466 sequences (10000149 bp)...
[M::mem_process_seqs] Processed 71662 reads in 5.875 CPU sec, 6.130 real sec
[M::process] read 70890 sequences (10000094 bp)...
[M::mem_process_seqs] Processed 70466 reads in 8.533 CPU sec, 8.907 real sec
[M::process] read 70322 sequences (10000053 bp)...
[M::mem_process_seqs] Processed 70890 reads in 8.710 CPU sec, 9.206 real sec
[M::process] read 70680 sequences (10000050 bp)...
[M::mem_process_seqs] Processed 70322 reads in 8.483 CPU sec, 8.975 real sec
[M::process] read 70566 sequences (10000105 bp)...
[M::mem_process_seqs] Processed 70680 reads in 8.220 CPU sec, 8.361 real sec
[M::process] read 71586 sequences (10000077 bp)...
[M::mem_process_seqs] Processed 70566 reads in 8.205 CPU sec, 8.484 real sec
[M::process] read 70602 sequences (10000238 bp)...
[M::mem_process_seqs] Processed 71586 reads in 7.622 CPU sec, 7.505 real sec
[M::process] read 71670 sequences (10000121 bp)...
[M::mem_process_seqs] Processed 70602 reads in 8.446 CPU sec, 8.826 real sec
[M::process] read 71116 sequences (10000022 bp)...
[M::mem_process_seqs] Processed 71670 reads in 9.125 CPU sec, 9.268 real sec
[M::process] read 71668 sequences (10000268 bp)...
[M::mem_process_seqs] Processed 71116 reads in 8.509 CPU sec, 8.556 real sec
[M::process] read 71096 sequences (10000207 bp)...
[M::mem_process_seqs] Processed 71668 reads in 7.909 CPU sec, 8.327 real sec
[M::process] read 71462 sequences (10000135 bp)...
[M::mem_process_seqs] Processed 71096 reads in 8.176 CPU sec, 8.515 real sec
[M::process] read 72360 sequences (10000225 bp)...
[M::mem_process_seqs] Processed 71462 reads in 8.329 CPU sec, 8.538 real sec
[M::process] read 71618 sequences (10000001 bp)...
[M::mem_process_seqs] Processed 72360 reads in 7.476 CPU sec, 7.847 real sec
[M::process] read 71060 sequences (10000047 bp)...
[M::mem_process_seqs] Processed 71618 reads in 8.600 CPU sec, 9.044 real sec
[M::process] read 70772 sequences (10000116 bp)...
[M::mem_process_seqs] Processed 71060 reads in 8.134 CPU sec, 8.435 real sec
[M::process] read 70354 sequences (10000283 bp)...
[M::mem_process_seqs] Processed 70772 reads in 8.119 CPU sec, 8.536 real sec
[M::process] read 72534 sequences (10000217 bp)...
[M::mem_process_seqs] Processed 70354 reads in 9.617 CPU sec, 9.936 real sec
[M::process] read 70314 sequences (10000277 bp)...
[M::mem_process_seqs] Processed 72534 reads in 8.113 CPU sec, 8.227 real sec
[M::process] read 70768 sequences (10000197 bp)...
[M::mem_process_seqs] Processed 70314 reads in 8.913 CPU sec, 9.837 real sec
[M::process] read 71090 sequences (10000059 bp)...
[M::mem_process_seqs] Processed 70768 reads in 8.406 CPU sec, 9.019 real sec
[M::process] read 70242 sequences (10000221 bp)...
[M::mem_process_seqs] Processed 71090 reads in 8.266 CPU sec, 8.400 real sec
[M::process] read 72416 sequences (10000102 bp)...
[M::mem_process_seqs] Processed 70242 reads in 7.998 CPU sec, 8.433 real sec
[M::process] read 70418 sequences (10000022 bp)...
[M::mem_process_seqs] Processed 72416 reads in 6.356 CPU sec, 6.577 real sec
[M::process] read 69982 sequences (10000277 bp)...
[M::mem_process_seqs] Processed 70418 reads in 8.715 CPU sec, 8.609 real sec
[M::process] read 70166 sequences (10000061 bp)...
[M::mem_process_seqs] Processed 69982 reads in 8.800 CPU sec, 9.697 real sec
[M::process] read 70894 sequences (10000211 bp)...
[M::mem_process_seqs] Processed 70166 reads in 13.277 CPU sec, 13.648 real sec
[M::process] read 70478 sequences (10000285 bp)...
[M::mem_process_seqs] Processed 70894 reads in 8.934 CPU sec, 9.155 real sec
[M::process] read 70428 sequences (10000064 bp)...
[M::mem_process_seqs] Processed 70478 reads in 8.466 CPU sec, 8.426 real sec
[M::process] read 70694 sequences (10000057 bp)...
[M::mem_process_seqs] Processed 70428 reads in 7.978 CPU sec, 8.074 real sec
[M::process] read 70580 sequences (10000161 bp)...
[M::mem_process_seqs] Processed 70694 reads in 9.048 CPU sec, 8.855 real sec
[M::process] read 70672 sequences (10000293 bp)...
[M::mem_process_seqs] Processed 70580 reads in 10.026 CPU sec, 10.415 real sec
[M::process] read 70928 sequences (10000257 bp)...
[M::mem_process_seqs] Processed 70672 reads in 8.600 CPU sec, 8.968 real sec
[M::process] read 70864 sequences (10000207 bp)...
[M::mem_process_seqs] Processed 70928 reads in 8.343 CPU sec, 8.529 real sec
[M::process] read 70858 sequences (10000000 bp)...
[M::mem_process_seqs] Processed 70864 reads in 8.491 CPU sec, 8.673 real sec
[M::process] read 70188 sequences (10000263 bp)...
[M::mem_process_seqs] Processed 70858 reads in 9.190 CPU sec, 9.558 real sec
[M::process] read 70596 sequences (10000130 bp)...
[M::mem_process_seqs] Processed 70188 reads in 8.775 CPU sec, 9.359 real sec
[M::process] read 70408 sequences (10000065 bp)...
[M::mem_process_seqs] Processed 70596 reads in 8.790 CPU sec, 9.475 real sec
[M::process] read 70798 sequences (10000193 bp)...
[M::mem_process_seqs] Processed 70408 reads in 8.878 CPU sec, 9.578 real sec
[M::process] read 71088 sequences (10000026 bp)...
[M::mem_process_seqs] Processed 70798 reads in 8.831 CPU sec, 8.970 real sec
[M::process] read 70472 sequences (10000143 bp)...
[M::mem_process_seqs] Processed 71088 reads in 8.613 CPU sec, 8.681 real sec
[M::process] read 70660 sequences (10000099 bp)...
[M::mem_process_seqs] Processed 70472 reads in 8.655 CPU sec, 8.822 real sec
[M::process] read 70386 sequences (10000175 bp)...
[M::mem_process_seqs] Processed 70660 reads in 8.332 CPU sec, 8.982 real sec
[M::process] read 70836 sequences (10000298 bp)...
[M::mem_process_seqs] Processed 70386 reads in 8.618 CPU sec, 9.227 real sec
[M::process] read 70308 sequences (10000120 bp)...
[M::mem_process_seqs] Processed 70836 reads in 8.871 CPU sec, 9.423 real sec
[M::process] read 70498 sequences (10000224 bp)...
[M::mem_process_seqs] Processed 70308 reads in 8.362 CPU sec, 9.229 real sec
[M::process] read 70216 sequences (10000106 bp)...
[M::mem_process_seqs] Processed 70498 reads in 8.677 CPU sec, 9.302 real sec
[M::process] read 70818 sequences (10000228 bp)...
[M::mem_process_seqs] Processed 70216 reads in 8.303 CPU sec, 8.564 real sec
[M::process] read 70830 sequences (10000173 bp)...
[M::mem_process_seqs] Processed 70818 reads in 8.106 CPU sec, 8.480 real sec
[M::process] read 70606 sequences (10000088 bp)...
[M::mem_process_seqs] Processed 70830 reads in 8.428 CPU sec, 8.909 real sec
[M::process] read 70590 sequences (10000041 bp)...
[M::mem_process_seqs] Processed 70606 reads in 8.777 CPU sec, 8.951 real sec
[M::process] read 70382 sequences (10000218 bp)...
[M::mem_process_seqs] Processed 70590 reads in 8.458 CPU sec, 8.700 real sec
[M::process] read 70372 sequences (10000159 bp)...
[M::mem_process_seqs] Processed 70382 reads in 8.561 CPU sec, 8.940 real sec
[M::process] read 71318 sequences (10000272 bp)...
[M::mem_process_seqs] Processed 70372 reads in 12.508 CPU sec, 13.255 real sec
[M::process] read 70400 sequences (10000064 bp)...
[M::mem_process_seqs] Processed 71318 reads in 8.922 CPU sec, 9.729 real sec
[M::process] read 70376 sequences (10000090 bp)...
[M::mem_process_seqs] Processed 70400 reads in 8.520 CPU sec, 9.135 real sec
[M::process] read 70614 sequences (10000272 bp)...
[M::mem_process_seqs] Processed 70376 reads in 8.671 CPU sec, 9.416 real sec
[M::process] read 70802 sequences (10000134 bp)...
[M::mem_process_seqs] Processed 70614 reads in 8.822 CPU sec, 8.879 real sec
[M::process] read 70538 sequences (10000079 bp)...
[M::mem_process_seqs] Processed 70802 reads in 8.895 CPU sec, 9.606 real sec
[M::process] read 70638 sequences (10000155 bp)...
[M::mem_process_seqs] Processed 70538 reads in 9.020 CPU sec, 9.331 real sec
[M::process] read 70206 sequences (10000165 bp)...
[M::mem_process_seqs] Processed 70638 reads in 8.761 CPU sec, 8.938 real sec
[M::process] read 71850 sequences (10000035 bp)...
[M::mem_process_seqs] Processed 70206 reads in 8.399 CPU sec, 8.375 real sec
[M::process] read 70550 sequences (10000187 bp)...
[M::mem_process_seqs] Processed 71850 reads in 7.618 CPU sec, 8.091 real sec
[M::process] read 70282 sequences (10000299 bp)...
[M::mem_process_seqs] Processed 70550 reads in 8.640 CPU sec, 9.166 real sec
[M::process] read 70250 sequences (10000013 bp)...
[M::mem_process_seqs] Processed 70282 reads in 7.739 CPU sec, 8.038 real sec
[M::process] read 70230 sequences (10000030 bp)...
[M::mem_process_seqs] Processed 70250 reads in 8.476 CPU sec, 8.886 real sec
[M::process] read 71556 sequences (10000194 bp)...
[M::mem_process_seqs] Processed 70230 reads in 7.865 CPU sec, 8.498 real sec
[M::process] read 70830 sequences (10000055 bp)...
[M::mem_process_seqs] Processed 71556 reads in 6.033 CPU sec, 6.539 real sec
[M::process] read 70862 sequences (10000220 bp)...
[M::mem_process_seqs] Processed 70830 reads in 8.471 CPU sec, 8.917 real sec
[M::process] read 70458 sequences (10000194 bp)...
[M::mem_process_seqs] Processed 70862 reads in 8.386 CPU sec, 9.462 real sec
[M::process] read 71086 sequences (10000184 bp)...
[M::mem_process_seqs] Processed 70458 reads in 8.287 CPU sec, 8.792 real sec
[M::process] read 70584 sequences (10000174 bp)...
[M::mem_process_seqs] Processed 71086 reads in 7.649 CPU sec, 7.938 real sec
[M::process] read 70264 sequences (10000093 bp)...
[M::mem_process_seqs] Processed 70584 reads in 8.140 CPU sec, 8.449 real sec
[M::process] read 70036 sequences (10000176 bp)...
[M::mem_process_seqs] Processed 70264 reads in 8.296 CPU sec, 8.598 real sec
[M::process] read 71268 sequences (10000259 bp)...
[M::mem_process_seqs] Processed 70036 reads in 7.609 CPU sec, 7.694 real sec
[M::process] read 70954 sequences (10000134 bp)...
[M::mem_process_seqs] Processed 71268 reads in 6.024 CPU sec, 6.341 real sec
[M::process] read 70830 sequences (10000240 bp)...
[M::mem_process_seqs] Processed 70954 reads in 8.702 CPU sec, 8.790 real sec
[M::process] read 71390 sequences (10000235 bp)...
[M::mem_process_seqs] Processed 70830 reads in 8.507 CPU sec, 8.654 real sec
[M::process] read 70652 sequences (10000079 bp)...
[M::mem_process_seqs] Processed 71390 reads in 7.738 CPU sec, 8.176 real sec
[M::process] read 70606 sequences (10000021 bp)...
[M::mem_process_seqs] Processed 70652 reads in 8.444 CPU sec, 8.467 real sec
[M::process] read 70282 sequences (10000207 bp)...
[M::mem_process_seqs] Processed 70606 reads in 8.746 CPU sec, 9.170 real sec
[M::process] read 70646 sequences (10000114 bp)...
[M::mem_process_seqs] Processed 70282 reads in 8.509 CPU sec, 8.402 real sec
[M::process] read 71028 sequences (10000094 bp)...
[M::mem_process_seqs] Processed 70646 reads in 9.007 CPU sec, 9.438 real sec
[M::process] read 70496 sequences (10000283 bp)...
[M::mem_process_seqs] Processed 71028 reads in 8.367 CPU sec, 8.609 real sec
[M::process] read 70970 sequences (10000026 bp)...
[M::mem_process_seqs] Processed 70496 reads in 8.916 CPU sec, 8.966 real sec
[M::process] read 70126 sequences (10000290 bp)...
[M::mem_process_seqs] Processed 70970 reads in 8.617 CPU sec, 8.778 real sec
[M::process] read 70888 sequences (10000090 bp)...
[M::mem_process_seqs] Processed 70126 reads in 9.753 CPU sec, 9.969 real sec
[M::process] read 70478 sequences (10000245 bp)...
[M::mem_process_seqs] Processed 70888 reads in 8.597 CPU sec, 8.823 real sec
[M::process] read 70510 sequences (10000037 bp)...
[M::mem_process_seqs] Processed 70478 reads in 11.677 CPU sec, 12.189 real sec
[M::process] read 70396 sequences (10000250 bp)...
[M::mem_process_seqs] Processed 70510 reads in 8.926 CPU sec, 8.912 real sec
[M::process] read 72738 sequences (10000211 bp)...
[M::mem_process_seqs] Processed 70396 reads in 8.497 CPU sec, 8.377 real sec
[M::process] read 70808 sequences (10000165 bp)...
[M::mem_process_seqs] Processed 72738 reads in 7.715 CPU sec, 7.854 real sec
[M::process] read 71484 sequences (10000151 bp)...
[M::mem_process_seqs] Processed 70808 reads in 8.621 CPU sec, 9.265 real sec
[M::process] read 71102 sequences (10000202 bp)...
[M::mem_process_seqs] Processed 71484 reads in 8.861 CPU sec, 9.474 real sec
[M::process] read 71366 sequences (10000182 bp)...
[M::mem_process_seqs] Processed 71102 reads in 8.290 CPU sec, 8.922 real sec
[M::process] read 70440 sequences (10000276 bp)...
[M::mem_process_seqs] Processed 71366 reads in 9.104 CPU sec, 9.860 real sec
[M::process] read 70746 sequences (10000146 bp)...
[M::mem_process_seqs] Processed 70440 reads in 8.477 CPU sec, 9.090 real sec
[M::process] read 70806 sequences (10000252 bp)...
[M::mem_process_seqs] Processed 70746 reads in 8.290 CPU sec, 8.381 real sec
[M::process] read 70126 sequences (10000147 bp)...
[M::mem_process_seqs] Processed 70806 reads in 8.399 CPU sec, 8.990 real sec
[M::process] read 70612 sequences (10000271 bp)...
[M::mem_process_seqs] Processed 70126 reads in 8.625 CPU sec, 9.028 real sec
[M::process] read 70880 sequences (10000240 bp)...
[M::mem_process_seqs] Processed 70612 reads in 7.730 CPU sec, 8.026 real sec
[M::process] read 70660 sequences (10000286 bp)...
[M::mem_process_seqs] Processed 70880 reads in 8.624 CPU sec, 8.812 real sec
[M::process] read 27824 sequences (3761641 bp)...
[M::mem_process_seqs] Processed 70660 reads in 8.789 CPU sec, 9.129 real sec
[M::mem_process_seqs] Processed 27824 reads in 3.088 CPU sec, 3.599 real sec
[main] Version: 0.7.17-r1188
[main] CMD: bwa mem -L 5 -I 376.939,57.422,519,224 -t 1 -a -M -T 30 -A 1 -B 4 -O 6 -R @RG\tID:Sde-CMat_008-SdC01008-L2-clmp-fp2-repr\tSM:Sde-CMat_008-SdC01008-L2-clmp-fp2-repr\tPL:Illumina reference.rad.D-3-3-probes4development-noMSATS-noNNNN-224-519bp-0-8TGCAGG-lessthan2indelsof3nt.fasta Sde-CMat_008-SdC01008-L2-clmp-fp2-repr.R1.fq.gz Sde-CMat_008-SdC01008-L2-clmp-fp2-repr.R2.fq.gz
[main] Real time: 1465.416 sec; CPU: 1403.544 sec
