[M::main_mem] mean insert size: 376.939, stddev: 57.422, max: 519, min: 224
[M::bwa_idx_load_from_disk] read 0 ALT contigs
[M::process] read 98156 sequences (10000018 bp)...
[M::process] read 97848 sequences (10000153 bp)...
[M::mem_process_seqs] Processed 98156 reads in 9.635 CPU sec, 10.050 real sec
[M::process] read 97610 sequences (10000176 bp)...
[M::mem_process_seqs] Processed 97848 reads in 9.926 CPU sec, 9.897 real sec
[M::process] read 97978 sequences (10000037 bp)...
[M::mem_process_seqs] Processed 97610 reads in 9.790 CPU sec, 9.991 real sec
[M::process] read 97778 sequences (10000109 bp)...
[M::mem_process_seqs] Processed 97978 reads in 9.450 CPU sec, 9.668 real sec
[M::process] read 97990 sequences (10000082 bp)...
[M::mem_process_seqs] Processed 97778 reads in 10.290 CPU sec, 10.450 real sec
[M::process] read 98082 sequences (10000073 bp)...
[M::mem_process_seqs] Processed 97990 reads in 9.895 CPU sec, 10.391 real sec
[M::process] read 88996 sequences (9126531 bp)...
[M::mem_process_seqs] Processed 98082 reads in 9.560 CPU sec, 10.411 real sec
[M::mem_process_seqs] Processed 88996 reads in 9.035 CPU sec, 9.720 real sec
[main] Version: 0.7.17-r1188
[main] CMD: bwa mem -L 5 -I 376.939,57.422,519,224 -t 1 -a -M -T 30 -A 1 -B 4 -O 6 -R @RG\tID:Sde-AMar_058-SdA02058-L2-clmp-fp2-repr\tSM:Sde-AMar_058-SdA02058-L2-clmp-fp2-repr\tPL:Illumina reference.rad.D-3-3-probes4development-noMSATS-noNNNN-224-519bp-0-8TGCAGG-lessthan2indelsof3nt.fasta Sde-AMar_058-SdA02058-L2-clmp-fp2-repr.R1.fq.gz Sde-AMar_058-SdA02058-L2-clmp-fp2-repr.R2.fq.gz
[main] Real time: 81.789 sec; CPU: 77.990 sec
