[M::main_mem] mean insert size: 376.939, stddev: 57.422, max: 519, min: 224
[M::bwa_idx_load_from_disk] read 0 ALT contigs
[M::process] read 70874 sequences (10000073 bp)...
[M::process] read 70916 sequences (10000141 bp)...
[M::mem_process_seqs] Processed 70874 reads in 8.754 CPU sec, 8.690 real sec
[M::process] read 70622 sequences (10000060 bp)...
[M::mem_process_seqs] Processed 70916 reads in 8.242 CPU sec, 8.116 real sec
[M::process] read 70786 sequences (10000295 bp)...
[M::mem_process_seqs] Processed 70622 reads in 8.957 CPU sec, 9.101 real sec
[M::process] read 70532 sequences (10000015 bp)...
[M::mem_process_seqs] Processed 70786 reads in 8.512 CPU sec, 9.228 real sec
[M::process] read 70906 sequences (10000252 bp)...
[M::mem_process_seqs] Processed 70532 reads in 7.469 CPU sec, 7.580 real sec
[M::process] read 71706 sequences (10000154 bp)...
[M::mem_process_seqs] Processed 70906 reads in 8.146 CPU sec, 8.509 real sec
[M::process] read 71748 sequences (10000078 bp)...
[M::mem_process_seqs] Processed 71706 reads in 8.607 CPU sec, 8.682 real sec
[M::process] read 70894 sequences (10000149 bp)...
[M::mem_process_seqs] Processed 71748 reads in 8.427 CPU sec, 9.003 real sec
[M::process] read 70846 sequences (10000251 bp)...
[M::mem_process_seqs] Processed 70894 reads in 8.633 CPU sec, 8.836 real sec
[M::process] read 71032 sequences (10000144 bp)...
[M::mem_process_seqs] Processed 70846 reads in 8.634 CPU sec, 9.186 real sec
[M::process] read 70628 sequences (10000102 bp)...
[M::mem_process_seqs] Processed 71032 reads in 8.556 CPU sec, 8.855 real sec
[M::process] read 70806 sequences (10000035 bp)...
[M::mem_process_seqs] Processed 70628 reads in 8.736 CPU sec, 8.991 real sec
[M::process] read 71622 sequences (10000106 bp)...
[M::mem_process_seqs] Processed 70806 reads in 8.951 CPU sec, 9.234 real sec
[M::process] read 70662 sequences (10000035 bp)...
[M::mem_process_seqs] Processed 71622 reads in 8.712 CPU sec, 9.162 real sec
[M::process] read 70756 sequences (10000045 bp)...
[M::mem_process_seqs] Processed 70662 reads in 8.382 CPU sec, 8.721 real sec
[M::process] read 71424 sequences (10000248 bp)...
[M::mem_process_seqs] Processed 70756 reads in 8.959 CPU sec, 9.393 real sec
[M::process] read 70630 sequences (10000090 bp)...
[M::mem_process_seqs] Processed 71424 reads in 8.375 CPU sec, 8.721 real sec
[M::process] read 70592 sequences (10000112 bp)...
[M::mem_process_seqs] Processed 70630 reads in 9.051 CPU sec, 9.311 real sec
[M::process] read 71498 sequences (10000174 bp)...
[M::mem_process_seqs] Processed 70592 reads in 8.732 CPU sec, 9.397 real sec
[M::process] read 70826 sequences (10000138 bp)...
[M::mem_process_seqs] Processed 71498 reads in 8.795 CPU sec, 9.178 real sec
[M::process] read 70776 sequences (10000054 bp)...
[M::mem_process_seqs] Processed 70826 reads in 8.369 CPU sec, 8.360 real sec
[M::process] read 70742 sequences (10000060 bp)...
[M::mem_process_seqs] Processed 70776 reads in 8.818 CPU sec, 9.462 real sec
[M::process] read 70936 sequences (10000044 bp)...
[M::mem_process_seqs] Processed 70742 reads in 8.777 CPU sec, 9.823 real sec
[M::process] read 70936 sequences (10000067 bp)...
[M::mem_process_seqs] Processed 70936 reads in 8.859 CPU sec, 9.341 real sec
[M::process] read 70952 sequences (10000213 bp)...
[M::mem_process_seqs] Processed 70936 reads in 8.538 CPU sec, 9.152 real sec
[M::process] read 70588 sequences (10000223 bp)...
[M::mem_process_seqs] Processed 70952 reads in 8.534 CPU sec, 8.539 real sec
[M::process] read 70752 sequences (10000192 bp)...
[M::mem_process_seqs] Processed 70588 reads in 9.181 CPU sec, 9.317 real sec
[M::process] read 70588 sequences (10000261 bp)...
[M::mem_process_seqs] Processed 70752 reads in 9.146 CPU sec, 9.342 real sec
[M::process] read 74648 sequences (10000203 bp)...
[M::mem_process_seqs] Processed 70588 reads in 8.589 CPU sec, 9.375 real sec
[M::process] read 70896 sequences (10000037 bp)...
[M::mem_process_seqs] Processed 74648 reads in 8.529 CPU sec, 8.606 real sec
[M::process] read 70416 sequences (10000147 bp)...
[M::mem_process_seqs] Processed 70896 reads in 8.587 CPU sec, 8.707 real sec
[M::process] read 70588 sequences (10000046 bp)...
[M::mem_process_seqs] Processed 70416 reads in 8.687 CPU sec, 8.917 real sec
[M::process] read 70866 sequences (10000010 bp)...
[M::mem_process_seqs] Processed 70588 reads in 8.891 CPU sec, 9.352 real sec
[M::process] read 70802 sequences (10000187 bp)...
[M::mem_process_seqs] Processed 70866 reads in 8.750 CPU sec, 9.362 real sec
[M::process] read 71500 sequences (10000036 bp)...
[M::mem_process_seqs] Processed 70802 reads in 8.680 CPU sec, 8.842 real sec
[M::process] read 71006 sequences (10000035 bp)...
[M::mem_process_seqs] Processed 71500 reads in 8.478 CPU sec, 8.764 real sec
[M::process] read 70424 sequences (10000281 bp)...
[M::mem_process_seqs] Processed 71006 reads in 8.389 CPU sec, 8.923 real sec
[M::process] read 70970 sequences (10000288 bp)...
[M::mem_process_seqs] Processed 70424 reads in 9.377 CPU sec, 9.844 real sec
[M::process] read 70832 sequences (10000107 bp)...
[M::mem_process_seqs] Processed 70970 reads in 8.577 CPU sec, 8.739 real sec
[M::process] read 70908 sequences (10000112 bp)...
[M::mem_process_seqs] Processed 70832 reads in 8.543 CPU sec, 8.891 real sec
[M::process] read 70502 sequences (10000086 bp)...
[M::mem_process_seqs] Processed 70908 reads in 8.976 CPU sec, 9.478 real sec
[M::process] read 70500 sequences (10000111 bp)...
[M::mem_process_seqs] Processed 70502 reads in 8.996 CPU sec, 9.592 real sec
[M::process] read 70686 sequences (10000268 bp)...
[M::mem_process_seqs] Processed 70500 reads in 8.517 CPU sec, 8.995 real sec
[M::process] read 70876 sequences (10000129 bp)...
[M::mem_process_seqs] Processed 70686 reads in 8.803 CPU sec, 9.108 real sec
[M::process] read 70820 sequences (10000252 bp)...
[M::mem_process_seqs] Processed 70876 reads in 8.738 CPU sec, 9.027 real sec
[M::process] read 70646 sequences (10000007 bp)...
[M::mem_process_seqs] Processed 70820 reads in 8.610 CPU sec, 9.448 real sec
[M::process] read 70694 sequences (10000063 bp)...
[M::mem_process_seqs] Processed 70646 reads in 9.216 CPU sec, 9.784 real sec
[M::process] read 72520 sequences (10000281 bp)...
[M::mem_process_seqs] Processed 70694 reads in 8.560 CPU sec, 9.296 real sec
[M::process] read 70780 sequences (10000104 bp)...
[M::mem_process_seqs] Processed 72520 reads in 7.152 CPU sec, 7.513 real sec
[M::process] read 70806 sequences (10000133 bp)...
[M::mem_process_seqs] Processed 70780 reads in 9.038 CPU sec, 9.619 real sec
[M::process] read 71124 sequences (10000292 bp)...
[M::mem_process_seqs] Processed 70806 reads in 8.535 CPU sec, 9.432 real sec
[M::process] read 70280 sequences (10000198 bp)...
[M::mem_process_seqs] Processed 71124 reads in 8.632 CPU sec, 9.344 real sec
[M::process] read 70972 sequences (10000221 bp)...
[M::mem_process_seqs] Processed 70280 reads in 8.906 CPU sec, 9.486 real sec
[M::process] read 70730 sequences (10000022 bp)...
[M::mem_process_seqs] Processed 70972 reads in 9.090 CPU sec, 9.176 real sec
[M::process] read 70856 sequences (10000085 bp)...
[M::mem_process_seqs] Processed 70730 reads in 8.496 CPU sec, 8.832 real sec
[M::process] read 70748 sequences (10000281 bp)...
[M::mem_process_seqs] Processed 70856 reads in 8.133 CPU sec, 8.869 real sec
[M::process] read 70432 sequences (10000211 bp)...
[M::mem_process_seqs] Processed 70748 reads in 8.839 CPU sec, 9.796 real sec
[M::process] read 71312 sequences (10000246 bp)...
[M::mem_process_seqs] Processed 70432 reads in 6.198 CPU sec, 6.383 real sec
[M::process] read 70606 sequences (10000290 bp)...
[M::mem_process_seqs] Processed 71312 reads in 6.013 CPU sec, 6.155 real sec
[M::process] read 70888 sequences (10000026 bp)...
[M::mem_process_seqs] Processed 70606 reads in 8.769 CPU sec, 9.193 real sec
[M::process] read 70606 sequences (10000019 bp)...
[M::mem_process_seqs] Processed 70888 reads in 9.205 CPU sec, 9.675 real sec
[M::process] read 70760 sequences (10000204 bp)...
[M::mem_process_seqs] Processed 70606 reads in 8.835 CPU sec, 9.259 real sec
[M::process] read 71604 sequences (10000104 bp)...
[M::mem_process_seqs] Processed 70760 reads in 8.717 CPU sec, 9.127 real sec
[M::process] read 71274 sequences (10000168 bp)...
[M::mem_process_seqs] Processed 71604 reads in 8.255 CPU sec, 8.642 real sec
[M::process] read 71448 sequences (10000060 bp)...
[M::mem_process_seqs] Processed 71274 reads in 8.054 CPU sec, 8.658 real sec
[M::process] read 70978 sequences (10000019 bp)...
[M::mem_process_seqs] Processed 71448 reads in 8.917 CPU sec, 9.462 real sec
[M::process] read 72944 sequences (10000174 bp)...
[M::mem_process_seqs] Processed 70978 reads in 9.064 CPU sec, 9.297 real sec
[M::process] read 70866 sequences (10000109 bp)...
[M::mem_process_seqs] Processed 72944 reads in 8.354 CPU sec, 8.610 real sec
[M::process] read 71614 sequences (10000107 bp)...
[M::mem_process_seqs] Processed 70866 reads in 8.861 CPU sec, 9.576 real sec
[M::process] read 71978 sequences (10000266 bp)...
[M::mem_process_seqs] Processed 71614 reads in 8.570 CPU sec, 8.637 real sec
[M::process] read 70920 sequences (10000158 bp)...
[M::mem_process_seqs] Processed 71978 reads in 8.239 CPU sec, 8.672 real sec
[M::process] read 71054 sequences (10000104 bp)...
[M::mem_process_seqs] Processed 70920 reads in 8.983 CPU sec, 9.270 real sec
[M::process] read 70858 sequences (10000091 bp)...
[M::mem_process_seqs] Processed 71054 reads in 8.567 CPU sec, 8.919 real sec
[M::process] read 70622 sequences (10000125 bp)...
[M::mem_process_seqs] Processed 70858 reads in 8.389 CPU sec, 9.089 real sec
[M::process] read 70972 sequences (10000211 bp)...
[M::mem_process_seqs] Processed 70622 reads in 10.084 CPU sec, 10.633 real sec
[M::process] read 70542 sequences (10000245 bp)...
[M::mem_process_seqs] Processed 70972 reads in 8.913 CPU sec, 9.307 real sec
[M::process] read 70572 sequences (10000108 bp)...
[M::mem_process_seqs] Processed 70542 reads in 8.848 CPU sec, 9.290 real sec
[M::process] read 70960 sequences (10000050 bp)...
[M::mem_process_seqs] Processed 70572 reads in 8.454 CPU sec, 8.915 real sec
[M::process] read 71718 sequences (10000090 bp)...
[M::mem_process_seqs] Processed 70960 reads in 8.716 CPU sec, 9.129 real sec
[M::process] read 70700 sequences (10000095 bp)...
[M::mem_process_seqs] Processed 71718 reads in 6.961 CPU sec, 7.195 real sec
[M::process] read 70472 sequences (10000162 bp)...
[M::mem_process_seqs] Processed 70700 reads in 9.048 CPU sec, 9.290 real sec
[M::process] read 69920 sequences (10000081 bp)...
[M::mem_process_seqs] Processed 70472 reads in 9.222 CPU sec, 9.828 real sec
[M::process] read 70838 sequences (10000139 bp)...
[M::mem_process_seqs] Processed 69920 reads in 12.706 CPU sec, 14.183 real sec
[M::process] read 70748 sequences (10000251 bp)...
[M::mem_process_seqs] Processed 70838 reads in 9.263 CPU sec, 9.567 real sec
[M::process] read 70458 sequences (10000027 bp)...
[M::mem_process_seqs] Processed 70748 reads in 8.891 CPU sec, 8.930 real sec
[M::process] read 70384 sequences (10000115 bp)...
[M::mem_process_seqs] Processed 70458 reads in 8.643 CPU sec, 9.270 real sec
[M::process] read 70864 sequences (10000099 bp)...
[M::mem_process_seqs] Processed 70384 reads in 10.604 CPU sec, 10.969 real sec
[M::process] read 70682 sequences (10000035 bp)...
[M::mem_process_seqs] Processed 70864 reads in 8.628 CPU sec, 9.037 real sec
[M::process] read 71086 sequences (10000097 bp)...
[M::mem_process_seqs] Processed 70682 reads in 8.558 CPU sec, 8.829 real sec
[M::process] read 70918 sequences (10000025 bp)...
[M::mem_process_seqs] Processed 71086 reads in 8.731 CPU sec, 8.920 real sec
[M::process] read 71012 sequences (10000287 bp)...
[M::mem_process_seqs] Processed 70918 reads in 8.425 CPU sec, 9.114 real sec
[M::process] read 70580 sequences (10000283 bp)...
[M::mem_process_seqs] Processed 71012 reads in 8.862 CPU sec, 9.208 real sec
[M::process] read 70926 sequences (10000000 bp)...
[M::mem_process_seqs] Processed 70580 reads in 9.240 CPU sec, 9.981 real sec
[M::process] read 70782 sequences (10000226 bp)...
[M::mem_process_seqs] Processed 70926 reads in 9.000 CPU sec, 9.392 real sec
[M::process] read 70996 sequences (10000178 bp)...
[M::mem_process_seqs] Processed 70782 reads in 9.317 CPU sec, 9.430 real sec
[M::process] read 70798 sequences (10000040 bp)...
[M::mem_process_seqs] Processed 70996 reads in 8.829 CPU sec, 9.158 real sec
[M::process] read 70414 sequences (10000177 bp)...
[M::mem_process_seqs] Processed 70798 reads in 8.678 CPU sec, 8.980 real sec
[M::process] read 70926 sequences (10000240 bp)...
[M::mem_process_seqs] Processed 70414 reads in 9.221 CPU sec, 9.679 real sec
[M::process] read 70744 sequences (10000059 bp)...
[M::mem_process_seqs] Processed 70926 reads in 8.372 CPU sec, 8.585 real sec
[M::process] read 70526 sequences (10000008 bp)...
[M::mem_process_seqs] Processed 70744 reads in 8.704 CPU sec, 8.713 real sec
[M::process] read 70834 sequences (10000223 bp)...
[M::mem_process_seqs] Processed 70526 reads in 8.628 CPU sec, 8.805 real sec
[M::process] read 70402 sequences (10000203 bp)...
[M::mem_process_seqs] Processed 70834 reads in 8.613 CPU sec, 8.837 real sec
[M::process] read 71032 sequences (10000246 bp)...
[M::mem_process_seqs] Processed 70402 reads in 8.737 CPU sec, 9.167 real sec
[M::process] read 70920 sequences (10000027 bp)...
[M::mem_process_seqs] Processed 71032 reads in 8.856 CPU sec, 10.002 real sec
[M::process] read 70914 sequences (10000240 bp)...
[M::mem_process_seqs] Processed 70920 reads in 8.984 CPU sec, 9.715 real sec
[M::process] read 70980 sequences (10000220 bp)...
[M::mem_process_seqs] Processed 70914 reads in 9.547 CPU sec, 10.201 real sec
[M::process] read 70710 sequences (10000025 bp)...
[M::mem_process_seqs] Processed 70980 reads in 8.688 CPU sec, 9.125 real sec
[M::process] read 70420 sequences (10000290 bp)...
[M::mem_process_seqs] Processed 70710 reads in 8.578 CPU sec, 9.038 real sec
[M::process] read 71020 sequences (10000265 bp)...
[M::mem_process_seqs] Processed 70420 reads in 12.833 CPU sec, 13.347 real sec
[M::process] read 70916 sequences (10000247 bp)...
[M::mem_process_seqs] Processed 71020 reads in 8.572 CPU sec, 9.010 real sec
[M::process] read 70748 sequences (10000196 bp)...
[M::mem_process_seqs] Processed 70916 reads in 8.656 CPU sec, 8.685 real sec
[M::process] read 70914 sequences (10000028 bp)...
[M::mem_process_seqs] Processed 70748 reads in 8.810 CPU sec, 9.802 real sec
[M::process] read 70638 sequences (10000210 bp)...
[M::mem_process_seqs] Processed 70914 reads in 8.781 CPU sec, 9.104 real sec
[M::process] read 71010 sequences (10000082 bp)...
[M::mem_process_seqs] Processed 70638 reads in 8.815 CPU sec, 9.132 real sec
[M::process] read 70490 sequences (10000200 bp)...
[M::mem_process_seqs] Processed 71010 reads in 9.317 CPU sec, 9.752 real sec
[M::process] read 71524 sequences (10000201 bp)...
[M::mem_process_seqs] Processed 70490 reads in 8.753 CPU sec, 9.634 real sec
[M::process] read 70898 sequences (10000144 bp)...
[M::mem_process_seqs] Processed 71524 reads in 8.418 CPU sec, 8.814 real sec
[M::process] read 70446 sequences (10000102 bp)...
[M::mem_process_seqs] Processed 70898 reads in 8.665 CPU sec, 8.881 real sec
[M::process] read 70666 sequences (10000065 bp)...
[M::mem_process_seqs] Processed 70446 reads in 8.016 CPU sec, 8.677 real sec
[M::process] read 70426 sequences (10000106 bp)...
[M::mem_process_seqs] Processed 70666 reads in 8.810 CPU sec, 9.860 real sec
[M::process] read 71344 sequences (10000105 bp)...
[M::mem_process_seqs] Processed 70426 reads in 7.883 CPU sec, 8.343 real sec
[M::process] read 71008 sequences (10000070 bp)...
[M::mem_process_seqs] Processed 71344 reads in 7.235 CPU sec, 7.554 real sec
[M::process] read 71036 sequences (10000008 bp)...
[M::mem_process_seqs] Processed 71008 reads in 8.473 CPU sec, 8.979 real sec
[M::process] read 70754 sequences (10000094 bp)...
[M::mem_process_seqs] Processed 71036 reads in 8.412 CPU sec, 8.583 real sec
[M::process] read 70942 sequences (10000172 bp)...
[M::mem_process_seqs] Processed 70754 reads in 8.231 CPU sec, 8.502 real sec
[M::process] read 70300 sequences (10000101 bp)...
[M::mem_process_seqs] Processed 70942 reads in 8.500 CPU sec, 9.469 real sec
[M::process] read 70694 sequences (10000161 bp)...
[M::mem_process_seqs] Processed 70300 reads in 8.579 CPU sec, 9.067 real sec
[M::process] read 70398 sequences (10000080 bp)...
[M::mem_process_seqs] Processed 70694 reads in 9.373 CPU sec, 9.982 real sec
[M::process] read 71012 sequences (10000076 bp)...
[M::mem_process_seqs] Processed 70398 reads in 5.896 CPU sec, 5.987 real sec
[M::process] read 70902 sequences (10000185 bp)...
[M::mem_process_seqs] Processed 71012 reads in 8.598 CPU sec, 8.997 real sec
[M::process] read 71358 sequences (10000299 bp)...
[M::mem_process_seqs] Processed 70902 reads in 8.589 CPU sec, 9.098 real sec
[M::process] read 70962 sequences (10000251 bp)...
[M::mem_process_seqs] Processed 71358 reads in 8.031 CPU sec, 8.471 real sec
[M::process] read 70788 sequences (10000017 bp)...
[M::mem_process_seqs] Processed 70962 reads in 8.535 CPU sec, 8.947 real sec
[M::process] read 70710 sequences (10000174 bp)...
[M::mem_process_seqs] Processed 70788 reads in 8.902 CPU sec, 9.437 real sec
[M::process] read 70568 sequences (10000156 bp)...
[M::mem_process_seqs] Processed 70710 reads in 8.873 CPU sec, 9.313 real sec
[M::process] read 70846 sequences (10000094 bp)...
[M::mem_process_seqs] Processed 70568 reads in 9.001 CPU sec, 9.128 real sec
[M::process] read 70620 sequences (10000285 bp)...
[M::mem_process_seqs] Processed 70846 reads in 8.567 CPU sec, 8.532 real sec
[M::process] read 70784 sequences (10000207 bp)...
[M::mem_process_seqs] Processed 70620 reads in 9.132 CPU sec, 9.624 real sec
[M::process] read 70602 sequences (10000085 bp)...
[M::mem_process_seqs] Processed 70784 reads in 8.563 CPU sec, 8.642 real sec
[M::process] read 71030 sequences (10000284 bp)...
[M::mem_process_seqs] Processed 70602 reads in 9.861 CPU sec, 10.326 real sec
[M::process] read 70678 sequences (10000213 bp)...
[M::mem_process_seqs] Processed 71030 reads in 11.374 CPU sec, 12.073 real sec
[M::process] read 70642 sequences (10000067 bp)...
[M::mem_process_seqs] Processed 70678 reads in 9.283 CPU sec, 9.179 real sec
[M::process] read 71030 sequences (10000224 bp)...
[M::mem_process_seqs] Processed 70642 reads in 8.916 CPU sec, 9.608 real sec
[M::process] read 74020 sequences (10000103 bp)...
[M::mem_process_seqs] Processed 71030 reads in 8.741 CPU sec, 9.605 real sec
[M::process] read 70532 sequences (10000082 bp)...
[M::mem_process_seqs] Processed 74020 reads in 7.539 CPU sec, 8.039 real sec
[M::process] read 71422 sequences (10000190 bp)...
[M::mem_process_seqs] Processed 70532 reads in 8.978 CPU sec, 9.360 real sec
[M::process] read 71118 sequences (10000201 bp)...
[M::mem_process_seqs] Processed 71422 reads in 8.942 CPU sec, 9.168 real sec
[M::process] read 70702 sequences (10000053 bp)...
[M::mem_process_seqs] Processed 71118 reads in 8.683 CPU sec, 8.945 real sec
[M::process] read 70846 sequences (10000277 bp)...
[M::mem_process_seqs] Processed 70702 reads in 8.729 CPU sec, 9.219 real sec
[M::process] read 70764 sequences (10000189 bp)...
[M::mem_process_seqs] Processed 70846 reads in 8.390 CPU sec, 8.679 real sec
[M::process] read 70520 sequences (10000188 bp)...
[M::mem_process_seqs] Processed 70764 reads in 8.896 CPU sec, 9.549 real sec
[M::process] read 70532 sequences (10000202 bp)...
[M::mem_process_seqs] Processed 70520 reads in 9.083 CPU sec, 9.336 real sec
[M::process] read 70812 sequences (10000127 bp)...
[M::mem_process_seqs] Processed 70532 reads in 8.105 CPU sec, 8.462 real sec
[M::process] read 70574 sequences (10000164 bp)...
[M::mem_process_seqs] Processed 70812 reads in 9.115 CPU sec, 9.445 real sec
[M::process] read 26428 sequences (3679279 bp)...
[M::mem_process_seqs] Processed 70574 reads in 9.021 CPU sec, 9.498 real sec
[M::mem_process_seqs] Processed 26428 reads in 3.047 CPU sec, 3.392 real sec
[main] Version: 0.7.17-r1188
[main] CMD: bwa mem -L 5 -I 376.939,57.422,519,224 -t 1 -a -M -T 30 -A 1 -B 4 -O 6 -R @RG\tID:Sde-CMat_002-SdC01002-L2-clmp-fp2-repr\tSM:Sde-CMat_002-SdC01002-L2-clmp-fp2-repr\tPL:Illumina reference.rad.D-3-3-probes4development-noMSATS-noNNNN-224-519bp-0-8TGCAGG-lessthan2indelsof3nt.fasta Sde-CMat_002-SdC01002-L2-clmp-fp2-repr.R1.fq.gz Sde-CMat_002-SdC01002-L2-clmp-fp2-repr.R2.fq.gz
[main] Real time: 1423.124 sec; CPU: 1355.502 sec
