[M::main_mem] mean insert size: 376.939, stddev: 57.422, max: 519, min: 224
[M::bwa_idx_load_from_disk] read 0 ALT contigs
[M::process] read 70486 sequences (10000055 bp)...
[M::process] read 70394 sequences (10000153 bp)...
[M::mem_process_seqs] Processed 70486 reads in 8.499 CPU sec, 8.719 real sec
[M::process] read 70594 sequences (10000268 bp)...
[M::mem_process_seqs] Processed 70394 reads in 9.043 CPU sec, 9.703 real sec
[M::process] read 70708 sequences (10000299 bp)...
[M::mem_process_seqs] Processed 70594 reads in 8.039 CPU sec, 8.020 real sec
[M::process] read 70782 sequences (10000180 bp)...
[M::mem_process_seqs] Processed 70708 reads in 8.790 CPU sec, 9.235 real sec
[M::process] read 70384 sequences (10000117 bp)...
[M::mem_process_seqs] Processed 70782 reads in 8.848 CPU sec, 8.932 real sec
[M::process] read 70476 sequences (10000241 bp)...
[M::mem_process_seqs] Processed 70384 reads in 8.824 CPU sec, 8.890 real sec
[M::process] read 70632 sequences (10000000 bp)...
[M::mem_process_seqs] Processed 70476 reads in 8.974 CPU sec, 9.142 real sec
[M::process] read 70286 sequences (10000231 bp)...
[M::mem_process_seqs] Processed 70632 reads in 8.583 CPU sec, 9.158 real sec
[M::process] read 70518 sequences (10000250 bp)...
[M::mem_process_seqs] Processed 70286 reads in 8.931 CPU sec, 9.416 real sec
[M::process] read 70314 sequences (10000203 bp)...
[M::mem_process_seqs] Processed 70518 reads in 8.565 CPU sec, 9.222 real sec
[M::process] read 70558 sequences (10000002 bp)...
[M::mem_process_seqs] Processed 70314 reads in 8.790 CPU sec, 9.377 real sec
[M::process] read 70492 sequences (10000095 bp)...
[M::mem_process_seqs] Processed 70558 reads in 8.668 CPU sec, 8.809 real sec
[M::process] read 70540 sequences (10000218 bp)...
[M::mem_process_seqs] Processed 70492 reads in 8.704 CPU sec, 8.890 real sec
[M::process] read 70500 sequences (10000295 bp)...
[M::mem_process_seqs] Processed 70540 reads in 8.702 CPU sec, 8.966 real sec
[M::process] read 70098 sequences (10000182 bp)...
[M::mem_process_seqs] Processed 70500 reads in 8.811 CPU sec, 9.059 real sec
[M::process] read 72180 sequences (10000194 bp)...
[M::mem_process_seqs] Processed 70098 reads in 8.945 CPU sec, 9.230 real sec
[M::process] read 70282 sequences (10000070 bp)...
[M::mem_process_seqs] Processed 72180 reads in 8.511 CPU sec, 9.216 real sec
[M::process] read 70298 sequences (10000190 bp)...
[M::mem_process_seqs] Processed 70282 reads in 8.915 CPU sec, 9.048 real sec
[M::process] read 70640 sequences (10000119 bp)...
[M::mem_process_seqs] Processed 70298 reads in 8.640 CPU sec, 8.940 real sec
[M::process] read 70468 sequences (10000267 bp)...
[M::mem_process_seqs] Processed 70640 reads in 8.680 CPU sec, 8.637 real sec
[M::process] read 70344 sequences (10000274 bp)...
[M::mem_process_seqs] Processed 70468 reads in 8.540 CPU sec, 8.899 real sec
[M::process] read 70464 sequences (10000107 bp)...
[M::mem_process_seqs] Processed 70344 reads in 9.445 CPU sec, 9.741 real sec
[M::process] read 70234 sequences (10000035 bp)...
[M::mem_process_seqs] Processed 70464 reads in 8.789 CPU sec, 9.243 real sec
[M::process] read 70242 sequences (10000267 bp)...
[M::mem_process_seqs] Processed 70234 reads in 8.708 CPU sec, 9.347 real sec
[M::process] read 70514 sequences (10000257 bp)...
[M::mem_process_seqs] Processed 70242 reads in 8.851 CPU sec, 9.005 real sec
[M::process] read 70316 sequences (10000158 bp)...
[M::mem_process_seqs] Processed 70514 reads in 8.841 CPU sec, 9.136 real sec
[M::process] read 71076 sequences (10000152 bp)...
[M::mem_process_seqs] Processed 70316 reads in 8.975 CPU sec, 9.410 real sec
[M::process] read 70556 sequences (10000129 bp)...
[M::mem_process_seqs] Processed 71076 reads in 8.371 CPU sec, 8.865 real sec
[M::process] read 70324 sequences (10000163 bp)...
[M::mem_process_seqs] Processed 70556 reads in 8.737 CPU sec, 8.990 real sec
[M::process] read 70708 sequences (10000255 bp)...
[M::mem_process_seqs] Processed 70324 reads in 8.958 CPU sec, 9.530 real sec
[M::process] read 70506 sequences (10000019 bp)...
[M::mem_process_seqs] Processed 70708 reads in 9.172 CPU sec, 10.047 real sec
[M::process] read 70600 sequences (10000077 bp)...
[M::mem_process_seqs] Processed 70506 reads in 8.560 CPU sec, 9.277 real sec
[M::process] read 70430 sequences (10000107 bp)...
[M::mem_process_seqs] Processed 70600 reads in 7.621 CPU sec, 8.518 real sec
[M::process] read 70534 sequences (10000283 bp)...
[M::mem_process_seqs] Processed 70430 reads in 8.928 CPU sec, 8.928 real sec
[M::process] read 70910 sequences (10000226 bp)...
[M::mem_process_seqs] Processed 70534 reads in 8.532 CPU sec, 8.555 real sec
[M::process] read 70676 sequences (10000147 bp)...
[M::mem_process_seqs] Processed 70910 reads in 8.474 CPU sec, 8.819 real sec
[M::process] read 70872 sequences (10000005 bp)...
[M::mem_process_seqs] Processed 70676 reads in 9.164 CPU sec, 9.277 real sec
[M::process] read 70808 sequences (10000199 bp)...
[M::mem_process_seqs] Processed 70872 reads in 8.614 CPU sec, 9.686 real sec
[M::process] read 70706 sequences (10000247 bp)...
[M::mem_process_seqs] Processed 70808 reads in 8.626 CPU sec, 8.850 real sec
[M::process] read 70784 sequences (10000258 bp)...
[M::mem_process_seqs] Processed 70706 reads in 8.702 CPU sec, 9.887 real sec
[M::process] read 70452 sequences (10000070 bp)...
[M::mem_process_seqs] Processed 70784 reads in 8.727 CPU sec, 8.857 real sec
[M::process] read 70536 sequences (10000272 bp)...
[M::mem_process_seqs] Processed 70452 reads in 9.594 CPU sec, 9.950 real sec
[M::process] read 70506 sequences (10000008 bp)...
[M::mem_process_seqs] Processed 70536 reads in 9.054 CPU sec, 9.447 real sec
[M::process] read 70894 sequences (10000040 bp)...
[M::mem_process_seqs] Processed 70506 reads in 8.540 CPU sec, 9.131 real sec
[M::process] read 69880 sequences (10000113 bp)...
[M::mem_process_seqs] Processed 70894 reads in 8.249 CPU sec, 8.692 real sec
[M::process] read 70364 sequences (10000284 bp)...
[M::mem_process_seqs] Processed 69880 reads in 11.222 CPU sec, 11.651 real sec
[M::process] read 70178 sequences (10000125 bp)...
[M::mem_process_seqs] Processed 70364 reads in 9.124 CPU sec, 9.470 real sec
[M::process] read 70208 sequences (10000214 bp)...
[M::mem_process_seqs] Processed 70178 reads in 8.865 CPU sec, 9.049 real sec
[M::process] read 70558 sequences (10000186 bp)...
[M::mem_process_seqs] Processed 70208 reads in 9.717 CPU sec, 10.273 real sec
[M::process] read 70496 sequences (10000135 bp)...
[M::mem_process_seqs] Processed 70558 reads in 8.755 CPU sec, 9.315 real sec
[M::process] read 70636 sequences (10000075 bp)...
[M::mem_process_seqs] Processed 70496 reads in 9.098 CPU sec, 9.296 real sec
[M::process] read 70444 sequences (10000244 bp)...
[M::mem_process_seqs] Processed 70636 reads in 8.728 CPU sec, 9.164 real sec
[M::process] read 70464 sequences (10000227 bp)...
[M::mem_process_seqs] Processed 70444 reads in 8.735 CPU sec, 9.230 real sec
[M::process] read 70358 sequences (10000057 bp)...
[M::mem_process_seqs] Processed 70464 reads in 8.731 CPU sec, 8.701 real sec
[M::process] read 70390 sequences (10000111 bp)...
[M::mem_process_seqs] Processed 70358 reads in 9.036 CPU sec, 9.033 real sec
[M::process] read 70460 sequences (10000138 bp)...
[M::mem_process_seqs] Processed 70390 reads in 9.122 CPU sec, 9.883 real sec
[M::process] read 70388 sequences (10000070 bp)...
[M::mem_process_seqs] Processed 70460 reads in 9.065 CPU sec, 9.399 real sec
[M::process] read 70612 sequences (10000197 bp)...
[M::mem_process_seqs] Processed 70388 reads in 8.611 CPU sec, 8.702 real sec
[M::process] read 70418 sequences (10000048 bp)...
[M::mem_process_seqs] Processed 70612 reads in 9.075 CPU sec, 9.349 real sec
[M::process] read 70242 sequences (10000152 bp)...
[M::mem_process_seqs] Processed 70418 reads in 8.809 CPU sec, 9.185 real sec
[M::process] read 70476 sequences (10000198 bp)...
[M::mem_process_seqs] Processed 70242 reads in 11.214 CPU sec, 11.414 real sec
[M::process] read 70316 sequences (10000011 bp)...
[M::mem_process_seqs] Processed 70476 reads in 8.817 CPU sec, 9.765 real sec
[M::process] read 70502 sequences (10000240 bp)...
[M::mem_process_seqs] Processed 70316 reads in 9.155 CPU sec, 9.018 real sec
[M::process] read 70490 sequences (10000206 bp)...
[M::mem_process_seqs] Processed 70502 reads in 8.541 CPU sec, 8.468 real sec
[M::process] read 70586 sequences (10000185 bp)...
[M::mem_process_seqs] Processed 70490 reads in 8.843 CPU sec, 9.596 real sec
[M::process] read 70422 sequences (10000042 bp)...
[M::mem_process_seqs] Processed 70586 reads in 8.573 CPU sec, 8.919 real sec
[M::process] read 70438 sequences (10000232 bp)...
[M::mem_process_seqs] Processed 70422 reads in 8.837 CPU sec, 9.191 real sec
[M::process] read 70766 sequences (10000194 bp)...
[M::mem_process_seqs] Processed 70438 reads in 8.256 CPU sec, 8.446 real sec
[M::process] read 70470 sequences (10000209 bp)...
[M::mem_process_seqs] Processed 70766 reads in 8.815 CPU sec, 9.145 real sec
[M::process] read 70370 sequences (10000060 bp)...
[M::mem_process_seqs] Processed 70470 reads in 8.655 CPU sec, 9.231 real sec
[M::process] read 70590 sequences (10000201 bp)...
[M::mem_process_seqs] Processed 70370 reads in 8.846 CPU sec, 9.426 real sec
[M::process] read 70694 sequences (10000138 bp)...
[M::mem_process_seqs] Processed 70590 reads in 8.288 CPU sec, 8.822 real sec
[M::process] read 70500 sequences (10000248 bp)...
[M::mem_process_seqs] Processed 70694 reads in 8.762 CPU sec, 9.266 real sec
[M::process] read 70476 sequences (10000126 bp)...
[M::mem_process_seqs] Processed 70500 reads in 8.610 CPU sec, 9.131 real sec
[M::process] read 70264 sequences (10000140 bp)...
[M::mem_process_seqs] Processed 70476 reads in 8.903 CPU sec, 9.075 real sec
[M::process] read 70394 sequences (10000249 bp)...
[M::mem_process_seqs] Processed 70264 reads in 8.864 CPU sec, 8.950 real sec
[M::process] read 70380 sequences (10000106 bp)...
[M::mem_process_seqs] Processed 70394 reads in 8.825 CPU sec, 9.433 real sec
[M::process] read 70548 sequences (10000163 bp)...
[M::mem_process_seqs] Processed 70380 reads in 9.364 CPU sec, 9.695 real sec
[M::process] read 70420 sequences (10000186 bp)...
[M::mem_process_seqs] Processed 70548 reads in 9.944 CPU sec, 10.389 real sec
[M::process] read 71364 sequences (10000021 bp)...
[M::mem_process_seqs] Processed 70420 reads in 8.991 CPU sec, 9.750 real sec
[M::process] read 70466 sequences (10000180 bp)...
[M::mem_process_seqs] Processed 71364 reads in 8.269 CPU sec, 9.094 real sec
[M::process] read 70516 sequences (10000218 bp)...
[M::mem_process_seqs] Processed 70466 reads in 8.933 CPU sec, 9.598 real sec
[M::process] read 70390 sequences (10000288 bp)...
[M::mem_process_seqs] Processed 70516 reads in 8.635 CPU sec, 9.015 real sec
[M::process] read 70344 sequences (10000278 bp)...
[M::mem_process_seqs] Processed 70390 reads in 8.752 CPU sec, 9.519 real sec
[M::process] read 70418 sequences (10000148 bp)...
[M::mem_process_seqs] Processed 70344 reads in 8.785 CPU sec, 9.151 real sec
[M::process] read 55376 sequences (7863898 bp)...
[M::mem_process_seqs] Processed 70418 reads in 8.448 CPU sec, 9.011 real sec
[M::mem_process_seqs] Processed 55376 reads in 6.838 CPU sec, 7.589 real sec
[main] Version: 0.7.17-r1188
[main] CMD: bwa mem -L 5 -I 376.939,57.422,519,224 -t 1 -a -M -T 30 -A 1 -B 4 -O 6 -R @RG\tID:Sde-CMat_032-SdC01032-L2-clmp-fp2-repr\tSM:Sde-CMat_032-SdC01032-L2-clmp-fp2-repr\tPL:Illumina reference.rad.D-3-3-probes4development-noMSATS-noNNNN-224-519bp-0-8TGCAGG-lessthan2indelsof3nt.fasta Sde-CMat_032-SdC01032-L2-clmp-fp2-repr.R1.fq.gz Sde-CMat_032-SdC01032-L2-clmp-fp2-repr.R2.fq.gz
[main] Real time: 803.755 sec; CPU: 767.996 sec
