[M::main_mem] mean insert size: 376.939, stddev: 57.422, max: 519, min: 224
[M::bwa_idx_load_from_disk] read 0 ALT contigs
[M::process] read 82560 sequences (10000082 bp)...
[M::process] read 81414 sequences (10000015 bp)...
[M::mem_process_seqs] Processed 82560 reads in 9.453 CPU sec, 9.642 real sec
[M::process] read 81906 sequences (10000056 bp)...
[M::mem_process_seqs] Processed 81414 reads in 8.817 CPU sec, 9.633 real sec
[M::process] read 83340 sequences (10000144 bp)...
[M::mem_process_seqs] Processed 81906 reads in 8.667 CPU sec, 8.648 real sec
[M::process] read 83166 sequences (10000115 bp)...
[M::mem_process_seqs] Processed 83340 reads in 9.391 CPU sec, 10.002 real sec
[M::process] read 83200 sequences (10000091 bp)...
[M::mem_process_seqs] Processed 83166 reads in 9.523 CPU sec, 9.624 real sec
[M::process] read 82120 sequences (10000169 bp)...
[M::mem_process_seqs] Processed 83200 reads in 9.567 CPU sec, 10.116 real sec
[M::process] read 83526 sequences (10000117 bp)...
[M::mem_process_seqs] Processed 82120 reads in 9.505 CPU sec, 9.714 real sec
[M::process] read 83460 sequences (10000064 bp)...
[M::mem_process_seqs] Processed 83526 reads in 10.145 CPU sec, 10.574 real sec
[M::process] read 83920 sequences (10000060 bp)...
[M::mem_process_seqs] Processed 83460 reads in 9.330 CPU sec, 10.408 real sec
[M::process] read 82012 sequences (10000121 bp)...
[M::mem_process_seqs] Processed 83920 reads in 9.174 CPU sec, 9.565 real sec
[M::process] read 83316 sequences (10000229 bp)...
[M::mem_process_seqs] Processed 82012 reads in 10.299 CPU sec, 11.307 real sec
[M::process] read 82566 sequences (10000059 bp)...
[M::mem_process_seqs] Processed 83316 reads in 9.628 CPU sec, 10.300 real sec
[M::process] read 84064 sequences (10000048 bp)...
[M::mem_process_seqs] Processed 82566 reads in 9.215 CPU sec, 9.496 real sec
[M::process] read 82312 sequences (10000095 bp)...
[M::mem_process_seqs] Processed 84064 reads in 9.579 CPU sec, 10.257 real sec
[M::process] read 83292 sequences (10000184 bp)...
[M::mem_process_seqs] Processed 82312 reads in 10.647 CPU sec, 11.126 real sec
[M::process] read 82478 sequences (10000153 bp)...
[M::mem_process_seqs] Processed 83292 reads in 10.289 CPU sec, 10.738 real sec
[M::process] read 82284 sequences (10000057 bp)...
[M::mem_process_seqs] Processed 82478 reads in 9.824 CPU sec, 10.155 real sec
[M::process] read 79748 sequences (10000232 bp)...
[M::mem_process_seqs] Processed 82284 reads in 9.607 CPU sec, 10.111 real sec
[M::process] read 83612 sequences (10000143 bp)...
[M::mem_process_seqs] Processed 79748 reads in 7.849 CPU sec, 8.481 real sec
[M::process] read 82614 sequences (10000199 bp)...
[M::mem_process_seqs] Processed 83612 reads in 9.480 CPU sec, 10.086 real sec
[M::process] read 82548 sequences (10000148 bp)...
[M::mem_process_seqs] Processed 82614 reads in 9.951 CPU sec, 10.524 real sec
[M::process] read 74196 sequences (10000142 bp)...
[M::mem_process_seqs] Processed 82548 reads in 9.278 CPU sec, 9.719 real sec
[M::process] read 77752 sequences (10000003 bp)...
[M::mem_process_seqs] Processed 74196 reads in 6.813 CPU sec, 7.124 real sec
[M::process] read 83214 sequences (10000005 bp)...
[M::mem_process_seqs] Processed 77752 reads in 7.385 CPU sec, 7.651 real sec
[M::process] read 82590 sequences (10000234 bp)...
[M::mem_process_seqs] Processed 83214 reads in 9.498 CPU sec, 10.118 real sec
[M::process] read 83108 sequences (10000091 bp)...
[M::mem_process_seqs] Processed 82590 reads in 9.031 CPU sec, 9.503 real sec
[M::process] read 82096 sequences (10000137 bp)...
[M::mem_process_seqs] Processed 83108 reads in 10.061 CPU sec, 10.262 real sec
[M::process] read 81536 sequences (10000172 bp)...
[M::mem_process_seqs] Processed 82096 reads in 9.291 CPU sec, 10.367 real sec
[M::process] read 83520 sequences (10000251 bp)...
[M::mem_process_seqs] Processed 81536 reads in 8.663 CPU sec, 9.135 real sec
[M::process] read 82846 sequences (10000037 bp)...
[M::mem_process_seqs] Processed 83520 reads in 9.446 CPU sec, 10.357 real sec
[M::process] read 78652 sequences (10000029 bp)...
[M::mem_process_seqs] Processed 82846 reads in 9.096 CPU sec, 9.722 real sec
[M::process] read 80772 sequences (10000061 bp)...
[M::mem_process_seqs] Processed 78652 reads in 7.889 CPU sec, 8.509 real sec
[M::process] read 82636 sequences (10000000 bp)...
[M::mem_process_seqs] Processed 80772 reads in 11.577 CPU sec, 12.462 real sec
[M::process] read 82142 sequences (10000253 bp)...
[M::mem_process_seqs] Processed 82636 reads in 9.664 CPU sec, 10.583 real sec
[M::process] read 83538 sequences (10000069 bp)...
[M::mem_process_seqs] Processed 82142 reads in 11.610 CPU sec, 12.059 real sec
[M::process] read 83406 sequences (10000026 bp)...
[M::mem_process_seqs] Processed 83538 reads in 9.613 CPU sec, 9.959 real sec
[M::process] read 83430 sequences (10000073 bp)...
[M::mem_process_seqs] Processed 83406 reads in 9.703 CPU sec, 9.938 real sec
[M::process] read 82550 sequences (10000188 bp)...
[M::mem_process_seqs] Processed 83430 reads in 9.533 CPU sec, 10.048 real sec
[M::process] read 83330 sequences (10000133 bp)...
[M::mem_process_seqs] Processed 82550 reads in 9.865 CPU sec, 10.023 real sec
[M::process] read 82720 sequences (10000126 bp)...
[M::mem_process_seqs] Processed 83330 reads in 9.418 CPU sec, 10.083 real sec
[M::process] read 83662 sequences (10000086 bp)...
[M::mem_process_seqs] Processed 82720 reads in 9.289 CPU sec, 9.571 real sec
[M::process] read 81674 sequences (10000077 bp)...
[M::mem_process_seqs] Processed 83662 reads in 9.500 CPU sec, 10.183 real sec
[M::process] read 83416 sequences (10000177 bp)...
[M::mem_process_seqs] Processed 81674 reads in 14.205 CPU sec, 14.648 real sec
[M::process] read 83902 sequences (10000042 bp)...
[M::mem_process_seqs] Processed 83416 reads in 9.562 CPU sec, 9.948 real sec
[M::process] read 82798 sequences (10000249 bp)...
[M::mem_process_seqs] Processed 83902 reads in 9.682 CPU sec, 10.163 real sec
[M::process] read 82148 sequences (10000025 bp)...
[M::mem_process_seqs] Processed 82798 reads in 9.180 CPU sec, 9.393 real sec
[M::process] read 77470 sequences (10000257 bp)...
[M::mem_process_seqs] Processed 82148 reads in 9.249 CPU sec, 10.357 real sec
[M::process] read 81510 sequences (10000186 bp)...
[M::mem_process_seqs] Processed 77470 reads in 7.768 CPU sec, 8.635 real sec
[M::process] read 81592 sequences (10000093 bp)...
[M::mem_process_seqs] Processed 81510 reads in 8.981 CPU sec, 9.184 real sec
[M::process] read 78864 sequences (10000068 bp)...
[M::mem_process_seqs] Processed 81592 reads in 8.576 CPU sec, 8.788 real sec
[M::process] read 77698 sequences (10000212 bp)...
[M::mem_process_seqs] Processed 78864 reads in 8.518 CPU sec, 8.838 real sec
[M::process] read 81410 sequences (10000183 bp)...
[M::mem_process_seqs] Processed 77698 reads in 7.700 CPU sec, 8.214 real sec
[M::process] read 82368 sequences (10000127 bp)...
[M::mem_process_seqs] Processed 81410 reads in 8.884 CPU sec, 9.560 real sec
[M::process] read 83522 sequences (10000038 bp)...
[M::mem_process_seqs] Processed 82368 reads in 10.012 CPU sec, 10.539 real sec
[M::process] read 81242 sequences (10000080 bp)...
[M::mem_process_seqs] Processed 83522 reads in 9.482 CPU sec, 10.122 real sec
[M::process] read 83504 sequences (10000017 bp)...
[M::mem_process_seqs] Processed 81242 reads in 12.124 CPU sec, 12.983 real sec
[M::process] read 82482 sequences (10000016 bp)...
[M::mem_process_seqs] Processed 83504 reads in 9.817 CPU sec, 10.139 real sec
[M::process] read 83220 sequences (10000155 bp)...
[M::mem_process_seqs] Processed 82482 reads in 9.305 CPU sec, 9.406 real sec
[M::process] read 83226 sequences (10000042 bp)...
[M::mem_process_seqs] Processed 83220 reads in 9.060 CPU sec, 9.295 real sec
[M::process] read 81348 sequences (10000100 bp)...
[M::mem_process_seqs] Processed 83226 reads in 9.264 CPU sec, 9.714 real sec
[M::process] read 36254 sequences (4371509 bp)...
[M::mem_process_seqs] Processed 81348 reads in 8.776 CPU sec, 8.796 real sec
[M::mem_process_seqs] Processed 36254 reads in 3.897 CPU sec, 4.545 real sec
[main] Version: 0.7.17-r1188
[main] CMD: bwa mem -L 5 -I 376.939,57.422,519,224 -t 1 -a -M -T 30 -A 1 -B 4 -O 6 -R @RG\tID:Sde-AMat_030-SdA01030-L2-clmp-fp2-repr\tSM:Sde-AMat_030-SdA01030-L2-clmp-fp2-repr\tPL:Illumina reference.rad.D-3-3-probes4development-noMSATS-noNNNN-224-519bp-0-8TGCAGG-lessthan2indelsof3nt.fasta Sde-AMat_030-SdA01030-L2-clmp-fp2-repr.R1.fq.gz Sde-AMat_030-SdA01030-L2-clmp-fp2-repr.R2.fq.gz
[main] Real time: 613.220 sec; CPU: 580.554 sec
