[M::main_mem] mean insert size: 376.939, stddev: 57.422, max: 519, min: 224
[M::bwa_idx_load_from_disk] read 0 ALT contigs
[M::process] read 71634 sequences (10000233 bp)...
[M::process] read 71692 sequences (10000274 bp)...
[M::mem_process_seqs] Processed 71634 reads in 8.519 CPU sec, 8.801 real sec
[M::process] read 71272 sequences (10000119 bp)...
[M::mem_process_seqs] Processed 71692 reads in 9.076 CPU sec, 9.191 real sec
[M::process] read 72078 sequences (10000010 bp)...
[M::mem_process_seqs] Processed 71272 reads in 8.227 CPU sec, 8.343 real sec
[M::process] read 71826 sequences (10000100 bp)...
[M::mem_process_seqs] Processed 72078 reads in 8.484 CPU sec, 8.428 real sec
[M::process] read 71778 sequences (10000284 bp)...
[M::mem_process_seqs] Processed 71826 reads in 8.798 CPU sec, 9.867 real sec
[M::process] read 73160 sequences (10000101 bp)...
[M::mem_process_seqs] Processed 71778 reads in 9.028 CPU sec, 9.690 real sec
[M::process] read 71666 sequences (10000093 bp)...
[M::mem_process_seqs] Processed 73160 reads in 9.085 CPU sec, 9.276 real sec
[M::process] read 71562 sequences (10000043 bp)...
[M::mem_process_seqs] Processed 71666 reads in 9.006 CPU sec, 9.216 real sec
[M::process] read 71900 sequences (10000037 bp)...
[M::mem_process_seqs] Processed 71562 reads in 8.824 CPU sec, 9.343 real sec
[M::process] read 71626 sequences (10000085 bp)...
[M::mem_process_seqs] Processed 71900 reads in 8.718 CPU sec, 8.928 real sec
[M::process] read 71836 sequences (10000251 bp)...
[M::mem_process_seqs] Processed 71626 reads in 8.878 CPU sec, 8.996 real sec
[M::process] read 71786 sequences (10000288 bp)...
[M::mem_process_seqs] Processed 71836 reads in 8.777 CPU sec, 9.676 real sec
[M::process] read 71308 sequences (10000234 bp)...
[M::mem_process_seqs] Processed 71786 reads in 8.883 CPU sec, 9.415 real sec
[M::process] read 74148 sequences (10000071 bp)...
[M::mem_process_seqs] Processed 71308 reads in 9.153 CPU sec, 9.213 real sec
[M::process] read 71446 sequences (10000290 bp)...
[M::mem_process_seqs] Processed 74148 reads in 8.660 CPU sec, 8.470 real sec
[M::process] read 71456 sequences (10000110 bp)...
[M::mem_process_seqs] Processed 71446 reads in 9.301 CPU sec, 9.648 real sec
[M::process] read 72012 sequences (10000011 bp)...
[M::mem_process_seqs] Processed 71456 reads in 9.142 CPU sec, 9.726 real sec
[M::process] read 71644 sequences (10000197 bp)...
[M::mem_process_seqs] Processed 72012 reads in 8.694 CPU sec, 9.481 real sec
[M::process] read 71668 sequences (10000269 bp)...
[M::mem_process_seqs] Processed 71644 reads in 9.388 CPU sec, 9.805 real sec
[M::process] read 71636 sequences (10000104 bp)...
[M::mem_process_seqs] Processed 71668 reads in 8.991 CPU sec, 9.322 real sec
[M::process] read 71222 sequences (10000228 bp)...
[M::mem_process_seqs] Processed 71636 reads in 9.301 CPU sec, 9.840 real sec
[M::process] read 71456 sequences (10000058 bp)...
[M::mem_process_seqs] Processed 71222 reads in 9.213 CPU sec, 9.929 real sec
[M::process] read 71330 sequences (10000257 bp)...
[M::mem_process_seqs] Processed 71456 reads in 8.874 CPU sec, 9.195 real sec
[M::process] read 72252 sequences (10000090 bp)...
[M::mem_process_seqs] Processed 71330 reads in 8.604 CPU sec, 8.523 real sec
[M::process] read 71724 sequences (10000158 bp)...
[M::mem_process_seqs] Processed 72252 reads in 8.681 CPU sec, 9.377 real sec
[M::process] read 71658 sequences (10000298 bp)...
[M::mem_process_seqs] Processed 71724 reads in 8.984 CPU sec, 9.211 real sec
[M::process] read 71748 sequences (10000210 bp)...
[M::mem_process_seqs] Processed 71658 reads in 9.101 CPU sec, 9.089 real sec
[M::process] read 70348 sequences (10000020 bp)...
[M::mem_process_seqs] Processed 71748 reads in 8.533 CPU sec, 8.696 real sec
[M::process] read 71534 sequences (10000135 bp)...
[M::mem_process_seqs] Processed 70348 reads in 6.880 CPU sec, 7.377 real sec
[M::process] read 71612 sequences (10000089 bp)...
[M::mem_process_seqs] Processed 71534 reads in 8.939 CPU sec, 9.489 real sec
[M::process] read 71790 sequences (10000221 bp)...
[M::mem_process_seqs] Processed 71612 reads in 8.849 CPU sec, 8.922 real sec
[M::process] read 71902 sequences (10000046 bp)...
[M::mem_process_seqs] Processed 71790 reads in 8.655 CPU sec, 9.200 real sec
[M::process] read 71988 sequences (10000289 bp)...
[M::mem_process_seqs] Processed 71902 reads in 9.071 CPU sec, 9.234 real sec
[M::process] read 72356 sequences (10000226 bp)...
[M::mem_process_seqs] Processed 71988 reads in 8.710 CPU sec, 9.415 real sec
[M::process] read 71838 sequences (10000152 bp)...
[M::mem_process_seqs] Processed 72356 reads in 8.553 CPU sec, 9.172 real sec
[M::process] read 71710 sequences (10000082 bp)...
[M::mem_process_seqs] Processed 71838 reads in 8.909 CPU sec, 9.294 real sec
[M::process] read 71730 sequences (10000216 bp)...
[M::mem_process_seqs] Processed 71710 reads in 9.092 CPU sec, 9.793 real sec
[M::process] read 71724 sequences (10000060 bp)...
[M::mem_process_seqs] Processed 71730 reads in 8.620 CPU sec, 8.954 real sec
[M::process] read 71598 sequences (10000252 bp)...
[M::mem_process_seqs] Processed 71724 reads in 8.681 CPU sec, 8.836 real sec
[M::process] read 70834 sequences (10000257 bp)...
[M::mem_process_seqs] Processed 71598 reads in 7.988 CPU sec, 8.083 real sec
[M::process] read 71518 sequences (10000219 bp)...
[M::mem_process_seqs] Processed 70834 reads in 10.961 CPU sec, 11.732 real sec
[M::process] read 71050 sequences (10000074 bp)...
[M::mem_process_seqs] Processed 71518 reads in 9.264 CPU sec, 9.891 real sec
[M::process] read 71748 sequences (10000187 bp)...
[M::mem_process_seqs] Processed 71050 reads in 9.857 CPU sec, 10.435 real sec
[M::process] read 71806 sequences (10000198 bp)...
[M::mem_process_seqs] Processed 71748 reads in 9.025 CPU sec, 9.372 real sec
[M::process] read 71580 sequences (10000166 bp)...
[M::mem_process_seqs] Processed 71806 reads in 8.921 CPU sec, 9.590 real sec
[M::process] read 71666 sequences (10000127 bp)...
[M::mem_process_seqs] Processed 71580 reads in 8.911 CPU sec, 9.451 real sec
[M::process] read 71722 sequences (10000237 bp)...
[M::mem_process_seqs] Processed 71666 reads in 9.247 CPU sec, 9.442 real sec
[M::process] read 71490 sequences (10000123 bp)...
[M::mem_process_seqs] Processed 71722 reads in 8.598 CPU sec, 9.076 real sec
[M::process] read 71700 sequences (10000253 bp)...
[M::mem_process_seqs] Processed 71490 reads in 8.937 CPU sec, 9.370 real sec
[M::process] read 71380 sequences (10000251 bp)...
[M::mem_process_seqs] Processed 71700 reads in 8.502 CPU sec, 8.789 real sec
[M::process] read 71984 sequences (10000013 bp)...
[M::mem_process_seqs] Processed 71380 reads in 8.636 CPU sec, 9.093 real sec
[M::process] read 71728 sequences (10000052 bp)...
[M::mem_process_seqs] Processed 71984 reads in 8.735 CPU sec, 9.323 real sec
[M::process] read 71306 sequences (10000159 bp)...
[M::mem_process_seqs] Processed 71728 reads in 8.999 CPU sec, 9.148 real sec
[M::process] read 71958 sequences (10000085 bp)...
[M::mem_process_seqs] Processed 71306 reads in 11.532 CPU sec, 11.546 real sec
[M::process] read 71380 sequences (10000109 bp)...
[M::mem_process_seqs] Processed 71958 reads in 8.715 CPU sec, 8.912 real sec
[M::process] read 71728 sequences (10000280 bp)...
[M::mem_process_seqs] Processed 71380 reads in 8.869 CPU sec, 9.099 real sec
[M::process] read 71646 sequences (10000160 bp)...
[M::mem_process_seqs] Processed 71728 reads in 8.967 CPU sec, 9.021 real sec
[M::process] read 71310 sequences (10000116 bp)...
[M::mem_process_seqs] Processed 71646 reads in 8.836 CPU sec, 8.770 real sec
[M::process] read 71226 sequences (10000104 bp)...
[M::mem_process_seqs] Processed 71310 reads in 8.346 CPU sec, 8.268 real sec
[M::process] read 71422 sequences (10000020 bp)...
[M::mem_process_seqs] Processed 71226 reads in 8.726 CPU sec, 9.126 real sec
[M::process] read 71568 sequences (10000246 bp)...
[M::mem_process_seqs] Processed 71422 reads in 7.658 CPU sec, 7.616 real sec
[M::process] read 71300 sequences (10000017 bp)...
[M::mem_process_seqs] Processed 71568 reads in 8.199 CPU sec, 8.531 real sec
[M::process] read 70858 sequences (10000017 bp)...
[M::mem_process_seqs] Processed 71300 reads in 8.854 CPU sec, 9.119 real sec
[M::process] read 71694 sequences (10000122 bp)...
[M::mem_process_seqs] Processed 70858 reads in 7.560 CPU sec, 8.122 real sec
[M::process] read 71516 sequences (10000097 bp)...
[M::mem_process_seqs] Processed 71694 reads in 8.664 CPU sec, 8.863 real sec
[M::process] read 71328 sequences (10000256 bp)...
[M::mem_process_seqs] Processed 71516 reads in 8.889 CPU sec, 9.118 real sec
[M::process] read 71870 sequences (10000017 bp)...
[M::mem_process_seqs] Processed 71328 reads in 8.650 CPU sec, 8.667 real sec
[M::process] read 71928 sequences (10000169 bp)...
[M::mem_process_seqs] Processed 71870 reads in 9.576 CPU sec, 10.014 real sec
[M::process] read 71672 sequences (10000073 bp)...
[M::mem_process_seqs] Processed 71928 reads in 9.330 CPU sec, 10.511 real sec
[M::process] read 71394 sequences (10000232 bp)...
[M::mem_process_seqs] Processed 71672 reads in 10.643 CPU sec, 11.378 real sec
[M::process] read 72272 sequences (10000161 bp)...
[M::mem_process_seqs] Processed 71394 reads in 9.041 CPU sec, 9.285 real sec
[M::process] read 72036 sequences (10000173 bp)...
[M::mem_process_seqs] Processed 72272 reads in 8.652 CPU sec, 9.213 real sec
[M::process] read 71698 sequences (10000082 bp)...
[M::mem_process_seqs] Processed 72036 reads in 8.738 CPU sec, 9.008 real sec
[M::process] read 71646 sequences (10000073 bp)...
[M::mem_process_seqs] Processed 71698 reads in 8.637 CPU sec, 8.917 real sec
[M::process] read 71242 sequences (10000131 bp)...
[M::mem_process_seqs] Processed 71646 reads in 8.997 CPU sec, 9.344 real sec
[M::process] read 61908 sequences (8597387 bp)...
[M::mem_process_seqs] Processed 71242 reads in 8.289 CPU sec, 8.458 real sec
[M::mem_process_seqs] Processed 61908 reads in 7.535 CPU sec, 8.113 real sec
[main] Version: 0.7.17-r1188
[main] CMD: bwa mem -L 5 -I 376.939,57.422,519,224 -t 1 -a -M -T 30 -A 1 -B 4 -O 6 -R @RG\tID:Sde-CMat_047-SdC01047-L2-clmp-fp2-repr\tSM:Sde-CMat_047-SdC01047-L2-clmp-fp2-repr\tPL:Illumina reference.rad.D-3-3-probes4development-noMSATS-noNNNN-224-519bp-0-8TGCAGG-lessthan2indelsof3nt.fasta Sde-CMat_047-SdC01047-L2-clmp-fp2-repr.R1.fq.gz Sde-CMat_047-SdC01047-L2-clmp-fp2-repr.R2.fq.gz
[main] Real time: 712.537 sec; CPU: 682.759 sec
