[M::main_mem] mean insert size: 376.939, stddev: 57.422, max: 519, min: 224
[M::bwa_idx_load_from_disk] read 0 ALT contigs
[M::process] read 83374 sequences (10000157 bp)...
[M::process] read 79508 sequences (10000216 bp)...
[M::mem_process_seqs] Processed 83374 reads in 8.689 CPU sec, 8.983 real sec
[M::process] read 81194 sequences (10000063 bp)...
[M::mem_process_seqs] Processed 79508 reads in 7.858 CPU sec, 8.239 real sec
[M::process] read 84640 sequences (10000297 bp)...
[M::mem_process_seqs] Processed 81194 reads in 7.855 CPU sec, 8.361 real sec
[M::process] read 84822 sequences (10000232 bp)...
[M::mem_process_seqs] Processed 84640 reads in 9.160 CPU sec, 9.286 real sec
[M::process] read 81254 sequences (10000008 bp)...
[M::mem_process_seqs] Processed 84822 reads in 8.991 CPU sec, 9.032 real sec
[M::process] read 84402 sequences (10000060 bp)...
[M::mem_process_seqs] Processed 81254 reads in 8.454 CPU sec, 8.575 real sec
[M::process] read 84968 sequences (10000212 bp)...
[M::mem_process_seqs] Processed 84402 reads in 9.576 CPU sec, 9.514 real sec
[M::process] read 84934 sequences (10000122 bp)...
[M::mem_process_seqs] Processed 84968 reads in 8.771 CPU sec, 8.586 real sec
[M::process] read 83124 sequences (10000134 bp)...
[M::mem_process_seqs] Processed 84934 reads in 9.011 CPU sec, 9.391 real sec
[M::process] read 84072 sequences (10000018 bp)...
[M::mem_process_seqs] Processed 83124 reads in 9.355 CPU sec, 9.939 real sec
[M::process] read 85048 sequences (10000121 bp)...
[M::mem_process_seqs] Processed 84072 reads in 9.279 CPU sec, 9.517 real sec
[M::process] read 83454 sequences (10000285 bp)...
[M::mem_process_seqs] Processed 85048 reads in 9.047 CPU sec, 9.104 real sec
[M::process] read 84490 sequences (10000145 bp)...
[M::mem_process_seqs] Processed 83454 reads in 10.182 CPU sec, 9.961 real sec
[M::process] read 83808 sequences (10000211 bp)...
[M::mem_process_seqs] Processed 84490 reads in 9.713 CPU sec, 10.714 real sec
[M::process] read 82778 sequences (10000187 bp)...
[M::mem_process_seqs] Processed 83808 reads in 9.297 CPU sec, 9.815 real sec
[M::process] read 78256 sequences (10000042 bp)...
[M::mem_process_seqs] Processed 82778 reads in 8.741 CPU sec, 9.096 real sec
[M::process] read 82872 sequences (10000142 bp)...
[M::mem_process_seqs] Processed 78256 reads in 6.557 CPU sec, 6.283 real sec
[M::process] read 84180 sequences (10000178 bp)...
[M::mem_process_seqs] Processed 82872 reads in 7.993 CPU sec, 8.137 real sec
[M::process] read 83256 sequences (10000202 bp)...
[M::mem_process_seqs] Processed 84180 reads in 9.418 CPU sec, 9.605 real sec
[M::process] read 72206 sequences (10000265 bp)...
[M::mem_process_seqs] Processed 83256 reads in 8.654 CPU sec, 8.814 real sec
[M::process] read 72010 sequences (10000017 bp)...
[M::mem_process_seqs] Processed 72206 reads in 5.912 CPU sec, 5.928 real sec
[M::process] read 78468 sequences (10000043 bp)...
[M::mem_process_seqs] Processed 72010 reads in 5.802 CPU sec, 5.892 real sec
[M::process] read 84876 sequences (10000222 bp)...
[M::mem_process_seqs] Processed 78468 reads in 6.914 CPU sec, 7.498 real sec
[M::process] read 81888 sequences (10000229 bp)...
[M::mem_process_seqs] Processed 84876 reads in 8.961 CPU sec, 9.361 real sec
[M::process] read 83648 sequences (10000266 bp)...
[M::mem_process_seqs] Processed 81888 reads in 8.598 CPU sec, 8.780 real sec
[M::process] read 80608 sequences (10000044 bp)...
[M::mem_process_seqs] Processed 83648 reads in 8.697 CPU sec, 9.155 real sec
[M::process] read 84304 sequences (10000178 bp)...
[M::mem_process_seqs] Processed 80608 reads in 7.688 CPU sec, 7.974 real sec
[M::process] read 82792 sequences (10000003 bp)...
[M::mem_process_seqs] Processed 84304 reads in 9.111 CPU sec, 9.307 real sec
[M::process] read 76858 sequences (10000262 bp)...
[M::mem_process_seqs] Processed 82792 reads in 8.600 CPU sec, 9.255 real sec
[M::process] read 79612 sequences (10000186 bp)...
[M::mem_process_seqs] Processed 76858 reads in 6.957 CPU sec, 7.249 real sec
[M::process] read 83922 sequences (10000016 bp)...
[M::mem_process_seqs] Processed 79612 reads in 9.600 CPU sec, 9.709 real sec
[M::process] read 83444 sequences (10000062 bp)...
[M::mem_process_seqs] Processed 83922 reads in 8.807 CPU sec, 8.780 real sec
[M::process] read 84904 sequences (10000091 bp)...
[M::mem_process_seqs] Processed 83444 reads in 10.892 CPU sec, 11.356 real sec
[M::process] read 85142 sequences (10000079 bp)...
[M::mem_process_seqs] Processed 84904 reads in 9.771 CPU sec, 10.281 real sec
[M::process] read 83476 sequences (10000131 bp)...
[M::mem_process_seqs] Processed 85142 reads in 9.323 CPU sec, 9.830 real sec
[M::process] read 84522 sequences (10000130 bp)...
[M::mem_process_seqs] Processed 83476 reads in 9.690 CPU sec, 10.033 real sec
[M::process] read 83586 sequences (10000262 bp)...
[M::mem_process_seqs] Processed 84522 reads in 9.235 CPU sec, 9.554 real sec
[M::process] read 84732 sequences (10000132 bp)...
[M::mem_process_seqs] Processed 83586 reads in 8.874 CPU sec, 9.195 real sec
[M::process] read 83612 sequences (10000050 bp)...
[M::mem_process_seqs] Processed 84732 reads in 9.271 CPU sec, 9.482 real sec
[M::process] read 84424 sequences (10000063 bp)...
[M::mem_process_seqs] Processed 83612 reads in 12.621 CPU sec, 13.128 real sec
[M::process] read 83990 sequences (10000113 bp)...
[M::mem_process_seqs] Processed 84424 reads in 9.157 CPU sec, 9.520 real sec
[M::process] read 80874 sequences (10000260 bp)...
[M::mem_process_seqs] Processed 83990 reads in 8.927 CPU sec, 9.211 real sec
[M::process] read 78764 sequences (10000133 bp)...
[M::mem_process_seqs] Processed 80874 reads in 8.146 CPU sec, 8.757 real sec
[M::process] read 74880 sequences (10000266 bp)...
[M::mem_process_seqs] Processed 78764 reads in 7.716 CPU sec, 7.916 real sec
[M::process] read 81092 sequences (10000221 bp)...
[M::mem_process_seqs] Processed 74880 reads in 6.424 CPU sec, 6.282 real sec
[M::process] read 82858 sequences (10000146 bp)...
[M::mem_process_seqs] Processed 81092 reads in 8.287 CPU sec, 8.488 real sec
[M::process] read 74458 sequences (10000291 bp)...
[M::mem_process_seqs] Processed 82858 reads in 8.987 CPU sec, 9.178 real sec
[M::process] read 73844 sequences (10000174 bp)...
[M::mem_process_seqs] Processed 74458 reads in 6.606 CPU sec, 6.834 real sec
[M::process] read 81312 sequences (10000188 bp)...
[M::mem_process_seqs] Processed 73844 reads in 6.380 CPU sec, 6.243 real sec
[M::process] read 83594 sequences (10000030 bp)...
[M::mem_process_seqs] Processed 81312 reads in 8.121 CPU sec, 8.704 real sec
[M::process] read 84514 sequences (10000006 bp)...
[M::mem_process_seqs] Processed 83594 reads in 9.640 CPU sec, 9.661 real sec
[M::process] read 82930 sequences (10000037 bp)...
[M::mem_process_seqs] Processed 84514 reads in 9.303 CPU sec, 9.527 real sec
[M::process] read 83950 sequences (10000099 bp)...
[M::mem_process_seqs] Processed 82930 reads in 11.208 CPU sec, 11.295 real sec
[M::process] read 84118 sequences (10000026 bp)...
[M::mem_process_seqs] Processed 83950 reads in 8.691 CPU sec, 9.004 real sec
[M::process] read 84656 sequences (10000030 bp)...
[M::mem_process_seqs] Processed 84118 reads in 8.596 CPU sec, 8.610 real sec
[M::process] read 81162 sequences (10000105 bp)...
[M::mem_process_seqs] Processed 84656 reads in 8.946 CPU sec, 9.887 real sec
[M::process] read 23748 sequences (2873700 bp)...
[M::mem_process_seqs] Processed 81162 reads in 8.203 CPU sec, 8.542 real sec
[M::mem_process_seqs] Processed 23748 reads in 2.335 CPU sec, 2.498 real sec
[main] Version: 0.7.17-r1188
[main] CMD: bwa mem -L 5 -I 376.939,57.422,519,224 -t 1 -a -M -T 30 -A 1 -B 4 -O 6 -R @RG\tID:Sde-AMat_064-SdA01064-L2-clmp-fp2-repr\tSM:Sde-AMat_064-SdA01064-L2-clmp-fp2-repr\tPL:Illumina reference.rad.D-3-3-probes4development-noMSATS-noNNNN-224-519bp-0-8TGCAGG-lessthan2indelsof3nt.fasta Sde-AMat_064-SdA01064-L2-clmp-fp2-repr.R1.fq.gz Sde-AMat_064-SdA01064-L2-clmp-fp2-repr.R2.fq.gz
[main] Real time: 517.928 sec; CPU: 497.918 sec
