[M::main_mem] mean insert size: 376.939, stddev: 57.422, max: 519, min: 224
[M::bwa_idx_load_from_disk] read 0 ALT contigs
[M::process] read 81976 sequences (10000160 bp)...
[M::process] read 82138 sequences (10000189 bp)...
[M::mem_process_seqs] Processed 81976 reads in 7.369 CPU sec, 7.293 real sec
[M::process] read 81720 sequences (10000086 bp)...
[M::mem_process_seqs] Processed 82138 reads in 7.730 CPU sec, 8.326 real sec
[M::process] read 81796 sequences (10000150 bp)...
[M::mem_process_seqs] Processed 81720 reads in 7.459 CPU sec, 7.911 real sec
[M::process] read 81892 sequences (10000234 bp)...
[M::mem_process_seqs] Processed 81796 reads in 7.500 CPU sec, 7.916 real sec
[M::process] read 81934 sequences (10000174 bp)...
[M::mem_process_seqs] Processed 81892 reads in 7.575 CPU sec, 7.892 real sec
[M::process] read 81748 sequences (10000167 bp)...
[M::mem_process_seqs] Processed 81934 reads in 7.553 CPU sec, 8.014 real sec
[M::process] read 33156 sequences (4053903 bp)...
[M::mem_process_seqs] Processed 81748 reads in 7.446 CPU sec, 7.869 real sec
[M::mem_process_seqs] Processed 33156 reads in 3.142 CPU sec, 3.639 real sec
[main] Version: 0.7.17-r1188
[main] CMD: bwa mem -L 5 -I 376.939,57.422,519,224 -t 1 -a -M -T 30 -A 1 -B 4 -O 6 -R @RG\tID:Sde-AMar_027-SdA02027-L2-clmp-fp2-repr\tSM:Sde-AMar_027-SdA02027-L2-clmp-fp2-repr\tPL:Illumina reference.rad.D-3-3-probes4development-noMSATS-noNNNN-224-519bp-0-8TGCAGG-lessthan2indelsof3nt.fasta Sde-AMar_027-SdA02027-L2-clmp-fp2-repr.R1.fq.gz Sde-AMar_027-SdA02027-L2-clmp-fp2-repr.R2.fq.gz
[main] Real time: 61.036 sec; CPU: 56.202 sec
