[M::main_mem] mean insert size: 376.939, stddev: 57.422, max: 519, min: 224
[M::bwa_idx_load_from_disk] read 0 ALT contigs
[M::process] read 83758 sequences (10000174 bp)...
[M::process] read 85366 sequences (10000203 bp)...
[M::mem_process_seqs] Processed 83758 reads in 8.834 CPU sec, 8.681 real sec
[M::process] read 74488 sequences (10000132 bp)...
[M::mem_process_seqs] Processed 85366 reads in 9.011 CPU sec, 8.882 real sec
[M::process] read 84564 sequences (10000018 bp)...
[M::mem_process_seqs] Processed 74488 reads in 6.440 CPU sec, 6.595 real sec
[M::process] read 86084 sequences (10000114 bp)...
[M::mem_process_seqs] Processed 84564 reads in 7.972 CPU sec, 8.221 real sec
[M::process] read 85448 sequences (10000017 bp)...
[M::mem_process_seqs] Processed 86084 reads in 9.201 CPU sec, 9.457 real sec
[M::process] read 85066 sequences (10000030 bp)...
[M::mem_process_seqs] Processed 85448 reads in 9.673 CPU sec, 9.887 real sec
[M::process] read 82108 sequences (10000119 bp)...
[M::mem_process_seqs] Processed 85066 reads in 8.997 CPU sec, 9.226 real sec
[M::process] read 85614 sequences (10000023 bp)...
[M::mem_process_seqs] Processed 82108 reads in 8.731 CPU sec, 8.794 real sec
[M::process] read 85932 sequences (10000108 bp)...
[M::mem_process_seqs] Processed 85614 reads in 10.778 CPU sec, 10.928 real sec
[M::process] read 86084 sequences (10000116 bp)...
[M::mem_process_seqs] Processed 85932 reads in 9.249 CPU sec, 9.257 real sec
[M::process] read 83884 sequences (10000106 bp)...
[M::mem_process_seqs] Processed 86084 reads in 9.137 CPU sec, 9.238 real sec
[M::process] read 85810 sequences (10000108 bp)...
[M::mem_process_seqs] Processed 83884 reads in 8.843 CPU sec, 9.183 real sec
[M::process] read 84686 sequences (10000032 bp)...
[M::mem_process_seqs] Processed 85810 reads in 10.545 CPU sec, 11.365 real sec
[M::process] read 85772 sequences (10000014 bp)...
[M::mem_process_seqs] Processed 84686 reads in 9.323 CPU sec, 9.802 real sec
[M::process] read 85890 sequences (10000136 bp)...
[M::mem_process_seqs] Processed 85772 reads in 9.370 CPU sec, 9.471 real sec
[M::process] read 84706 sequences (10000011 bp)...
[M::mem_process_seqs] Processed 85890 reads in 9.729 CPU sec, 10.493 real sec
[M::process] read 85896 sequences (10000059 bp)...
[M::mem_process_seqs] Processed 84706 reads in 10.489 CPU sec, 10.748 real sec
[M::process] read 84460 sequences (10000155 bp)...
[M::mem_process_seqs] Processed 85896 reads in 10.389 CPU sec, 10.565 real sec
[M::process] read 82668 sequences (10000152 bp)...
[M::mem_process_seqs] Processed 84460 reads in 9.853 CPU sec, 9.846 real sec
[M::process] read 86370 sequences (10000189 bp)...
[M::mem_process_seqs] Processed 82668 reads in 9.235 CPU sec, 10.069 real sec
[M::process] read 77308 sequences (10000210 bp)...
[M::mem_process_seqs] Processed 86370 reads in 9.304 CPU sec, 9.698 real sec
[M::process] read 81376 sequences (10000012 bp)...
[M::mem_process_seqs] Processed 77308 reads in 5.847 CPU sec, 6.862 real sec
[M::process] read 85396 sequences (10000279 bp)...
[M::mem_process_seqs] Processed 81376 reads in 7.084 CPU sec, 6.994 real sec
[M::process] read 85626 sequences (10000009 bp)...
[M::mem_process_seqs] Processed 85396 reads in 9.690 CPU sec, 10.081 real sec
[M::process] read 83552 sequences (10000141 bp)...
[M::mem_process_seqs] Processed 85626 reads in 9.479 CPU sec, 9.266 real sec
[M::process] read 72266 sequences (10000276 bp)...
[M::mem_process_seqs] Processed 83552 reads in 9.280 CPU sec, 10.227 real sec
[M::process] read 75288 sequences (10000035 bp)...
[M::mem_process_seqs] Processed 72266 reads in 6.225 CPU sec, 6.419 real sec
[M::process] read 71290 sequences (10000045 bp)...
[M::mem_process_seqs] Processed 75288 reads in 5.777 CPU sec, 6.001 real sec
[M::process] read 76442 sequences (10000143 bp)...
[M::mem_process_seqs] Processed 71290 reads in 5.808 CPU sec, 5.899 real sec
[M::process] read 84660 sequences (10000014 bp)...
[M::mem_process_seqs] Processed 76442 reads in 5.832 CPU sec, 5.817 real sec
[M::process] read 82218 sequences (10000226 bp)...
[M::mem_process_seqs] Processed 84660 reads in 8.829 CPU sec, 9.152 real sec
[M::process] read 84850 sequences (10000192 bp)...
[M::mem_process_seqs] Processed 82218 reads in 8.201 CPU sec, 8.616 real sec
[M::process] read 85140 sequences (10000094 bp)...
[M::mem_process_seqs] Processed 84850 reads in 9.395 CPU sec, 9.562 real sec
[M::process] read 83044 sequences (10000008 bp)...
[M::mem_process_seqs] Processed 85140 reads in 8.986 CPU sec, 9.467 real sec
[M::process] read 80426 sequences (10000238 bp)...
[M::mem_process_seqs] Processed 83044 reads in 9.146 CPU sec, 9.264 real sec
[M::process] read 86238 sequences (10000005 bp)...
[M::mem_process_seqs] Processed 80426 reads in 7.581 CPU sec, 7.759 real sec
[M::process] read 83704 sequences (10000058 bp)...
[M::mem_process_seqs] Processed 86238 reads in 8.964 CPU sec, 8.978 real sec
[M::process] read 82618 sequences (10000295 bp)...
[M::mem_process_seqs] Processed 83704 reads in 8.588 CPU sec, 8.742 real sec
[M::process] read 72806 sequences (10000078 bp)...
[M::mem_process_seqs] Processed 82618 reads in 7.769 CPU sec, 7.838 real sec
[M::process] read 81440 sequences (10000043 bp)...
[M::mem_process_seqs] Processed 72806 reads in 5.852 CPU sec, 5.841 real sec
[M::process] read 84726 sequences (10000205 bp)...
[M::mem_process_seqs] Processed 81440 reads in 11.023 CPU sec, 11.316 real sec
[M::process] read 83220 sequences (10000154 bp)...
[M::mem_process_seqs] Processed 84726 reads in 9.293 CPU sec, 9.679 real sec
[M::process] read 86288 sequences (10000020 bp)...
[M::mem_process_seqs] Processed 83220 reads in 11.708 CPU sec, 11.924 real sec
[M::process] read 85676 sequences (10000157 bp)...
[M::mem_process_seqs] Processed 86288 reads in 9.578 CPU sec, 10.312 real sec
[M::process] read 86766 sequences (10000184 bp)...
[M::mem_process_seqs] Processed 85676 reads in 9.854 CPU sec, 10.037 real sec
[M::process] read 83992 sequences (10000175 bp)...
[M::mem_process_seqs] Processed 86766 reads in 9.889 CPU sec, 10.072 real sec
[M::process] read 85396 sequences (10000279 bp)...
[M::mem_process_seqs] Processed 83992 reads in 9.786 CPU sec, 9.894 real sec
[M::process] read 84574 sequences (10000024 bp)...
[M::mem_process_seqs] Processed 85396 reads in 8.892 CPU sec, 9.018 real sec
[M::process] read 84990 sequences (10000119 bp)...
[M::mem_process_seqs] Processed 84574 reads in 8.724 CPU sec, 9.382 real sec
[M::process] read 86380 sequences (10000198 bp)...
[M::mem_process_seqs] Processed 84990 reads in 8.883 CPU sec, 9.195 real sec
[M::process] read 83216 sequences (10000082 bp)...
[M::mem_process_seqs] Processed 86380 reads in 9.641 CPU sec, 10.123 real sec
[M::process] read 85326 sequences (10000086 bp)...
[M::mem_process_seqs] Processed 83216 reads in 14.517 CPU sec, 15.432 real sec
[M::process] read 86506 sequences (10000212 bp)...
[M::mem_process_seqs] Processed 85326 reads in 9.468 CPU sec, 9.588 real sec
[M::process] read 85374 sequences (10000070 bp)...
[M::mem_process_seqs] Processed 86506 reads in 9.341 CPU sec, 9.494 real sec
[M::process] read 81112 sequences (10000212 bp)...
[M::mem_process_seqs] Processed 85374 reads in 8.634 CPU sec, 8.879 real sec
[M::process] read 84996 sequences (10000017 bp)...
[M::mem_process_seqs] Processed 81112 reads in 7.891 CPU sec, 8.210 real sec
[M::process] read 74946 sequences (10000044 bp)...
[M::mem_process_seqs] Processed 84996 reads in 9.231 CPU sec, 9.699 real sec
[M::process] read 73646 sequences (10000136 bp)...
[M::mem_process_seqs] Processed 74946 reads in 6.420 CPU sec, 6.690 real sec
[M::process] read 83488 sequences (10000056 bp)...
[M::mem_process_seqs] Processed 73646 reads in 5.947 CPU sec, 6.419 real sec
[M::process] read 80630 sequences (10000195 bp)...
[M::mem_process_seqs] Processed 83488 reads in 8.581 CPU sec, 9.033 real sec
[M::process] read 83770 sequences (10000008 bp)...
[M::mem_process_seqs] Processed 80630 reads in 7.553 CPU sec, 8.046 real sec
[M::process] read 75154 sequences (10000223 bp)...
[M::mem_process_seqs] Processed 83770 reads in 9.576 CPU sec, 9.888 real sec
[M::process] read 71890 sequences (10000057 bp)...
[M::mem_process_seqs] Processed 75154 reads in 6.718 CPU sec, 7.019 real sec
[M::process] read 79330 sequences (10000144 bp)...
[M::mem_process_seqs] Processed 71890 reads in 5.832 CPU sec, 6.770 real sec
[M::process] read 80518 sequences (10000149 bp)...
[M::mem_process_seqs] Processed 79330 reads in 6.951 CPU sec, 7.326 real sec
[M::process] read 84034 sequences (10000124 bp)...
[M::mem_process_seqs] Processed 80518 reads in 7.598 CPU sec, 7.772 real sec
[M::process] read 85468 sequences (10000124 bp)...
[M::mem_process_seqs] Processed 84034 reads in 9.668 CPU sec, 9.898 real sec
[M::process] read 82314 sequences (10000132 bp)...
[M::mem_process_seqs] Processed 85468 reads in 9.486 CPU sec, 9.875 real sec
[M::process] read 85876 sequences (10000272 bp)...
[M::mem_process_seqs] Processed 82314 reads in 12.449 CPU sec, 12.969 real sec
[M::process] read 83880 sequences (10000144 bp)...
[M::mem_process_seqs] Processed 85876 reads in 9.806 CPU sec, 10.016 real sec
[M::process] read 84996 sequences (10000272 bp)...
[M::mem_process_seqs] Processed 83880 reads in 8.488 CPU sec, 8.574 real sec
[M::process] read 85410 sequences (10000009 bp)...
[M::mem_process_seqs] Processed 84996 reads in 9.000 CPU sec, 9.340 real sec
[M::process] read 85586 sequences (10000195 bp)...
[M::mem_process_seqs] Processed 85410 reads in 9.109 CPU sec, 9.439 real sec
[M::process] read 80356 sequences (10000057 bp)...
[M::mem_process_seqs] Processed 85586 reads in 9.414 CPU sec, 9.509 real sec
[M::process] read 38780 sequences (4590498 bp)...
[M::mem_process_seqs] Processed 80356 reads in 8.245 CPU sec, 8.353 real sec
[M::mem_process_seqs] Processed 38780 reads in 3.847 CPU sec, 3.895 real sec
[main] Version: 0.7.17-r1188
[main] CMD: bwa mem -L 5 -I 376.939,57.422,519,224 -t 1 -a -M -T 30 -A 1 -B 4 -O 6 -R @RG\tID:Sde-AMat_075-SdA01075-L2-clmp-fp2-repr\tSM:Sde-AMat_075-SdA01075-L2-clmp-fp2-repr\tPL:Illumina reference.rad.D-3-3-probes4development-noMSATS-noNNNN-224-519bp-0-8TGCAGG-lessthan2indelsof3nt.fasta Sde-AMat_075-SdA01075-L2-clmp-fp2-repr.R1.fq.gz Sde-AMat_075-SdA01075-L2-clmp-fp2-repr.R2.fq.gz
[main] Real time: 689.232 sec; CPU: 664.906 sec
