[M::main_mem] mean insert size: 376.939, stddev: 57.422, max: 519, min: 224
[M::bwa_idx_load_from_disk] read 0 ALT contigs
[M::process] read 70882 sequences (10000007 bp)...
[M::process] read 70948 sequences (10000156 bp)...
[M::mem_process_seqs] Processed 70882 reads in 8.514 CPU sec, 8.599 real sec
[M::process] read 71186 sequences (10000046 bp)...
[M::mem_process_seqs] Processed 70948 reads in 8.202 CPU sec, 8.531 real sec
[M::process] read 70916 sequences (10000141 bp)...
[M::mem_process_seqs] Processed 71186 reads in 8.627 CPU sec, 8.754 real sec
[M::process] read 71454 sequences (10000070 bp)...
[M::mem_process_seqs] Processed 70916 reads in 8.750 CPU sec, 9.337 real sec
[M::process] read 70922 sequences (10000167 bp)...
[M::mem_process_seqs] Processed 71454 reads in 8.909 CPU sec, 9.159 real sec
[M::process] read 70768 sequences (10000125 bp)...
[M::mem_process_seqs] Processed 70922 reads in 8.886 CPU sec, 9.412 real sec
[M::process] read 70956 sequences (10000217 bp)...
[M::mem_process_seqs] Processed 70768 reads in 9.083 CPU sec, 9.411 real sec
[M::process] read 70892 sequences (10000068 bp)...
[M::mem_process_seqs] Processed 70956 reads in 8.609 CPU sec, 8.567 real sec
[M::process] read 70606 sequences (10000154 bp)...
[M::mem_process_seqs] Processed 70892 reads in 9.081 CPU sec, 9.722 real sec
[M::process] read 74230 sequences (10000058 bp)...
[M::mem_process_seqs] Processed 70606 reads in 9.019 CPU sec, 9.430 real sec
[M::process] read 70580 sequences (10000028 bp)...
[M::mem_process_seqs] Processed 74230 reads in 8.450 CPU sec, 8.905 real sec
[M::process] read 70922 sequences (10000199 bp)...
[M::mem_process_seqs] Processed 70580 reads in 8.739 CPU sec, 9.192 real sec
[M::process] read 70978 sequences (10000128 bp)...
[M::mem_process_seqs] Processed 70922 reads in 8.918 CPU sec, 9.165 real sec
[M::process] read 70750 sequences (10000003 bp)...
[M::mem_process_seqs] Processed 70978 reads in 8.786 CPU sec, 8.862 real sec
[M::process] read 70608 sequences (10000122 bp)...
[M::mem_process_seqs] Processed 70750 reads in 8.906 CPU sec, 9.086 real sec
[M::process] read 70934 sequences (10000260 bp)...
[M::mem_process_seqs] Processed 70608 reads in 8.645 CPU sec, 9.188 real sec
[M::process] read 71238 sequences (10000120 bp)...
[M::mem_process_seqs] Processed 70934 reads in 8.911 CPU sec, 9.352 real sec
[M::process] read 70646 sequences (10000159 bp)...
[M::mem_process_seqs] Processed 71238 reads in 8.451 CPU sec, 8.874 real sec
[M::process] read 71114 sequences (10000201 bp)...
[M::mem_process_seqs] Processed 70646 reads in 9.084 CPU sec, 9.635 real sec
[M::process] read 70728 sequences (10000138 bp)...
[M::mem_process_seqs] Processed 71114 reads in 8.621 CPU sec, 8.945 real sec
[M::process] read 70796 sequences (10000117 bp)...
[M::mem_process_seqs] Processed 70728 reads in 7.562 CPU sec, 7.604 real sec
[M::process] read 71030 sequences (10000036 bp)...
[M::mem_process_seqs] Processed 70796 reads in 8.900 CPU sec, 9.351 real sec
[M::process] read 71732 sequences (10000167 bp)...
[M::mem_process_seqs] Processed 71030 reads in 8.415 CPU sec, 8.573 real sec
[M::process] read 71786 sequences (10000135 bp)...
[M::mem_process_seqs] Processed 71732 reads in 8.968 CPU sec, 9.418 real sec
[M::process] read 71680 sequences (10000046 bp)...
[M::mem_process_seqs] Processed 71786 reads in 8.284 CPU sec, 8.214 real sec
[M::process] read 70842 sequences (10000260 bp)...
[M::mem_process_seqs] Processed 71680 reads in 8.507 CPU sec, 9.208 real sec
[M::process] read 70888 sequences (10000086 bp)...
[M::mem_process_seqs] Processed 70842 reads in 9.031 CPU sec, 9.145 real sec
[M::process] read 70976 sequences (10000052 bp)...
[M::mem_process_seqs] Processed 70888 reads in 8.182 CPU sec, 8.474 real sec
[M::process] read 70380 sequences (10000137 bp)...
[M::mem_process_seqs] Processed 70976 reads in 8.212 CPU sec, 8.785 real sec
[M::process] read 70620 sequences (10000110 bp)...
[M::mem_process_seqs] Processed 70380 reads in 10.507 CPU sec, 11.076 real sec
[M::process] read 70916 sequences (10000212 bp)...
[M::mem_process_seqs] Processed 70620 reads in 9.575 CPU sec, 10.157 real sec
[M::process] read 70942 sequences (10000087 bp)...
[M::mem_process_seqs] Processed 70916 reads in 8.960 CPU sec, 9.559 real sec
[M::process] read 70692 sequences (10000283 bp)...
[M::mem_process_seqs] Processed 70942 reads in 8.957 CPU sec, 9.259 real sec
[M::process] read 70772 sequences (10000105 bp)...
[M::mem_process_seqs] Processed 70692 reads in 9.175 CPU sec, 10.024 real sec
[M::process] read 70652 sequences (10000087 bp)...
[M::mem_process_seqs] Processed 70772 reads in 8.971 CPU sec, 9.117 real sec
[M::process] read 70666 sequences (10000290 bp)...
[M::mem_process_seqs] Processed 70652 reads in 8.998 CPU sec, 9.473 real sec
[M::process] read 70946 sequences (10000145 bp)...
[M::mem_process_seqs] Processed 70666 reads in 9.130 CPU sec, 9.621 real sec
[M::process] read 70922 sequences (10000015 bp)...
[M::mem_process_seqs] Processed 70946 reads in 9.186 CPU sec, 9.628 real sec
[M::process] read 70786 sequences (10000145 bp)...
[M::mem_process_seqs] Processed 70922 reads in 10.250 CPU sec, 10.667 real sec
[M::process] read 70632 sequences (10000094 bp)...
[M::mem_process_seqs] Processed 70786 reads in 8.589 CPU sec, 9.312 real sec
[M::process] read 70934 sequences (10000024 bp)...
[M::mem_process_seqs] Processed 70632 reads in 9.107 CPU sec, 9.469 real sec
[M::process] read 70828 sequences (10000076 bp)...
[M::mem_process_seqs] Processed 70934 reads in 8.907 CPU sec, 9.604 real sec
[M::process] read 70968 sequences (10000176 bp)...
[M::mem_process_seqs] Processed 70828 reads in 8.267 CPU sec, 8.862 real sec
[M::process] read 70652 sequences (10000130 bp)...
[M::mem_process_seqs] Processed 70968 reads in 8.577 CPU sec, 9.194 real sec
[M::process] read 71026 sequences (10000166 bp)...
[M::mem_process_seqs] Processed 70652 reads in 8.527 CPU sec, 8.853 real sec
[M::process] read 70814 sequences (10000257 bp)...
[M::mem_process_seqs] Processed 71026 reads in 8.147 CPU sec, 8.170 real sec
[M::process] read 70666 sequences (10000071 bp)...
[M::mem_process_seqs] Processed 70814 reads in 8.750 CPU sec, 9.304 real sec
[M::process] read 70772 sequences (10000085 bp)...
[M::mem_process_seqs] Processed 70666 reads in 8.749 CPU sec, 9.050 real sec
[M::process] read 70750 sequences (10000029 bp)...
[M::mem_process_seqs] Processed 70772 reads in 8.653 CPU sec, 9.515 real sec
[M::process] read 71914 sequences (10000134 bp)...
[M::mem_process_seqs] Processed 70750 reads in 9.967 CPU sec, 10.454 real sec
[M::process] read 71020 sequences (10000021 bp)...
[M::mem_process_seqs] Processed 71914 reads in 8.504 CPU sec, 8.470 real sec
[M::process] read 70960 sequences (10000059 bp)...
[M::mem_process_seqs] Processed 71020 reads in 8.703 CPU sec, 8.810 real sec
[M::process] read 70506 sequences (10000167 bp)...
[M::mem_process_seqs] Processed 70960 reads in 8.852 CPU sec, 9.185 real sec
[M::process] read 61042 sequences (8553331 bp)...
[M::mem_process_seqs] Processed 70506 reads in 8.600 CPU sec, 9.110 real sec
[M::mem_process_seqs] Processed 61042 reads in 7.333 CPU sec, 7.962 real sec
[main] Version: 0.7.17-r1188
[main] CMD: bwa mem -L 5 -I 376.939,57.422,519,224 -t 1 -a -M -T 30 -A 1 -B 4 -O 6 -R @RG\tID:Sde-CMat_035-SdC01035-L2-clmp-fp2-repr\tSM:Sde-CMat_035-SdC01035-L2-clmp-fp2-repr\tPL:Illumina reference.rad.D-3-3-probes4development-noMSATS-noNNNN-224-519bp-0-8TGCAGG-lessthan2indelsof3nt.fasta Sde-CMat_035-SdC01035-L2-clmp-fp2-repr.R1.fq.gz Sde-CMat_035-SdC01035-L2-clmp-fp2-repr.R2.fq.gz
[main] Real time: 505.759 sec; CPU: 483.487 sec
