[M::main_mem] mean insert size: 376.939, stddev: 57.422, max: 519, min: 224
[M::bwa_idx_load_from_disk] read 0 ALT contigs
[M::process] read 81316 sequences (10000251 bp)...
[M::process] read 79766 sequences (10000201 bp)...
[M::mem_process_seqs] Processed 81316 reads in 9.467 CPU sec, 10.152 real sec
[M::process] read 79660 sequences (10000104 bp)...
[M::mem_process_seqs] Processed 79766 reads in 8.626 CPU sec, 9.291 real sec
[M::process] read 81718 sequences (10000106 bp)...
[M::mem_process_seqs] Processed 79660 reads in 8.369 CPU sec, 8.853 real sec
[M::process] read 81934 sequences (10000007 bp)...
[M::mem_process_seqs] Processed 81718 reads in 9.362 CPU sec, 9.822 real sec
[M::process] read 81948 sequences (10000154 bp)...
[M::mem_process_seqs] Processed 81934 reads in 10.032 CPU sec, 10.131 real sec
[M::process] read 80276 sequences (10000039 bp)...
[M::mem_process_seqs] Processed 81948 reads in 10.161 CPU sec, 10.969 real sec
[M::process] read 82346 sequences (10000189 bp)...
[M::mem_process_seqs] Processed 80276 reads in 9.838 CPU sec, 10.085 real sec
[M::process] read 82566 sequences (10000270 bp)...
[M::mem_process_seqs] Processed 82346 reads in 10.050 CPU sec, 10.251 real sec
[M::process] read 82494 sequences (10000201 bp)...
[M::mem_process_seqs] Processed 82566 reads in 9.582 CPU sec, 10.074 real sec
[M::process] read 80948 sequences (10000104 bp)...
[M::mem_process_seqs] Processed 82494 reads in 9.818 CPU sec, 10.451 real sec
[M::process] read 81362 sequences (10000072 bp)...
[M::mem_process_seqs] Processed 80948 reads in 10.359 CPU sec, 10.753 real sec
[M::process] read 82420 sequences (10000006 bp)...
[M::mem_process_seqs] Processed 81362 reads in 9.778 CPU sec, 10.060 real sec
[M::process] read 81482 sequences (10000075 bp)...
[M::mem_process_seqs] Processed 82420 reads in 10.069 CPU sec, 10.425 real sec
[M::process] read 82218 sequences (10000016 bp)...
[M::mem_process_seqs] Processed 81482 reads in 11.106 CPU sec, 11.195 real sec
[M::process] read 81884 sequences (10000072 bp)...
[M::mem_process_seqs] Processed 82218 reads in 9.977 CPU sec, 10.489 real sec
[M::process] read 80046 sequences (10000005 bp)...
[M::mem_process_seqs] Processed 81884 reads in 10.835 CPU sec, 11.782 real sec
[M::process] read 82344 sequences (10000109 bp)...
[M::mem_process_seqs] Processed 80046 reads in 9.803 CPU sec, 10.422 real sec
[M::process] read 78242 sequences (10000151 bp)...
[M::mem_process_seqs] Processed 82344 reads in 10.089 CPU sec, 10.645 real sec
[M::process] read 82128 sequences (10000058 bp)...
[M::mem_process_seqs] Processed 78242 reads in 6.433 CPU sec, 6.553 real sec
[M::process] read 81990 sequences (10000030 bp)...
[M::mem_process_seqs] Processed 82128 reads in 9.651 CPU sec, 9.735 real sec
[M::process] read 80916 sequences (10000144 bp)...
[M::mem_process_seqs] Processed 81990 reads in 10.533 CPU sec, 10.989 real sec
[M::process] read 74876 sequences (10000216 bp)...
[M::mem_process_seqs] Processed 80916 reads in 9.238 CPU sec, 9.321 real sec
[M::process] read 72474 sequences (10000217 bp)...
[M::mem_process_seqs] Processed 74876 reads in 6.849 CPU sec, 7.065 real sec
[M::process] read 78080 sequences (10000133 bp)...
[M::mem_process_seqs] Processed 72474 reads in 5.779 CPU sec, 5.961 real sec
[M::process] read 82364 sequences (10000069 bp)...
[M::mem_process_seqs] Processed 78080 reads in 6.945 CPU sec, 7.105 real sec
[M::process] read 80580 sequences (10000017 bp)...
[M::mem_process_seqs] Processed 82364 reads in 9.735 CPU sec, 10.255 real sec
[M::process] read 82356 sequences (10000187 bp)...
[M::mem_process_seqs] Processed 80580 reads in 9.083 CPU sec, 9.514 real sec
[M::process] read 80432 sequences (10000086 bp)...
[M::mem_process_seqs] Processed 82356 reads in 9.947 CPU sec, 10.207 real sec
[M::process] read 80252 sequences (10000058 bp)...
[M::mem_process_seqs] Processed 80432 reads in 9.616 CPU sec, 9.650 real sec
[M::process] read 81532 sequences (10000106 bp)...
[M::mem_process_seqs] Processed 80252 reads in 8.428 CPU sec, 8.675 real sec
[M::process] read 82450 sequences (10000053 bp)...
[M::mem_process_seqs] Processed 81532 reads in 9.807 CPU sec, 10.238 real sec
[M::process] read 75262 sequences (10000054 bp)...
[M::mem_process_seqs] Processed 82450 reads in 9.107 CPU sec, 9.184 real sec
[M::process] read 79280 sequences (10000206 bp)...
[M::mem_process_seqs] Processed 75262 reads in 6.759 CPU sec, 6.947 real sec
[M::process] read 81538 sequences (10000251 bp)...
[M::mem_process_seqs] Processed 79280 reads in 12.026 CPU sec, 12.497 real sec
[M::process] read 80356 sequences (10000210 bp)...
[M::mem_process_seqs] Processed 81538 reads in 9.343 CPU sec, 9.720 real sec
[M::process] read 82310 sequences (10000073 bp)...
[M::mem_process_seqs] Processed 80356 reads in 13.098 CPU sec, 13.542 real sec
[M::process] read 82440 sequences (10000013 bp)...
[M::mem_process_seqs] Processed 82310 reads in 10.112 CPU sec, 10.398 real sec
[M::process] read 82124 sequences (10000131 bp)...
[M::mem_process_seqs] Processed 82440 reads in 10.122 CPU sec, 10.733 real sec
[M::process] read 81164 sequences (10000159 bp)...
[M::mem_process_seqs] Processed 82124 reads in 10.345 CPU sec, 10.619 real sec
[M::process] read 81506 sequences (10000259 bp)...
[M::mem_process_seqs] Processed 81164 reads in 10.086 CPU sec, 10.527 real sec
[M::process] read 82204 sequences (10000140 bp)...
[M::mem_process_seqs] Processed 81506 reads in 9.212 CPU sec, 9.510 real sec
[M::process] read 81930 sequences (10000032 bp)...
[M::mem_process_seqs] Processed 82204 reads in 9.940 CPU sec, 10.314 real sec
[M::process] read 81478 sequences (10000055 bp)...
[M::mem_process_seqs] Processed 81930 reads in 9.760 CPU sec, 10.485 real sec
[M::process] read 82154 sequences (10000075 bp)...
[M::mem_process_seqs] Processed 81478 reads in 14.537 CPU sec, 15.272 real sec
[M::process] read 81626 sequences (10000027 bp)...
[M::mem_process_seqs] Processed 82154 reads in 9.937 CPU sec, 10.268 real sec
[M::process] read 81220 sequences (10000178 bp)...
[M::mem_process_seqs] Processed 81626 reads in 10.034 CPU sec, 10.364 real sec
[M::process] read 81032 sequences (10000252 bp)...
[M::mem_process_seqs] Processed 81220 reads in 8.696 CPU sec, 9.462 real sec
[M::process] read 73388 sequences (10000027 bp)...
[M::mem_process_seqs] Processed 81032 reads in 9.446 CPU sec, 10.120 real sec
[M::process] read 79910 sequences (10000160 bp)...
[M::mem_process_seqs] Processed 73388 reads in 6.328 CPU sec, 6.211 real sec
[M::process] read 79818 sequences (10000175 bp)...
[M::mem_process_seqs] Processed 79910 reads in 8.469 CPU sec, 8.847 real sec
[M::process] read 79020 sequences (10000116 bp)...
[M::mem_process_seqs] Processed 79818 reads in 8.348 CPU sec, 8.716 real sec
[M::process] read 72598 sequences (10000099 bp)...
[M::mem_process_seqs] Processed 79020 reads in 9.423 CPU sec, 10.279 real sec
[M::process] read 78742 sequences (10000168 bp)...
[M::mem_process_seqs] Processed 72598 reads in 5.821 CPU sec, 5.931 real sec
[M::process] read 81682 sequences (10000154 bp)...
[M::mem_process_seqs] Processed 78742 reads in 7.907 CPU sec, 8.229 real sec
[M::process] read 81100 sequences (10000049 bp)...
[M::mem_process_seqs] Processed 81682 reads in 9.979 CPU sec, 10.447 real sec
[M::process] read 80964 sequences (10000086 bp)...
[M::mem_process_seqs] Processed 81100 reads in 10.325 CPU sec, 11.501 real sec
[M::process] read 81076 sequences (10000182 bp)...
[M::mem_process_seqs] Processed 80964 reads in 11.846 CPU sec, 12.179 real sec
[M::process] read 81520 sequences (10000028 bp)...
[M::mem_process_seqs] Processed 81076 reads in 11.213 CPU sec, 11.535 real sec
[M::process] read 81820 sequences (10000255 bp)...
[M::mem_process_seqs] Processed 81520 reads in 9.368 CPU sec, 9.832 real sec
[M::process] read 82026 sequences (10000121 bp)...
[M::mem_process_seqs] Processed 81820 reads in 9.717 CPU sec, 10.902 real sec
[M::process] read 79532 sequences (10000006 bp)...
[M::mem_process_seqs] Processed 82026 reads in 9.961 CPU sec, 9.985 real sec
[M::process] read 70602 sequences (8626583 bp)...
[M::mem_process_seqs] Processed 79532 reads in 9.318 CPU sec, 9.496 real sec
[M::mem_process_seqs] Processed 70602 reads in 7.661 CPU sec, 8.016 real sec
[main] Version: 0.7.17-r1188
[main] CMD: bwa mem -L 5 -I 376.939,57.422,519,224 -t 1 -a -M -T 30 -A 1 -B 4 -O 6 -R @RG\tID:Sde-AMat_034-SdA01034-L2-clmp-fp2-repr\tSM:Sde-AMat_034-SdA01034-L2-clmp-fp2-repr\tPL:Illumina reference.rad.D-3-3-probes4development-noMSATS-noNNNN-224-519bp-0-8TGCAGG-lessthan2indelsof3nt.fasta Sde-AMat_034-SdA01034-L2-clmp-fp2-repr.R1.fq.gz Sde-AMat_034-SdA01034-L2-clmp-fp2-repr.R2.fq.gz
[main] Real time: 624.722 sec; CPU: 598.033 sec
