[M::main_mem] mean insert size: 376.939, stddev: 57.422, max: 519, min: 224
[M::bwa_idx_load_from_disk] read 0 ALT contigs
[M::process] read 71114 sequences (10000123 bp)...
[M::process] read 70994 sequences (10000137 bp)...
[M::mem_process_seqs] Processed 71114 reads in 8.178 CPU sec, 8.555 real sec
[M::process] read 71774 sequences (10000087 bp)...
[M::mem_process_seqs] Processed 70994 reads in 8.138 CPU sec, 8.610 real sec
[M::process] read 71362 sequences (10000015 bp)...
[M::mem_process_seqs] Processed 71774 reads in 8.433 CPU sec, 9.309 real sec
[M::process] read 71438 sequences (10000016 bp)...
[M::mem_process_seqs] Processed 71362 reads in 8.327 CPU sec, 8.779 real sec
[M::process] read 71676 sequences (10000162 bp)...
[M::mem_process_seqs] Processed 71438 reads in 8.536 CPU sec, 9.095 real sec
[M::process] read 71154 sequences (10000027 bp)...
[M::mem_process_seqs] Processed 71676 reads in 8.430 CPU sec, 9.285 real sec
[M::process] read 71094 sequences (10000012 bp)...
[M::mem_process_seqs] Processed 71154 reads in 8.377 CPU sec, 9.187 real sec
[M::process] read 71100 sequences (10000296 bp)...
[M::mem_process_seqs] Processed 71094 reads in 8.508 CPU sec, 9.569 real sec
[M::process] read 71226 sequences (10000012 bp)...
[M::mem_process_seqs] Processed 71100 reads in 8.598 CPU sec, 9.020 real sec
[M::process] read 70840 sequences (10000199 bp)...
[M::mem_process_seqs] Processed 71226 reads in 8.494 CPU sec, 8.859 real sec
[M::process] read 78804 sequences (10000082 bp)...
[M::mem_process_seqs] Processed 70840 reads in 8.780 CPU sec, 8.897 real sec
[M::process] read 71338 sequences (10000106 bp)...
[M::mem_process_seqs] Processed 78804 reads in 7.600 CPU sec, 8.340 real sec
[M::process] read 71330 sequences (10000294 bp)...
[M::mem_process_seqs] Processed 71338 reads in 8.500 CPU sec, 8.567 real sec
[M::process] read 71114 sequences (10000274 bp)...
[M::mem_process_seqs] Processed 71330 reads in 8.156 CPU sec, 8.376 real sec
[M::process] read 71252 sequences (10000060 bp)...
[M::mem_process_seqs] Processed 71114 reads in 9.060 CPU sec, 9.634 real sec
[M::process] read 70606 sequences (10000102 bp)...
[M::mem_process_seqs] Processed 71252 reads in 8.927 CPU sec, 8.821 real sec
[M::process] read 71000 sequences (10000284 bp)...
[M::mem_process_seqs] Processed 70606 reads in 8.263 CPU sec, 8.741 real sec
[M::process] read 71652 sequences (10000231 bp)...
[M::mem_process_seqs] Processed 71000 reads in 8.709 CPU sec, 9.099 real sec
[M::process] read 71336 sequences (10000048 bp)...
[M::mem_process_seqs] Processed 71652 reads in 8.140 CPU sec, 8.117 real sec
[M::process] read 71358 sequences (10000014 bp)...
[M::mem_process_seqs] Processed 71336 reads in 8.873 CPU sec, 9.204 real sec
[M::process] read 70702 sequences (10000162 bp)...
[M::mem_process_seqs] Processed 71358 reads in 8.948 CPU sec, 9.349 real sec
[M::process] read 71154 sequences (10000143 bp)...
[M::mem_process_seqs] Processed 70702 reads in 7.883 CPU sec, 8.233 real sec
[M::process] read 71050 sequences (10000167 bp)...
[M::mem_process_seqs] Processed 71154 reads in 7.525 CPU sec, 7.648 real sec
[M::process] read 71176 sequences (10000131 bp)...
[M::mem_process_seqs] Processed 71050 reads in 8.947 CPU sec, 8.980 real sec
[M::process] read 71676 sequences (10000258 bp)...
[M::mem_process_seqs] Processed 71176 reads in 8.524 CPU sec, 9.049 real sec
[M::process] read 71370 sequences (10000132 bp)...
[M::mem_process_seqs] Processed 71676 reads in 8.920 CPU sec, 8.952 real sec
[M::process] read 71752 sequences (10000125 bp)...
[M::mem_process_seqs] Processed 71370 reads in 8.492 CPU sec, 9.012 real sec
[M::process] read 71890 sequences (10000084 bp)...
[M::mem_process_seqs] Processed 71752 reads in 8.785 CPU sec, 9.172 real sec
[M::process] read 70954 sequences (10000185 bp)...
[M::mem_process_seqs] Processed 71890 reads in 8.648 CPU sec, 8.929 real sec
[M::process] read 71234 sequences (10000032 bp)...
[M::mem_process_seqs] Processed 70954 reads in 8.469 CPU sec, 8.725 real sec
[M::process] read 70716 sequences (10000175 bp)...
[M::mem_process_seqs] Processed 71234 reads in 8.136 CPU sec, 9.117 real sec
[M::process] read 70998 sequences (10000011 bp)...
[M::mem_process_seqs] Processed 70716 reads in 10.480 CPU sec, 11.018 real sec
[M::process] read 71226 sequences (10000048 bp)...
[M::mem_process_seqs] Processed 70998 reads in 8.881 CPU sec, 9.354 real sec
[M::process] read 71044 sequences (10000195 bp)...
[M::mem_process_seqs] Processed 71226 reads in 9.095 CPU sec, 9.346 real sec
[M::process] read 71242 sequences (10000110 bp)...
[M::mem_process_seqs] Processed 71044 reads in 8.385 CPU sec, 8.482 real sec
[M::process] read 71454 sequences (10000036 bp)...
[M::mem_process_seqs] Processed 71242 reads in 8.698 CPU sec, 8.959 real sec
[M::process] read 71130 sequences (10000184 bp)...
[M::mem_process_seqs] Processed 71454 reads in 8.623 CPU sec, 8.724 real sec
[M::process] read 70732 sequences (10000162 bp)...
[M::mem_process_seqs] Processed 71130 reads in 8.477 CPU sec, 8.631 real sec
[M::process] read 71696 sequences (10000157 bp)...
[M::mem_process_seqs] Processed 70732 reads in 8.562 CPU sec, 8.728 real sec
[M::process] read 70824 sequences (10000243 bp)...
[M::mem_process_seqs] Processed 71696 reads in 8.823 CPU sec, 9.173 real sec
[M::process] read 71176 sequences (10000137 bp)...
[M::mem_process_seqs] Processed 70824 reads in 8.416 CPU sec, 8.455 real sec
[M::process] read 71282 sequences (10000233 bp)...
[M::mem_process_seqs] Processed 71176 reads in 9.706 CPU sec, 9.619 real sec
[M::process] read 71176 sequences (10000121 bp)...
[M::mem_process_seqs] Processed 71282 reads in 8.479 CPU sec, 9.228 real sec
[M::process] read 71102 sequences (10000255 bp)...
[M::mem_process_seqs] Processed 71176 reads in 8.747 CPU sec, 9.352 real sec
[M::process] read 70930 sequences (10000091 bp)...
[M::mem_process_seqs] Processed 71102 reads in 8.239 CPU sec, 8.272 real sec
[M::process] read 71378 sequences (10000117 bp)...
[M::mem_process_seqs] Processed 70930 reads in 7.582 CPU sec, 7.805 real sec
[M::process] read 71134 sequences (10000197 bp)...
[M::mem_process_seqs] Processed 71378 reads in 8.365 CPU sec, 8.622 real sec
[M::process] read 71258 sequences (10000183 bp)...
[M::mem_process_seqs] Processed 71134 reads in 7.969 CPU sec, 8.100 real sec
[M::process] read 71500 sequences (10000087 bp)...
[M::mem_process_seqs] Processed 71258 reads in 7.393 CPU sec, 7.292 real sec
[M::process] read 71352 sequences (10000074 bp)...
[M::mem_process_seqs] Processed 71500 reads in 8.237 CPU sec, 8.097 real sec
[M::process] read 71126 sequences (10000186 bp)...
[M::mem_process_seqs] Processed 71352 reads in 8.475 CPU sec, 8.512 real sec
[M::process] read 71016 sequences (10000251 bp)...
[M::mem_process_seqs] Processed 71126 reads in 8.845 CPU sec, 8.757 real sec
[M::process] read 71094 sequences (10000281 bp)...
[M::mem_process_seqs] Processed 71016 reads in 9.503 CPU sec, 9.921 real sec
[M::process] read 71886 sequences (10000173 bp)...
[M::mem_process_seqs] Processed 71094 reads in 9.520 CPU sec, 9.624 real sec
[M::process] read 71516 sequences (10000002 bp)...
[M::mem_process_seqs] Processed 71886 reads in 8.431 CPU sec, 8.627 real sec
[M::process] read 71246 sequences (10000141 bp)...
[M::mem_process_seqs] Processed 71516 reads in 8.560 CPU sec, 8.800 real sec
[M::process] read 71044 sequences (10000201 bp)...
[M::mem_process_seqs] Processed 71246 reads in 8.551 CPU sec, 8.715 real sec
[M::process] read 39806 sequences (5532902 bp)...
[M::mem_process_seqs] Processed 71044 reads in 8.343 CPU sec, 8.857 real sec
[M::mem_process_seqs] Processed 39806 reads in 4.800 CPU sec, 5.746 real sec
[main] Version: 0.7.17-r1188
[main] CMD: bwa mem -L 5 -I 376.939,57.422,519,224 -t 1 -a -M -T 30 -A 1 -B 4 -O 6 -R @RG\tID:Sde-CMat_062-SdC01062-L2-clmp-fp2-repr\tSM:Sde-CMat_062-SdC01062-L2-clmp-fp2-repr\tPL:Illumina reference.rad.D-3-3-probes4development-noMSATS-noNNNN-224-519bp-0-8TGCAGG-lessthan2indelsof3nt.fasta Sde-CMat_062-SdC01062-L2-clmp-fp2-repr.R1.fq.gz Sde-CMat_062-SdC01062-L2-clmp-fp2-repr.R2.fq.gz
[main] Real time: 523.761 sec; CPU: 500.814 sec
