[M::main_mem] mean insert size: 376.939, stddev: 57.422, max: 519, min: 224
[M::bwa_idx_load_from_disk] read 0 ALT contigs
[M::process] read 73942 sequences (10000086 bp)...
[M::process] read 73846 sequences (10000043 bp)...
[M::mem_process_seqs] Processed 73942 reads in 6.758 CPU sec, 6.854 real sec
[M::process] read 73930 sequences (10000136 bp)...
[M::mem_process_seqs] Processed 73846 reads in 6.719 CPU sec, 7.011 real sec
[M::process] read 73970 sequences (10000035 bp)...
[M::mem_process_seqs] Processed 73930 reads in 6.781 CPU sec, 7.114 real sec
[M::process] read 73884 sequences (10000148 bp)...
[M::mem_process_seqs] Processed 73970 reads in 6.650 CPU sec, 7.034 real sec
[M::process] read 73884 sequences (10000131 bp)...
[M::mem_process_seqs] Processed 73884 reads in 6.785 CPU sec, 7.127 real sec
[M::process] read 74018 sequences (10000131 bp)...
[M::mem_process_seqs] Processed 73884 reads in 6.822 CPU sec, 7.189 real sec
[M::process] read 73844 sequences (10000020 bp)...
[M::mem_process_seqs] Processed 74018 reads in 6.727 CPU sec, 6.815 real sec
[M::process] read 73828 sequences (10000074 bp)...
[M::mem_process_seqs] Processed 73844 reads in 6.861 CPU sec, 7.617 real sec
[M::process] read 73878 sequences (10000240 bp)...
[M::mem_process_seqs] Processed 73828 reads in 6.670 CPU sec, 6.903 real sec
[M::process] read 73956 sequences (10000041 bp)...
[M::mem_process_seqs] Processed 73878 reads in 6.665 CPU sec, 6.911 real sec
[M::process] read 73918 sequences (10000000 bp)...
[M::mem_process_seqs] Processed 73956 reads in 6.747 CPU sec, 6.655 real sec
[M::process] read 38608 sequences (5220614 bp)...
[M::mem_process_seqs] Processed 73918 reads in 6.761 CPU sec, 6.737 real sec
[M::mem_process_seqs] Processed 38608 reads in 3.411 CPU sec, 3.676 real sec
[main] Version: 0.7.17-r1188
[main] CMD: bwa mem -L 5 -I 376.939,57.422,519,224 -t 1 -a -M -T 30 -A 1 -B 4 -O 6 -R @RG\tID:Sde-AMar_032-SdA02032-L2-clmp-fp2-repr\tSM:Sde-AMar_032-SdA02032-L2-clmp-fp2-repr\tPL:Illumina reference.rad.D-3-3-probes4development-noMSATS-noNNNN-224-519bp-0-8TGCAGG-lessthan2indelsof3nt.fasta Sde-AMar_032-SdA02032-L2-clmp-fp2-repr.R1.fq.gz Sde-AMar_032-SdA02032-L2-clmp-fp2-repr.R2.fq.gz
[main] Real time: 90.006 sec; CPU: 84.849 sec
