[M::main_mem] mean insert size: 376.939, stddev: 57.422, max: 519, min: 224
[M::bwa_idx_load_from_disk] read 0 ALT contigs
[M::process] read 70278 sequences (10000050 bp)...
[M::process] read 70358 sequences (10000145 bp)...
[M::mem_process_seqs] Processed 70278 reads in 8.808 CPU sec, 8.937 real sec
[M::process] read 70350 sequences (10000076 bp)...
[M::mem_process_seqs] Processed 70358 reads in 9.099 CPU sec, 9.348 real sec
[M::process] read 70200 sequences (10000162 bp)...
[M::mem_process_seqs] Processed 70350 reads in 9.028 CPU sec, 9.715 real sec
[M::process] read 70480 sequences (10000151 bp)...
[M::mem_process_seqs] Processed 70200 reads in 8.500 CPU sec, 8.865 real sec
[M::process] read 70482 sequences (10000118 bp)...
[M::mem_process_seqs] Processed 70480 reads in 9.088 CPU sec, 9.189 real sec
[M::process] read 70258 sequences (10000077 bp)...
[M::mem_process_seqs] Processed 70482 reads in 8.992 CPU sec, 9.293 real sec
[M::process] read 70558 sequences (10000214 bp)...
[M::mem_process_seqs] Processed 70258 reads in 8.786 CPU sec, 9.351 real sec
[M::process] read 70364 sequences (10000255 bp)...
[M::mem_process_seqs] Processed 70558 reads in 8.809 CPU sec, 8.959 real sec
[M::process] read 71302 sequences (10000147 bp)...
[M::mem_process_seqs] Processed 70364 reads in 8.975 CPU sec, 9.519 real sec
[M::process] read 70240 sequences (10000037 bp)...
[M::mem_process_seqs] Processed 71302 reads in 9.000 CPU sec, 9.307 real sec
[M::process] read 70280 sequences (10000226 bp)...
[M::mem_process_seqs] Processed 70240 reads in 8.849 CPU sec, 8.995 real sec
[M::process] read 70300 sequences (10000210 bp)...
[M::mem_process_seqs] Processed 70280 reads in 9.153 CPU sec, 9.242 real sec
[M::process] read 70438 sequences (10000076 bp)...
[M::mem_process_seqs] Processed 70300 reads in 9.056 CPU sec, 9.420 real sec
[M::process] read 70570 sequences (10000178 bp)...
[M::mem_process_seqs] Processed 70438 reads in 9.179 CPU sec, 9.623 real sec
[M::process] read 70250 sequences (10000252 bp)...
[M::mem_process_seqs] Processed 70570 reads in 9.147 CPU sec, 9.478 real sec
[M::process] read 70214 sequences (10000273 bp)...
[M::mem_process_seqs] Processed 70250 reads in 8.929 CPU sec, 9.188 real sec
[M::process] read 70440 sequences (10000155 bp)...
[M::mem_process_seqs] Processed 70214 reads in 9.114 CPU sec, 9.403 real sec
[M::process] read 70502 sequences (10000109 bp)...
[M::mem_process_seqs] Processed 70440 reads in 8.692 CPU sec, 8.817 real sec
[M::process] read 70234 sequences (10000160 bp)...
[M::mem_process_seqs] Processed 70502 reads in 9.337 CPU sec, 9.564 real sec
[M::process] read 70216 sequences (10000199 bp)...
[M::mem_process_seqs] Processed 70234 reads in 9.045 CPU sec, 9.113 real sec
[M::process] read 70062 sequences (10000077 bp)...
[M::mem_process_seqs] Processed 70216 reads in 9.584 CPU sec, 9.747 real sec
[M::process] read 73634 sequences (10000224 bp)...
[M::mem_process_seqs] Processed 70062 reads in 9.044 CPU sec, 9.656 real sec
[M::process] read 70096 sequences (10000039 bp)...
[M::mem_process_seqs] Processed 73634 reads in 8.813 CPU sec, 8.868 real sec
[M::process] read 70256 sequences (10000097 bp)...
[M::mem_process_seqs] Processed 70096 reads in 9.015 CPU sec, 9.174 real sec
[M::process] read 70246 sequences (10000160 bp)...
[M::mem_process_seqs] Processed 70256 reads in 9.306 CPU sec, 9.479 real sec
[M::process] read 70482 sequences (10000055 bp)...
[M::mem_process_seqs] Processed 70246 reads in 8.939 CPU sec, 9.306 real sec
[M::process] read 70474 sequences (10000183 bp)...
[M::mem_process_seqs] Processed 70482 reads in 9.310 CPU sec, 9.159 real sec
[M::process] read 70234 sequences (10000118 bp)...
[M::mem_process_seqs] Processed 70474 reads in 8.724 CPU sec, 8.854 real sec
[M::process] read 70346 sequences (10000040 bp)...
[M::mem_process_seqs] Processed 70234 reads in 9.695 CPU sec, 10.176 real sec
[M::process] read 70522 sequences (10000257 bp)...
[M::mem_process_seqs] Processed 70346 reads in 9.053 CPU sec, 9.350 real sec
[M::process] read 70058 sequences (10000173 bp)...
[M::mem_process_seqs] Processed 70522 reads in 9.253 CPU sec, 9.535 real sec
[M::process] read 70134 sequences (10000291 bp)...
[M::mem_process_seqs] Processed 70058 reads in 9.196 CPU sec, 9.534 real sec
[M::process] read 70522 sequences (10000171 bp)...
[M::mem_process_seqs] Processed 70134 reads in 9.523 CPU sec, 9.924 real sec
[M::process] read 70158 sequences (10000127 bp)...
[M::mem_process_seqs] Processed 70522 reads in 9.106 CPU sec, 9.230 real sec
[M::process] read 70410 sequences (10000283 bp)...
[M::mem_process_seqs] Processed 70158 reads in 9.276 CPU sec, 9.394 real sec
[M::process] read 70728 sequences (10000226 bp)...
[M::mem_process_seqs] Processed 70410 reads in 9.135 CPU sec, 9.296 real sec
[M::process] read 70380 sequences (10000124 bp)...
[M::mem_process_seqs] Processed 70728 reads in 8.953 CPU sec, 8.737 real sec
[M::process] read 70360 sequences (10000170 bp)...
[M::mem_process_seqs] Processed 70380 reads in 8.757 CPU sec, 8.592 real sec
[M::process] read 70100 sequences (10000015 bp)...
[M::mem_process_seqs] Processed 70360 reads in 8.995 CPU sec, 8.981 real sec
[M::process] read 70822 sequences (10000099 bp)...
[M::mem_process_seqs] Processed 70100 reads in 9.015 CPU sec, 8.743 real sec
[M::process] read 70496 sequences (10000085 bp)...
[M::mem_process_seqs] Processed 70822 reads in 9.329 CPU sec, 9.004 real sec
[M::process] read 70644 sequences (10000196 bp)...
[M::mem_process_seqs] Processed 70496 reads in 8.241 CPU sec, 7.995 real sec
[M::process] read 70338 sequences (10000062 bp)...
[M::mem_process_seqs] Processed 70644 reads in 8.096 CPU sec, 7.837 real sec
[M::process] read 70406 sequences (10000229 bp)...
[M::mem_process_seqs] Processed 70338 reads in 8.693 CPU sec, 8.405 real sec
[M::process] read 70362 sequences (10000098 bp)...
[M::mem_process_seqs] Processed 70406 reads in 9.452 CPU sec, 9.100 real sec
[M::process] read 70762 sequences (10000140 bp)...
[M::mem_process_seqs] Processed 70362 reads in 8.484 CPU sec, 8.162 real sec
[M::process] read 70398 sequences (10000269 bp)...
[M::mem_process_seqs] Processed 70762 reads in 9.119 CPU sec, 8.645 real sec
[M::process] read 70430 sequences (10000083 bp)...
[M::mem_process_seqs] Processed 70398 reads in 8.854 CPU sec, 8.526 real sec
[M::process] read 71138 sequences (10000203 bp)...
[M::mem_process_seqs] Processed 70430 reads in 9.882 CPU sec, 9.611 real sec
[M::process] read 70398 sequences (10000061 bp)...
[M::mem_process_seqs] Processed 71138 reads in 8.636 CPU sec, 8.349 real sec
[M::process] read 71026 sequences (10000049 bp)...
[M::mem_process_seqs] Processed 70398 reads in 9.282 CPU sec, 8.919 real sec
[M::process] read 70594 sequences (10000257 bp)...
[M::mem_process_seqs] Processed 71026 reads in 8.886 CPU sec, 8.549 real sec
[M::process] read 70456 sequences (10000085 bp)...
[M::mem_process_seqs] Processed 70594 reads in 8.586 CPU sec, 8.226 real sec
[M::process] read 70398 sequences (10000288 bp)...
[M::mem_process_seqs] Processed 70456 reads in 8.889 CPU sec, 8.509 real sec
[M::process] read 70782 sequences (10000015 bp)...
[M::mem_process_seqs] Processed 70398 reads in 10.042 CPU sec, 9.681 real sec
[M::process] read 70470 sequences (10000227 bp)...
[M::mem_process_seqs] Processed 70782 reads in 9.347 CPU sec, 8.995 real sec
[M::process] read 70620 sequences (10000178 bp)...
[M::mem_process_seqs] Processed 70470 reads in 8.832 CPU sec, 8.465 real sec
[M::process] read 70160 sequences (10000194 bp)...
[M::mem_process_seqs] Processed 70620 reads in 8.588 CPU sec, 8.253 real sec
[M::process] read 69904 sequences (10000058 bp)...
[M::mem_process_seqs] Processed 70160 reads in 8.751 CPU sec, 8.465 real sec
[M::process] read 70074 sequences (10000252 bp)...
[M::mem_process_seqs] Processed 69904 reads in 10.685 CPU sec, 10.341 real sec
[M::process] read 70170 sequences (10000211 bp)...
[M::mem_process_seqs] Processed 70074 reads in 11.319 CPU sec, 10.926 real sec
[M::process] read 70314 sequences (10000262 bp)...
[M::mem_process_seqs] Processed 70170 reads in 9.626 CPU sec, 9.274 real sec
[M::process] read 70016 sequences (10000183 bp)...
[M::mem_process_seqs] Processed 70314 reads in 8.715 CPU sec, 8.334 real sec
[M::process] read 70354 sequences (10000090 bp)...
[M::mem_process_seqs] Processed 70016 reads in 10.689 CPU sec, 10.354 real sec
[M::process] read 70450 sequences (10000006 bp)...
[M::mem_process_seqs] Processed 70354 reads in 8.542 CPU sec, 8.180 real sec
[M::process] read 70388 sequences (10000175 bp)...
[M::mem_process_seqs] Processed 70450 reads in 9.043 CPU sec, 8.715 real sec
[M::process] read 70496 sequences (10000254 bp)...
[M::mem_process_seqs] Processed 70388 reads in 9.206 CPU sec, 8.848 real sec
[M::process] read 70296 sequences (10000009 bp)...
[M::mem_process_seqs] Processed 70496 reads in 8.970 CPU sec, 8.627 real sec
[M::process] read 70266 sequences (10000186 bp)...
[M::mem_process_seqs] Processed 70296 reads in 8.902 CPU sec, 8.545 real sec
[M::process] read 70450 sequences (10000062 bp)...
[M::mem_process_seqs] Processed 70266 reads in 9.401 CPU sec, 9.066 real sec
[M::process] read 70134 sequences (10000160 bp)...
[M::mem_process_seqs] Processed 70450 reads in 8.596 CPU sec, 8.244 real sec
[M::process] read 70312 sequences (10000038 bp)...
[M::mem_process_seqs] Processed 70134 reads in 9.213 CPU sec, 8.881 real sec
[M::process] read 70224 sequences (10000032 bp)...
[M::mem_process_seqs] Processed 70312 reads in 8.655 CPU sec, 8.304 real sec
[M::process] read 70332 sequences (10000081 bp)...
[M::mem_process_seqs] Processed 70224 reads in 8.974 CPU sec, 8.629 real sec
[M::process] read 69804 sequences (10000106 bp)...
[M::mem_process_seqs] Processed 70332 reads in 8.845 CPU sec, 8.482 real sec
[M::process] read 70530 sequences (10000272 bp)...
[M::mem_process_seqs] Processed 69804 reads in 8.774 CPU sec, 8.428 real sec
[M::process] read 70504 sequences (10000136 bp)...
[M::mem_process_seqs] Processed 70530 reads in 8.403 CPU sec, 8.051 real sec
[M::process] read 70388 sequences (10000155 bp)...
[M::mem_process_seqs] Processed 70504 reads in 8.619 CPU sec, 8.283 real sec
[M::process] read 70178 sequences (10000239 bp)...
[M::mem_process_seqs] Processed 70388 reads in 8.679 CPU sec, 8.322 real sec
[M::process] read 70356 sequences (10000055 bp)...
[M::mem_process_seqs] Processed 70178 reads in 8.733 CPU sec, 8.409 real sec
[M::process] read 70158 sequences (10000201 bp)...
[M::mem_process_seqs] Processed 70356 reads in 12.314 CPU sec, 11.928 real sec
[M::process] read 70202 sequences (10000030 bp)...
[M::mem_process_seqs] Processed 70158 reads in 8.749 CPU sec, 8.364 real sec
[M::process] read 70456 sequences (10000134 bp)...
[M::mem_process_seqs] Processed 70202 reads in 8.880 CPU sec, 8.514 real sec
[M::process] read 70400 sequences (10000109 bp)...
[M::mem_process_seqs] Processed 70456 reads in 8.471 CPU sec, 8.128 real sec
[M::process] read 70084 sequences (10000163 bp)...
[M::mem_process_seqs] Processed 70400 reads in 8.792 CPU sec, 8.482 real sec
[M::process] read 70308 sequences (10000135 bp)...
[M::mem_process_seqs] Processed 70084 reads in 8.587 CPU sec, 8.242 real sec
[M::process] read 70302 sequences (10000077 bp)...
[M::mem_process_seqs] Processed 70308 reads in 8.659 CPU sec, 8.304 real sec
[M::process] read 70398 sequences (10000116 bp)...
[M::mem_process_seqs] Processed 70302 reads in 8.587 CPU sec, 8.245 real sec
[M::process] read 70476 sequences (10000040 bp)...
[M::mem_process_seqs] Processed 70398 reads in 8.601 CPU sec, 8.244 real sec
[M::process] read 70418 sequences (10000156 bp)...
[M::mem_process_seqs] Processed 70476 reads in 8.072 CPU sec, 7.740 real sec
[M::process] read 70352 sequences (10000106 bp)...
[M::mem_process_seqs] Processed 70418 reads in 8.937 CPU sec, 8.574 real sec
[M::process] read 70386 sequences (10000265 bp)...
[M::mem_process_seqs] Processed 70352 reads in 8.514 CPU sec, 8.179 real sec
[M::process] read 70166 sequences (10000096 bp)...
[M::mem_process_seqs] Processed 70386 reads in 8.077 CPU sec, 7.729 real sec
[M::process] read 70710 sequences (10000195 bp)...
[M::mem_process_seqs] Processed 70166 reads in 8.120 CPU sec, 7.762 real sec
[M::process] read 70456 sequences (10000129 bp)...
[M::mem_process_seqs] Processed 70710 reads in 9.085 CPU sec, 8.720 real sec
[M::process] read 70272 sequences (10000056 bp)...
[M::mem_process_seqs] Processed 70456 reads in 8.708 CPU sec, 8.383 real sec
[M::process] read 70306 sequences (10000159 bp)...
[M::mem_process_seqs] Processed 70272 reads in 8.617 CPU sec, 8.255 real sec
[M::process] read 70158 sequences (10000034 bp)...
[M::mem_process_seqs] Processed 70306 reads in 8.529 CPU sec, 8.195 real sec
[M::process] read 70400 sequences (10000147 bp)...
[M::mem_process_seqs] Processed 70158 reads in 8.443 CPU sec, 8.089 real sec
[M::process] read 70304 sequences (10000226 bp)...
[M::mem_process_seqs] Processed 70400 reads in 8.682 CPU sec, 8.348 real sec
[M::process] read 70154 sequences (10000079 bp)...
[M::mem_process_seqs] Processed 70304 reads in 9.135 CPU sec, 8.778 real sec
[M::process] read 70444 sequences (10000171 bp)...
[M::mem_process_seqs] Processed 70154 reads in 9.637 CPU sec, 9.293 real sec
[M::process] read 70312 sequences (10000187 bp)...
[M::mem_process_seqs] Processed 70444 reads in 8.228 CPU sec, 7.861 real sec
[M::process] read 70234 sequences (10000210 bp)...
[M::mem_process_seqs] Processed 70312 reads in 11.329 CPU sec, 10.974 real sec
[M::process] read 71666 sequences (10000207 bp)...
[M::mem_process_seqs] Processed 70234 reads in 8.667 CPU sec, 8.260 real sec
[M::process] read 70628 sequences (10000147 bp)...
[M::mem_process_seqs] Processed 71666 reads in 8.236 CPU sec, 7.886 real sec
[M::process] read 70252 sequences (10000030 bp)...
[M::mem_process_seqs] Processed 70628 reads in 8.542 CPU sec, 8.183 real sec
[M::process] read 70554 sequences (10000054 bp)...
[M::mem_process_seqs] Processed 70252 reads in 8.392 CPU sec, 8.051 real sec
[M::process] read 70400 sequences (10000000 bp)...
[M::mem_process_seqs] Processed 70554 reads in 8.489 CPU sec, 8.128 real sec
[M::process] read 70362 sequences (10000053 bp)...
[M::mem_process_seqs] Processed 70400 reads in 8.574 CPU sec, 8.234 real sec
[M::process] read 69950 sequences (10000246 bp)...
[M::mem_process_seqs] Processed 70362 reads in 8.701 CPU sec, 8.341 real sec
[M::process] read 70378 sequences (10000207 bp)...
[M::mem_process_seqs] Processed 69950 reads in 8.470 CPU sec, 8.089 real sec
[M::process] read 66240 sequences (9377266 bp)...
[M::mem_process_seqs] Processed 70378 reads in 8.879 CPU sec, 8.539 real sec
[M::mem_process_seqs] Processed 66240 reads in 7.506 CPU sec, 7.364 real sec
[main] Version: 0.7.17-r1188
[main] CMD: bwa mem -L 5 -I 376.939,57.422,519,224 -t 1 -a -M -T 30 -A 1 -B 4 -O 6 -R @RG\tID:Sde-CMat_073-SdC01073-L2-clmp-fp2-repr\tSM:Sde-CMat_073-SdC01073-L2-clmp-fp2-repr\tPL:Illumina reference.rad.D-3-3-probes4development-noMSATS-noNNNN-224-519bp-0-8TGCAGG-lessthan2indelsof3nt.fasta Sde-CMat_073-SdC01073-L2-clmp-fp2-repr.R1.fq.gz Sde-CMat_073-SdC01073-L2-clmp-fp2-repr.R2.fq.gz
[main] Real time: 1008.458 sec; CPU: 1023.393 sec
