[M::main_mem] mean insert size: 376.939, stddev: 57.422, max: 519, min: 224
[M::bwa_idx_load_from_disk] read 0 ALT contigs
[M::process] read 81368 sequences (10000117 bp)...
[M::process] read 85556 sequences (10000190 bp)...
[M::mem_process_seqs] Processed 81368 reads in 8.264 CPU sec, 8.334 real sec
[M::process] read 84252 sequences (10000106 bp)...
[M::mem_process_seqs] Processed 85556 reads in 9.146 CPU sec, 9.272 real sec
[M::process] read 86426 sequences (10000246 bp)...
[M::mem_process_seqs] Processed 84252 reads in 9.455 CPU sec, 9.706 real sec
[M::process] read 85254 sequences (10000123 bp)...
[M::mem_process_seqs] Processed 86426 reads in 9.328 CPU sec, 9.408 real sec
[M::process] read 85366 sequences (10000058 bp)...
[M::mem_process_seqs] Processed 85254 reads in 9.760 CPU sec, 10.268 real sec
[M::process] read 84582 sequences (10000152 bp)...
[M::mem_process_seqs] Processed 85366 reads in 9.734 CPU sec, 9.947 real sec
[M::process] read 81338 sequences (10000149 bp)...
[M::mem_process_seqs] Processed 84582 reads in 9.660 CPU sec, 9.662 real sec
[M::process] read 84370 sequences (10000122 bp)...
[M::mem_process_seqs] Processed 81338 reads in 7.544 CPU sec, 7.769 real sec
[M::process] read 72918 sequences (10000189 bp)...
[M::mem_process_seqs] Processed 84370 reads in 9.321 CPU sec, 9.496 real sec
[M::process] read 82274 sequences (10000021 bp)...
[M::mem_process_seqs] Processed 72918 reads in 5.909 CPU sec, 6.169 real sec
[M::process] read 83776 sequences (10000128 bp)...
[M::mem_process_seqs] Processed 82274 reads in 7.877 CPU sec, 8.200 real sec
[M::process] read 83392 sequences (10000209 bp)...
[M::mem_process_seqs] Processed 83776 reads in 9.020 CPU sec, 9.544 real sec
[M::process] read 80668 sequences (10000201 bp)...
[M::mem_process_seqs] Processed 83392 reads in 8.391 CPU sec, 8.392 real sec
[M::process] read 83712 sequences (10000005 bp)...
[M::mem_process_seqs] Processed 80668 reads in 7.810 CPU sec, 8.144 real sec
[M::process] read 86466 sequences (10000084 bp)...
[M::mem_process_seqs] Processed 83712 reads in 10.978 CPU sec, 11.143 real sec
[M::process] read 84852 sequences (10000116 bp)...
[M::mem_process_seqs] Processed 86466 reads in 9.795 CPU sec, 10.309 real sec
[M::process] read 85304 sequences (10000062 bp)...
[M::mem_process_seqs] Processed 84852 reads in 9.382 CPU sec, 9.508 real sec
[M::process] read 85848 sequences (10000131 bp)...
[M::mem_process_seqs] Processed 85304 reads in 11.394 CPU sec, 11.746 real sec
[M::process] read 80374 sequences (10000147 bp)...
[M::mem_process_seqs] Processed 85848 reads in 9.161 CPU sec, 9.426 real sec
[M::process] read 79274 sequences (10000038 bp)...
[M::mem_process_seqs] Processed 80374 reads in 7.593 CPU sec, 7.679 real sec
[M::process] read 77870 sequences (10000170 bp)...
[M::mem_process_seqs] Processed 79274 reads in 7.526 CPU sec, 7.490 real sec
[M::process] read 80100 sequences (10000161 bp)...
[M::mem_process_seqs] Processed 77870 reads in 7.607 CPU sec, 8.208 real sec
[M::process] read 84820 sequences (10000237 bp)...
[M::mem_process_seqs] Processed 80100 reads in 7.477 CPU sec, 7.753 real sec
[M::process] read 84990 sequences (10000176 bp)...
[M::mem_process_seqs] Processed 84820 reads in 10.715 CPU sec, 10.769 real sec
[M::process] read 83932 sequences (10000055 bp)...
[M::mem_process_seqs] Processed 84990 reads in 9.127 CPU sec, 9.532 real sec
[M::process] read 12628 sequences (1477638 bp)...
[M::mem_process_seqs] Processed 83932 reads in 8.648 CPU sec, 9.041 real sec
[M::mem_process_seqs] Processed 12628 reads in 1.338 CPU sec, 1.350 real sec
[main] Version: 0.7.17-r1188
[main] CMD: bwa mem -L 5 -I 376.939,57.422,519,224 -t 1 -a -M -T 30 -A 1 -B 4 -O 6 -R @RG\tID:Sde-AMat_084-SdA01084-L2-clmp-fp2-repr\tSM:Sde-AMat_084-SdA01084-L2-clmp-fp2-repr\tPL:Illumina reference.rad.D-3-3-probes4development-noMSATS-noNNNN-224-519bp-0-8TGCAGG-lessthan2indelsof3nt.fasta Sde-AMat_084-SdA01084-L2-clmp-fp2-repr.R1.fq.gz Sde-AMat_084-SdA01084-L2-clmp-fp2-repr.R2.fq.gz
[main] Real time: 239.210 sec; CPU: 232.316 sec
