[M::main_mem] mean insert size: 376.939, stddev: 57.422, max: 519, min: 224
[M::bwa_idx_load_from_disk] read 0 ALT contigs
[M::process] read 71260 sequences (10000292 bp)...
[M::process] read 71596 sequences (10000109 bp)...
[M::mem_process_seqs] Processed 71260 reads in 8.557 CPU sec, 8.744 real sec
[M::process] read 71696 sequences (10000180 bp)...
[M::mem_process_seqs] Processed 71596 reads in 8.597 CPU sec, 8.719 real sec
[M::process] read 71608 sequences (10000009 bp)...
[M::mem_process_seqs] Processed 71696 reads in 8.885 CPU sec, 9.133 real sec
[M::process] read 72434 sequences (10000043 bp)...
[M::mem_process_seqs] Processed 71608 reads in 8.927 CPU sec, 9.069 real sec
[M::process] read 71412 sequences (10000005 bp)...
[M::mem_process_seqs] Processed 72434 reads in 8.941 CPU sec, 9.059 real sec
[M::process] read 71348 sequences (10000166 bp)...
[M::mem_process_seqs] Processed 71412 reads in 9.047 CPU sec, 9.491 real sec
[M::process] read 71458 sequences (10000150 bp)...
[M::mem_process_seqs] Processed 71348 reads in 9.164 CPU sec, 9.509 real sec
[M::process] read 71480 sequences (10000165 bp)...
[M::mem_process_seqs] Processed 71458 reads in 9.023 CPU sec, 9.609 real sec
[M::process] read 71412 sequences (10000279 bp)...
[M::mem_process_seqs] Processed 71480 reads in 8.971 CPU sec, 9.436 real sec
[M::process] read 72154 sequences (10000051 bp)...
[M::mem_process_seqs] Processed 71412 reads in 8.379 CPU sec, 8.847 real sec
[M::process] read 72172 sequences (10000174 bp)...
[M::mem_process_seqs] Processed 72154 reads in 8.489 CPU sec, 8.764 real sec
[M::process] read 71362 sequences (10000192 bp)...
[M::mem_process_seqs] Processed 72172 reads in 8.693 CPU sec, 9.368 real sec
[M::process] read 71124 sequences (10000174 bp)...
[M::mem_process_seqs] Processed 71362 reads in 8.961 CPU sec, 9.511 real sec
[M::process] read 71518 sequences (10000159 bp)...
[M::mem_process_seqs] Processed 71124 reads in 9.672 CPU sec, 10.102 real sec
[M::process] read 71468 sequences (10000198 bp)...
[M::mem_process_seqs] Processed 71518 reads in 9.419 CPU sec, 9.982 real sec
[M::process] read 71332 sequences (10000189 bp)...
[M::mem_process_seqs] Processed 71468 reads in 9.379 CPU sec, 10.329 real sec
[M::process] read 71510 sequences (10000012 bp)...
[M::mem_process_seqs] Processed 71332 reads in 8.995 CPU sec, 9.545 real sec
[M::process] read 71382 sequences (10000264 bp)...
[M::mem_process_seqs] Processed 71510 reads in 9.854 CPU sec, 10.259 real sec
[M::process] read 71334 sequences (10000264 bp)...
[M::mem_process_seqs] Processed 71382 reads in 9.462 CPU sec, 10.179 real sec
[M::process] read 71482 sequences (10000235 bp)...
[M::mem_process_seqs] Processed 71334 reads in 8.515 CPU sec, 8.530 real sec
[M::process] read 71336 sequences (10000202 bp)...
[M::mem_process_seqs] Processed 71482 reads in 8.840 CPU sec, 9.338 real sec
[M::process] read 71460 sequences (10000053 bp)...
[M::mem_process_seqs] Processed 71336 reads in 8.976 CPU sec, 9.492 real sec
[M::process] read 72162 sequences (10000216 bp)...
[M::mem_process_seqs] Processed 71460 reads in 9.681 CPU sec, 10.194 real sec
[M::process] read 71282 sequences (10000048 bp)...
[M::mem_process_seqs] Processed 72162 reads in 8.941 CPU sec, 9.129 real sec
[M::process] read 5136 sequences (697983 bp)...
[M::mem_process_seqs] Processed 71282 reads in 8.857 CPU sec, 9.557 real sec
[M::mem_process_seqs] Processed 5136 reads in 0.678 CPU sec, 0.719 real sec
[main] Version: 0.7.17-r1188
[main] CMD: bwa mem -L 5 -I 376.939,57.422,519,224 -t 1 -a -M -T 30 -A 1 -B 4 -O 6 -R @RG\tID:Sde-CMat_004-SdC01004-L2-clmp-fp2-repr\tSM:Sde-CMat_004-SdC01004-L2-clmp-fp2-repr\tPL:Illumina reference.rad.D-3-3-probes4development-noMSATS-noNNNN-224-519bp-0-8TGCAGG-lessthan2indelsof3nt.fasta Sde-CMat_004-SdC01004-L2-clmp-fp2-repr.R1.fq.gz Sde-CMat_004-SdC01004-L2-clmp-fp2-repr.R2.fq.gz
[main] Real time: 237.029 sec; CPU: 226.166 sec
