[M::main_mem] mean insert size: 376.939, stddev: 57.422, max: 519, min: 224
[M::bwa_idx_load_from_disk] read 0 ALT contigs
[M::process] read 83732 sequences (10000271 bp)...
[M::process] read 84298 sequences (10000124 bp)...
[M::mem_process_seqs] Processed 83732 reads in 9.234 CPU sec, 9.198 real sec
[M::process] read 85114 sequences (10000155 bp)...
[M::mem_process_seqs] Processed 84298 reads in 9.168 CPU sec, 9.745 real sec
[M::process] read 85170 sequences (10000032 bp)...
[M::mem_process_seqs] Processed 85114 reads in 9.569 CPU sec, 9.703 real sec
[M::process] read 73352 sequences (10000215 bp)...
[M::mem_process_seqs] Processed 85170 reads in 8.793 CPU sec, 9.223 real sec
[M::process] read 84478 sequences (10000110 bp)...
[M::mem_process_seqs] Processed 73352 reads in 6.437 CPU sec, 6.848 real sec
[M::process] read 83058 sequences (10000136 bp)...
[M::mem_process_seqs] Processed 84478 reads in 8.470 CPU sec, 9.022 real sec
[M::process] read 85304 sequences (10000110 bp)...
[M::mem_process_seqs] Processed 83058 reads in 8.100 CPU sec, 8.430 real sec
[M::process] read 86280 sequences (10000144 bp)...
[M::mem_process_seqs] Processed 85304 reads in 9.097 CPU sec, 9.491 real sec
[M::process] read 85334 sequences (10000119 bp)...
[M::mem_process_seqs] Processed 86280 reads in 9.634 CPU sec, 9.821 real sec
[M::process] read 85224 sequences (10000093 bp)...
[M::mem_process_seqs] Processed 85334 reads in 9.857 CPU sec, 10.229 real sec
[M::process] read 85822 sequences (10000150 bp)...
[M::mem_process_seqs] Processed 85224 reads in 9.282 CPU sec, 9.915 real sec
[M::process] read 84604 sequences (10000287 bp)...
[M::mem_process_seqs] Processed 85822 reads in 9.049 CPU sec, 9.155 real sec
[M::process] read 83654 sequences (10000274 bp)...
[M::mem_process_seqs] Processed 84604 reads in 8.808 CPU sec, 8.702 real sec
[M::process] read 81872 sequences (10000062 bp)...
[M::mem_process_seqs] Processed 83654 reads in 9.575 CPU sec, 9.999 real sec
[M::process] read 85558 sequences (10000245 bp)...
[M::mem_process_seqs] Processed 81872 reads in 8.860 CPU sec, 9.361 real sec
[M::process] read 85996 sequences (10000145 bp)...
[M::mem_process_seqs] Processed 85558 reads in 11.137 CPU sec, 11.487 real sec
[M::process] read 85002 sequences (10000023 bp)...
[M::mem_process_seqs] Processed 85996 reads in 9.320 CPU sec, 9.922 real sec
[M::process] read 85978 sequences (10000232 bp)...
[M::mem_process_seqs] Processed 85002 reads in 8.941 CPU sec, 9.122 real sec
[M::process] read 85606 sequences (10000065 bp)...
[M::mem_process_seqs] Processed 85978 reads in 8.994 CPU sec, 8.987 real sec
[M::process] read 86050 sequences (10000140 bp)...
[M::mem_process_seqs] Processed 85606 reads in 9.079 CPU sec, 9.546 real sec
[M::process] read 85772 sequences (10000012 bp)...
[M::mem_process_seqs] Processed 86050 reads in 9.053 CPU sec, 9.105 real sec
[M::process] read 83466 sequences (10000094 bp)...
[M::mem_process_seqs] Processed 85772 reads in 9.781 CPU sec, 9.999 real sec
[M::process] read 85364 sequences (10000255 bp)...
[M::mem_process_seqs] Processed 83466 reads in 11.152 CPU sec, 11.217 real sec
[M::process] read 86080 sequences (10000032 bp)...
[M::mem_process_seqs] Processed 85364 reads in 9.299 CPU sec, 9.679 real sec
[M::process] read 84712 sequences (10000228 bp)...
[M::mem_process_seqs] Processed 86080 reads in 9.748 CPU sec, 9.985 real sec
[M::process] read 84796 sequences (10000154 bp)...
[M::mem_process_seqs] Processed 84712 reads in 9.434 CPU sec, 9.616 real sec
[M::process] read 85002 sequences (10000103 bp)...
[M::mem_process_seqs] Processed 84796 reads in 8.821 CPU sec, 8.938 real sec
[M::process] read 86928 sequences (10000027 bp)...
[M::mem_process_seqs] Processed 85002 reads in 9.393 CPU sec, 9.719 real sec
[M::process] read 85370 sequences (10000107 bp)...
[M::mem_process_seqs] Processed 86928 reads in 9.334 CPU sec, 10.068 real sec
[M::process] read 83188 sequences (10000191 bp)...
[M::mem_process_seqs] Processed 85370 reads in 8.715 CPU sec, 9.023 real sec
[M::process] read 84774 sequences (10000082 bp)...
[M::mem_process_seqs] Processed 83188 reads in 12.457 CPU sec, 12.959 real sec
[M::process] read 85928 sequences (10000198 bp)...
[M::mem_process_seqs] Processed 84774 reads in 9.230 CPU sec, 9.544 real sec
[M::process] read 85112 sequences (10000257 bp)...
[M::mem_process_seqs] Processed 85928 reads in 10.018 CPU sec, 10.561 real sec
[M::process] read 84510 sequences (10000127 bp)...
[M::mem_process_seqs] Processed 85112 reads in 9.615 CPU sec, 9.657 real sec
[M::process] read 84422 sequences (10000154 bp)...
[M::mem_process_seqs] Processed 84510 reads in 9.626 CPU sec, 9.737 real sec
[M::process] read 82904 sequences (10000210 bp)...
[M::mem_process_seqs] Processed 84422 reads in 9.218 CPU sec, 9.509 real sec
[M::process] read 84578 sequences (10000192 bp)...
[M::mem_process_seqs] Processed 82904 reads in 9.248 CPU sec, 9.276 real sec
[M::process] read 85664 sequences (10000209 bp)...
[M::mem_process_seqs] Processed 84578 reads in 9.416 CPU sec, 9.605 real sec
[M::process] read 86036 sequences (10000208 bp)...
[M::mem_process_seqs] Processed 85664 reads in 9.060 CPU sec, 9.185 real sec
[M::process] read 76798 sequences (10000022 bp)...
[M::mem_process_seqs] Processed 86036 reads in 9.474 CPU sec, 9.485 real sec
[M::process] read 78268 sequences (10000093 bp)...
[M::mem_process_seqs] Processed 76798 reads in 6.184 CPU sec, 6.245 real sec
[M::process] read 85180 sequences (10000284 bp)...
[M::mem_process_seqs] Processed 78268 reads in 5.905 CPU sec, 6.119 real sec
[M::process] read 84782 sequences (10000025 bp)...
[M::mem_process_seqs] Processed 85180 reads in 9.013 CPU sec, 9.625 real sec
[M::process] read 84552 sequences (10000224 bp)...
[M::mem_process_seqs] Processed 84782 reads in 9.600 CPU sec, 9.820 real sec
[M::process] read 86056 sequences (10000122 bp)...
[M::mem_process_seqs] Processed 84552 reads in 10.105 CPU sec, 10.502 real sec
[M::process] read 83792 sequences (10000146 bp)...
[M::mem_process_seqs] Processed 86056 reads in 9.516 CPU sec, 9.742 real sec
[M::process] read 85642 sequences (10000013 bp)...
[M::mem_process_seqs] Processed 83792 reads in 8.898 CPU sec, 9.461 real sec
[M::process] read 78922 sequences (10000044 bp)...
[M::mem_process_seqs] Processed 85642 reads in 9.360 CPU sec, 9.974 real sec
[M::process] read 72578 sequences (10000152 bp)...
[M::mem_process_seqs] Processed 78922 reads in 7.926 CPU sec, 8.330 real sec
[M::process] read 74848 sequences (10000280 bp)...
[M::mem_process_seqs] Processed 72578 reads in 5.888 CPU sec, 6.315 real sec
[M::process] read 69924 sequences (10000031 bp)...
[M::mem_process_seqs] Processed 74848 reads in 5.809 CPU sec, 6.037 real sec
[M::process] read 75766 sequences (10000193 bp)...
[M::mem_process_seqs] Processed 69924 reads in 5.739 CPU sec, 5.979 real sec
[M::process] read 78502 sequences (10000142 bp)...
[M::mem_process_seqs] Processed 75766 reads in 5.787 CPU sec, 5.922 real sec
[M::process] read 85530 sequences (10000253 bp)...
[M::mem_process_seqs] Processed 78502 reads in 7.015 CPU sec, 7.562 real sec
[M::process] read 86176 sequences (10000200 bp)...
[M::mem_process_seqs] Processed 85530 reads in 9.141 CPU sec, 9.562 real sec
[M::process] read 81556 sequences (10000117 bp)...
[M::mem_process_seqs] Processed 86176 reads in 9.393 CPU sec, 9.928 real sec
[M::process] read 85456 sequences (10000158 bp)...
[M::mem_process_seqs] Processed 81556 reads in 8.077 CPU sec, 8.421 real sec
[M::process] read 84364 sequences (10000237 bp)...
[M::mem_process_seqs] Processed 85456 reads in 10.489 CPU sec, 11.145 real sec
[M::process] read 85470 sequences (10000286 bp)...
[M::mem_process_seqs] Processed 84364 reads in 9.191 CPU sec, 10.000 real sec
[M::process] read 83572 sequences (10000127 bp)...
[M::mem_process_seqs] Processed 85470 reads in 8.729 CPU sec, 9.169 real sec
[M::process] read 83718 sequences (10000028 bp)...
[M::mem_process_seqs] Processed 83572 reads in 8.861 CPU sec, 9.248 real sec
[M::process] read 82450 sequences (10000153 bp)...
[M::mem_process_seqs] Processed 83718 reads in 9.457 CPU sec, 9.503 real sec
[M::process] read 80702 sequences (10000085 bp)...
[M::mem_process_seqs] Processed 82450 reads in 8.929 CPU sec, 9.562 real sec
[M::process] read 86032 sequences (10000051 bp)...
[M::mem_process_seqs] Processed 80702 reads in 7.376 CPU sec, 7.631 real sec
[M::process] read 86216 sequences (10000078 bp)...
[M::mem_process_seqs] Processed 86032 reads in 8.796 CPU sec, 9.132 real sec
[M::process] read 83400 sequences (10000045 bp)...
[M::mem_process_seqs] Processed 86216 reads in 9.469 CPU sec, 9.511 real sec
[M::process] read 85326 sequences (10000143 bp)...
[M::mem_process_seqs] Processed 83400 reads in 8.925 CPU sec, 8.785 real sec
[M::process] read 85920 sequences (10000076 bp)...
[M::mem_process_seqs] Processed 85326 reads in 8.702 CPU sec, 8.918 real sec
[M::process] read 77164 sequences (10000130 bp)...
[M::mem_process_seqs] Processed 85920 reads in 9.070 CPU sec, 9.304 real sec
[M::process] read 75902 sequences (10000062 bp)...
[M::mem_process_seqs] Processed 77164 reads in 7.016 CPU sec, 7.078 real sec
[M::process] read 85144 sequences (10000193 bp)...
[M::mem_process_seqs] Processed 75902 reads in 6.581 CPU sec, 6.498 real sec
[M::process] read 79004 sequences (10000076 bp)...
[M::mem_process_seqs] Processed 85144 reads in 9.497 CPU sec, 9.609 real sec
[M::process] read 84424 sequences (10000014 bp)...
[M::mem_process_seqs] Processed 79004 reads in 14.361 CPU sec, 14.912 real sec
[M::process] read 84750 sequences (10000217 bp)...
[M::mem_process_seqs] Processed 84424 reads in 9.029 CPU sec, 9.521 real sec
[M::process] read 82130 sequences (10000197 bp)...
[M::mem_process_seqs] Processed 84750 reads in 9.532 CPU sec, 9.605 real sec
[M::process] read 84990 sequences (10000081 bp)...
[M::mem_process_seqs] Processed 82130 reads in 13.109 CPU sec, 13.909 real sec
[M::process] read 86376 sequences (10000151 bp)...
[M::mem_process_seqs] Processed 84990 reads in 10.594 CPU sec, 10.937 real sec
[M::process] read 85524 sequences (10000121 bp)...
[M::mem_process_seqs] Processed 86376 reads in 9.025 CPU sec, 9.912 real sec
[M::process] read 85526 sequences (10000245 bp)...
[M::mem_process_seqs] Processed 85524 reads in 9.781 CPU sec, 10.358 real sec
[M::process] read 85660 sequences (10000166 bp)...
[M::mem_process_seqs] Processed 85526 reads in 9.819 CPU sec, 10.279 real sec
[M::process] read 86282 sequences (10000037 bp)...
[M::mem_process_seqs] Processed 85660 reads in 9.482 CPU sec, 9.732 real sec
[M::process] read 85224 sequences (10000282 bp)...
[M::mem_process_seqs] Processed 86282 reads in 9.537 CPU sec, 10.116 real sec
[M::process] read 84210 sequences (10000120 bp)...
[M::mem_process_seqs] Processed 85224 reads in 9.183 CPU sec, 9.822 real sec
[M::process] read 83842 sequences (10000037 bp)...
[M::mem_process_seqs] Processed 84210 reads in 9.521 CPU sec, 10.628 real sec
[M::process] read 85514 sequences (10000078 bp)...
[M::mem_process_seqs] Processed 83842 reads in 10.269 CPU sec, 10.471 real sec
[M::process] read 84860 sequences (10000246 bp)...
[M::mem_process_seqs] Processed 85514 reads in 9.393 CPU sec, 10.141 real sec
[M::process] read 85018 sequences (10000019 bp)...
[M::mem_process_seqs] Processed 84860 reads in 9.122 CPU sec, 9.781 real sec
[M::process] read 84062 sequences (10000043 bp)...
[M::mem_process_seqs] Processed 85018 reads in 8.919 CPU sec, 9.523 real sec
[M::process] read 86004 sequences (10000020 bp)...
[M::mem_process_seqs] Processed 84062 reads in 9.043 CPU sec, 9.615 real sec
[M::process] read 85786 sequences (10000009 bp)...
[M::mem_process_seqs] Processed 86004 reads in 8.935 CPU sec, 9.354 real sec
[M::process] read 85782 sequences (10000126 bp)...
[M::mem_process_seqs] Processed 85786 reads in 9.720 CPU sec, 10.132 real sec
[M::process] read 83150 sequences (10000150 bp)...
[M::mem_process_seqs] Processed 85782 reads in 8.971 CPU sec, 9.452 real sec
[M::process] read 82996 sequences (10000083 bp)...
[M::mem_process_seqs] Processed 83150 reads in 9.572 CPU sec, 9.844 real sec
[M::process] read 86506 sequences (10000144 bp)...
[M::mem_process_seqs] Processed 82996 reads in 19.390 CPU sec, 21.251 real sec
[M::process] read 83992 sequences (10000223 bp)...
[M::mem_process_seqs] Processed 86506 reads in 9.360 CPU sec, 10.344 real sec
[M::process] read 86220 sequences (10000035 bp)...
[M::mem_process_seqs] Processed 83992 reads in 9.268 CPU sec, 9.626 real sec
[M::process] read 85782 sequences (10000216 bp)...
[M::mem_process_seqs] Processed 86220 reads in 8.767 CPU sec, 9.134 real sec
[M::process] read 85094 sequences (10000156 bp)...
[M::mem_process_seqs] Processed 85782 reads in 9.684 CPU sec, 10.104 real sec
[M::process] read 84990 sequences (10000082 bp)...
[M::mem_process_seqs] Processed 85094 reads in 9.281 CPU sec, 9.443 real sec
[M::process] read 82622 sequences (10000008 bp)...
[M::mem_process_seqs] Processed 84990 reads in 8.298 CPU sec, 8.498 real sec
[M::process] read 82134 sequences (10000143 bp)...
[M::mem_process_seqs] Processed 82622 reads in 8.519 CPU sec, 8.746 real sec
[M::process] read 85662 sequences (10000169 bp)...
[M::mem_process_seqs] Processed 82134 reads in 8.109 CPU sec, 8.502 real sec
[M::process] read 85362 sequences (10000167 bp)...
[M::mem_process_seqs] Processed 85662 reads in 9.367 CPU sec, 9.551 real sec
[M::process] read 72602 sequences (10000027 bp)...
[M::mem_process_seqs] Processed 85362 reads in 8.872 CPU sec, 8.896 real sec
[M::process] read 72928 sequences (10000019 bp)...
[M::mem_process_seqs] Processed 72602 reads in 5.903 CPU sec, 6.065 real sec
[M::process] read 82874 sequences (10000018 bp)...
[M::mem_process_seqs] Processed 72928 reads in 5.892 CPU sec, 6.072 real sec
[M::process] read 85010 sequences (10000113 bp)...
[M::mem_process_seqs] Processed 82874 reads in 8.266 CPU sec, 8.430 real sec
[M::process] read 79232 sequences (10000015 bp)...
[M::mem_process_seqs] Processed 85010 reads in 8.982 CPU sec, 9.324 real sec
[M::process] read 83966 sequences (10000137 bp)...
[M::mem_process_seqs] Processed 79232 reads in 7.309 CPU sec, 7.764 real sec
[M::process] read 84462 sequences (10000156 bp)...
[M::mem_process_seqs] Processed 83966 reads in 8.823 CPU sec, 9.193 real sec
[M::process] read 81820 sequences (10000253 bp)...
[M::mem_process_seqs] Processed 84462 reads in 9.492 CPU sec, 9.776 real sec
[M::process] read 73022 sequences (10000001 bp)...
[M::mem_process_seqs] Processed 81820 reads in 8.556 CPU sec, 8.858 real sec
[M::process] read 70944 sequences (10000012 bp)...
[M::mem_process_seqs] Processed 73022 reads in 5.833 CPU sec, 5.820 real sec
[M::process] read 78318 sequences (10000153 bp)...
[M::mem_process_seqs] Processed 70944 reads in 5.832 CPU sec, 6.220 real sec
[M::process] read 79640 sequences (10000219 bp)...
[M::mem_process_seqs] Processed 78318 reads in 6.734 CPU sec, 7.272 real sec
[M::process] read 84404 sequences (10000030 bp)...
[M::mem_process_seqs] Processed 79640 reads in 7.747 CPU sec, 8.131 real sec
[M::process] read 85240 sequences (10000156 bp)...
[M::mem_process_seqs] Processed 84404 reads in 8.989 CPU sec, 9.266 real sec
[M::process] read 83968 sequences (10000152 bp)...
[M::mem_process_seqs] Processed 85240 reads in 10.134 CPU sec, 10.869 real sec
[M::process] read 85128 sequences (10000020 bp)...
[M::mem_process_seqs] Processed 83968 reads in 10.122 CPU sec, 10.324 real sec
[M::process] read 85510 sequences (10000039 bp)...
[M::mem_process_seqs] Processed 85128 reads in 9.363 CPU sec, 9.349 real sec
[M::process] read 86130 sequences (10000153 bp)...
[M::mem_process_seqs] Processed 85510 reads in 9.431 CPU sec, 10.091 real sec
[M::process] read 79578 sequences (10000178 bp)...
[M::mem_process_seqs] Processed 86130 reads in 9.518 CPU sec, 9.813 real sec
[M::process] read 85190 sequences (10000241 bp)...
[M::mem_process_seqs] Processed 79578 reads in 14.970 CPU sec, 16.054 real sec
[M::process] read 85206 sequences (10000021 bp)...
[M::mem_process_seqs] Processed 85190 reads in 10.648 CPU sec, 11.756 real sec
[M::process] read 84186 sequences (10000199 bp)...
[M::mem_process_seqs] Processed 85206 reads in 9.508 CPU sec, 9.824 real sec
[M::process] read 85612 sequences (10000055 bp)...
[M::mem_process_seqs] Processed 84186 reads in 8.710 CPU sec, 9.356 real sec
[M::process] read 84436 sequences (10000045 bp)...
[M::mem_process_seqs] Processed 85612 reads in 9.727 CPU sec, 10.172 real sec
[M::process] read 85472 sequences (10000023 bp)...
[M::mem_process_seqs] Processed 84436 reads in 8.933 CPU sec, 8.734 real sec
[M::process] read 85600 sequences (10000090 bp)...
[M::mem_process_seqs] Processed 85472 reads in 8.543 CPU sec, 8.448 real sec
[M::process] read 85792 sequences (10000210 bp)...
[M::mem_process_seqs] Processed 85600 reads in 9.032 CPU sec, 9.508 real sec
[M::process] read 84982 sequences (10000064 bp)...
[M::mem_process_seqs] Processed 85792 reads in 8.934 CPU sec, 9.468 real sec
[M::process] read 78520 sequences (10000204 bp)...
[M::mem_process_seqs] Processed 84982 reads in 9.482 CPU sec, 10.066 real sec
[M::process] read 85106 sequences (10000060 bp)...
[M::mem_process_seqs] Processed 78520 reads in 8.248 CPU sec, 8.439 real sec
[M::process] read 74704 sequences (8759951 bp)...
[M::mem_process_seqs] Processed 85106 reads in 9.245 CPU sec, 9.648 real sec
[M::mem_process_seqs] Processed 74704 reads in 7.628 CPU sec, 7.914 real sec
[main] Version: 0.7.17-r1188
[main] CMD: bwa mem -L 5 -I 376.939,57.422,519,224 -t 1 -a -M -T 30 -A 1 -B 4 -O 6 -R @RG\tID:Sde-AMat_083-SdA01083-L2-clmp-fp2-repr\tSM:Sde-AMat_083-SdA01083-L2-clmp-fp2-repr\tPL:Illumina reference.rad.D-3-3-probes4development-noMSATS-noNNNN-224-519bp-0-8TGCAGG-lessthan2indelsof3nt.fasta Sde-AMat_083-SdA01083-L2-clmp-fp2-repr.R1.fq.gz Sde-AMat_083-SdA01083-L2-clmp-fp2-repr.R2.fq.gz
[main] Real time: 1275.733 sec; CPU: 1224.659 sec
