[M::main_mem] mean insert size: 376.939, stddev: 57.422, max: 519, min: 224
[M::bwa_idx_load_from_disk] read 0 ALT contigs
[M::process] read 81128 sequences (10000011 bp)...
[M::process] read 79444 sequences (10000162 bp)...
[M::mem_process_seqs] Processed 81128 reads in 8.342 CPU sec, 8.418 real sec
[M::process] read 81438 sequences (10000225 bp)...
[M::mem_process_seqs] Processed 79444 reads in 7.785 CPU sec, 8.967 real sec
[M::process] read 81906 sequences (10000163 bp)...
[M::mem_process_seqs] Processed 81438 reads in 8.261 CPU sec, 8.593 real sec
[M::process] read 81866 sequences (10000039 bp)...
[M::mem_process_seqs] Processed 81906 reads in 8.358 CPU sec, 9.062 real sec
[M::process] read 81126 sequences (10000204 bp)...
[M::mem_process_seqs] Processed 81866 reads in 8.638 CPU sec, 9.127 real sec
[M::process] read 81728 sequences (10000142 bp)...
[M::mem_process_seqs] Processed 81126 reads in 8.251 CPU sec, 8.886 real sec
[M::process] read 81572 sequences (10000133 bp)...
[M::mem_process_seqs] Processed 81728 reads in 8.528 CPU sec, 9.311 real sec
[M::process] read 81930 sequences (10000113 bp)...
[M::mem_process_seqs] Processed 81572 reads in 8.327 CPU sec, 9.196 real sec
[M::process] read 81706 sequences (10000068 bp)...
[M::mem_process_seqs] Processed 81930 reads in 8.282 CPU sec, 9.032 real sec
[M::process] read 82092 sequences (10000190 bp)...
[M::mem_process_seqs] Processed 81706 reads in 8.405 CPU sec, 8.676 real sec
[M::process] read 81194 sequences (10000154 bp)...
[M::mem_process_seqs] Processed 82092 reads in 8.630 CPU sec, 8.949 real sec
[M::process] read 81878 sequences (10000065 bp)...
[M::mem_process_seqs] Processed 81194 reads in 8.493 CPU sec, 9.264 real sec
[M::process] read 81508 sequences (10000023 bp)...
[M::mem_process_seqs] Processed 81878 reads in 8.252 CPU sec, 8.922 real sec
[M::process] read 81742 sequences (10000038 bp)...
[M::mem_process_seqs] Processed 81508 reads in 8.739 CPU sec, 9.099 real sec
[M::process] read 81518 sequences (10000000 bp)...
[M::mem_process_seqs] Processed 81742 reads in 8.609 CPU sec, 8.732 real sec
[M::process] read 81252 sequences (10000226 bp)...
[M::mem_process_seqs] Processed 81518 reads in 8.492 CPU sec, 8.818 real sec
[M::process] read 79480 sequences (10000055 bp)...
[M::mem_process_seqs] Processed 81252 reads in 8.668 CPU sec, 8.755 real sec
[M::process] read 81494 sequences (10000140 bp)...
[M::mem_process_seqs] Processed 79480 reads in 7.477 CPU sec, 7.505 real sec
[M::process] read 81724 sequences (10000109 bp)...
[M::mem_process_seqs] Processed 81494 reads in 8.625 CPU sec, 8.949 real sec
[M::process] read 75550 sequences (10000164 bp)...
[M::mem_process_seqs] Processed 81724 reads in 8.907 CPU sec, 10.017 real sec
[M::process] read 78788 sequences (10000115 bp)...
[M::mem_process_seqs] Processed 75550 reads in 7.073 CPU sec, 7.800 real sec
[M::process] read 81616 sequences (10000269 bp)...
[M::mem_process_seqs] Processed 78788 reads in 7.474 CPU sec, 8.068 real sec
[M::process] read 81116 sequences (10000228 bp)...
[M::mem_process_seqs] Processed 81616 reads in 8.641 CPU sec, 9.109 real sec
[M::process] read 81660 sequences (10000109 bp)...
[M::mem_process_seqs] Processed 81116 reads in 8.073 CPU sec, 8.242 real sec
[M::process] read 80792 sequences (10000185 bp)...
[M::mem_process_seqs] Processed 81660 reads in 8.279 CPU sec, 8.571 real sec
[M::process] read 81026 sequences (10000189 bp)...
[M::mem_process_seqs] Processed 80792 reads in 8.423 CPU sec, 9.070 real sec
[M::process] read 81354 sequences (10000239 bp)...
[M::mem_process_seqs] Processed 81026 reads in 8.364 CPU sec, 8.561 real sec
[M::process] read 78934 sequences (10000084 bp)...
[M::mem_process_seqs] Processed 81354 reads in 8.161 CPU sec, 8.464 real sec
[M::process] read 81098 sequences (10000262 bp)...
[M::mem_process_seqs] Processed 78934 reads in 7.645 CPU sec, 7.607 real sec
[M::process] read 81486 sequences (10000102 bp)...
[M::mem_process_seqs] Processed 81098 reads in 9.015 CPU sec, 9.571 real sec
[M::process] read 81308 sequences (10000006 bp)...
[M::mem_process_seqs] Processed 81486 reads in 8.478 CPU sec, 8.997 real sec
[M::process] read 81806 sequences (10000219 bp)...
[M::mem_process_seqs] Processed 81308 reads in 9.252 CPU sec, 9.592 real sec
[M::process] read 81686 sequences (10000261 bp)...
[M::mem_process_seqs] Processed 81806 reads in 9.050 CPU sec, 9.383 real sec
[M::process] read 81282 sequences (10000200 bp)...
[M::mem_process_seqs] Processed 81686 reads in 8.505 CPU sec, 9.209 real sec
[M::process] read 81826 sequences (10000182 bp)...
[M::mem_process_seqs] Processed 81282 reads in 8.467 CPU sec, 9.263 real sec
[M::process] read 81300 sequences (10000179 bp)...
[M::mem_process_seqs] Processed 81826 reads in 9.171 CPU sec, 9.405 real sec
[M::process] read 81732 sequences (10000010 bp)...
[M::mem_process_seqs] Processed 81300 reads in 8.776 CPU sec, 9.225 real sec
[M::process] read 81408 sequences (10000135 bp)...
[M::mem_process_seqs] Processed 81732 reads in 8.268 CPU sec, 8.341 real sec
[M::process] read 81720 sequences (10000051 bp)...
[M::mem_process_seqs] Processed 81408 reads in 8.750 CPU sec, 9.075 real sec
[M::process] read 81774 sequences (10000129 bp)...
[M::mem_process_seqs] Processed 81720 reads in 10.033 CPU sec, 10.604 real sec
[M::process] read 81760 sequences (10000110 bp)...
[M::mem_process_seqs] Processed 81774 reads in 8.401 CPU sec, 8.787 real sec
[M::process] read 80610 sequences (10000082 bp)...
[M::mem_process_seqs] Processed 81760 reads in 8.488 CPU sec, 9.121 real sec
[M::process] read 77514 sequences (10000038 bp)...
[M::mem_process_seqs] Processed 80610 reads in 8.273 CPU sec, 8.365 real sec
[M::process] read 81304 sequences (10000061 bp)...
[M::mem_process_seqs] Processed 77514 reads in 7.331 CPU sec, 7.681 real sec
[M::process] read 80514 sequences (10000113 bp)...
[M::mem_process_seqs] Processed 81304 reads in 8.376 CPU sec, 8.924 real sec
[M::process] read 75852 sequences (10000052 bp)...
[M::mem_process_seqs] Processed 80514 reads in 8.116 CPU sec, 8.412 real sec
[M::process] read 80728 sequences (10000130 bp)...
[M::mem_process_seqs] Processed 75852 reads in 7.312 CPU sec, 7.830 real sec
[M::process] read 81222 sequences (10000139 bp)...
[M::mem_process_seqs] Processed 80728 reads in 8.323 CPU sec, 8.825 real sec
[M::process] read 81728 sequences (10000126 bp)...
[M::mem_process_seqs] Processed 81222 reads in 8.723 CPU sec, 9.564 real sec
[M::process] read 81446 sequences (10000078 bp)...
[M::mem_process_seqs] Processed 81728 reads in 8.365 CPU sec, 8.993 real sec
[M::process] read 81574 sequences (10000039 bp)...
[M::mem_process_seqs] Processed 81446 reads in 9.156 CPU sec, 9.611 real sec
[M::process] read 81380 sequences (10000229 bp)...
[M::mem_process_seqs] Processed 81574 reads in 8.454 CPU sec, 9.020 real sec
[M::process] read 81686 sequences (10000236 bp)...
[M::mem_process_seqs] Processed 81380 reads in 8.351 CPU sec, 8.399 real sec
[M::process] read 80780 sequences (10000138 bp)...
[M::mem_process_seqs] Processed 81686 reads in 8.545 CPU sec, 9.491 real sec
[M::process] read 75430 sequences (9225622 bp)...
[M::mem_process_seqs] Processed 80780 reads in 8.577 CPU sec, 8.976 real sec
[M::mem_process_seqs] Processed 75430 reads in 7.463 CPU sec, 8.323 real sec
[main] Version: 0.7.17-r1188
[main] CMD: bwa mem -L 5 -I 376.939,57.422,519,224 -t 1 -a -M -T 30 -A 1 -B 4 -O 6 -R @RG\tID:Sde-AMat_041-SdA01041-L2-clmp-fp2-repr\tSM:Sde-AMat_041-SdA01041-L2-clmp-fp2-repr\tPL:Illumina reference.rad.D-3-3-probes4development-noMSATS-noNNNN-224-519bp-0-8TGCAGG-lessthan2indelsof3nt.fasta Sde-AMat_041-SdA01041-L2-clmp-fp2-repr.R1.fq.gz Sde-AMat_041-SdA01041-L2-clmp-fp2-repr.R2.fq.gz
[main] Real time: 498.401 sec; CPU: 470.560 sec
