[M::main_mem] mean insert size: 376.939, stddev: 57.422, max: 519, min: 224
[M::bwa_idx_load_from_disk] read 0 ALT contigs
[M::process] read 72284 sequences (10000288 bp)...
[M::process] read 72100 sequences (10000068 bp)...
[M::mem_process_seqs] Processed 72284 reads in 8.590 CPU sec, 8.652 real sec
[M::process] read 72464 sequences (10000021 bp)...
[M::mem_process_seqs] Processed 72100 reads in 8.432 CPU sec, 9.056 real sec
[M::process] read 73728 sequences (10000084 bp)...
[M::mem_process_seqs] Processed 72464 reads in 8.728 CPU sec, 8.850 real sec
[M::process] read 72174 sequences (10000152 bp)...
[M::mem_process_seqs] Processed 73728 reads in 8.688 CPU sec, 9.273 real sec
[M::process] read 72204 sequences (10000162 bp)...
[M::mem_process_seqs] Processed 72174 reads in 8.855 CPU sec, 9.543 real sec
[M::process] read 72476 sequences (10000028 bp)...
[M::mem_process_seqs] Processed 72204 reads in 9.073 CPU sec, 9.361 real sec
[M::process] read 72094 sequences (10000121 bp)...
[M::mem_process_seqs] Processed 72476 reads in 9.023 CPU sec, 9.630 real sec
[M::process] read 75210 sequences (10000219 bp)...
[M::mem_process_seqs] Processed 72094 reads in 9.116 CPU sec, 9.575 real sec
[M::process] read 72330 sequences (10000048 bp)...
[M::mem_process_seqs] Processed 75210 reads in 8.552 CPU sec, 8.882 real sec
[M::process] read 72012 sequences (10000021 bp)...
[M::mem_process_seqs] Processed 72330 reads in 8.808 CPU sec, 9.012 real sec
[M::process] read 72492 sequences (10000081 bp)...
[M::mem_process_seqs] Processed 72012 reads in 9.342 CPU sec, 10.245 real sec
[M::process] read 72016 sequences (10000284 bp)...
[M::mem_process_seqs] Processed 72492 reads in 8.863 CPU sec, 9.619 real sec
[M::process] read 72148 sequences (10000111 bp)...
[M::mem_process_seqs] Processed 72016 reads in 9.239 CPU sec, 9.438 real sec
[M::process] read 72310 sequences (10000298 bp)...
[M::mem_process_seqs] Processed 72148 reads in 8.769 CPU sec, 9.191 real sec
[M::process] read 73308 sequences (10000040 bp)...
[M::mem_process_seqs] Processed 72310 reads in 8.958 CPU sec, 9.494 real sec
[M::process] read 71986 sequences (10000093 bp)...
[M::mem_process_seqs] Processed 73308 reads in 8.948 CPU sec, 9.636 real sec
[M::process] read 72802 sequences (10000213 bp)...
[M::mem_process_seqs] Processed 71986 reads in 8.481 CPU sec, 9.023 real sec
[M::process] read 72888 sequences (10000133 bp)...
[M::mem_process_seqs] Processed 72802 reads in 8.469 CPU sec, 8.743 real sec
[M::process] read 73324 sequences (10000132 bp)...
[M::mem_process_seqs] Processed 72888 reads in 8.757 CPU sec, 9.006 real sec
[M::process] read 72708 sequences (10000036 bp)...
[M::mem_process_seqs] Processed 73324 reads in 8.381 CPU sec, 9.180 real sec
[M::process] read 72668 sequences (10000045 bp)...
[M::mem_process_seqs] Processed 72708 reads in 8.807 CPU sec, 9.237 real sec
[M::process] read 72144 sequences (10000065 bp)...
[M::mem_process_seqs] Processed 72668 reads in 9.185 CPU sec, 9.529 real sec
[M::process] read 71674 sequences (10000051 bp)...
[M::mem_process_seqs] Processed 72144 reads in 8.587 CPU sec, 8.466 real sec
[M::process] read 72176 sequences (10000087 bp)...
[M::mem_process_seqs] Processed 71674 reads in 10.025 CPU sec, 10.457 real sec
[M::process] read 72276 sequences (10000292 bp)...
[M::mem_process_seqs] Processed 72176 reads in 9.097 CPU sec, 9.565 real sec
[M::process] read 72442 sequences (10000156 bp)...
[M::mem_process_seqs] Processed 72276 reads in 8.770 CPU sec, 9.385 real sec
[M::process] read 72226 sequences (10000191 bp)...
[M::mem_process_seqs] Processed 72442 reads in 9.128 CPU sec, 9.829 real sec
[M::process] read 72202 sequences (10000177 bp)...
[M::mem_process_seqs] Processed 72226 reads in 8.839 CPU sec, 8.908 real sec
[M::process] read 72276 sequences (10000091 bp)...
[M::mem_process_seqs] Processed 72202 reads in 9.083 CPU sec, 9.066 real sec
[M::process] read 72274 sequences (10000006 bp)...
[M::mem_process_seqs] Processed 72276 reads in 8.916 CPU sec, 9.625 real sec
[M::process] read 72288 sequences (10000241 bp)...
[M::mem_process_seqs] Processed 72274 reads in 9.914 CPU sec, 10.685 real sec
[M::process] read 71986 sequences (10000216 bp)...
[M::mem_process_seqs] Processed 72288 reads in 8.515 CPU sec, 9.032 real sec
[M::process] read 72168 sequences (10000162 bp)...
[M::mem_process_seqs] Processed 71986 reads in 8.982 CPU sec, 9.068 real sec
[M::process] read 72434 sequences (10000051 bp)...
[M::mem_process_seqs] Processed 72168 reads in 8.520 CPU sec, 9.284 real sec
[M::process] read 71824 sequences (10000254 bp)...
[M::mem_process_seqs] Processed 72434 reads in 8.460 CPU sec, 8.601 real sec
[M::process] read 72654 sequences (10000226 bp)...
[M::mem_process_seqs] Processed 71824 reads in 8.503 CPU sec, 8.434 real sec
[M::process] read 72258 sequences (10000009 bp)...
[M::mem_process_seqs] Processed 72654 reads in 8.996 CPU sec, 9.100 real sec
[M::process] read 72092 sequences (10000142 bp)...
[M::mem_process_seqs] Processed 72258 reads in 8.690 CPU sec, 9.609 real sec
[M::process] read 72226 sequences (10000155 bp)...
[M::mem_process_seqs] Processed 72092 reads in 9.480 CPU sec, 9.732 real sec
[M::process] read 73580 sequences (10000209 bp)...
[M::mem_process_seqs] Processed 72226 reads in 9.439 CPU sec, 9.830 real sec
[M::process] read 72590 sequences (10000129 bp)...
[M::mem_process_seqs] Processed 73580 reads in 8.262 CPU sec, 8.326 real sec
[M::process] read 73044 sequences (10000203 bp)...
[M::mem_process_seqs] Processed 72590 reads in 8.680 CPU sec, 9.237 real sec
[M::process] read 42210 sequences (5809397 bp)...
[M::mem_process_seqs] Processed 73044 reads in 8.847 CPU sec, 9.228 real sec
[M::mem_process_seqs] Processed 42210 reads in 5.039 CPU sec, 5.229 real sec
[main] Version: 0.7.17-r1188
[main] CMD: bwa mem -L 5 -I 376.939,57.422,519,224 -t 1 -a -M -T 30 -A 1 -B 4 -O 6 -R @RG\tID:Sde-CMat_043-SdC01043-L2-clmp-fp2-repr\tSM:Sde-CMat_043-SdC01043-L2-clmp-fp2-repr\tPL:Illumina reference.rad.D-3-3-probes4development-noMSATS-noNNNN-224-519bp-0-8TGCAGG-lessthan2indelsof3nt.fasta Sde-CMat_043-SdC01043-L2-clmp-fp2-repr.R1.fq.gz Sde-CMat_043-SdC01043-L2-clmp-fp2-repr.R2.fq.gz
[main] Real time: 405.738 sec; CPU: 387.191 sec
