[M::main_mem] mean insert size: 376.939, stddev: 57.422, max: 519, min: 224
[M::bwa_idx_load_from_disk] read 0 ALT contigs
[M::process] read 70692 sequences (10000287 bp)...
[M::process] read 70892 sequences (10000186 bp)...
[M::mem_process_seqs] Processed 70692 reads in 8.479 CPU sec, 8.994 real sec
[M::process] read 70890 sequences (10000198 bp)...
[M::mem_process_seqs] Processed 70892 reads in 8.682 CPU sec, 9.333 real sec
[M::process] read 70964 sequences (10000203 bp)...
[M::mem_process_seqs] Processed 70890 reads in 8.256 CPU sec, 8.533 real sec
[M::process] read 71050 sequences (10000028 bp)...
[M::mem_process_seqs] Processed 70964 reads in 8.615 CPU sec, 9.076 real sec
[M::process] read 70852 sequences (10000264 bp)...
[M::mem_process_seqs] Processed 71050 reads in 8.602 CPU sec, 8.964 real sec
[M::process] read 70696 sequences (10000121 bp)...
[M::mem_process_seqs] Processed 70852 reads in 8.606 CPU sec, 9.660 real sec
[M::process] read 71126 sequences (10000149 bp)...
[M::mem_process_seqs] Processed 70696 reads in 8.720 CPU sec, 8.747 real sec
[M::process] read 70740 sequences (10000047 bp)...
[M::mem_process_seqs] Processed 71126 reads in 8.588 CPU sec, 9.306 real sec
[M::process] read 70808 sequences (10000144 bp)...
[M::mem_process_seqs] Processed 70740 reads in 8.846 CPU sec, 9.273 real sec
[M::process] read 70714 sequences (10000222 bp)...
[M::mem_process_seqs] Processed 70808 reads in 8.801 CPU sec, 9.043 real sec
[M::process] read 70750 sequences (10000270 bp)...
[M::mem_process_seqs] Processed 70714 reads in 9.007 CPU sec, 9.047 real sec
[M::process] read 70752 sequences (10000120 bp)...
[M::mem_process_seqs] Processed 70750 reads in 8.880 CPU sec, 8.828 real sec
[M::process] read 70860 sequences (10000131 bp)...
[M::mem_process_seqs] Processed 70752 reads in 8.803 CPU sec, 9.195 real sec
[M::process] read 70700 sequences (10000054 bp)...
[M::mem_process_seqs] Processed 70860 reads in 8.722 CPU sec, 9.678 real sec
[M::process] read 70558 sequences (10000003 bp)...
[M::mem_process_seqs] Processed 70700 reads in 8.487 CPU sec, 8.566 real sec
[M::process] read 70582 sequences (10000113 bp)...
[M::mem_process_seqs] Processed 70558 reads in 9.406 CPU sec, 9.614 real sec
[M::process] read 72826 sequences (10000131 bp)...
[M::mem_process_seqs] Processed 70582 reads in 8.812 CPU sec, 8.720 real sec
[M::process] read 70398 sequences (10000008 bp)...
[M::mem_process_seqs] Processed 72826 reads in 8.514 CPU sec, 9.009 real sec
[M::process] read 70728 sequences (10000270 bp)...
[M::mem_process_seqs] Processed 70398 reads in 8.680 CPU sec, 8.739 real sec
[M::process] read 70980 sequences (10000034 bp)...
[M::mem_process_seqs] Processed 70728 reads in 8.905 CPU sec, 9.812 real sec
[M::process] read 70778 sequences (10000264 bp)...
[M::mem_process_seqs] Processed 70980 reads in 9.014 CPU sec, 9.562 real sec
[M::process] read 70864 sequences (10000130 bp)...
[M::mem_process_seqs] Processed 70778 reads in 9.105 CPU sec, 9.556 real sec
[M::process] read 70960 sequences (10000202 bp)...
[M::mem_process_seqs] Processed 70864 reads in 8.932 CPU sec, 9.287 real sec
[M::process] read 70480 sequences (10000049 bp)...
[M::mem_process_seqs] Processed 70960 reads in 8.987 CPU sec, 9.706 real sec
[M::process] read 70572 sequences (10000232 bp)...
[M::mem_process_seqs] Processed 70480 reads in 8.916 CPU sec, 9.534 real sec
[M::process] read 70660 sequences (10000166 bp)...
[M::mem_process_seqs] Processed 70572 reads in 8.944 CPU sec, 9.329 real sec
[M::process] read 70904 sequences (10000109 bp)...
[M::mem_process_seqs] Processed 70660 reads in 8.921 CPU sec, 10.108 real sec
[M::process] read 71020 sequences (10000167 bp)...
[M::mem_process_seqs] Processed 70904 reads in 8.678 CPU sec, 9.076 real sec
[M::process] read 70878 sequences (10000205 bp)...
[M::mem_process_seqs] Processed 71020 reads in 8.767 CPU sec, 9.440 real sec
[M::process] read 70496 sequences (10000100 bp)...
[M::mem_process_seqs] Processed 70878 reads in 8.804 CPU sec, 9.698 real sec
[M::process] read 70894 sequences (10000206 bp)...
[M::mem_process_seqs] Processed 70496 reads in 9.116 CPU sec, 9.303 real sec
[M::process] read 70686 sequences (10000228 bp)...
[M::mem_process_seqs] Processed 70894 reads in 9.350 CPU sec, 9.902 real sec
[M::process] read 70914 sequences (10000054 bp)...
[M::mem_process_seqs] Processed 70686 reads in 8.456 CPU sec, 8.754 real sec
[M::process] read 70816 sequences (10000143 bp)...
[M::mem_process_seqs] Processed 70914 reads in 7.853 CPU sec, 7.987 real sec
[M::process] read 70836 sequences (10000082 bp)...
[M::mem_process_seqs] Processed 70816 reads in 9.154 CPU sec, 9.723 real sec
[M::process] read 71112 sequences (10000049 bp)...
[M::mem_process_seqs] Processed 70836 reads in 8.853 CPU sec, 9.802 real sec
[M::process] read 71060 sequences (10000040 bp)...
[M::mem_process_seqs] Processed 71112 reads in 8.587 CPU sec, 9.103 real sec
[M::process] read 71374 sequences (10000282 bp)...
[M::mem_process_seqs] Processed 71060 reads in 9.197 CPU sec, 9.738 real sec
[M::process] read 70976 sequences (10000118 bp)...
[M::mem_process_seqs] Processed 71374 reads in 8.707 CPU sec, 8.914 real sec
[M::process] read 71434 sequences (10000120 bp)...
[M::mem_process_seqs] Processed 70976 reads in 8.699 CPU sec, 8.913 real sec
[M::process] read 70788 sequences (10000237 bp)...
[M::mem_process_seqs] Processed 71434 reads in 8.992 CPU sec, 9.113 real sec
[M::process] read 70870 sequences (10000262 bp)...
[M::mem_process_seqs] Processed 70788 reads in 8.814 CPU sec, 9.126 real sec
[M::process] read 70952 sequences (10000169 bp)...
[M::mem_process_seqs] Processed 70870 reads in 9.754 CPU sec, 10.419 real sec
[M::process] read 70790 sequences (10000279 bp)...
[M::mem_process_seqs] Processed 70952 reads in 8.753 CPU sec, 9.168 real sec
[M::process] read 71140 sequences (10000083 bp)...
[M::mem_process_seqs] Processed 70790 reads in 8.533 CPU sec, 9.048 real sec
[M::process] read 70258 sequences (10000100 bp)...
[M::mem_process_seqs] Processed 71140 reads in 8.197 CPU sec, 8.702 real sec
[M::process] read 70668 sequences (10000084 bp)...
[M::mem_process_seqs] Processed 70258 reads in 11.254 CPU sec, 11.408 real sec
[M::process] read 70640 sequences (10000011 bp)...
[M::mem_process_seqs] Processed 70668 reads in 9.183 CPU sec, 9.805 real sec
[M::process] read 70544 sequences (10000050 bp)...
[M::mem_process_seqs] Processed 70640 reads in 9.165 CPU sec, 9.715 real sec
[M::process] read 70722 sequences (10000116 bp)...
[M::mem_process_seqs] Processed 70544 reads in 9.918 CPU sec, 10.545 real sec
[M::process] read 70664 sequences (10000174 bp)...
[M::mem_process_seqs] Processed 70722 reads in 8.706 CPU sec, 9.115 real sec
[M::process] read 70766 sequences (10000197 bp)...
[M::mem_process_seqs] Processed 70664 reads in 9.010 CPU sec, 9.284 real sec
[M::process] read 70710 sequences (10000179 bp)...
[M::mem_process_seqs] Processed 70766 reads in 9.456 CPU sec, 9.639 real sec
[M::process] read 70716 sequences (10000176 bp)...
[M::mem_process_seqs] Processed 70710 reads in 8.932 CPU sec, 9.284 real sec
[M::process] read 70662 sequences (10000127 bp)...
[M::mem_process_seqs] Processed 70716 reads in 9.636 CPU sec, 10.134 real sec
[M::process] read 70698 sequences (10000219 bp)...
[M::mem_process_seqs] Processed 70662 reads in 9.050 CPU sec, 9.547 real sec
[M::process] read 70698 sequences (10000077 bp)...
[M::mem_process_seqs] Processed 70698 reads in 8.389 CPU sec, 8.483 real sec
[M::process] read 70552 sequences (10000067 bp)...
[M::mem_process_seqs] Processed 70698 reads in 9.053 CPU sec, 9.550 real sec
[M::process] read 70812 sequences (10000271 bp)...
[M::mem_process_seqs] Processed 70552 reads in 8.322 CPU sec, 8.539 real sec
[M::process] read 70998 sequences (10000104 bp)...
[M::mem_process_seqs] Processed 70812 reads in 8.425 CPU sec, 8.920 real sec
[M::process] read 70830 sequences (10000091 bp)...
[M::mem_process_seqs] Processed 70998 reads in 9.072 CPU sec, 9.594 real sec
[M::process] read 70712 sequences (10000295 bp)...
[M::mem_process_seqs] Processed 70830 reads in 8.532 CPU sec, 8.725 real sec
[M::process] read 70620 sequences (10000210 bp)...
[M::mem_process_seqs] Processed 70712 reads in 11.541 CPU sec, 12.038 real sec
[M::process] read 70870 sequences (10000130 bp)...
[M::mem_process_seqs] Processed 70620 reads in 8.983 CPU sec, 9.187 real sec
[M::process] read 70892 sequences (10000100 bp)...
[M::mem_process_seqs] Processed 70870 reads in 9.144 CPU sec, 9.332 real sec
[M::process] read 70526 sequences (10000236 bp)...
[M::mem_process_seqs] Processed 70892 reads in 9.083 CPU sec, 8.969 real sec
[M::process] read 70902 sequences (10000156 bp)...
[M::mem_process_seqs] Processed 70526 reads in 9.150 CPU sec, 9.583 real sec
[M::process] read 70516 sequences (10000079 bp)...
[M::mem_process_seqs] Processed 70902 reads in 8.572 CPU sec, 8.788 real sec
[M::process] read 70710 sequences (10000108 bp)...
[M::mem_process_seqs] Processed 70516 reads in 8.799 CPU sec, 8.848 real sec
[M::process] read 70834 sequences (10000079 bp)...
[M::mem_process_seqs] Processed 70710 reads in 8.018 CPU sec, 8.582 real sec
[M::process] read 70734 sequences (10000134 bp)...
[M::mem_process_seqs] Processed 70834 reads in 8.711 CPU sec, 8.906 real sec
[M::process] read 70588 sequences (10000110 bp)...
[M::mem_process_seqs] Processed 70734 reads in 8.787 CPU sec, 8.842 real sec
[M::process] read 71008 sequences (10000052 bp)...
[M::mem_process_seqs] Processed 70588 reads in 9.274 CPU sec, 9.770 real sec
[M::process] read 70872 sequences (10000184 bp)...
[M::mem_process_seqs] Processed 71008 reads in 8.353 CPU sec, 8.801 real sec
[M::process] read 70642 sequences (10000274 bp)...
[M::mem_process_seqs] Processed 70872 reads in 8.501 CPU sec, 9.001 real sec
[M::process] read 70568 sequences (10000289 bp)...
[M::mem_process_seqs] Processed 70642 reads in 8.547 CPU sec, 8.507 real sec
[M::process] read 70718 sequences (10000038 bp)...
[M::mem_process_seqs] Processed 70568 reads in 9.031 CPU sec, 9.649 real sec
[M::process] read 70666 sequences (10000298 bp)...
[M::mem_process_seqs] Processed 70718 reads in 8.715 CPU sec, 9.314 real sec
[M::process] read 70622 sequences (10000117 bp)...
[M::mem_process_seqs] Processed 70666 reads in 9.367 CPU sec, 9.550 real sec
[M::process] read 70878 sequences (10000229 bp)...
[M::mem_process_seqs] Processed 70622 reads in 9.115 CPU sec, 9.099 real sec
[M::process] read 70678 sequences (10000023 bp)...
[M::mem_process_seqs] Processed 70878 reads in 10.448 CPU sec, 10.564 real sec
[M::process] read 71878 sequences (10000171 bp)...
[M::mem_process_seqs] Processed 70678 reads in 8.856 CPU sec, 9.234 real sec
[M::process] read 70750 sequences (10000004 bp)...
[M::mem_process_seqs] Processed 71878 reads in 8.420 CPU sec, 8.779 real sec
[M::process] read 70868 sequences (10000111 bp)...
[M::mem_process_seqs] Processed 70750 reads in 8.807 CPU sec, 9.118 real sec
[M::process] read 70876 sequences (10000035 bp)...
[M::mem_process_seqs] Processed 70868 reads in 9.005 CPU sec, 9.260 real sec
[M::process] read 70578 sequences (10000256 bp)...
[M::mem_process_seqs] Processed 70876 reads in 8.842 CPU sec, 9.585 real sec
[M::process] read 70782 sequences (10000140 bp)...
[M::mem_process_seqs] Processed 70578 reads in 8.945 CPU sec, 9.462 real sec
[M::process] read 58864 sequences (8287499 bp)...
[M::mem_process_seqs] Processed 70782 reads in 8.488 CPU sec, 8.620 real sec
[M::mem_process_seqs] Processed 58864 reads in 7.170 CPU sec, 7.566 real sec
[main] Version: 0.7.17-r1188
[main] CMD: bwa mem -L 5 -I 376.939,57.422,519,224 -t 1 -a -M -T 30 -A 1 -B 4 -O 6 -R @RG\tID:Sde-CMat_048-SdC01048-L2-clmp-fp2-repr\tSM:Sde-CMat_048-SdC01048-L2-clmp-fp2-repr\tPL:Illumina reference.rad.D-3-3-probes4development-noMSATS-noNNNN-224-519bp-0-8TGCAGG-lessthan2indelsof3nt.fasta Sde-CMat_048-SdC01048-L2-clmp-fp2-repr.R1.fq.gz Sde-CMat_048-SdC01048-L2-clmp-fp2-repr.R2.fq.gz
[main] Real time: 829.498 sec; CPU: 791.565 sec
