[M::main_mem] mean insert size: 376.939, stddev: 57.422, max: 519, min: 224
[M::bwa_idx_load_from_disk] read 0 ALT contigs
[M::process] read 79466 sequences (10000251 bp)...
[M::process] read 75804 sequences (10000237 bp)...
[M::mem_process_seqs] Processed 79466 reads in 8.928 CPU sec, 9.241 real sec
[M::process] read 80368 sequences (10000119 bp)...
[M::mem_process_seqs] Processed 75804 reads in 7.433 CPU sec, 7.692 real sec
[M::process] read 78588 sequences (10000278 bp)...
[M::mem_process_seqs] Processed 80368 reads in 9.487 CPU sec, 9.623 real sec
[M::process] read 80408 sequences (10000197 bp)...
[M::mem_process_seqs] Processed 78588 reads in 8.763 CPU sec, 9.252 real sec
[M::process] read 80156 sequences (10000016 bp)...
[M::mem_process_seqs] Processed 80408 reads in 9.729 CPU sec, 10.919 real sec
[M::process] read 79910 sequences (10000070 bp)...
[M::mem_process_seqs] Processed 80156 reads in 9.377 CPU sec, 9.596 real sec
[M::process] read 80296 sequences (10000038 bp)...
[M::mem_process_seqs] Processed 79910 reads in 10.060 CPU sec, 10.854 real sec
[M::process] read 79666 sequences (10000071 bp)...
[M::mem_process_seqs] Processed 80296 reads in 9.221 CPU sec, 9.474 real sec
[M::process] read 79088 sequences (10000016 bp)...
[M::mem_process_seqs] Processed 79666 reads in 10.467 CPU sec, 10.821 real sec
[M::process] read 76594 sequences (10000087 bp)...
[M::mem_process_seqs] Processed 79088 reads in 9.467 CPU sec, 10.065 real sec
[M::process] read 79550 sequences (10000098 bp)...
[M::mem_process_seqs] Processed 76594 reads in 7.522 CPU sec, 7.698 real sec
[M::process] read 77342 sequences (10000007 bp)...
[M::mem_process_seqs] Processed 79550 reads in 9.188 CPU sec, 10.255 real sec
[M::process] read 71160 sequences (10000001 bp)...
[M::mem_process_seqs] Processed 77342 reads in 8.543 CPU sec, 8.750 real sec
[M::process] read 74816 sequences (10000227 bp)...
[M::mem_process_seqs] Processed 71160 reads in 5.917 CPU sec, 6.169 real sec
[M::process] read 79126 sequences (10000047 bp)...
[M::mem_process_seqs] Processed 74816 reads in 6.784 CPU sec, 6.656 real sec
[M::process] read 79716 sequences (10000136 bp)...
[M::mem_process_seqs] Processed 79126 reads in 8.736 CPU sec, 9.098 real sec
[M::process] read 77754 sequences (10000200 bp)...
[M::mem_process_seqs] Processed 79716 reads in 9.311 CPU sec, 9.484 real sec
[M::process] read 79862 sequences (10000066 bp)...
[M::mem_process_seqs] Processed 77754 reads in 8.823 CPU sec, 9.519 real sec
[M::process] read 74548 sequences (10000109 bp)...
[M::mem_process_seqs] Processed 79862 reads in 9.225 CPU sec, 9.128 real sec
[M::process] read 78574 sequences (10000185 bp)...
[M::mem_process_seqs] Processed 74548 reads in 6.795 CPU sec, 7.066 real sec
[M::process] read 79686 sequences (10000117 bp)...
[M::mem_process_seqs] Processed 78574 reads in 11.154 CPU sec, 11.988 real sec
[M::process] read 80284 sequences (10000135 bp)...
[M::mem_process_seqs] Processed 79686 reads in 11.014 CPU sec, 11.600 real sec
[M::process] read 79616 sequences (10000079 bp)...
[M::mem_process_seqs] Processed 80284 reads in 9.944 CPU sec, 10.631 real sec
[M::process] read 79970 sequences (10000070 bp)...
[M::mem_process_seqs] Processed 79616 reads in 9.529 CPU sec, 9.902 real sec
[M::process] read 79464 sequences (10000063 bp)...
[M::mem_process_seqs] Processed 79970 reads in 9.487 CPU sec, 9.901 real sec
[M::process] read 80666 sequences (10000044 bp)...
[M::mem_process_seqs] Processed 79464 reads in 12.166 CPU sec, 12.755 real sec
[M::process] read 79342 sequences (10000163 bp)...
[M::mem_process_seqs] Processed 80666 reads in 9.640 CPU sec, 9.666 real sec
[M::process] read 75680 sequences (10000237 bp)...
[M::mem_process_seqs] Processed 79342 reads in 8.643 CPU sec, 8.556 real sec
[M::process] read 75132 sequences (10000277 bp)...
[M::mem_process_seqs] Processed 75680 reads in 7.819 CPU sec, 7.934 real sec
[M::process] read 77564 sequences (10000099 bp)...
[M::mem_process_seqs] Processed 75132 reads in 7.282 CPU sec, 7.503 real sec
[M::process] read 70518 sequences (10000109 bp)...
[M::mem_process_seqs] Processed 77564 reads in 8.179 CPU sec, 8.698 real sec
[M::process] read 77032 sequences (10000068 bp)...
[M::mem_process_seqs] Processed 70518 reads in 5.980 CPU sec, 5.980 real sec
[M::process] read 79528 sequences (10000059 bp)...
[M::mem_process_seqs] Processed 77032 reads in 8.233 CPU sec, 9.040 real sec
[M::process] read 79228 sequences (10000022 bp)...
[M::mem_process_seqs] Processed 79528 reads in 9.754 CPU sec, 10.125 real sec
[M::process] read 80028 sequences (10000085 bp)...
[M::mem_process_seqs] Processed 79228 reads in 11.178 CPU sec, 11.834 real sec
[M::process] read 80120 sequences (10000063 bp)...
[M::mem_process_seqs] Processed 80028 reads in 9.346 CPU sec, 9.994 real sec
[M::process] read 67398 sequences (8655717 bp)...
[M::mem_process_seqs] Processed 80120 reads in 9.124 CPU sec, 9.685 real sec
[M::mem_process_seqs] Processed 67398 reads in 7.229 CPU sec, 7.781 real sec
[main] Version: 0.7.17-r1188
[main] CMD: bwa mem -L 5 -I 376.939,57.422,519,224 -t 1 -a -M -T 30 -A 1 -B 4 -O 6 -R @RG\tID:Sde-AMat_048-SdA01048-L2-clmp-fp2-repr\tSM:Sde-AMat_048-SdA01048-L2-clmp-fp2-repr\tPL:Illumina reference.rad.D-3-3-probes4development-noMSATS-noNNNN-224-519bp-0-8TGCAGG-lessthan2indelsof3nt.fasta Sde-AMat_048-SdA01048-L2-clmp-fp2-repr.R1.fq.gz Sde-AMat_048-SdA01048-L2-clmp-fp2-repr.R2.fq.gz
[main] Real time: 355.767 sec; CPU: 339.825 sec
