[M::main_mem] mean insert size: 376.939, stddev: 57.422, max: 519, min: 224
[M::bwa_idx_load_from_disk] read 0 ALT contigs
[M::process] read 70868 sequences (10000077 bp)...
[M::process] read 70872 sequences (10000063 bp)...
[M::mem_process_seqs] Processed 70868 reads in 8.845 CPU sec, 9.051 real sec
[M::process] read 71044 sequences (10000025 bp)...
[M::mem_process_seqs] Processed 70872 reads in 8.403 CPU sec, 8.694 real sec
[M::process] read 71154 sequences (10000028 bp)...
[M::mem_process_seqs] Processed 71044 reads in 8.678 CPU sec, 8.774 real sec
[M::process] read 70746 sequences (10000053 bp)...
[M::mem_process_seqs] Processed 71154 reads in 8.758 CPU sec, 8.879 real sec
[M::process] read 70804 sequences (10000112 bp)...
[M::mem_process_seqs] Processed 70746 reads in 9.131 CPU sec, 9.432 real sec
[M::process] read 70894 sequences (10000236 bp)...
[M::mem_process_seqs] Processed 70804 reads in 8.664 CPU sec, 8.624 real sec
[M::process] read 70800 sequences (10000182 bp)...
[M::mem_process_seqs] Processed 70894 reads in 8.663 CPU sec, 9.197 real sec
[M::process] read 72152 sequences (10000262 bp)...
[M::mem_process_seqs] Processed 70800 reads in 9.016 CPU sec, 9.419 real sec
[M::process] read 71064 sequences (10000192 bp)...
[M::mem_process_seqs] Processed 72152 reads in 8.809 CPU sec, 9.339 real sec
[M::process] read 70868 sequences (10000100 bp)...
[M::mem_process_seqs] Processed 71064 reads in 8.653 CPU sec, 8.984 real sec
[M::process] read 70528 sequences (10000163 bp)...
[M::mem_process_seqs] Processed 70868 reads in 8.734 CPU sec, 8.885 real sec
[M::process] read 70674 sequences (10000232 bp)...
[M::mem_process_seqs] Processed 70528 reads in 8.944 CPU sec, 9.365 real sec
[M::process] read 71210 sequences (10000100 bp)...
[M::mem_process_seqs] Processed 70674 reads in 8.719 CPU sec, 9.308 real sec
[M::process] read 71134 sequences (10000057 bp)...
[M::mem_process_seqs] Processed 71210 reads in 8.288 CPU sec, 8.297 real sec
[M::process] read 70904 sequences (10000167 bp)...
[M::mem_process_seqs] Processed 71134 reads in 9.117 CPU sec, 9.048 real sec
[M::process] read 70952 sequences (10000027 bp)...
[M::mem_process_seqs] Processed 70904 reads in 8.234 CPU sec, 8.453 real sec
[M::process] read 71066 sequences (10000017 bp)...
[M::mem_process_seqs] Processed 70952 reads in 8.932 CPU sec, 9.449 real sec
[M::process] read 70968 sequences (10000258 bp)...
[M::mem_process_seqs] Processed 71066 reads in 8.699 CPU sec, 8.711 real sec
[M::process] read 71360 sequences (10000008 bp)...
[M::mem_process_seqs] Processed 70968 reads in 9.022 CPU sec, 9.286 real sec
[M::process] read 71044 sequences (10000281 bp)...
[M::mem_process_seqs] Processed 71360 reads in 8.685 CPU sec, 8.895 real sec
[M::process] read 70558 sequences (10000062 bp)...
[M::mem_process_seqs] Processed 71044 reads in 8.572 CPU sec, 8.709 real sec
[M::process] read 70802 sequences (10000272 bp)...
[M::mem_process_seqs] Processed 70558 reads in 9.804 CPU sec, 10.408 real sec
[M::process] read 70844 sequences (10000160 bp)...
[M::mem_process_seqs] Processed 70802 reads in 9.229 CPU sec, 9.315 real sec
[M::process] read 70730 sequences (10000027 bp)...
[M::mem_process_seqs] Processed 70844 reads in 8.445 CPU sec, 8.320 real sec
[M::process] read 70720 sequences (10000276 bp)...
[M::mem_process_seqs] Processed 70730 reads in 8.978 CPU sec, 9.552 real sec
[M::process] read 70766 sequences (10000212 bp)...
[M::mem_process_seqs] Processed 70720 reads in 8.962 CPU sec, 8.969 real sec
[M::process] read 70836 sequences (10000132 bp)...
[M::mem_process_seqs] Processed 70766 reads in 8.499 CPU sec, 9.128 real sec
[M::process] read 70776 sequences (10000178 bp)...
[M::mem_process_seqs] Processed 70836 reads in 8.840 CPU sec, 9.320 real sec
[M::process] read 70660 sequences (10000137 bp)...
[M::mem_process_seqs] Processed 70776 reads in 9.803 CPU sec, 9.787 real sec
[M::process] read 70820 sequences (10000295 bp)...
[M::mem_process_seqs] Processed 70660 reads in 8.816 CPU sec, 8.858 real sec
[M::process] read 70906 sequences (10000060 bp)...
[M::mem_process_seqs] Processed 70820 reads in 8.647 CPU sec, 8.419 real sec
[M::process] read 70800 sequences (10000007 bp)...
[M::mem_process_seqs] Processed 70906 reads in 8.974 CPU sec, 9.399 real sec
[M::process] read 70904 sequences (10000068 bp)...
[M::mem_process_seqs] Processed 70800 reads in 8.455 CPU sec, 8.708 real sec
[M::process] read 70970 sequences (10000015 bp)...
[M::mem_process_seqs] Processed 70904 reads in 8.454 CPU sec, 8.646 real sec
[M::process] read 70828 sequences (10000295 bp)...
[M::mem_process_seqs] Processed 70970 reads in 8.679 CPU sec, 8.736 real sec
[M::process] read 70796 sequences (10000058 bp)...
[M::mem_process_seqs] Processed 70828 reads in 8.924 CPU sec, 8.788 real sec
[M::process] read 70712 sequences (10000000 bp)...
[M::mem_process_seqs] Processed 70796 reads in 9.469 CPU sec, 10.263 real sec
[M::process] read 71164 sequences (10000159 bp)...
[M::mem_process_seqs] Processed 70712 reads in 9.493 CPU sec, 10.255 real sec
[M::process] read 71016 sequences (10000029 bp)...
[M::mem_process_seqs] Processed 71164 reads in 8.533 CPU sec, 8.826 real sec
[M::process] read 71032 sequences (10000047 bp)...
[M::mem_process_seqs] Processed 71016 reads in 8.773 CPU sec, 9.133 real sec
[M::process] read 6088 sequences (864496 bp)...
[M::mem_process_seqs] Processed 71032 reads in 8.337 CPU sec, 8.504 real sec
[M::mem_process_seqs] Processed 6088 reads in 0.809 CPU sec, 0.821 real sec
[main] Version: 0.7.17-r1188
[main] CMD: bwa mem -L 5 -I 376.939,57.422,519,224 -t 1 -a -M -T 30 -A 1 -B 4 -O 6 -R @RG\tID:Sde-CMat_070-SdC01070-L2-clmp-fp2-repr\tSM:Sde-CMat_070-SdC01070-L2-clmp-fp2-repr\tPL:Illumina reference.rad.D-3-3-probes4development-noMSATS-noNNNN-224-519bp-0-8TGCAGG-lessthan2indelsof3nt.fasta Sde-CMat_070-SdC01070-L2-clmp-fp2-repr.R1.fq.gz Sde-CMat_070-SdC01070-L2-clmp-fp2-repr.R2.fq.gz
[main] Real time: 373.337 sec; CPU: 362.824 sec
