[M::main_mem] mean insert size: 376.939, stddev: 57.422, max: 519, min: 224
[M::bwa_idx_load_from_disk] read 0 ALT contigs
[M::process] read 82088 sequences (10000006 bp)...
[M::process] read 82278 sequences (10000216 bp)...
[M::mem_process_seqs] Processed 82088 reads in 8.565 CPU sec, 9.005 real sec
[M::process] read 79674 sequences (10000242 bp)...
[M::mem_process_seqs] Processed 82278 reads in 8.765 CPU sec, 9.041 real sec
[M::process] read 82436 sequences (10000078 bp)...
[M::mem_process_seqs] Processed 79674 reads in 7.810 CPU sec, 8.231 real sec
[M::process] read 82622 sequences (10000004 bp)...
[M::mem_process_seqs] Processed 82436 reads in 8.348 CPU sec, 9.134 real sec
[M::process] read 82802 sequences (10000032 bp)...
[M::mem_process_seqs] Processed 82622 reads in 8.557 CPU sec, 9.130 real sec
[M::process] read 82484 sequences (10000024 bp)...
[M::mem_process_seqs] Processed 82802 reads in 8.900 CPU sec, 9.023 real sec
[M::process] read 82228 sequences (10000058 bp)...
[M::mem_process_seqs] Processed 82484 reads in 8.509 CPU sec, 9.047 real sec
[M::process] read 81446 sequences (10000088 bp)...
[M::mem_process_seqs] Processed 82228 reads in 8.555 CPU sec, 9.012 real sec
[M::process] read 82568 sequences (10000018 bp)...
[M::mem_process_seqs] Processed 81446 reads in 8.457 CPU sec, 8.496 real sec
[M::process] read 82688 sequences (10000003 bp)...
[M::mem_process_seqs] Processed 82568 reads in 9.091 CPU sec, 9.400 real sec
[M::process] read 82688 sequences (10000199 bp)...
[M::mem_process_seqs] Processed 82688 reads in 8.304 CPU sec, 8.658 real sec
[M::process] read 82752 sequences (10000085 bp)...
[M::mem_process_seqs] Processed 82688 reads in 8.607 CPU sec, 8.934 real sec
[M::process] read 82418 sequences (10000246 bp)...
[M::mem_process_seqs] Processed 82752 reads in 8.217 CPU sec, 8.845 real sec
[M::process] read 82482 sequences (10000085 bp)...
[M::mem_process_seqs] Processed 82418 reads in 9.195 CPU sec, 9.776 real sec
[M::process] read 82230 sequences (10000144 bp)...
[M::mem_process_seqs] Processed 82482 reads in 8.769 CPU sec, 9.396 real sec
[M::process] read 81920 sequences (10000130 bp)...
[M::mem_process_seqs] Processed 82230 reads in 9.038 CPU sec, 9.243 real sec
[M::process] read 82902 sequences (10000049 bp)...
[M::mem_process_seqs] Processed 81920 reads in 8.716 CPU sec, 9.680 real sec
[M::process] read 82282 sequences (10000186 bp)...
[M::mem_process_seqs] Processed 82902 reads in 8.668 CPU sec, 8.910 real sec
[M::process] read 82522 sequences (10000143 bp)...
[M::mem_process_seqs] Processed 82282 reads in 9.277 CPU sec, 9.710 real sec
[M::process] read 82582 sequences (10000288 bp)...
[M::mem_process_seqs] Processed 82522 reads in 8.767 CPU sec, 9.820 real sec
[M::process] read 82252 sequences (10000122 bp)...
[M::mem_process_seqs] Processed 82582 reads in 8.835 CPU sec, 9.771 real sec
[M::process] read 81534 sequences (10000205 bp)...
[M::mem_process_seqs] Processed 82252 reads in 9.075 CPU sec, 9.644 real sec
[M::process] read 82292 sequences (10000258 bp)...
[M::mem_process_seqs] Processed 81534 reads in 9.085 CPU sec, 9.380 real sec
[M::process] read 79784 sequences (10000259 bp)...
[M::mem_process_seqs] Processed 82292 reads in 8.635 CPU sec, 9.191 real sec
[M::process] read 82788 sequences (10000230 bp)...
[M::mem_process_seqs] Processed 79784 reads in 7.494 CPU sec, 7.995 real sec
[M::process] read 82308 sequences (10000181 bp)...
[M::mem_process_seqs] Processed 82788 reads in 8.885 CPU sec, 9.278 real sec
[M::process] read 82802 sequences (10000297 bp)...
[M::mem_process_seqs] Processed 82308 reads in 8.529 CPU sec, 8.696 real sec
[M::process] read 80322 sequences (10000247 bp)...
[M::mem_process_seqs] Processed 82802 reads in 9.010 CPU sec, 9.447 real sec
[M::process] read 72730 sequences (10000230 bp)...
[M::mem_process_seqs] Processed 80322 reads in 8.411 CPU sec, 8.572 real sec
[M::process] read 81290 sequences (10000132 bp)...
[M::mem_process_seqs] Processed 72730 reads in 5.972 CPU sec, 6.962 real sec
[M::process] read 82646 sequences (10000118 bp)...
[M::mem_process_seqs] Processed 81290 reads in 8.545 CPU sec, 8.891 real sec
[M::process] read 81808 sequences (10000014 bp)...
[M::mem_process_seqs] Processed 82646 reads in 8.850 CPU sec, 9.378 real sec
[M::process] read 82224 sequences (10000050 bp)...
[M::mem_process_seqs] Processed 81808 reads in 8.348 CPU sec, 8.408 real sec
[M::process] read 82644 sequences (10000184 bp)...
[M::mem_process_seqs] Processed 82224 reads in 9.179 CPU sec, 9.533 real sec
[M::process] read 81436 sequences (10000124 bp)...
[M::mem_process_seqs] Processed 82644 reads in 8.627 CPU sec, 9.065 real sec
[M::process] read 81132 sequences (10000026 bp)...
[M::mem_process_seqs] Processed 81436 reads in 8.558 CPU sec, 8.963 real sec
[M::process] read 82970 sequences (10000240 bp)...
[M::mem_process_seqs] Processed 81132 reads in 8.076 CPU sec, 8.223 real sec
[M::process] read 81840 sequences (10000099 bp)...
[M::mem_process_seqs] Processed 82970 reads in 8.685 CPU sec, 9.384 real sec
[M::process] read 82728 sequences (10000067 bp)...
[M::mem_process_seqs] Processed 81840 reads in 8.424 CPU sec, 8.871 real sec
[M::process] read 78360 sequences (10000220 bp)...
[M::mem_process_seqs] Processed 82728 reads in 8.508 CPU sec, 8.638 real sec
[M::process] read 81398 sequences (10000016 bp)...
[M::mem_process_seqs] Processed 78360 reads in 7.583 CPU sec, 7.841 real sec
[M::process] read 82128 sequences (10000188 bp)...
[M::mem_process_seqs] Processed 81398 reads in 10.059 CPU sec, 10.763 real sec
[M::process] read 81486 sequences (10000038 bp)...
[M::mem_process_seqs] Processed 82128 reads in 8.831 CPU sec, 9.334 real sec
[M::process] read 82614 sequences (10000025 bp)...
[M::mem_process_seqs] Processed 81486 reads in 10.137 CPU sec, 10.496 real sec
[M::process] read 82672 sequences (10000285 bp)...
[M::mem_process_seqs] Processed 82614 reads in 8.548 CPU sec, 8.867 real sec
[M::process] read 82268 sequences (10000172 bp)...
[M::mem_process_seqs] Processed 82672 reads in 8.789 CPU sec, 8.975 real sec
[M::process] read 82622 sequences (10000151 bp)...
[M::mem_process_seqs] Processed 82268 reads in 8.635 CPU sec, 8.879 real sec
[M::process] read 82556 sequences (10000283 bp)...
[M::mem_process_seqs] Processed 82622 reads in 9.043 CPU sec, 9.270 real sec
[M::process] read 82054 sequences (10000106 bp)...
[M::mem_process_seqs] Processed 82556 reads in 8.867 CPU sec, 9.274 real sec
[M::process] read 82404 sequences (10000175 bp)...
[M::mem_process_seqs] Processed 82054 reads in 9.095 CPU sec, 9.476 real sec
[M::process] read 82216 sequences (10000121 bp)...
[M::mem_process_seqs] Processed 82404 reads in 8.629 CPU sec, 9.381 real sec
[M::process] read 82772 sequences (10000118 bp)...
[M::mem_process_seqs] Processed 82216 reads in 8.707 CPU sec, 9.060 real sec
[M::process] read 82506 sequences (10000176 bp)...
[M::mem_process_seqs] Processed 82772 reads in 8.412 CPU sec, 8.393 real sec
[M::process] read 81712 sequences (10000011 bp)...
[M::mem_process_seqs] Processed 82506 reads in 8.705 CPU sec, 9.139 real sec
[M::process] read 82958 sequences (10000110 bp)...
[M::mem_process_seqs] Processed 81712 reads in 10.818 CPU sec, 10.984 real sec
[M::process] read 82322 sequences (10000260 bp)...
[M::mem_process_seqs] Processed 82958 reads in 8.624 CPU sec, 8.805 real sec
[M::process] read 82718 sequences (10000050 bp)...
[M::mem_process_seqs] Processed 82322 reads in 8.920 CPU sec, 9.606 real sec
[M::process] read 82416 sequences (10000195 bp)...
[M::mem_process_seqs] Processed 82718 reads in 8.610 CPU sec, 8.940 real sec
[M::process] read 80640 sequences (10000111 bp)...
[M::mem_process_seqs] Processed 82416 reads in 8.970 CPU sec, 9.595 real sec
[M::process] read 82598 sequences (10000052 bp)...
[M::mem_process_seqs] Processed 80640 reads in 8.231 CPU sec, 8.431 real sec
[M::process] read 76632 sequences (10000123 bp)...
[M::mem_process_seqs] Processed 82598 reads in 8.463 CPU sec, 9.207 real sec
[M::process] read 82226 sequences (10000176 bp)...
[M::mem_process_seqs] Processed 76632 reads in 6.980 CPU sec, 7.294 real sec
[M::process] read 81246 sequences (10000072 bp)...
[M::mem_process_seqs] Processed 82226 reads in 8.960 CPU sec, 9.942 real sec
[M::process] read 80338 sequences (10000266 bp)...
[M::mem_process_seqs] Processed 81246 reads in 8.063 CPU sec, 8.395 real sec
[M::process] read 75576 sequences (10000086 bp)...
[M::mem_process_seqs] Processed 80338 reads in 8.853 CPU sec, 9.504 real sec
[M::process] read 81278 sequences (10000026 bp)...
[M::mem_process_seqs] Processed 75576 reads in 6.977 CPU sec, 7.229 real sec
[M::process] read 82244 sequences (10000097 bp)...
[M::mem_process_seqs] Processed 81278 reads in 8.162 CPU sec, 8.728 real sec
[M::process] read 82094 sequences (10000033 bp)...
[M::mem_process_seqs] Processed 82244 reads in 8.738 CPU sec, 9.098 real sec
[M::process] read 82546 sequences (10000040 bp)...
[M::mem_process_seqs] Processed 82094 reads in 9.475 CPU sec, 9.527 real sec
[M::process] read 81712 sequences (10000031 bp)...
[M::mem_process_seqs] Processed 82546 reads in 9.077 CPU sec, 9.703 real sec
[M::process] read 82484 sequences (10000011 bp)...
[M::mem_process_seqs] Processed 81712 reads in 9.506 CPU sec, 10.166 real sec
[M::process] read 82200 sequences (10000150 bp)...
[M::mem_process_seqs] Processed 82484 reads in 8.601 CPU sec, 9.471 real sec
[M::process] read 82460 sequences (10000076 bp)...
[M::mem_process_seqs] Processed 82200 reads in 8.837 CPU sec, 9.121 real sec
[M::process] read 82652 sequences (10000157 bp)...
[M::mem_process_seqs] Processed 82460 reads in 8.682 CPU sec, 8.749 real sec
[M::process] read 82376 sequences (10000058 bp)...
[M::mem_process_seqs] Processed 82652 reads in 8.158 CPU sec, 8.711 real sec
[M::process] read 81974 sequences (10000213 bp)...
[M::mem_process_seqs] Processed 82376 reads in 8.591 CPU sec, 8.684 real sec
[M::process] read 81454 sequences (10000115 bp)...
[M::mem_process_seqs] Processed 81974 reads in 8.354 CPU sec, 8.621 real sec
[M::process] read 41054 sequences (4967449 bp)...
[M::mem_process_seqs] Processed 81454 reads in 8.463 CPU sec, 9.070 real sec
[M::mem_process_seqs] Processed 41054 reads in 3.957 CPU sec, 4.549 real sec
[main] Version: 0.7.17-r1188
[main] CMD: bwa mem -L 5 -I 376.939,57.422,519,224 -t 1 -a -M -T 30 -A 1 -B 4 -O 6 -R @RG\tID:Sde-AMat_007-SdA01007-L2-clmp-fp2-repr\tSM:Sde-AMat_007-SdA01007-L2-clmp-fp2-repr\tPL:Illumina reference.rad.D-3-3-probes4development-noMSATS-noNNNN-224-519bp-0-8TGCAGG-lessthan2indelsof3nt.fasta Sde-AMat_007-SdA01007-L2-clmp-fp2-repr.R1.fq.gz Sde-AMat_007-SdA01007-L2-clmp-fp2-repr.R2.fq.gz
[main] Real time: 713.094 sec; CPU: 678.273 sec
