[M::main_mem] mean insert size: 376.939, stddev: 57.422, max: 519, min: 224
[M::bwa_idx_load_from_disk] read 0 ALT contigs
[M::process] read 85954 sequences (10000160 bp)...
[M::process] read 85350 sequences (10000139 bp)...
[M::mem_process_seqs] Processed 85954 reads in 8.612 CPU sec, 8.946 real sec
[M::process] read 79772 sequences (10000255 bp)...
[M::mem_process_seqs] Processed 85350 reads in 8.143 CPU sec, 8.706 real sec
[M::process] read 85528 sequences (10000035 bp)...
[M::mem_process_seqs] Processed 79772 reads in 7.130 CPU sec, 7.610 real sec
[M::process] read 87774 sequences (10000208 bp)...
[M::mem_process_seqs] Processed 85528 reads in 8.062 CPU sec, 8.613 real sec
[M::process] read 86724 sequences (10000006 bp)...
[M::mem_process_seqs] Processed 87774 reads in 8.830 CPU sec, 8.893 real sec
[M::process] read 83960 sequences (10000061 bp)...
[M::mem_process_seqs] Processed 86724 reads in 8.440 CPU sec, 8.931 real sec
[M::process] read 87104 sequences (10000063 bp)...
[M::mem_process_seqs] Processed 83960 reads in 7.879 CPU sec, 8.223 real sec
[M::process] read 87716 sequences (10000161 bp)...
[M::mem_process_seqs] Processed 87104 reads in 9.113 CPU sec, 9.398 real sec
[M::process] read 87710 sequences (10000128 bp)...
[M::mem_process_seqs] Processed 87716 reads in 8.764 CPU sec, 8.710 real sec
[M::process] read 86918 sequences (10000155 bp)...
[M::mem_process_seqs] Processed 87710 reads in 8.579 CPU sec, 8.536 real sec
[M::process] read 88198 sequences (10000017 bp)...
[M::mem_process_seqs] Processed 86918 reads in 9.436 CPU sec, 9.931 real sec
[M::process] read 85928 sequences (10000062 bp)...
[M::mem_process_seqs] Processed 88198 reads in 8.890 CPU sec, 9.339 real sec
[M::process] read 88442 sequences (10000015 bp)...
[M::mem_process_seqs] Processed 85928 reads in 8.648 CPU sec, 8.752 real sec
[M::process] read 85934 sequences (10000020 bp)...
[M::mem_process_seqs] Processed 88442 reads in 8.530 CPU sec, 8.260 real sec
[M::process] read 87574 sequences (10000177 bp)...
[M::mem_process_seqs] Processed 85934 reads in 9.468 CPU sec, 9.272 real sec
[M::process] read 86860 sequences (10000107 bp)...
[M::mem_process_seqs] Processed 87574 reads in 9.085 CPU sec, 8.922 real sec
[M::process] read 84820 sequences (10000184 bp)...
[M::mem_process_seqs] Processed 86860 reads in 9.095 CPU sec, 9.075 real sec
[M::process] read 83684 sequences (10000094 bp)...
[M::mem_process_seqs] Processed 84820 reads in 8.467 CPU sec, 8.540 real sec
[M::process] read 80450 sequences (10000184 bp)...
[M::mem_process_seqs] Processed 83684 reads in 8.077 CPU sec, 8.436 real sec
[M::process] read 86798 sequences (10000156 bp)...
[M::mem_process_seqs] Processed 80450 reads in 5.967 CPU sec, 6.225 real sec
[M::process] read 87736 sequences (10000137 bp)...
[M::mem_process_seqs] Processed 86798 reads in 8.575 CPU sec, 8.870 real sec
[M::process] read 85958 sequences (10000140 bp)...
[M::mem_process_seqs] Processed 87736 reads in 9.089 CPU sec, 9.367 real sec
[M::process] read 73640 sequences (10000177 bp)...
[M::mem_process_seqs] Processed 85958 reads in 8.380 CPU sec, 8.291 real sec
[M::process] read 72872 sequences (10000077 bp)...
[M::mem_process_seqs] Processed 73640 reads in 6.106 CPU sec, 6.335 real sec
[M::process] read 75780 sequences (10000072 bp)...
[M::mem_process_seqs] Processed 72872 reads in 5.831 CPU sec, 5.633 real sec
[M::process] read 84390 sequences (10000226 bp)...
[M::mem_process_seqs] Processed 75780 reads in 5.829 CPU sec, 5.996 real sec
[M::process] read 84664 sequences (10000223 bp)...
[M::mem_process_seqs] Processed 84390 reads in 7.804 CPU sec, 8.177 real sec
[M::process] read 86020 sequences (10000177 bp)...
[M::mem_process_seqs] Processed 84664 reads in 7.961 CPU sec, 8.571 real sec
[M::process] read 86246 sequences (10000120 bp)...
[M::mem_process_seqs] Processed 86020 reads in 8.685 CPU sec, 8.661 real sec
[M::process] read 85236 sequences (10000213 bp)...
[M::mem_process_seqs] Processed 86246 reads in 8.268 CPU sec, 8.198 real sec
[M::process] read 83726 sequences (10000188 bp)...
[M::mem_process_seqs] Processed 85236 reads in 8.815 CPU sec, 9.130 real sec
[M::process] read 86054 sequences (10000173 bp)...
[M::mem_process_seqs] Processed 83726 reads in 7.508 CPU sec, 7.782 real sec
[M::process] read 87332 sequences (10000051 bp)...
[M::mem_process_seqs] Processed 86054 reads in 8.551 CPU sec, 8.890 real sec
[M::process] read 74390 sequences (10000281 bp)...
[M::mem_process_seqs] Processed 87332 reads in 8.190 CPU sec, 8.537 real sec
[M::process] read 83546 sequences (10000152 bp)...
[M::mem_process_seqs] Processed 74390 reads in 6.276 CPU sec, 6.372 real sec
[M::process] read 86348 sequences (10000155 bp)...
[M::mem_process_seqs] Processed 83546 reads in 9.615 CPU sec, 9.667 real sec
[M::process] read 86772 sequences (10000105 bp)...
[M::mem_process_seqs] Processed 86348 reads in 8.765 CPU sec, 8.583 real sec
[M::process] read 87748 sequences (10000086 bp)...
[M::mem_process_seqs] Processed 86772 reads in 10.212 CPU sec, 10.405 real sec
[M::process] read 87796 sequences (10000119 bp)...
[M::mem_process_seqs] Processed 87748 reads in 8.781 CPU sec, 8.784 real sec
[M::process] read 87666 sequences (10000082 bp)...
[M::mem_process_seqs] Processed 87796 reads in 9.110 CPU sec, 9.301 real sec
[M::process] read 86342 sequences (10000095 bp)...
[M::mem_process_seqs] Processed 87666 reads in 8.867 CPU sec, 9.366 real sec
[M::process] read 86644 sequences (10000224 bp)...
[M::mem_process_seqs] Processed 86342 reads in 9.031 CPU sec, 9.553 real sec
[M::process] read 87442 sequences (10000017 bp)...
[M::mem_process_seqs] Processed 86644 reads in 8.627 CPU sec, 9.066 real sec
[M::process] read 87732 sequences (10000197 bp)...
[M::mem_process_seqs] Processed 87442 reads in 8.449 CPU sec, 9.256 real sec
[M::process] read 86034 sequences (10000132 bp)...
[M::mem_process_seqs] Processed 87732 reads in 8.798 CPU sec, 9.047 real sec
[M::process] read 86902 sequences (10000093 bp)...
[M::mem_process_seqs] Processed 86034 reads in 11.498 CPU sec, 11.785 real sec
[M::process] read 87608 sequences (10000161 bp)...
[M::mem_process_seqs] Processed 86902 reads in 9.085 CPU sec, 9.354 real sec
[M::process] read 85024 sequences (10000064 bp)...
[M::mem_process_seqs] Processed 87608 reads in 9.361 CPU sec, 9.555 real sec
[M::process] read 85002 sequences (10000231 bp)...
[M::mem_process_seqs] Processed 85024 reads in 7.957 CPU sec, 7.806 real sec
[M::process] read 79584 sequences (10000153 bp)...
[M::mem_process_seqs] Processed 85002 reads in 8.093 CPU sec, 8.514 real sec
[M::process] read 74018 sequences (10000055 bp)...
[M::mem_process_seqs] Processed 79584 reads in 6.961 CPU sec, 6.987 real sec
[M::process] read 85708 sequences (10000254 bp)...
[M::mem_process_seqs] Processed 74018 reads in 5.813 CPU sec, 5.904 real sec
[M::process] read 83640 sequences (10000055 bp)...
[M::mem_process_seqs] Processed 85708 reads in 8.267 CPU sec, 8.666 real sec
[M::process] read 79728 sequences (10000291 bp)...
[M::mem_process_seqs] Processed 83640 reads in 7.763 CPU sec, 7.759 real sec
[M::process] read 72742 sequences (10000016 bp)...
[M::mem_process_seqs] Processed 79728 reads in 7.662 CPU sec, 8.018 real sec
[M::process] read 80836 sequences (10000054 bp)...
[M::mem_process_seqs] Processed 72742 reads in 5.780 CPU sec, 5.809 real sec
[M::process] read 83610 sequences (10000171 bp)...
[M::mem_process_seqs] Processed 80836 reads in 6.960 CPU sec, 7.288 real sec
[M::process] read 86940 sequences (10000122 bp)...
[M::mem_process_seqs] Processed 83610 reads in 7.521 CPU sec, 7.583 real sec
[M::process] read 87744 sequences (10000231 bp)...
[M::mem_process_seqs] Processed 86940 reads in 9.368 CPU sec, 9.607 real sec
[M::process] read 85506 sequences (10000000 bp)...
[M::mem_process_seqs] Processed 87744 reads in 8.961 CPU sec, 8.782 real sec
[M::process] read 86490 sequences (10000246 bp)...
[M::mem_process_seqs] Processed 85506 reads in 11.049 CPU sec, 11.025 real sec
[M::process] read 86996 sequences (10000052 bp)...
[M::mem_process_seqs] Processed 86490 reads in 8.185 CPU sec, 8.166 real sec
[M::process] read 86966 sequences (10000145 bp)...
[M::mem_process_seqs] Processed 86996 reads in 8.562 CPU sec, 8.854 real sec
[M::process] read 83558 sequences (10000210 bp)...
[M::mem_process_seqs] Processed 86966 reads in 8.572 CPU sec, 8.720 real sec
[M::process] read 86390 sequences (10000138 bp)...
[M::mem_process_seqs] Processed 83558 reads in 7.924 CPU sec, 8.271 real sec
[M::process] read 8312 sequences (956920 bp)...
[M::mem_process_seqs] Processed 86390 reads in 8.256 CPU sec, 8.419 real sec
[M::mem_process_seqs] Processed 8312 reads in 0.871 CPU sec, 0.897 real sec
[main] Version: 0.7.17-r1188
[main] CMD: bwa mem -L 5 -I 376.939,57.422,519,224 -t 1 -a -M -T 30 -A 1 -B 4 -O 6 -R @RG\tID:Sde-AMat_060-SdA01060-L2-clmp-fp2-repr\tSM:Sde-AMat_060-SdA01060-L2-clmp-fp2-repr\tPL:Illumina reference.rad.D-3-3-probes4development-noMSATS-noNNNN-224-519bp-0-8TGCAGG-lessthan2indelsof3nt.fasta Sde-AMat_060-SdA01060-L2-clmp-fp2-repr.R1.fq.gz Sde-AMat_060-SdA01060-L2-clmp-fp2-repr.R2.fq.gz
[main] Real time: 564.125 sec; CPU: 550.083 sec
