[M::main_mem] mean insert size: 376.939, stddev: 57.422, max: 519, min: 224
[M::bwa_idx_load_from_disk] read 0 ALT contigs
[M::process] read 88160 sequences (10000059 bp)...
[M::process] read 89416 sequences (10000163 bp)...
[M::mem_process_seqs] Processed 88160 reads in 8.415 CPU sec, 8.612 real sec
[M::process] read 89442 sequences (10000185 bp)...
[M::mem_process_seqs] Processed 89416 reads in 8.437 CPU sec, 8.921 real sec
[M::process] read 83420 sequences (10000077 bp)...
[M::mem_process_seqs] Processed 89442 reads in 8.477 CPU sec, 8.768 real sec
[M::process] read 90086 sequences (10000092 bp)...
[M::mem_process_seqs] Processed 83420 reads in 7.411 CPU sec, 7.914 real sec
[M::process] read 87918 sequences (10000122 bp)...
[M::mem_process_seqs] Processed 90086 reads in 8.148 CPU sec, 8.588 real sec
[M::process] read 89902 sequences (10000213 bp)...
[M::mem_process_seqs] Processed 87918 reads in 8.269 CPU sec, 8.335 real sec
[M::process] read 89602 sequences (10000173 bp)...
[M::mem_process_seqs] Processed 89902 reads in 8.495 CPU sec, 8.724 real sec
[M::process] read 89892 sequences (10000059 bp)...
[M::mem_process_seqs] Processed 89602 reads in 9.520 CPU sec, 9.998 real sec
[M::process] read 88816 sequences (10000102 bp)...
[M::mem_process_seqs] Processed 89892 reads in 8.849 CPU sec, 8.851 real sec
[M::process] read 87664 sequences (10000256 bp)...
[M::mem_process_seqs] Processed 88816 reads in 8.943 CPU sec, 9.157 real sec
[M::process] read 89248 sequences (10000091 bp)...
[M::mem_process_seqs] Processed 87664 reads in 8.571 CPU sec, 8.740 real sec
[M::process] read 89776 sequences (10000064 bp)...
[M::mem_process_seqs] Processed 89248 reads in 9.370 CPU sec, 9.616 real sec
[M::process] read 89500 sequences (10000156 bp)...
[M::mem_process_seqs] Processed 89776 reads in 8.615 CPU sec, 8.262 real sec
[M::process] read 89548 sequences (10000018 bp)...
[M::mem_process_seqs] Processed 89500 reads in 8.496 CPU sec, 8.507 real sec
[M::process] read 89842 sequences (10000069 bp)...
[M::mem_process_seqs] Processed 89548 reads in 8.482 CPU sec, 8.223 real sec
[M::process] read 90070 sequences (10000215 bp)...
[M::mem_process_seqs] Processed 89842 reads in 8.338 CPU sec, 8.133 real sec
[M::process] read 89056 sequences (10000145 bp)...
[M::mem_process_seqs] Processed 90070 reads in 8.351 CPU sec, 8.309 real sec
[M::process] read 89704 sequences (10000235 bp)...
[M::mem_process_seqs] Processed 89056 reads in 9.239 CPU sec, 9.333 real sec
[M::process] read 89576 sequences (10000142 bp)...
[M::mem_process_seqs] Processed 89704 reads in 7.967 CPU sec, 8.177 real sec
[M::process] read 88654 sequences (10000213 bp)...
[M::mem_process_seqs] Processed 89576 reads in 8.945 CPU sec, 9.131 real sec
[M::process] read 89558 sequences (10000202 bp)...
[M::mem_process_seqs] Processed 88654 reads in 8.694 CPU sec, 9.139 real sec
[M::process] read 90186 sequences (10000095 bp)...
[M::mem_process_seqs] Processed 89558 reads in 8.957 CPU sec, 8.652 real sec
[M::process] read 89492 sequences (10000091 bp)...
[M::mem_process_seqs] Processed 90186 reads in 8.153 CPU sec, 8.524 real sec
[M::process] read 88006 sequences (10000154 bp)...
[M::mem_process_seqs] Processed 89492 reads in 8.081 CPU sec, 8.519 real sec
[M::process] read 89674 sequences (10000208 bp)...
[M::mem_process_seqs] Processed 88006 reads in 10.083 CPU sec, 10.588 real sec
[M::process] read 89760 sequences (10000023 bp)...
[M::mem_process_seqs] Processed 89674 reads in 8.494 CPU sec, 8.844 real sec
[M::process] read 89148 sequences (10000024 bp)...
[M::mem_process_seqs] Processed 89760 reads in 8.714 CPU sec, 8.642 real sec
[M::process] read 88716 sequences (10000090 bp)...
[M::mem_process_seqs] Processed 89148 reads in 9.064 CPU sec, 8.900 real sec
[M::process] read 88348 sequences (10000150 bp)...
[M::mem_process_seqs] Processed 88716 reads in 8.853 CPU sec, 8.898 real sec
[M::process] read 89162 sequences (10000257 bp)...
[M::mem_process_seqs] Processed 88348 reads in 8.652 CPU sec, 8.816 real sec
[M::process] read 83722 sequences (10000017 bp)...
[M::mem_process_seqs] Processed 89162 reads in 8.733 CPU sec, 9.035 real sec
[M::process] read 88166 sequences (10000238 bp)...
[M::mem_process_seqs] Processed 83722 reads in 7.225 CPU sec, 7.489 real sec
[M::process] read 89640 sequences (10000237 bp)...
[M::mem_process_seqs] Processed 88166 reads in 8.122 CPU sec, 8.545 real sec
[M::process] read 89178 sequences (10000104 bp)...
[M::mem_process_seqs] Processed 89640 reads in 8.885 CPU sec, 8.899 real sec
[M::process] read 89864 sequences (10000080 bp)...
[M::mem_process_seqs] Processed 89178 reads in 8.626 CPU sec, 9.207 real sec
[M::process] read 88476 sequences (10000171 bp)...
[M::mem_process_seqs] Processed 89864 reads in 8.813 CPU sec, 9.178 real sec
[M::process] read 83298 sequences (10000009 bp)...
[M::mem_process_seqs] Processed 88476 reads in 8.551 CPU sec, 8.848 real sec
[M::process] read 74424 sequences (10000007 bp)...
[M::mem_process_seqs] Processed 83298 reads in 7.619 CPU sec, 8.098 real sec
[M::process] read 84378 sequences (10000077 bp)...
[M::mem_process_seqs] Processed 74424 reads in 5.965 CPU sec, 5.876 real sec
[M::process] read 89088 sequences (10000082 bp)...
[M::mem_process_seqs] Processed 84378 reads in 7.429 CPU sec, 7.649 real sec
[M::process] read 89992 sequences (10000003 bp)...
[M::mem_process_seqs] Processed 89088 reads in 8.500 CPU sec, 8.914 real sec
[M::process] read 88126 sequences (10000173 bp)...
[M::mem_process_seqs] Processed 89992 reads in 8.522 CPU sec, 8.799 real sec
[M::process] read 88658 sequences (10000219 bp)...
[M::mem_process_seqs] Processed 88126 reads in 8.499 CPU sec, 8.406 real sec
[M::process] read 89454 sequences (10000175 bp)...
[M::mem_process_seqs] Processed 88658 reads in 8.997 CPU sec, 9.517 real sec
[M::process] read 88560 sequences (10000056 bp)...
[M::mem_process_seqs] Processed 89454 reads in 8.860 CPU sec, 8.895 real sec
[M::process] read 88214 sequences (10000028 bp)...
[M::mem_process_seqs] Processed 88560 reads in 9.191 CPU sec, 9.706 real sec
[M::process] read 86370 sequences (10000219 bp)...
[M::mem_process_seqs] Processed 88214 reads in 8.441 CPU sec, 8.590 real sec
[M::process] read 89788 sequences (10000140 bp)...
[M::mem_process_seqs] Processed 86370 reads in 7.965 CPU sec, 8.202 real sec
[M::process] read 89664 sequences (10000177 bp)...
[M::mem_process_seqs] Processed 89788 reads in 9.078 CPU sec, 9.390 real sec
[M::process] read 88680 sequences (10000132 bp)...
[M::mem_process_seqs] Processed 89664 reads in 8.694 CPU sec, 8.991 real sec
[M::process] read 89446 sequences (10000180 bp)...
[M::mem_process_seqs] Processed 88680 reads in 7.991 CPU sec, 8.420 real sec
[M::process] read 80846 sequences (10000008 bp)...
[M::mem_process_seqs] Processed 89446 reads in 8.169 CPU sec, 8.478 real sec
[M::process] read 87968 sequences (10000145 bp)...
[M::mem_process_seqs] Processed 80846 reads in 7.232 CPU sec, 7.203 real sec
[M::process] read 88688 sequences (10000082 bp)...
[M::mem_process_seqs] Processed 87968 reads in 9.133 CPU sec, 9.516 real sec
[M::process] read 88830 sequences (10000104 bp)...
[M::mem_process_seqs] Processed 88688 reads in 8.860 CPU sec, 8.573 real sec
[M::process] read 88128 sequences (10000085 bp)...
[M::mem_process_seqs] Processed 88830 reads in 9.235 CPU sec, 9.286 real sec
[M::process] read 89718 sequences (10000093 bp)...
[M::mem_process_seqs] Processed 88128 reads in 10.332 CPU sec, 10.560 real sec
[M::process] read 89768 sequences (10000041 bp)...
[M::mem_process_seqs] Processed 89718 reads in 8.824 CPU sec, 9.150 real sec
[M::process] read 89550 sequences (10000280 bp)...
[M::mem_process_seqs] Processed 89768 reads in 8.987 CPU sec, 9.219 real sec
[M::process] read 89502 sequences (10000014 bp)...
[M::mem_process_seqs] Processed 89550 reads in 8.679 CPU sec, 9.392 real sec
[M::process] read 89826 sequences (10000010 bp)...
[M::mem_process_seqs] Processed 89502 reads in 8.970 CPU sec, 9.773 real sec
[M::process] read 89486 sequences (10000131 bp)...
[M::mem_process_seqs] Processed 89826 reads in 8.498 CPU sec, 9.162 real sec
[M::process] read 88638 sequences (10000250 bp)...
[M::mem_process_seqs] Processed 89486 reads in 8.474 CPU sec, 8.683 real sec
[M::process] read 89122 sequences (10000247 bp)...
[M::mem_process_seqs] Processed 88638 reads in 9.257 CPU sec, 9.475 real sec
[M::process] read 89484 sequences (10000203 bp)...
[M::mem_process_seqs] Processed 89122 reads in 8.485 CPU sec, 8.762 real sec
[M::process] read 88704 sequences (10000111 bp)...
[M::mem_process_seqs] Processed 89484 reads in 8.908 CPU sec, 9.193 real sec
[M::process] read 89694 sequences (10000188 bp)...
[M::mem_process_seqs] Processed 88704 reads in 8.405 CPU sec, 8.412 real sec
[M::process] read 89858 sequences (10000171 bp)...
[M::mem_process_seqs] Processed 89694 reads in 8.843 CPU sec, 9.087 real sec
[M::process] read 89624 sequences (10000048 bp)...
[M::mem_process_seqs] Processed 89858 reads in 8.704 CPU sec, 8.660 real sec
[M::process] read 86984 sequences (10000196 bp)...
[M::mem_process_seqs] Processed 89624 reads in 8.431 CPU sec, 8.635 real sec
[M::process] read 89928 sequences (10000160 bp)...
[M::mem_process_seqs] Processed 86984 reads in 12.261 CPU sec, 12.836 real sec
[M::process] read 89392 sequences (10000221 bp)...
[M::mem_process_seqs] Processed 89928 reads in 9.437 CPU sec, 9.544 real sec
[M::process] read 90162 sequences (10000080 bp)...
[M::mem_process_seqs] Processed 89392 reads in 8.428 CPU sec, 8.584 real sec
[M::process] read 89800 sequences (10000059 bp)...
[M::mem_process_seqs] Processed 90162 reads in 8.704 CPU sec, 8.471 real sec
[M::process] read 88946 sequences (10000141 bp)...
[M::mem_process_seqs] Processed 89800 reads in 8.845 CPU sec, 9.433 real sec
[M::process] read 87642 sequences (10000045 bp)...
[M::mem_process_seqs] Processed 88946 reads in 8.879 CPU sec, 8.904 real sec
[M::process] read 88064 sequences (10000141 bp)...
[M::mem_process_seqs] Processed 87642 reads in 8.195 CPU sec, 8.455 real sec
[M::process] read 89664 sequences (10000031 bp)...
[M::mem_process_seqs] Processed 88064 reads in 8.476 CPU sec, 8.882 real sec
[M::process] read 77924 sequences (10000195 bp)...
[M::mem_process_seqs] Processed 89664 reads in 8.568 CPU sec, 8.850 real sec
[M::process] read 87704 sequences (10000100 bp)...
[M::mem_process_seqs] Processed 77924 reads in 6.528 CPU sec, 7.292 real sec
[M::process] read 87632 sequences (10000210 bp)...
[M::mem_process_seqs] Processed 87704 reads in 8.248 CPU sec, 9.128 real sec
[M::process] read 88434 sequences (10000132 bp)...
[M::mem_process_seqs] Processed 87632 reads in 8.321 CPU sec, 8.841 real sec
[M::process] read 88444 sequences (10000083 bp)...
[M::mem_process_seqs] Processed 88434 reads in 8.544 CPU sec, 8.843 real sec
[M::process] read 77468 sequences (10000175 bp)...
[M::mem_process_seqs] Processed 88444 reads in 8.714 CPU sec, 9.240 real sec
[M::process] read 83614 sequences (10000097 bp)...
[M::mem_process_seqs] Processed 77468 reads in 6.935 CPU sec, 7.149 real sec
[M::process] read 86586 sequences (10000156 bp)...
[M::mem_process_seqs] Processed 83614 reads in 7.488 CPU sec, 7.957 real sec
[M::process] read 89018 sequences (10000170 bp)...
[M::mem_process_seqs] Processed 86586 reads in 7.848 CPU sec, 8.105 real sec
[M::process] read 88974 sequences (10000112 bp)...
[M::mem_process_seqs] Processed 89018 reads in 8.416 CPU sec, 8.623 real sec
[M::process] read 89892 sequences (10000258 bp)...
[M::mem_process_seqs] Processed 88974 reads in 8.930 CPU sec, 9.037 real sec
[M::process] read 89730 sequences (10000227 bp)...
[M::mem_process_seqs] Processed 89892 reads in 8.588 CPU sec, 9.248 real sec
[M::process] read 86824 sequences (10000035 bp)...
[M::mem_process_seqs] Processed 89730 reads in 8.871 CPU sec, 9.213 real sec
[M::process] read 89632 sequences (10000044 bp)...
[M::mem_process_seqs] Processed 86824 reads in 11.184 CPU sec, 11.544 real sec
[M::process] read 89352 sequences (10000072 bp)...
[M::mem_process_seqs] Processed 89632 reads in 9.103 CPU sec, 9.523 real sec
[M::process] read 89124 sequences (10000088 bp)...
[M::mem_process_seqs] Processed 89352 reads in 8.732 CPU sec, 8.990 real sec
[M::process] read 88860 sequences (10000102 bp)...
[M::mem_process_seqs] Processed 89124 reads in 8.775 CPU sec, 9.230 real sec
[M::process] read 89582 sequences (10000137 bp)...
[M::mem_process_seqs] Processed 88860 reads in 8.903 CPU sec, 9.473 real sec
[M::process] read 89450 sequences (10000061 bp)...
[M::mem_process_seqs] Processed 89582 reads in 8.355 CPU sec, 8.587 real sec
[M::process] read 89658 sequences (10000095 bp)...
[M::mem_process_seqs] Processed 89450 reads in 8.576 CPU sec, 8.813 real sec
[M::process] read 86812 sequences (10000035 bp)...
[M::mem_process_seqs] Processed 89658 reads in 8.421 CPU sec, 8.471 real sec
[M::process] read 89072 sequences (10000107 bp)...
[M::mem_process_seqs] Processed 86812 reads in 8.421 CPU sec, 8.774 real sec
[M::process] read 60176 sequences (6741475 bp)...
[M::mem_process_seqs] Processed 89072 reads in 8.682 CPU sec, 8.772 real sec
[M::mem_process_seqs] Processed 60176 reads in 5.586 CPU sec, 5.966 real sec
[main] Version: 0.7.17-r1188
[main] CMD: bwa mem -L 5 -I 376.939,57.422,519,224 -t 1 -a -M -T 30 -A 1 -B 4 -O 6 -R @RG\tID:Sde-AMat_061-SdA01061-L2-clmp-fp2-repr\tSM:Sde-AMat_061-SdA01061-L2-clmp-fp2-repr\tPL:Illumina reference.rad.D-3-3-probes4development-noMSATS-noNNNN-224-519bp-0-8TGCAGG-lessthan2indelsof3nt.fasta Sde-AMat_061-SdA01061-L2-clmp-fp2-repr.R1.fq.gz Sde-AMat_061-SdA01061-L2-clmp-fp2-repr.R2.fq.gz
[main] Real time: 902.852 sec; CPU: 874.526 sec
