[M::main_mem] mean insert size: 376.939, stddev: 57.422, max: 519, min: 224
[M::bwa_idx_load_from_disk] read 0 ALT contigs
[M::process] read 83560 sequences (10000286 bp)...
[M::process] read 84862 sequences (10000029 bp)...
[M::mem_process_seqs] Processed 83560 reads in 8.610 CPU sec, 9.488 real sec
[M::process] read 77434 sequences (10000230 bp)...
[M::mem_process_seqs] Processed 84862 reads in 8.604 CPU sec, 9.434 real sec
[M::process] read 82968 sequences (10000054 bp)...
[M::mem_process_seqs] Processed 77434 reads in 7.147 CPU sec, 7.319 real sec
[M::process] read 83282 sequences (10000119 bp)...
[M::mem_process_seqs] Processed 82968 reads in 8.060 CPU sec, 8.571 real sec
[M::process] read 86368 sequences (10000128 bp)...
[M::mem_process_seqs] Processed 83282 reads in 8.327 CPU sec, 8.715 real sec
[M::process] read 85984 sequences (10000057 bp)...
[M::mem_process_seqs] Processed 86368 reads in 9.440 CPU sec, 10.204 real sec
[M::process] read 84654 sequences (10000198 bp)...
[M::mem_process_seqs] Processed 85984 reads in 8.826 CPU sec, 8.993 real sec
[M::process] read 81372 sequences (10000154 bp)...
[M::mem_process_seqs] Processed 84654 reads in 9.153 CPU sec, 9.990 real sec
[M::process] read 85522 sequences (10000145 bp)...
[M::mem_process_seqs] Processed 81372 reads in 8.237 CPU sec, 8.528 real sec
[M::process] read 85872 sequences (10000090 bp)...
[M::mem_process_seqs] Processed 85522 reads in 9.918 CPU sec, 9.969 real sec
[M::process] read 85690 sequences (10000140 bp)...
[M::mem_process_seqs] Processed 85872 reads in 8.985 CPU sec, 9.213 real sec
[M::process] read 86144 sequences (10000020 bp)...
[M::mem_process_seqs] Processed 85690 reads in 8.849 CPU sec, 9.315 real sec
[M::process] read 84392 sequences (10000196 bp)...
[M::mem_process_seqs] Processed 86144 reads in 9.263 CPU sec, 9.715 real sec
[M::process] read 86192 sequences (10000197 bp)...
[M::mem_process_seqs] Processed 84392 reads in 9.580 CPU sec, 9.980 real sec
[M::process] read 84368 sequences (10000128 bp)...
[M::mem_process_seqs] Processed 86192 reads in 9.269 CPU sec, 9.747 real sec
[M::process] read 86218 sequences (10000176 bp)...
[M::mem_process_seqs] Processed 84368 reads in 8.768 CPU sec, 8.757 real sec
[M::process] read 84080 sequences (10000080 bp)...
[M::mem_process_seqs] Processed 86218 reads in 8.962 CPU sec, 10.186 real sec
[M::process] read 84814 sequences (10000206 bp)...
[M::mem_process_seqs] Processed 84080 reads in 10.608 CPU sec, 10.702 real sec
[M::process] read 86114 sequences (10000173 bp)...
[M::mem_process_seqs] Processed 84814 reads in 8.855 CPU sec, 9.425 real sec
[M::process] read 85008 sequences (10000102 bp)...
[M::mem_process_seqs] Processed 86114 reads in 9.718 CPU sec, 9.770 real sec
[M::process] read 83048 sequences (10000058 bp)...
[M::mem_process_seqs] Processed 85008 reads in 9.219 CPU sec, 9.322 real sec
[M::process] read 85416 sequences (10000259 bp)...
[M::mem_process_seqs] Processed 83048 reads in 8.502 CPU sec, 9.327 real sec
[M::process] read 78598 sequences (10000175 bp)...
[M::mem_process_seqs] Processed 85416 reads in 9.192 CPU sec, 9.663 real sec
[M::process] read 79510 sequences (10000024 bp)...
[M::mem_process_seqs] Processed 78598 reads in 6.866 CPU sec, 6.940 real sec
[M::process] read 85142 sequences (10000264 bp)...
[M::mem_process_seqs] Processed 79510 reads in 6.417 CPU sec, 6.420 real sec
[M::process] read 85452 sequences (10000127 bp)...
[M::mem_process_seqs] Processed 85142 reads in 8.945 CPU sec, 8.925 real sec
[M::process] read 84360 sequences (10000203 bp)...
[M::mem_process_seqs] Processed 85452 reads in 9.559 CPU sec, 10.268 real sec
[M::process] read 79176 sequences (10000222 bp)...
[M::mem_process_seqs] Processed 84360 reads in 8.986 CPU sec, 9.465 real sec
[M::process] read 73238 sequences (10000043 bp)...
[M::mem_process_seqs] Processed 79176 reads in 7.856 CPU sec, 7.695 real sec
[M::process] read 71874 sequences (10000193 bp)...
[M::mem_process_seqs] Processed 73238 reads in 6.038 CPU sec, 5.923 real sec
[M::process] read 74332 sequences (10000090 bp)...
[M::mem_process_seqs] Processed 71874 reads in 5.849 CPU sec, 5.718 real sec
[M::process] read 78678 sequences (10000142 bp)...
[M::mem_process_seqs] Processed 74332 reads in 5.867 CPU sec, 5.869 real sec
[M::process] read 86256 sequences (10000162 bp)...
[M::mem_process_seqs] Processed 78678 reads in 6.944 CPU sec, 6.992 real sec
[M::process] read 82302 sequences (10000050 bp)...
[M::mem_process_seqs] Processed 86256 reads in 8.869 CPU sec, 8.764 real sec
[M::process] read 84440 sequences (10000127 bp)...
[M::mem_process_seqs] Processed 82302 reads in 8.028 CPU sec, 7.818 real sec
[M::process] read 84168 sequences (10000033 bp)...
[M::mem_process_seqs] Processed 84440 reads in 9.379 CPU sec, 9.434 real sec
[M::process] read 83978 sequences (10000175 bp)...
[M::mem_process_seqs] Processed 84168 reads in 8.283 CPU sec, 8.749 real sec
[M::process] read 80354 sequences (10000230 bp)...
[M::mem_process_seqs] Processed 83978 reads in 8.955 CPU sec, 9.322 real sec
[M::process] read 86318 sequences (10000129 bp)...
[M::mem_process_seqs] Processed 80354 reads in 7.705 CPU sec, 7.502 real sec
[M::process] read 84078 sequences (10000068 bp)...
[M::mem_process_seqs] Processed 86318 reads in 9.401 CPU sec, 9.097 real sec
[M::process] read 85574 sequences (10000120 bp)...
[M::mem_process_seqs] Processed 84078 reads in 8.673 CPU sec, 8.920 real sec
[M::process] read 75254 sequences (10000040 bp)...
[M::mem_process_seqs] Processed 85574 reads in 8.717 CPU sec, 9.014 real sec
[M::process] read 79512 sequences (10000298 bp)...
[M::mem_process_seqs] Processed 75254 reads in 6.664 CPU sec, 6.756 real sec
[M::process] read 80954 sequences (10000001 bp)...
[M::mem_process_seqs] Processed 79512 reads in 7.376 CPU sec, 7.429 real sec
[M::process] read 84750 sequences (10000122 bp)...
[M::mem_process_seqs] Processed 80954 reads in 11.851 CPU sec, 12.290 real sec
[M::process] read 84132 sequences (10000189 bp)...
[M::mem_process_seqs] Processed 84750 reads in 9.369 CPU sec, 9.337 real sec
[M::process] read 85960 sequences (10000042 bp)...
[M::mem_process_seqs] Processed 84132 reads in 11.662 CPU sec, 11.484 real sec
[M::process] read 85656 sequences (10000283 bp)...
[M::mem_process_seqs] Processed 85960 reads in 9.548 CPU sec, 10.144 real sec
[M::process] read 86258 sequences (10000128 bp)...
[M::mem_process_seqs] Processed 85656 reads in 9.062 CPU sec, 9.160 real sec
[M::process] read 84274 sequences (10000077 bp)...
[M::mem_process_seqs] Processed 86258 reads in 9.501 CPU sec, 9.516 real sec
[M::process] read 84846 sequences (10000234 bp)...
[M::mem_process_seqs] Processed 84274 reads in 9.118 CPU sec, 9.166 real sec
[M::process] read 85366 sequences (10000143 bp)...
[M::mem_process_seqs] Processed 84846 reads in 9.512 CPU sec, 9.883 real sec
[M::process] read 83966 sequences (10000165 bp)...
[M::mem_process_seqs] Processed 85366 reads in 9.045 CPU sec, 9.559 real sec
[M::process] read 86322 sequences (10000071 bp)...
[M::mem_process_seqs] Processed 83966 reads in 8.694 CPU sec, 8.979 real sec
[M::process] read 84634 sequences (10000093 bp)...
[M::mem_process_seqs] Processed 86322 reads in 9.203 CPU sec, 9.440 real sec
[M::process] read 84654 sequences (10000032 bp)...
[M::mem_process_seqs] Processed 84634 reads in 8.555 CPU sec, 8.716 real sec
[M::process] read 85082 sequences (10000182 bp)...
[M::mem_process_seqs] Processed 84654 reads in 13.692 CPU sec, 13.925 real sec
[M::process] read 86194 sequences (10000057 bp)...
[M::mem_process_seqs] Processed 85082 reads in 9.363 CPU sec, 9.996 real sec
[M::process] read 85166 sequences (10000172 bp)...
[M::mem_process_seqs] Processed 86194 reads in 9.119 CPU sec, 9.854 real sec
[M::process] read 81538 sequences (10000022 bp)...
[M::mem_process_seqs] Processed 85166 reads in 8.961 CPU sec, 9.431 real sec
[M::process] read 84484 sequences (10000194 bp)...
[M::mem_process_seqs] Processed 81538 reads in 7.870 CPU sec, 8.364 real sec
[M::process] read 78870 sequences (10000033 bp)...
[M::mem_process_seqs] Processed 84484 reads in 8.471 CPU sec, 8.927 real sec
[M::process] read 72498 sequences (10000087 bp)...
[M::mem_process_seqs] Processed 78870 reads in 7.565 CPU sec, 7.565 real sec
[M::process] read 81764 sequences (10000048 bp)...
[M::mem_process_seqs] Processed 72498 reads in 5.999 CPU sec, 5.897 real sec
[M::process] read 80344 sequences (10000102 bp)...
[M::mem_process_seqs] Processed 81764 reads in 7.841 CPU sec, 8.689 real sec
[M::process] read 84070 sequences (10000018 bp)...
[M::mem_process_seqs] Processed 80344 reads in 7.364 CPU sec, 7.668 real sec
[M::process] read 79260 sequences (10000172 bp)...
[M::mem_process_seqs] Processed 84070 reads in 8.882 CPU sec, 8.826 real sec
[M::process] read 72174 sequences (10000196 bp)...
[M::mem_process_seqs] Processed 79260 reads in 7.935 CPU sec, 8.261 real sec
[M::process] read 73652 sequences (10000043 bp)...
[M::mem_process_seqs] Processed 72174 reads in 5.834 CPU sec, 5.931 real sec
[M::process] read 80908 sequences (10000191 bp)...
[M::mem_process_seqs] Processed 73652 reads in 5.957 CPU sec, 6.226 real sec
[M::process] read 84612 sequences (10000225 bp)...
[M::mem_process_seqs] Processed 80908 reads in 7.816 CPU sec, 8.724 real sec
[M::process] read 84872 sequences (10000121 bp)...
[M::mem_process_seqs] Processed 84612 reads in 9.031 CPU sec, 9.050 real sec
[M::process] read 85836 sequences (10000174 bp)...
[M::mem_process_seqs] Processed 84872 reads in 9.650 CPU sec, 9.892 real sec
[M::process] read 82202 sequences (10000099 bp)...
[M::mem_process_seqs] Processed 85836 reads in 9.101 CPU sec, 9.583 real sec
[M::process] read 85608 sequences (10000113 bp)...
[M::mem_process_seqs] Processed 82202 reads in 11.962 CPU sec, 12.241 real sec
[M::process] read 84342 sequences (10000073 bp)...
[M::mem_process_seqs] Processed 85608 reads in 9.812 CPU sec, 10.397 real sec
[M::process] read 85132 sequences (10000000 bp)...
[M::mem_process_seqs] Processed 84342 reads in 8.581 CPU sec, 8.856 real sec
[M::process] read 85164 sequences (10000023 bp)...
[M::mem_process_seqs] Processed 85132 reads in 8.640 CPU sec, 8.915 real sec
[M::process] read 85652 sequences (10000087 bp)...
[M::mem_process_seqs] Processed 85164 reads in 8.770 CPU sec, 9.526 real sec
[M::process] read 80126 sequences (10000213 bp)...
[M::mem_process_seqs] Processed 85652 reads in 9.017 CPU sec, 9.233 real sec
[M::process] read 68288 sequences (8030524 bp)...
[M::mem_process_seqs] Processed 80126 reads in 8.331 CPU sec, 8.381 real sec
[M::mem_process_seqs] Processed 68288 reads in 6.758 CPU sec, 7.027 real sec
[main] Version: 0.7.17-r1188
[main] CMD: bwa mem -L 5 -I 376.939,57.422,519,224 -t 1 -a -M -T 30 -A 1 -B 4 -O 6 -R @RG\tID:Sde-AMat_053-SdA01053-L2-clmp-fp2-repr\tSM:Sde-AMat_053-SdA01053-L2-clmp-fp2-repr\tPL:Illumina reference.rad.D-3-3-probes4development-noMSATS-noNNNN-224-519bp-0-8TGCAGG-lessthan2indelsof3nt.fasta Sde-AMat_053-SdA01053-L2-clmp-fp2-repr.R1.fq.gz Sde-AMat_053-SdA01053-L2-clmp-fp2-repr.R2.fq.gz
[main] Real time: 734.397 sec; CPU: 709.233 sec
