[M::bwa_idx_load_from_disk] read 0 ALT contigs
[M::process] read 872982 sequences (112743583 bp)...
[M::mem_pestat] # candidate unique pairs for (FF, FR, RF, RR): (18, 236748, 123, 6)
[M::mem_pestat] analyzing insert size distribution for orientation FF...
[M::mem_pestat] (25, 50, 75) percentile: (68, 87, 94)
[M::mem_pestat] low and high boundaries for computing mean and std.dev: (16, 146)
[M::mem_pestat] mean and std.dev: (79.33, 12.72)
[M::mem_pestat] low and high boundaries for proper pairs: (1, 172)
[M::mem_pestat] analyzing insert size distribution for orientation FR...
[M::mem_pestat] (25, 50, 75) percentile: (123, 161, 221)
[M::mem_pestat] low and high boundaries for computing mean and std.dev: (1, 417)
[M::mem_pestat] mean and std.dev: (176.41, 76.08)
[M::mem_pestat] low and high boundaries for proper pairs: (1, 515)
[M::mem_pestat] analyzing insert size distribution for orientation RF...
[M::mem_pestat] (25, 50, 75) percentile: (212, 4309, 5427)
[M::mem_pestat] low and high boundaries for computing mean and std.dev: (1, 15857)
[M::mem_pestat] mean and std.dev: (3440.70, 2571.77)
[M::mem_pestat] low and high boundaries for proper pairs: (1, 21072)
[M::mem_pestat] skip orientation RR as there are not enough pairs
[M::mem_pestat] skip orientation FF
[M::mem_pestat] skip orientation RF
[M::mem_process_seqs] Processed 872982 reads in 456.250 CPU sec, 12.287 real sec
[main] Version: 0.7.17-r1188
[main] CMD: bwa mem -L 30,5 -t 40 -a -M -T 50 -A 1 -B 6 -O 10 -R @RG\tID:Sgr-CMvi_085-Ex1-cssl.clmp.fp2_repr\tSM:Sgr-CMvi_085-Ex1-cssl.clmp.fp2_repr\tPL:Illumina reference.ssl.SgC0072C_decontam_R1R2_noIsolate.fasta Sgr-CMvi_085-Ex1-cssl.clmp.fp2_repr.R1.fq.gz Sgr-CMvi_085-Ex1-cssl.clmp.fp2_repr.R2.fq.gz
[main] Real time: 19.558 sec; CPU: 461.925 sec
