[M::bwa_idx_load_from_disk] read 0 ALT contigs
[M::process] read 1325998 sequences (167896516 bp)...
[M::mem_pestat] # candidate unique pairs for (FF, FR, RF, RR): (71, 177613, 260, 25)
[M::mem_pestat] analyzing insert size distribution for orientation FF...
[M::mem_pestat] (25, 50, 75) percentile: (217, 217, 479)
[M::mem_pestat] low and high boundaries for computing mean and std.dev: (1, 1003)
[M::mem_pestat] mean and std.dev: (287.79, 146.37)
[M::mem_pestat] low and high boundaries for proper pairs: (1, 1265)
[M::mem_pestat] analyzing insert size distribution for orientation FR...
[M::mem_pestat] (25, 50, 75) percentile: (89, 139, 207)
[M::mem_pestat] low and high boundaries for computing mean and std.dev: (1, 443)
[M::mem_pestat] mean and std.dev: (156.61, 90.88)
[M::mem_pestat] low and high boundaries for proper pairs: (1, 561)
[M::mem_pestat] analyzing insert size distribution for orientation RF...
[M::mem_pestat] (25, 50, 75) percentile: (70, 3880, 3880)
[M::mem_pestat] low and high boundaries for computing mean and std.dev: (1, 11500)
[M::mem_pestat] mean and std.dev: (2747.73, 2466.33)
[M::mem_pestat] low and high boundaries for proper pairs: (1, 15310)
[M::mem_pestat] analyzing insert size distribution for orientation RR...
[M::mem_pestat] (25, 50, 75) percentile: (19, 19, 222)
[M::mem_pestat] low and high boundaries for computing mean and std.dev: (1, 628)
[M::mem_pestat] mean and std.dev: (92.60, 97.52)
[M::mem_pestat] low and high boundaries for proper pairs: (1, 831)
[M::mem_pestat] skip orientation FF
[M::mem_pestat] skip orientation RF
[M::mem_pestat] skip orientation RR
[M::mem_process_seqs] Processed 1325998 reads in 760.067 CPU sec, 19.914 real sec
[main] Version: 0.7.17-r1188
[main] CMD: bwa mem -L 30,5 -t 40 -a -M -T 50 -A 1 -B 6 -O 10 -R @RG\tID:Sgr-CMas_069-Ex1-cssl.clmp.fp2_repr\tSM:Sgr-CMas_069-Ex1-cssl.clmp.fp2_repr\tPL:Illumina reference.ssl.SgC0072C_decontam_R1R2_noIsolate.fasta Sgr-CMas_069-Ex1-cssl.clmp.fp2_repr.R1.fq.gz Sgr-CMas_069-Ex1-cssl.clmp.fp2_repr.R2.fq.gz
[main] Real time: 29.216 sec; CPU: 767.834 sec
