[M::bwa_idx_load_from_disk] read 0 ALT contigs
[M::process] read 930670 sequences (118612868 bp)...
[M::mem_pestat] # candidate unique pairs for (FF, FR, RF, RR): (143, 258753, 127, 83)
[M::mem_pestat] analyzing insert size distribution for orientation FF...
[M::mem_pestat] (25, 50, 75) percentile: (167, 201, 202)
[M::mem_pestat] low and high boundaries for computing mean and std.dev: (97, 272)
[M::mem_pestat] mean and std.dev: (187.22, 28.78)
[M::mem_pestat] low and high boundaries for proper pairs: (62, 307)
[M::mem_pestat] analyzing insert size distribution for orientation FR...
[M::mem_pestat] (25, 50, 75) percentile: (117, 159, 222)
[M::mem_pestat] low and high boundaries for computing mean and std.dev: (1, 432)
[M::mem_pestat] mean and std.dev: (176.04, 81.56)
[M::mem_pestat] low and high boundaries for proper pairs: (1, 537)
[M::mem_pestat] analyzing insert size distribution for orientation RF...
[M::mem_pestat] (25, 50, 75) percentile: (148, 148, 171)
[M::mem_pestat] low and high boundaries for computing mean and std.dev: (102, 217)
[M::mem_pestat] mean and std.dev: (154.70, 11.00)
[M::mem_pestat] low and high boundaries for proper pairs: (79, 240)
[M::mem_pestat] analyzing insert size distribution for orientation RR...
[M::mem_pestat] (25, 50, 75) percentile: (103, 143, 178)
[M::mem_pestat] low and high boundaries for computing mean and std.dev: (1, 328)
[M::mem_pestat] mean and std.dev: (153.10, 65.35)
[M::mem_pestat] low and high boundaries for proper pairs: (1, 414)
[M::mem_pestat] skip orientation FF
[M::mem_pestat] skip orientation RF
[M::mem_pestat] skip orientation RR
[M::mem_process_seqs] Processed 930670 reads in 476.491 CPU sec, 12.860 real sec
[main] Version: 0.7.17-r1188
[main] CMD: bwa mem -L 30,5 -t 40 -a -M -T 50 -A 1 -B 6 -O 10 -R @RG\tID:Sgr-CMvi_024-Ex1-cssl.clmp.fp2_repr\tSM:Sgr-CMvi_024-Ex1-cssl.clmp.fp2_repr\tPL:Illumina reference.ssl.SgC0072C_decontam_R1R2_noIsolate.fasta Sgr-CMvi_024-Ex1-cssl.clmp.fp2_repr.R1.fq.gz Sgr-CMvi_024-Ex1-cssl.clmp.fp2_repr.R2.fq.gz
[main] Real time: 20.569 sec; CPU: 482.667 sec
