[M::bwa_idx_load_from_disk] read 0 ALT contigs
[M::process] read 4486910 sequences (400000080 bp)...
[M::mem_pestat] # candidate unique pairs for (FF, FR, RF, RR): (26, 631730, 18, 37)
[M::mem_pestat] analyzing insert size distribution for orientation FF...
[M::mem_pestat] (25, 50, 75) percentile: (29, 37, 65)
[M::mem_pestat] low and high boundaries for computing mean and std.dev: (1, 137)
[M::mem_pestat] mean and std.dev: (40.52, 24.30)
[M::mem_pestat] low and high boundaries for proper pairs: (1, 173)
[M::mem_pestat] analyzing insert size distribution for orientation FR...
[M::mem_pestat] (25, 50, 75) percentile: (57, 76, 95)
[M::mem_pestat] low and high boundaries for computing mean and std.dev: (1, 171)
[M::mem_pestat] mean and std.dev: (77.06, 28.70)
[M::mem_pestat] low and high boundaries for proper pairs: (1, 209)
[M::mem_pestat] analyzing insert size distribution for orientation RF...
[M::mem_pestat] (25, 50, 75) percentile: (20, 29, 67)
[M::mem_pestat] low and high boundaries for computing mean and std.dev: (1, 161)
[M::mem_pestat] mean and std.dev: (27.86, 13.95)
[M::mem_pestat] low and high boundaries for proper pairs: (1, 208)
[M::mem_pestat] analyzing insert size distribution for orientation RR...
[M::mem_pestat] (25, 50, 75) percentile: (28, 41, 549)
[M::mem_pestat] low and high boundaries for computing mean and std.dev: (1, 1591)
[M::mem_pestat] mean and std.dev: (192.86, 236.51)
[M::mem_pestat] low and high boundaries for proper pairs: (1, 2112)
[M::mem_pestat] skip orientation FF
[M::mem_pestat] skip orientation RF
[M::mem_pestat] skip orientation RR
[M::mem_process_seqs] Processed 4486910 reads in 2824.096 CPU sec, 100.423 real sec
[M::process] read 4404062 sequences (400000104 bp)...
[M::process] read 934808 sequences (83585202 bp)...
[M::mem_pestat] # candidate unique pairs for (FF, FR, RF, RR): (32, 587960, 13, 25)
[M::mem_pestat] analyzing insert size distribution for orientation FF...
[M::mem_pestat] (25, 50, 75) percentile: (27, 49, 83)
[M::mem_pestat] low and high boundaries for computing mean and std.dev: (1, 195)
[M::mem_pestat] mean and std.dev: (39.92, 23.31)
[M::mem_pestat] low and high boundaries for proper pairs: (1, 251)
[M::mem_pestat] analyzing insert size distribution for orientation FR...
[M::mem_pestat] (25, 50, 75) percentile: (57, 76, 95)
[M::mem_pestat] low and high boundaries for computing mean and std.dev: (1, 171)
[M::mem_pestat] mean and std.dev: (77.05, 28.88)
[M::mem_pestat] low and high boundaries for proper pairs: (1, 209)
[M::mem_pestat] analyzing insert size distribution for orientation RF...
[M::mem_pestat] (25, 50, 75) percentile: (10, 27, 37)
[M::mem_pestat] low and high boundaries for computing mean and std.dev: (1, 91)
[M::mem_pestat] mean and std.dev: (25.50, 18.56)
[M::mem_pestat] low and high boundaries for proper pairs: (1, 118)
[M::mem_pestat] analyzing insert size distribution for orientation RR...
[M::mem_pestat] (25, 50, 75) percentile: (24, 38, 121)
[M::mem_pestat] low and high boundaries for computing mean and std.dev: (1, 315)
[M::mem_pestat] mean and std.dev: (47.10, 49.78)
[M::mem_pestat] low and high boundaries for proper pairs: (1, 412)
[M::mem_pestat] skip orientation FF
[M::mem_pestat] skip orientation RF
[M::mem_pestat] skip orientation RR
[M::mem_process_seqs] Processed 4404062 reads in 1446.767 CPU sec, 38.015 real sec
[M::mem_pestat] # candidate unique pairs for (FF, FR, RF, RR): (9, 132224, 2, 4)
[M::mem_pestat] skip orientation FF as there are not enough pairs
[M::mem_pestat] analyzing insert size distribution for orientation FR...
[M::mem_pestat] (25, 50, 75) percentile: (57, 76, 96)
[M::mem_pestat] low and high boundaries for computing mean and std.dev: (1, 174)
[M::mem_pestat] mean and std.dev: (77.18, 28.91)
[M::mem_pestat] low and high boundaries for proper pairs: (1, 213)
[M::mem_pestat] skip orientation RF as there are not enough pairs
[M::mem_pestat] skip orientation RR as there are not enough pairs
[M::mem_process_seqs] Processed 934808 reads in 324.949 CPU sec, 9.531 real sec
[main] Version: 0.7.17-r1188
[main] CMD: bwa mem -L 30,5 -t 40 -a -M -T 50 -A 1 -B 6 -O 10 -R @RG\tID:Sgr-AJol_044-Ex1-cssl.clmp.fp2_repr\tSM:Sgr-AJol_044-Ex1-cssl.clmp.fp2_repr\tPL:Illumina reference.ssl.SgC0072C_decontam_R1R2_noIsolate.fasta Sgr-AJol_044-Ex1-cssl.clmp.fp2_repr.R1.fq.gz Sgr-AJol_044-Ex1-cssl.clmp.fp2_repr.R2.fq.gz
[main] Real time: 172.139 sec; CPU: 4623.997 sec
