[M::bwa_idx_load_from_disk] read 0 ALT contigs
[M::process] read 2845362 sequences (361276422 bp)...
[M::mem_pestat] # candidate unique pairs for (FF, FR, RF, RR): (61, 408623, 134, 86)
[M::mem_pestat] analyzing insert size distribution for orientation FF...
[M::mem_pestat] (25, 50, 75) percentile: (115, 241, 446)
[M::mem_pestat] low and high boundaries for computing mean and std.dev: (1, 1108)
[M::mem_pestat] mean and std.dev: (252.11, 163.28)
[M::mem_pestat] low and high boundaries for proper pairs: (1, 1439)
[M::mem_pestat] analyzing insert size distribution for orientation FR...
[M::mem_pestat] (25, 50, 75) percentile: (88, 132, 185)
[M::mem_pestat] low and high boundaries for computing mean and std.dev: (1, 379)
[M::mem_pestat] mean and std.dev: (141.03, 74.15)
[M::mem_pestat] low and high boundaries for proper pairs: (1, 476)
[M::mem_pestat] analyzing insert size distribution for orientation RF...
[M::mem_pestat] (25, 50, 75) percentile: (78, 210, 4307)
[M::mem_pestat] low and high boundaries for computing mean and std.dev: (1, 12765)
[M::mem_pestat] mean and std.dev: (1860.93, 2481.23)
[M::mem_pestat] low and high boundaries for proper pairs: (1, 16994)
[M::mem_pestat] analyzing insert size distribution for orientation RR...
[M::mem_pestat] (25, 50, 75) percentile: (68, 354, 431)
[M::mem_pestat] low and high boundaries for computing mean and std.dev: (1, 1157)
[M::mem_pestat] mean and std.dev: (299.27, 179.72)
[M::mem_pestat] low and high boundaries for proper pairs: (1, 1520)
[M::mem_pestat] skip orientation FF
[M::mem_pestat] skip orientation RF
[M::mem_pestat] skip orientation RR
[M::mem_process_seqs] Processed 2845362 reads in 1639.000 CPU sec, 43.089 real sec
[main] Version: 0.7.17-r1188
[main] CMD: bwa mem -L 30,5 -t 40 -a -M -T 50 -A 1 -B 6 -O 10 -R @RG\tID:Sgr-CMas_028-Ex1-cssl.clmp.fp2_repr\tSM:Sgr-CMas_028-Ex1-cssl.clmp.fp2_repr\tPL:Illumina reference.ssl.SgC0072C_decontam_R1R2_noIsolate.fasta Sgr-CMas_028-Ex1-cssl.clmp.fp2_repr.R1.fq.gz Sgr-CMas_028-Ex1-cssl.clmp.fp2_repr.R2.fq.gz
[main] Real time: 60.172 sec; CPU: 1654.502 sec
