[M::bwa_idx_load_from_disk] read 0 ALT contigs
[M::process] read 4861482 sequences (400000001 bp)...
[M::mem_pestat] # candidate unique pairs for (FF, FR, RF, RR): (17, 670267, 11, 10)
[M::mem_pestat] analyzing insert size distribution for orientation FF...
[M::mem_pestat] (25, 50, 75) percentile: (30, 49, 537)
[M::mem_pestat] low and high boundaries for computing mean and std.dev: (1, 1551)
[M::mem_pestat] mean and std.dev: (147.81, 196.63)
[M::mem_pestat] low and high boundaries for proper pairs: (1, 2058)
[M::mem_pestat] analyzing insert size distribution for orientation FR...
[M::mem_pestat] (25, 50, 75) percentile: (54, 71, 88)
[M::mem_pestat] low and high boundaries for computing mean and std.dev: (1, 156)
[M::mem_pestat] mean and std.dev: (71.61, 25.72)
[M::mem_pestat] low and high boundaries for proper pairs: (1, 190)
[M::mem_pestat] analyzing insert size distribution for orientation RF...
[M::mem_pestat] (25, 50, 75) percentile: (27, 45, 108)
[M::mem_pestat] low and high boundaries for computing mean and std.dev: (1, 270)
[M::mem_pestat] mean and std.dev: (39.78, 28.95)
[M::mem_pestat] low and high boundaries for proper pairs: (1, 351)
[M::mem_pestat] analyzing insert size distribution for orientation RR...
[M::mem_pestat] (25, 50, 75) percentile: (27, 43, 54)
[M::mem_pestat] low and high boundaries for computing mean and std.dev: (1, 108)
[M::mem_pestat] mean and std.dev: (34.25, 15.71)
[M::mem_pestat] low and high boundaries for proper pairs: (1, 135)
[M::mem_pestat] skip orientation FF
[M::mem_pestat] skip orientation RF
[M::mem_pestat] skip orientation RR
[M::mem_process_seqs] Processed 4861482 reads in 2580.977 CPU sec, 96.047 real sec
[M::process] read 4854476 sequences (400000079 bp)...
[M::process] read 2830796 sequences (234768546 bp)...
[M::mem_pestat] # candidate unique pairs for (FF, FR, RF, RR): (21, 667008, 8, 10)
[M::mem_pestat] analyzing insert size distribution for orientation FF...
[M::mem_pestat] (25, 50, 75) percentile: (33, 574, 574)
[M::mem_pestat] low and high boundaries for computing mean and std.dev: (1, 1656)
[M::mem_pestat] mean and std.dev: (373.14, 268.99)
[M::mem_pestat] low and high boundaries for proper pairs: (1, 2197)
[M::mem_pestat] analyzing insert size distribution for orientation FR...
[M::mem_pestat] (25, 50, 75) percentile: (54, 71, 88)
[M::mem_pestat] low and high boundaries for computing mean and std.dev: (1, 156)
[M::mem_pestat] mean and std.dev: (71.57, 25.69)
[M::mem_pestat] low and high boundaries for proper pairs: (1, 190)
[M::mem_pestat] skip orientation RF as there are not enough pairs
[M::mem_pestat] analyzing insert size distribution for orientation RR...
[M::mem_pestat] (25, 50, 75) percentile: (27, 28, 56)
[M::mem_pestat] low and high boundaries for computing mean and std.dev: (1, 114)
[M::mem_pestat] mean and std.dev: (30.38, 13.58)
[M::mem_pestat] low and high boundaries for proper pairs: (1, 143)
[M::mem_pestat] skip orientation FF
[M::mem_pestat] skip orientation RR
[M::mem_process_seqs] Processed 4854476 reads in 1326.385 CPU sec, 34.710 real sec
[M::mem_pestat] # candidate unique pairs for (FF, FR, RF, RR): (4, 382627, 4, 5)
[M::mem_pestat] skip orientation FF as there are not enough pairs
[M::mem_pestat] analyzing insert size distribution for orientation FR...
[M::mem_pestat] (25, 50, 75) percentile: (54, 71, 88)
[M::mem_pestat] low and high boundaries for computing mean and std.dev: (1, 156)
[M::mem_pestat] mean and std.dev: (71.59, 25.79)
[M::mem_pestat] low and high boundaries for proper pairs: (1, 190)
[M::mem_pestat] skip orientation RF as there are not enough pairs
[M::mem_pestat] skip orientation RR as there are not enough pairs
[M::mem_process_seqs] Processed 2830796 reads in 802.773 CPU sec, 22.514 real sec
[main] Version: 0.7.17-r1188
[main] CMD: bwa mem -L 30,5 -t 40 -a -M -T 50 -A 1 -B 6 -O 10 -R @RG\tID:Sgr-AJol_014-Ex1-cssl.clmp.fp2_repr\tSM:Sgr-AJol_014-Ex1-cssl.clmp.fp2_repr\tPL:Illumina reference.ssl.SgC0072C_decontam_R1R2_noIsolate.fasta Sgr-AJol_014-Ex1-cssl.clmp.fp2_repr.R1.fq.gz Sgr-AJol_014-Ex1-cssl.clmp.fp2_repr.R2.fq.gz
[main] Real time: 179.126 sec; CPU: 4741.043 sec
