[M::bwa_idx_load_from_disk] read 0 ALT contigs
[M::process] read 4499276 sequences (400000092 bp)...
[M::process] read 1119988 sequences (95819661 bp)...
[M::mem_pestat] # candidate unique pairs for (FF, FR, RF, RR): (32, 401864, 12, 24)
[M::mem_pestat] analyzing insert size distribution for orientation FF...
[M::mem_pestat] (25, 50, 75) percentile: (21, 32, 45)
[M::mem_pestat] low and high boundaries for computing mean and std.dev: (1, 93)
[M::mem_pestat] mean and std.dev: (33.35, 17.63)
[M::mem_pestat] low and high boundaries for proper pairs: (1, 117)
[M::mem_pestat] analyzing insert size distribution for orientation FR...
[M::mem_pestat] (25, 50, 75) percentile: (51, 69, 87)
[M::mem_pestat] low and high boundaries for computing mean and std.dev: (1, 159)
[M::mem_pestat] mean and std.dev: (70.58, 26.72)
[M::mem_pestat] low and high boundaries for proper pairs: (1, 195)
[M::mem_pestat] analyzing insert size distribution for orientation RF...
[M::mem_pestat] (25, 50, 75) percentile: (25, 61, 297)
[M::mem_pestat] low and high boundaries for computing mean and std.dev: (1, 841)
[M::mem_pestat] mean and std.dev: (130.64, 168.49)
[M::mem_pestat] low and high boundaries for proper pairs: (1, 1113)
[M::mem_pestat] analyzing insert size distribution for orientation RR...
[M::mem_pestat] (25, 50, 75) percentile: (30, 43, 58)
[M::mem_pestat] low and high boundaries for computing mean and std.dev: (1, 114)
[M::mem_pestat] mean and std.dev: (43.12, 18.99)
[M::mem_pestat] low and high boundaries for proper pairs: (1, 142)
[M::mem_pestat] skip orientation FF
[M::mem_pestat] skip orientation RF
[M::mem_pestat] skip orientation RR
[M::mem_process_seqs] Processed 4499276 reads in 2464.712 CPU sec, 82.917 real sec
[M::mem_pestat] # candidate unique pairs for (FF, FR, RF, RR): (6, 113445, 6, 14)
[M::mem_pestat] skip orientation FF as there are not enough pairs
[M::mem_pestat] analyzing insert size distribution for orientation FR...
[M::mem_pestat] (25, 50, 75) percentile: (52, 70, 88)
[M::mem_pestat] low and high boundaries for computing mean and std.dev: (1, 160)
[M::mem_pestat] mean and std.dev: (71.01, 26.67)
[M::mem_pestat] low and high boundaries for proper pairs: (1, 196)
[M::mem_pestat] skip orientation RF as there are not enough pairs
[M::mem_pestat] analyzing insert size distribution for orientation RR...
[M::mem_pestat] (25, 50, 75) percentile: (37, 37, 60)
[M::mem_pestat] low and high boundaries for computing mean and std.dev: (1, 106)
[M::mem_pestat] mean and std.dev: (48.79, 19.43)
[M::mem_pestat] low and high boundaries for proper pairs: (1, 129)
[M::mem_pestat] skip orientation RR
[M::mem_process_seqs] Processed 1119988 reads in 431.158 CPU sec, 12.298 real sec
[main] Version: 0.7.17-r1188
[main] CMD: bwa mem -L 30,5 -t 40 -a -M -T 50 -A 1 -B 6 -O 10 -R @RG\tID:Sgr-APal_023-Ex1-cssl.clmp.fp2_repr\tSM:Sgr-APal_023-Ex1-cssl.clmp.fp2_repr\tPL:Illumina reference.ssl.SgC0072C_decontam_R1R2_noIsolate.fasta Sgr-APal_023-Ex1-cssl.clmp.fp2_repr.R1.fq.gz Sgr-APal_023-Ex1-cssl.clmp.fp2_repr.R2.fq.gz
[main] Real time: 115.228 sec; CPU: 2915.642 sec
