[M::bwa_idx_load_from_disk] read 0 ALT contigs
[M::process] read 2627440 sequences (322709037 bp)...
[M::mem_pestat] # candidate unique pairs for (FF, FR, RF, RR): (133, 370251, 180, 155)
[M::mem_pestat] analyzing insert size distribution for orientation FF...
[M::mem_pestat] (25, 50, 75) percentile: (112, 502, 1143)
[M::mem_pestat] low and high boundaries for computing mean and std.dev: (1, 3205)
[M::mem_pestat] mean and std.dev: (594.62, 619.57)
[M::mem_pestat] low and high boundaries for proper pairs: (1, 4236)
[M::mem_pestat] analyzing insert size distribution for orientation FR...
[M::mem_pestat] (25, 50, 75) percentile: (81, 124, 180)
[M::mem_pestat] low and high boundaries for computing mean and std.dev: (1, 378)
[M::mem_pestat] mean and std.dev: (135.50, 74.29)
[M::mem_pestat] low and high boundaries for proper pairs: (1, 477)
[M::mem_pestat] analyzing insert size distribution for orientation RF...
[M::mem_pestat] (25, 50, 75) percentile: (13, 14, 45)
[M::mem_pestat] low and high boundaries for computing mean and std.dev: (1, 109)
[M::mem_pestat] mean and std.dev: (23.57, 19.81)
[M::mem_pestat] low and high boundaries for proper pairs: (1, 141)
[M::mem_pestat] analyzing insert size distribution for orientation RR...
[M::mem_pestat] (25, 50, 75) percentile: (109, 486, 508)
[M::mem_pestat] low and high boundaries for computing mean and std.dev: (1, 1306)
[M::mem_pestat] mean and std.dev: (354.92, 185.64)
[M::mem_pestat] low and high boundaries for proper pairs: (1, 1705)
[M::mem_pestat] skip orientation FF
[M::mem_pestat] skip orientation RF
[M::mem_pestat] skip orientation RR
[M::mem_process_seqs] Processed 2627440 reads in 1451.901 CPU sec, 38.350 real sec
[main] Version: 0.7.17-r1188
[main] CMD: bwa mem -L 30,5 -t 40 -a -M -T 50 -A 1 -B 6 -O 10 -R @RG\tID:Sgr-CMas_032-Ex1-cssl.clmp.fp2_repr\tSM:Sgr-CMas_032-Ex1-cssl.clmp.fp2_repr\tPL:Illumina reference.ssl.SgC0072C_decontam_R1R2_noIsolate.fasta Sgr-CMas_032-Ex1-cssl.clmp.fp2_repr.R1.fq.gz Sgr-CMas_032-Ex1-cssl.clmp.fp2_repr.R2.fq.gz
[main] Real time: 54.113 sec; CPU: 1466.064 sec
