[M::bwa_idx_load_from_disk] read 0 ALT contigs
[M::process] read 4376642 sequences (400000147 bp)...
[M::mem_pestat] # candidate unique pairs for (FF, FR, RF, RR): (20, 586773, 21, 34)
[M::mem_pestat] analyzing insert size distribution for orientation FF...
[M::mem_pestat] (25, 50, 75) percentile: (27, 43, 128)
[M::mem_pestat] low and high boundaries for computing mean and std.dev: (1, 330)
[M::mem_pestat] mean and std.dev: (52.41, 50.86)
[M::mem_pestat] low and high boundaries for proper pairs: (1, 431)
[M::mem_pestat] analyzing insert size distribution for orientation FR...
[M::mem_pestat] (25, 50, 75) percentile: (57, 77, 97)
[M::mem_pestat] low and high boundaries for computing mean and std.dev: (1, 177)
[M::mem_pestat] mean and std.dev: (77.99, 29.82)
[M::mem_pestat] low and high boundaries for proper pairs: (1, 217)
[M::mem_pestat] analyzing insert size distribution for orientation RF...
[M::mem_pestat] (25, 50, 75) percentile: (16, 24, 42)
[M::mem_pestat] low and high boundaries for computing mean and std.dev: (1, 94)
[M::mem_pestat] mean and std.dev: (26.00, 18.73)
[M::mem_pestat] low and high boundaries for proper pairs: (1, 120)
[M::mem_pestat] analyzing insert size distribution for orientation RR...
[M::mem_pestat] (25, 50, 75) percentile: (28, 49, 108)
[M::mem_pestat] low and high boundaries for computing mean and std.dev: (1, 268)
[M::mem_pestat] mean and std.dev: (46.83, 33.93)
[M::mem_pestat] low and high boundaries for proper pairs: (1, 348)
[M::mem_pestat] skip orientation FF
[M::mem_pestat] skip orientation RF
[M::mem_pestat] skip orientation RR
[M::mem_process_seqs] Processed 4376642 reads in 2782.765 CPU sec, 101.742 real sec
[M::process] read 4375982 sequences (400000117 bp)...
[M::process] read 4262128 sequences (400000055 bp)...
[M::mem_pestat] # candidate unique pairs for (FF, FR, RF, RR): (35, 588590, 21, 37)
[M::mem_pestat] analyzing insert size distribution for orientation FF...
[M::mem_pestat] (25, 50, 75) percentile: (19, 26, 46)
[M::mem_pestat] low and high boundaries for computing mean and std.dev: (1, 100)
[M::mem_pestat] mean and std.dev: (24.86, 15.80)
[M::mem_pestat] low and high boundaries for proper pairs: (1, 127)
[M::mem_pestat] analyzing insert size distribution for orientation FR...
[M::mem_pestat] (25, 50, 75) percentile: (57, 77, 97)
[M::mem_pestat] low and high boundaries for computing mean and std.dev: (1, 177)
[M::mem_pestat] mean and std.dev: (77.95, 29.79)
[M::mem_pestat] low and high boundaries for proper pairs: (1, 217)
[M::mem_pestat] analyzing insert size distribution for orientation RF...
[M::mem_pestat] (25, 50, 75) percentile: (20, 50, 79)
[M::mem_pestat] low and high boundaries for computing mean and std.dev: (1, 197)
[M::mem_pestat] mean and std.dev: (45.94, 36.90)
[M::mem_pestat] low and high boundaries for proper pairs: (1, 256)
[M::mem_pestat] analyzing insert size distribution for orientation RR...
[M::mem_pestat] (25, 50, 75) percentile: (36, 61, 527)
[M::mem_pestat] low and high boundaries for computing mean and std.dev: (1, 1509)
[M::mem_pestat] mean and std.dev: (225.62, 233.65)
[M::mem_pestat] low and high boundaries for proper pairs: (1, 2000)
[M::mem_pestat] skip orientation FF
[M::mem_pestat] skip orientation RF
[M::mem_pestat] skip orientation RR
[M::mem_process_seqs] Processed 4375982 reads in 1438.368 CPU sec, 38.311 real sec
[M::mem_pestat] # candidate unique pairs for (FF, FR, RF, RR): (18, 528615, 15, 33)
[M::mem_pestat] analyzing insert size distribution for orientation FF...
[M::mem_pestat] (25, 50, 75) percentile: (21, 37, 68)
[M::mem_pestat] low and high boundaries for computing mean and std.dev: (1, 162)
[M::mem_pestat] mean and std.dev: (35.00, 20.82)
[M::mem_pestat] low and high boundaries for proper pairs: (1, 209)
[M::mem_pestat] analyzing insert size distribution for orientation FR...
[M::mem_pestat] (25, 50, 75) percentile: (57, 77, 97)
[M::mem_pestat] low and high boundaries for computing mean and std.dev: (1, 177)
[M::mem_pestat] mean and std.dev: (77.84, 29.98)
[M::mem_pestat] low and high boundaries for proper pairs: (1, 217)
[M::mem_pestat] analyzing insert size distribution for orientation RF...
[M::mem_pestat] (25, 50, 75) percentile: (19, 57, 7364)
[M::mem_pestat] low and high boundaries for computing mean and std.dev: (1, 22054)
[M::mem_pestat] mean and std.dev: (2004.13, 3232.56)
[M::mem_pestat] low and high boundaries for proper pairs: (1, 29399)
[M::mem_pestat] analyzing insert size distribution for orientation RR...
[M::mem_pestat] (25, 50, 75) percentile: (19, 41, 64)
[M::mem_pestat] low and high boundaries for computing mean and std.dev: (1, 154)
[M::mem_pestat] mean and std.dev: (38.10, 25.83)
[M::mem_pestat] low and high boundaries for proper pairs: (1, 199)
[M::mem_pestat] skip orientation FF
[M::mem_pestat] skip orientation RF
[M::mem_pestat] skip orientation RR
[M::process] read 1813022 sequences (166240188 bp)...
[M::mem_process_seqs] Processed 4262128 reads in 1494.870 CPU sec, 41.134 real sec
[M::mem_pestat] # candidate unique pairs for (FF, FR, RF, RR): (11, 242560, 7, 11)
[M::mem_pestat] analyzing insert size distribution for orientation FF...
[M::mem_pestat] (25, 50, 75) percentile: (36, 51, 536)
[M::mem_pestat] low and high boundaries for computing mean and std.dev: (1, 1536)
[M::mem_pestat] mean and std.dev: (221.45, 245.57)
[M::mem_pestat] low and high boundaries for proper pairs: (1, 2036)
[M::mem_pestat] analyzing insert size distribution for orientation FR...
[M::mem_pestat] (25, 50, 75) percentile: (57, 77, 97)
[M::mem_pestat] low and high boundaries for computing mean and std.dev: (1, 177)
[M::mem_pestat] mean and std.dev: (77.95, 29.82)
[M::mem_pestat] low and high boundaries for proper pairs: (1, 217)
[M::mem_pestat] skip orientation RF as there are not enough pairs
[M::mem_pestat] analyzing insert size distribution for orientation RR...
[M::mem_pestat] (25, 50, 75) percentile: (46, 48, 90)
[M::mem_pestat] low and high boundaries for computing mean and std.dev: (1, 178)
[M::mem_pestat] mean and std.dev: (44.33, 26.54)
[M::mem_pestat] low and high boundaries for proper pairs: (1, 222)
[M::mem_pestat] skip orientation FF
[M::mem_pestat] skip orientation RR
[M::mem_process_seqs] Processed 1813022 reads in 601.971 CPU sec, 17.114 real sec
[main] Version: 0.7.17-r1188
[main] CMD: bwa mem -L 30,5 -t 40 -a -M -T 50 -A 1 -B 6 -O 10 -R @RG\tID:Sgr-AJol_072-Ex1-cssl.clmp.fp2_repr\tSM:Sgr-AJol_072-Ex1-cssl.clmp.fp2_repr\tPL:Illumina reference.ssl.SgC0072C_decontam_R1R2_noIsolate.fasta Sgr-AJol_072-Ex1-cssl.clmp.fp2_repr.R1.fq.gz Sgr-AJol_072-Ex1-cssl.clmp.fp2_repr.R2.fq.gz
[main] Real time: 221.513 sec; CPU: 6344.481 sec
