[M::bwa_idx_load_from_disk] read 0 ALT contigs
[M::process] read 1368580 sequences (161757253 bp)...
[M::mem_pestat] # candidate unique pairs for (FF, FR, RF, RR): (46, 186490, 18, 9)
[M::mem_pestat] analyzing insert size distribution for orientation FF...
[M::mem_pestat] (25, 50, 75) percentile: (99, 529, 534)
[M::mem_pestat] low and high boundaries for computing mean and std.dev: (1, 1404)
[M::mem_pestat] mean and std.dev: (335.46, 236.71)
[M::mem_pestat] low and high boundaries for proper pairs: (1, 1839)
[M::mem_pestat] analyzing insert size distribution for orientation FR...
[M::mem_pestat] (25, 50, 75) percentile: (75, 113, 160)
[M::mem_pestat] low and high boundaries for computing mean and std.dev: (1, 330)
[M::mem_pestat] mean and std.dev: (120.64, 62.23)
[M::mem_pestat] low and high boundaries for proper pairs: (1, 415)
[M::mem_pestat] analyzing insert size distribution for orientation RF...
[M::mem_pestat] (25, 50, 75) percentile: (41, 214, 233)
[M::mem_pestat] low and high boundaries for computing mean and std.dev: (1, 617)
[M::mem_pestat] mean and std.dev: (142.82, 98.23)
[M::mem_pestat] low and high boundaries for proper pairs: (1, 809)
[M::mem_pestat] skip orientation RR as there are not enough pairs
[M::mem_pestat] skip orientation FF
[M::mem_pestat] skip orientation RF
[M::mem_process_seqs] Processed 1368580 reads in 725.504 CPU sec, 19.289 real sec
[main] Version: 0.7.17-r1188
[main] CMD: bwa mem -L 30,5 -t 40 -a -M -T 50 -A 1 -B 6 -O 10 -R @RG\tID:Sgr-CJol_006-Ex1-cssl.clmp.fp2_repr\tSM:Sgr-CJol_006-Ex1-cssl.clmp.fp2_repr\tPL:Illumina reference.ssl.SgC0072C_decontam_R1R2_noIsolate.fasta Sgr-CJol_006-Ex1-cssl.clmp.fp2_repr.R1.fq.gz Sgr-CJol_006-Ex1-cssl.clmp.fp2_repr.R2.fq.gz
[main] Real time: 29.040 sec; CPU: 733.758 sec
