[M::bwa_idx_load_from_disk] read 0 ALT contigs
[M::process] read 3176626 sequences (400000192 bp)...
[M::process] read 1101650 sequences (139477841 bp)...
[M::mem_pestat] # candidate unique pairs for (FF, FR, RF, RR): (207, 446686, 172, 102)
[M::mem_pestat] analyzing insert size distribution for orientation FF...
[M::mem_pestat] (25, 50, 75) percentile: (115, 2018, 2018)
[M::mem_pestat] low and high boundaries for computing mean and std.dev: (1, 5824)
[M::mem_pestat] mean and std.dev: (1130.11, 920.49)
[M::mem_pestat] low and high boundaries for proper pairs: (1, 7727)
[M::mem_pestat] analyzing insert size distribution for orientation FR...
[M::mem_pestat] (25, 50, 75) percentile: (87, 134, 197)
[M::mem_pestat] low and high boundaries for computing mean and std.dev: (1, 417)
[M::mem_pestat] mean and std.dev: (148.17, 83.80)
[M::mem_pestat] low and high boundaries for proper pairs: (1, 527)
[M::mem_pestat] analyzing insert size distribution for orientation RF...
[M::mem_pestat] (25, 50, 75) percentile: (98, 1134, 5673)
[M::mem_pestat] low and high boundaries for computing mean and std.dev: (1, 16823)
[M::mem_pestat] mean and std.dev: (2564.58, 2549.28)
[M::mem_pestat] low and high boundaries for proper pairs: (1, 22398)
[M::mem_pestat] analyzing insert size distribution for orientation RR...
[M::mem_pestat] (25, 50, 75) percentile: (85, 235, 424)
[M::mem_pestat] low and high boundaries for computing mean and std.dev: (1, 1102)
[M::mem_pestat] mean and std.dev: (241.39, 151.22)
[M::mem_pestat] low and high boundaries for proper pairs: (1, 1441)
[M::mem_pestat] skip orientation FF
[M::mem_pestat] skip orientation RF
[M::mem_pestat] skip orientation RR
[M::mem_process_seqs] Processed 3176626 reads in 2777.489 CPU sec, 93.934 real sec
[M::mem_pestat] # candidate unique pairs for (FF, FR, RF, RR): (25, 145896, 64, 62)
[M::mem_pestat] analyzing insert size distribution for orientation FF...
[M::mem_pestat] (25, 50, 75) percentile: (115, 331, 332)
[M::mem_pestat] low and high boundaries for computing mean and std.dev: (1, 766)
[M::mem_pestat] mean and std.dev: (272.84, 163.16)
[M::mem_pestat] low and high boundaries for proper pairs: (1, 983)
[M::mem_pestat] analyzing insert size distribution for orientation FR...
[M::mem_pestat] (25, 50, 75) percentile: (87, 133, 197)
[M::mem_pestat] low and high boundaries for computing mean and std.dev: (1, 417)
[M::mem_pestat] mean and std.dev: (148.75, 84.63)
[M::mem_pestat] low and high boundaries for proper pairs: (1, 527)
[M::mem_pestat] analyzing insert size distribution for orientation RF...
[M::mem_pestat] (25, 50, 75) percentile: (91, 257, 1142)
[M::mem_pestat] low and high boundaries for computing mean and std.dev: (1, 3244)
[M::mem_pestat] mean and std.dev: (545.51, 603.92)
[M::mem_pestat] low and high boundaries for proper pairs: (1, 4295)
[M::mem_pestat] analyzing insert size distribution for orientation RR...
[M::mem_pestat] (25, 50, 75) percentile: (9, 9, 123)
[M::mem_pestat] low and high boundaries for computing mean and std.dev: (1, 351)
[M::mem_pestat] mean and std.dev: (40.15, 71.05)
[M::mem_pestat] low and high boundaries for proper pairs: (1, 465)
[M::mem_pestat] skip orientation FF
[M::mem_pestat] skip orientation RF
[M::mem_pestat] skip orientation RR
[M::mem_process_seqs] Processed 1101650 reads in 650.484 CPU sec, 18.493 real sec
[main] Version: 0.7.17-r1188
[main] CMD: bwa mem -L 30,5 -t 40 -a -M -T 50 -A 1 -B 6 -O 10 -R @RG\tID:Sgr-CMas_063-Ex1-cssl.clmp.fp2_repr\tSM:Sgr-CMas_063-Ex1-cssl.clmp.fp2_repr\tPL:Illumina reference.ssl.SgC0072C_decontam_R1R2_noIsolate.fasta Sgr-CMas_063-Ex1-cssl.clmp.fp2_repr.R1.fq.gz Sgr-CMas_063-Ex1-cssl.clmp.fp2_repr.R2.fq.gz
[main] Real time: 127.345 sec; CPU: 3442.656 sec
