[M::bwa_idx_load_from_disk] read 0 ALT contigs
[M::process] read 4713134 sequences (400000218 bp)...
[M::mem_pestat] # candidate unique pairs for (FF, FR, RF, RR): (14, 667340, 16, 16)
[M::mem_pestat] analyzing insert size distribution for orientation FF...
[M::mem_pestat] (25, 50, 75) percentile: (18, 42, 551)
[M::mem_pestat] low and high boundaries for computing mean and std.dev: (1, 1617)
[M::mem_pestat] mean and std.dev: (205.57, 254.46)
[M::mem_pestat] low and high boundaries for proper pairs: (1, 2150)
[M::mem_pestat] analyzing insert size distribution for orientation FR...
[M::mem_pestat] (25, 50, 75) percentile: (55, 73, 90)
[M::mem_pestat] low and high boundaries for computing mean and std.dev: (1, 160)
[M::mem_pestat] mean and std.dev: (73.67, 26.70)
[M::mem_pestat] low and high boundaries for proper pairs: (1, 195)
[M::mem_pestat] analyzing insert size distribution for orientation RF...
[M::mem_pestat] (25, 50, 75) percentile: (18, 26, 41)
[M::mem_pestat] low and high boundaries for computing mean and std.dev: (1, 87)
[M::mem_pestat] mean and std.dev: (27.07, 13.25)
[M::mem_pestat] low and high boundaries for proper pairs: (1, 110)
[M::mem_pestat] analyzing insert size distribution for orientation RR...
[M::mem_pestat] (25, 50, 75) percentile: (13, 53, 552)
[M::mem_pestat] low and high boundaries for computing mean and std.dev: (1, 1630)
[M::mem_pestat] mean and std.dev: (175.12, 230.79)
[M::mem_pestat] low and high boundaries for proper pairs: (1, 2169)
[M::mem_pestat] skip orientation FF
[M::mem_pestat] skip orientation RF
[M::mem_pestat] skip orientation RR
[M::mem_process_seqs] Processed 4713134 reads in 2641.166 CPU sec, 96.341 real sec
[M::process] read 4701270 sequences (400000061 bp)...
[M::process] read 1838754 sequences (157306446 bp)...
[M::mem_pestat] # candidate unique pairs for (FF, FR, RF, RR): (14, 660578, 19, 12)
[M::mem_pestat] analyzing insert size distribution for orientation FF...
[M::mem_pestat] (25, 50, 75) percentile: (29, 42, 63)
[M::mem_pestat] low and high boundaries for computing mean and std.dev: (1, 131)
[M::mem_pestat] mean and std.dev: (36.45, 14.14)
[M::mem_pestat] low and high boundaries for proper pairs: (1, 165)
[M::mem_pestat] analyzing insert size distribution for orientation FR...
[M::mem_pestat] (25, 50, 75) percentile: (55, 73, 90)
[M::mem_pestat] low and high boundaries for computing mean and std.dev: (1, 160)
[M::mem_pestat] mean and std.dev: (73.63, 26.71)
[M::mem_pestat] low and high boundaries for proper pairs: (1, 195)
[M::mem_pestat] analyzing insert size distribution for orientation RF...
[M::mem_pestat] (25, 50, 75) percentile: (24, 29, 238)
[M::mem_pestat] low and high boundaries for computing mean and std.dev: (1, 666)
[M::mem_pestat] mean and std.dev: (76.00, 87.53)
[M::mem_pestat] low and high boundaries for proper pairs: (1, 880)
[M::mem_pestat] analyzing insert size distribution for orientation RR...
[M::mem_pestat] (25, 50, 75) percentile: (17, 52, 271)
[M::mem_pestat] low and high boundaries for computing mean and std.dev: (1, 779)
[M::mem_pestat] mean and std.dev: (135.25, 190.57)
[M::mem_pestat] low and high boundaries for proper pairs: (1, 1033)
[M::mem_pestat] skip orientation FF
[M::mem_pestat] skip orientation RF
[M::mem_pestat] skip orientation RR
[M::mem_process_seqs] Processed 4701270 reads in 1360.099 CPU sec, 35.651 real sec
[M::mem_pestat] # candidate unique pairs for (FF, FR, RF, RR): (3, 256081, 9, 15)
[M::mem_pestat] skip orientation FF as there are not enough pairs
[M::mem_pestat] analyzing insert size distribution for orientation FR...
[M::mem_pestat] (25, 50, 75) percentile: (55, 73, 90)
[M::mem_pestat] low and high boundaries for computing mean and std.dev: (1, 160)
[M::mem_pestat] mean and std.dev: (73.55, 26.68)
[M::mem_pestat] low and high boundaries for proper pairs: (1, 195)
[M::mem_pestat] skip orientation RF as there are not enough pairs
[M::mem_pestat] analyzing insert size distribution for orientation RR...
[M::mem_pestat] (25, 50, 75) percentile: (52, 111, 271)
[M::mem_pestat] low and high boundaries for computing mean and std.dev: (1, 709)
[M::mem_pestat] mean and std.dev: (139.15, 143.69)
[M::mem_pestat] low and high boundaries for proper pairs: (1, 928)
[M::mem_pestat] skip orientation RR
[M::mem_process_seqs] Processed 1838754 reads in 558.776 CPU sec, 15.775 real sec
[main] Version: 0.7.17-r1188
[main] CMD: bwa mem -L 30,5 -t 40 -a -M -T 50 -A 1 -B 6 -O 10 -R @RG\tID:Sgr-AJol_016-Ex1-cssl.clmp.fp2_repr\tSM:Sgr-AJol_016-Ex1-cssl.clmp.fp2_repr\tPL:Illumina reference.ssl.SgC0072C_decontam_R1R2_noIsolate.fasta Sgr-AJol_016-Ex1-cssl.clmp.fp2_repr.R1.fq.gz Sgr-AJol_016-Ex1-cssl.clmp.fp2_repr.R2.fq.gz
[main] Real time: 173.237 sec; CPU: 4590.312 sec
