[M::bwa_idx_load_from_disk] read 0 ALT contigs
[M::process] read 398682 sequences (51231963 bp)...
[M::mem_pestat] # candidate unique pairs for (FF, FR, RF, RR): (37, 107914, 9, 27)
[M::mem_pestat] analyzing insert size distribution for orientation FF...
[M::mem_pestat] (25, 50, 75) percentile: (135, 135, 238)
[M::mem_pestat] low and high boundaries for computing mean and std.dev: (1, 444)
[M::mem_pestat] mean and std.dev: (168.70, 66.45)
[M::mem_pestat] low and high boundaries for proper pairs: (1, 547)
[M::mem_pestat] analyzing insert size distribution for orientation FR...
[M::mem_pestat] (25, 50, 75) percentile: (120, 162, 231)
[M::mem_pestat] low and high boundaries for computing mean and std.dev: (1, 453)
[M::mem_pestat] mean and std.dev: (181.01, 84.00)
[M::mem_pestat] low and high boundaries for proper pairs: (1, 564)
[M::mem_pestat] skip orientation RF as there are not enough pairs
[M::mem_pestat] analyzing insert size distribution for orientation RR...
[M::mem_pestat] (25, 50, 75) percentile: (120, 143, 143)
[M::mem_pestat] low and high boundaries for computing mean and std.dev: (74, 189)
[M::mem_pestat] mean and std.dev: (127.05, 18.30)
[M::mem_pestat] low and high boundaries for proper pairs: (51, 212)
[M::mem_pestat] skip orientation FF
[M::mem_pestat] skip orientation RR
[M::mem_process_seqs] Processed 398682 reads in 232.327 CPU sec, 6.639 real sec
[main] Version: 0.7.17-r1188
[main] CMD: bwa mem -L 30,5 -t 40 -a -M -T 50 -A 1 -B 6 -O 10 -R @RG\tID:Sgr-CMvi_087-Ex1-cssl.clmp.fp2_repr\tSM:Sgr-CMvi_087-Ex1-cssl.clmp.fp2_repr\tPL:Illumina reference.ssl.SgC0072C_decontam_R1R2_noIsolate.fasta Sgr-CMvi_087-Ex1-cssl.clmp.fp2_repr.R1.fq.gz Sgr-CMvi_087-Ex1-cssl.clmp.fp2_repr.R2.fq.gz
[main] Real time: 11.884 sec; CPU: 236.013 sec
