

  /// MultiQC 🔍 | v1.13

[2022-11-16 09:45:28,148] multiqc                                            [DEBUG  ]  This is MultiQC v1.13
[2022-11-16 09:45:28,148] multiqc                                            [DEBUG  ]  Command used: /opt/conda/bin/multiqc -v -p -ip -f --data-dir --data-format tsv --filename fqc_rprd_report --outdir ./fq_fp1_clmp_fp2_fqscrn_rprd ./fq_fp1_clmp_fp2_fqscrn_rprd
[2022-11-16 09:45:28,686] multiqc                                            [DEBUG  ]  Latest MultiQC version is v1.13
[2022-11-16 09:45:28,687] multiqc                                            [DEBUG  ]  Working dir : /home/e1garcia/shotgun_PIRE/pire_cssl_data_processing/spratelloides_delicatulus
[2022-11-16 09:45:28,687] multiqc                                            [DEBUG  ]  Template    : default
[2022-11-16 09:45:28,688] multiqc                                            [DEBUG  ]  Running Python 3.9.12 (main, Aug 29 2022, 00:54:58)  [GCC 11.2.0]
[2022-11-16 09:45:28,689] multiqc                                            [DEBUG  ]  Analysing modules: custom_content, ccs, ngsderive, purple, conpair, lima, peddy, somalier, methylQA, mosdepth, phantompeakqualtools, qualimap, preseq, quast, qorts, rna_seqc, rockhopper, rsem, rseqc, busco, bustools, goleft_indexcov, gffcompare, disambiguate, supernova, deeptools, sargasso, verifybamid, mirtrace, happy, mirtop, sambamba, homer, hops, macs2, theta2, snpeff, gatk, htseq, bcftools, featureCounts, fgbio, dragen, dedup, pbmarkdup, damageprofiler, biobambam2, jcvi, mtnucratio, picard, vep, sentieon, prokka, qc3C, nanostat, samblaster, samtools, sexdeterrmine, eigenstratdatabasetools, bamtools, jellyfish, vcftools, longranger, stacks, varscan2, snippy, bbmap, bismark, biscuit, hicexplorer, hicup, hicpro, salmon, kallisto, slamdunk, star, hisat2, tophat, bowtie2, bowtie1, snpsplit, odgi, pangolin, kat, leehom, adapterRemoval, clipandmerge, cutadapt, flexbar, kaiju, kraken, malt, trimmomatic, sickle, skewer, sortmerna, biobloomtools, fastq_screen, afterqc, fastp, fastqc, pychopper, pycoqc, minionqc, multivcfanalyzer, clusterflow, checkqc, bcl2fastq, bclconvert, interop, ivar, flash, seqyclean, optitype, whatshap
[2022-11-16 09:45:28,689] multiqc                                            [DEBUG  ]  Using temporary directory for creating report: /tmp/tmpmppvuuct
[2022-11-16 09:45:28,890] multiqc                                            [INFO   ]  Search path : /home/e1garcia/shotgun_PIRE/pire_cssl_data_processing/spratelloides_delicatulus/fq_fp1_clmp_fp2_fqscrn_rprd
|         searching | ━━━━━━━━━━━━━━━━━━━━━━━━━━━━━━━━━━━━━━━━ 100% 1485/1485  
[2022-11-16 09:46:49,564] multiqc                                            [DEBUG  ]  Summary of files that were skipped by the search: [skipped_module_specific_max_filesize: 3631] // [skipped_no_match: 897] // [skipped_ignore_pattern: 296]
[2022-11-16 09:46:50,026] multiqc.plots.bargraph                             [DEBUG  ]  Using matplotlib version 3.1.2
[2022-11-16 09:46:50,028] multiqc.plots.linegraph                            [DEBUG  ]  Using matplotlib version 3.1.2
[2022-11-16 09:46:50,029] multiqc                                            [DEBUG  ]  No samples found: custom_content
[2022-11-16 09:48:14,118] multiqc.modules.fastqc.fastqc                      [INFO   ]  Found 588 reports
[2022-11-16 09:49:42,772] multiqc.plots.table                                [DEBUG  ]  Plotting beeswarm instead of table, 588 samples
[2022-11-16 09:49:42,774] multiqc                                            [INFO   ]  Compressing plot data
[2022-11-16 09:49:49,911] multiqc                                            [INFO   ]  Report      : fq_fp1_clmp_fp2_fqscrn_rprd/fqc_rprd_report.html
[2022-11-16 09:49:49,911] multiqc                                            [INFO   ]  Data        : fq_fp1_clmp_fp2_fqscrn_rprd/fqc_rprd_report_data
[2022-11-16 09:49:49,911] multiqc                                            [DEBUG  ]  Moving data file from '/tmp/tmpmppvuuct/multiqc_data' to './fq_fp1_clmp_fp2_fqscrn_rprd/fqc_rprd_report_data'
[2022-11-16 09:49:50,370] multiqc                                            [INFO   ]  Plots       : fq_fp1_clmp_fp2_fqscrn_rprd/fqc_rprd_report_plots
[2022-11-16 09:49:50,371] multiqc                                            [DEBUG  ]  Moving plots directory from '/tmp/tmpmppvuuct/multiqc_plots' to './fq_fp1_clmp_fp2_fqscrn_rprd/fqc_rprd_report_plots'
[2022-11-16 09:49:51,893] multiqc                                            [INFO   ]  MultiQC complete
