[M::bwa_idx_load_from_disk] read 0 ALT contigs
[M::process] read 3426090 sequences (293872546 bp)...
[M::mem_pestat] # candidate unique pairs for (FF, FR, RF, RR): (12, 320378, 9, 18)
[M::mem_pestat] analyzing insert size distribution for orientation FF...
[M::mem_pestat] (25, 50, 75) percentile: (13, 34, 559)
[M::mem_pestat] low and high boundaries for computing mean and std.dev: (1, 1651)
[M::mem_pestat] mean and std.dev: (166.17, 231.81)
[M::mem_pestat] low and high boundaries for proper pairs: (1, 2197)
[M::mem_pestat] analyzing insert size distribution for orientation FR...
[M::mem_pestat] (25, 50, 75) percentile: (53, 70, 86)
[M::mem_pestat] low and high boundaries for computing mean and std.dev: (1, 152)
[M::mem_pestat] mean and std.dev: (70.63, 24.51)
[M::mem_pestat] low and high boundaries for proper pairs: (1, 185)
[M::mem_pestat] skip orientation RF as there are not enough pairs
[M::mem_pestat] analyzing insert size distribution for orientation RR...
[M::mem_pestat] (25, 50, 75) percentile: (16, 299, 556)
[M::mem_pestat] low and high boundaries for computing mean and std.dev: (1, 1636)
[M::mem_pestat] mean and std.dev: (267.44, 258.94)
[M::mem_pestat] low and high boundaries for proper pairs: (1, 2176)
[M::mem_pestat] skip orientation FF
[M::mem_pestat] skip orientation RR
[M::mem_process_seqs] Processed 3426090 reads in 3853.623 CPU sec, 169.668 real sec
[main] Version: 0.7.17-r1188
[main] CMD: bwa mem -L 5 -t 40 -a -M -T 24 -A 1 -B 4 -O 6 -R @RG\tID:Sgr-AJol_011-Ex1-cssl.clmp.fp2\tSM:Sgr-AJol_011-Ex1-cssl.clmp.fp2\tPL:Illumina reference.ssl.Sgr-libC.fasta Sgr-AJol_011-Ex1-cssl.clmp.fp2.R1.fq.gz Sgr-AJol_011-Ex1-cssl.clmp.fp2.R2.fq.gz
[main] Real time: 190.400 sec; CPU: 3871.246 sec
