[M::bwa_idx_load_from_disk] read 0 ALT contigs
[M::process] read 4388558 sequences (400000117 bp)...
[M::mem_pestat] # candidate unique pairs for (FF, FR, RF, RR): (21, 436943, 2, 23)
[M::mem_pestat] analyzing insert size distribution for orientation FF...
[M::mem_pestat] (25, 50, 75) percentile: (28, 61, 520)
[M::mem_pestat] low and high boundaries for computing mean and std.dev: (1, 1504)
[M::mem_pestat] mean and std.dev: (160.52, 216.28)
[M::mem_pestat] low and high boundaries for proper pairs: (1, 1996)
[M::mem_pestat] analyzing insert size distribution for orientation FR...
[M::mem_pestat] (25, 50, 75) percentile: (56, 74, 93)
[M::mem_pestat] low and high boundaries for computing mean and std.dev: (1, 167)
[M::mem_pestat] mean and std.dev: (75.35, 27.60)
[M::mem_pestat] low and high boundaries for proper pairs: (1, 204)
[M::mem_pestat] skip orientation RF as there are not enough pairs
[M::mem_pestat] analyzing insert size distribution for orientation RR...
[M::mem_pestat] (25, 50, 75) percentile: (37, 44, 77)
[M::mem_pestat] low and high boundaries for computing mean and std.dev: (1, 157)
[M::mem_pestat] mean and std.dev: (40.56, 17.95)
[M::mem_pestat] low and high boundaries for proper pairs: (1, 197)
[M::mem_pestat] skip orientation FF
[M::mem_pestat] skip orientation RR
[M::mem_process_seqs] Processed 4388558 reads in 4739.753 CPU sec, 227.162 real sec
[M::process] read 4413468 sequences (400000122 bp)...
[M::process] read 4323362 sequences (400000222 bp)...
[M::mem_pestat] # candidate unique pairs for (FF, FR, RF, RR): (17, 362071, 6, 24)
[M::mem_pestat] analyzing insert size distribution for orientation FF...
[M::mem_pestat] (25, 50, 75) percentile: (24, 30, 63)
[M::mem_pestat] low and high boundaries for computing mean and std.dev: (1, 141)
[M::mem_pestat] mean and std.dev: (29.50, 16.41)
[M::mem_pestat] low and high boundaries for proper pairs: (1, 180)
[M::mem_pestat] analyzing insert size distribution for orientation FR...
[M::mem_pestat] (25, 50, 75) percentile: (56, 74, 93)
[M::mem_pestat] low and high boundaries for computing mean and std.dev: (1, 167)
[M::mem_pestat] mean and std.dev: (75.42, 27.56)
[M::mem_pestat] low and high boundaries for proper pairs: (1, 204)
[M::mem_pestat] skip orientation RF as there are not enough pairs
[M::mem_pestat] analyzing insert size distribution for orientation RR...
[M::mem_pestat] (25, 50, 75) percentile: (55, 518, 549)
[M::mem_pestat] low and high boundaries for computing mean and std.dev: (1, 1537)
[M::mem_pestat] mean and std.dev: (361.46, 305.84)
[M::mem_pestat] low and high boundaries for proper pairs: (1, 2031)
[M::mem_pestat] skip orientation FF
[M::mem_pestat] skip orientation RR
[M::mem_process_seqs] Processed 4413468 reads in 6410.833 CPU sec, 228.733 real sec
[M::process] read 476204 sequences (43735700 bp)...
[M::mem_pestat] # candidate unique pairs for (FF, FR, RF, RR): (13, 392092, 7, 18)
[M::mem_pestat] analyzing insert size distribution for orientation FF...
[M::mem_pestat] (25, 50, 75) percentile: (38, 47, 551)
[M::mem_pestat] low and high boundaries for computing mean and std.dev: (1, 1577)
[M::mem_pestat] mean and std.dev: (239.38, 251.64)
[M::mem_pestat] low and high boundaries for proper pairs: (1, 2090)
[M::mem_pestat] analyzing insert size distribution for orientation FR...
[M::mem_pestat] (25, 50, 75) percentile: (56, 74, 93)
[M::mem_pestat] low and high boundaries for computing mean and std.dev: (1, 167)
[M::mem_pestat] mean and std.dev: (75.52, 27.71)
[M::mem_pestat] low and high boundaries for proper pairs: (1, 204)
[M::mem_pestat] skip orientation RF as there are not enough pairs
[M::mem_pestat] analyzing insert size distribution for orientation RR...
[M::mem_pestat] (25, 50, 75) percentile: (28, 38, 557)
[M::mem_pestat] low and high boundaries for computing mean and std.dev: (1, 1615)
[M::mem_pestat] mean and std.dev: (210.67, 244.93)
[M::mem_pestat] low and high boundaries for proper pairs: (1, 2144)
[M::mem_pestat] skip orientation FF
[M::mem_pestat] skip orientation RR
[M::mem_process_seqs] Processed 4323362 reads in 5002.225 CPU sec, 152.740 real sec
[M::mem_pestat] # candidate unique pairs for (FF, FR, RF, RR): (1, 43522, 0, 3)
[M::mem_pestat] skip orientation FF as there are not enough pairs
[M::mem_pestat] analyzing insert size distribution for orientation FR...
[M::mem_pestat] (25, 50, 75) percentile: (56, 74, 93)
[M::mem_pestat] low and high boundaries for computing mean and std.dev: (1, 167)
[M::mem_pestat] mean and std.dev: (75.39, 27.50)
[M::mem_pestat] low and high boundaries for proper pairs: (1, 204)
[M::mem_pestat] skip orientation RF as there are not enough pairs
[M::mem_pestat] skip orientation RR as there are not enough pairs
[M::mem_process_seqs] Processed 476204 reads in 604.258 CPU sec, 19.285 real sec
[main] Version: 0.7.17-r1188
[main] CMD: bwa mem -L 5 -t 40 -a -M -T 24 -A 1 -B 4 -O 6 -R @RG\tID:Sgr-AJol_058-Ex1-cssl.clmp.fp2\tSM:Sgr-AJol_058-Ex1-cssl.clmp.fp2\tPL:Illumina reference.ssl.Sgr-libC.fasta Sgr-AJol_058-Ex1-cssl.clmp.fp2.R1.fq.gz Sgr-AJol_058-Ex1-cssl.clmp.fp2.R2.fq.gz
[main] Real time: 656.481 sec; CPU: 16783.735 sec
