[M::bwa_idx_load_from_disk] read 0 ALT contigs
[M::process] read 4305308 sequences (400000247 bp)...
[M::mem_pestat] # candidate unique pairs for (FF, FR, RF, RR): (30, 441628, 9, 25)
[M::mem_pestat] analyzing insert size distribution for orientation FF...
[M::mem_pestat] (25, 50, 75) percentile: (18, 38, 455)
[M::mem_pestat] low and high boundaries for computing mean and std.dev: (1, 1329)
[M::mem_pestat] mean and std.dev: (133.54, 203.96)
[M::mem_pestat] low and high boundaries for proper pairs: (1, 1766)
[M::mem_pestat] analyzing insert size distribution for orientation FR...
[M::mem_pestat] (25, 50, 75) percentile: (55, 75, 95)
[M::mem_pestat] low and high boundaries for computing mean and std.dev: (1, 175)
[M::mem_pestat] mean and std.dev: (76.73, 29.48)
[M::mem_pestat] low and high boundaries for proper pairs: (1, 215)
[M::mem_pestat] skip orientation RF as there are not enough pairs
[M::mem_pestat] analyzing insert size distribution for orientation RR...
[M::mem_pestat] (25, 50, 75) percentile: (35, 50, 512)
[M::mem_pestat] low and high boundaries for computing mean and std.dev: (1, 1466)
[M::mem_pestat] mean and std.dev: (164.79, 208.81)
[M::mem_pestat] low and high boundaries for proper pairs: (1, 1943)
[M::mem_pestat] skip orientation FF
[M::mem_pestat] skip orientation RR
[M::mem_process_seqs] Processed 4305308 reads in 4312.043 CPU sec, 206.816 real sec
[M::process] read 4309012 sequences (400000076 bp)...
[M::process] read 4300772 sequences (400000020 bp)...
[M::mem_pestat] # candidate unique pairs for (FF, FR, RF, RR): (38, 445747, 15, 23)
[M::mem_pestat] analyzing insert size distribution for orientation FF...
[M::mem_pestat] (25, 50, 75) percentile: (45, 68, 510)
[M::mem_pestat] low and high boundaries for computing mean and std.dev: (1, 1440)
[M::mem_pestat] mean and std.dev: (204.19, 225.89)
[M::mem_pestat] low and high boundaries for proper pairs: (1, 1905)
[M::mem_pestat] analyzing insert size distribution for orientation FR...
[M::mem_pestat] (25, 50, 75) percentile: (55, 75, 95)
[M::mem_pestat] low and high boundaries for computing mean and std.dev: (1, 175)
[M::mem_pestat] mean and std.dev: (76.76, 29.45)
[M::mem_pestat] low and high boundaries for proper pairs: (1, 215)
[M::mem_pestat] analyzing insert size distribution for orientation RF...
[M::mem_pestat] (25, 50, 75) percentile: (59, 122, 191)
[M::mem_pestat] low and high boundaries for computing mean and std.dev: (1, 455)
[M::mem_pestat] mean and std.dev: (128.64, 114.32)
[M::mem_pestat] low and high boundaries for proper pairs: (1, 587)
[M::mem_pestat] analyzing insert size distribution for orientation RR...
[M::mem_pestat] (25, 50, 75) percentile: (49, 72, 546)
[M::mem_pestat] low and high boundaries for computing mean and std.dev: (1, 1540)
[M::mem_pestat] mean and std.dev: (224.52, 238.03)
[M::mem_pestat] low and high boundaries for proper pairs: (1, 2037)
[M::mem_pestat] skip orientation FF
[M::mem_pestat] skip orientation RF
[M::mem_pestat] skip orientation RR
[M::mem_process_seqs] Processed 4309012 reads in 4176.506 CPU sec, 133.453 real sec
[M::process] read 4382136 sequences (400000016 bp)...
[M::mem_pestat] # candidate unique pairs for (FF, FR, RF, RR): (17, 429828, 13, 55)
[M::mem_pestat] analyzing insert size distribution for orientation FF...
[M::mem_pestat] (25, 50, 75) percentile: (37, 50, 561)
[M::mem_pestat] low and high boundaries for computing mean and std.dev: (1, 1609)
[M::mem_pestat] mean and std.dev: (312.71, 389.83)
[M::mem_pestat] low and high boundaries for proper pairs: (1, 2133)
[M::mem_pestat] analyzing insert size distribution for orientation FR...
[M::mem_pestat] (25, 50, 75) percentile: (55, 75, 95)
[M::mem_pestat] low and high boundaries for computing mean and std.dev: (1, 175)
[M::mem_pestat] mean and std.dev: (76.80, 29.51)
[M::mem_pestat] low and high boundaries for proper pairs: (1, 215)
[M::mem_pestat] analyzing insert size distribution for orientation RF...
[M::mem_pestat] (25, 50, 75) percentile: (78, 117, 429)
[M::mem_pestat] low and high boundaries for computing mean and std.dev: (1, 1131)
[M::mem_pestat] mean and std.dev: (131.27, 112.62)
[M::mem_pestat] low and high boundaries for proper pairs: (1, 1482)
[M::mem_pestat] analyzing insert size distribution for orientation RR...
[M::mem_pestat] (25, 50, 75) percentile: (117, 509, 525)
[M::mem_pestat] low and high boundaries for computing mean and std.dev: (1, 1341)
[M::mem_pestat] mean and std.dev: (370.00, 219.29)
[M::mem_pestat] low and high boundaries for proper pairs: (1, 1749)
[M::mem_pestat] skip orientation FF
[M::mem_pestat] skip orientation RF
[M::mem_pestat] skip orientation RR
[M::mem_process_seqs] Processed 4300772 reads in 4651.857 CPU sec, 153.548 real sec
[M::process] read 4262818 sequences (400000125 bp)...
[M::mem_pestat] # candidate unique pairs for (FF, FR, RF, RR): (10, 345630, 7, 29)
[M::mem_pestat] analyzing insert size distribution for orientation FF...
[M::mem_pestat] (25, 50, 75) percentile: (32, 45, 561)
[M::mem_pestat] low and high boundaries for computing mean and std.dev: (1, 1619)
[M::mem_pestat] mean and std.dev: (249.10, 263.06)
[M::mem_pestat] low and high boundaries for proper pairs: (1, 2148)
[M::mem_pestat] analyzing insert size distribution for orientation FR...
[M::mem_pestat] (25, 50, 75) percentile: (55, 75, 95)
[M::mem_pestat] low and high boundaries for computing mean and std.dev: (1, 175)
[M::mem_pestat] mean and std.dev: (76.77, 29.52)
[M::mem_pestat] low and high boundaries for proper pairs: (1, 215)
[M::mem_pestat] skip orientation RF as there are not enough pairs
[M::mem_pestat] analyzing insert size distribution for orientation RR...
[M::mem_pestat] (25, 50, 75) percentile: (40, 457, 540)
[M::mem_pestat] low and high boundaries for computing mean and std.dev: (1, 1540)
[M::mem_pestat] mean and std.dev: (331.24, 227.72)
[M::mem_pestat] low and high boundaries for proper pairs: (1, 2040)
[M::mem_pestat] skip orientation FF
[M::mem_pestat] skip orientation RR
[M::mem_process_seqs] Processed 4382136 reads in 6359.109 CPU sec, 233.157 real sec
[M::process] read 4203228 sequences (400000011 bp)...
[M::mem_pestat] # candidate unique pairs for (FF, FR, RF, RR): (20, 410018, 14, 31)
[M::mem_pestat] analyzing insert size distribution for orientation FF...
[M::mem_pestat] (25, 50, 75) percentile: (39, 47, 167)
[M::mem_pestat] low and high boundaries for computing mean and std.dev: (1, 423)
[M::mem_pestat] mean and std.dev: (50.00, 41.95)
[M::mem_pestat] low and high boundaries for proper pairs: (1, 551)
[M::mem_pestat] analyzing insert size distribution for orientation FR...
[M::mem_pestat] (25, 50, 75) percentile: (55, 75, 95)
[M::mem_pestat] low and high boundaries for computing mean and std.dev: (1, 175)
[M::mem_pestat] mean and std.dev: (76.81, 29.61)
[M::mem_pestat] low and high boundaries for proper pairs: (1, 215)
[M::mem_pestat] analyzing insert size distribution for orientation RF...
[M::mem_pestat] (25, 50, 75) percentile: (8, 182, 326)
[M::mem_pestat] low and high boundaries for computing mean and std.dev: (1, 962)
[M::mem_pestat] mean and std.dev: (192.64, 194.60)
[M::mem_pestat] low and high boundaries for proper pairs: (1, 1280)
[M::mem_pestat] analyzing insert size distribution for orientation RR...
[M::mem_pestat] (25, 50, 75) percentile: (36, 50, 540)
[M::mem_pestat] low and high boundaries for computing mean and std.dev: (1, 1548)
[M::mem_pestat] mean and std.dev: (232.35, 287.94)
[M::mem_pestat] low and high boundaries for proper pairs: (1, 2052)
[M::mem_pestat] skip orientation FF
[M::mem_pestat] skip orientation RF
[M::mem_pestat] skip orientation RR
[M::mem_process_seqs] Processed 4262818 reads in 4378.032 CPU sec, 134.433 real sec
[M::process] read 301330 sequences (27933363 bp)...
[M::mem_pestat] # candidate unique pairs for (FF, FR, RF, RR): (17, 387874, 18, 18)
[M::mem_pestat] analyzing insert size distribution for orientation FF...
[M::mem_pestat] (25, 50, 75) percentile: (29, 94, 541)
[M::mem_pestat] low and high boundaries for computing mean and std.dev: (1, 1565)
[M::mem_pestat] mean and std.dev: (222.94, 223.71)
[M::mem_pestat] low and high boundaries for proper pairs: (1, 2077)
[M::mem_pestat] analyzing insert size distribution for orientation FR...
[M::mem_pestat] (25, 50, 75) percentile: (56, 75, 96)
[M::mem_pestat] low and high boundaries for computing mean and std.dev: (1, 176)
[M::mem_pestat] mean and std.dev: (77.16, 29.68)
[M::mem_pestat] low and high boundaries for proper pairs: (1, 216)
[M::mem_pestat] analyzing insert size distribution for orientation RF...
[M::mem_pestat] (25, 50, 75) percentile: (124, 158, 174)
[M::mem_pestat] low and high boundaries for computing mean and std.dev: (24, 274)
[M::mem_pestat] mean and std.dev: (139.69, 52.80)
[M::mem_pestat] low and high boundaries for proper pairs: (1, 351)
[M::mem_pestat] analyzing insert size distribution for orientation RR...
[M::mem_pestat] (25, 50, 75) percentile: (37, 97, 540)
[M::mem_pestat] low and high boundaries for computing mean and std.dev: (1, 1546)
[M::mem_pestat] mean and std.dev: (208.82, 223.75)
[M::mem_pestat] low and high boundaries for proper pairs: (1, 2049)
[M::mem_pestat] skip orientation FF
[M::mem_pestat] skip orientation RF
[M::mem_pestat] skip orientation RR
[M::mem_process_seqs] Processed 4203228 reads in 4445.111 CPU sec, 136.899 real sec
[M::mem_pestat] # candidate unique pairs for (FF, FR, RF, RR): (1, 29771, 0, 4)
[M::mem_pestat] skip orientation FF as there are not enough pairs
[M::mem_pestat] analyzing insert size distribution for orientation FR...
[M::mem_pestat] (25, 50, 75) percentile: (55, 75, 95)
[M::mem_pestat] low and high boundaries for computing mean and std.dev: (1, 175)
[M::mem_pestat] mean and std.dev: (76.62, 29.62)
[M::mem_pestat] low and high boundaries for proper pairs: (1, 215)
[M::mem_pestat] skip orientation RF as there are not enough pairs
[M::mem_pestat] skip orientation RR as there are not enough pairs
[M::mem_process_seqs] Processed 301330 reads in 323.798 CPU sec, 10.412 real sec
[main] Version: 0.7.17-r1188
[main] CMD: bwa mem -L 5 -t 40 -a -M -T 24 -A 1 -B 4 -O 6 -R @RG\tID:Sgr-AJol_094-Ex1-cssl.clmp.fp2\tSM:Sgr-AJol_094-Ex1-cssl.clmp.fp2\tPL:Illumina reference.ssl.Sgr-libC.fasta Sgr-AJol_094-Ex1-cssl.clmp.fp2.R1.fq.gz Sgr-AJol_094-Ex1-cssl.clmp.fp2.R2.fq.gz
[main] Real time: 1037.108 sec; CPU: 28674.243 sec
