[M::bwa_idx_load_from_disk] read 0 ALT contigs
[M::process] read 4368198 sequences (400000082 bp)...
[M::mem_pestat] # candidate unique pairs for (FF, FR, RF, RR): (17, 442626, 14, 32)
[M::mem_pestat] analyzing insert size distribution for orientation FF...
[M::mem_pestat] (25, 50, 75) percentile: (23, 53, 567)
[M::mem_pestat] low and high boundaries for computing mean and std.dev: (1, 1655)
[M::mem_pestat] mean and std.dev: (276.12, 263.12)
[M::mem_pestat] low and high boundaries for proper pairs: (1, 2199)
[M::mem_pestat] analyzing insert size distribution for orientation FR...
[M::mem_pestat] (25, 50, 75) percentile: (56, 74, 94)
[M::mem_pestat] low and high boundaries for computing mean and std.dev: (1, 170)
[M::mem_pestat] mean and std.dev: (75.80, 28.24)
[M::mem_pestat] low and high boundaries for proper pairs: (1, 208)
[M::mem_pestat] analyzing insert size distribution for orientation RF...
[M::mem_pestat] (25, 50, 75) percentile: (24, 24, 78)
[M::mem_pestat] low and high boundaries for computing mean and std.dev: (1, 186)
[M::mem_pestat] mean and std.dev: (37.92, 29.34)
[M::mem_pestat] low and high boundaries for proper pairs: (1, 240)
[M::mem_pestat] analyzing insert size distribution for orientation RR...
[M::mem_pestat] (25, 50, 75) percentile: (31, 147, 578)
[M::mem_pestat] low and high boundaries for computing mean and std.dev: (1, 1672)
[M::mem_pestat] mean and std.dev: (281.06, 265.54)
[M::mem_pestat] low and high boundaries for proper pairs: (1, 2219)
[M::mem_pestat] skip orientation FF
[M::mem_pestat] skip orientation RF
[M::mem_pestat] skip orientation RR
[M::mem_process_seqs] Processed 4368198 reads in 4658.978 CPU sec, 222.432 real sec
[M::process] read 4360034 sequences (400000082 bp)...
[M::process] read 4366168 sequences (400000011 bp)...
[M::mem_pestat] # candidate unique pairs for (FF, FR, RF, RR): (28, 427424, 9, 21)
[M::mem_pestat] analyzing insert size distribution for orientation FF...
[M::mem_pestat] (25, 50, 75) percentile: (51, 69, 552)
[M::mem_pestat] low and high boundaries for computing mean and std.dev: (1, 1554)
[M::mem_pestat] mean and std.dev: (260.79, 250.77)
[M::mem_pestat] low and high boundaries for proper pairs: (1, 2055)
[M::mem_pestat] analyzing insert size distribution for orientation FR...
[M::mem_pestat] (25, 50, 75) percentile: (56, 74, 94)
[M::mem_pestat] low and high boundaries for computing mean and std.dev: (1, 170)
[M::mem_pestat] mean and std.dev: (75.89, 28.28)
[M::mem_pestat] low and high boundaries for proper pairs: (1, 208)
[M::mem_pestat] skip orientation RF as there are not enough pairs
[M::mem_pestat] analyzing insert size distribution for orientation RR...
[M::mem_pestat] (25, 50, 75) percentile: (134, 550, 557)
[M::mem_pestat] low and high boundaries for computing mean and std.dev: (1, 1403)
[M::mem_pestat] mean and std.dev: (411.52, 228.09)
[M::mem_pestat] low and high boundaries for proper pairs: (1, 1826)
[M::mem_pestat] skip orientation FF
[M::mem_pestat] skip orientation RR
[M::mem_process_seqs] Processed 4360034 reads in 4945.471 CPU sec, 160.622 real sec
[M::process] read 4432512 sequences (400000083 bp)...
[M::mem_pestat] # candidate unique pairs for (FF, FR, RF, RR): (24, 453684, 13, 60)
[M::mem_pestat] analyzing insert size distribution for orientation FF...
[M::mem_pestat] (25, 50, 75) percentile: (38, 541, 556)
[M::mem_pestat] low and high boundaries for computing mean and std.dev: (1, 1592)
[M::mem_pestat] mean and std.dev: (377.78, 310.90)
[M::mem_pestat] low and high boundaries for proper pairs: (1, 2110)
[M::mem_pestat] analyzing insert size distribution for orientation FR...
[M::mem_pestat] (25, 50, 75) percentile: (56, 74, 94)
[M::mem_pestat] low and high boundaries for computing mean and std.dev: (1, 170)
[M::mem_pestat] mean and std.dev: (75.97, 28.29)
[M::mem_pestat] low and high boundaries for proper pairs: (1, 208)
[M::mem_pestat] analyzing insert size distribution for orientation RF...
[M::mem_pestat] (25, 50, 75) percentile: (52, 165, 903)
[M::mem_pestat] low and high boundaries for computing mean and std.dev: (1, 2605)
[M::mem_pestat] mean and std.dev: (393.25, 610.47)
[M::mem_pestat] low and high boundaries for proper pairs: (1, 3456)
[M::mem_pestat] analyzing insert size distribution for orientation RR...
[M::mem_pestat] (25, 50, 75) percentile: (123, 549, 555)
[M::mem_pestat] low and high boundaries for computing mean and std.dev: (1, 1419)
[M::mem_pestat] mean and std.dev: (411.76, 221.76)
[M::mem_pestat] low and high boundaries for proper pairs: (1, 1851)
[M::mem_pestat] skip orientation FF
[M::mem_pestat] skip orientation RF
[M::mem_pestat] skip orientation RR
[M::mem_process_seqs] Processed 4366168 reads in 4603.708 CPU sec, 142.703 real sec
[M::process] read 4317156 sequences (400000063 bp)...
[M::mem_pestat] # candidate unique pairs for (FF, FR, RF, RR): (22, 311341, 10, 24)
[M::mem_pestat] analyzing insert size distribution for orientation FF...
[M::mem_pestat] (25, 50, 75) percentile: (72, 542, 557)
[M::mem_pestat] low and high boundaries for computing mean and std.dev: (1, 1527)
[M::mem_pestat] mean and std.dev: (416.36, 218.35)
[M::mem_pestat] low and high boundaries for proper pairs: (1, 2012)
[M::mem_pestat] analyzing insert size distribution for orientation FR...
[M::mem_pestat] (25, 50, 75) percentile: (56, 74, 94)
[M::mem_pestat] low and high boundaries for computing mean and std.dev: (1, 170)
[M::mem_pestat] mean and std.dev: (76.09, 28.35)
[M::mem_pestat] low and high boundaries for proper pairs: (1, 208)
[M::mem_pestat] analyzing insert size distribution for orientation RF...
[M::mem_pestat] (25, 50, 75) percentile: (51, 85, 1491)
[M::mem_pestat] low and high boundaries for computing mean and std.dev: (1, 4371)
[M::mem_pestat] mean and std.dev: (1072.90, 1690.66)
[M::mem_pestat] low and high boundaries for proper pairs: (1, 7836)
[M::mem_pestat] analyzing insert size distribution for orientation RR...
[M::mem_pestat] (25, 50, 75) percentile: (39, 516, 550)
[M::mem_pestat] low and high boundaries for computing mean and std.dev: (1, 1572)
[M::mem_pestat] mean and std.dev: (302.17, 253.17)
[M::mem_pestat] low and high boundaries for proper pairs: (1, 2083)
[M::mem_pestat] skip orientation FF
[M::mem_pestat] skip orientation RF
[M::mem_pestat] skip orientation RR
[M::mem_process_seqs] Processed 4432512 reads in 7297.591 CPU sec, 269.858 real sec
[M::process] read 3985668 sequences (374800896 bp)...
[M::mem_pestat] # candidate unique pairs for (FF, FR, RF, RR): (28, 422791, 8, 25)
[M::mem_pestat] analyzing insert size distribution for orientation FF...
[M::mem_pestat] (25, 50, 75) percentile: (40, 144, 552)
[M::mem_pestat] low and high boundaries for computing mean and std.dev: (1, 1576)
[M::mem_pestat] mean and std.dev: (283.11, 248.17)
[M::mem_pestat] low and high boundaries for proper pairs: (1, 2088)
[M::mem_pestat] analyzing insert size distribution for orientation FR...
[M::mem_pestat] (25, 50, 75) percentile: (56, 74, 94)
[M::mem_pestat] low and high boundaries for computing mean and std.dev: (1, 170)
[M::mem_pestat] mean and std.dev: (75.94, 28.44)
[M::mem_pestat] low and high boundaries for proper pairs: (1, 208)
[M::mem_pestat] skip orientation RF as there are not enough pairs
[M::mem_pestat] analyzing insert size distribution for orientation RR...
[M::mem_pestat] (25, 50, 75) percentile: (36, 107, 556)
[M::mem_pestat] low and high boundaries for computing mean and std.dev: (1, 1596)
[M::mem_pestat] mean and std.dev: (257.84, 245.73)
[M::mem_pestat] low and high boundaries for proper pairs: (1, 2116)
[M::mem_pestat] skip orientation FF
[M::mem_pestat] skip orientation RR
[M::mem_process_seqs] Processed 4317156 reads in 4522.216 CPU sec, 139.141 real sec
[M::mem_pestat] # candidate unique pairs for (FF, FR, RF, RR): (18, 358044, 16, 27)
[M::mem_pestat] analyzing insert size distribution for orientation FF...
[M::mem_pestat] (25, 50, 75) percentile: (39, 526, 539)
[M::mem_pestat] low and high boundaries for computing mean and std.dev: (1, 1539)
[M::mem_pestat] mean and std.dev: (317.56, 251.98)
[M::mem_pestat] low and high boundaries for proper pairs: (1, 2039)
[M::mem_pestat] analyzing insert size distribution for orientation FR...
[M::mem_pestat] (25, 50, 75) percentile: (56, 74, 94)
[M::mem_pestat] low and high boundaries for computing mean and std.dev: (1, 170)
[M::mem_pestat] mean and std.dev: (76.22, 28.43)
[M::mem_pestat] low and high boundaries for proper pairs: (1, 208)
[M::mem_pestat] analyzing insert size distribution for orientation RF...
[M::mem_pestat] (25, 50, 75) percentile: (60, 138, 174)
[M::mem_pestat] low and high boundaries for computing mean and std.dev: (1, 402)
[M::mem_pestat] mean and std.dev: (110.67, 61.67)
[M::mem_pestat] low and high boundaries for proper pairs: (1, 516)
[M::mem_pestat] analyzing insert size distribution for orientation RR...
[M::mem_pestat] (25, 50, 75) percentile: (30, 64, 551)
[M::mem_pestat] low and high boundaries for computing mean and std.dev: (1, 1593)
[M::mem_pestat] mean and std.dev: (234.30, 250.44)
[M::mem_pestat] low and high boundaries for proper pairs: (1, 2114)
[M::mem_pestat] skip orientation FF
[M::mem_pestat] skip orientation RF
[M::mem_pestat] skip orientation RR
[M::mem_process_seqs] Processed 3985668 reads in 4520.004 CPU sec, 138.966 real sec
[main] Version: 0.7.17-r1188
[main] CMD: bwa mem -L 5 -t 40 -a -M -T 24 -A 1 -B 4 -O 6 -R @RG\tID:Sgr-AJol_082-Ex1-cssl.clmp.fp2\tSM:Sgr-AJol_082-Ex1-cssl.clmp.fp2\tPL:Illumina reference.ssl.Sgr-libC.fasta Sgr-AJol_082-Ex1-cssl.clmp.fp2.R1.fq.gz Sgr-AJol_082-Ex1-cssl.clmp.fp2.R2.fq.gz
[main] Real time: 1102.385 sec; CPU: 30574.509 sec
