[M::bwa_idx_load_from_disk] read 0 ALT contigs
[M::process] read 1638282 sequences (210582510 bp)...
[M::mem_pestat] # candidate unique pairs for (FF, FR, RF, RR): (60, 230562, 251, 59)
[M::mem_pestat] analyzing insert size distribution for orientation FF...
[M::mem_pestat] (25, 50, 75) percentile: (414, 499, 846)
[M::mem_pestat] low and high boundaries for computing mean and std.dev: (1, 1710)
[M::mem_pestat] mean and std.dev: (496.86, 294.59)
[M::mem_pestat] low and high boundaries for proper pairs: (1, 2142)
[M::mem_pestat] analyzing insert size distribution for orientation FR...
[M::mem_pestat] (25, 50, 75) percentile: (96, 146, 222)
[M::mem_pestat] low and high boundaries for computing mean and std.dev: (1, 474)
[M::mem_pestat] mean and std.dev: (167.02, 95.47)
[M::mem_pestat] low and high boundaries for proper pairs: (1, 600)
[M::mem_pestat] analyzing insert size distribution for orientation RF...
[M::mem_pestat] (25, 50, 75) percentile: (1228, 3286, 6549)
[M::mem_pestat] low and high boundaries for computing mean and std.dev: (1, 17191)
[M::mem_pestat] mean and std.dev: (3335.18, 2773.87)
[M::mem_pestat] low and high boundaries for proper pairs: (1, 22512)
[M::mem_pestat] analyzing insert size distribution for orientation RR...
[M::mem_pestat] (25, 50, 75) percentile: (457, 459, 459)
[M::mem_pestat] low and high boundaries for computing mean and std.dev: (453, 463)
[M::mem_pestat] mean and std.dev: (458.79, 0.67)
[M::mem_pestat] low and high boundaries for proper pairs: (451, 465)
[M::mem_pestat] skip orientation FF
[M::mem_pestat] skip orientation RF
[M::mem_pestat] skip orientation RR
[M::mem_process_seqs] Processed 1638282 reads in 994.129 CPU sec, 26.297 real sec
[main] Version: 0.7.17-r1188
[main] CMD: bwa mem -L 5 -t 40 -a -M -T 50 -A 1 -B 4 -O 6 -R @RG\tID:Sgr-CMas_031-Ex1-cssl.clmp.fp2_repr\tSM:Sgr-CMas_031-Ex1-cssl.clmp.fp2_repr\tPL:Illumina reference.ssl.Sgr-libC.fasta Sgr-CMas_031-Ex1-cssl.clmp.fp2_repr.R1.fq.gz Sgr-CMas_031-Ex1-cssl.clmp.fp2_repr.R2.fq.gz
[main] Real time: 36.293 sec; CPU: 1002.660 sec
