[M::bwa_idx_load_from_disk] read 0 ALT contigs
[M::process] read 1510092 sequences (187287416 bp)...
[M::mem_pestat] # candidate unique pairs for (FF, FR, RF, RR): (92, 227380, 116, 17)
[M::mem_pestat] analyzing insert size distribution for orientation FF...
[M::mem_pestat] (25, 50, 75) percentile: (55, 91, 144)
[M::mem_pestat] low and high boundaries for computing mean and std.dev: (1, 322)
[M::mem_pestat] mean and std.dev: (95.92, 44.81)
[M::mem_pestat] low and high boundaries for proper pairs: (1, 411)
[M::mem_pestat] analyzing insert size distribution for orientation FR...
[M::mem_pestat] (25, 50, 75) percentile: (87, 129, 182)
[M::mem_pestat] low and high boundaries for computing mean and std.dev: (1, 372)
[M::mem_pestat] mean and std.dev: (139.33, 72.68)
[M::mem_pestat] low and high boundaries for proper pairs: (1, 467)
[M::mem_pestat] analyzing insert size distribution for orientation RF...
[M::mem_pestat] (25, 50, 75) percentile: (125, 1251, 1380)
[M::mem_pestat] low and high boundaries for computing mean and std.dev: (1, 3890)
[M::mem_pestat] mean and std.dev: (636.03, 612.07)
[M::mem_pestat] low and high boundaries for proper pairs: (1, 5145)
[M::mem_pestat] analyzing insert size distribution for orientation RR...
[M::mem_pestat] (25, 50, 75) percentile: (90, 90, 92)
[M::mem_pestat] low and high boundaries for computing mean and std.dev: (86, 96)
[M::mem_pestat] mean and std.dev: (89.64, 1.49)
[M::mem_pestat] low and high boundaries for proper pairs: (84, 98)
[M::mem_pestat] skip orientation FF
[M::mem_pestat] skip orientation RF
[M::mem_pestat] skip orientation RR
[M::mem_process_seqs] Processed 1510092 reads in 854.014 CPU sec, 22.708 real sec
[main] Version: 0.7.17-r1188
[main] CMD: bwa mem -L 5 -t 40 -a -M -T 50 -A 1 -B 4 -O 6 -R @RG\tID:Sgr-CMas_067-Ex1-cssl.clmp.fp2_repr\tSM:Sgr-CMas_067-Ex1-cssl.clmp.fp2_repr\tPL:Illumina reference.ssl.Sgr-libC.fasta Sgr-CMas_067-Ex1-cssl.clmp.fp2_repr.R1.fq.gz Sgr-CMas_067-Ex1-cssl.clmp.fp2_repr.R2.fq.gz
[main] Real time: 31.930 sec; CPU: 861.739 sec
