[M::bwa_idx_load_from_disk] read 0 ALT contigs
[M::process] read 2067600 sequences (250593504 bp)...
[M::mem_pestat] # candidate unique pairs for (FF, FR, RF, RR): (59, 299356, 101, 128)
[M::mem_pestat] analyzing insert size distribution for orientation FF...
[M::mem_pestat] (25, 50, 75) percentile: (150, 408, 429)
[M::mem_pestat] low and high boundaries for computing mean and std.dev: (1, 987)
[M::mem_pestat] mean and std.dev: (264.38, 150.40)
[M::mem_pestat] low and high boundaries for proper pairs: (1, 1266)
[M::mem_pestat] analyzing insert size distribution for orientation FR...
[M::mem_pestat] (25, 50, 75) percentile: (80, 119, 168)
[M::mem_pestat] low and high boundaries for computing mean and std.dev: (1, 344)
[M::mem_pestat] mean and std.dev: (127.91, 65.58)
[M::mem_pestat] low and high boundaries for proper pairs: (1, 432)
[M::mem_pestat] analyzing insert size distribution for orientation RF...
[M::mem_pestat] (25, 50, 75) percentile: (198, 6368, 6368)
[M::mem_pestat] low and high boundaries for computing mean and std.dev: (1, 18708)
[M::mem_pestat] mean and std.dev: (3682.43, 2925.31)
[M::mem_pestat] low and high boundaries for proper pairs: (1, 24878)
[M::mem_pestat] analyzing insert size distribution for orientation RR...
[M::mem_pestat] (25, 50, 75) percentile: (243, 534, 534)
[M::mem_pestat] low and high boundaries for computing mean and std.dev: (1, 1116)
[M::mem_pestat] mean and std.dev: (427.04, 182.23)
[M::mem_pestat] low and high boundaries for proper pairs: (1, 1407)
[M::mem_pestat] skip orientation FF
[M::mem_pestat] skip orientation RF
[M::mem_pestat] skip orientation RR
[M::mem_process_seqs] Processed 2067600 reads in 1155.984 CPU sec, 30.529 real sec
[main] Version: 0.7.17-r1188
[main] CMD: bwa mem -L 5 -t 40 -a -M -T 50 -A 1 -B 4 -O 6 -R @RG\tID:Sgr-CJol_064-Ex1-cssl.clmp.fp2_repr\tSM:Sgr-CJol_064-Ex1-cssl.clmp.fp2_repr\tPL:Illumina reference.ssl.Sgr-libC.fasta Sgr-CJol_064-Ex1-cssl.clmp.fp2_repr.R1.fq.gz Sgr-CJol_064-Ex1-cssl.clmp.fp2_repr.R2.fq.gz
[main] Real time: 42.022 sec; CPU: 1165.930 sec
