[M::bwa_idx_load_from_disk] read 0 ALT contigs
[M::process] read 1730008 sequences (222012660 bp)...
[M::mem_pestat] # candidate unique pairs for (FF, FR, RF, RR): (203, 482760, 128, 96)
[M::mem_pestat] analyzing insert size distribution for orientation FF...
[M::mem_pestat] (25, 50, 75) percentile: (100, 100, 130)
[M::mem_pestat] low and high boundaries for computing mean and std.dev: (40, 190)
[M::mem_pestat] mean and std.dev: (106.73, 23.03)
[M::mem_pestat] low and high boundaries for proper pairs: (10, 220)
[M::mem_pestat] analyzing insert size distribution for orientation FR...
[M::mem_pestat] (25, 50, 75) percentile: (120, 161, 223)
[M::mem_pestat] low and high boundaries for computing mean and std.dev: (1, 429)
[M::mem_pestat] mean and std.dev: (177.91, 79.43)
[M::mem_pestat] low and high boundaries for proper pairs: (1, 532)
[M::mem_pestat] analyzing insert size distribution for orientation RF...
[M::mem_pestat] (25, 50, 75) percentile: (76, 96, 177)
[M::mem_pestat] low and high boundaries for computing mean and std.dev: (1, 379)
[M::mem_pestat] mean and std.dev: (88.33, 54.79)
[M::mem_pestat] low and high boundaries for proper pairs: (1, 480)
[M::mem_pestat] analyzing insert size distribution for orientation RR...
[M::mem_pestat] (25, 50, 75) percentile: (70, 142, 151)
[M::mem_pestat] low and high boundaries for computing mean and std.dev: (1, 313)
[M::mem_pestat] mean and std.dev: (118.32, 47.76)
[M::mem_pestat] low and high boundaries for proper pairs: (1, 394)
[M::mem_pestat] skip orientation FF
[M::mem_pestat] skip orientation RF
[M::mem_pestat] skip orientation RR
[M::mem_process_seqs] Processed 1730008 reads in 723.209 CPU sec, 19.110 real sec
[main] Version: 0.7.17-r1188
[main] CMD: bwa mem -L 5 -t 40 -a -M -T 50 -A 1 -B 4 -O 6 -R @RG\tID:Sgr-CMvi_071-Ex1-cssl.clmp.fp2_repr\tSM:Sgr-CMvi_071-Ex1-cssl.clmp.fp2_repr\tPL:Illumina reference.ssl.Sgr-libC.fasta Sgr-CMvi_071-Ex1-cssl.clmp.fp2_repr.R1.fq.gz Sgr-CMvi_071-Ex1-cssl.clmp.fp2_repr.R2.fq.gz
[main] Real time: 29.472 sec; CPU: 732.113 sec
