[M::bwa_idx_load_from_disk] read 0 ALT contigs
[M::process] read 413300 sequences (50433081 bp)...
[M::mem_pestat] # candidate unique pairs for (FF, FR, RF, RR): (9, 115046, 21, 7)
[M::mem_pestat] skip orientation FF as there are not enough pairs
[M::mem_pestat] analyzing insert size distribution for orientation FR...
[M::mem_pestat] (25, 50, 75) percentile: (104, 137, 185)
[M::mem_pestat] low and high boundaries for computing mean and std.dev: (1, 347)
[M::mem_pestat] mean and std.dev: (147.72, 62.66)
[M::mem_pestat] low and high boundaries for proper pairs: (1, 428)
[M::mem_pestat] analyzing insert size distribution for orientation RF...
[M::mem_pestat] (25, 50, 75) percentile: (4, 111, 117)
[M::mem_pestat] low and high boundaries for computing mean and std.dev: (1, 343)
[M::mem_pestat] mean and std.dev: (68.10, 60.23)
[M::mem_pestat] low and high boundaries for proper pairs: (1, 456)
[M::mem_pestat] skip orientation RR as there are not enough pairs
[M::mem_pestat] skip orientation RF
[M::mem_process_seqs] Processed 413300 reads in 181.877 CPU sec, 4.856 real sec
[main] Version: 0.7.17-r1188
[main] CMD: bwa mem -L 5 -t 40 -a -M -T 50 -A 1 -B 4 -O 6 -R @RG\tID:Sgr-CMvi_016-Ex1-cssl.clmp.fp2_repr\tSM:Sgr-CMvi_016-Ex1-cssl.clmp.fp2_repr\tPL:Illumina reference.ssl.Sgr-libC.fasta Sgr-CMvi_016-Ex1-cssl.clmp.fp2_repr.R1.fq.gz Sgr-CMvi_016-Ex1-cssl.clmp.fp2_repr.R2.fq.gz
[main] Real time: 9.562 sec; CPU: 185.132 sec
