[M::bwa_idx_load_from_disk] read 0 ALT contigs
[M::process] read 1693796 sequences (199233608 bp)...
[M::mem_pestat] # candidate unique pairs for (FF, FR, RF, RR): (8, 259124, 83, 30)
[M::mem_pestat] skip orientation FF as there are not enough pairs
[M::mem_pestat] analyzing insert size distribution for orientation FR...
[M::mem_pestat] (25, 50, 75) percentile: (76, 110, 152)
[M::mem_pestat] low and high boundaries for computing mean and std.dev: (1, 304)
[M::mem_pestat] mean and std.dev: (117.05, 56.34)
[M::mem_pestat] low and high boundaries for proper pairs: (1, 380)
[M::mem_pestat] analyzing insert size distribution for orientation RF...
[M::mem_pestat] (25, 50, 75) percentile: (96, 159, 1293)
[M::mem_pestat] low and high boundaries for computing mean and std.dev: (1, 3687)
[M::mem_pestat] mean and std.dev: (568.67, 581.66)
[M::mem_pestat] low and high boundaries for proper pairs: (1, 4884)
[M::mem_pestat] analyzing insert size distribution for orientation RR...
[M::mem_pestat] (25, 50, 75) percentile: (101, 101, 101)
[M::mem_pestat] low and high boundaries for computing mean and std.dev: (101, 101)
[M::mem_pestat] mean and std.dev: (101.00, 0.00)
[M::mem_pestat] low and high boundaries for proper pairs: (101, 101)
[M::mem_pestat] skip orientation RF
[M::mem_pestat] skip orientation RR
[M::mem_process_seqs] Processed 1693796 reads in 888.429 CPU sec, 23.477 real sec
[main] Version: 0.7.17-r1188
[main] CMD: bwa mem -L 5 -t 40 -a -M -T 50 -A 1 -B 4 -O 6 -R @RG\tID:Sgr-CJol_092-Ex1-cssl.clmp.fp2_repr\tSM:Sgr-CJol_092-Ex1-cssl.clmp.fp2_repr\tPL:Illumina reference.ssl.Sgr-libC.fasta Sgr-CJol_092-Ex1-cssl.clmp.fp2_repr.R1.fq.gz Sgr-CJol_092-Ex1-cssl.clmp.fp2_repr.R2.fq.gz
[main] Real time: 33.357 sec; CPU: 896.803 sec
