[M::bwa_idx_load_from_disk] read 0 ALT contigs
[M::process] read 1404732 sequences (177380373 bp)...
[M::mem_pestat] # candidate unique pairs for (FF, FR, RF, RR): (27, 199753, 129, 80)
[M::mem_pestat] analyzing insert size distribution for orientation FF...
[M::mem_pestat] (25, 50, 75) percentile: (60, 60, 203)
[M::mem_pestat] low and high boundaries for computing mean and std.dev: (1, 489)
[M::mem_pestat] mean and std.dev: (101.70, 85.04)
[M::mem_pestat] low and high boundaries for proper pairs: (1, 632)
[M::mem_pestat] analyzing insert size distribution for orientation FR...
[M::mem_pestat] (25, 50, 75) percentile: (91, 137, 200)
[M::mem_pestat] low and high boundaries for computing mean and std.dev: (1, 418)
[M::mem_pestat] mean and std.dev: (152.23, 83.68)
[M::mem_pestat] low and high boundaries for proper pairs: (1, 527)
[M::mem_pestat] analyzing insert size distribution for orientation RF...
[M::mem_pestat] (25, 50, 75) percentile: (191, 1251, 3364)
[M::mem_pestat] low and high boundaries for computing mean and std.dev: (1, 9710)
[M::mem_pestat] mean and std.dev: (1914.92, 2283.81)
[M::mem_pestat] low and high boundaries for proper pairs: (1, 12883)
[M::mem_pestat] analyzing insert size distribution for orientation RR...
[M::mem_pestat] (25, 50, 75) percentile: (136, 486, 486)
[M::mem_pestat] low and high boundaries for computing mean and std.dev: (1, 1186)
[M::mem_pestat] mean and std.dev: (311.46, 190.65)
[M::mem_pestat] low and high boundaries for proper pairs: (1, 1536)
[M::mem_pestat] skip orientation FF
[M::mem_pestat] skip orientation RF
[M::mem_pestat] skip orientation RR
[M::mem_process_seqs] Processed 1404732 reads in 825.021 CPU sec, 21.863 real sec
[main] Version: 0.7.17-r1188
[main] CMD: bwa mem -L 5 -t 40 -a -M -T 50 -A 1 -B 4 -O 6 -R @RG\tID:Sgr-CMas_071-Ex1-cssl.clmp.fp2_repr\tSM:Sgr-CMas_071-Ex1-cssl.clmp.fp2_repr\tPL:Illumina reference.ssl.Sgr-libC.fasta Sgr-CMas_071-Ex1-cssl.clmp.fp2_repr.R1.fq.gz Sgr-CMas_071-Ex1-cssl.clmp.fp2_repr.R2.fq.gz
[main] Real time: 30.920 sec; CPU: 832.636 sec
