[M::bwa_idx_load_from_disk] read 0 ALT contigs
[M::process] read 2172268 sequences (277679028 bp)...
[M::mem_pestat] # candidate unique pairs for (FF, FR, RF, RR): (95, 304467, 151, 149)
[M::mem_pestat] analyzing insert size distribution for orientation FF...
[M::mem_pestat] (25, 50, 75) percentile: (442, 543, 543)
[M::mem_pestat] low and high boundaries for computing mean and std.dev: (240, 745)
[M::mem_pestat] mean and std.dev: (532.59, 53.84)
[M::mem_pestat] low and high boundaries for proper pairs: (139, 846)
[M::mem_pestat] analyzing insert size distribution for orientation FR...
[M::mem_pestat] (25, 50, 75) percentile: (89, 133, 186)
[M::mem_pestat] low and high boundaries for computing mean and std.dev: (1, 380)
[M::mem_pestat] mean and std.dev: (141.28, 74.33)
[M::mem_pestat] low and high boundaries for proper pairs: (1, 477)
[M::mem_pestat] analyzing insert size distribution for orientation RF...
[M::mem_pestat] (25, 50, 75) percentile: (31, 245, 7951)
[M::mem_pestat] low and high boundaries for computing mean and std.dev: (1, 23791)
[M::mem_pestat] mean and std.dev: (3546.53, 3718.69)
[M::mem_pestat] low and high boundaries for proper pairs: (1, 31711)
[M::mem_pestat] analyzing insert size distribution for orientation RR...
[M::mem_pestat] (25, 50, 75) percentile: (236, 237, 237)
[M::mem_pestat] low and high boundaries for computing mean and std.dev: (234, 239)
[M::mem_pestat] mean and std.dev: (236.95, 0.34)
[M::mem_pestat] low and high boundaries for proper pairs: (233, 240)
[M::mem_pestat] skip orientation FF
[M::mem_pestat] skip orientation RF
[M::mem_pestat] skip orientation RR
[M::mem_process_seqs] Processed 2172268 reads in 1354.251 CPU sec, 35.925 real sec
[main] Version: 0.7.17-r1188
[main] CMD: bwa mem -L 30,5 -t 40 -a -M -T 50 -A 1 -B 6 -O 10 -R @RG\tID:Sgr-CMas_004-Ex1-cssl.clmp.fp2_repr\tSM:Sgr-CMas_004-Ex1-cssl.clmp.fp2_repr\tPL:Illumina reference.ssl.SgC0072C_contam_R1R2_noIsolate.fasta Sgr-CMas_004-Ex1-cssl.clmp.fp2_repr.R1.fq.gz Sgr-CMas_004-Ex1-cssl.clmp.fp2_repr.R2.fq.gz
[main] Real time: 50.189 sec; CPU: 1366.910 sec
