[M::bwa_idx_load_from_disk] read 0 ALT contigs
[M::process] read 4376642 sequences (400000147 bp)...
[M::mem_pestat] # candidate unique pairs for (FF, FR, RF, RR): (17, 598463, 22, 32)
[M::mem_pestat] analyzing insert size distribution for orientation FF...
[M::mem_pestat] (25, 50, 75) percentile: (27, 47, 202)
[M::mem_pestat] low and high boundaries for computing mean and std.dev: (1, 552)
[M::mem_pestat] mean and std.dev: (60.07, 52.33)
[M::mem_pestat] low and high boundaries for proper pairs: (1, 727)
[M::mem_pestat] analyzing insert size distribution for orientation FR...
[M::mem_pestat] (25, 50, 75) percentile: (57, 77, 97)
[M::mem_pestat] low and high boundaries for computing mean and std.dev: (1, 177)
[M::mem_pestat] mean and std.dev: (77.97, 29.72)
[M::mem_pestat] low and high boundaries for proper pairs: (1, 217)
[M::mem_pestat] analyzing insert size distribution for orientation RF...
[M::mem_pestat] (25, 50, 75) percentile: (16, 25, 42)
[M::mem_pestat] low and high boundaries for computing mean and std.dev: (1, 94)
[M::mem_pestat] mean and std.dev: (26.00, 18.73)
[M::mem_pestat] low and high boundaries for proper pairs: (1, 120)
[M::mem_pestat] analyzing insert size distribution for orientation RR...
[M::mem_pestat] (25, 50, 75) percentile: (29, 55, 109)
[M::mem_pestat] low and high boundaries for computing mean and std.dev: (1, 269)
[M::mem_pestat] mean and std.dev: (49.19, 34.75)
[M::mem_pestat] low and high boundaries for proper pairs: (1, 349)
[M::mem_pestat] skip orientation FF
[M::mem_pestat] skip orientation RF
[M::mem_pestat] skip orientation RR
[M::mem_process_seqs] Processed 4376642 reads in 2786.039 CPU sec, 100.963 real sec
[M::process] read 4375982 sequences (400000117 bp)...
[M::process] read 4262128 sequences (400000055 bp)...
[M::mem_pestat] # candidate unique pairs for (FF, FR, RF, RR): (33, 600428, 21, 36)
[M::mem_pestat] analyzing insert size distribution for orientation FF...
[M::mem_pestat] (25, 50, 75) percentile: (23, 27, 65)
[M::mem_pestat] low and high boundaries for computing mean and std.dev: (1, 149)
[M::mem_pestat] mean and std.dev: (30.54, 17.84)
[M::mem_pestat] low and high boundaries for proper pairs: (1, 191)
[M::mem_pestat] analyzing insert size distribution for orientation FR...
[M::mem_pestat] (25, 50, 75) percentile: (57, 77, 97)
[M::mem_pestat] low and high boundaries for computing mean and std.dev: (1, 177)
[M::mem_pestat] mean and std.dev: (77.98, 29.69)
[M::mem_pestat] low and high boundaries for proper pairs: (1, 217)
[M::mem_pestat] analyzing insert size distribution for orientation RF...
[M::mem_pestat] (25, 50, 75) percentile: (20, 47, 66)
[M::mem_pestat] low and high boundaries for computing mean and std.dev: (1, 158)
[M::mem_pestat] mean and std.dev: (37.56, 21.96)
[M::mem_pestat] low and high boundaries for proper pairs: (1, 204)
[M::mem_pestat] analyzing insert size distribution for orientation RR...
[M::mem_pestat] (25, 50, 75) percentile: (41, 61, 527)
[M::mem_pestat] low and high boundaries for computing mean and std.dev: (1, 1499)
[M::mem_pestat] mean and std.dev: (230.61, 234.91)
[M::mem_pestat] low and high boundaries for proper pairs: (1, 1985)
[M::mem_pestat] skip orientation FF
[M::mem_pestat] skip orientation RF
[M::mem_pestat] skip orientation RR
[M::mem_process_seqs] Processed 4375982 reads in 1437.346 CPU sec, 37.853 real sec
[M::mem_pestat] # candidate unique pairs for (FF, FR, RF, RR): (18, 538042, 16, 36)
[M::mem_pestat] analyzing insert size distribution for orientation FF...
[M::mem_pestat] (25, 50, 75) percentile: (26, 56, 68)
[M::mem_pestat] low and high boundaries for computing mean and std.dev: (1, 152)
[M::mem_pestat] mean and std.dev: (42.33, 22.64)
[M::mem_pestat] low and high boundaries for proper pairs: (1, 194)
[M::mem_pestat] analyzing insert size distribution for orientation FR...
[M::mem_pestat] (25, 50, 75) percentile: (57, 77, 97)
[M::mem_pestat] low and high boundaries for computing mean and std.dev: (1, 177)
[M::mem_pestat] mean and std.dev: (77.90, 29.88)
[M::mem_pestat] low and high boundaries for proper pairs: (1, 217)
[M::mem_pestat] analyzing insert size distribution for orientation RF...
[M::mem_pestat] (25, 50, 75) percentile: (18, 57, 7364)
[M::mem_pestat] low and high boundaries for computing mean and std.dev: (1, 22056)
[M::mem_pestat] mean and std.dev: (1879.62, 3166.85)
[M::mem_pestat] low and high boundaries for proper pairs: (1, 29402)
[M::mem_pestat] analyzing insert size distribution for orientation RR...
[M::mem_pestat] (25, 50, 75) percentile: (22, 44, 66)
[M::mem_pestat] low and high boundaries for computing mean and std.dev: (1, 154)
[M::mem_pestat] mean and std.dev: (41.21, 27.43)
[M::mem_pestat] low and high boundaries for proper pairs: (1, 198)
[M::mem_pestat] skip orientation FF
[M::mem_pestat] skip orientation RF
[M::mem_pestat] skip orientation RR
[M::process] read 1813022 sequences (166240188 bp)...
[M::mem_process_seqs] Processed 4262128 reads in 1377.158 CPU sec, 37.323 real sec
[M::mem_pestat] # candidate unique pairs for (FF, FR, RF, RR): (10, 247397, 7, 11)
[M::mem_pestat] analyzing insert size distribution for orientation FF...
[M::mem_pestat] (25, 50, 75) percentile: (51, 68, 536)
[M::mem_pestat] low and high boundaries for computing mean and std.dev: (1, 1506)
[M::mem_pestat] mean and std.dev: (249.90, 241.68)
[M::mem_pestat] low and high boundaries for proper pairs: (1, 1991)
[M::mem_pestat] analyzing insert size distribution for orientation FR...
[M::mem_pestat] (25, 50, 75) percentile: (57, 77, 97)
[M::mem_pestat] low and high boundaries for computing mean and std.dev: (1, 177)
[M::mem_pestat] mean and std.dev: (78.01, 29.74)
[M::mem_pestat] low and high boundaries for proper pairs: (1, 217)
[M::mem_pestat] skip orientation RF as there are not enough pairs
[M::mem_pestat] analyzing insert size distribution for orientation RR...
[M::mem_pestat] (25, 50, 75) percentile: (43, 48, 90)
[M::mem_pestat] low and high boundaries for computing mean and std.dev: (1, 184)
[M::mem_pestat] mean and std.dev: (39.78, 27.11)
[M::mem_pestat] low and high boundaries for proper pairs: (1, 231)
[M::mem_pestat] skip orientation FF
[M::mem_pestat] skip orientation RR
[M::mem_process_seqs] Processed 1813022 reads in 617.561 CPU sec, 17.666 real sec
[main] Version: 0.7.17-r1188
[main] CMD: bwa mem -L 30,5 -t 40 -a -M -T 50 -A 1 -B 6 -O 10 -R @RG\tID:Sgr-AJol_072-Ex1-cssl.clmp.fp2_repr\tSM:Sgr-AJol_072-Ex1-cssl.clmp.fp2_repr\tPL:Illumina reference.ssl.SgC0072C_contam_R1R2_noIsolate.fasta Sgr-AJol_072-Ex1-cssl.clmp.fp2_repr.R1.fq.gz Sgr-AJol_072-Ex1-cssl.clmp.fp2_repr.R2.fq.gz
[main] Real time: 218.692 sec; CPU: 6247.300 sec
