[M::bwa_idx_load_from_disk] read 0 ALT contigs
[M::process] read 1452132 sequences (190952507 bp)...
[M::mem_pestat] # candidate unique pairs for (FF, FR, RF, RR): (76, 210338, 51, 52)
[M::mem_pestat] analyzing insert size distribution for orientation FF...
[M::mem_pestat] (25, 50, 75) percentile: (72, 128, 567)
[M::mem_pestat] low and high boundaries for computing mean and std.dev: (1, 1557)
[M::mem_pestat] mean and std.dev: (280.07, 234.03)
[M::mem_pestat] low and high boundaries for proper pairs: (1, 2052)
[M::mem_pestat] analyzing insert size distribution for orientation FR...
[M::mem_pestat] (25, 50, 75) percentile: (97, 141, 195)
[M::mem_pestat] low and high boundaries for computing mean and std.dev: (1, 391)
[M::mem_pestat] mean and std.dev: (149.36, 75.74)
[M::mem_pestat] low and high boundaries for proper pairs: (1, 489)
[M::mem_pestat] analyzing insert size distribution for orientation RF...
[M::mem_pestat] (25, 50, 75) percentile: (46, 708, 3335)
[M::mem_pestat] low and high boundaries for computing mean and std.dev: (1, 9913)
[M::mem_pestat] mean and std.dev: (1499.69, 1735.67)
[M::mem_pestat] low and high boundaries for proper pairs: (1, 13202)
[M::mem_pestat] analyzing insert size distribution for orientation RR...
[M::mem_pestat] (25, 50, 75) percentile: (22, 92, 139)
[M::mem_pestat] low and high boundaries for computing mean and std.dev: (1, 373)
[M::mem_pestat] mean and std.dev: (89.27, 69.84)
[M::mem_pestat] low and high boundaries for proper pairs: (1, 490)
[M::mem_pestat] skip orientation FF
[M::mem_pestat] skip orientation RF
[M::mem_pestat] skip orientation RR
[M::mem_process_seqs] Processed 1452132 reads in 910.061 CPU sec, 24.233 real sec
[main] Version: 0.7.17-r1188
[main] CMD: bwa mem -L 30,5 -t 40 -a -M -T 50 -A 1 -B 6 -O 10 -R @RG\tID:Sgr-CJol_080-Ex1-cssl.clmp.fp2_repr\tSM:Sgr-CJol_080-Ex1-cssl.clmp.fp2_repr\tPL:Illumina reference.ssl.SgC0072C_contam_R1R2_noIsolate.fasta Sgr-CJol_080-Ex1-cssl.clmp.fp2_repr.R1.fq.gz Sgr-CJol_080-Ex1-cssl.clmp.fp2_repr.R2.fq.gz
[main] Real time: 34.743 sec; CPU: 919.030 sec
