[M::bwa_idx_load_from_disk] read 0 ALT contigs
[M::process] read 1704360 sequences (212111952 bp)...
[M::mem_pestat] # candidate unique pairs for (FF, FR, RF, RR): (39, 253016, 103, 25)
[M::mem_pestat] analyzing insert size distribution for orientation FF...
[M::mem_pestat] (25, 50, 75) percentile: (103, 272, 272)
[M::mem_pestat] low and high boundaries for computing mean and std.dev: (1, 610)
[M::mem_pestat] mean and std.dev: (218.13, 88.72)
[M::mem_pestat] low and high boundaries for proper pairs: (1, 779)
[M::mem_pestat] analyzing insert size distribution for orientation FR...
[M::mem_pestat] (25, 50, 75) percentile: (84, 123, 168)
[M::mem_pestat] low and high boundaries for computing mean and std.dev: (1, 336)
[M::mem_pestat] mean and std.dev: (129.09, 63.67)
[M::mem_pestat] low and high boundaries for proper pairs: (1, 420)
[M::mem_pestat] analyzing insert size distribution for orientation RF...
[M::mem_pestat] (25, 50, 75) percentile: (10, 15, 49)
[M::mem_pestat] low and high boundaries for computing mean and std.dev: (1, 127)
[M::mem_pestat] mean and std.dev: (18.92, 13.94)
[M::mem_pestat] low and high boundaries for proper pairs: (1, 166)
[M::mem_pestat] analyzing insert size distribution for orientation RR...
[M::mem_pestat] (25, 50, 75) percentile: (59, 126, 270)
[M::mem_pestat] low and high boundaries for computing mean and std.dev: (1, 692)
[M::mem_pestat] mean and std.dev: (151.88, 125.09)
[M::mem_pestat] low and high boundaries for proper pairs: (1, 903)
[M::mem_pestat] skip orientation FF
[M::mem_pestat] skip orientation RF
[M::mem_pestat] skip orientation RR
[M::mem_process_seqs] Processed 1704360 reads in 964.557 CPU sec, 25.618 real sec
[main] Version: 0.7.17-r1188
[main] CMD: bwa mem -L 30,5 -t 40 -a -M -T 50 -A 1 -B 6 -O 10 -R @RG\tID:Sgr-CJol_096-Ex1-cssl.clmp.fp2_repr\tSM:Sgr-CJol_096-Ex1-cssl.clmp.fp2_repr\tPL:Illumina reference.ssl.SgC0072C_contam_R1R2_noIsolate.fasta Sgr-CJol_096-Ex1-cssl.clmp.fp2_repr.R1.fq.gz Sgr-CJol_096-Ex1-cssl.clmp.fp2_repr.R2.fq.gz
[main] Real time: 36.999 sec; CPU: 974.385 sec
