[M::bwa_idx_load_from_disk] read 0 ALT contigs
[M::process] read 4742790 sequences (400000029 bp)...
[M::mem_pestat] # candidate unique pairs for (FF, FR, RF, RR): (28, 661049, 12, 14)
[M::mem_pestat] analyzing insert size distribution for orientation FF...
[M::mem_pestat] (25, 50, 75) percentile: (26, 47, 61)
[M::mem_pestat] low and high boundaries for computing mean and std.dev: (1, 131)
[M::mem_pestat] mean and std.dev: (42.52, 27.07)
[M::mem_pestat] low and high boundaries for proper pairs: (1, 166)
[M::mem_pestat] analyzing insert size distribution for orientation FR...
[M::mem_pestat] (25, 50, 75) percentile: (55, 73, 90)
[M::mem_pestat] low and high boundaries for computing mean and std.dev: (1, 160)
[M::mem_pestat] mean and std.dev: (73.05, 26.27)
[M::mem_pestat] low and high boundaries for proper pairs: (1, 195)
[M::mem_pestat] analyzing insert size distribution for orientation RF...
[M::mem_pestat] (25, 50, 75) percentile: (18, 24, 44)
[M::mem_pestat] low and high boundaries for computing mean and std.dev: (1, 96)
[M::mem_pestat] mean and std.dev: (24.50, 11.32)
[M::mem_pestat] low and high boundaries for proper pairs: (1, 122)
[M::mem_pestat] analyzing insert size distribution for orientation RR...
[M::mem_pestat] (25, 50, 75) percentile: (22, 35, 145)
[M::mem_pestat] low and high boundaries for computing mean and std.dev: (1, 391)
[M::mem_pestat] mean and std.dev: (53.42, 49.16)
[M::mem_pestat] low and high boundaries for proper pairs: (1, 514)
[M::mem_pestat] skip orientation FF
[M::mem_pestat] skip orientation RF
[M::mem_pestat] skip orientation RR
[M::mem_process_seqs] Processed 4742790 reads in 2685.496 CPU sec, 101.043 real sec
[M::process] read 3500336 sequences (296618405 bp)...
[M::mem_pestat] # candidate unique pairs for (FF, FR, RF, RR): (11, 482590, 8, 7)
[M::mem_pestat] analyzing insert size distribution for orientation FF...
[M::mem_pestat] (25, 50, 75) percentile: (18, 26, 61)
[M::mem_pestat] low and high boundaries for computing mean and std.dev: (1, 147)
[M::mem_pestat] mean and std.dev: (33.30, 22.94)
[M::mem_pestat] low and high boundaries for proper pairs: (1, 190)
[M::mem_pestat] analyzing insert size distribution for orientation FR...
[M::mem_pestat] (25, 50, 75) percentile: (55, 72, 90)
[M::mem_pestat] low and high boundaries for computing mean and std.dev: (1, 160)
[M::mem_pestat] mean and std.dev: (73.08, 26.42)
[M::mem_pestat] low and high boundaries for proper pairs: (1, 195)
[M::mem_pestat] skip orientation RF as there are not enough pairs
[M::mem_pestat] skip orientation RR as there are not enough pairs
[M::mem_pestat] skip orientation FF
[M::mem_process_seqs] Processed 3500336 reads in 1024.302 CPU sec, 28.803 real sec
[main] Version: 0.7.17-r1188
[main] CMD: bwa mem -L 30,5 -t 40 -a -M -T 50 -A 1 -B 6 -O 10 -R @RG\tID:Sgr-AJol_015-Ex1-cssl.clmp.fp2_repr\tSM:Sgr-AJol_015-Ex1-cssl.clmp.fp2_repr\tPL:Illumina reference.ssl.SgC0072C_contam_R1R2_noIsolate.fasta Sgr-AJol_015-Ex1-cssl.clmp.fp2_repr.R1.fq.gz Sgr-AJol_015-Ex1-cssl.clmp.fp2_repr.R2.fq.gz
[main] Real time: 152.524 sec; CPU: 3732.835 sec
