[M::bwa_idx_load_from_disk] read 0 ALT contigs
[M::process] read 1798582 sequences (215256821 bp)...
[M::mem_pestat] # candidate unique pairs for (FF, FR, RF, RR): (31, 262597, 69, 22)
[M::mem_pestat] analyzing insert size distribution for orientation FF...
[M::mem_pestat] (25, 50, 75) percentile: (186, 186, 186)
[M::mem_pestat] low and high boundaries for computing mean and std.dev: (186, 186)
[M::mem_pestat] mean and std.dev: (186.00, 0.00)
[M::mem_pestat] low and high boundaries for proper pairs: (186, 186)
[M::mem_pestat] analyzing insert size distribution for orientation FR...
[M::mem_pestat] (25, 50, 75) percentile: (77, 113, 155)
[M::mem_pestat] low and high boundaries for computing mean and std.dev: (1, 311)
[M::mem_pestat] mean and std.dev: (118.82, 58.59)
[M::mem_pestat] low and high boundaries for proper pairs: (1, 389)
[M::mem_pestat] analyzing insert size distribution for orientation RF...
[M::mem_pestat] (25, 50, 75) percentile: (47, 371, 4120)
[M::mem_pestat] low and high boundaries for computing mean and std.dev: (1, 12266)
[M::mem_pestat] mean and std.dev: (1846.87, 2356.19)
[M::mem_pestat] low and high boundaries for proper pairs: (1, 16339)
[M::mem_pestat] analyzing insert size distribution for orientation RR...
[M::mem_pestat] (25, 50, 75) percentile: (9, 33, 55)
[M::mem_pestat] low and high boundaries for computing mean and std.dev: (1, 147)
[M::mem_pestat] mean and std.dev: (30.76, 24.22)
[M::mem_pestat] low and high boundaries for proper pairs: (1, 193)
[M::mem_pestat] skip orientation FF
[M::mem_pestat] skip orientation RF
[M::mem_pestat] skip orientation RR
[M::mem_process_seqs] Processed 1798582 reads in 1054.955 CPU sec, 28.686 real sec
[main] Version: 0.7.17-r1188
[main] CMD: bwa mem -L 30,5 -t 40 -a -M -T 50 -A 1 -B 6 -O 10 -R @RG\tID:Sgr-CJol_037-Ex1-cssl.clmp.fp2_repr\tSM:Sgr-CJol_037-Ex1-cssl.clmp.fp2_repr\tPL:Illumina reference.ssl.SgC0072C_contam_R1R2_noIsolate.fasta Sgr-CJol_037-Ex1-cssl.clmp.fp2_repr.R1.fq.gz Sgr-CJol_037-Ex1-cssl.clmp.fp2_repr.R2.fq.gz
[main] Real time: 40.589 sec; CPU: 1065.237 sec
