[M::bwa_idx_load_from_disk] read 0 ALT contigs
[M::process] read 921260 sequences (111798526 bp)...
[M::mem_pestat] # candidate unique pairs for (FF, FR, RF, RR): (42, 132076, 49, 24)
[M::mem_pestat] analyzing insert size distribution for orientation FF...
[M::mem_pestat] (25, 50, 75) percentile: (81, 81, 159)
[M::mem_pestat] low and high boundaries for computing mean and std.dev: (1, 315)
[M::mem_pestat] mean and std.dev: (106.98, 42.50)
[M::mem_pestat] low and high boundaries for proper pairs: (1, 393)
[M::mem_pestat] analyzing insert size distribution for orientation FR...
[M::mem_pestat] (25, 50, 75) percentile: (79, 121, 172)
[M::mem_pestat] low and high boundaries for computing mean and std.dev: (1, 358)
[M::mem_pestat] mean and std.dev: (129.57, 68.87)
[M::mem_pestat] low and high boundaries for proper pairs: (1, 451)
[M::mem_pestat] analyzing insert size distribution for orientation RF...
[M::mem_pestat] (25, 50, 75) percentile: (18, 22, 33)
[M::mem_pestat] low and high boundaries for computing mean and std.dev: (1, 63)
[M::mem_pestat] mean and std.dev: (23.15, 8.55)
[M::mem_pestat] low and high boundaries for proper pairs: (1, 78)
[M::mem_pestat] analyzing insert size distribution for orientation RR...
[M::mem_pestat] (25, 50, 75) percentile: (350, 565, 565)
[M::mem_pestat] low and high boundaries for computing mean and std.dev: (1, 995)
[M::mem_pestat] mean and std.dev: (443.67, 184.43)
[M::mem_pestat] low and high boundaries for proper pairs: (1, 1210)
[M::mem_pestat] skip orientation FF
[M::mem_pestat] skip orientation RF
[M::mem_pestat] skip orientation RR
[M::mem_process_seqs] Processed 921260 reads in 569.498 CPU sec, 15.435 real sec
[main] Version: 0.7.17-r1188
[main] CMD: bwa mem -L 30,5 -t 40 -a -M -T 50 -A 1 -B 6 -O 10 -R @RG\tID:Sgr-CJol_021-Ex1-cssl.clmp.fp2_repr\tSM:Sgr-CJol_021-Ex1-cssl.clmp.fp2_repr\tPL:Illumina reference.ssl.SgC0072C_contam_R1R2_noIsolate.fasta Sgr-CJol_021-Ex1-cssl.clmp.fp2_repr.R1.fq.gz Sgr-CJol_021-Ex1-cssl.clmp.fp2_repr.R2.fq.gz
[main] Real time: 23.513 sec; CPU: 576.029 sec
