[M::bwa_idx_load_from_disk] read 0 ALT contigs
[M::process] read 4424986 sequences (400000098 bp)...
[M::mem_pestat] # candidate unique pairs for (FF, FR, RF, RR): (45, 652341, 16, 45)
[M::mem_pestat] analyzing insert size distribution for orientation FF...
[M::mem_pestat] (25, 50, 75) percentile: (22, 43, 122)
[M::mem_pestat] low and high boundaries for computing mean and std.dev: (1, 322)
[M::mem_pestat] mean and std.dev: (53.42, 66.99)
[M::mem_pestat] low and high boundaries for proper pairs: (1, 422)
[M::mem_pestat] analyzing insert size distribution for orientation FR...
[M::mem_pestat] (25, 50, 75) percentile: (58, 77, 97)
[M::mem_pestat] low and high boundaries for computing mean and std.dev: (1, 175)
[M::mem_pestat] mean and std.dev: (78.26, 29.17)
[M::mem_pestat] low and high boundaries for proper pairs: (1, 214)
[M::mem_pestat] analyzing insert size distribution for orientation RF...
[M::mem_pestat] (25, 50, 75) percentile: (30, 44, 70)
[M::mem_pestat] low and high boundaries for computing mean and std.dev: (1, 150)
[M::mem_pestat] mean and std.dev: (34.54, 16.82)
[M::mem_pestat] low and high boundaries for proper pairs: (1, 190)
[M::mem_pestat] analyzing insert size distribution for orientation RR...
[M::mem_pestat] (25, 50, 75) percentile: (34, 40, 77)
[M::mem_pestat] low and high boundaries for computing mean and std.dev: (1, 163)
[M::mem_pestat] mean and std.dev: (42.92, 27.23)
[M::mem_pestat] low and high boundaries for proper pairs: (1, 206)
[M::mem_pestat] skip orientation FF
[M::mem_pestat] skip orientation RF
[M::mem_pestat] skip orientation RR
[M::process] read 2650792 sequences (244787616 bp)...
[M::mem_process_seqs] Processed 4424986 reads in 2868.416 CPU sec, 105.494 real sec
[M::mem_pestat] # candidate unique pairs for (FF, FR, RF, RR): (21, 366267, 5, 23)
[M::mem_pestat] analyzing insert size distribution for orientation FF...
[M::mem_pestat] (25, 50, 75) percentile: (13, 26, 57)
[M::mem_pestat] low and high boundaries for computing mean and std.dev: (1, 145)
[M::mem_pestat] mean and std.dev: (32.15, 21.84)
[M::mem_pestat] low and high boundaries for proper pairs: (1, 189)
[M::mem_pestat] analyzing insert size distribution for orientation FR...
[M::mem_pestat] (25, 50, 75) percentile: (58, 77, 97)
[M::mem_pestat] low and high boundaries for computing mean and std.dev: (1, 175)
[M::mem_pestat] mean and std.dev: (78.09, 29.26)
[M::mem_pestat] low and high boundaries for proper pairs: (1, 214)
[M::mem_pestat] skip orientation RF as there are not enough pairs
[M::mem_pestat] analyzing insert size distribution for orientation RR...
[M::mem_pestat] (25, 50, 75) percentile: (37, 45, 72)
[M::mem_pestat] low and high boundaries for computing mean and std.dev: (1, 142)
[M::mem_pestat] mean and std.dev: (46.60, 20.65)
[M::mem_pestat] low and high boundaries for proper pairs: (1, 177)
[M::mem_pestat] skip orientation FF
[M::mem_pestat] skip orientation RR
[M::mem_process_seqs] Processed 2650792 reads in 897.885 CPU sec, 25.142 real sec
[main] Version: 0.7.17-r1188
[main] CMD: bwa mem -L 30,5 -t 40 -a -M -T 50 -A 1 -B 6 -O 10 -R @RG\tID:Sgr-AJol_045-Ex1-cssl.clmp.fp2_repr\tSM:Sgr-AJol_045-Ex1-cssl.clmp.fp2_repr\tPL:Illumina reference.ssl.SgC0072C_contam_R1R2_noIsolate.fasta Sgr-AJol_045-Ex1-cssl.clmp.fp2_repr.R1.fq.gz Sgr-AJol_045-Ex1-cssl.clmp.fp2_repr.R2.fq.gz
[main] Real time: 149.457 sec; CPU: 3784.881 sec
