[M::bwa_idx_load_from_disk] read 0 ALT contigs
[M::process] read 646918 sequences (80258123 bp)...
[M::mem_pestat] # candidate unique pairs for (FF, FR, RF, RR): (52, 185171, 103, 21)
[M::mem_pestat] analyzing insert size distribution for orientation FF...
[M::mem_pestat] (25, 50, 75) percentile: (44, 46, 78)
[M::mem_pestat] low and high boundaries for computing mean and std.dev: (1, 146)
[M::mem_pestat] mean and std.dev: (55.27, 24.22)
[M::mem_pestat] low and high boundaries for proper pairs: (1, 180)
[M::mem_pestat] analyzing insert size distribution for orientation FR...
[M::mem_pestat] (25, 50, 75) percentile: (111, 145, 192)
[M::mem_pestat] low and high boundaries for computing mean and std.dev: (1, 354)
[M::mem_pestat] mean and std.dev: (153.87, 62.68)
[M::mem_pestat] low and high boundaries for proper pairs: (1, 435)
[M::mem_pestat] analyzing insert size distribution for orientation RF...
[M::mem_pestat] (25, 50, 75) percentile: (15, 62, 62)
[M::mem_pestat] low and high boundaries for computing mean and std.dev: (1, 156)
[M::mem_pestat] mean and std.dev: (45.82, 23.24)
[M::mem_pestat] low and high boundaries for proper pairs: (1, 203)
[M::mem_pestat] analyzing insert size distribution for orientation RR...
[M::mem_pestat] (25, 50, 75) percentile: (53, 65, 72)
[M::mem_pestat] low and high boundaries for computing mean and std.dev: (15, 110)
[M::mem_pestat] mean and std.dev: (64.78, 12.50)
[M::mem_pestat] low and high boundaries for proper pairs: (1, 129)
[M::mem_pestat] skip orientation FF
[M::mem_pestat] skip orientation RF
[M::mem_pestat] skip orientation RR
[M::mem_process_seqs] Processed 646918 reads in 324.359 CPU sec, 8.801 real sec
[main] Version: 0.7.17-r1188
[main] CMD: bwa mem -L 30,5 -t 40 -a -M -T 50 -A 1 -B 6 -O 10 -R @RG\tID:Sgr-CMvi_004-Ex1-cssl.clmp.fp2_repr\tSM:Sgr-CMvi_004-Ex1-cssl.clmp.fp2_repr\tPL:Illumina reference.ssl.SgC0072C_contam_R1R2_noIsolate.fasta Sgr-CMvi_004-Ex1-cssl.clmp.fp2_repr.R1.fq.gz Sgr-CMvi_004-Ex1-cssl.clmp.fp2_repr.R2.fq.gz
[main] Real time: 15.481 sec; CPU: 329.418 sec
