[M::bwa_idx_load_from_disk] read 0 ALT contigs
[M::process] read 3971070 sequences (400000298 bp)...
[M::mem_pestat] # candidate unique pairs for (FF, FR, RF, RR): (72, 454690, 50, 68)
[M::mem_pestat] analyzing insert size distribution for orientation FF...
[M::mem_pestat] (25, 50, 75) percentile: (26, 41, 65)
[M::mem_pestat] low and high boundaries for computing mean and std.dev: (1, 143)
[M::mem_pestat] mean and std.dev: (40.90, 26.61)
[M::mem_pestat] low and high boundaries for proper pairs: (1, 182)
[M::mem_pestat] analyzing insert size distribution for orientation FR...
[M::mem_pestat] (25, 50, 75) percentile: (57, 80, 103)
[M::mem_pestat] low and high boundaries for computing mean and std.dev: (1, 195)
[M::mem_pestat] mean and std.dev: (81.41, 33.28)
[M::mem_pestat] low and high boundaries for proper pairs: (1, 241)
[M::mem_pestat] analyzing insert size distribution for orientation RF...
[M::mem_pestat] (25, 50, 75) percentile: (21, 45, 92)
[M::mem_pestat] low and high boundaries for computing mean and std.dev: (1, 234)
[M::mem_pestat] mean and std.dev: (51.35, 40.95)
[M::mem_pestat] low and high boundaries for proper pairs: (1, 305)
[M::mem_pestat] analyzing insert size distribution for orientation RR...
[M::mem_pestat] (25, 50, 75) percentile: (37, 54, 74)
[M::mem_pestat] low and high boundaries for computing mean and std.dev: (1, 148)
[M::mem_pestat] mean and std.dev: (53.16, 26.73)
[M::mem_pestat] low and high boundaries for proper pairs: (1, 185)
[M::mem_pestat] skip orientation FF
[M::mem_pestat] skip orientation RF
[M::mem_pestat] skip orientation RR
[M::mem_process_seqs] Processed 3971070 reads in 2584.817 CPU sec, 95.583 real sec
[M::process] read 3965436 sequences (400000151 bp)...
[M::process] read 3872764 sequences (400000207 bp)...
[M::mem_pestat] # candidate unique pairs for (FF, FR, RF, RR): (79, 455726, 59, 82)
[M::mem_pestat] analyzing insert size distribution for orientation FF...
[M::mem_pestat] (25, 50, 75) percentile: (31, 42, 70)
[M::mem_pestat] low and high boundaries for computing mean and std.dev: (1, 148)
[M::mem_pestat] mean and std.dev: (44.55, 24.82)
[M::mem_pestat] low and high boundaries for proper pairs: (1, 187)
[M::mem_pestat] analyzing insert size distribution for orientation FR...
[M::mem_pestat] (25, 50, 75) percentile: (57, 80, 103)
[M::mem_pestat] low and high boundaries for computing mean and std.dev: (1, 195)
[M::mem_pestat] mean and std.dev: (81.35, 33.23)
[M::mem_pestat] low and high boundaries for proper pairs: (1, 241)
[M::mem_pestat] analyzing insert size distribution for orientation RF...
[M::mem_pestat] (25, 50, 75) percentile: (40, 76, 155)
[M::mem_pestat] low and high boundaries for computing mean and std.dev: (1, 385)
[M::mem_pestat] mean and std.dev: (75.58, 53.12)
[M::mem_pestat] low and high boundaries for proper pairs: (1, 500)
[M::mem_pestat] analyzing insert size distribution for orientation RR...
[M::mem_pestat] (25, 50, 75) percentile: (25, 55, 88)
[M::mem_pestat] low and high boundaries for computing mean and std.dev: (1, 214)
[M::mem_pestat] mean and std.dev: (55.58, 46.25)
[M::mem_pestat] low and high boundaries for proper pairs: (1, 277)
[M::mem_pestat] skip orientation FF
[M::mem_pestat] skip orientation RF
[M::mem_pestat] skip orientation RR
[M::mem_process_seqs] Processed 3965436 reads in 1345.233 CPU sec, 35.738 real sec
[M::process] read 2582278 sequences (278423332 bp)...
[M::mem_pestat] # candidate unique pairs for (FF, FR, RF, RR): (60, 392916, 69, 61)
[M::mem_pestat] analyzing insert size distribution for orientation FF...
[M::mem_pestat] (25, 50, 75) percentile: (27, 41, 85)
[M::mem_pestat] low and high boundaries for computing mean and std.dev: (1, 201)
[M::mem_pestat] mean and std.dev: (45.13, 33.16)
[M::mem_pestat] low and high boundaries for proper pairs: (1, 259)
[M::mem_pestat] analyzing insert size distribution for orientation FR...
[M::mem_pestat] (25, 50, 75) percentile: (57, 79, 103)
[M::mem_pestat] low and high boundaries for computing mean and std.dev: (1, 195)
[M::mem_pestat] mean and std.dev: (81.14, 33.57)
[M::mem_pestat] low and high boundaries for proper pairs: (1, 241)
[M::mem_pestat] analyzing insert size distribution for orientation RF...
[M::mem_pestat] (25, 50, 75) percentile: (61, 122, 189)
[M::mem_pestat] low and high boundaries for computing mean and std.dev: (1, 445)
[M::mem_pestat] mean and std.dev: (108.48, 63.35)
[M::mem_pestat] low and high boundaries for proper pairs: (1, 573)
[M::mem_pestat] analyzing insert size distribution for orientation RR...
[M::mem_pestat] (25, 50, 75) percentile: (24, 46, 72)
[M::mem_pestat] low and high boundaries for computing mean and std.dev: (1, 168)
[M::mem_pestat] mean and std.dev: (42.96, 30.38)
[M::mem_pestat] low and high boundaries for proper pairs: (1, 216)
[M::mem_pestat] skip orientation FF
[M::mem_pestat] skip orientation RF
[M::mem_pestat] skip orientation RR
[M::mem_process_seqs] Processed 3872764 reads in 1247.733 CPU sec, 33.341 real sec
[M::mem_pestat] # candidate unique pairs for (FF, FR, RF, RR): (38, 220132, 10, 32)
[M::mem_pestat] analyzing insert size distribution for orientation FF...
[M::mem_pestat] (25, 50, 75) percentile: (25, 41, 61)
[M::mem_pestat] low and high boundaries for computing mean and std.dev: (1, 133)
[M::mem_pestat] mean and std.dev: (37.65, 20.17)
[M::mem_pestat] low and high boundaries for proper pairs: (1, 169)
[M::mem_pestat] analyzing insert size distribution for orientation FR...
[M::mem_pestat] (25, 50, 75) percentile: (57, 79, 103)
[M::mem_pestat] low and high boundaries for computing mean and std.dev: (1, 195)
[M::mem_pestat] mean and std.dev: (81.05, 33.59)
[M::mem_pestat] low and high boundaries for proper pairs: (1, 241)
[M::mem_pestat] analyzing insert size distribution for orientation RF...
[M::mem_pestat] (25, 50, 75) percentile: (22, 38, 43)
[M::mem_pestat] low and high boundaries for computing mean and std.dev: (1, 85)
[M::mem_pestat] mean and std.dev: (30.00, 11.11)
[M::mem_pestat] low and high boundaries for proper pairs: (1, 106)
[M::mem_pestat] analyzing insert size distribution for orientation RR...
[M::mem_pestat] (25, 50, 75) percentile: (33, 55, 71)
[M::mem_pestat] low and high boundaries for computing mean and std.dev: (1, 147)
[M::mem_pestat] mean and std.dev: (46.93, 21.87)
[M::mem_pestat] low and high boundaries for proper pairs: (1, 185)
[M::mem_pestat] skip orientation FF
[M::mem_pestat] skip orientation RF
[M::mem_pestat] skip orientation RR
[M::mem_process_seqs] Processed 2582278 reads in 788.295 CPU sec, 22.062 real sec
[main] Version: 0.7.17-r1188
[main] CMD: bwa mem -L 30,5 -t 40 -a -M -T 50 -A 1 -B 6 -O 10 -R @RG\tID:Sgr-AMvi_045-Ex1-cssl.clmp.fp2_repr\tSM:Sgr-AMvi_045-Ex1-cssl.clmp.fp2_repr\tPL:Illumina reference.ssl.SgC0072C_contam_R1R2_noIsolate.fasta Sgr-AMvi_045-Ex1-cssl.clmp.fp2_repr.R1.fq.gz Sgr-AMvi_045-Ex1-cssl.clmp.fp2_repr.R2.fq.gz
[main] Real time: 210.516 sec; CPU: 5993.365 sec
