[M::bwa_idx_load_from_disk] read 0 ALT contigs
[M::process] read 4712458 sequences (400000087 bp)...
[M::process] read 286628 sequences (24293788 bp)...
[M::mem_pestat] # candidate unique pairs for (FF, FR, RF, RR): (41, 663549, 11, 19)
[M::mem_pestat] analyzing insert size distribution for orientation FF...
[M::mem_pestat] (25, 50, 75) percentile: (32, 42, 80)
[M::mem_pestat] low and high boundaries for computing mean and std.dev: (1, 176)
[M::mem_pestat] mean and std.dev: (44.32, 20.27)
[M::mem_pestat] low and high boundaries for proper pairs: (1, 224)
[M::mem_pestat] analyzing insert size distribution for orientation FR...
[M::mem_pestat] (25, 50, 75) percentile: (56, 73, 90)
[M::mem_pestat] low and high boundaries for computing mean and std.dev: (1, 158)
[M::mem_pestat] mean and std.dev: (73.68, 26.22)
[M::mem_pestat] low and high boundaries for proper pairs: (1, 192)
[M::mem_pestat] analyzing insert size distribution for orientation RF...
[M::mem_pestat] (25, 50, 75) percentile: (13, 14, 26)
[M::mem_pestat] low and high boundaries for computing mean and std.dev: (1, 52)
[M::mem_pestat] mean and std.dev: (17.91, 7.93)
[M::mem_pestat] low and high boundaries for proper pairs: (1, 65)
[M::mem_pestat] analyzing insert size distribution for orientation RR...
[M::mem_pestat] (25, 50, 75) percentile: (24, 33, 56)
[M::mem_pestat] low and high boundaries for computing mean and std.dev: (1, 120)
[M::mem_pestat] mean and std.dev: (31.69, 18.85)
[M::mem_pestat] low and high boundaries for proper pairs: (1, 152)
[M::mem_pestat] skip orientation FF
[M::mem_pestat] skip orientation RF
[M::mem_pestat] skip orientation RR
[M::mem_process_seqs] Processed 4712458 reads in 1702.488 CPU sec, 48.041 real sec
[M::mem_pestat] # candidate unique pairs for (FF, FR, RF, RR): (3, 40866, 2, 3)
[M::mem_pestat] skip orientation FF as there are not enough pairs
[M::mem_pestat] analyzing insert size distribution for orientation FR...
[M::mem_pestat] (25, 50, 75) percentile: (56, 73, 90)
[M::mem_pestat] low and high boundaries for computing mean and std.dev: (1, 158)
[M::mem_pestat] mean and std.dev: (73.69, 26.08)
[M::mem_pestat] low and high boundaries for proper pairs: (1, 192)
[M::mem_pestat] skip orientation RF as there are not enough pairs
[M::mem_pestat] skip orientation RR as there are not enough pairs
[M::mem_process_seqs] Processed 286628 reads in 97.245 CPU sec, 2.835 real sec
[main] Version: 0.7.17-r1188
[main] CMD: bwa mem -L 30,5 -t 40 -a -M -T 50 -A 1 -B 6 -O 10 -R @RG\tID:Sgr-AJol_012-Ex1-cssl.clmp.fp2_repr\tSM:Sgr-AJol_012-Ex1-cssl.clmp.fp2_repr\tPL:Illumina reference.ssl.SgC0072C_contam_R1R2_noIsolate.fasta Sgr-AJol_012-Ex1-cssl.clmp.fp2_repr.R1.fq.gz Sgr-AJol_012-Ex1-cssl.clmp.fp2_repr.R2.fq.gz
[main] Real time: 73.858 sec; CPU: 1822.522 sec
