[M::bwa_idx_load_from_disk] read 0 ALT contigs
[M::process] read 4769026 sequences (400000021 bp)...
[M::mem_pestat] # candidate unique pairs for (FF, FR, RF, RR): (18, 672218, 21, 11)
[M::mem_pestat] analyzing insert size distribution for orientation FF...
[M::mem_pestat] (25, 50, 75) percentile: (14, 33, 53)
[M::mem_pestat] low and high boundaries for computing mean and std.dev: (1, 131)
[M::mem_pestat] mean and std.dev: (32.25, 21.38)
[M::mem_pestat] low and high boundaries for proper pairs: (1, 170)
[M::mem_pestat] analyzing insert size distribution for orientation FR...
[M::mem_pestat] (25, 50, 75) percentile: (55, 72, 89)
[M::mem_pestat] low and high boundaries for computing mean and std.dev: (1, 157)
[M::mem_pestat] mean and std.dev: (72.66, 25.85)
[M::mem_pestat] low and high boundaries for proper pairs: (1, 191)
[M::mem_pestat] analyzing insert size distribution for orientation RF...
[M::mem_pestat] (25, 50, 75) percentile: (21, 29, 130)
[M::mem_pestat] low and high boundaries for computing mean and std.dev: (1, 348)
[M::mem_pestat] mean and std.dev: (70.20, 75.78)
[M::mem_pestat] low and high boundaries for proper pairs: (1, 457)
[M::mem_pestat] analyzing insert size distribution for orientation RR...
[M::mem_pestat] (25, 50, 75) percentile: (19, 42, 560)
[M::mem_pestat] low and high boundaries for computing mean and std.dev: (1, 1642)
[M::mem_pestat] mean and std.dev: (134.20, 213.33)
[M::mem_pestat] low and high boundaries for proper pairs: (1, 2183)
[M::mem_pestat] skip orientation FF
[M::mem_pestat] skip orientation RF
[M::mem_pestat] skip orientation RR
[M::mem_process_seqs] Processed 4769026 reads in 2665.131 CPU sec, 99.963 real sec
[M::process] read 4762938 sequences (400000078 bp)...
[M::process] read 2130264 sequences (180129531 bp)...
[M::mem_pestat] # candidate unique pairs for (FF, FR, RF, RR): (11, 668421, 17, 13)
[M::mem_pestat] analyzing insert size distribution for orientation FF...
[M::mem_pestat] (25, 50, 75) percentile: (16, 36, 48)
[M::mem_pestat] low and high boundaries for computing mean and std.dev: (1, 112)
[M::mem_pestat] mean and std.dev: (29.60, 16.80)
[M::mem_pestat] low and high boundaries for proper pairs: (1, 144)
[M::mem_pestat] analyzing insert size distribution for orientation FR...
[M::mem_pestat] (25, 50, 75) percentile: (55, 72, 89)
[M::mem_pestat] low and high boundaries for computing mean and std.dev: (1, 157)
[M::mem_pestat] mean and std.dev: (72.72, 25.83)
[M::mem_pestat] low and high boundaries for proper pairs: (1, 191)
[M::mem_pestat] analyzing insert size distribution for orientation RF...
[M::mem_pestat] (25, 50, 75) percentile: (7, 18, 61)
[M::mem_pestat] low and high boundaries for computing mean and std.dev: (1, 169)
[M::mem_pestat] mean and std.dev: (26.87, 24.68)
[M::mem_pestat] low and high boundaries for proper pairs: (1, 223)
[M::mem_pestat] analyzing insert size distribution for orientation RR...
[M::mem_pestat] (25, 50, 75) percentile: (19, 54, 560)
[M::mem_pestat] low and high boundaries for computing mean and std.dev: (1, 1642)
[M::mem_pestat] mean and std.dev: (179.50, 230.41)
[M::mem_pestat] low and high boundaries for proper pairs: (1, 2183)
[M::mem_pestat] skip orientation FF
[M::mem_pestat] skip orientation RF
[M::mem_pestat] skip orientation RR
[M::mem_process_seqs] Processed 4762938 reads in 1393.979 CPU sec, 36.880 real sec
[M::mem_pestat] # candidate unique pairs for (FF, FR, RF, RR): (8, 293578, 10, 5)
[M::mem_pestat] skip orientation FF as there are not enough pairs
[M::mem_pestat] analyzing insert size distribution for orientation FR...
[M::mem_pestat] (25, 50, 75) percentile: (55, 72, 89)
[M::mem_pestat] low and high boundaries for computing mean and std.dev: (1, 157)
[M::mem_pestat] mean and std.dev: (72.64, 25.97)
[M::mem_pestat] low and high boundaries for proper pairs: (1, 191)
[M::mem_pestat] analyzing insert size distribution for orientation RF...
[M::mem_pestat] (25, 50, 75) percentile: (9, 27, 61)
[M::mem_pestat] low and high boundaries for computing mean and std.dev: (1, 165)
[M::mem_pestat] mean and std.dev: (31.22, 29.80)
[M::mem_pestat] low and high boundaries for proper pairs: (1, 217)
[M::mem_pestat] skip orientation RR as there are not enough pairs
[M::mem_pestat] skip orientation RF
[M::mem_process_seqs] Processed 2130264 reads in 633.130 CPU sec, 18.466 real sec
[main] Version: 0.7.17-r1188
[main] CMD: bwa mem -L 30,5 -t 40 -a -M -T 50 -A 1 -B 6 -O 10 -R @RG\tID:Sgr-AJol_037-Ex1-cssl.clmp.fp2_repr\tSM:Sgr-AJol_037-Ex1-cssl.clmp.fp2_repr\tPL:Illumina reference.ssl.SgC0072C_contam_R1R2_noIsolate.fasta Sgr-AJol_037-Ex1-cssl.clmp.fp2_repr.R1.fq.gz Sgr-AJol_037-Ex1-cssl.clmp.fp2_repr.R2.fq.gz
[main] Real time: 179.947 sec; CPU: 4721.152 sec
