[M::bwa_idx_load_from_disk] read 0 ALT contigs
[M::process] read 1994490 sequences (242963164 bp)...
[M::mem_pestat] # candidate unique pairs for (FF, FR, RF, RR): (133, 593319, 126, 185)
[M::mem_pestat] analyzing insert size distribution for orientation FF...
[M::mem_pestat] (25, 50, 75) percentile: (70, 72, 139)
[M::mem_pestat] low and high boundaries for computing mean and std.dev: (1, 277)
[M::mem_pestat] mean and std.dev: (95.66, 44.11)
[M::mem_pestat] low and high boundaries for proper pairs: (1, 346)
[M::mem_pestat] analyzing insert size distribution for orientation FR...
[M::mem_pestat] (25, 50, 75) percentile: (103, 136, 178)
[M::mem_pestat] low and high boundaries for computing mean and std.dev: (1, 328)
[M::mem_pestat] mean and std.dev: (143.47, 55.97)
[M::mem_pestat] low and high boundaries for proper pairs: (1, 403)
[M::mem_pestat] analyzing insert size distribution for orientation RF...
[M::mem_pestat] (25, 50, 75) percentile: (13, 43, 110)
[M::mem_pestat] low and high boundaries for computing mean and std.dev: (1, 304)
[M::mem_pestat] mean and std.dev: (35.21, 31.68)
[M::mem_pestat] low and high boundaries for proper pairs: (1, 401)
[M::mem_pestat] analyzing insert size distribution for orientation RR...
[M::mem_pestat] (25, 50, 75) percentile: (77, 77, 84)
[M::mem_pestat] low and high boundaries for computing mean and std.dev: (63, 98)
[M::mem_pestat] mean and std.dev: (79.02, 3.62)
[M::mem_pestat] low and high boundaries for proper pairs: (56, 105)
[M::mem_pestat] skip orientation FF
[M::mem_pestat] skip orientation RF
[M::mem_pestat] skip orientation RR
[M::mem_process_seqs] Processed 1994490 reads in 844.547 CPU sec, 22.565 real sec
[main] Version: 0.7.17-r1188
[main] CMD: bwa mem -L 30,5 -t 40 -a -M -T 50 -A 1 -B 6 -O 10 -R @RG\tID:Sgr-CMvi_064-Ex1-cssl.clmp.fp2_repr\tSM:Sgr-CMvi_064-Ex1-cssl.clmp.fp2_repr\tPL:Illumina reference.ssl.SgC0072C_contam_R1R2_noIsolate.fasta Sgr-CMvi_064-Ex1-cssl.clmp.fp2_repr.R1.fq.gz Sgr-CMvi_064-Ex1-cssl.clmp.fp2_repr.R2.fq.gz
[main] Real time: 35.671 sec; CPU: 856.116 sec
