[M::bwa_idx_load_from_disk] read 0 ALT contigs
[M::process] read 2455662 sequences (308656386 bp)...
[M::mem_pestat] # candidate unique pairs for (FF, FR, RF, RR): (29, 364688, 109, 116)
[M::mem_pestat] analyzing insert size distribution for orientation FF...
[M::mem_pestat] (25, 50, 75) percentile: (254, 355, 449)
[M::mem_pestat] low and high boundaries for computing mean and std.dev: (1, 839)
[M::mem_pestat] mean and std.dev: (333.18, 151.61)
[M::mem_pestat] low and high boundaries for proper pairs: (1, 1034)
[M::mem_pestat] analyzing insert size distribution for orientation FR...
[M::mem_pestat] (25, 50, 75) percentile: (86, 132, 191)
[M::mem_pestat] low and high boundaries for computing mean and std.dev: (1, 401)
[M::mem_pestat] mean and std.dev: (143.88, 79.66)
[M::mem_pestat] low and high boundaries for proper pairs: (1, 506)
[M::mem_pestat] analyzing insert size distribution for orientation RF...
[M::mem_pestat] (25, 50, 75) percentile: (50, 369, 3942)
[M::mem_pestat] low and high boundaries for computing mean and std.dev: (1, 11726)
[M::mem_pestat] mean and std.dev: (1800.40, 2468.49)
[M::mem_pestat] low and high boundaries for proper pairs: (1, 15618)
[M::mem_pestat] analyzing insert size distribution for orientation RR...
[M::mem_pestat] (25, 50, 75) percentile: (487, 2091, 2091)
[M::mem_pestat] low and high boundaries for computing mean and std.dev: (1, 5299)
[M::mem_pestat] mean and std.dev: (1520.36, 784.02)
[M::mem_pestat] low and high boundaries for proper pairs: (1, 6903)
[M::mem_pestat] skip orientation FF
[M::mem_pestat] skip orientation RF
[M::mem_pestat] skip orientation RR
[M::mem_process_seqs] Processed 2455662 reads in 1476.905 CPU sec, 39.274 real sec
[main] Version: 0.7.17-r1188
[main] CMD: bwa mem -L 30,5 -t 40 -a -M -T 50 -A 1 -B 6 -O 10 -R @RG\tID:Sgr-CMas_045-Ex1-cssl.clmp.fp2_repr\tSM:Sgr-CMas_045-Ex1-cssl.clmp.fp2_repr\tPL:Illumina reference.ssl.SgC0072C_contam_R1R2_noIsolate.fasta Sgr-CMas_045-Ex1-cssl.clmp.fp2_repr.R1.fq.gz Sgr-CMas_045-Ex1-cssl.clmp.fp2_repr.R2.fq.gz
[main] Real time: 54.772 sec; CPU: 1490.859 sec
