[M::bwa_idx_load_from_disk] read 0 ALT contigs
[M::process] read 2498418 sequences (320339288 bp)...
[M::mem_pestat] # candidate unique pairs for (FF, FR, RF, RR): (46, 347750, 230, 38)
[M::mem_pestat] analyzing insert size distribution for orientation FF...
[M::mem_pestat] (25, 50, 75) percentile: (508, 535, 546)
[M::mem_pestat] low and high boundaries for computing mean and std.dev: (432, 622)
[M::mem_pestat] mean and std.dev: (540.18, 10.77)
[M::mem_pestat] low and high boundaries for proper pairs: (394, 660)
[M::mem_pestat] analyzing insert size distribution for orientation FR...
[M::mem_pestat] (25, 50, 75) percentile: (92, 141, 210)
[M::mem_pestat] low and high boundaries for computing mean and std.dev: (1, 446)
[M::mem_pestat] mean and std.dev: (158.24, 90.93)
[M::mem_pestat] low and high boundaries for proper pairs: (1, 564)
[M::mem_pestat] analyzing insert size distribution for orientation RF...
[M::mem_pestat] (25, 50, 75) percentile: (14, 73, 4108)
[M::mem_pestat] low and high boundaries for computing mean and std.dev: (1, 12296)
[M::mem_pestat] mean and std.dev: (1903.33, 2662.19)
[M::mem_pestat] low and high boundaries for proper pairs: (1, 16390)
[M::mem_pestat] analyzing insert size distribution for orientation RR...
[M::mem_pestat] (25, 50, 75) percentile: (8, 221, 429)
[M::mem_pestat] low and high boundaries for computing mean and std.dev: (1, 1271)
[M::mem_pestat] mean and std.dev: (129.52, 147.56)
[M::mem_pestat] low and high boundaries for proper pairs: (1, 1692)
[M::mem_pestat] skip orientation FF
[M::mem_pestat] skip orientation RF
[M::mem_pestat] skip orientation RR
[M::mem_process_seqs] Processed 2498418 reads in 1548.040 CPU sec, 40.618 real sec
[main] Version: 0.7.17-r1188
[main] CMD: bwa mem -L 30,5 -t 40 -a -M -T 50 -A 1 -B 6 -O 10 -R @RG\tID:Sgr-CMas_013-Ex1-cssl.clmp.fp2_repr\tSM:Sgr-CMas_013-Ex1-cssl.clmp.fp2_repr\tPL:Illumina reference.ssl.SgC0072C_contam_R1R2_noIsolate.fasta Sgr-CMas_013-Ex1-cssl.clmp.fp2_repr.R1.fq.gz Sgr-CMas_013-Ex1-cssl.clmp.fp2_repr.R2.fq.gz
[main] Real time: 55.807 sec; CPU: 1561.651 sec
