[M::bwa_idx_load_from_disk] read 0 ALT contigs
[M::process] read 3968328 sequences (400000070 bp)...
[M::mem_pestat] # candidate unique pairs for (FF, FR, RF, RR): (124, 437634, 24, 120)
[M::mem_pestat] analyzing insert size distribution for orientation FF...
[M::mem_pestat] (25, 50, 75) percentile: (30, 49, 78)
[M::mem_pestat] low and high boundaries for computing mean and std.dev: (1, 174)
[M::mem_pestat] mean and std.dev: (52.87, 39.39)
[M::mem_pestat] low and high boundaries for proper pairs: (1, 222)
[M::mem_pestat] analyzing insert size distribution for orientation FR...
[M::mem_pestat] (25, 50, 75) percentile: (58, 78, 99)
[M::mem_pestat] low and high boundaries for computing mean and std.dev: (1, 181)
[M::mem_pestat] mean and std.dev: (79.35, 31.19)
[M::mem_pestat] low and high boundaries for proper pairs: (1, 222)
[M::mem_pestat] analyzing insert size distribution for orientation RF...
[M::mem_pestat] (25, 50, 75) percentile: (28, 121, 190)
[M::mem_pestat] low and high boundaries for computing mean and std.dev: (1, 514)
[M::mem_pestat] mean and std.dev: (90.65, 79.75)
[M::mem_pestat] low and high boundaries for proper pairs: (1, 676)
[M::mem_pestat] analyzing insert size distribution for orientation RR...
[M::mem_pestat] (25, 50, 75) percentile: (27, 43, 70)
[M::mem_pestat] low and high boundaries for computing mean and std.dev: (1, 156)
[M::mem_pestat] mean and std.dev: (47.35, 31.67)
[M::mem_pestat] low and high boundaries for proper pairs: (1, 199)
[M::mem_pestat] skip orientation FF
[M::mem_pestat] skip orientation RF
[M::mem_pestat] skip orientation RR
[M::mem_process_seqs] Processed 3968328 reads in 2226.187 CPU sec, 81.309 real sec
[M::process] read 3256390 sequences (337893175 bp)...
[M::mem_pestat] # candidate unique pairs for (FF, FR, RF, RR): (94, 322202, 18, 79)
[M::mem_pestat] analyzing insert size distribution for orientation FF...
[M::mem_pestat] (25, 50, 75) percentile: (30, 45, 63)
[M::mem_pestat] low and high boundaries for computing mean and std.dev: (1, 129)
[M::mem_pestat] mean and std.dev: (46.53, 29.23)
[M::mem_pestat] low and high boundaries for proper pairs: (1, 163)
[M::mem_pestat] analyzing insert size distribution for orientation FR...
[M::mem_pestat] (25, 50, 75) percentile: (58, 78, 99)
[M::mem_pestat] low and high boundaries for computing mean and std.dev: (1, 181)
[M::mem_pestat] mean and std.dev: (79.34, 31.42)
[M::mem_pestat] low and high boundaries for proper pairs: (1, 222)
[M::mem_pestat] analyzing insert size distribution for orientation RF...
[M::mem_pestat] (25, 50, 75) percentile: (19, 41, 101)
[M::mem_pestat] low and high boundaries for computing mean and std.dev: (1, 265)
[M::mem_pestat] mean and std.dev: (49.40, 49.01)
[M::mem_pestat] low and high boundaries for proper pairs: (1, 347)
[M::mem_pestat] analyzing insert size distribution for orientation RR...
[M::mem_pestat] (25, 50, 75) percentile: (22, 40, 70)
[M::mem_pestat] low and high boundaries for computing mean and std.dev: (1, 166)
[M::mem_pestat] mean and std.dev: (46.49, 32.38)
[M::mem_pestat] low and high boundaries for proper pairs: (1, 214)
[M::mem_pestat] skip orientation FF
[M::mem_pestat] skip orientation RF
[M::mem_pestat] skip orientation RR
[M::mem_process_seqs] Processed 3256390 reads in 954.644 CPU sec, 26.755 real sec
[main] Version: 0.7.17-r1188
[main] CMD: bwa mem -L 30,5 -t 40 -a -M -T 50 -A 1 -B 6 -O 10 -R @RG\tID:Sgr-AMvi_011-Ex1-cssl.clmp.fp2_repr\tSM:Sgr-AMvi_011-Ex1-cssl.clmp.fp2_repr\tPL:Illumina reference.ssl.SgC0072C_contam_R1R2_noIsolate.fasta Sgr-AMvi_011-Ex1-cssl.clmp.fp2_repr.R1.fq.gz Sgr-AMvi_011-Ex1-cssl.clmp.fp2_repr.R2.fq.gz
[main] Real time: 127.800 sec; CPU: 3201.924 sec
