[M::bwa_idx_load_from_disk] read 0 ALT contigs
[M::process] read 4475628 sequences (378837354 bp)...
[M::mem_pestat] # candidate unique pairs for (FF, FR, RF, RR): (36, 630166, 16, 36)
[M::mem_pestat] analyzing insert size distribution for orientation FF...
[M::mem_pestat] (25, 50, 75) percentile: (28, 36, 54)
[M::mem_pestat] low and high boundaries for computing mean and std.dev: (1, 106)
[M::mem_pestat] mean and std.dev: (38.12, 15.50)
[M::mem_pestat] low and high boundaries for proper pairs: (1, 132)
[M::mem_pestat] analyzing insert size distribution for orientation FR...
[M::mem_pestat] (25, 50, 75) percentile: (56, 74, 91)
[M::mem_pestat] low and high boundaries for computing mean and std.dev: (1, 161)
[M::mem_pestat] mean and std.dev: (74.18, 25.55)
[M::mem_pestat] low and high boundaries for proper pairs: (1, 196)
[M::mem_pestat] analyzing insert size distribution for orientation RF...
[M::mem_pestat] (25, 50, 75) percentile: (16, 29, 78)
[M::mem_pestat] low and high boundaries for computing mean and std.dev: (1, 202)
[M::mem_pestat] mean and std.dev: (31.00, 23.37)
[M::mem_pestat] low and high boundaries for proper pairs: (1, 264)
[M::mem_pestat] analyzing insert size distribution for orientation RR...
[M::mem_pestat] (25, 50, 75) percentile: (29, 44, 53)
[M::mem_pestat] low and high boundaries for computing mean and std.dev: (1, 101)
[M::mem_pestat] mean and std.dev: (46.00, 21.62)
[M::mem_pestat] low and high boundaries for proper pairs: (1, 132)
[M::mem_pestat] skip orientation FF
[M::mem_pestat] skip orientation RF
[M::mem_pestat] skip orientation RR
[M::mem_process_seqs] Processed 4475628 reads in 1516.801 CPU sec, 40.912 real sec
[main] Version: 0.7.17-r1188
[main] CMD: bwa mem -L 30,5 -t 40 -a -M -T 50 -A 1 -B 6 -O 10 -R @RG\tID:Sgr-AMvi_068-Ex1-cssl.clmp.fp2_repr\tSM:Sgr-AMvi_068-Ex1-cssl.clmp.fp2_repr\tPL:Illumina reference.ssl.SgC0072C_contam_R1R2_noIsolate.fasta Sgr-AMvi_068-Ex1-cssl.clmp.fp2_repr.R1.fq.gz Sgr-AMvi_068-Ex1-cssl.clmp.fp2_repr.R2.fq.gz
[main] Real time: 61.126 sec; CPU: 1535.270 sec
