[M::bwa_idx_load_from_disk] read 0 ALT contigs
[M::process] read 4218270 sequences (400000042 bp)...
[M::mem_pestat] # candidate unique pairs for (FF, FR, RF, RR): (106, 470132, 18, 109)
[M::mem_pestat] analyzing insert size distribution for orientation FF...
[M::mem_pestat] (25, 50, 75) percentile: (32, 43, 69)
[M::mem_pestat] low and high boundaries for computing mean and std.dev: (1, 143)
[M::mem_pestat] mean and std.dev: (47.74, 29.44)
[M::mem_pestat] low and high boundaries for proper pairs: (1, 180)
[M::mem_pestat] analyzing insert size distribution for orientation FR...
[M::mem_pestat] (25, 50, 75) percentile: (56, 76, 96)
[M::mem_pestat] low and high boundaries for computing mean and std.dev: (1, 176)
[M::mem_pestat] mean and std.dev: (77.04, 29.81)
[M::mem_pestat] low and high boundaries for proper pairs: (1, 216)
[M::mem_pestat] analyzing insert size distribution for orientation RF...
[M::mem_pestat] (25, 50, 75) percentile: (24, 54, 168)
[M::mem_pestat] low and high boundaries for computing mean and std.dev: (1, 456)
[M::mem_pestat] mean and std.dev: (115.61, 123.99)
[M::mem_pestat] low and high boundaries for proper pairs: (1, 612)
[M::mem_pestat] analyzing insert size distribution for orientation RR...
[M::mem_pestat] (25, 50, 75) percentile: (34, 46, 101)
[M::mem_pestat] low and high boundaries for computing mean and std.dev: (1, 235)
[M::mem_pestat] mean and std.dev: (63.82, 50.62)
[M::mem_pestat] low and high boundaries for proper pairs: (1, 302)
[M::mem_pestat] skip orientation FF
[M::mem_pestat] skip orientation RF
[M::mem_pestat] skip orientation RR
[M::mem_process_seqs] Processed 4218270 reads in 3037.729 CPU sec, 110.074 real sec
[M::process] read 3134898 sequences (327575013 bp)...
[M::mem_pestat] # candidate unique pairs for (FF, FR, RF, RR): (77, 232238, 7, 51)
[M::mem_pestat] analyzing insert size distribution for orientation FF...
[M::mem_pestat] (25, 50, 75) percentile: (33, 57, 105)
[M::mem_pestat] low and high boundaries for computing mean and std.dev: (1, 249)
[M::mem_pestat] mean and std.dev: (59.21, 35.87)
[M::mem_pestat] low and high boundaries for proper pairs: (1, 321)
[M::mem_pestat] analyzing insert size distribution for orientation FR...
[M::mem_pestat] (25, 50, 75) percentile: (55, 75, 96)
[M::mem_pestat] low and high boundaries for computing mean and std.dev: (1, 178)
[M::mem_pestat] mean and std.dev: (76.38, 30.57)
[M::mem_pestat] low and high boundaries for proper pairs: (1, 219)
[M::mem_pestat] skip orientation RF as there are not enough pairs
[M::mem_pestat] analyzing insert size distribution for orientation RR...
[M::mem_pestat] (25, 50, 75) percentile: (29, 41, 62)
[M::mem_pestat] low and high boundaries for computing mean and std.dev: (1, 128)
[M::mem_pestat] mean and std.dev: (41.91, 26.70)
[M::mem_pestat] low and high boundaries for proper pairs: (1, 161)
[M::mem_pestat] skip orientation FF
[M::mem_pestat] skip orientation RR
[M::mem_process_seqs] Processed 3134898 reads in 962.551 CPU sec, 27.758 real sec
[main] Version: 0.7.17-r1188
[main] CMD: bwa mem -L 30,5 -t 40 -a -M -T 50 -A 1 -B 6 -O 10 -R @RG\tID:Sgr-AMvi_013-Ex1-cssl.clmp.fp2_repr\tSM:Sgr-AMvi_013-Ex1-cssl.clmp.fp2_repr\tPL:Illumina reference.ssl.SgC0072C_contam_R1R2_noIsolate.fasta Sgr-AMvi_013-Ex1-cssl.clmp.fp2_repr.R1.fq.gz Sgr-AMvi_013-Ex1-cssl.clmp.fp2_repr.R2.fq.gz
[main] Real time: 156.964 sec; CPU: 4019.205 sec
