[M::bwa_idx_load_from_disk] read 0 ALT contigs
[M::process] read 1265412 sequences (160980666 bp)...
[M::mem_pestat] # candidate unique pairs for (FF, FR, RF, RR): (40, 175641, 48, 37)
[M::mem_pestat] analyzing insert size distribution for orientation FF...
[M::mem_pestat] (25, 50, 75) percentile: (137, 414, 414)
[M::mem_pestat] low and high boundaries for computing mean and std.dev: (1, 968)
[M::mem_pestat] mean and std.dev: (303.59, 146.52)
[M::mem_pestat] low and high boundaries for proper pairs: (1, 1245)
[M::mem_pestat] analyzing insert size distribution for orientation FR...
[M::mem_pestat] (25, 50, 75) percentile: (90, 136, 193)
[M::mem_pestat] low and high boundaries for computing mean and std.dev: (1, 399)
[M::mem_pestat] mean and std.dev: (147.55, 79.78)
[M::mem_pestat] low and high boundaries for proper pairs: (1, 502)
[M::mem_pestat] analyzing insert size distribution for orientation RF...
[M::mem_pestat] (25, 50, 75) percentile: (19, 20, 74)
[M::mem_pestat] low and high boundaries for computing mean and std.dev: (1, 184)
[M::mem_pestat] mean and std.dev: (28.29, 25.20)
[M::mem_pestat] low and high boundaries for proper pairs: (1, 239)
[M::mem_pestat] analyzing insert size distribution for orientation RR...
[M::mem_pestat] (25, 50, 75) percentile: (45, 251, 466)
[M::mem_pestat] low and high boundaries for computing mean and std.dev: (1, 1308)
[M::mem_pestat] mean and std.dev: (186.71, 139.18)
[M::mem_pestat] low and high boundaries for proper pairs: (1, 1729)
[M::mem_pestat] skip orientation FF
[M::mem_pestat] skip orientation RF
[M::mem_pestat] skip orientation RR
[M::mem_process_seqs] Processed 1265412 reads in 799.031 CPU sec, 21.387 real sec
[main] Version: 0.7.17-r1188
[main] CMD: bwa mem -L 30,5 -t 40 -a -M -T 50 -A 1 -B 6 -O 10 -R @RG\tID:Sgr-CMas_021-Ex1-cssl.clmp.fp2_repr\tSM:Sgr-CMas_021-Ex1-cssl.clmp.fp2_repr\tPL:Illumina reference.ssl.SgC0072C_contam_R1R2_noIsolate.fasta Sgr-CMas_021-Ex1-cssl.clmp.fp2_repr.R1.fq.gz Sgr-CMas_021-Ex1-cssl.clmp.fp2_repr.R2.fq.gz
[main] Real time: 31.323 sec; CPU: 807.396 sec
