[M::bwa_idx_load_from_disk] read 0 ALT contigs
[M::process] read 2578876 sequences (330683382 bp)...
[M::mem_pestat] # candidate unique pairs for (FF, FR, RF, RR): (99, 725930, 332, 194)
[M::mem_pestat] analyzing insert size distribution for orientation FF...
[M::mem_pestat] (25, 50, 75) percentile: (106, 187, 210)
[M::mem_pestat] low and high boundaries for computing mean and std.dev: (1, 418)
[M::mem_pestat] mean and std.dev: (161.39, 69.02)
[M::mem_pestat] low and high boundaries for proper pairs: (1, 522)
[M::mem_pestat] analyzing insert size distribution for orientation FR...
[M::mem_pestat] (25, 50, 75) percentile: (120, 164, 223)
[M::mem_pestat] low and high boundaries for computing mean and std.dev: (1, 429)
[M::mem_pestat] mean and std.dev: (177.42, 77.99)
[M::mem_pestat] low and high boundaries for proper pairs: (1, 532)
[M::mem_pestat] analyzing insert size distribution for orientation RF...
[M::mem_pestat] (25, 50, 75) percentile: (12, 33, 812)
[M::mem_pestat] low and high boundaries for computing mean and std.dev: (1, 2412)
[M::mem_pestat] mean and std.dev: (252.82, 367.68)
[M::mem_pestat] low and high boundaries for proper pairs: (1, 3212)
[M::mem_pestat] analyzing insert size distribution for orientation RR...
[M::mem_pestat] (25, 50, 75) percentile: (98, 107, 107)
[M::mem_pestat] low and high boundaries for computing mean and std.dev: (80, 125)
[M::mem_pestat] mean and std.dev: (101.99, 6.04)
[M::mem_pestat] low and high boundaries for proper pairs: (71, 134)
[M::mem_pestat] skip orientation FF
[M::mem_pestat] skip orientation RF
[M::mem_pestat] skip orientation RR
[M::mem_process_seqs] Processed 2578876 reads in 1034.497 CPU sec, 27.117 real sec
[main] Version: 0.7.17-r1188
[main] CMD: bwa mem -L 5 -t 40 -a -M -T 66 -A 1 -B 4 -O 6 -R @RG\tID:Sgr-CMvi_028-Ex1-cssl.clmp.fp2_repr\tSM:Sgr-CMvi_028-Ex1-cssl.clmp.fp2_repr\tPL:Illumina reference.ssl.Sgr-SgC0072C-contam-R1R2-noIsolate-fromPROBES.fasta Sgr-CMvi_028-Ex1-cssl.clmp.fp2_repr.R1.fq.gz Sgr-CMvi_028-Ex1-cssl.clmp.fp2_repr.R2.fq.gz
[main] Real time: 40.335 sec; CPU: 1046.275 sec
