
INDIR=fq_fp1_clmp_fp2
OUTDIR=fq_fp1_clmp_fp2_fqscrn
CONFFILE=/home/e1garcia/shotgun_PIRE/fastq_screen/indexed_databases/runFQSCRN_6_nofish.conf
PATTERN=*fq.gz
PARALLELISM=
THREADS=40
SUBSET=0
FILTER=000000000000
INFILES:
fq_fp1_clmp_fp2/Sgr-AMvi_095-Ex1-cssl.clmp.fp2_r2.fq.gz

Tue Oct 18 02:38:51 EDT 2022 RUNNING FASTQ_SCREEN TO FILTER FQ FILES AND GENERATE REPORTS, NO SUBSETTING
Using fastq_screen v0.14.0
Reading configuration from '/home/e1garcia/shotgun_PIRE/fastq_screen/indexed_databases/runFQSCRN_6_nofish.conf'
Adding database Human
Adding database Ecoli
Adding database PhiX
Adding database Contamnts_Adaptrs
Adding database Vectors
Adding database Bacteria_24k
Adding database Protists_1k
Adding database Viruses
Adding database Fungi_RefSeq_release
Adding database Coral
Adding database Bird
Adding database Plant
Using 40 threads for searches
Option --subset set to 0: processing all reads in FASTQ files
Processing Sgr-AMvi_095-Ex1-cssl.clmp.fp2_r2.fq.gz
Not making data subset
Searching Sgr-AMvi_095-Ex1-cssl.clmp.fp2_r2.fq.gz_temp_subset.fastq against Human
Searching Sgr-AMvi_095-Ex1-cssl.clmp.fp2_r2.fq.gz_temp_subset.fastq against Ecoli
Searching Sgr-AMvi_095-Ex1-cssl.clmp.fp2_r2.fq.gz_temp_subset.fastq against PhiX
Searching Sgr-AMvi_095-Ex1-cssl.clmp.fp2_r2.fq.gz_temp_subset.fastq against Contamnts_Adaptrs
Searching Sgr-AMvi_095-Ex1-cssl.clmp.fp2_r2.fq.gz_temp_subset.fastq against Vectors
Searching Sgr-AMvi_095-Ex1-cssl.clmp.fp2_r2.fq.gz_temp_subset.fastq against Bacteria_24k
Searching Sgr-AMvi_095-Ex1-cssl.clmp.fp2_r2.fq.gz_temp_subset.fastq against Protists_1k
Searching Sgr-AMvi_095-Ex1-cssl.clmp.fp2_r2.fq.gz_temp_subset.fastq against Viruses
Searching Sgr-AMvi_095-Ex1-cssl.clmp.fp2_r2.fq.gz_temp_subset.fastq against Fungi_RefSeq_release
Searching Sgr-AMvi_095-Ex1-cssl.clmp.fp2_r2.fq.gz_temp_subset.fastq against Coral
Searching Sgr-AMvi_095-Ex1-cssl.clmp.fp2_r2.fq.gz_temp_subset.fastq against Bird
Searching Sgr-AMvi_095-Ex1-cssl.clmp.fp2_r2.fq.gz_temp_subset.fastq against Plant
Filtering Sgr-AMvi_095-Ex1-cssl.clmp.fp2_r2.tagged.fastq.gz
Filtering files with filter '000000000000'
Filtering Sgr-AMvi_095-Ex1-cssl.clmp.fp2_r2.tagged.fastq.gz
Processing complete
