

  /// MultiQC 🔍 | v1.13

[2022-11-22 14:00:17,380] multiqc                                            [DEBUG  ]  This is MultiQC v1.13
[2022-11-22 14:00:17,381] multiqc                                            [DEBUG  ]  Command used: /opt/conda/bin/multiqc -v -p -ip -f --data-dir --data-format tsv --filename fqc_raw_report --outdir fq_raw/fastqc_contemp fq_raw/fastqc_contemp
[2022-11-22 14:00:17,929] multiqc                                            [DEBUG  ]  Latest MultiQC version is v1.13
[2022-11-22 14:00:17,929] multiqc                                            [DEBUG  ]  Working dir : /home/e1garcia/shotgun_PIRE/pire_cssl_data_processing/spratelloides_gracilis
[2022-11-22 14:00:17,929] multiqc                                            [DEBUG  ]  Template    : default
[2022-11-22 14:00:17,929] multiqc                                            [DEBUG  ]  Running Python 3.9.12 (main, Aug 29 2022, 00:54:58)  [GCC 11.2.0]
[2022-11-22 14:00:17,929] multiqc                                            [DEBUG  ]  Analysing modules: custom_content, ccs, ngsderive, purple, conpair, lima, peddy, somalier, methylQA, mosdepth, phantompeakqualtools, qualimap, preseq, quast, qorts, rna_seqc, rockhopper, rsem, rseqc, busco, bustools, goleft_indexcov, gffcompare, disambiguate, supernova, deeptools, sargasso, verifybamid, mirtrace, happy, mirtop, sambamba, homer, hops, macs2, theta2, snpeff, gatk, htseq, bcftools, featureCounts, fgbio, dragen, dedup, pbmarkdup, damageprofiler, biobambam2, jcvi, mtnucratio, picard, vep, sentieon, prokka, qc3C, nanostat, samblaster, samtools, sexdeterrmine, eigenstratdatabasetools, bamtools, jellyfish, vcftools, longranger, stacks, varscan2, snippy, bbmap, bismark, biscuit, hicexplorer, hicup, hicpro, salmon, kallisto, slamdunk, star, hisat2, tophat, bowtie2, bowtie1, snpsplit, odgi, pangolin, kat, leehom, adapterRemoval, clipandmerge, cutadapt, flexbar, kaiju, kraken, malt, trimmomatic, sickle, skewer, sortmerna, biobloomtools, fastq_screen, afterqc, fastp, fastqc, pychopper, pycoqc, minionqc, multivcfanalyzer, clusterflow, checkqc, bcl2fastq, bclconvert, interop, ivar, flash, seqyclean, optitype, whatshap
[2022-11-22 14:00:17,929] multiqc                                            [DEBUG  ]  Using temporary directory for creating report: /tmp/tmp8ve0zshi
[2022-11-22 14:00:18,075] multiqc                                            [INFO   ]  Search path : /home/e1garcia/shotgun_PIRE/pire_cssl_data_processing/spratelloides_gracilis/fq_raw/fastqc_contemp
|         searching | ━━━━━━━━━━━━━━━━━━━━━━━━━━━━━━━━━━━━━━━━ 100% 728/728  
[2022-11-22 14:00:43,511] multiqc                                            [DEBUG  ]  Summary of files that were skipped by the search: [skipped_module_specific_max_filesize: 2184] // [skipped_no_match: 364]
[2022-11-22 14:00:43,902] multiqc.plots.bargraph                             [DEBUG  ]  Using matplotlib version 3.1.2
[2022-11-22 14:00:43,904] multiqc.plots.linegraph                            [DEBUG  ]  Using matplotlib version 3.1.2
[2022-11-22 14:00:43,904] multiqc                                            [DEBUG  ]  No samples found: custom_content
[2022-11-22 14:01:29,732] multiqc.modules.fastqc.fastqc                      [INFO   ]  Found 364 reports
[2022-11-22 14:02:26,191] multiqc                                            [INFO   ]  Compressing plot data
[2022-11-22 14:02:32,031] multiqc                                            [INFO   ]  Report      : fq_raw/fastqc_contemp/fqc_raw_report.html
[2022-11-22 14:02:32,031] multiqc                                            [INFO   ]  Data        : fq_raw/fastqc_contemp/fqc_raw_report_data
[2022-11-22 14:02:32,032] multiqc                                            [DEBUG  ]  Moving data file from '/tmp/tmp8ve0zshi/multiqc_data' to 'fq_raw/fastqc_contemp/fqc_raw_report_data'
[2022-11-22 14:02:32,332] multiqc                                            [INFO   ]  Plots       : fq_raw/fastqc_contemp/fqc_raw_report_plots
[2022-11-22 14:02:32,332] multiqc                                            [DEBUG  ]  Moving plots directory from '/tmp/tmp8ve0zshi/multiqc_plots' to 'fq_raw/fastqc_contemp/fqc_raw_report_plots'
[2022-11-22 14:02:32,667] multiqc                                            [INFO   ]  MultiQC complete
