

  /// MultiQC 🔍 | v1.13

[2022-11-16 09:49:11,885] multiqc                                            [DEBUG  ]  This is MultiQC v1.13
[2022-11-16 09:49:11,886] multiqc                                            [DEBUG  ]  Command used: /opt/conda/bin/multiqc -v -p -ip -f --data-dir --data-format tsv --filename fastq_screen_report --outdir fq_fp1_clmp_fp2_fqscrn fq_fp1_clmp_fp2_fqscrn
[2022-11-16 09:49:12,409] multiqc                                            [DEBUG  ]  Latest MultiQC version is v1.13
[2022-11-16 09:49:12,410] multiqc                                            [DEBUG  ]  Working dir : /home/e1garcia/shotgun_PIRE/pire_cssl_data_processing/taeniamia_zosterophora
[2022-11-16 09:49:12,410] multiqc                                            [DEBUG  ]  Template    : default
[2022-11-16 09:49:12,411] multiqc                                            [DEBUG  ]  Running Python 3.9.12 (main, Aug 29 2022, 00:54:58)  [GCC 11.2.0]
[2022-11-16 09:49:12,412] multiqc                                            [DEBUG  ]  Analysing modules: custom_content, ccs, ngsderive, purple, conpair, lima, peddy, somalier, methylQA, mosdepth, phantompeakqualtools, qualimap, preseq, quast, qorts, rna_seqc, rockhopper, rsem, rseqc, busco, bustools, goleft_indexcov, gffcompare, disambiguate, supernova, deeptools, sargasso, verifybamid, mirtrace, happy, mirtop, sambamba, homer, hops, macs2, theta2, snpeff, gatk, htseq, bcftools, featureCounts, fgbio, dragen, dedup, pbmarkdup, damageprofiler, biobambam2, jcvi, mtnucratio, picard, vep, sentieon, prokka, qc3C, nanostat, samblaster, samtools, sexdeterrmine, eigenstratdatabasetools, bamtools, jellyfish, vcftools, longranger, stacks, varscan2, snippy, bbmap, bismark, biscuit, hicexplorer, hicup, hicpro, salmon, kallisto, slamdunk, star, hisat2, tophat, bowtie2, bowtie1, snpsplit, odgi, pangolin, kat, leehom, adapterRemoval, clipandmerge, cutadapt, flexbar, kaiju, kraken, malt, trimmomatic, sickle, skewer, sortmerna, biobloomtools, fastq_screen, afterqc, fastp, fastqc, pychopper, pycoqc, minionqc, multivcfanalyzer, clusterflow, checkqc, bcl2fastq, bclconvert, interop, ivar, flash, seqyclean, optitype, whatshap
[2022-11-16 09:49:12,412] multiqc                                            [DEBUG  ]  Using temporary directory for creating report: /tmp/tmpv6ez0ll7
[2022-11-16 09:49:12,623] multiqc                                            [INFO   ]  Search path : /home/e1garcia/shotgun_PIRE/pire_cssl_data_processing/taeniamia_zosterophora/fq_fp1_clmp_fp2_fqscrn
|         searching | ━━━━━━━━━━━━━━━━━━━━━━━━━━━━━━━━━━━━━━━━ 100% 625/625  
[2022-11-16 09:51:40,145] multiqc                                            [DEBUG  ]  Summary of files that were skipped by the search: [skipped_module_specific_max_filesize: 2706] // [skipped_no_match: 417] // [skipped_ignore_pattern: 1]
[2022-11-16 09:51:40,591] multiqc.plots.bargraph                             [DEBUG  ]  Using matplotlib version 3.1.2
[2022-11-16 09:51:40,593] multiqc.plots.linegraph                            [DEBUG  ]  Using matplotlib version 3.1.2
[2022-11-16 09:51:40,621] multiqc.modules.custom_content.custom_content      [INFO   ]  fqscrn: Found 1 sample (html)
[2022-11-16 09:51:41,109] multiqc.modules.fastq_screen.fastq_screen          [INFO   ]  Found 206 reports
[2022-11-16 09:52:06,737] multiqc                                            [INFO   ]  Compressing plot data
[2022-11-16 09:52:06,789] multiqc                                            [INFO   ]  Report      : fq_fp1_clmp_fp2_fqscrn/fastq_screen_report.html
[2022-11-16 09:52:06,789] multiqc                                            [INFO   ]  Data        : fq_fp1_clmp_fp2_fqscrn/fastq_screen_report_data
[2022-11-16 09:52:06,789] multiqc                                            [DEBUG  ]  Moving data file from '/tmp/tmpv6ez0ll7/multiqc_data' to 'fq_fp1_clmp_fp2_fqscrn/fastq_screen_report_data'
[2022-11-16 09:52:06,826] multiqc                                            [INFO   ]  Plots       : fq_fp1_clmp_fp2_fqscrn/fastq_screen_report_plots
[2022-11-16 09:52:06,826] multiqc                                            [DEBUG  ]  Moving plots directory from '/tmp/tmpv6ez0ll7/multiqc_plots' to 'fq_fp1_clmp_fp2_fqscrn/fastq_screen_report_plots'
[2022-11-16 09:52:07,530] multiqc                                            [INFO   ]  MultiQC complete
