[M::bwa_idx_load_from_disk] read 0 ALT contigs
[M::process] read 4276138 sequences (400000007 bp)...
[M::mem_pestat] # candidate unique pairs for (FF, FR, RF, RR): (10, 666672, 9, 8)
[M::mem_pestat] analyzing insert size distribution for orientation FF...
[M::mem_pestat] (25, 50, 75) percentile: (27, 84, 459)
[M::mem_pestat] low and high boundaries for computing mean and std.dev: (1, 1323)
[M::mem_pestat] mean and std.dev: (112.38, 139.15)
[M::mem_pestat] low and high boundaries for proper pairs: (1, 1755)
[M::mem_pestat] analyzing insert size distribution for orientation FR...
[M::mem_pestat] (25, 50, 75) percentile: (58, 77, 98)
[M::mem_pestat] low and high boundaries for computing mean and std.dev: (1, 178)
[M::mem_pestat] mean and std.dev: (78.68, 29.35)
[M::mem_pestat] low and high boundaries for proper pairs: (1, 218)
[M::mem_pestat] skip orientation RF as there are not enough pairs
[M::mem_pestat] skip orientation RR as there are not enough pairs
[M::mem_pestat] skip orientation FF
[M::mem_process_seqs] Processed 4276138 reads in 1529.262 CPU sec, 210.813 real sec
[M::process] read 4273270 sequences (400000120 bp)...
[M::process] read 4206318 sequences (400000047 bp)...
[M::mem_pestat] # candidate unique pairs for (FF, FR, RF, RR): (7, 667066, 16, 16)
[M::mem_pestat] skip orientation FF as there are not enough pairs
[M::mem_pestat] analyzing insert size distribution for orientation FR...
[M::mem_pestat] (25, 50, 75) percentile: (58, 77, 98)
[M::mem_pestat] low and high boundaries for computing mean and std.dev: (1, 178)
[M::mem_pestat] mean and std.dev: (78.67, 29.34)
[M::mem_pestat] low and high boundaries for proper pairs: (1, 218)
[M::mem_pestat] analyzing insert size distribution for orientation RF...
[M::mem_pestat] (25, 50, 75) percentile: (26, 85, 5228)
[M::mem_pestat] low and high boundaries for computing mean and std.dev: (1, 15632)
[M::mem_pestat] mean and std.dev: (1843.19, 2846.80)
[M::mem_pestat] low and high boundaries for proper pairs: (1, 20834)
[M::mem_pestat] analyzing insert size distribution for orientation RR...
[M::mem_pestat] (25, 50, 75) percentile: (526, 539, 552)
[M::mem_pestat] low and high boundaries for computing mean and std.dev: (474, 604)
[M::mem_pestat] mean and std.dev: (540.45, 12.00)
[M::mem_pestat] low and high boundaries for proper pairs: (448, 630)
[M::mem_pestat] skip orientation RF
[M::mem_pestat] skip orientation RR
[M::mem_process_seqs] Processed 4273270 reads in 1516.065 CPU sec, 153.621 real sec
[M::process] read 1725266 sequences (161848375 bp)...
[M::mem_pestat] # candidate unique pairs for (FF, FR, RF, RR): (6, 630544, 16, 6)
[M::mem_pestat] skip orientation FF as there are not enough pairs
[M::mem_pestat] analyzing insert size distribution for orientation FR...
[M::mem_pestat] (25, 50, 75) percentile: (58, 78, 98)
[M::mem_pestat] low and high boundaries for computing mean and std.dev: (1, 178)
[M::mem_pestat] mean and std.dev: (78.76, 29.47)
[M::mem_pestat] low and high boundaries for proper pairs: (1, 218)
[M::mem_pestat] analyzing insert size distribution for orientation RF...
[M::mem_pestat] (25, 50, 75) percentile: (25, 178, 251)
[M::mem_pestat] low and high boundaries for computing mean and std.dev: (1, 703)
[M::mem_pestat] mean and std.dev: (114.07, 97.62)
[M::mem_pestat] low and high boundaries for proper pairs: (1, 929)
[M::mem_pestat] skip orientation RR as there are not enough pairs
[M::mem_pestat] skip orientation RF
[M::mem_process_seqs] Processed 4206318 reads in 1488.812 CPU sec, 86.187 real sec
[M::mem_pestat] # candidate unique pairs for (FF, FR, RF, RR): (3, 268671, 9, 7)
[M::mem_pestat] skip orientation FF as there are not enough pairs
[M::mem_pestat] analyzing insert size distribution for orientation FR...
[M::mem_pestat] (25, 50, 75) percentile: (58, 77, 97)
[M::mem_pestat] low and high boundaries for computing mean and std.dev: (1, 175)
[M::mem_pestat] mean and std.dev: (78.47, 29.24)
[M::mem_pestat] low and high boundaries for proper pairs: (1, 214)
[M::mem_pestat] skip orientation RF as there are not enough pairs
[M::mem_pestat] skip orientation RR as there are not enough pairs
[M::mem_process_seqs] Processed 1725266 reads in 618.798 CPU sec, 30.783 real sec
[main] Version: 0.7.17-r1188
[main] CMD: bwa mem -L 5 -t 40 -a -M -T 30 -A 1 -B 4 -O 6 -R @RG\tID:Sgr-AMvi_079-Ex1-cssl.clmp.fp2_repr\tSM:Sgr-AMvi_079-Ex1-cssl.clmp.fp2_repr\tPL:Illumina reference.ssl.Sgr-libC.fasta Sgr-AMvi_079-Ex1-cssl.clmp.fp2_repr.R1.fq.gz Sgr-AMvi_079-Ex1-cssl.clmp.fp2_repr.R2.fq.gz
[main] Real time: 510.198 sec; CPU: 5185.016 sec
