[M::bwa_idx_load_from_disk] read 0 ALT contigs
[M::process] read 4608356 sequences (400000104 bp)...
[M::mem_pestat] # candidate unique pairs for (FF, FR, RF, RR): (10, 694900, 23, 14)
[M::mem_pestat] analyzing insert size distribution for orientation FF...
[M::mem_pestat] (25, 50, 75) percentile: (25, 65, 389)
[M::mem_pestat] low and high boundaries for computing mean and std.dev: (1, 1117)
[M::mem_pestat] mean and std.dev: (122.22, 149.50)
[M::mem_pestat] low and high boundaries for proper pairs: (1, 1481)
[M::mem_pestat] analyzing insert size distribution for orientation FR...
[M::mem_pestat] (25, 50, 75) percentile: (54, 72, 91)
[M::mem_pestat] low and high boundaries for computing mean and std.dev: (1, 165)
[M::mem_pestat] mean and std.dev: (73.66, 27.33)
[M::mem_pestat] low and high boundaries for proper pairs: (1, 202)
[M::mem_pestat] analyzing insert size distribution for orientation RF...
[M::mem_pestat] (25, 50, 75) percentile: (51, 66, 450)
[M::mem_pestat] low and high boundaries for computing mean and std.dev: (1, 1248)
[M::mem_pestat] mean and std.dev: (181.19, 271.53)
[M::mem_pestat] low and high boundaries for proper pairs: (1, 1647)
[M::mem_pestat] analyzing insert size distribution for orientation RR...
[M::mem_pestat] (25, 50, 75) percentile: (25, 56, 496)
[M::mem_pestat] low and high boundaries for computing mean and std.dev: (1, 1438)
[M::mem_pestat] mean and std.dev: (195.43, 246.36)
[M::mem_pestat] low and high boundaries for proper pairs: (1, 1909)
[M::mem_pestat] skip orientation FF
[M::mem_pestat] skip orientation RF
[M::mem_pestat] skip orientation RR
[M::mem_process_seqs] Processed 4608356 reads in 1477.390 CPU sec, 204.608 real sec
[M::process] read 4606874 sequences (400000101 bp)...
[M::process] read 4571180 sequences (400000090 bp)...
[M::mem_pestat] # candidate unique pairs for (FF, FR, RF, RR): (10, 694518, 6, 16)
[M::mem_pestat] analyzing insert size distribution for orientation FF...
[M::mem_pestat] (25, 50, 75) percentile: (33, 66, 410)
[M::mem_pestat] low and high boundaries for computing mean and std.dev: (1, 1164)
[M::mem_pestat] mean and std.dev: (134.22, 182.53)
[M::mem_pestat] low and high boundaries for proper pairs: (1, 1541)
[M::mem_pestat] analyzing insert size distribution for orientation FR...
[M::mem_pestat] (25, 50, 75) percentile: (54, 72, 91)
[M::mem_pestat] low and high boundaries for computing mean and std.dev: (1, 165)
[M::mem_pestat] mean and std.dev: (73.61, 27.35)
[M::mem_pestat] low and high boundaries for proper pairs: (1, 202)
[M::mem_pestat] skip orientation RF as there are not enough pairs
[M::mem_pestat] analyzing insert size distribution for orientation RR...
[M::mem_pestat] (25, 50, 75) percentile: (56, 523, 560)
[M::mem_pestat] low and high boundaries for computing mean and std.dev: (1, 1568)
[M::mem_pestat] mean and std.dev: (374.31, 262.60)
[M::mem_pestat] low and high boundaries for proper pairs: (1, 2072)
[M::mem_pestat] skip orientation FF
[M::mem_pestat] skip orientation RR
[M::mem_process_seqs] Processed 4606874 reads in 1468.712 CPU sec, 151.276 real sec
[M::mem_pestat] # candidate unique pairs for (FF, FR, RF, RR): (8, 679483, 15, 15)
[M::mem_pestat] skip orientation FF as there are not enough pairs
[M::mem_pestat] analyzing insert size distribution for orientation FR...
[M::mem_pestat] (25, 50, 75) percentile: (54, 72, 91)
[M::mem_pestat] low and high boundaries for computing mean and std.dev: (1, 165)
[M::mem_pestat] mean and std.dev: (73.75, 27.43)
[M::mem_pestat] low and high boundaries for proper pairs: (1, 202)
[M::mem_pestat] analyzing insert size distribution for orientation RF...
[M::mem_pestat] (25, 50, 75) percentile: (40, 52, 395)
[M::mem_pestat] low and high boundaries for computing mean and std.dev: (1, 1105)
[M::mem_pestat] mean and std.dev: (157.00, 243.65)
[M::mem_pestat] low and high boundaries for proper pairs: (1, 1460)
[M::mem_pestat] analyzing insert size distribution for orientation RR...
[M::mem_pestat] (25, 50, 75) percentile: (27, 155, 567)
[M::mem_pestat] low and high boundaries for computing mean and std.dev: (1, 1647)
[M::mem_pestat] mean and std.dev: (311.00, 283.30)
[M::mem_pestat] low and high boundaries for proper pairs: (1, 2187)
[M::mem_pestat] skip orientation RF
[M::mem_pestat] skip orientation RR
[M::mem_process_seqs] Processed 4571180 reads in 1466.998 CPU sec, 104.177 real sec
[M::process] read 858184 sequences (74593825 bp)...
[M::mem_pestat] # candidate unique pairs for (FF, FR, RF, RR): (3, 129406, 0, 2)
[M::mem_pestat] skip orientation FF as there are not enough pairs
[M::mem_pestat] analyzing insert size distribution for orientation FR...
[M::mem_pestat] (25, 50, 75) percentile: (54, 72, 91)
[M::mem_pestat] low and high boundaries for computing mean and std.dev: (1, 165)
[M::mem_pestat] mean and std.dev: (73.60, 27.32)
[M::mem_pestat] low and high boundaries for proper pairs: (1, 202)
[M::mem_pestat] skip orientation RF as there are not enough pairs
[M::mem_pestat] skip orientation RR as there are not enough pairs
[M::mem_process_seqs] Processed 858184 reads in 280.086 CPU sec, 14.272 real sec
[main] Version: 0.7.17-r1188
[main] CMD: bwa mem -L 5 -t 40 -a -M -T 30 -A 1 -B 4 -O 6 -R @RG\tID:Sgr-AJol_063-Ex1-cssl.clmp.fp2_repr\tSM:Sgr-AJol_063-Ex1-cssl.clmp.fp2_repr\tPL:Illumina reference.ssl.Sgr-libC.fasta Sgr-AJol_063-Ex1-cssl.clmp.fp2_repr.R1.fq.gz Sgr-AJol_063-Ex1-cssl.clmp.fp2_repr.R2.fq.gz
[main] Real time: 506.134 sec; CPU: 4730.875 sec
