[M::bwa_idx_load_from_disk] read 0 ALT contigs
[M::process] read 398682 sequences (51231963 bp)...
[M::mem_pestat] # candidate unique pairs for (FF, FR, RF, RR): (19, 107385, 10, 27)
[M::mem_pestat] analyzing insert size distribution for orientation FF...
[M::mem_pestat] (25, 50, 75) percentile: (238, 238, 238)
[M::mem_pestat] low and high boundaries for computing mean and std.dev: (238, 238)
[M::mem_pestat] mean and std.dev: (238.00, 0.00)
[M::mem_pestat] low and high boundaries for proper pairs: (238, 238)
[M::mem_pestat] analyzing insert size distribution for orientation FR...
[M::mem_pestat] (25, 50, 75) percentile: (119, 161, 230)
[M::mem_pestat] low and high boundaries for computing mean and std.dev: (1, 452)
[M::mem_pestat] mean and std.dev: (180.61, 84.08)
[M::mem_pestat] low and high boundaries for proper pairs: (1, 563)
[M::mem_pestat] analyzing insert size distribution for orientation RF...
[M::mem_pestat] (25, 50, 75) percentile: (1, 11, 177)
[M::mem_pestat] low and high boundaries for computing mean and std.dev: (1, 529)
[M::mem_pestat] mean and std.dev: (40.25, 64.22)
[M::mem_pestat] low and high boundaries for proper pairs: (1, 705)
[M::mem_pestat] analyzing insert size distribution for orientation RR...
[M::mem_pestat] (25, 50, 75) percentile: (120, 143, 315)
[M::mem_pestat] low and high boundaries for computing mean and std.dev: (1, 705)
[M::mem_pestat] mean and std.dev: (157.24, 84.52)
[M::mem_pestat] low and high boundaries for proper pairs: (1, 900)
[M::mem_pestat] skip orientation FF
[M::mem_pestat] skip orientation RF
[M::mem_pestat] skip orientation RR
[M::mem_process_seqs] Processed 398682 reads in 183.396 CPU sec, 23.124 real sec
[main] Version: 0.7.17-r1188
[main] CMD: bwa mem -L 5 -t 40 -a -M -T 30 -A 1 -B 4 -O 6 -R @RG\tID:Sgr-CMvi_087-Ex1-cssl.clmp.fp2_repr\tSM:Sgr-CMvi_087-Ex1-cssl.clmp.fp2_repr\tPL:Illumina reference.ssl.Sgr-libC.fasta Sgr-CMvi_087-Ex1-cssl.clmp.fp2_repr.R1.fq.gz Sgr-CMvi_087-Ex1-cssl.clmp.fp2_repr.R2.fq.gz
[main] Real time: 28.770 sec; CPU: 187.204 sec
