[M::bwa_idx_load_from_disk] read 0 ALT contigs
[M::process] read 1265412 sequences (160980666 bp)...
[M::mem_pestat] # candidate unique pairs for (FF, FR, RF, RR): (60, 182744, 49, 54)
[M::mem_pestat] analyzing insert size distribution for orientation FF...
[M::mem_pestat] (25, 50, 75) percentile: (137, 414, 414)
[M::mem_pestat] low and high boundaries for computing mean and std.dev: (1, 968)
[M::mem_pestat] mean and std.dev: (325.07, 142.95)
[M::mem_pestat] low and high boundaries for proper pairs: (1, 1245)
[M::mem_pestat] analyzing insert size distribution for orientation FR...
[M::mem_pestat] (25, 50, 75) percentile: (92, 136, 195)
[M::mem_pestat] low and high boundaries for computing mean and std.dev: (1, 401)
[M::mem_pestat] mean and std.dev: (149.26, 78.83)
[M::mem_pestat] low and high boundaries for proper pairs: (1, 504)
[M::mem_pestat] analyzing insert size distribution for orientation RF...
[M::mem_pestat] (25, 50, 75) percentile: (73, 212, 1169)
[M::mem_pestat] low and high boundaries for computing mean and std.dev: (1, 3361)
[M::mem_pestat] mean and std.dev: (575.51, 625.23)
[M::mem_pestat] low and high boundaries for proper pairs: (1, 4457)
[M::mem_pestat] analyzing insert size distribution for orientation RR...
[M::mem_pestat] (25, 50, 75) percentile: (213, 213, 386)
[M::mem_pestat] low and high boundaries for computing mean and std.dev: (1, 732)
[M::mem_pestat] mean and std.dev: (233.06, 109.97)
[M::mem_pestat] low and high boundaries for proper pairs: (1, 905)
[M::mem_pestat] skip orientation FF
[M::mem_pestat] skip orientation RF
[M::mem_pestat] skip orientation RR
[M::mem_process_seqs] Processed 1265412 reads in 790.110 CPU sec, 101.406 real sec
[main] Version: 0.7.17-r1188
[main] CMD: bwa mem -L 5 -t 40 -a -M -T 30 -A 1 -B 4 -O 6 -R @RG\tID:Sgr-CMas_021-Ex1-cssl.clmp.fp2_repr\tSM:Sgr-CMas_021-Ex1-cssl.clmp.fp2_repr\tPL:Illumina reference.ssl.Sgr-libC.fasta Sgr-CMas_021-Ex1-cssl.clmp.fp2_repr.R1.fq.gz Sgr-CMas_021-Ex1-cssl.clmp.fp2_repr.R2.fq.gz
[main] Real time: 111.664 sec; CPU: 797.987 sec
