[M::bwa_idx_load_from_disk] read 0 ALT contigs
[M::process] read 4519628 sequences (400000059 bp)...
[M::mem_pestat] # candidate unique pairs for (FF, FR, RF, RR): (41, 666125, 9, 41)
[M::mem_pestat] analyzing insert size distribution for orientation FF...
[M::mem_pestat] (25, 50, 75) percentile: (28, 39, 81)
[M::mem_pestat] low and high boundaries for computing mean and std.dev: (1, 187)
[M::mem_pestat] mean and std.dev: (46.64, 32.79)
[M::mem_pestat] low and high boundaries for proper pairs: (1, 240)
[M::mem_pestat] analyzing insert size distribution for orientation FR...
[M::mem_pestat] (25, 50, 75) percentile: (55, 73, 93)
[M::mem_pestat] low and high boundaries for computing mean and std.dev: (1, 169)
[M::mem_pestat] mean and std.dev: (74.94, 27.96)
[M::mem_pestat] low and high boundaries for proper pairs: (1, 207)
[M::mem_pestat] skip orientation RF as there are not enough pairs
[M::mem_pestat] analyzing insert size distribution for orientation RR...
[M::mem_pestat] (25, 50, 75) percentile: (21, 32, 90)
[M::mem_pestat] low and high boundaries for computing mean and std.dev: (1, 228)
[M::mem_pestat] mean and std.dev: (34.00, 24.58)
[M::mem_pestat] low and high boundaries for proper pairs: (1, 297)
[M::mem_pestat] skip orientation FF
[M::mem_pestat] skip orientation RR
[M::mem_process_seqs] Processed 4519628 reads in 1549.074 CPU sec, 211.499 real sec
[M::process] read 4515876 sequences (400000034 bp)...
[M::process] read 4455606 sequences (400000075 bp)...
[M::mem_pestat] # candidate unique pairs for (FF, FR, RF, RR): (39, 666934, 10, 33)
[M::mem_pestat] analyzing insert size distribution for orientation FF...
[M::mem_pestat] (25, 50, 75) percentile: (45, 64, 74)
[M::mem_pestat] low and high boundaries for computing mean and std.dev: (1, 132)
[M::mem_pestat] mean and std.dev: (51.61, 19.86)
[M::mem_pestat] low and high boundaries for proper pairs: (1, 161)
[M::mem_pestat] analyzing insert size distribution for orientation FR...
[M::mem_pestat] (25, 50, 75) percentile: (55, 73, 92)
[M::mem_pestat] low and high boundaries for computing mean and std.dev: (1, 166)
[M::mem_pestat] mean and std.dev: (74.90, 27.79)
[M::mem_pestat] low and high boundaries for proper pairs: (1, 203)
[M::mem_pestat] analyzing insert size distribution for orientation RF...
[M::mem_pestat] (25, 50, 75) percentile: (89, 181, 934)
[M::mem_pestat] low and high boundaries for computing mean and std.dev: (1, 2624)
[M::mem_pestat] mean and std.dev: (345.22, 401.18)
[M::mem_pestat] low and high boundaries for proper pairs: (1, 3469)
[M::mem_pestat] analyzing insert size distribution for orientation RR...
[M::mem_pestat] (25, 50, 75) percentile: (10, 43, 64)
[M::mem_pestat] low and high boundaries for computing mean and std.dev: (1, 172)
[M::mem_pestat] mean and std.dev: (36.34, 25.68)
[M::mem_pestat] low and high boundaries for proper pairs: (1, 226)
[M::mem_pestat] skip orientation FF
[M::mem_pestat] skip orientation RF
[M::mem_pestat] skip orientation RR
[M::mem_process_seqs] Processed 4515876 reads in 1551.243 CPU sec, 141.261 real sec
[M::mem_pestat] # candidate unique pairs for (FF, FR, RF, RR): (33, 635623, 12, 37)
[M::mem_pestat] analyzing insert size distribution for orientation FF...
[M::mem_pestat] (25, 50, 75) percentile: (21, 39, 75)
[M::mem_pestat] low and high boundaries for computing mean and std.dev: (1, 183)
[M::mem_pestat] mean and std.dev: (39.63, 27.78)
[M::mem_pestat] low and high boundaries for proper pairs: (1, 237)
[M::mem_pestat] analyzing insert size distribution for orientation FR...
[M::mem_pestat] (25, 50, 75) percentile: (55, 73, 93)
[M::mem_pestat] low and high boundaries for computing mean and std.dev: (1, 169)
[M::mem_pestat] mean and std.dev: (75.02, 28.06)
[M::mem_pestat] low and high boundaries for proper pairs: (1, 207)
[M::mem_pestat] analyzing insert size distribution for orientation RF...
[M::mem_pestat] (25, 50, 75) percentile: (38, 121, 780)
[M::mem_pestat] low and high boundaries for computing mean and std.dev: (1, 2264)
[M::mem_pestat] mean and std.dev: (251.09, 341.91)
[M::mem_pestat] low and high boundaries for proper pairs: (1, 3006)
[M::mem_pestat] analyzing insert size distribution for orientation RR...
[M::mem_pestat] (25, 50, 75) percentile: (22, 45, 123)
[M::mem_pestat] low and high boundaries for computing mean and std.dev: (1, 325)
[M::mem_pestat] mean and std.dev: (54.00, 40.10)
[M::mem_pestat] low and high boundaries for proper pairs: (1, 426)
[M::mem_pestat] skip orientation FF
[M::mem_pestat] skip orientation RF
[M::mem_pestat] skip orientation RR
[M::mem_process_seqs] Processed 4455606 reads in 1523.312 CPU sec, 96.977 real sec
[M::process] read 2508278 sequences (230456707 bp)...
[M::mem_pestat] # candidate unique pairs for (FF, FR, RF, RR): (13, 341608, 9, 21)
[M::mem_pestat] analyzing insert size distribution for orientation FF...
[M::mem_pestat] (25, 50, 75) percentile: (30, 55, 63)
[M::mem_pestat] low and high boundaries for computing mean and std.dev: (1, 129)
[M::mem_pestat] mean and std.dev: (43.75, 19.35)
[M::mem_pestat] low and high boundaries for proper pairs: (1, 162)
[M::mem_pestat] analyzing insert size distribution for orientation FR...
[M::mem_pestat] (25, 50, 75) percentile: (55, 74, 93)
[M::mem_pestat] low and high boundaries for computing mean and std.dev: (1, 169)
[M::mem_pestat] mean and std.dev: (75.40, 28.20)
[M::mem_pestat] low and high boundaries for proper pairs: (1, 207)
[M::mem_pestat] skip orientation RF as there are not enough pairs
[M::mem_pestat] analyzing insert size distribution for orientation RR...
[M::mem_pestat] (25, 50, 75) percentile: (28, 34, 61)
[M::mem_pestat] low and high boundaries for computing mean and std.dev: (1, 127)
[M::mem_pestat] mean and std.dev: (37.22, 13.04)
[M::mem_pestat] low and high boundaries for proper pairs: (1, 160)
[M::mem_pestat] skip orientation FF
[M::mem_pestat] skip orientation RR
[M::mem_process_seqs] Processed 2508278 reads in 848.421 CPU sec, 43.012 real sec
[main] Version: 0.7.17-r1188
[main] CMD: bwa mem -L 5 -t 40 -a -M -T 30 -A 1 -B 4 -O 6 -R @RG\tID:Sgr-AJol_084-Ex1-cssl.clmp.fp2_repr\tSM:Sgr-AJol_084-Ex1-cssl.clmp.fp2_repr\tPL:Illumina reference.ssl.Sgr-libC.fasta Sgr-AJol_084-Ex1-cssl.clmp.fp2_repr.R1.fq.gz Sgr-AJol_084-Ex1-cssl.clmp.fp2_repr.R2.fq.gz
[main] Real time: 524.484 sec; CPU: 5510.071 sec
