[M::bwa_idx_load_from_disk] read 0 ALT contigs
[M::process] read 950368 sequences (118319023 bp)...
[M::mem_pestat] # candidate unique pairs for (FF, FR, RF, RR): (38, 140215, 26, 5)
[M::mem_pestat] analyzing insert size distribution for orientation FF...
[M::mem_pestat] (25, 50, 75) percentile: (38, 135, 536)
[M::mem_pestat] low and high boundaries for computing mean and std.dev: (1, 1532)
[M::mem_pestat] mean and std.dev: (256.53, 228.39)
[M::mem_pestat] low and high boundaries for proper pairs: (1, 2030)
[M::mem_pestat] analyzing insert size distribution for orientation FR...
[M::mem_pestat] (25, 50, 75) percentile: (86, 128, 186)
[M::mem_pestat] low and high boundaries for computing mean and std.dev: (1, 386)
[M::mem_pestat] mean and std.dev: (141.42, 76.34)
[M::mem_pestat] low and high boundaries for proper pairs: (1, 486)
[M::mem_pestat] analyzing insert size distribution for orientation RF...
[M::mem_pestat] (25, 50, 75) percentile: (2, 2, 147)
[M::mem_pestat] low and high boundaries for computing mean and std.dev: (1, 437)
[M::mem_pestat] mean and std.dev: (19.20, 40.85)
[M::mem_pestat] low and high boundaries for proper pairs: (1, 582)
[M::mem_pestat] skip orientation RR as there are not enough pairs
[M::mem_pestat] skip orientation FF
[M::mem_pestat] skip orientation RF
[M::mem_process_seqs] Processed 950368 reads in 594.113 CPU sec, 69.450 real sec
[main] Version: 0.7.17-r1188
[main] CMD: bwa mem -L 5 -t 40 -a -M -T 30 -A 1 -B 4 -O 6 -R @RG\tID:Sgr-CMas_092-Ex1-cssl.clmp.fp2_repr\tSM:Sgr-CMas_092-Ex1-cssl.clmp.fp2_repr\tPL:Illumina reference.ssl.Sgr-libC.fasta Sgr-CMas_092-Ex1-cssl.clmp.fp2_repr.R1.fq.gz Sgr-CMas_092-Ex1-cssl.clmp.fp2_repr.R2.fq.gz
[main] Real time: 77.637 sec; CPU: 600.360 sec
