[M::bwa_idx_load_from_disk] read 0 ALT contigs
[M::process] read 2455662 sequences (308656386 bp)...
[M::mem_pestat] # candidate unique pairs for (FF, FR, RF, RR): (13, 378968, 95, 123)
[M::mem_pestat] analyzing insert size distribution for orientation FF...
[M::mem_pestat] (25, 50, 75) percentile: (174, 355, 355)
[M::mem_pestat] low and high boundaries for computing mean and std.dev: (1, 717)
[M::mem_pestat] mean and std.dev: (266.83, 118.04)
[M::mem_pestat] low and high boundaries for proper pairs: (1, 898)
[M::mem_pestat] analyzing insert size distribution for orientation FR...
[M::mem_pestat] (25, 50, 75) percentile: (89, 133, 193)
[M::mem_pestat] low and high boundaries for computing mean and std.dev: (1, 401)
[M::mem_pestat] mean and std.dev: (146.46, 79.10)
[M::mem_pestat] low and high boundaries for proper pairs: (1, 505)
[M::mem_pestat] analyzing insert size distribution for orientation RF...
[M::mem_pestat] (25, 50, 75) percentile: (136, 369, 4336)
[M::mem_pestat] low and high boundaries for computing mean and std.dev: (1, 12736)
[M::mem_pestat] mean and std.dev: (1848.12, 2314.37)
[M::mem_pestat] low and high boundaries for proper pairs: (1, 16936)
[M::mem_pestat] analyzing insert size distribution for orientation RR...
[M::mem_pestat] (25, 50, 75) percentile: (487, 2091, 2091)
[M::mem_pestat] low and high boundaries for computing mean and std.dev: (1, 5299)
[M::mem_pestat] mean and std.dev: (1436.93, 839.23)
[M::mem_pestat] low and high boundaries for proper pairs: (1, 6903)
[M::mem_pestat] skip orientation FF
[M::mem_pestat] skip orientation RF
[M::mem_pestat] skip orientation RR
[M::mem_process_seqs] Processed 2455662 reads in 1486.903 CPU sec, 186.914 real sec
[main] Version: 0.7.17-r1188
[main] CMD: bwa mem -L 5 -t 40 -a -M -T 30 -A 1 -B 4 -O 6 -R @RG\tID:Sgr-CMas_045-Ex1-cssl.clmp.fp2_repr\tSM:Sgr-CMas_045-Ex1-cssl.clmp.fp2_repr\tPL:Illumina reference.ssl.Sgr-libC.fasta Sgr-CMas_045-Ex1-cssl.clmp.fp2_repr.R1.fq.gz Sgr-CMas_045-Ex1-cssl.clmp.fp2_repr.R2.fq.gz
[main] Real time: 203.096 sec; CPU: 1500.079 sec
