[M::bwa_idx_load_from_disk] read 0 ALT contigs
[M::process] read 1257458 sequences (157628512 bp)...
[M::mem_pestat] # candidate unique pairs for (FF, FR, RF, RR): (13, 192396, 172, 30)
[M::mem_pestat] analyzing insert size distribution for orientation FF...
[M::mem_pestat] (25, 50, 75) percentile: (22, 78, 296)
[M::mem_pestat] low and high boundaries for computing mean and std.dev: (1, 844)
[M::mem_pestat] mean and std.dev: (141.00, 144.56)
[M::mem_pestat] low and high boundaries for proper pairs: (1, 1118)
[M::mem_pestat] analyzing insert size distribution for orientation FR...
[M::mem_pestat] (25, 50, 75) percentile: (88, 124, 167)
[M::mem_pestat] low and high boundaries for computing mean and std.dev: (1, 325)
[M::mem_pestat] mean and std.dev: (129.33, 59.73)
[M::mem_pestat] low and high boundaries for proper pairs: (1, 404)
[M::mem_pestat] analyzing insert size distribution for orientation RF...
[M::mem_pestat] (25, 50, 75) percentile: (311, 311, 946)
[M::mem_pestat] low and high boundaries for computing mean and std.dev: (1, 2216)
[M::mem_pestat] mean and std.dev: (401.77, 276.04)
[M::mem_pestat] low and high boundaries for proper pairs: (1, 2851)
[M::mem_pestat] analyzing insert size distribution for orientation RR...
[M::mem_pestat] (25, 50, 75) percentile: (42, 49, 470)
[M::mem_pestat] low and high boundaries for computing mean and std.dev: (1, 1326)
[M::mem_pestat] mean and std.dev: (189.17, 200.11)
[M::mem_pestat] low and high boundaries for proper pairs: (1, 1754)
[M::mem_pestat] skip orientation FF
[M::mem_pestat] skip orientation RF
[M::mem_pestat] skip orientation RR
[M::mem_process_seqs] Processed 1257458 reads in 758.367 CPU sec, 99.510 real sec
[main] Version: 0.7.17-r1188
[main] CMD: bwa mem -L 5 -t 40 -a -M -T 30 -A 1 -B 4 -O 6 -R @RG\tID:Sgr-CJol_028-Ex1-cssl.clmp.fp2_repr\tSM:Sgr-CJol_028-Ex1-cssl.clmp.fp2_repr\tPL:Illumina reference.ssl.Sgr-libC.fasta Sgr-CJol_028-Ex1-cssl.clmp.fp2_repr.R1.fq.gz Sgr-CJol_028-Ex1-cssl.clmp.fp2_repr.R2.fq.gz
[main] Real time: 109.247 sec; CPU: 765.514 sec
