[M::bwa_idx_load_from_disk] read 0 ALT contigs
[M::process] read 4624002 sequences (400000031 bp)...
[M::process] read 7346 sequences (653203 bp)...
[M::mem_pestat] # candidate unique pairs for (FF, FR, RF, RR): (35, 720239, 10, 33)
[M::mem_pestat] analyzing insert size distribution for orientation FF...
[M::mem_pestat] (25, 50, 75) percentile: (24, 41, 70)
[M::mem_pestat] low and high boundaries for computing mean and std.dev: (1, 162)
[M::mem_pestat] mean and std.dev: (39.66, 22.63)
[M::mem_pestat] low and high boundaries for proper pairs: (1, 208)
[M::mem_pestat] analyzing insert size distribution for orientation FR...
[M::mem_pestat] (25, 50, 75) percentile: (57, 72, 88)
[M::mem_pestat] low and high boundaries for computing mean and std.dev: (1, 150)
[M::mem_pestat] mean and std.dev: (72.95, 24.38)
[M::mem_pestat] low and high boundaries for proper pairs: (1, 181)
[M::mem_pestat] analyzing insert size distribution for orientation RF...
[M::mem_pestat] (25, 50, 75) percentile: (28, 53, 102)
[M::mem_pestat] low and high boundaries for computing mean and std.dev: (1, 250)
[M::mem_pestat] mean and std.dev: (60.11, 49.63)
[M::mem_pestat] low and high boundaries for proper pairs: (1, 324)
[M::mem_pestat] analyzing insert size distribution for orientation RR...
[M::mem_pestat] (25, 50, 75) percentile: (23, 34, 530)
[M::mem_pestat] low and high boundaries for computing mean and std.dev: (1, 1544)
[M::mem_pestat] mean and std.dev: (210.67, 309.90)
[M::mem_pestat] low and high boundaries for proper pairs: (1, 2051)
[M::mem_pestat] skip orientation FF
[M::mem_pestat] skip orientation RF
[M::mem_pestat] skip orientation RR
[M::mem_process_seqs] Processed 4624002 reads in 1567.914 CPU sec, 222.405 real sec
[M::mem_pestat] # candidate unique pairs for (FF, FR, RF, RR): (0, 1050, 0, 0)
[M::mem_pestat] skip orientation FF as there are not enough pairs
[M::mem_pestat] analyzing insert size distribution for orientation FR...
[M::mem_pestat] (25, 50, 75) percentile: (57, 72, 88)
[M::mem_pestat] low and high boundaries for computing mean and std.dev: (1, 150)
[M::mem_pestat] mean and std.dev: (72.55, 23.80)
[M::mem_pestat] low and high boundaries for proper pairs: (1, 181)
[M::mem_pestat] skip orientation RF as there are not enough pairs
[M::mem_pestat] skip orientation RR as there are not enough pairs
[M::mem_process_seqs] Processed 7346 reads in 3.226 CPU sec, 0.219 real sec
[main] Version: 0.7.17-r1188
[main] CMD: bwa mem -L 5 -t 40 -a -M -T 30 -A 1 -B 4 -O 6 -R @RG\tID:Sgr-AJol_020-Ex1-cssl.clmp.fp2_repr\tSM:Sgr-AJol_020-Ex1-cssl.clmp.fp2_repr\tPL:Illumina reference.ssl.Sgr-libC.fasta Sgr-AJol_020-Ex1-cssl.clmp.fp2_repr.R1.fq.gz Sgr-AJol_020-Ex1-cssl.clmp.fp2_repr.R2.fq.gz
[main] Real time: 244.082 sec; CPU: 1589.329 sec
