[M::bwa_idx_load_from_disk] read 0 ALT contigs
[M::process] read 193684 sequences (24357980 bp)...
[M::mem_pestat] # candidate unique pairs for (FF, FR, RF, RR): (8, 46274, 5, 55)
[M::mem_pestat] skip orientation FF as there are not enough pairs
[M::mem_pestat] analyzing insert size distribution for orientation FR...
[M::mem_pestat] (25, 50, 75) percentile: (111, 158, 224)
[M::mem_pestat] low and high boundaries for computing mean and std.dev: (1, 450)
[M::mem_pestat] mean and std.dev: (174.49, 86.53)
[M::mem_pestat] low and high boundaries for proper pairs: (1, 563)
[M::mem_pestat] skip orientation RF as there are not enough pairs
[M::mem_pestat] analyzing insert size distribution for orientation RR...
[M::mem_pestat] (25, 50, 75) percentile: (222, 223, 223)
[M::mem_pestat] low and high boundaries for computing mean and std.dev: (220, 225)
[M::mem_pestat] mean and std.dev: (222.95, 0.31)
[M::mem_pestat] low and high boundaries for proper pairs: (219, 226)
[M::mem_pestat] skip orientation RR
[M::mem_process_seqs] Processed 193684 reads in 91.864 CPU sec, 10.959 real sec
[main] Version: 0.7.17-r1188
[main] CMD: bwa mem -L 5 -t 40 -a -M -T 30 -A 1 -B 4 -O 6 -R @RG\tID:Sgr-CMvi_013-Ex1-cssl.clmp.fp2_repr\tSM:Sgr-CMvi_013-Ex1-cssl.clmp.fp2_repr\tPL:Illumina reference.ssl.Sgr-libC.fasta Sgr-CMvi_013-Ex1-cssl.clmp.fp2_repr.R1.fq.gz Sgr-CMvi_013-Ex1-cssl.clmp.fp2_repr.R2.fq.gz
[main] Real time: 15.172 sec; CPU: 94.453 sec
