[M::bwa_idx_load_from_disk] read 0 ALT contigs
[M::process] read 1303278 sequences (165709623 bp)...
[M::mem_pestat] # candidate unique pairs for (FF, FR, RF, RR): (69, 189719, 110, 19)
[M::mem_pestat] analyzing insert size distribution for orientation FF...
[M::mem_pestat] (25, 50, 75) percentile: (157, 274, 508)
[M::mem_pestat] low and high boundaries for computing mean and std.dev: (1, 1210)
[M::mem_pestat] mean and std.dev: (282.15, 171.16)
[M::mem_pestat] low and high boundaries for proper pairs: (1, 1561)
[M::mem_pestat] analyzing insert size distribution for orientation FR...
[M::mem_pestat] (25, 50, 75) percentile: (91, 138, 200)
[M::mem_pestat] low and high boundaries for computing mean and std.dev: (1, 418)
[M::mem_pestat] mean and std.dev: (152.18, 84.04)
[M::mem_pestat] low and high boundaries for proper pairs: (1, 527)
[M::mem_pestat] analyzing insert size distribution for orientation RF...
[M::mem_pestat] (25, 50, 75) percentile: (130, 195, 1360)
[M::mem_pestat] low and high boundaries for computing mean and std.dev: (1, 3820)
[M::mem_pestat] mean and std.dev: (742.55, 1040.86)
[M::mem_pestat] low and high boundaries for proper pairs: (1, 5050)
[M::mem_pestat] analyzing insert size distribution for orientation RR...
[M::mem_pestat] (25, 50, 75) percentile: (155, 464, 495)
[M::mem_pestat] low and high boundaries for computing mean and std.dev: (1, 1175)
[M::mem_pestat] mean and std.dev: (321.74, 171.42)
[M::mem_pestat] low and high boundaries for proper pairs: (1, 1515)
[M::mem_pestat] skip orientation FF
[M::mem_pestat] skip orientation RF
[M::mem_pestat] skip orientation RR
[M::mem_process_seqs] Processed 1303278 reads in 818.379 CPU sec, 96.632 real sec
[main] Version: 0.7.17-r1188
[main] CMD: bwa mem -L 5 -t 40 -a -M -T 30 -A 1 -B 4 -O 6 -R @RG\tID:Sgr-CMas_003-Ex1-cssl.clmp.fp2_repr\tSM:Sgr-CMas_003-Ex1-cssl.clmp.fp2_repr\tPL:Illumina reference.ssl.Sgr-libC.fasta Sgr-CMas_003-Ex1-cssl.clmp.fp2_repr.R1.fq.gz Sgr-CMas_003-Ex1-cssl.clmp.fp2_repr.R2.fq.gz
[main] Real time: 106.770 sec; CPU: 826.212 sec
