[M::bwa_idx_load_from_disk] read 0 ALT contigs
[M::process] read 4349360 sequences (400000191 bp)...
[M::mem_pestat] # candidate unique pairs for (FF, FR, RF, RR): (29, 674414, 13, 30)
[M::mem_pestat] analyzing insert size distribution for orientation FF...
[M::mem_pestat] (25, 50, 75) percentile: (19, 31, 105)
[M::mem_pestat] low and high boundaries for computing mean and std.dev: (1, 277)
[M::mem_pestat] mean and std.dev: (34.17, 27.44)
[M::mem_pestat] low and high boundaries for proper pairs: (1, 363)
[M::mem_pestat] analyzing insert size distribution for orientation FR...
[M::mem_pestat] (25, 50, 75) percentile: (58, 77, 96)
[M::mem_pestat] low and high boundaries for computing mean and std.dev: (1, 172)
[M::mem_pestat] mean and std.dev: (77.88, 28.50)
[M::mem_pestat] low and high boundaries for proper pairs: (1, 210)
[M::mem_pestat] analyzing insert size distribution for orientation RF...
[M::mem_pestat] (25, 50, 75) percentile: (44, 71, 540)
[M::mem_pestat] low and high boundaries for computing mean and std.dev: (1, 1532)
[M::mem_pestat] mean and std.dev: (154.09, 163.91)
[M::mem_pestat] low and high boundaries for proper pairs: (1, 2028)
[M::mem_pestat] analyzing insert size distribution for orientation RR...
[M::mem_pestat] (25, 50, 75) percentile: (27, 42, 77)
[M::mem_pestat] low and high boundaries for computing mean and std.dev: (1, 177)
[M::mem_pestat] mean and std.dev: (42.96, 23.56)
[M::mem_pestat] low and high boundaries for proper pairs: (1, 227)
[M::mem_pestat] skip orientation FF
[M::mem_pestat] skip orientation RF
[M::mem_pestat] skip orientation RR
[M::mem_process_seqs] Processed 4349360 reads in 1581.382 CPU sec, 212.708 real sec
[M::process] read 4339812 sequences (400000218 bp)...
[M::process] read 3395998 sequences (319230576 bp)...
[M::mem_pestat] # candidate unique pairs for (FF, FR, RF, RR): (30, 671570, 12, 39)
[M::mem_pestat] analyzing insert size distribution for orientation FF...
[M::mem_pestat] (25, 50, 75) percentile: (23, 44, 65)
[M::mem_pestat] low and high boundaries for computing mean and std.dev: (1, 149)
[M::mem_pestat] mean and std.dev: (43.04, 29.40)
[M::mem_pestat] low and high boundaries for proper pairs: (1, 191)
[M::mem_pestat] analyzing insert size distribution for orientation FR...
[M::mem_pestat] (25, 50, 75) percentile: (58, 77, 96)
[M::mem_pestat] low and high boundaries for computing mean and std.dev: (1, 172)
[M::mem_pestat] mean and std.dev: (78.01, 28.57)
[M::mem_pestat] low and high boundaries for proper pairs: (1, 210)
[M::mem_pestat] analyzing insert size distribution for orientation RF...
[M::mem_pestat] (25, 50, 75) percentile: (26, 82, 191)
[M::mem_pestat] low and high boundaries for computing mean and std.dev: (1, 521)
[M::mem_pestat] mean and std.dev: (71.50, 56.56)
[M::mem_pestat] low and high boundaries for proper pairs: (1, 686)
[M::mem_pestat] analyzing insert size distribution for orientation RR...
[M::mem_pestat] (25, 50, 75) percentile: (35, 47, 123)
[M::mem_pestat] low and high boundaries for computing mean and std.dev: (1, 299)
[M::mem_pestat] mean and std.dev: (48.17, 29.54)
[M::mem_pestat] low and high boundaries for proper pairs: (1, 387)
[M::mem_pestat] skip orientation FF
[M::mem_pestat] skip orientation RF
[M::mem_pestat] skip orientation RR
[M::mem_process_seqs] Processed 4339812 reads in 1588.846 CPU sec, 166.898 real sec
[M::mem_pestat] # candidate unique pairs for (FF, FR, RF, RR): (29, 497791, 3, 15)
[M::mem_pestat] analyzing insert size distribution for orientation FF...
[M::mem_pestat] (25, 50, 75) percentile: (21, 47, 105)
[M::mem_pestat] low and high boundaries for computing mean and std.dev: (1, 273)
[M::mem_pestat] mean and std.dev: (45.79, 33.50)
[M::mem_pestat] low and high boundaries for proper pairs: (1, 357)
[M::mem_pestat] analyzing insert size distribution for orientation FR...
[M::mem_pestat] (25, 50, 75) percentile: (58, 77, 97)
[M::mem_pestat] low and high boundaries for computing mean and std.dev: (1, 175)
[M::mem_pestat] mean and std.dev: (78.11, 28.77)
[M::mem_pestat] low and high boundaries for proper pairs: (1, 214)
[M::mem_pestat] skip orientation RF as there are not enough pairs
[M::mem_pestat] analyzing insert size distribution for orientation RR...
[M::mem_pestat] (25, 50, 75) percentile: (32, 64, 526)
[M::mem_pestat] low and high boundaries for computing mean and std.dev: (1, 1514)
[M::mem_pestat] mean and std.dev: (208.87, 234.91)
[M::mem_pestat] low and high boundaries for proper pairs: (1, 2008)
[M::mem_pestat] skip orientation FF
[M::mem_pestat] skip orientation RR
[M::mem_process_seqs] Processed 3395998 reads in 1215.129 CPU sec, 59.322 real sec
[main] Version: 0.7.17-r1188
[main] CMD: bwa mem -L 5 -t 40 -a -M -T 30 -A 1 -B 4 -O 6 -R @RG\tID:Sgr-AJol_053-Ex1-cssl.clmp.fp2_repr\tSM:Sgr-AJol_053-Ex1-cssl.clmp.fp2_repr\tPL:Illumina reference.ssl.Sgr-libC.fasta Sgr-AJol_053-Ex1-cssl.clmp.fp2_repr.R1.fq.gz Sgr-AJol_053-Ex1-cssl.clmp.fp2_repr.R2.fq.gz
[main] Real time: 467.373 sec; CPU: 4416.612 sec
