[M::bwa_idx_load_from_disk] read 0 ALT contigs
[M::process] read 1218110 sequences (149259656 bp)...
[M::mem_pestat] # candidate unique pairs for (FF, FR, RF, RR): (43, 187573, 65, 33)
[M::mem_pestat] analyzing insert size distribution for orientation FF...
[M::mem_pestat] (25, 50, 75) percentile: (84, 100, 148)
[M::mem_pestat] low and high boundaries for computing mean and std.dev: (1, 276)
[M::mem_pestat] mean and std.dev: (101.71, 37.89)
[M::mem_pestat] low and high boundaries for proper pairs: (1, 340)
[M::mem_pestat] analyzing insert size distribution for orientation FR...
[M::mem_pestat] (25, 50, 75) percentile: (84, 118, 160)
[M::mem_pestat] low and high boundaries for computing mean and std.dev: (1, 312)
[M::mem_pestat] mean and std.dev: (124.16, 57.87)
[M::mem_pestat] low and high boundaries for proper pairs: (1, 388)
[M::mem_pestat] analyzing insert size distribution for orientation RF...
[M::mem_pestat] (25, 50, 75) percentile: (505, 1287, 1380)
[M::mem_pestat] low and high boundaries for computing mean and std.dev: (1, 3130)
[M::mem_pestat] mean and std.dev: (977.03, 527.21)
[M::mem_pestat] low and high boundaries for proper pairs: (1, 4005)
[M::mem_pestat] analyzing insert size distribution for orientation RR...
[M::mem_pestat] (25, 50, 75) percentile: (29, 46, 71)
[M::mem_pestat] low and high boundaries for computing mean and std.dev: (1, 155)
[M::mem_pestat] mean and std.dev: (49.32, 32.48)
[M::mem_pestat] low and high boundaries for proper pairs: (1, 197)
[M::mem_pestat] skip orientation FF
[M::mem_pestat] skip orientation RF
[M::mem_pestat] skip orientation RR
[M::mem_process_seqs] Processed 1218110 reads in 663.323 CPU sec, 86.043 real sec
[main] Version: 0.7.17-r1188
[main] CMD: bwa mem -L 5 -t 40 -a -M -T 30 -A 1 -B 4 -O 6 -R @RG\tID:Sgr-CJol_061-Ex1-cssl.clmp.fp2_repr\tSM:Sgr-CJol_061-Ex1-cssl.clmp.fp2_repr\tPL:Illumina reference.ssl.Sgr-libC.fasta Sgr-CJol_061-Ex1-cssl.clmp.fp2_repr.R1.fq.gz Sgr-CJol_061-Ex1-cssl.clmp.fp2_repr.R2.fq.gz
[main] Real time: 95.318 sec; CPU: 670.332 sec
