[M::bwa_idx_load_from_disk] read 0 ALT contigs
[M::process] read 2295960 sequences (209853356 bp)...
[M::mem_pestat] # candidate unique pairs for (FF, FR, RF, RR): (15, 283130, 13, 15)
[M::mem_pestat] analyzing insert size distribution for orientation FF...
[M::mem_pestat] (25, 50, 75) percentile: (52, 67, 96)
[M::mem_pestat] low and high boundaries for computing mean and std.dev: (1, 184)
[M::mem_pestat] mean and std.dev: (67.57, 35.63)
[M::mem_pestat] low and high boundaries for proper pairs: (1, 228)
[M::mem_pestat] analyzing insert size distribution for orientation FR...
[M::mem_pestat] (25, 50, 75) percentile: (54, 73, 94)
[M::mem_pestat] low and high boundaries for computing mean and std.dev: (1, 174)
[M::mem_pestat] mean and std.dev: (75.83, 29.70)
[M::mem_pestat] low and high boundaries for proper pairs: (1, 214)
[M::mem_pestat] analyzing insert size distribution for orientation RF...
[M::mem_pestat] (25, 50, 75) percentile: (42, 85, 207)
[M::mem_pestat] low and high boundaries for computing mean and std.dev: (1, 537)
[M::mem_pestat] mean and std.dev: (110.85, 88.23)
[M::mem_pestat] low and high boundaries for proper pairs: (1, 702)
[M::mem_pestat] analyzing insert size distribution for orientation RR...
[M::mem_pestat] (25, 50, 75) percentile: (32, 61, 566)
[M::mem_pestat] low and high boundaries for computing mean and std.dev: (1, 1634)
[M::mem_pestat] mean and std.dev: (313.93, 414.91)
[M::mem_pestat] low and high boundaries for proper pairs: (1, 2168)
[M::mem_pestat] skip orientation FF
[M::mem_pestat] skip orientation RF
[M::mem_pestat] skip orientation RR
[M::mem_process_seqs] Processed 2295960 reads in 878.786 CPU sec, 122.481 real sec
[main] Version: 0.7.17-r1188
[main] CMD: bwa mem -L 5 -t 40 -a -M -T 30 -A 1 -B 4 -O 6 -R @RG\tID:Sgr-APal_008-Ex1-cssl.clmp.fp2_repr\tSM:Sgr-APal_008-Ex1-cssl.clmp.fp2_repr\tPL:Illumina reference.ssl.Sgr-libC.fasta Sgr-APal_008-Ex1-cssl.clmp.fp2_repr.R1.fq.gz Sgr-APal_008-Ex1-cssl.clmp.fp2_repr.R2.fq.gz
[main] Real time: 135.662 sec; CPU: 889.240 sec
