[bwa_index] Pack FASTA... 8.66 sec
[bwa_index] Construct BWT for the packed sequence...
[BWTIncCreate] textLength=1835777270, availableWord=141171788
[BWTIncConstructFromPacked] 10 iterations done. 99999990 characters processed.
[BWTIncConstructFromPacked] 20 iterations done. 199999990 characters processed.
[BWTIncConstructFromPacked] 30 iterations done. 299999990 characters processed.
[BWTIncConstructFromPacked] 40 iterations done. 399999990 characters processed.
[BWTIncConstructFromPacked] 50 iterations done. 499999990 characters processed.
[BWTIncConstructFromPacked] 60 iterations done. 599999990 characters processed.
[BWTIncConstructFromPacked] 70 iterations done. 699999990 characters processed.
[BWTIncConstructFromPacked] 80 iterations done. 799999990 characters processed.
[BWTIncConstructFromPacked] 90 iterations done. 899999990 characters processed.
[BWTIncConstructFromPacked] 100 iterations done. 999999990 characters processed.
[BWTIncConstructFromPacked] 110 iterations done. 1099999990 characters processed.
[BWTIncConstructFromPacked] 120 iterations done. 1199026838 characters processed.
[BWTIncConstructFromPacked] 130 iterations done. 1288907142 characters processed.
[BWTIncConstructFromPacked] 140 iterations done. 1368788998 characters processed.
[BWTIncConstructFromPacked] 150 iterations done. 1439784182 characters processed.
[BWTIncConstructFromPacked] 160 iterations done. 1502880902 characters processed.
[BWTIncConstructFromPacked] 170 iterations done. 1558957398 characters processed.
[BWTIncConstructFromPacked] 180 iterations done. 1608794326 characters processed.
[BWTIncConstructFromPacked] 190 iterations done. 1653085478 characters processed.
[BWTIncConstructFromPacked] 200 iterations done. 1692447574 characters processed.
[BWTIncConstructFromPacked] 210 iterations done. 1727428630 characters processed.
[BWTIncConstructFromPacked] 220 iterations done. 1758515862 characters processed.
[BWTIncConstructFromPacked] 230 iterations done. 1786142230 characters processed.
[BWTIncConstructFromPacked] 240 iterations done. 1810692598 characters processed.
[BWTIncConstructFromPacked] 250 iterations done. 1832508998 characters processed.
[bwt_gen] Finished constructing BWT in 252 iterations.
[bwa_index] 841.87 seconds elapse.
[bwa_index] Update BWT... 7.43 sec
[bwa_index] Pack forward-only FASTA... 5.66 sec
[bwa_index] Construct SA from BWT and Occ... 377.45 sec
[main] Version: 0.7.17-r1188
[main] CMD: bwa index reference.ssl.Sgr-libC.fasta
[main] Real time: 1262.826 sec; CPU: 1241.073 sec
