
core file size          (blocks, -c) 0
data seg size           (kbytes, -d) unlimited
scheduling priority             (-e) 0
file size               (blocks, -f) unlimited
pending signals                 (-i) 1541923
max locked memory       (kbytes, -l) unlimited
max memory size         (kbytes, -m) unlimited
open files                      (-n) 40960
pipe size            (512 bytes, -p) 8
POSIX message queues     (bytes, -q) 819200
real-time priority              (-r) 0
stack size              (kbytes, -s) 8192
cpu time               (seconds, -t) unlimited
max user processes              (-u) 767745
virtual memory          (kbytes, -v) unlimited
file locks                      (-x) unlimited
Hte-ATic_063-Ex1-cssl.
java -ea -Xmx180g -Xms180g -cp /opt/conda/opt/bbmap-38.90-3/current/ clump.Clumpify in=fq_fp1/Hte-ATic_063-Ex1-cssl.r1.fq.gz in2=fq_fp1/Hte-ATic_063-Ex1-cssl.r2.fq.gz out=fq_fp1_clmp/Hte-ATic_063-Ex1-cssl.clmp.r1.fq.gz out2=fq_fp1_clmp/Hte-ATic_063-Ex1-cssl.clmp.r2.fq.gz groups=14514 overwrite=t usetmpdir=t tmpdir=/scratch/cbird dedupe=t addcount=t subs=2 containment=t consensus=f -Xmx180g
Executing clump.Clumpify [in=fq_fp1/Hte-ATic_063-Ex1-cssl.r1.fq.gz, in2=fq_fp1/Hte-ATic_063-Ex1-cssl.r2.fq.gz, out=fq_fp1_clmp/Hte-ATic_063-Ex1-cssl.clmp.r1.fq.gz, out2=fq_fp1_clmp/Hte-ATic_063-Ex1-cssl.clmp.r2.fq.gz, groups=14514, overwrite=t, usetmpdir=t, tmpdir=/scratch/cbird, dedupe=t, addcount=t, subs=2, containment=t, consensus=f, -Xmx180g]
Version 38.90

Executing clump.KmerSplit [in1=fq_fp1/Hte-ATic_063-Ex1-cssl.r1.fq.gz, in2=fq_fp1/Hte-ATic_063-Ex1-cssl.r2.fq.gz, out=/scratch/cbird/Hte-ATic_063-Ex1-cssl.clmp.r1_clumpify_p1_temp%_253b386803eb8201.fq.gz, out2=, groups=14514, ecco=false, addname=f, shortname=f, unpair=false, repair=f, namesort=f, ow=true, dedupe=t, consensus=f]

Reset INTERLEAVED to false because paired input files were specified.
Set INTERLEAVED to false
Input is being processed as paired
Writing interleaved.
java.io.IOException: Disk quota exceeded
	at java.base/java.io.FileOutputStream.writeBytes(Native Method)
	at java.base/java.io.FileOutputStream.write(FileOutputStream.java:341)
	at java.base/java.util.zip.GZIPOutputStream.writeHeader(GZIPOutputStream.java:183)
	at java.base/java.util.zip.GZIPOutputStream.<init>(GZIPOutputStream.java:95)
	at java.base/java.util.zip.GZIPOutputStream.<init>(GZIPOutputStream.java:68)
	at fileIO.ReadWrite$1.<init>(ReadWrite.java:542)
	at fileIO.ReadWrite.getGZipOutputStream(ReadWrite.java:542)
	at fileIO.ReadWrite.getOutputStream(ReadWrite.java:382)
	at fileIO.ReadWrite.getOutputStream(ReadWrite.java:344)
	at stream.ReadStreamWriter.<init>(ReadStreamWriter.java:71)
	at stream.ReadStreamByteWriter.<init>(ReadStreamByteWriter.java:18)
	at stream.ConcurrentGenericReadOutputStream.<init>(ConcurrentGenericReadOutputStream.java:38)
	at stream.ConcurrentReadOutputStream.getStream(ConcurrentReadOutputStream.java:71)
	at stream.ConcurrentReadOutputStream.getStream(ConcurrentReadOutputStream.java:35)
	at clump.KmerSplit.process(KmerSplit.java:301)
	at clump.KmerSplit.main(KmerSplit.java:52)
	at clump.Clumpify.runOnePass_v2(Clumpify.java:403)
	at clump.Clumpify.process(Clumpify.java:275)
	at clump.Clumpify.main(Clumpify.java:47)
Exception in thread "main" java.lang.AssertionError
	at fileIO.ReadWrite.getGZipOutputStream(ReadWrite.java:553)
	at fileIO.ReadWrite.getOutputStream(ReadWrite.java:382)
	at fileIO.ReadWrite.getOutputStream(ReadWrite.java:344)
	at stream.ReadStreamWriter.<init>(ReadStreamWriter.java:71)
	at stream.ReadStreamByteWriter.<init>(ReadStreamByteWriter.java:18)
	at stream.ConcurrentGenericReadOutputStream.<init>(ConcurrentGenericReadOutputStream.java:38)
	at stream.ConcurrentReadOutputStream.getStream(ConcurrentReadOutputStream.java:71)
	at stream.ConcurrentReadOutputStream.getStream(ConcurrentReadOutputStream.java:35)
	at clump.KmerSplit.process(KmerSplit.java:301)
	at clump.KmerSplit.main(KmerSplit.java:52)
	at clump.Clumpify.runOnePass_v2(Clumpify.java:403)
	at clump.Clumpify.process(Clumpify.java:275)
	at clump.Clumpify.main(Clumpify.java:47)
