#
# There is insufficient memory for the Java Runtime Environment to continue.
# Native memory allocation (mmap) failed to map 250181844992 bytes for committing reserved memory.
# Possible reasons:
#   The system is out of physical RAM or swap space
# Possible solutions:
#   Reduce memory load on the system
#   Increase physical memory or swap space
#   Check if swap backing store is full
#   Decrease Java heap size (-Xmx/-Xms)
#   Decrease number of Java threads
#   Decrease Java thread stack sizes (-Xss)
#   Set larger code cache with -XX:ReservedCodeCacheSize=
# This output file may be truncated or incomplete.
#
#  Out of Memory Error (os_linux.cpp:2913), pid=34761, tid=34763
#
# JRE version:  (11.0.9.1) (build )
# Java VM: OpenJDK 64-Bit Server VM (11.0.9.1-internal+0-adhoc..src, mixed mode, tiered, g1 gc, linux-amd64)
# No core dump will be written. Core dumps have been disabled. To enable core dumping, try "ulimit -c unlimited" before starting Java again
#

---------------  S U M M A R Y ------------

Command Line: -ea -Xmx233g -Xms233g clump.Clumpify in=fq_fp1/Hte-ATic_030-Ex1-cssl.r1.fq.gz in2=fq_fp1/Hte-ATic_030-Ex1-cssl.r2.fq.gz out=fq_fp1_clmp/Hte-ATic_030-Ex1-cssl.clmp.r1.fq.gz out2=fq_fp1_clmp/Hte-ATic_030-Ex1-cssl.clmp.r2.fq.gz groups=14514 overwrite=t usetmpdir=t tmpdir=/scratch/cbird dedupe=t addcount=t subs=2 containment=t consensus=f -Xmx233g

Host: Intel(R) Xeon(R) Gold 6148 CPU @ 2.40GHz, 40 cores, 376G, CentOS Stream release 8
Time: Tue Dec  6 07:31:29 2022 EST elapsed time: 0.031334 seconds (0d 0h 0m 0s)

---------------  T H R E A D  ---------------

Current thread (0x00007ffab4016000):  JavaThread "Unknown thread" [_thread_in_vm, id=34763, stack(0x00007ffabbfbe000,0x00007ffabc0bf000)]

Stack: [0x00007ffabbfbe000,0x00007ffabc0bf000],  sp=0x00007ffabc0bd1f0,  free space=1020k
Native frames: (J=compiled Java code, A=aot compiled Java code, j=interpreted, Vv=VM code, C=native code)
V  [libjvm.so+0xd657ea]  VMError::report_and_die(int, char const*, char const*, __va_list_tag*, Thread*, unsigned char*, void*, void*, char const*, int, unsigned long)+0x38a
V  [libjvm.so+0xd6645d]  VMError::report_and_die(Thread*, char const*, int, unsigned long, VMErrorType, char const*, __va_list_tag*)+0x2d
V  [libjvm.so+0x651c39]  report_vm_out_of_memory(char const*, int, unsigned long, VMErrorType, char const*, ...)+0xd9
V  [libjvm.so+0xb73e74]  os::pd_commit_memory_or_exit(char*, unsigned long, unsigned long, bool, char const*)+0xe4
V  [libjvm.so+0xb6a90d]  os::commit_memory_or_exit(char*, unsigned long, unsigned long, bool, char const*)+0x2d
V  [libjvm.so+0x754c8c]  G1PageBasedVirtualSpace::commit_preferred_pages(unsigned long, unsigned long)+0x6c
V  [libjvm.so+0x7550a8]  G1PageBasedVirtualSpace::commit(unsigned long, unsigned long)+0x1c8
V  [libjvm.so+0x75edd2]  G1RegionsLargerThanCommitSizeMapper::commit_regions(unsigned int, unsigned long, WorkGang*)+0x42
V  [libjvm.so+0x7cee04]  HeapRegionManager::commit_regions(unsigned int, unsigned long, WorkGang*)+0x54
V  [libjvm.so+0x7cfa14]  HeapRegionManager::make_regions_available(unsigned int, unsigned int, WorkGang*)+0x34
V  [libjvm.so+0x7d0066]  HeapRegionManager::expand_by(unsigned int, WorkGang*)+0x66
V  [libjvm.so+0x7162f7]  G1CollectedHeap::expand(unsigned long, WorkGang*, double*)+0xe7
V  [libjvm.so+0x716a36]  G1CollectedHeap::initialize()+0x6b6
V  [libjvm.so+0xd24e62]  Universe::initialize_heap()+0x42
V  [libjvm.so+0xd25145]  universe_init()+0x55
V  [libjvm.so+0x7ec961]  init_globals()+0x71
V  [libjvm.so+0xd00590]  Threads::create_vm(JavaVMInitArgs*, bool*)+0x4b0
V  [libjvm.so+0x897ea1]  JNI_CreateJavaVM+0x61
C  [libjli.so+0x4689]  JavaMain+0xa9


---------------  P R O C E S S  ---------------

Threads class SMR info:
_java_thread_list=0x00005595390a7c30, length=0, elements={
}

Java Threads: ( => current thread )

Other Threads:
  0x00007ffab402e800 GCTaskThread "GC Thread#0" [stack: 0x00007ffabb895000,0x00007ffabb995000] [id=34765]
  0x00007ffab40d8000 ConcurrentGCThread "G1 Main Marker" [stack: 0x00007ffab9d88000,0x00007ffab9e88000] [id=34767]
  0x00007ffab40da000 ConcurrentGCThread "G1 Conc#0" [stack: 0x00007ffab9c86000,0x00007ffab9d86000] [id=34768]

[error occurred during error reporting (printing all threads), id 0xb, SIGSEGV (0xb) at pc=0x00007ffabcb6d870]

VM state:not at safepoint (not fully initialized)

VM Mutex/Monitor currently owned by a thread:  ([mutex/lock_event])
[0x00007ffab4013570] Heap_lock - owner thread: 0x00007ffab4016000

GC Heap History (0 events):
No events

Deoptimization events (0 events):
No events

Classes redefined (0 events):
No events

Internal exceptions (0 events):
No events

Events (2 events):
Event: 0.002 Protecting memory [0x00007ffabbfbe000,0x00007ffabbfc2000] with protection modes 0
Event: 0.002 Loaded shared library /opt/conda/lib/libzip.so


Dynamic libraries:
559538ba1000-559538ba2000 r--p 00000000 07:01 1238                       /opt/conda/bin/java
559538ba2000-559538ba3000 r-xp 00001000 07:01 1238                       /opt/conda/bin/java
559538ba3000-559538ba4000 r--p 00002000 07:01 1238                       /opt/conda/bin/java
559538ba4000-559538ba5000 r--p 00002000 07:01 1238                       /opt/conda/bin/java
559538ba5000-559538ba6000 rw-p 00003000 07:01 1238                       /opt/conda/bin/java
55953908f000-5595390b0000 rw-p 00000000 00:00 0                          [heap]
7fbe20000000-7fbe20021000 rw-p 00000000 00:00 0 
7fbe20021000-7fbe24000000 ---p 00000000 00:00 0 
7fbe28000000-7fbe28021000 rw-p 00000000 00:00 0 
7fbe28021000-7fbe2c000000 ---p 00000000 00:00 0 
7fbe2ca00000-7fbe2ea00000 rw-p 00000000 00:00 0 
7fbe2ea00000-7fc058000000 ---p 00000000 00:00 0 
7ffa98000000-7ffa98021000 rw-p 00000000 00:00 0 
7ffa98021000-7ffa9c000000 ---p 00000000 00:00 0 
7ffa9c899000-7ffa9cb09000 rwxp 00000000 00:00 0 
7ffa9cb09000-7ffa9cfd8000 ---p 00000000 00:00 0 
7ffa9cfd8000-7ffa9d248000 rwxp 00000000 00:00 0 
7ffa9d248000-7ffaa4438000 ---p 00000000 00:00 0 
7ffaa4438000-7ffaa46a8000 rwxp 00000000 00:00 0 
7ffaa46a8000-7ffaab899000 ---p 00000000 00:00 0 
7ffaab899000-7ffab4000000 r--s 00000000 07:01 26766                      /opt/conda/lib/modules
7ffab4000000-7ffab4124000 rw-p 00000000 00:00 0 
7ffab4124000-7ffab8000000 ---p 00000000 00:00 0 
7ffab8a72000-7ffab9c84000 rw-p 00000000 00:00 0 
7ffab9c84000-7ffab9c85000 ---p 00000000 00:00 0 
7ffab9c85000-7ffab9d86000 rw-p 00000000 00:00 0 
7ffab9d86000-7ffab9d87000 ---p 00000000 00:00 0 
7ffab9d87000-7ffabb893000 rw-p 00000000 00:00 0 
7ffabb893000-7ffabb894000 ---p 00000000 00:00 0 
7ffabb894000-7ffabb99a000 rw-p 00000000 00:00 0 
7ffabb99a000-7ffabba7e000 ---p 00000000 00:00 0 
7ffabba7e000-7ffabba83000 rw-p 00000000 00:00 0 
7ffabba83000-7ffabbb67000 ---p 00000000 00:00 0 
7ffabbb67000-7ffabbb6c000 rw-p 00000000 00:00 0 
7ffabbb6c000-7ffabbb76000 ---p 00000000 00:00 0 
7ffabbb76000-7ffabbb81000 r-xp 00000000 07:01 121459                     /usr/lib64/libnss_files-2.28.so
7ffabbb81000-7ffabbd81000 ---p 0000b000 07:01 121459                     /usr/lib64/libnss_files-2.28.so
7ffabbd81000-7ffabbd82000 r--p 0000b000 07:01 121459                     /usr/lib64/libnss_files-2.28.so
7ffabbd82000-7ffabbd83000 rw-p 0000c000 07:01 121459                     /usr/lib64/libnss_files-2.28.so
7ffabbd83000-7ffabbd89000 rw-p 00000000 00:00 0 
7ffabbd89000-7ffabbd97000 r--p 00000000 07:01 26312                      /opt/conda/lib/libjava.so
7ffabbd97000-7ffabbdac000 r-xp 0000e000 07:01 26312                      /opt/conda/lib/libjava.so
7ffabbdac000-7ffabbdb2000 r--p 00023000 07:01 26312                      /opt/conda/lib/libjava.so
7ffabbdb2000-7ffabbdb3000 ---p 00029000 07:01 26312                      /opt/conda/lib/libjava.so
7ffabbdb3000-7ffabbdb4000 r--p 00029000 07:01 26312                      /opt/conda/lib/libjava.so
7ffabbdb4000-7ffabbdb5000 rw-p 0002a000 07:01 26312                      /opt/conda/lib/libjava.so
7ffabbdb5000-7ffabbdb6000 rw-p 00000000 00:00 0 
7ffabbdb6000-7ffabbdbd000 r-xp 00000000 07:01 121560                     /usr/lib64/librt-2.28.so
7ffabbdbd000-7ffabbfbc000 ---p 00007000 07:01 121560                     /usr/lib64/librt-2.28.so
7ffabbfbc000-7ffabbfbd000 r--p 00006000 07:01 121560                     /usr/lib64/librt-2.28.so
7ffabbfbd000-7ffabbfbe000 rw-p 00007000 07:01 121560                     /usr/lib64/librt-2.28.so
7ffabbfbe000-7ffabbfc2000 ---p 00000000 00:00 0 
7ffabbfc2000-7ffabc0bf000 rw-p 00000000 00:00 0 
7ffabc0bf000-7ffabc240000 r-xp 00000000 07:01 121394                     /usr/lib64/libm-2.28.so
7ffabc240000-7ffabc43f000 ---p 00181000 07:01 121394                     /usr/lib64/libm-2.28.so
7ffabc43f000-7ffabc440000 r--p 00180000 07:01 121394                     /usr/lib64/libm-2.28.so
7ffabc440000-7ffabc441000 rw-p 00181000 07:01 121394                     /usr/lib64/libm-2.28.so
7ffabc441000-7ffabc6a7000 r--p 00000000 07:01 45164                      /opt/conda/lib/server/libjvm.so
7ffabc6a7000-7ffabd213000 r-xp 00266000 07:01 45164                      /opt/conda/lib/server/libjvm.so
7ffabd213000-7ffabd412000 r--p 00dd2000 07:01 45164                      /opt/conda/lib/server/libjvm.so
7ffabd412000-7ffabd413000 ---p 00fd1000 07:01 45164                      /opt/conda/lib/server/libjvm.so
7ffabd413000-7ffabd4cd000 r--p 00fd1000 07:01 45164                      /opt/conda/lib/server/libjvm.so
7ffabd4cd000-7ffabd506000 rw-p 0108b000 07:01 45164                      /opt/conda/lib/server/libjvm.so
7ffabd506000-7ffabd55d000 rw-p 00000000 00:00 0 
7ffabd55d000-7ffabd578000 r-xp 00000000 07:01 121533                     /usr/lib64/libpthread-2.28.so
7ffabd578000-7ffabd777000 ---p 0001b000 07:01 121533                     /usr/lib64/libpthread-2.28.so
7ffabd777000-7ffabd778000 r--p 0001a000 07:01 121533                     /usr/lib64/libpthread-2.28.so
7ffabd778000-7ffabd779000 rw-p 0001b000 07:01 121533                     /usr/lib64/libpthread-2.28.so
7ffabd779000-7ffabd77d000 rw-p 00000000 00:00 0 
7ffabd77d000-7ffabd780000 r-xp 00000000 07:01 121137                     /usr/lib64/libdl-2.28.so
7ffabd780000-7ffabd97f000 ---p 00003000 07:01 121137                     /usr/lib64/libdl-2.28.so
7ffabd97f000-7ffabd980000 r--p 00002000 07:01 121137                     /usr/lib64/libdl-2.28.so
7ffabd980000-7ffabd981000 rw-p 00003000 07:01 121137                     /usr/lib64/libdl-2.28.so
7ffabd981000-7ffabdb3d000 r-xp 00000000 07:01 121083                     /usr/lib64/libc-2.28.so
7ffabdb3d000-7ffabdd3c000 ---p 001bc000 07:01 121083                     /usr/lib64/libc-2.28.so
7ffabdd3c000-7ffabdd40000 r--p 001bb000 07:01 121083                     /usr/lib64/libc-2.28.so
7ffabdd40000-7ffabdd42000 rw-p 001bf000 07:01 121083                     /usr/lib64/libc-2.28.so
7ffabdd42000-7ffabdd46000 rw-p 00000000 00:00 0 
7ffabdd46000-7ffabdd72000 r-xp 00000000 07:01 120850                     /usr/lib64/ld-2.28.so
7ffabdd7d000-7ffabdd7f000 r--p 00000000 07:01 26761                      /opt/conda/lib/libzip.so
7ffabdd7f000-7ffabdd83000 r-xp 00002000 07:01 26761                      /opt/conda/lib/libzip.so
7ffabdd83000-7ffabdd85000 r--p 00006000 07:01 26761                      /opt/conda/lib/libzip.so
7ffabdd85000-7ffabdd86000 r--p 00007000 07:01 26761                      /opt/conda/lib/libzip.so
7ffabdd86000-7ffabdd87000 rw-p 00008000 07:01 26761                      /opt/conda/lib/libzip.so
7ffabdd87000-7ffabdd8f000 rw-s 00000000 08:01 6141649                    /tmp/hsperfdata_cbird/34761
7ffabdd8f000-7ffabdd91000 r--p 00000000 07:01 26322                      /opt/conda/lib/libjimage.so
7ffabdd91000-7ffabdd94000 r-xp 00002000 07:01 26322                      /opt/conda/lib/libjimage.so
7ffabdd94000-7ffabdd95000 r--p 00005000 07:01 26322                      /opt/conda/lib/libjimage.so
7ffabdd95000-7ffabdd96000 ---p 00006000 07:01 26322                      /opt/conda/lib/libjimage.so
7ffabdd96000-7ffabdd97000 r--p 00006000 07:01 26322                      /opt/conda/lib/libjimage.so
7ffabdd97000-7ffabdd98000 rw-p 00007000 07:01 26322                      /opt/conda/lib/libjimage.so
7ffabdd98000-7ffabdd9d000 r--p 00000000 07:01 26634                      /opt/conda/lib/libverify.so
7ffabdd9d000-7ffabdda4000 r-xp 00005000 07:01 26634                      /opt/conda/lib/libverify.so
7ffabdda4000-7ffabdda6000 r--p 0000c000 07:01 26634                      /opt/conda/lib/libverify.so
7ffabdda6000-7ffabdda7000 ---p 0000e000 07:01 26634                      /opt/conda/lib/libverify.so
7ffabdda7000-7ffabdda9000 r--p 0000e000 07:01 26634                      /opt/conda/lib/libverify.so
7ffabdda9000-7ffabddaa000 rw-p 00010000 07:01 26634                      /opt/conda/lib/libverify.so
7ffabddaa000-7ffabddad000 r--p 00000000 07:01 26174                      /opt/conda/lib/libgcc_s.so.1
7ffabddad000-7ffabddb9000 r-xp 00003000 07:01 26174                      /opt/conda/lib/libgcc_s.so.1
7ffabddb9000-7ffabddbc000 r--p 0000f000 07:01 26174                      /opt/conda/lib/libgcc_s.so.1
7ffabddbc000-7ffabddbd000 r--p 00011000 07:01 26174                      /opt/conda/lib/libgcc_s.so.1
7ffabddbd000-7ffabddbe000 rw-p 00012000 07:01 26174                      /opt/conda/lib/libgcc_s.so.1
7ffabddbe000-7ffabde61000 r--p 00000000 07:01 26574                      /opt/conda/lib/libstdc++.so.6.0.28
7ffabde61000-7ffabdee0000 r-xp 000a3000 07:01 26574                      /opt/conda/lib/libstdc++.so.6.0.28
7ffabdee0000-7ffabdf21000 r--p 00122000 07:01 26574                      /opt/conda/lib/libstdc++.so.6.0.28
7ffabdf21000-7ffabdf2c000 r--p 00162000 07:01 26574                      /opt/conda/lib/libstdc++.so.6.0.28
7ffabdf2c000-7ffabdf30000 rw-p 0016d000 07:01 26574                      /opt/conda/lib/libstdc++.so.6.0.28
7ffabdf30000-7ffabdf38000 rw-p 00000000 00:00 0 
7ffabdf38000-7ffabdf3b000 r--p 00000000 07:01 26760                      /opt/conda/lib/libz.so.1.2.11.1-motley
7ffabdf3b000-7ffabdf4e000 r-xp 00003000 07:01 26760                      /opt/conda/lib/libz.so.1.2.11.1-motley
7ffabdf4e000-7ffabdf55000 r--p 00016000 07:01 26760                      /opt/conda/lib/libz.so.1.2.11.1-motley
7ffabdf55000-7ffabdf56000 r--p 0001c000 07:01 26760                      /opt/conda/lib/libz.so.1.2.11.1-motley
7ffabdf56000-7ffabdf57000 rw-p 0001d000 07:01 26760                      /opt/conda/lib/libz.so.1.2.11.1-motley
7ffabdf5b000-7ffabdf5c000 ---p 00000000 00:00 0 
7ffabdf5c000-7ffabdf5d000 r--p 00000000 00:00 0 
7ffabdf5d000-7ffabdf60000 r--p 00000000 07:01 26323                      /opt/conda/lib/libjli.so
7ffabdf60000-7ffabdf6a000 r-xp 00003000 07:01 26323                      /opt/conda/lib/libjli.so
7ffabdf6a000-7ffabdf6d000 r--p 0000d000 07:01 26323                      /opt/conda/lib/libjli.so
7ffabdf6d000-7ffabdf6e000 ---p 00010000 07:01 26323                      /opt/conda/lib/libjli.so
7ffabdf6e000-7ffabdf6f000 r--p 00010000 07:01 26323                      /opt/conda/lib/libjli.so
7ffabdf6f000-7ffabdf70000 rw-p 00011000 07:01 26323                      /opt/conda/lib/libjli.so
7ffabdf70000-7ffabdf72000 rw-p 00000000 00:00 0 
7ffabdf72000-7ffabdf73000 r--p 0002c000 07:01 120850                     /usr/lib64/ld-2.28.so
7ffabdf73000-7ffabdf75000 rw-p 0002d000 07:01 120850                     /usr/lib64/ld-2.28.so
7ffc76928000-7ffc7694c000 rw-p 00000000 00:00 0                          [stack]
7ffc769d7000-7ffc769da000 r--p 00000000 00:00 0                          [vvar]
7ffc769da000-7ffc769dc000 r-xp 00000000 00:00 0                          [vdso]
ffffffffff600000-ffffffffff601000 r-xp 00000000 00:00 0                  [vsyscall]


VM Arguments:
jvm_args: -ea -Xmx233g -Xms233g 
java_command: clump.Clumpify in=fq_fp1/Hte-ATic_030-Ex1-cssl.r1.fq.gz in2=fq_fp1/Hte-ATic_030-Ex1-cssl.r2.fq.gz out=fq_fp1_clmp/Hte-ATic_030-Ex1-cssl.clmp.r1.fq.gz out2=fq_fp1_clmp/Hte-ATic_030-Ex1-cssl.clmp.r2.fq.gz groups=14514 overwrite=t usetmpdir=t tmpdir=/scratch/cbird dedupe=t addcount=t subs=2 containment=t consensus=f -Xmx233g
java_class_path (initial): /opt/conda/opt/bbmap-38.90-3/current/
Launcher Type: SUN_STANDARD

[Global flags]
     intx CICompilerCount                          = 12                                        {product} {ergonomic}
     uint ConcGCThreads                            = 4                                         {product} {ergonomic}
     uint G1ConcRefinementThreads                  = 15                                        {product} {ergonomic}
   size_t G1HeapRegionSize                         = 33554432                                  {product} {ergonomic}
    uintx GCDrainStackTargetSize                   = 64                                        {product} {ergonomic}
   size_t InitialHeapSize                          = 250181844992                              {product} {command line}
   size_t MarkStackSize                            = 4194304                                   {product} {ergonomic}
   size_t MaxHeapSize                              = 250181844992                              {product} {command line}
   size_t MinHeapDeltaBytes                        = 33554432                                  {product} {ergonomic}
    uintx NonNMethodCodeHeapSize                   = 7594288                                {pd product} {ergonomic}
    uintx NonProfiledCodeHeapSize                  = 122031976                              {pd product} {ergonomic}
    uintx ProfiledCodeHeapSize                     = 122031976                              {pd product} {ergonomic}
    uintx ReservedCodeCacheSize                    = 251658240                              {pd product} {ergonomic}
     bool SegmentedCodeCache                       = true                                      {product} {ergonomic}
     bool UseG1GC                                  = true                                      {product} {ergonomic}

Logging:
Log output configuration:
 #0: stdout all=warning uptime,level,tags
 #1: stderr all=off uptime,level,tags

Environment Variables:
JAVA_HOME=/opt/conda
CLASSPATH=/opt/conda/lib/mpi.jar
PATH=/opt/conda/bin/libfabric:/opt/conda/bin:/opt/psmc/bin:/opt/abyss/bin:/opt/conda/bin/libfabric:/opt/micromamba/condabin:/shared/apps/common/slurm/21-08-6-1-w2mq/bin:/usr/local/sbin:/usr/local/bin:/usr/sbin:/usr/bin:/sbin:/bin
LD_LIBRARY_PATH=/opt/conda/lib/libfabric:/opt/conda/lib/libfabric/prov/:/usr/local/lib:/shared/apps/common/slurm/21-08-6-1-w2mq/lib:/shared/apps/common/slurm/21-08-6-1-w2mq/lib/slurm:/.singularity.d/libs
SHELL=/bin/tcsh
DISPLAY=wahab-01:14.0
HOSTTYPE=x86_64-linux
OSTYPE=linux
MACHTYPE=x86_64
LANG=en_US.UTF-8
LC_ALL=en_US.UTF-8
TZ=/etc/localtime

Signal Handlers:
SIGSEGV: [libjvm.so+0xd66470], sa_mask[0]=11111111011111111101111111111110, sa_flags=SA_RESTART|SA_SIGINFO
SIGBUS: [libjvm.so+0xd66470], sa_mask[0]=11111111011111111101111111111110, sa_flags=SA_RESTART|SA_SIGINFO
SIGFPE: [libjvm.so+0xd66470], sa_mask[0]=11111111011111111101111111111110, sa_flags=SA_RESTART|SA_SIGINFO
SIGPIPE: [libjvm.so+0xb6f5b0], sa_mask[0]=11111111011111111101111111111110, sa_flags=SA_RESTART|SA_SIGINFO
SIGXFSZ: [libjvm.so+0xb6f5b0], sa_mask[0]=11111111011111111101111111111110, sa_flags=SA_RESTART|SA_SIGINFO
SIGILL: [libjvm.so+0xd66470], sa_mask[0]=11111111011111111101111111111110, sa_flags=SA_RESTART|SA_SIGINFO
SIGUSR2: [libjvm.so+0xb6f420], sa_mask[0]=00000000000000000000000000000000, sa_flags=SA_RESTART|SA_SIGINFO
SIGHUP: SIG_DFL, sa_mask[0]=00000000000000000000000000000000, sa_flags=none
SIGINT: SIG_DFL, sa_mask[0]=00000000000000000000000000000000, sa_flags=none
SIGTERM: SIG_DFL, sa_mask[0]=00000000000000000000000000000000, sa_flags=none
SIGQUIT: SIG_DFL, sa_mask[0]=00000000000000000000000000000000, sa_flags=none


---------------  S Y S T E M  ---------------

OS:CentOS Stream release 8
uname:Linux 4.15.0-171-generic #180-Ubuntu SMP Wed Mar 2 17:25:05 UTC 2022 x86_64
OS uptime: 18 days 17:48 hours
libc:glibc 2.28 NPTL 2.28 
rlimit (soft/hard): STACK 8192k/infinity , CORE 0k/infinity , NPROC 767745/1541924 , NOFILE 40960/40960 , AS infinity/infinity , CPU infinity/infinity , DATA infinity/infinity , FSIZE infinity/infinity , MEMLOCK infinity/infinity
load average:9.31 9.34 9.23

/proc/meminfo:
MemTotal:       394853204 kB
MemFree:        85362332 kB
MemAvailable:   92157716 kB
Buffers:          160280 kB
Cached:          8215492 kB
SwapCached:            0 kB
Active:         301712568 kB
Inactive:        4964404 kB
Active(anon):   298311080 kB
Inactive(anon):    24036 kB
Active(file):    3401488 kB
Inactive(file):  4940368 kB
Unevictable:           0 kB
Mlocked:               0 kB
SwapTotal:             0 kB
SwapFree:              0 kB
Dirty:               568 kB
Writeback:             0 kB
AnonPages:      298302144 kB
Mapped:           133204 kB
Shmem:             33664 kB
Slab:            1035888 kB
SReclaimable:     596812 kB
SUnreclaim:       439076 kB
KernelStack:       12752 kB
PageTables:       592408 kB
NFS_Unstable:          0 kB
Bounce:                0 kB
WritebackTmp:          0 kB
CommitLimit:    197426600 kB
Committed_AS:   298947020 kB
VmallocTotal:   34359738367 kB
VmallocUsed:           0 kB
VmallocChunk:          0 kB
HardwareCorrupted:    20 kB
AnonHugePages:    362496 kB
ShmemHugePages:        0 kB
ShmemPmdMapped:        0 kB
CmaTotal:              0 kB
CmaFree:               0 kB
HugePages_Total:       0
HugePages_Free:        0
HugePages_Rsvd:        0
HugePages_Surp:        0
Hugepagesize:       2048 kB
DirectMap4k:     2980256 kB
DirectMap2M:    186429440 kB
DirectMap1G:    213909504 kB

/sys/kernel/mm/transparent_hugepage/enabled:
always [madvise] never
/sys/kernel/mm/transparent_hugepage/defrag (defrag/compaction efforts parameter):
always defer defer+madvise [madvise] never

/proc/sys/kernel/threads-max (system-wide limit on the number of threads):
3083848
/proc/sys/vm/max_map_count (maximum number of memory map areas a process may have):
65530
/proc/sys/kernel/pid_max (system-wide limit on number of process identifiers):
40960

Steal ticks since vm start: 0
Steal ticks percentage since vm start:  0.000

CPU:total 40 (initial active 20) (20 cores per cpu, 2 threads per core) family 6 model 85 stepping 4, cmov, cx8, fxsr, mmx, sse, sse2, sse3, ssse3, sse4.1, sse4.2, popcnt, avx, avx2, aes, clmul, erms, rtm, 3dnowpref, lzcnt, ht, tsc, tscinvbit, bmi1, bmi2, adx, fma
CPU Model and flags from /proc/cpuinfo:
model name	: Intel(R) Xeon(R) Gold 6148 CPU @ 2.40GHz
flags		: fpu vme de pse tsc msr pae mce cx8 apic sep mtrr pge mca cmov pat pse36 clflush dts acpi mmx fxsr sse sse2 ss ht tm pbe syscall nx pdpe1gb rdtscp lm constant_tsc art arch_perfmon pebs bts rep_good nopl xtopology nonstop_tsc cpuid aperfmperf pni pclmulqdq dtes64 monitor ds_cpl vmx smx est tm2 ssse3 sdbg fma cx16 xtpr pdcm pcid dca sse4_1 sse4_2 x2apic movbe popcnt tsc_deadline_timer aes xsave avx f16c rdrand lahf_lm abm 3dnowprefetch cpuid_fault epb cat_l3 cdp_l3 invpcid_single pti intel_ppin ssbd mba ibrs ibpb stibp tpr_shadow vnmi flexpriority ept vpid fsgsbase tsc_adjust bmi1 hle avx2 smep bmi2 erms invpcid rtm cqm mpx rdt_a avx512f avx512dq rdseed adx smap clflushopt clwb intel_pt avx512cd avx512bw avx512vl xsaveopt xsavec xgetbv1 xsaves cqm_llc cqm_occup_llc cqm_mbm_total cqm_mbm_local dtherm arat pln pts pku ospke md_clear flush_l1d arch_capabilities
Online cpus:
0-39
Offline cpus:

BIOS frequency limitation:
<Not Available>
Frequency switch latency (ns):
<Not Available>
Available cpu frequencies:
<Not Available>
Current governor:
<Not Available>
Core performance/turbo boost:
<Not Available>

Memory: 4k page, physical 394853204k(85362116k free), swap 0k(0k free)

vm_info: OpenJDK 64-Bit Server VM (11.0.9.1-internal+0-adhoc..src) for linux-amd64 JRE (11.0.9.1-internal+0-adhoc..src), built on Mar 19 2021 22:30:45 by "" with gcc 9.3.0

END.
