#
# There is insufficient memory for the Java Runtime Environment to continue.
# Native memory allocation (mmap) failed to map 193273528320 bytes for committing reserved memory.
# Possible reasons:
#   The system is out of physical RAM or swap space
# Possible solutions:
#   Reduce memory load on the system
#   Increase physical memory or swap space
#   Check if swap backing store is full
#   Decrease Java heap size (-Xmx/-Xms)
#   Decrease number of Java threads
#   Decrease Java thread stack sizes (-Xss)
#   Set larger code cache with -XX:ReservedCodeCacheSize=
# This output file may be truncated or incomplete.
#
#  Out of Memory Error (os_linux.cpp:2913), pid=32367, tid=32369
#
# JRE version:  (11.0.9.1) (build )
# Java VM: OpenJDK 64-Bit Server VM (11.0.9.1-internal+0-adhoc..src, mixed mode, tiered, g1 gc, linux-amd64)
# No core dump will be written. Core dumps have been disabled. To enable core dumping, try "ulimit -c unlimited" before starting Java again
#

---------------  S U M M A R Y ------------

Command Line: -ea -Xmx180g -Xms180g clump.Clumpify in=fq_fp1/Hte-ATic_039-Ex1-cssl.r1.fq.gz in2=fq_fp1/Hte-ATic_039-Ex1-cssl.r2.fq.gz out=fq_fp1_clmp/Hte-ATic_039-Ex1-cssl.clmp.r1.fq.gz out2=fq_fp1_clmp/Hte-ATic_039-Ex1-cssl.clmp.r2.fq.gz groups=14514 overwrite=t usetmpdir=t tmpdir=/scratch/cbird dedupe=t addcount=t subs=2 containment=t consensus=f -Xmx180g

Host: Intel(R) Xeon(R) Gold 6148 CPU @ 2.40GHz, 40 cores, 376G, CentOS Stream release 8
Time: Mon Dec  5 13:00:50 2022 EST elapsed time: 0.012892 seconds (0d 0h 0m 0s)

---------------  T H R E A D  ---------------

Current thread (0x00007f879c016000):  JavaThread "Unknown thread" [_thread_in_vm, id=32369, stack(0x00007f87a2748000,0x00007f87a2849000)]

Stack: [0x00007f87a2748000,0x00007f87a2849000],  sp=0x00007f87a28471f0,  free space=1020k
Native frames: (J=compiled Java code, A=aot compiled Java code, j=interpreted, Vv=VM code, C=native code)
V  [libjvm.so+0xd657ea]  VMError::report_and_die(int, char const*, char const*, __va_list_tag*, Thread*, unsigned char*, void*, void*, char const*, int, unsigned long)+0x38a
V  [libjvm.so+0xd6645d]  VMError::report_and_die(Thread*, char const*, int, unsigned long, VMErrorType, char const*, __va_list_tag*)+0x2d
V  [libjvm.so+0x651c39]  report_vm_out_of_memory(char const*, int, unsigned long, VMErrorType, char const*, ...)+0xd9
V  [libjvm.so+0xb73e74]  os::pd_commit_memory_or_exit(char*, unsigned long, unsigned long, bool, char const*)+0xe4
V  [libjvm.so+0xb6a90d]  os::commit_memory_or_exit(char*, unsigned long, unsigned long, bool, char const*)+0x2d
V  [libjvm.so+0x754c8c]  G1PageBasedVirtualSpace::commit_preferred_pages(unsigned long, unsigned long)+0x6c
V  [libjvm.so+0x7550a8]  G1PageBasedVirtualSpace::commit(unsigned long, unsigned long)+0x1c8
V  [libjvm.so+0x75edd2]  G1RegionsLargerThanCommitSizeMapper::commit_regions(unsigned int, unsigned long, WorkGang*)+0x42
V  [libjvm.so+0x7cee04]  HeapRegionManager::commit_regions(unsigned int, unsigned long, WorkGang*)+0x54
V  [libjvm.so+0x7cfa14]  HeapRegionManager::make_regions_available(unsigned int, unsigned int, WorkGang*)+0x34
V  [libjvm.so+0x7d0066]  HeapRegionManager::expand_by(unsigned int, WorkGang*)+0x66
V  [libjvm.so+0x7162f7]  G1CollectedHeap::expand(unsigned long, WorkGang*, double*)+0xe7
V  [libjvm.so+0x716a36]  G1CollectedHeap::initialize()+0x6b6
V  [libjvm.so+0xd24e62]  Universe::initialize_heap()+0x42
V  [libjvm.so+0xd25145]  universe_init()+0x55
V  [libjvm.so+0x7ec961]  init_globals()+0x71
V  [libjvm.so+0xd00590]  Threads::create_vm(JavaVMInitArgs*, bool*)+0x4b0
V  [libjvm.so+0x897ea1]  JNI_CreateJavaVM+0x61
C  [libjli.so+0x4689]  JavaMain+0xa9


---------------  P R O C E S S  ---------------

Threads class SMR info:
_java_thread_list=0x000055b27b3efc30, length=0, elements={
}

Java Threads: ( => current thread )

Other Threads:
  0x00007f879c02e800 GCTaskThread "GC Thread#0" [stack: 0x00007f87a201f000,0x00007f87a211f000] [id=32371]
  0x00007f879c0b3000 ConcurrentGCThread "G1 Main Marker" [stack: 0x00007f87a0791000,0x00007f87a0891000] [id=32373]
  0x00007f879c0b5000 ConcurrentGCThread "G1 Conc#0" [stack: 0x00007f87a068f000,0x00007f87a078f000] [id=32375]

[error occurred during error reporting (printing all threads), id 0xb, SIGSEGV (0xb) at pc=0x00007f87a32f7870]

VM state:not at safepoint (not fully initialized)

VM Mutex/Monitor currently owned by a thread:  ([mutex/lock_event])
[0x00007f879c013570] Heap_lock - owner thread: 0x00007f879c016000

GC Heap History (0 events):
No events

Deoptimization events (0 events):
No events

Classes redefined (0 events):
No events

Internal exceptions (0 events):
No events

Events (2 events):
Event: 0.002 Protecting memory [0x00007f87a2748000,0x00007f87a274c000] with protection modes 0
Event: 0.002 Loaded shared library /opt/conda/lib/libzip.so


Dynamic libraries:
55b27b06a000-55b27b06b000 r--p 00000000 07:01 1238                       /opt/conda/bin/java
55b27b06b000-55b27b06c000 r-xp 00001000 07:01 1238                       /opt/conda/bin/java
55b27b06c000-55b27b06d000 r--p 00002000 07:01 1238                       /opt/conda/bin/java
55b27b06d000-55b27b06e000 r--p 00002000 07:01 1238                       /opt/conda/bin/java
55b27b06e000-55b27b06f000 rw-p 00003000 07:01 1238                       /opt/conda/bin/java
55b27b3d7000-55b27b3f8000 rw-p 00000000 00:00 0                          [heap]
7f58c8000000-7f58c8021000 rw-p 00000000 00:00 0 
7f58c8021000-7f58cc000000 ---p 00000000 00:00 0 
7f58ce000000-7f58d0000000 rw-p 00000000 00:00 0 
7f58d0000000-7f58d0021000 rw-p 00000000 00:00 0 
7f58d0021000-7f58d4000000 ---p 00000000 00:00 0 
7f58d46ff000-7f58d4800000 rw-p 00000000 00:00 0 
7f58d4800000-7f5a80000000 ---p 00000000 00:00 0 
7f877fcfd000-7f8780000000 rw-p 00000000 00:00 0 
7f8780000000-7f8780021000 rw-p 00000000 00:00 0 
7f8780021000-7f8784000000 ---p 00000000 00:00 0 
7f8784091000-7f8784899000 rw-p 00000000 00:00 0 
7f8784899000-7f8784b09000 rwxp 00000000 00:00 0 
7f8784b09000-7f8784fd8000 ---p 00000000 00:00 0 
7f8784fd8000-7f8785248000 rwxp 00000000 00:00 0 
7f8785248000-7f878c438000 ---p 00000000 00:00 0 
7f878c438000-7f878c6a8000 rwxp 00000000 00:00 0 
7f878c6a8000-7f8793899000 ---p 00000000 00:00 0 
7f8793899000-7f879c000000 r--s 00000000 07:01 26766                      /opt/conda/lib/modules
7f879c000000-7f879c0fe000 rw-p 00000000 00:00 0 
7f879c0fe000-7f87a0000000 ---p 00000000 00:00 0 
7f87a0087000-7f87a068d000 rw-p 00000000 00:00 0 
7f87a068d000-7f87a068e000 ---p 00000000 00:00 0 
7f87a068e000-7f87a078f000 rw-p 00000000 00:00 0 
7f87a078f000-7f87a0790000 ---p 00000000 00:00 0 
7f87a0790000-7f87a201d000 rw-p 00000000 00:00 0 
7f87a201d000-7f87a201e000 ---p 00000000 00:00 0 
7f87a201e000-7f87a2124000 rw-p 00000000 00:00 0 
7f87a2124000-7f87a2208000 ---p 00000000 00:00 0 
7f87a2208000-7f87a220d000 rw-p 00000000 00:00 0 
7f87a220d000-7f87a22f1000 ---p 00000000 00:00 0 
7f87a22f1000-7f87a22f6000 rw-p 00000000 00:00 0 
7f87a22f6000-7f87a2300000 ---p 00000000 00:00 0 
7f87a2300000-7f87a230b000 r-xp 00000000 07:01 121459                     /usr/lib64/libnss_files-2.28.so
7f87a230b000-7f87a250b000 ---p 0000b000 07:01 121459                     /usr/lib64/libnss_files-2.28.so
7f87a250b000-7f87a250c000 r--p 0000b000 07:01 121459                     /usr/lib64/libnss_files-2.28.so
7f87a250c000-7f87a250d000 rw-p 0000c000 07:01 121459                     /usr/lib64/libnss_files-2.28.so
7f87a250d000-7f87a2513000 rw-p 00000000 00:00 0 
7f87a2513000-7f87a2521000 r--p 00000000 07:01 26312                      /opt/conda/lib/libjava.so
7f87a2521000-7f87a2536000 r-xp 0000e000 07:01 26312                      /opt/conda/lib/libjava.so
7f87a2536000-7f87a253c000 r--p 00023000 07:01 26312                      /opt/conda/lib/libjava.so
7f87a253c000-7f87a253d000 ---p 00029000 07:01 26312                      /opt/conda/lib/libjava.so
7f87a253d000-7f87a253e000 r--p 00029000 07:01 26312                      /opt/conda/lib/libjava.so
7f87a253e000-7f87a253f000 rw-p 0002a000 07:01 26312                      /opt/conda/lib/libjava.so
7f87a253f000-7f87a2540000 rw-p 00000000 00:00 0 
7f87a2540000-7f87a2547000 r-xp 00000000 07:01 121560                     /usr/lib64/librt-2.28.so
7f87a2547000-7f87a2746000 ---p 00007000 07:01 121560                     /usr/lib64/librt-2.28.so
7f87a2746000-7f87a2747000 r--p 00006000 07:01 121560                     /usr/lib64/librt-2.28.so
7f87a2747000-7f87a2748000 rw-p 00007000 07:01 121560                     /usr/lib64/librt-2.28.so
7f87a2748000-7f87a274c000 ---p 00000000 00:00 0 
7f87a274c000-7f87a2849000 rw-p 00000000 00:00 0 
7f87a2849000-7f87a29ca000 r-xp 00000000 07:01 121394                     /usr/lib64/libm-2.28.so
7f87a29ca000-7f87a2bc9000 ---p 00181000 07:01 121394                     /usr/lib64/libm-2.28.so
7f87a2bc9000-7f87a2bca000 r--p 00180000 07:01 121394                     /usr/lib64/libm-2.28.so
7f87a2bca000-7f87a2bcb000 rw-p 00181000 07:01 121394                     /usr/lib64/libm-2.28.so
7f87a2bcb000-7f87a2e31000 r--p 00000000 07:01 45164                      /opt/conda/lib/server/libjvm.so
7f87a2e31000-7f87a399d000 r-xp 00266000 07:01 45164                      /opt/conda/lib/server/libjvm.so
7f87a399d000-7f87a3b9c000 r--p 00dd2000 07:01 45164                      /opt/conda/lib/server/libjvm.so
7f87a3b9c000-7f87a3b9d000 ---p 00fd1000 07:01 45164                      /opt/conda/lib/server/libjvm.so
7f87a3b9d000-7f87a3c57000 r--p 00fd1000 07:01 45164                      /opt/conda/lib/server/libjvm.so
7f87a3c57000-7f87a3c90000 rw-p 0108b000 07:01 45164                      /opt/conda/lib/server/libjvm.so
7f87a3c90000-7f87a3ce7000 rw-p 00000000 00:00 0 
7f87a3ce7000-7f87a3d02000 r-xp 00000000 07:01 121533                     /usr/lib64/libpthread-2.28.so
7f87a3d02000-7f87a3f01000 ---p 0001b000 07:01 121533                     /usr/lib64/libpthread-2.28.so
7f87a3f01000-7f87a3f02000 r--p 0001a000 07:01 121533                     /usr/lib64/libpthread-2.28.so
7f87a3f02000-7f87a3f03000 rw-p 0001b000 07:01 121533                     /usr/lib64/libpthread-2.28.so
7f87a3f03000-7f87a3f07000 rw-p 00000000 00:00 0 
7f87a3f07000-7f87a3f0a000 r-xp 00000000 07:01 121137                     /usr/lib64/libdl-2.28.so
7f87a3f0a000-7f87a4109000 ---p 00003000 07:01 121137                     /usr/lib64/libdl-2.28.so
7f87a4109000-7f87a410a000 r--p 00002000 07:01 121137                     /usr/lib64/libdl-2.28.so
7f87a410a000-7f87a410b000 rw-p 00003000 07:01 121137                     /usr/lib64/libdl-2.28.so
7f87a410b000-7f87a42c7000 r-xp 00000000 07:01 121083                     /usr/lib64/libc-2.28.so
7f87a42c7000-7f87a44c6000 ---p 001bc000 07:01 121083                     /usr/lib64/libc-2.28.so
7f87a44c6000-7f87a44ca000 r--p 001bb000 07:01 121083                     /usr/lib64/libc-2.28.so
7f87a44ca000-7f87a44cc000 rw-p 001bf000 07:01 121083                     /usr/lib64/libc-2.28.so
7f87a44cc000-7f87a44d0000 rw-p 00000000 00:00 0 
7f87a44d0000-7f87a44fc000 r-xp 00000000 07:01 120850                     /usr/lib64/ld-2.28.so
7f87a4507000-7f87a4509000 r--p 00000000 07:01 26761                      /opt/conda/lib/libzip.so
7f87a4509000-7f87a450d000 r-xp 00002000 07:01 26761                      /opt/conda/lib/libzip.so
7f87a450d000-7f87a450f000 r--p 00006000 07:01 26761                      /opt/conda/lib/libzip.so
7f87a450f000-7f87a4510000 r--p 00007000 07:01 26761                      /opt/conda/lib/libzip.so
7f87a4510000-7f87a4511000 rw-p 00008000 07:01 26761                      /opt/conda/lib/libzip.so
7f87a4511000-7f87a4519000 rw-s 00000000 08:01 6657197                    /tmp/hsperfdata_cbird/32367
7f87a4519000-7f87a451b000 r--p 00000000 07:01 26322                      /opt/conda/lib/libjimage.so
7f87a451b000-7f87a451e000 r-xp 00002000 07:01 26322                      /opt/conda/lib/libjimage.so
7f87a451e000-7f87a451f000 r--p 00005000 07:01 26322                      /opt/conda/lib/libjimage.so
7f87a451f000-7f87a4520000 ---p 00006000 07:01 26322                      /opt/conda/lib/libjimage.so
7f87a4520000-7f87a4521000 r--p 00006000 07:01 26322                      /opt/conda/lib/libjimage.so
7f87a4521000-7f87a4522000 rw-p 00007000 07:01 26322                      /opt/conda/lib/libjimage.so
7f87a4522000-7f87a4527000 r--p 00000000 07:01 26634                      /opt/conda/lib/libverify.so
7f87a4527000-7f87a452e000 r-xp 00005000 07:01 26634                      /opt/conda/lib/libverify.so
7f87a452e000-7f87a4530000 r--p 0000c000 07:01 26634                      /opt/conda/lib/libverify.so
7f87a4530000-7f87a4531000 ---p 0000e000 07:01 26634                      /opt/conda/lib/libverify.so
7f87a4531000-7f87a4533000 r--p 0000e000 07:01 26634                      /opt/conda/lib/libverify.so
7f87a4533000-7f87a4534000 rw-p 00010000 07:01 26634                      /opt/conda/lib/libverify.so
7f87a4534000-7f87a4537000 r--p 00000000 07:01 26174                      /opt/conda/lib/libgcc_s.so.1
7f87a4537000-7f87a4543000 r-xp 00003000 07:01 26174                      /opt/conda/lib/libgcc_s.so.1
7f87a4543000-7f87a4546000 r--p 0000f000 07:01 26174                      /opt/conda/lib/libgcc_s.so.1
7f87a4546000-7f87a4547000 r--p 00011000 07:01 26174                      /opt/conda/lib/libgcc_s.so.1
7f87a4547000-7f87a4548000 rw-p 00012000 07:01 26174                      /opt/conda/lib/libgcc_s.so.1
7f87a4548000-7f87a45eb000 r--p 00000000 07:01 26574                      /opt/conda/lib/libstdc++.so.6.0.28
7f87a45eb000-7f87a466a000 r-xp 000a3000 07:01 26574                      /opt/conda/lib/libstdc++.so.6.0.28
7f87a466a000-7f87a46ab000 r--p 00122000 07:01 26574                      /opt/conda/lib/libstdc++.so.6.0.28
7f87a46ab000-7f87a46b6000 r--p 00162000 07:01 26574                      /opt/conda/lib/libstdc++.so.6.0.28
7f87a46b6000-7f87a46ba000 rw-p 0016d000 07:01 26574                      /opt/conda/lib/libstdc++.so.6.0.28
7f87a46ba000-7f87a46c2000 rw-p 00000000 00:00 0 
7f87a46c2000-7f87a46c5000 r--p 00000000 07:01 26760                      /opt/conda/lib/libz.so.1.2.11.1-motley
7f87a46c5000-7f87a46d8000 r-xp 00003000 07:01 26760                      /opt/conda/lib/libz.so.1.2.11.1-motley
7f87a46d8000-7f87a46df000 r--p 00016000 07:01 26760                      /opt/conda/lib/libz.so.1.2.11.1-motley
7f87a46df000-7f87a46e0000 r--p 0001c000 07:01 26760                      /opt/conda/lib/libz.so.1.2.11.1-motley
7f87a46e0000-7f87a46e1000 rw-p 0001d000 07:01 26760                      /opt/conda/lib/libz.so.1.2.11.1-motley
7f87a46e5000-7f87a46e6000 ---p 00000000 00:00 0 
7f87a46e6000-7f87a46e7000 r--p 00000000 00:00 0 
7f87a46e7000-7f87a46ea000 r--p 00000000 07:01 26323                      /opt/conda/lib/libjli.so
7f87a46ea000-7f87a46f4000 r-xp 00003000 07:01 26323                      /opt/conda/lib/libjli.so
7f87a46f4000-7f87a46f7000 r--p 0000d000 07:01 26323                      /opt/conda/lib/libjli.so
7f87a46f7000-7f87a46f8000 ---p 00010000 07:01 26323                      /opt/conda/lib/libjli.so
7f87a46f8000-7f87a46f9000 r--p 00010000 07:01 26323                      /opt/conda/lib/libjli.so
7f87a46f9000-7f87a46fa000 rw-p 00011000 07:01 26323                      /opt/conda/lib/libjli.so
7f87a46fa000-7f87a46fc000 rw-p 00000000 00:00 0 
7f87a46fc000-7f87a46fd000 r--p 0002c000 07:01 120850                     /usr/lib64/ld-2.28.so
7f87a46fd000-7f87a46ff000 rw-p 0002d000 07:01 120850                     /usr/lib64/ld-2.28.so
7ffdf33ad000-7ffdf33d1000 rw-p 00000000 00:00 0                          [stack]
7ffdf33fb000-7ffdf33fe000 r--p 00000000 00:00 0                          [vvar]
7ffdf33fe000-7ffdf3400000 r-xp 00000000 00:00 0                          [vdso]
ffffffffff600000-ffffffffff601000 r-xp 00000000 00:00 0                  [vsyscall]


VM Arguments:
jvm_args: -ea -Xmx180g -Xms180g 
java_command: clump.Clumpify in=fq_fp1/Hte-ATic_039-Ex1-cssl.r1.fq.gz in2=fq_fp1/Hte-ATic_039-Ex1-cssl.r2.fq.gz out=fq_fp1_clmp/Hte-ATic_039-Ex1-cssl.clmp.r1.fq.gz out2=fq_fp1_clmp/Hte-ATic_039-Ex1-cssl.clmp.r2.fq.gz groups=14514 overwrite=t usetmpdir=t tmpdir=/scratch/cbird dedupe=t addcount=t subs=2 containment=t consensus=f -Xmx180g
java_class_path (initial): /opt/conda/opt/bbmap-38.90-3/current/
Launcher Type: SUN_STANDARD

[Global flags]
     intx CICompilerCount                          = 12                                        {product} {ergonomic}
     uint ConcGCThreads                            = 4                                         {product} {ergonomic}
     uint G1ConcRefinementThreads                  = 15                                        {product} {ergonomic}
   size_t G1HeapRegionSize                         = 33554432                                  {product} {ergonomic}
    uintx GCDrainStackTargetSize                   = 64                                        {product} {ergonomic}
   size_t InitialHeapSize                          = 193273528320                              {product} {command line}
   size_t MarkStackSize                            = 4194304                                   {product} {ergonomic}
   size_t MaxHeapSize                              = 193273528320                              {product} {command line}
   size_t MinHeapDeltaBytes                        = 33554432                                  {product} {ergonomic}
    uintx NonNMethodCodeHeapSize                   = 7594288                                {pd product} {ergonomic}
    uintx NonProfiledCodeHeapSize                  = 122031976                              {pd product} {ergonomic}
    uintx ProfiledCodeHeapSize                     = 122031976                              {pd product} {ergonomic}
    uintx ReservedCodeCacheSize                    = 251658240                              {pd product} {ergonomic}
     bool SegmentedCodeCache                       = true                                      {product} {ergonomic}
     bool UseG1GC                                  = true                                      {product} {ergonomic}

Logging:
Log output configuration:
 #0: stdout all=warning uptime,level,tags
 #1: stderr all=off uptime,level,tags

Environment Variables:
JAVA_HOME=/opt/conda
CLASSPATH=/opt/conda/lib/mpi.jar
PATH=/opt/conda/bin/libfabric:/opt/conda/bin:/opt/psmc/bin:/opt/abyss/bin:/opt/conda/bin/libfabric:/opt/micromamba/condabin:/shared/apps/common/slurm/21-08-6-1-w2mq/bin:/usr/local/sbin:/usr/local/bin:/usr/sbin:/usr/bin:/sbin:/bin
LD_LIBRARY_PATH=/opt/conda/lib/libfabric:/opt/conda/lib/libfabric/prov/:/usr/local/lib:/shared/apps/common/slurm/21-08-6-1-w2mq/lib:/shared/apps/common/slurm/21-08-6-1-w2mq/lib/slurm:/.singularity.d/libs
SHELL=/bin/tcsh
HOSTTYPE=x86_64-linux
OSTYPE=linux
MACHTYPE=x86_64
LANG=en_US.UTF-8
LC_ALL=en_US.UTF-8
TZ=/etc/localtime

Signal Handlers:
SIGSEGV: [libjvm.so+0xd66470], sa_mask[0]=11111111011111111101111111111110, sa_flags=SA_RESTART|SA_SIGINFO
SIGBUS: [libjvm.so+0xd66470], sa_mask[0]=11111111011111111101111111111110, sa_flags=SA_RESTART|SA_SIGINFO
SIGFPE: [libjvm.so+0xd66470], sa_mask[0]=11111111011111111101111111111110, sa_flags=SA_RESTART|SA_SIGINFO
SIGPIPE: [libjvm.so+0xb6f5b0], sa_mask[0]=11111111011111111101111111111110, sa_flags=SA_RESTART|SA_SIGINFO
SIGXFSZ: [libjvm.so+0xb6f5b0], sa_mask[0]=11111111011111111101111111111110, sa_flags=SA_RESTART|SA_SIGINFO
SIGILL: [libjvm.so+0xd66470], sa_mask[0]=11111111011111111101111111111110, sa_flags=SA_RESTART|SA_SIGINFO
SIGUSR2: [libjvm.so+0xb6f420], sa_mask[0]=00000000000000000000000000000000, sa_flags=SA_RESTART|SA_SIGINFO
SIGHUP: SIG_DFL, sa_mask[0]=00000000000000000000000000000000, sa_flags=none
SIGINT: SIG_DFL, sa_mask[0]=00000000000000000000000000000000, sa_flags=none
SIGTERM: SIG_DFL, sa_mask[0]=00000000000000000000000000000000, sa_flags=none
SIGQUIT: SIG_DFL, sa_mask[0]=00000000000000000000000000000000, sa_flags=none


---------------  S Y S T E M  ---------------

OS:CentOS Stream release 8
uname:Linux 4.15.0-171-generic #180-Ubuntu SMP Wed Mar 2 17:25:05 UTC 2022 x86_64
OS uptime: 17 days 23:18 hours
libc:glibc 2.28 NPTL 2.28 
rlimit (soft/hard): STACK 8192k/infinity , CORE 0k/infinity , NPROC 767745/1541924 , NOFILE 40960/40960 , AS infinity/infinity , CPU infinity/infinity , DATA infinity/infinity , FSIZE infinity/infinity , MEMLOCK infinity/infinity
load average:7.68 7.18 7.95

/proc/meminfo:
MemTotal:       394853204 kB
MemFree:        135036488 kB
MemAvailable:   158591756 kB
Buffers:           71928 kB
Cached:         25186772 kB
SwapCached:            0 kB
Active:         256841884 kB
Inactive:         457196 kB
Active(anon):   232047676 kB
Inactive(anon):    18036 kB
Active(file):   24794208 kB
Inactive(file):   439160 kB
Unevictable:           0 kB
Mlocked:               0 kB
SwapTotal:             0 kB
SwapFree:              0 kB
Dirty:               228 kB
Writeback:             8 kB
AnonPages:      232040704 kB
Mapped:           105144 kB
Shmem:             25084 kB
Slab:             850640 kB
SReclaimable:     333816 kB
SUnreclaim:       516824 kB
KernelStack:       13136 kB
PageTables:       461880 kB
NFS_Unstable:          0 kB
Bounce:                0 kB
WritebackTmp:          0 kB
CommitLimit:    197426600 kB
Committed_AS:   232669844 kB
VmallocTotal:   34359738367 kB
VmallocUsed:           0 kB
VmallocChunk:          0 kB
HardwareCorrupted:     0 kB
AnonHugePages:    286720 kB
ShmemHugePages:        0 kB
ShmemPmdMapped:        0 kB
CmaTotal:              0 kB
CmaFree:               0 kB
HugePages_Total:       0
HugePages_Free:        0
HugePages_Rsvd:        0
HugePages_Surp:        0
Hugepagesize:       2048 kB
DirectMap4k:     9718176 kB
DirectMap2M:    361095168 kB
DirectMap1G:    32505856 kB

/sys/kernel/mm/transparent_hugepage/enabled:
always [madvise] never
/sys/kernel/mm/transparent_hugepage/defrag (defrag/compaction efforts parameter):
always defer defer+madvise [madvise] never

/proc/sys/kernel/threads-max (system-wide limit on the number of threads):
3083848
/proc/sys/vm/max_map_count (maximum number of memory map areas a process may have):
65530
/proc/sys/kernel/pid_max (system-wide limit on number of process identifiers):
40960

Steal ticks since vm start: 0
Steal ticks percentage since vm start:  0.000

CPU:total 40 (initial active 20) (20 cores per cpu, 2 threads per core) family 6 model 85 stepping 4, cmov, cx8, fxsr, mmx, sse, sse2, sse3, ssse3, sse4.1, sse4.2, popcnt, avx, avx2, aes, clmul, erms, rtm, 3dnowpref, lzcnt, ht, tsc, tscinvbit, bmi1, bmi2, adx, fma
CPU Model and flags from /proc/cpuinfo:
model name	: Intel(R) Xeon(R) Gold 6148 CPU @ 2.40GHz
flags		: fpu vme de pse tsc msr pae mce cx8 apic sep mtrr pge mca cmov pat pse36 clflush dts acpi mmx fxsr sse sse2 ss ht tm pbe syscall nx pdpe1gb rdtscp lm constant_tsc art arch_perfmon pebs bts rep_good nopl xtopology nonstop_tsc cpuid aperfmperf pni pclmulqdq dtes64 monitor ds_cpl vmx smx est tm2 ssse3 sdbg fma cx16 xtpr pdcm pcid dca sse4_1 sse4_2 x2apic movbe popcnt tsc_deadline_timer aes xsave avx f16c rdrand lahf_lm abm 3dnowprefetch cpuid_fault epb cat_l3 cdp_l3 invpcid_single pti intel_ppin ssbd mba ibrs ibpb stibp tpr_shadow vnmi flexpriority ept vpid fsgsbase tsc_adjust bmi1 hle avx2 smep bmi2 erms invpcid rtm cqm mpx rdt_a avx512f avx512dq rdseed adx smap clflushopt clwb intel_pt avx512cd avx512bw avx512vl xsaveopt xsavec xgetbv1 xsaves cqm_llc cqm_occup_llc cqm_mbm_total cqm_mbm_local dtherm arat pln pts pku ospke md_clear flush_l1d arch_capabilities
Online cpus:
0-39
Offline cpus:

BIOS frequency limitation:
<Not Available>
Frequency switch latency (ns):
<Not Available>
Available cpu frequencies:
<Not Available>
Current governor:
<Not Available>
Core performance/turbo boost:
<Not Available>

Memory: 4k page, physical 394853204k(135035464k free), swap 0k(0k free)

vm_info: OpenJDK 64-Bit Server VM (11.0.9.1-internal+0-adhoc..src) for linux-amd64 JRE (11.0.9.1-internal+0-adhoc..src), built on Mar 19 2021 22:30:45 by "" with gcc 9.3.0

END.
