#
# There is insufficient memory for the Java Runtime Environment to continue.
# Native memory allocation (mmap) failed to map 250181844992 bytes for committing reserved memory.
# Possible reasons:
#   The system is out of physical RAM or swap space
# Possible solutions:
#   Reduce memory load on the system
#   Increase physical memory or swap space
#   Check if swap backing store is full
#   Decrease Java heap size (-Xmx/-Xms)
#   Decrease number of Java threads
#   Decrease Java thread stack sizes (-Xss)
#   Set larger code cache with -XX:ReservedCodeCacheSize=
# This output file may be truncated or incomplete.
#
#  Out of Memory Error (os_linux.cpp:2913), pid=361, tid=363
#
# JRE version:  (11.0.9.1) (build )
# Java VM: OpenJDK 64-Bit Server VM (11.0.9.1-internal+0-adhoc..src, mixed mode, tiered, g1 gc, linux-amd64)
# No core dump will be written. Core dumps have been disabled. To enable core dumping, try "ulimit -c unlimited" before starting Java again
#

---------------  S U M M A R Y ------------

Command Line: -ea -Xmx233g -Xms233g clump.Clumpify in=fq_fp1/Hte-ATic_025-Ex1-cssl.r1.fq.gz in2=fq_fp1/Hte-ATic_025-Ex1-cssl.r2.fq.gz out=fq_fp1_clmp/Hte-ATic_025-Ex1-cssl.clmp.r1.fq.gz out2=fq_fp1_clmp/Hte-ATic_025-Ex1-cssl.clmp.r2.fq.gz groups=14514 overwrite=t usetmpdir=t tmpdir=/scratch/cbird dedupe=t addcount=t subs=2 containment=t consensus=f -Xmx233g

Host: Intel(R) Xeon(R) Gold 6148 CPU @ 2.40GHz, 40 cores, 376G, CentOS Stream release 8
Time: Tue Dec  6 07:24:56 2022 EST elapsed time: 0.014936 seconds (0d 0h 0m 0s)

---------------  T H R E A D  ---------------

Current thread (0x00007fe1b4016000):  JavaThread "Unknown thread" [_thread_in_vm, id=363, stack(0x00007fe1bab04000,0x00007fe1bac05000)]

Stack: [0x00007fe1bab04000,0x00007fe1bac05000],  sp=0x00007fe1bac031f0,  free space=1020k
Native frames: (J=compiled Java code, A=aot compiled Java code, j=interpreted, Vv=VM code, C=native code)
V  [libjvm.so+0xd657ea]  VMError::report_and_die(int, char const*, char const*, __va_list_tag*, Thread*, unsigned char*, void*, void*, char const*, int, unsigned long)+0x38a
V  [libjvm.so+0xd6645d]  VMError::report_and_die(Thread*, char const*, int, unsigned long, VMErrorType, char const*, __va_list_tag*)+0x2d
V  [libjvm.so+0x651c39]  report_vm_out_of_memory(char const*, int, unsigned long, VMErrorType, char const*, ...)+0xd9
V  [libjvm.so+0xb73e74]  os::pd_commit_memory_or_exit(char*, unsigned long, unsigned long, bool, char const*)+0xe4
V  [libjvm.so+0xb6a90d]  os::commit_memory_or_exit(char*, unsigned long, unsigned long, bool, char const*)+0x2d
V  [libjvm.so+0x754c8c]  G1PageBasedVirtualSpace::commit_preferred_pages(unsigned long, unsigned long)+0x6c
V  [libjvm.so+0x7550a8]  G1PageBasedVirtualSpace::commit(unsigned long, unsigned long)+0x1c8
V  [libjvm.so+0x75edd2]  G1RegionsLargerThanCommitSizeMapper::commit_regions(unsigned int, unsigned long, WorkGang*)+0x42
V  [libjvm.so+0x7cee04]  HeapRegionManager::commit_regions(unsigned int, unsigned long, WorkGang*)+0x54
V  [libjvm.so+0x7cfa14]  HeapRegionManager::make_regions_available(unsigned int, unsigned int, WorkGang*)+0x34
V  [libjvm.so+0x7d0066]  HeapRegionManager::expand_by(unsigned int, WorkGang*)+0x66
V  [libjvm.so+0x7162f7]  G1CollectedHeap::expand(unsigned long, WorkGang*, double*)+0xe7
V  [libjvm.so+0x716a36]  G1CollectedHeap::initialize()+0x6b6
V  [libjvm.so+0xd24e62]  Universe::initialize_heap()+0x42
V  [libjvm.so+0xd25145]  universe_init()+0x55
V  [libjvm.so+0x7ec961]  init_globals()+0x71
V  [libjvm.so+0xd00590]  Threads::create_vm(JavaVMInitArgs*, bool*)+0x4b0
V  [libjvm.so+0x897ea1]  JNI_CreateJavaVM+0x61
C  [libjli.so+0x4689]  JavaMain+0xa9


---------------  P R O C E S S  ---------------

Threads class SMR info:
_java_thread_list=0x0000557f10badc30, length=0, elements={
}

Java Threads: ( => current thread )

Other Threads:
  0x00007fe1b402e800 GCTaskThread "GC Thread#0" [stack: 0x00007fe1ba3db000,0x00007fe1ba4db000] [id=366]
  0x00007fe1b40d8000 ConcurrentGCThread "G1 Main Marker" [stack: 0x00007fe1b88ce000,0x00007fe1b89ce000] [id=369]
  0x00007fe1b40da000 ConcurrentGCThread "G1 Conc#0" [stack: 0x00007fe1b87cc000,0x00007fe1b88cc000] [id=370]

[error occurred during error reporting (printing all threads), id 0xb, SIGSEGV (0xb) at pc=0x00007fe1bb6b3870]

VM state:not at safepoint (not fully initialized)

VM Mutex/Monitor currently owned by a thread:  ([mutex/lock_event])
[0x00007fe1b4013570] Heap_lock - owner thread: 0x00007fe1b4016000

GC Heap History (0 events):
No events

Deoptimization events (0 events):
No events

Classes redefined (0 events):
No events

Internal exceptions (0 events):
No events

Events (2 events):
Event: 0.002 Protecting memory [0x00007fe1bab04000,0x00007fe1bab08000] with protection modes 0
Event: 0.003 Loaded shared library /opt/conda/lib/libzip.so


Dynamic libraries:
557f0fc42000-557f0fc43000 r--p 00000000 07:01 1238                       /opt/conda/bin/java
557f0fc43000-557f0fc44000 r-xp 00001000 07:01 1238                       /opt/conda/bin/java
557f0fc44000-557f0fc45000 r--p 00002000 07:01 1238                       /opt/conda/bin/java
557f0fc45000-557f0fc46000 r--p 00002000 07:01 1238                       /opt/conda/bin/java
557f0fc46000-557f0fc47000 rw-p 00003000 07:01 1238                       /opt/conda/bin/java
557f10b95000-557f10bb6000 rw-p 00000000 00:00 0                          [heap]
7fa520000000-7fa520021000 rw-p 00000000 00:00 0 
7fa520021000-7fa524000000 ---p 00000000 00:00 0 
7fa528000000-7fa528021000 rw-p 00000000 00:00 0 
7fa528021000-7fa52c000000 ---p 00000000 00:00 0 
7fa52ca00000-7fa52ea00000 rw-p 00000000 00:00 0 
7fa52ea00000-7fa758000000 ---p 00000000 00:00 0 
7fe197cfd000-7fe198000000 rw-p 00000000 00:00 0 
7fe198000000-7fe198021000 rw-p 00000000 00:00 0 
7fe198021000-7fe19c000000 ---p 00000000 00:00 0 
7fe19c091000-7fe19c899000 rw-p 00000000 00:00 0 
7fe19c899000-7fe19cb09000 rwxp 00000000 00:00 0 
7fe19cb09000-7fe19cfd8000 ---p 00000000 00:00 0 
7fe19cfd8000-7fe19d248000 rwxp 00000000 00:00 0 
7fe19d248000-7fe1a4438000 ---p 00000000 00:00 0 
7fe1a4438000-7fe1a46a8000 rwxp 00000000 00:00 0 
7fe1a46a8000-7fe1ab899000 ---p 00000000 00:00 0 
7fe1ab899000-7fe1b4000000 r--s 00000000 07:01 26766                      /opt/conda/lib/modules
7fe1b4000000-7fe1b4124000 rw-p 00000000 00:00 0 
7fe1b4124000-7fe1b8000000 ---p 00000000 00:00 0 
7fe1b80c3000-7fe1b87ca000 rw-p 00000000 00:00 0 
7fe1b87ca000-7fe1b87cb000 ---p 00000000 00:00 0 
7fe1b87cb000-7fe1b88cc000 rw-p 00000000 00:00 0 
7fe1b88cc000-7fe1b88cd000 ---p 00000000 00:00 0 
7fe1b88cd000-7fe1ba3d9000 rw-p 00000000 00:00 0 
7fe1ba3d9000-7fe1ba3da000 ---p 00000000 00:00 0 
7fe1ba3da000-7fe1ba4e0000 rw-p 00000000 00:00 0 
7fe1ba4e0000-7fe1ba5c4000 ---p 00000000 00:00 0 
7fe1ba5c4000-7fe1ba5c9000 rw-p 00000000 00:00 0 
7fe1ba5c9000-7fe1ba6ad000 ---p 00000000 00:00 0 
7fe1ba6ad000-7fe1ba6b2000 rw-p 00000000 00:00 0 
7fe1ba6b2000-7fe1ba6bc000 ---p 00000000 00:00 0 
7fe1ba6bc000-7fe1ba6c7000 r-xp 00000000 07:01 121459                     /usr/lib64/libnss_files-2.28.so
7fe1ba6c7000-7fe1ba8c7000 ---p 0000b000 07:01 121459                     /usr/lib64/libnss_files-2.28.so
7fe1ba8c7000-7fe1ba8c8000 r--p 0000b000 07:01 121459                     /usr/lib64/libnss_files-2.28.so
7fe1ba8c8000-7fe1ba8c9000 rw-p 0000c000 07:01 121459                     /usr/lib64/libnss_files-2.28.so
7fe1ba8c9000-7fe1ba8cf000 rw-p 00000000 00:00 0 
7fe1ba8cf000-7fe1ba8dd000 r--p 00000000 07:01 26312                      /opt/conda/lib/libjava.so
7fe1ba8dd000-7fe1ba8f2000 r-xp 0000e000 07:01 26312                      /opt/conda/lib/libjava.so
7fe1ba8f2000-7fe1ba8f8000 r--p 00023000 07:01 26312                      /opt/conda/lib/libjava.so
7fe1ba8f8000-7fe1ba8f9000 ---p 00029000 07:01 26312                      /opt/conda/lib/libjava.so
7fe1ba8f9000-7fe1ba8fa000 r--p 00029000 07:01 26312                      /opt/conda/lib/libjava.so
7fe1ba8fa000-7fe1ba8fb000 rw-p 0002a000 07:01 26312                      /opt/conda/lib/libjava.so
7fe1ba8fb000-7fe1ba8fc000 rw-p 00000000 00:00 0 
7fe1ba8fc000-7fe1ba903000 r-xp 00000000 07:01 121560                     /usr/lib64/librt-2.28.so
7fe1ba903000-7fe1bab02000 ---p 00007000 07:01 121560                     /usr/lib64/librt-2.28.so
7fe1bab02000-7fe1bab03000 r--p 00006000 07:01 121560                     /usr/lib64/librt-2.28.so
7fe1bab03000-7fe1bab04000 rw-p 00007000 07:01 121560                     /usr/lib64/librt-2.28.so
7fe1bab04000-7fe1bab08000 ---p 00000000 00:00 0 
7fe1bab08000-7fe1bac05000 rw-p 00000000 00:00 0 
7fe1bac05000-7fe1bad86000 r-xp 00000000 07:01 121394                     /usr/lib64/libm-2.28.so
7fe1bad86000-7fe1baf85000 ---p 00181000 07:01 121394                     /usr/lib64/libm-2.28.so
7fe1baf85000-7fe1baf86000 r--p 00180000 07:01 121394                     /usr/lib64/libm-2.28.so
7fe1baf86000-7fe1baf87000 rw-p 00181000 07:01 121394                     /usr/lib64/libm-2.28.so
7fe1baf87000-7fe1bb1ed000 r--p 00000000 07:01 45164                      /opt/conda/lib/server/libjvm.so
7fe1bb1ed000-7fe1bbd59000 r-xp 00266000 07:01 45164                      /opt/conda/lib/server/libjvm.so
7fe1bbd59000-7fe1bbf58000 r--p 00dd2000 07:01 45164                      /opt/conda/lib/server/libjvm.so
7fe1bbf58000-7fe1bbf59000 ---p 00fd1000 07:01 45164                      /opt/conda/lib/server/libjvm.so
7fe1bbf59000-7fe1bc013000 r--p 00fd1000 07:01 45164                      /opt/conda/lib/server/libjvm.so
7fe1bc013000-7fe1bc04c000 rw-p 0108b000 07:01 45164                      /opt/conda/lib/server/libjvm.so
7fe1bc04c000-7fe1bc0a3000 rw-p 00000000 00:00 0 
7fe1bc0a3000-7fe1bc0be000 r-xp 00000000 07:01 121533                     /usr/lib64/libpthread-2.28.so
7fe1bc0be000-7fe1bc2bd000 ---p 0001b000 07:01 121533                     /usr/lib64/libpthread-2.28.so
7fe1bc2bd000-7fe1bc2be000 r--p 0001a000 07:01 121533                     /usr/lib64/libpthread-2.28.so
7fe1bc2be000-7fe1bc2bf000 rw-p 0001b000 07:01 121533                     /usr/lib64/libpthread-2.28.so
7fe1bc2bf000-7fe1bc2c3000 rw-p 00000000 00:00 0 
7fe1bc2c3000-7fe1bc2c6000 r-xp 00000000 07:01 121137                     /usr/lib64/libdl-2.28.so
7fe1bc2c6000-7fe1bc4c5000 ---p 00003000 07:01 121137                     /usr/lib64/libdl-2.28.so
7fe1bc4c5000-7fe1bc4c6000 r--p 00002000 07:01 121137                     /usr/lib64/libdl-2.28.so
7fe1bc4c6000-7fe1bc4c7000 rw-p 00003000 07:01 121137                     /usr/lib64/libdl-2.28.so
7fe1bc4c7000-7fe1bc683000 r-xp 00000000 07:01 121083                     /usr/lib64/libc-2.28.so
7fe1bc683000-7fe1bc882000 ---p 001bc000 07:01 121083                     /usr/lib64/libc-2.28.so
7fe1bc882000-7fe1bc886000 r--p 001bb000 07:01 121083                     /usr/lib64/libc-2.28.so
7fe1bc886000-7fe1bc888000 rw-p 001bf000 07:01 121083                     /usr/lib64/libc-2.28.so
7fe1bc888000-7fe1bc88c000 rw-p 00000000 00:00 0 
7fe1bc88c000-7fe1bc8b8000 r-xp 00000000 07:01 120850                     /usr/lib64/ld-2.28.so
7fe1bc8c3000-7fe1bc8c5000 r--p 00000000 07:01 26761                      /opt/conda/lib/libzip.so
7fe1bc8c5000-7fe1bc8c9000 r-xp 00002000 07:01 26761                      /opt/conda/lib/libzip.so
7fe1bc8c9000-7fe1bc8cb000 r--p 00006000 07:01 26761                      /opt/conda/lib/libzip.so
7fe1bc8cb000-7fe1bc8cc000 r--p 00007000 07:01 26761                      /opt/conda/lib/libzip.so
7fe1bc8cc000-7fe1bc8cd000 rw-p 00008000 07:01 26761                      /opt/conda/lib/libzip.so
7fe1bc8cd000-7fe1bc8d5000 rw-s 00000000 08:01 8707490                    /tmp/hsperfdata_cbird/361
7fe1bc8d5000-7fe1bc8d7000 r--p 00000000 07:01 26322                      /opt/conda/lib/libjimage.so
7fe1bc8d7000-7fe1bc8da000 r-xp 00002000 07:01 26322                      /opt/conda/lib/libjimage.so
7fe1bc8da000-7fe1bc8db000 r--p 00005000 07:01 26322                      /opt/conda/lib/libjimage.so
7fe1bc8db000-7fe1bc8dc000 ---p 00006000 07:01 26322                      /opt/conda/lib/libjimage.so
7fe1bc8dc000-7fe1bc8dd000 r--p 00006000 07:01 26322                      /opt/conda/lib/libjimage.so
7fe1bc8dd000-7fe1bc8de000 rw-p 00007000 07:01 26322                      /opt/conda/lib/libjimage.so
7fe1bc8de000-7fe1bc8e3000 r--p 00000000 07:01 26634                      /opt/conda/lib/libverify.so
7fe1bc8e3000-7fe1bc8ea000 r-xp 00005000 07:01 26634                      /opt/conda/lib/libverify.so
7fe1bc8ea000-7fe1bc8ec000 r--p 0000c000 07:01 26634                      /opt/conda/lib/libverify.so
7fe1bc8ec000-7fe1bc8ed000 ---p 0000e000 07:01 26634                      /opt/conda/lib/libverify.so
7fe1bc8ed000-7fe1bc8ef000 r--p 0000e000 07:01 26634                      /opt/conda/lib/libverify.so
7fe1bc8ef000-7fe1bc8f0000 rw-p 00010000 07:01 26634                      /opt/conda/lib/libverify.so
7fe1bc8f0000-7fe1bc8f3000 r--p 00000000 07:01 26174                      /opt/conda/lib/libgcc_s.so.1
7fe1bc8f3000-7fe1bc8ff000 r-xp 00003000 07:01 26174                      /opt/conda/lib/libgcc_s.so.1
7fe1bc8ff000-7fe1bc902000 r--p 0000f000 07:01 26174                      /opt/conda/lib/libgcc_s.so.1
7fe1bc902000-7fe1bc903000 r--p 00011000 07:01 26174                      /opt/conda/lib/libgcc_s.so.1
7fe1bc903000-7fe1bc904000 rw-p 00012000 07:01 26174                      /opt/conda/lib/libgcc_s.so.1
7fe1bc904000-7fe1bc9a7000 r--p 00000000 07:01 26574                      /opt/conda/lib/libstdc++.so.6.0.28
7fe1bc9a7000-7fe1bca26000 r-xp 000a3000 07:01 26574                      /opt/conda/lib/libstdc++.so.6.0.28
7fe1bca26000-7fe1bca67000 r--p 00122000 07:01 26574                      /opt/conda/lib/libstdc++.so.6.0.28
7fe1bca67000-7fe1bca72000 r--p 00162000 07:01 26574                      /opt/conda/lib/libstdc++.so.6.0.28
7fe1bca72000-7fe1bca76000 rw-p 0016d000 07:01 26574                      /opt/conda/lib/libstdc++.so.6.0.28
7fe1bca76000-7fe1bca7e000 rw-p 00000000 00:00 0 
7fe1bca7e000-7fe1bca81000 r--p 00000000 07:01 26760                      /opt/conda/lib/libz.so.1.2.11.1-motley
7fe1bca81000-7fe1bca94000 r-xp 00003000 07:01 26760                      /opt/conda/lib/libz.so.1.2.11.1-motley
7fe1bca94000-7fe1bca9b000 r--p 00016000 07:01 26760                      /opt/conda/lib/libz.so.1.2.11.1-motley
7fe1bca9b000-7fe1bca9c000 r--p 0001c000 07:01 26760                      /opt/conda/lib/libz.so.1.2.11.1-motley
7fe1bca9c000-7fe1bca9d000 rw-p 0001d000 07:01 26760                      /opt/conda/lib/libz.so.1.2.11.1-motley
7fe1bcaa1000-7fe1bcaa2000 ---p 00000000 00:00 0 
7fe1bcaa2000-7fe1bcaa3000 r--p 00000000 00:00 0 
7fe1bcaa3000-7fe1bcaa6000 r--p 00000000 07:01 26323                      /opt/conda/lib/libjli.so
7fe1bcaa6000-7fe1bcab0000 r-xp 00003000 07:01 26323                      /opt/conda/lib/libjli.so
7fe1bcab0000-7fe1bcab3000 r--p 0000d000 07:01 26323                      /opt/conda/lib/libjli.so
7fe1bcab3000-7fe1bcab4000 ---p 00010000 07:01 26323                      /opt/conda/lib/libjli.so
7fe1bcab4000-7fe1bcab5000 r--p 00010000 07:01 26323                      /opt/conda/lib/libjli.so
7fe1bcab5000-7fe1bcab6000 rw-p 00011000 07:01 26323                      /opt/conda/lib/libjli.so
7fe1bcab6000-7fe1bcab8000 rw-p 00000000 00:00 0 
7fe1bcab8000-7fe1bcab9000 r--p 0002c000 07:01 120850                     /usr/lib64/ld-2.28.so
7fe1bcab9000-7fe1bcabb000 rw-p 0002d000 07:01 120850                     /usr/lib64/ld-2.28.so
7ffdb79a5000-7ffdb79c9000 rw-p 00000000 00:00 0                          [stack]
7ffdb79e8000-7ffdb79eb000 r--p 00000000 00:00 0                          [vvar]
7ffdb79eb000-7ffdb79ed000 r-xp 00000000 00:00 0                          [vdso]
ffffffffff600000-ffffffffff601000 r-xp 00000000 00:00 0                  [vsyscall]


VM Arguments:
jvm_args: -ea -Xmx233g -Xms233g 
java_command: clump.Clumpify in=fq_fp1/Hte-ATic_025-Ex1-cssl.r1.fq.gz in2=fq_fp1/Hte-ATic_025-Ex1-cssl.r2.fq.gz out=fq_fp1_clmp/Hte-ATic_025-Ex1-cssl.clmp.r1.fq.gz out2=fq_fp1_clmp/Hte-ATic_025-Ex1-cssl.clmp.r2.fq.gz groups=14514 overwrite=t usetmpdir=t tmpdir=/scratch/cbird dedupe=t addcount=t subs=2 containment=t consensus=f -Xmx233g
java_class_path (initial): /opt/conda/opt/bbmap-38.90-3/current/
Launcher Type: SUN_STANDARD

[Global flags]
     intx CICompilerCount                          = 12                                        {product} {ergonomic}
     uint ConcGCThreads                            = 4                                         {product} {ergonomic}
     uint G1ConcRefinementThreads                  = 15                                        {product} {ergonomic}
   size_t G1HeapRegionSize                         = 33554432                                  {product} {ergonomic}
    uintx GCDrainStackTargetSize                   = 64                                        {product} {ergonomic}
   size_t InitialHeapSize                          = 250181844992                              {product} {command line}
   size_t MarkStackSize                            = 4194304                                   {product} {ergonomic}
   size_t MaxHeapSize                              = 250181844992                              {product} {command line}
   size_t MinHeapDeltaBytes                        = 33554432                                  {product} {ergonomic}
    uintx NonNMethodCodeHeapSize                   = 7594288                                {pd product} {ergonomic}
    uintx NonProfiledCodeHeapSize                  = 122031976                              {pd product} {ergonomic}
    uintx ProfiledCodeHeapSize                     = 122031976                              {pd product} {ergonomic}
    uintx ReservedCodeCacheSize                    = 251658240                              {pd product} {ergonomic}
     bool SegmentedCodeCache                       = true                                      {product} {ergonomic}
     bool UseG1GC                                  = true                                      {product} {ergonomic}

Logging:
Log output configuration:
 #0: stdout all=warning uptime,level,tags
 #1: stderr all=off uptime,level,tags

Environment Variables:
JAVA_HOME=/opt/conda
CLASSPATH=/opt/conda/lib/mpi.jar
PATH=/opt/conda/bin/libfabric:/opt/conda/bin:/opt/psmc/bin:/opt/abyss/bin:/opt/conda/bin/libfabric:/opt/micromamba/condabin:/shared/apps/common/slurm/21-08-6-1-w2mq/bin:/usr/local/sbin:/usr/local/bin:/usr/sbin:/usr/bin:/sbin:/bin
LD_LIBRARY_PATH=/opt/conda/lib/libfabric:/opt/conda/lib/libfabric/prov/:/usr/local/lib:/shared/apps/common/slurm/21-08-6-1-w2mq/lib:/shared/apps/common/slurm/21-08-6-1-w2mq/lib/slurm:/.singularity.d/libs
SHELL=/bin/tcsh
DISPLAY=wahab-01:14.0
HOSTTYPE=x86_64-linux
OSTYPE=linux
MACHTYPE=x86_64
LANG=en_US.UTF-8
LC_ALL=en_US.UTF-8
TZ=/etc/localtime

Signal Handlers:
SIGSEGV: [libjvm.so+0xd66470], sa_mask[0]=11111111011111111101111111111110, sa_flags=SA_RESTART|SA_SIGINFO
SIGBUS: [libjvm.so+0xd66470], sa_mask[0]=11111111011111111101111111111110, sa_flags=SA_RESTART|SA_SIGINFO
SIGFPE: [libjvm.so+0xd66470], sa_mask[0]=11111111011111111101111111111110, sa_flags=SA_RESTART|SA_SIGINFO
SIGPIPE: [libjvm.so+0xb6f5b0], sa_mask[0]=11111111011111111101111111111110, sa_flags=SA_RESTART|SA_SIGINFO
SIGXFSZ: [libjvm.so+0xb6f5b0], sa_mask[0]=11111111011111111101111111111110, sa_flags=SA_RESTART|SA_SIGINFO
SIGILL: [libjvm.so+0xd66470], sa_mask[0]=11111111011111111101111111111110, sa_flags=SA_RESTART|SA_SIGINFO
SIGUSR2: [libjvm.so+0xb6f420], sa_mask[0]=00000000000000000000000000000000, sa_flags=SA_RESTART|SA_SIGINFO
SIGHUP: SIG_DFL, sa_mask[0]=00000000000000000000000000000000, sa_flags=none
SIGINT: SIG_DFL, sa_mask[0]=00000000000000000000000000000000, sa_flags=none
SIGTERM: SIG_DFL, sa_mask[0]=00000000000000000000000000000000, sa_flags=none
SIGQUIT: SIG_DFL, sa_mask[0]=00000000000000000000000000000000, sa_flags=none


---------------  S Y S T E M  ---------------

OS:CentOS Stream release 8
uname:Linux 4.15.0-171-generic #180-Ubuntu SMP Wed Mar 2 17:25:05 UTC 2022 x86_64
OS uptime: 11 days 19:38 hours
libc:glibc 2.28 NPTL 2.28 
rlimit (soft/hard): STACK 8192k/infinity , CORE 0k/infinity , NPROC 767745/1541923 , NOFILE 40960/40960 , AS infinity/infinity , CPU infinity/infinity , DATA infinity/infinity , FSIZE infinity/infinity , MEMLOCK infinity/infinity
load average:29.54 29.17 29.10

/proc/meminfo:
MemTotal:       394852992 kB
MemFree:        88077340 kB
MemAvailable:   111715904 kB
Buffers:          168292 kB
Cached:         24954772 kB
SwapCached:            0 kB
Active:         300766020 kB
Inactive:        3012596 kB
Active(anon):   278678476 kB
Inactive(anon):    53204 kB
Active(file):   22087544 kB
Inactive(file):  2959392 kB
Unevictable:           0 kB
Mlocked:               0 kB
SwapTotal:             0 kB
SwapFree:              0 kB
Dirty:                32 kB
Writeback:            32 kB
AnonPages:      278656060 kB
Mapped:           269668 kB
Shmem:             75296 kB
Slab:            1289216 kB
SReclaimable:     873104 kB
SUnreclaim:       416112 kB
KernelStack:       14528 kB
PageTables:       560976 kB
NFS_Unstable:          0 kB
Bounce:                0 kB
WritebackTmp:          0 kB
CommitLimit:    197426496 kB
Committed_AS:   279965404 kB
VmallocTotal:   34359738367 kB
VmallocUsed:           0 kB
VmallocChunk:          0 kB
HardwareCorrupted:     0 kB
AnonHugePages:   1116160 kB
ShmemHugePages:        0 kB
ShmemPmdMapped:        0 kB
CmaTotal:              0 kB
CmaFree:               0 kB
HugePages_Total:       0
HugePages_Free:        0
HugePages_Rsvd:        0
HugePages_Surp:        0
Hugepagesize:       2048 kB
DirectMap4k:     1724620 kB
DirectMap2M:    125818880 kB
DirectMap1G:    275775488 kB

/sys/kernel/mm/transparent_hugepage/enabled:
always [madvise] never
/sys/kernel/mm/transparent_hugepage/defrag (defrag/compaction efforts parameter):
always defer defer+madvise [madvise] never

/proc/sys/kernel/threads-max (system-wide limit on the number of threads):
3083846
/proc/sys/vm/max_map_count (maximum number of memory map areas a process may have):
65530
/proc/sys/kernel/pid_max (system-wide limit on number of process identifiers):
40960

Steal ticks since vm start: 0
Steal ticks percentage since vm start:  0.000

CPU:total 40 (initial active 20) (20 cores per cpu, 2 threads per core) family 6 model 85 stepping 4, cmov, cx8, fxsr, mmx, sse, sse2, sse3, ssse3, sse4.1, sse4.2, popcnt, avx, avx2, aes, clmul, erms, rtm, 3dnowpref, lzcnt, ht, tsc, tscinvbit, bmi1, bmi2, adx, fma
CPU Model and flags from /proc/cpuinfo:
model name	: Intel(R) Xeon(R) Gold 6148 CPU @ 2.40GHz
flags		: fpu vme de pse tsc msr pae mce cx8 apic sep mtrr pge mca cmov pat pse36 clflush dts acpi mmx fxsr sse sse2 ss ht tm pbe syscall nx pdpe1gb rdtscp lm constant_tsc art arch_perfmon pebs bts rep_good nopl xtopology nonstop_tsc cpuid aperfmperf pni pclmulqdq dtes64 monitor ds_cpl vmx smx est tm2 ssse3 sdbg fma cx16 xtpr pdcm pcid dca sse4_1 sse4_2 x2apic movbe popcnt tsc_deadline_timer aes xsave avx f16c rdrand lahf_lm abm 3dnowprefetch cpuid_fault epb cat_l3 cdp_l3 invpcid_single pti intel_ppin ssbd mba ibrs ibpb stibp tpr_shadow vnmi flexpriority ept vpid fsgsbase tsc_adjust bmi1 hle avx2 smep bmi2 erms invpcid rtm cqm mpx rdt_a avx512f avx512dq rdseed adx smap clflushopt clwb intel_pt avx512cd avx512bw avx512vl xsaveopt xsavec xgetbv1 xsaves cqm_llc cqm_occup_llc cqm_mbm_total cqm_mbm_local dtherm arat pln pts pku ospke md_clear flush_l1d arch_capabilities
Online cpus:
0-39
Offline cpus:

BIOS frequency limitation:
<Not Available>
Frequency switch latency (ns):
<Not Available>
Available cpu frequencies:
<Not Available>
Current governor:
<Not Available>
Core performance/turbo boost:
<Not Available>

Memory: 4k page, physical 394852992k(88077340k free), swap 0k(0k free)

vm_info: OpenJDK 64-Bit Server VM (11.0.9.1-internal+0-adhoc..src) for linux-amd64 JRE (11.0.9.1-internal+0-adhoc..src), built on Mar 19 2021 22:30:45 by "" with gcc 9.3.0

END.
