#
# There is insufficient memory for the Java Runtime Environment to continue.
# Native memory allocation (mmap) failed to map 250181844992 bytes for committing reserved memory.
# Possible reasons:
#   The system is out of physical RAM or swap space
# Possible solutions:
#   Reduce memory load on the system
#   Increase physical memory or swap space
#   Check if swap backing store is full
#   Decrease Java heap size (-Xmx/-Xms)
#   Decrease number of Java threads
#   Decrease Java thread stack sizes (-Xss)
#   Set larger code cache with -XX:ReservedCodeCacheSize=
# This output file may be truncated or incomplete.
#
#  Out of Memory Error (os_linux.cpp:2913), pid=24601, tid=24604
#
# JRE version:  (11.0.9.1) (build )
# Java VM: OpenJDK 64-Bit Server VM (11.0.9.1-internal+0-adhoc..src, mixed mode, tiered, g1 gc, linux-amd64)
# No core dump will be written. Core dumps have been disabled. To enable core dumping, try "ulimit -c unlimited" before starting Java again
#

---------------  S U M M A R Y ------------

Command Line: -ea -Xmx233g -Xms233g clump.Clumpify in=fq_fp1/Hte-ATic_008-Ex1-cssl.r1.fq.gz in2=fq_fp1/Hte-ATic_008-Ex1-cssl.r2.fq.gz out=fq_fp1_clmp/Hte-ATic_008-Ex1-cssl.clmp.r1.fq.gz out2=fq_fp1_clmp/Hte-ATic_008-Ex1-cssl.clmp.r2.fq.gz groups=14514 overwrite=t usetmpdir=t tmpdir=/scratch/cbird dedupe=t addcount=t subs=2 containment=t consensus=f -Xmx233g

Host: Intel(R) Xeon(R) Gold 6148 CPU @ 2.40GHz, 40 cores, 376G, CentOS Stream release 8
Time: Tue Dec  6 07:24:51 2022 EST elapsed time: 0.035827 seconds (0d 0h 0m 0s)

---------------  T H R E A D  ---------------

Current thread (0x00007f18b4016000):  JavaThread "Unknown thread" [_thread_in_vm, id=24604, stack(0x00007f18bb01e000,0x00007f18bb11f000)]

Stack: [0x00007f18bb01e000,0x00007f18bb11f000],  sp=0x00007f18bb11d1f0,  free space=1020k
Native frames: (J=compiled Java code, A=aot compiled Java code, j=interpreted, Vv=VM code, C=native code)
V  [libjvm.so+0xd657ea]  VMError::report_and_die(int, char const*, char const*, __va_list_tag*, Thread*, unsigned char*, void*, void*, char const*, int, unsigned long)+0x38a
V  [libjvm.so+0xd6645d]  VMError::report_and_die(Thread*, char const*, int, unsigned long, VMErrorType, char const*, __va_list_tag*)+0x2d
V  [libjvm.so+0x651c39]  report_vm_out_of_memory(char const*, int, unsigned long, VMErrorType, char const*, ...)+0xd9
V  [libjvm.so+0xb73e74]  os::pd_commit_memory_or_exit(char*, unsigned long, unsigned long, bool, char const*)+0xe4
V  [libjvm.so+0xb6a90d]  os::commit_memory_or_exit(char*, unsigned long, unsigned long, bool, char const*)+0x2d
V  [libjvm.so+0x754c8c]  G1PageBasedVirtualSpace::commit_preferred_pages(unsigned long, unsigned long)+0x6c
V  [libjvm.so+0x7550a8]  G1PageBasedVirtualSpace::commit(unsigned long, unsigned long)+0x1c8
V  [libjvm.so+0x75edd2]  G1RegionsLargerThanCommitSizeMapper::commit_regions(unsigned int, unsigned long, WorkGang*)+0x42
V  [libjvm.so+0x7cee04]  HeapRegionManager::commit_regions(unsigned int, unsigned long, WorkGang*)+0x54
V  [libjvm.so+0x7cfa14]  HeapRegionManager::make_regions_available(unsigned int, unsigned int, WorkGang*)+0x34
V  [libjvm.so+0x7d0066]  HeapRegionManager::expand_by(unsigned int, WorkGang*)+0x66
V  [libjvm.so+0x7162f7]  G1CollectedHeap::expand(unsigned long, WorkGang*, double*)+0xe7
V  [libjvm.so+0x716a36]  G1CollectedHeap::initialize()+0x6b6
V  [libjvm.so+0xd24e62]  Universe::initialize_heap()+0x42
V  [libjvm.so+0xd25145]  universe_init()+0x55
V  [libjvm.so+0x7ec961]  init_globals()+0x71
V  [libjvm.so+0xd00590]  Threads::create_vm(JavaVMInitArgs*, bool*)+0x4b0
V  [libjvm.so+0x897ea1]  JNI_CreateJavaVM+0x61
C  [libjli.so+0x4689]  JavaMain+0xa9


---------------  P R O C E S S  ---------------

Threads class SMR info:
_java_thread_list=0x0000555fe33abc30, length=0, elements={
}

Java Threads: ( => current thread )

Other Threads:
  0x00007f18b402e800 GCTaskThread "GC Thread#0" [stack: 0x00007f18ba8f5000,0x00007f18ba9f5000] [id=24606]
  0x00007f18b40d8000 ConcurrentGCThread "G1 Main Marker" [stack: 0x00007f18b8de8000,0x00007f18b8ee8000] [id=24607]
  0x00007f18b40da000 ConcurrentGCThread "G1 Conc#0" [stack: 0x00007f18b8ce6000,0x00007f18b8de6000] [id=24608]

[error occurred during error reporting (printing all threads), id 0xb, SIGSEGV (0xb) at pc=0x00007f18bbbcd870]

VM state:not at safepoint (not fully initialized)

VM Mutex/Monitor currently owned by a thread:  ([mutex/lock_event])
[0x00007f18b4013570] Heap_lock - owner thread: 0x00007f18b4016000

GC Heap History (0 events):
No events

Deoptimization events (0 events):
No events

Classes redefined (0 events):
No events

Internal exceptions (0 events):
No events

Events (2 events):
Event: 0.002 Protecting memory [0x00007f18bb01e000,0x00007f18bb022000] with protection modes 0
Event: 0.002 Loaded shared library /opt/conda/lib/libzip.so


Dynamic libraries:
555fe2d4b000-555fe2d4c000 r--p 00000000 07:01 1238                       /opt/conda/bin/java
555fe2d4c000-555fe2d4d000 r-xp 00001000 07:01 1238                       /opt/conda/bin/java
555fe2d4d000-555fe2d4e000 r--p 00002000 07:01 1238                       /opt/conda/bin/java
555fe2d4e000-555fe2d4f000 r--p 00002000 07:01 1238                       /opt/conda/bin/java
555fe2d4f000-555fe2d50000 rw-p 00003000 07:01 1238                       /opt/conda/bin/java
555fe3393000-555fe33b4000 rw-p 00000000 00:00 0                          [heap]
7edc20000000-7edc20021000 rw-p 00000000 00:00 0 
7edc20021000-7edc24000000 ---p 00000000 00:00 0 
7edc28000000-7edc28021000 rw-p 00000000 00:00 0 
7edc28021000-7edc2c000000 ---p 00000000 00:00 0 
7edc2ca00000-7edc2ea00000 rw-p 00000000 00:00 0 
7edc2ea00000-7ede58000000 ---p 00000000 00:00 0 
7f1898000000-7f1898021000 rw-p 00000000 00:00 0 
7f1898021000-7f189c000000 ---p 00000000 00:00 0 
7f189c293000-7f189c899000 rw-p 00000000 00:00 0 
7f189c899000-7f189cb09000 rwxp 00000000 00:00 0 
7f189cb09000-7f189cfd8000 ---p 00000000 00:00 0 
7f189cfd8000-7f189d248000 rwxp 00000000 00:00 0 
7f189d248000-7f18a4438000 ---p 00000000 00:00 0 
7f18a4438000-7f18a46a8000 rwxp 00000000 00:00 0 
7f18a46a8000-7f18ab899000 ---p 00000000 00:00 0 
7f18ab899000-7f18b4000000 r--s 00000000 07:01 26766                      /opt/conda/lib/modules
7f18b4000000-7f18b4124000 rw-p 00000000 00:00 0 
7f18b4124000-7f18b8000000 ---p 00000000 00:00 0 
7f18b80d8000-7f18b8ce4000 rw-p 00000000 00:00 0 
7f18b8ce4000-7f18b8ce5000 ---p 00000000 00:00 0 
7f18b8ce5000-7f18b8de6000 rw-p 00000000 00:00 0 
7f18b8de6000-7f18b8de7000 ---p 00000000 00:00 0 
7f18b8de7000-7f18ba8f3000 rw-p 00000000 00:00 0 
7f18ba8f3000-7f18ba8f4000 ---p 00000000 00:00 0 
7f18ba8f4000-7f18ba9fa000 rw-p 00000000 00:00 0 
7f18ba9fa000-7f18baade000 ---p 00000000 00:00 0 
7f18baade000-7f18baae3000 rw-p 00000000 00:00 0 
7f18baae3000-7f18babc7000 ---p 00000000 00:00 0 
7f18babc7000-7f18babcc000 rw-p 00000000 00:00 0 
7f18babcc000-7f18babd6000 ---p 00000000 00:00 0 
7f18babd6000-7f18babe1000 r-xp 00000000 07:01 121459                     /usr/lib64/libnss_files-2.28.so
7f18babe1000-7f18bade1000 ---p 0000b000 07:01 121459                     /usr/lib64/libnss_files-2.28.so
7f18bade1000-7f18bade2000 r--p 0000b000 07:01 121459                     /usr/lib64/libnss_files-2.28.so
7f18bade2000-7f18bade3000 rw-p 0000c000 07:01 121459                     /usr/lib64/libnss_files-2.28.so
7f18bade3000-7f18bade9000 rw-p 00000000 00:00 0 
7f18bade9000-7f18badf7000 r--p 00000000 07:01 26312                      /opt/conda/lib/libjava.so
7f18badf7000-7f18bae0c000 r-xp 0000e000 07:01 26312                      /opt/conda/lib/libjava.so
7f18bae0c000-7f18bae12000 r--p 00023000 07:01 26312                      /opt/conda/lib/libjava.so
7f18bae12000-7f18bae13000 ---p 00029000 07:01 26312                      /opt/conda/lib/libjava.so
7f18bae13000-7f18bae14000 r--p 00029000 07:01 26312                      /opt/conda/lib/libjava.so
7f18bae14000-7f18bae15000 rw-p 0002a000 07:01 26312                      /opt/conda/lib/libjava.so
7f18bae15000-7f18bae16000 rw-p 00000000 00:00 0 
7f18bae16000-7f18bae1d000 r-xp 00000000 07:01 121560                     /usr/lib64/librt-2.28.so
7f18bae1d000-7f18bb01c000 ---p 00007000 07:01 121560                     /usr/lib64/librt-2.28.so
7f18bb01c000-7f18bb01d000 r--p 00006000 07:01 121560                     /usr/lib64/librt-2.28.so
7f18bb01d000-7f18bb01e000 rw-p 00007000 07:01 121560                     /usr/lib64/librt-2.28.so
7f18bb01e000-7f18bb022000 ---p 00000000 00:00 0 
7f18bb022000-7f18bb11f000 rw-p 00000000 00:00 0 
7f18bb11f000-7f18bb2a0000 r-xp 00000000 07:01 121394                     /usr/lib64/libm-2.28.so
7f18bb2a0000-7f18bb49f000 ---p 00181000 07:01 121394                     /usr/lib64/libm-2.28.so
7f18bb49f000-7f18bb4a0000 r--p 00180000 07:01 121394                     /usr/lib64/libm-2.28.so
7f18bb4a0000-7f18bb4a1000 rw-p 00181000 07:01 121394                     /usr/lib64/libm-2.28.so
7f18bb4a1000-7f18bb707000 r--p 00000000 07:01 45164                      /opt/conda/lib/server/libjvm.so
7f18bb707000-7f18bc273000 r-xp 00266000 07:01 45164                      /opt/conda/lib/server/libjvm.so
7f18bc273000-7f18bc472000 r--p 00dd2000 07:01 45164                      /opt/conda/lib/server/libjvm.so
7f18bc472000-7f18bc473000 ---p 00fd1000 07:01 45164                      /opt/conda/lib/server/libjvm.so
7f18bc473000-7f18bc52d000 r--p 00fd1000 07:01 45164                      /opt/conda/lib/server/libjvm.so
7f18bc52d000-7f18bc566000 rw-p 0108b000 07:01 45164                      /opt/conda/lib/server/libjvm.so
7f18bc566000-7f18bc5bd000 rw-p 00000000 00:00 0 
7f18bc5bd000-7f18bc5d8000 r-xp 00000000 07:01 121533                     /usr/lib64/libpthread-2.28.so
7f18bc5d8000-7f18bc7d7000 ---p 0001b000 07:01 121533                     /usr/lib64/libpthread-2.28.so
7f18bc7d7000-7f18bc7d8000 r--p 0001a000 07:01 121533                     /usr/lib64/libpthread-2.28.so
7f18bc7d8000-7f18bc7d9000 rw-p 0001b000 07:01 121533                     /usr/lib64/libpthread-2.28.so
7f18bc7d9000-7f18bc7dd000 rw-p 00000000 00:00 0 
7f18bc7dd000-7f18bc7e0000 r-xp 00000000 07:01 121137                     /usr/lib64/libdl-2.28.so
7f18bc7e0000-7f18bc9df000 ---p 00003000 07:01 121137                     /usr/lib64/libdl-2.28.so
7f18bc9df000-7f18bc9e0000 r--p 00002000 07:01 121137                     /usr/lib64/libdl-2.28.so
7f18bc9e0000-7f18bc9e1000 rw-p 00003000 07:01 121137                     /usr/lib64/libdl-2.28.so
7f18bc9e1000-7f18bcb9d000 r-xp 00000000 07:01 121083                     /usr/lib64/libc-2.28.so
7f18bcb9d000-7f18bcd9c000 ---p 001bc000 07:01 121083                     /usr/lib64/libc-2.28.so
7f18bcd9c000-7f18bcda0000 r--p 001bb000 07:01 121083                     /usr/lib64/libc-2.28.so
7f18bcda0000-7f18bcda2000 rw-p 001bf000 07:01 121083                     /usr/lib64/libc-2.28.so
7f18bcda2000-7f18bcda6000 rw-p 00000000 00:00 0 
7f18bcda6000-7f18bcdd2000 r-xp 00000000 07:01 120850                     /usr/lib64/ld-2.28.so
7f18bcddd000-7f18bcddf000 r--p 00000000 07:01 26761                      /opt/conda/lib/libzip.so
7f18bcddf000-7f18bcde3000 r-xp 00002000 07:01 26761                      /opt/conda/lib/libzip.so
7f18bcde3000-7f18bcde5000 r--p 00006000 07:01 26761                      /opt/conda/lib/libzip.so
7f18bcde5000-7f18bcde6000 r--p 00007000 07:01 26761                      /opt/conda/lib/libzip.so
7f18bcde6000-7f18bcde7000 rw-p 00008000 07:01 26761                      /opt/conda/lib/libzip.so
7f18bcde7000-7f18bcdef000 rw-s 00000000 08:01 6141650                    /tmp/hsperfdata_cbird/24601
7f18bcdef000-7f18bcdf1000 r--p 00000000 07:01 26322                      /opt/conda/lib/libjimage.so
7f18bcdf1000-7f18bcdf4000 r-xp 00002000 07:01 26322                      /opt/conda/lib/libjimage.so
7f18bcdf4000-7f18bcdf5000 r--p 00005000 07:01 26322                      /opt/conda/lib/libjimage.so
7f18bcdf5000-7f18bcdf6000 ---p 00006000 07:01 26322                      /opt/conda/lib/libjimage.so
7f18bcdf6000-7f18bcdf7000 r--p 00006000 07:01 26322                      /opt/conda/lib/libjimage.so
7f18bcdf7000-7f18bcdf8000 rw-p 00007000 07:01 26322                      /opt/conda/lib/libjimage.so
7f18bcdf8000-7f18bcdfd000 r--p 00000000 07:01 26634                      /opt/conda/lib/libverify.so
7f18bcdfd000-7f18bce04000 r-xp 00005000 07:01 26634                      /opt/conda/lib/libverify.so
7f18bce04000-7f18bce06000 r--p 0000c000 07:01 26634                      /opt/conda/lib/libverify.so
7f18bce06000-7f18bce07000 ---p 0000e000 07:01 26634                      /opt/conda/lib/libverify.so
7f18bce07000-7f18bce09000 r--p 0000e000 07:01 26634                      /opt/conda/lib/libverify.so
7f18bce09000-7f18bce0a000 rw-p 00010000 07:01 26634                      /opt/conda/lib/libverify.so
7f18bce0a000-7f18bce0d000 r--p 00000000 07:01 26174                      /opt/conda/lib/libgcc_s.so.1
7f18bce0d000-7f18bce19000 r-xp 00003000 07:01 26174                      /opt/conda/lib/libgcc_s.so.1
7f18bce19000-7f18bce1c000 r--p 0000f000 07:01 26174                      /opt/conda/lib/libgcc_s.so.1
7f18bce1c000-7f18bce1d000 r--p 00011000 07:01 26174                      /opt/conda/lib/libgcc_s.so.1
7f18bce1d000-7f18bce1e000 rw-p 00012000 07:01 26174                      /opt/conda/lib/libgcc_s.so.1
7f18bce1e000-7f18bcec1000 r--p 00000000 07:01 26574                      /opt/conda/lib/libstdc++.so.6.0.28
7f18bcec1000-7f18bcf40000 r-xp 000a3000 07:01 26574                      /opt/conda/lib/libstdc++.so.6.0.28
7f18bcf40000-7f18bcf81000 r--p 00122000 07:01 26574                      /opt/conda/lib/libstdc++.so.6.0.28
7f18bcf81000-7f18bcf8c000 r--p 00162000 07:01 26574                      /opt/conda/lib/libstdc++.so.6.0.28
7f18bcf8c000-7f18bcf90000 rw-p 0016d000 07:01 26574                      /opt/conda/lib/libstdc++.so.6.0.28
7f18bcf90000-7f18bcf98000 rw-p 00000000 00:00 0 
7f18bcf98000-7f18bcf9b000 r--p 00000000 07:01 26760                      /opt/conda/lib/libz.so.1.2.11.1-motley
7f18bcf9b000-7f18bcfae000 r-xp 00003000 07:01 26760                      /opt/conda/lib/libz.so.1.2.11.1-motley
7f18bcfae000-7f18bcfb5000 r--p 00016000 07:01 26760                      /opt/conda/lib/libz.so.1.2.11.1-motley
7f18bcfb5000-7f18bcfb6000 r--p 0001c000 07:01 26760                      /opt/conda/lib/libz.so.1.2.11.1-motley
7f18bcfb6000-7f18bcfb7000 rw-p 0001d000 07:01 26760                      /opt/conda/lib/libz.so.1.2.11.1-motley
7f18bcfbb000-7f18bcfbc000 ---p 00000000 00:00 0 
7f18bcfbc000-7f18bcfbd000 r--p 00000000 00:00 0 
7f18bcfbd000-7f18bcfc0000 r--p 00000000 07:01 26323                      /opt/conda/lib/libjli.so
7f18bcfc0000-7f18bcfca000 r-xp 00003000 07:01 26323                      /opt/conda/lib/libjli.so
7f18bcfca000-7f18bcfcd000 r--p 0000d000 07:01 26323                      /opt/conda/lib/libjli.so
7f18bcfcd000-7f18bcfce000 ---p 00010000 07:01 26323                      /opt/conda/lib/libjli.so
7f18bcfce000-7f18bcfcf000 r--p 00010000 07:01 26323                      /opt/conda/lib/libjli.so
7f18bcfcf000-7f18bcfd0000 rw-p 00011000 07:01 26323                      /opt/conda/lib/libjli.so
7f18bcfd0000-7f18bcfd2000 rw-p 00000000 00:00 0 
7f18bcfd2000-7f18bcfd3000 r--p 0002c000 07:01 120850                     /usr/lib64/ld-2.28.so
7f18bcfd3000-7f18bcfd5000 rw-p 0002d000 07:01 120850                     /usr/lib64/ld-2.28.so
7ffd2e489000-7ffd2e4ad000 rw-p 00000000 00:00 0                          [stack]
7ffd2e59d000-7ffd2e5a0000 r--p 00000000 00:00 0                          [vvar]
7ffd2e5a0000-7ffd2e5a2000 r-xp 00000000 00:00 0                          [vdso]
ffffffffff600000-ffffffffff601000 r-xp 00000000 00:00 0                  [vsyscall]


VM Arguments:
jvm_args: -ea -Xmx233g -Xms233g 
java_command: clump.Clumpify in=fq_fp1/Hte-ATic_008-Ex1-cssl.r1.fq.gz in2=fq_fp1/Hte-ATic_008-Ex1-cssl.r2.fq.gz out=fq_fp1_clmp/Hte-ATic_008-Ex1-cssl.clmp.r1.fq.gz out2=fq_fp1_clmp/Hte-ATic_008-Ex1-cssl.clmp.r2.fq.gz groups=14514 overwrite=t usetmpdir=t tmpdir=/scratch/cbird dedupe=t addcount=t subs=2 containment=t consensus=f -Xmx233g
java_class_path (initial): /opt/conda/opt/bbmap-38.90-3/current/
Launcher Type: SUN_STANDARD

[Global flags]
     intx CICompilerCount                          = 12                                        {product} {ergonomic}
     uint ConcGCThreads                            = 4                                         {product} {ergonomic}
     uint G1ConcRefinementThreads                  = 15                                        {product} {ergonomic}
   size_t G1HeapRegionSize                         = 33554432                                  {product} {ergonomic}
    uintx GCDrainStackTargetSize                   = 64                                        {product} {ergonomic}
   size_t InitialHeapSize                          = 250181844992                              {product} {command line}
   size_t MarkStackSize                            = 4194304                                   {product} {ergonomic}
   size_t MaxHeapSize                              = 250181844992                              {product} {command line}
   size_t MinHeapDeltaBytes                        = 33554432                                  {product} {ergonomic}
    uintx NonNMethodCodeHeapSize                   = 7594288                                {pd product} {ergonomic}
    uintx NonProfiledCodeHeapSize                  = 122031976                              {pd product} {ergonomic}
    uintx ProfiledCodeHeapSize                     = 122031976                              {pd product} {ergonomic}
    uintx ReservedCodeCacheSize                    = 251658240                              {pd product} {ergonomic}
     bool SegmentedCodeCache                       = true                                      {product} {ergonomic}
     bool UseG1GC                                  = true                                      {product} {ergonomic}

Logging:
Log output configuration:
 #0: stdout all=warning uptime,level,tags
 #1: stderr all=off uptime,level,tags

Environment Variables:
JAVA_HOME=/opt/conda
CLASSPATH=/opt/conda/lib/mpi.jar
PATH=/opt/conda/bin/libfabric:/opt/conda/bin:/opt/psmc/bin:/opt/abyss/bin:/opt/conda/bin/libfabric:/opt/micromamba/condabin:/shared/apps/common/slurm/21-08-6-1-w2mq/bin:/usr/local/sbin:/usr/local/bin:/usr/sbin:/usr/bin:/sbin:/bin
LD_LIBRARY_PATH=/opt/conda/lib/libfabric:/opt/conda/lib/libfabric/prov/:/usr/local/lib:/shared/apps/common/slurm/21-08-6-1-w2mq/lib:/shared/apps/common/slurm/21-08-6-1-w2mq/lib/slurm:/.singularity.d/libs
SHELL=/bin/tcsh
DISPLAY=wahab-01:14.0
HOSTTYPE=x86_64-linux
OSTYPE=linux
MACHTYPE=x86_64
LANG=en_US.UTF-8
LC_ALL=en_US.UTF-8
TZ=/etc/localtime

Signal Handlers:
SIGSEGV: [libjvm.so+0xd66470], sa_mask[0]=11111111011111111101111111111110, sa_flags=SA_RESTART|SA_SIGINFO
SIGBUS: [libjvm.so+0xd66470], sa_mask[0]=11111111011111111101111111111110, sa_flags=SA_RESTART|SA_SIGINFO
SIGFPE: [libjvm.so+0xd66470], sa_mask[0]=11111111011111111101111111111110, sa_flags=SA_RESTART|SA_SIGINFO
SIGPIPE: [libjvm.so+0xb6f5b0], sa_mask[0]=11111111011111111101111111111110, sa_flags=SA_RESTART|SA_SIGINFO
SIGXFSZ: [libjvm.so+0xb6f5b0], sa_mask[0]=11111111011111111101111111111110, sa_flags=SA_RESTART|SA_SIGINFO
SIGILL: [libjvm.so+0xd66470], sa_mask[0]=11111111011111111101111111111110, sa_flags=SA_RESTART|SA_SIGINFO
SIGUSR2: [libjvm.so+0xb6f420], sa_mask[0]=00000000000000000000000000000000, sa_flags=SA_RESTART|SA_SIGINFO
SIGHUP: SIG_DFL, sa_mask[0]=00000000000000000000000000000000, sa_flags=none
SIGINT: SIG_DFL, sa_mask[0]=00000000000000000000000000000000, sa_flags=none
SIGTERM: SIG_DFL, sa_mask[0]=00000000000000000000000000000000, sa_flags=none
SIGQUIT: SIG_DFL, sa_mask[0]=00000000000000000000000000000000, sa_flags=none


---------------  S Y S T E M  ---------------

OS:CentOS Stream release 8
uname:Linux 4.15.0-171-generic #180-Ubuntu SMP Wed Mar 2 17:25:05 UTC 2022 x86_64
OS uptime: 18 days 17:42 hours
libc:glibc 2.28 NPTL 2.28 
rlimit (soft/hard): STACK 8192k/infinity , CORE 0k/infinity , NPROC 767745/1541924 , NOFILE 40960/40960 , AS infinity/infinity , CPU infinity/infinity , DATA infinity/infinity , FSIZE infinity/infinity , MEMLOCK infinity/infinity
load average:12.78 9.81 9.25

/proc/meminfo:
MemTotal:       394853204 kB
MemFree:        85366040 kB
MemAvailable:   92161416 kB
Buffers:          160048 kB
Cached:          8214424 kB
SwapCached:            0 kB
Active:         301659040 kB
Inactive:        5017216 kB
Active(anon):   298311928 kB
Inactive(anon):    24036 kB
Active(file):    3347112 kB
Inactive(file):  4993180 kB
Unevictable:           0 kB
Mlocked:               0 kB
SwapTotal:             0 kB
SwapFree:              0 kB
Dirty:               484 kB
Writeback:             0 kB
AnonPages:      298300788 kB
Mapped:           133208 kB
Shmem:             33664 kB
Slab:            1040000 kB
SReclaimable:     599960 kB
SUnreclaim:       440040 kB
KernelStack:       12864 kB
PageTables:       593600 kB
NFS_Unstable:          0 kB
Bounce:                0 kB
WritebackTmp:          0 kB
CommitLimit:    197426600 kB
Committed_AS:   299132644 kB
VmallocTotal:   34359738367 kB
VmallocUsed:           0 kB
VmallocChunk:          0 kB
HardwareCorrupted:    20 kB
AnonHugePages:    362496 kB
ShmemHugePages:        0 kB
ShmemPmdMapped:        0 kB
CmaTotal:              0 kB
CmaFree:               0 kB
HugePages_Total:       0
HugePages_Free:        0
HugePages_Rsvd:        0
HugePages_Surp:        0
Hugepagesize:       2048 kB
DirectMap4k:     2978208 kB
DirectMap2M:    186431488 kB
DirectMap1G:    213909504 kB

/sys/kernel/mm/transparent_hugepage/enabled:
always [madvise] never
/sys/kernel/mm/transparent_hugepage/defrag (defrag/compaction efforts parameter):
always defer defer+madvise [madvise] never

/proc/sys/kernel/threads-max (system-wide limit on the number of threads):
3083848
/proc/sys/vm/max_map_count (maximum number of memory map areas a process may have):
65530
/proc/sys/kernel/pid_max (system-wide limit on number of process identifiers):
40960

Steal ticks since vm start: 0
Steal ticks percentage since vm start:  0.000

CPU:total 40 (initial active 20) (20 cores per cpu, 2 threads per core) family 6 model 85 stepping 4, cmov, cx8, fxsr, mmx, sse, sse2, sse3, ssse3, sse4.1, sse4.2, popcnt, avx, avx2, aes, clmul, erms, rtm, 3dnowpref, lzcnt, ht, tsc, tscinvbit, bmi1, bmi2, adx, fma
CPU Model and flags from /proc/cpuinfo:
model name	: Intel(R) Xeon(R) Gold 6148 CPU @ 2.40GHz
flags		: fpu vme de pse tsc msr pae mce cx8 apic sep mtrr pge mca cmov pat pse36 clflush dts acpi mmx fxsr sse sse2 ss ht tm pbe syscall nx pdpe1gb rdtscp lm constant_tsc art arch_perfmon pebs bts rep_good nopl xtopology nonstop_tsc cpuid aperfmperf pni pclmulqdq dtes64 monitor ds_cpl vmx smx est tm2 ssse3 sdbg fma cx16 xtpr pdcm pcid dca sse4_1 sse4_2 x2apic movbe popcnt tsc_deadline_timer aes xsave avx f16c rdrand lahf_lm abm 3dnowprefetch cpuid_fault epb cat_l3 cdp_l3 invpcid_single pti intel_ppin ssbd mba ibrs ibpb stibp tpr_shadow vnmi flexpriority ept vpid fsgsbase tsc_adjust bmi1 hle avx2 smep bmi2 erms invpcid rtm cqm mpx rdt_a avx512f avx512dq rdseed adx smap clflushopt clwb intel_pt avx512cd avx512bw avx512vl xsaveopt xsavec xgetbv1 xsaves cqm_llc cqm_occup_llc cqm_mbm_total cqm_mbm_local dtherm arat pln pts pku ospke md_clear flush_l1d arch_capabilities
Online cpus:
0-39
Offline cpus:

BIOS frequency limitation:
<Not Available>
Frequency switch latency (ns):
<Not Available>
Available cpu frequencies:
<Not Available>
Current governor:
<Not Available>
Core performance/turbo boost:
<Not Available>

Memory: 4k page, physical 394853204k(85366040k free), swap 0k(0k free)

vm_info: OpenJDK 64-Bit Server VM (11.0.9.1-internal+0-adhoc..src) for linux-amd64 JRE (11.0.9.1-internal+0-adhoc..src), built on Mar 19 2021 22:30:45 by "" with gcc 9.3.0

END.
