[M::bwa_idx_load_from_disk] read 0 ALT contigs
[M::process] read 1770784 sequences (212284926 bp)...
[M::mem_pestat] # candidate unique pairs for (FF, FR, RF, RR): (68, 159927, 68, 21)
[M::mem_pestat] analyzing insert size distribution for orientation FF...
[M::mem_pestat] (25, 50, 75) percentile: (545, 545, 545)
[M::mem_pestat] low and high boundaries for computing mean and std.dev: (545, 545)
[M::mem_pestat] mean and std.dev: (545.00, 0.00)
[M::mem_pestat] low and high boundaries for proper pairs: (545, 545)
[M::mem_pestat] analyzing insert size distribution for orientation FR...
[M::mem_pestat] (25, 50, 75) percentile: (85, 124, 174)
[M::mem_pestat] low and high boundaries for computing mean and std.dev: (1, 352)
[M::mem_pestat] mean and std.dev: (132.84, 66.20)
[M::mem_pestat] low and high boundaries for proper pairs: (1, 441)
[M::mem_pestat] analyzing insert size distribution for orientation RF...
[M::mem_pestat] (25, 50, 75) percentile: (192, 415, 415)
[M::mem_pestat] low and high boundaries for computing mean and std.dev: (1, 861)
[M::mem_pestat] mean and std.dev: (309.85, 151.44)
[M::mem_pestat] low and high boundaries for proper pairs: (1, 1084)
[M::mem_pestat] analyzing insert size distribution for orientation RR...
[M::mem_pestat] (25, 50, 75) percentile: (92, 92, 414)
[M::mem_pestat] low and high boundaries for computing mean and std.dev: (1, 1058)
[M::mem_pestat] mean and std.dev: (215.14, 167.88)
[M::mem_pestat] low and high boundaries for proper pairs: (1, 1380)
[M::mem_pestat] skip orientation FF
[M::mem_pestat] skip orientation RF
[M::mem_pestat] skip orientation RR
[M::mem_process_seqs] Processed 1770784 reads in 2388.708 CPU sec, 105.646 real sec
[main] Version: 0.7.17-r1188
[main] CMD: bwa mem -L 5 -t 40 -a -M -T 50 -A 1 -B 4 -O 6 -R @RG\tID:Sgr-CJol_066-Ex1-cssl.clmp.fp2\tSM:Sgr-CJol_066-Ex1-cssl.clmp.fp2\tPL:Illumina reference.ssl.Sgr-libC.fasta Sgr-CJol_066-Ex1-cssl.clmp.fp2.R1.fq.gz Sgr-CJol_066-Ex1-cssl.clmp.fp2.R2.fq.gz
[main] Real time: 116.441 sec; CPU: 2397.931 sec
