[M::bwa_idx_load_from_disk] read 0 ALT contigs
[M::process] read 3284554 sequences (400000213 bp)...
[M::mem_pestat] # candidate unique pairs for (FF, FR, RF, RR): (145, 322282, 111, 158)
[M::mem_pestat] analyzing insert size distribution for orientation FF...
[M::mem_pestat] (25, 50, 75) percentile: (342, 474, 474)
[M::mem_pestat] low and high boundaries for computing mean and std.dev: (78, 738)
[M::mem_pestat] mean and std.dev: (420.47, 115.90)
[M::mem_pestat] low and high boundaries for proper pairs: (1, 884)
[M::mem_pestat] analyzing insert size distribution for orientation FR...
[M::mem_pestat] (25, 50, 75) percentile: (89, 132, 191)
[M::mem_pestat] low and high boundaries for computing mean and std.dev: (1, 395)
[M::mem_pestat] mean and std.dev: (145.19, 77.77)
[M::mem_pestat] low and high boundaries for proper pairs: (1, 497)
[M::mem_pestat] analyzing insert size distribution for orientation RF...
[M::mem_pestat] (25, 50, 75) percentile: (62, 83, 337)
[M::mem_pestat] low and high boundaries for computing mean and std.dev: (1, 887)
[M::mem_pestat] mean and std.dev: (143.00, 129.75)
[M::mem_pestat] low and high boundaries for proper pairs: (1, 1162)
[M::mem_pestat] analyzing insert size distribution for orientation RR...
[M::mem_pestat] (25, 50, 75) percentile: (454, 454, 533)
[M::mem_pestat] low and high boundaries for computing mean and std.dev: (296, 691)
[M::mem_pestat] mean and std.dev: (488.30, 46.88)
[M::mem_pestat] low and high boundaries for proper pairs: (217, 770)
[M::mem_pestat] skip orientation FF
[M::mem_pestat] skip orientation RF
[M::mem_pestat] skip orientation RR
[M::process] read 2279408 sequences (278799150 bp)...
[M::mem_process_seqs] Processed 3284554 reads in 4307.957 CPU sec, 199.831 real sec
[M::mem_pestat] # candidate unique pairs for (FF, FR, RF, RR): (62, 207344, 132, 190)
[M::mem_pestat] analyzing insert size distribution for orientation FF...
[M::mem_pestat] (25, 50, 75) percentile: (83, 386, 474)
[M::mem_pestat] low and high boundaries for computing mean and std.dev: (1, 1256)
[M::mem_pestat] mean and std.dev: (324.40, 192.25)
[M::mem_pestat] low and high boundaries for proper pairs: (1, 1647)
[M::mem_pestat] analyzing insert size distribution for orientation FR...
[M::mem_pestat] (25, 50, 75) percentile: (88, 131, 189)
[M::mem_pestat] low and high boundaries for computing mean and std.dev: (1, 391)
[M::mem_pestat] mean and std.dev: (142.74, 75.68)
[M::mem_pestat] low and high boundaries for proper pairs: (1, 492)
[M::mem_pestat] analyzing insert size distribution for orientation RF...
[M::mem_pestat] (25, 50, 75) percentile: (149, 1175, 5866)
[M::mem_pestat] low and high boundaries for computing mean and std.dev: (1, 17300)
[M::mem_pestat] mean and std.dev: (2551.68, 2958.41)
[M::mem_pestat] low and high boundaries for proper pairs: (1, 23017)
[M::mem_pestat] analyzing insert size distribution for orientation RR...
[M::mem_pestat] (25, 50, 75) percentile: (345, 345, 345)
[M::mem_pestat] low and high boundaries for computing mean and std.dev: (345, 345)
[M::mem_pestat] mean and std.dev: (345.00, 0.00)
[M::mem_pestat] low and high boundaries for proper pairs: (345, 345)
[M::mem_pestat] skip orientation FF
[M::mem_pestat] skip orientation RF
[M::mem_pestat] skip orientation RR
[M::mem_process_seqs] Processed 2279408 reads in 3028.332 CPU sec, 94.188 real sec
[main] Version: 0.7.17-r1188
[main] CMD: bwa mem -L 5 -t 40 -a -M -T 50 -A 1 -B 4 -O 6 -R @RG\tID:Sgr-CMas_077-Ex1-cssl.clmp.fp2\tSM:Sgr-CMas_077-Ex1-cssl.clmp.fp2\tPL:Illumina reference.ssl.Sgr-libC.fasta Sgr-CMas_077-Ex1-cssl.clmp.fp2.R1.fq.gz Sgr-CMas_077-Ex1-cssl.clmp.fp2.R2.fq.gz
[main] Real time: 308.833 sec; CPU: 7350.771 sec
