[M::bwa_idx_load_from_disk] read 0 ALT contigs
[M::process] read 756484 sequences (90578984 bp)...
[M::mem_pestat] # candidate unique pairs for (FF, FR, RF, RR): (48, 135146, 29, 12)
[M::mem_pestat] analyzing insert size distribution for orientation FF...
[M::mem_pestat] (25, 50, 75) percentile: (21, 21, 93)
[M::mem_pestat] low and high boundaries for computing mean and std.dev: (1, 237)
[M::mem_pestat] mean and std.dev: (47.23, 46.01)
[M::mem_pestat] low and high boundaries for proper pairs: (1, 309)
[M::mem_pestat] analyzing insert size distribution for orientation FR...
[M::mem_pestat] (25, 50, 75) percentile: (102, 141, 194)
[M::mem_pestat] low and high boundaries for computing mean and std.dev: (1, 378)
[M::mem_pestat] mean and std.dev: (153.12, 69.77)
[M::mem_pestat] low and high boundaries for proper pairs: (1, 470)
[M::mem_pestat] analyzing insert size distribution for orientation RF...
[M::mem_pestat] (25, 50, 75) percentile: (4, 13, 48)
[M::mem_pestat] low and high boundaries for computing mean and std.dev: (1, 136)
[M::mem_pestat] mean and std.dev: (18.28, 17.85)
[M::mem_pestat] low and high boundaries for proper pairs: (1, 180)
[M::mem_pestat] analyzing insert size distribution for orientation RR...
[M::mem_pestat] (25, 50, 75) percentile: (66, 66, 167)
[M::mem_pestat] low and high boundaries for computing mean and std.dev: (1, 369)
[M::mem_pestat] mean and std.dev: (115.83, 61.82)
[M::mem_pestat] low and high boundaries for proper pairs: (1, 470)
[M::mem_pestat] skip orientation FF
[M::mem_pestat] skip orientation RF
[M::mem_pestat] skip orientation RR
[M::mem_process_seqs] Processed 756484 reads in 910.742 CPU sec, 40.602 real sec
[main] Version: 0.7.17-r1188
[main] CMD: bwa mem -L 5 -t 40 -a -M -T 50 -A 1 -B 4 -O 6 -R @RG\tID:Sgr-CMvi_038-Ex1-cssl.clmp.fp2\tSM:Sgr-CMvi_038-Ex1-cssl.clmp.fp2\tPL:Illumina reference.ssl.Sgr-libC.fasta Sgr-CMvi_038-Ex1-cssl.clmp.fp2.R1.fq.gz Sgr-CMvi_038-Ex1-cssl.clmp.fp2.R2.fq.gz
[main] Real time: 47.038 sec; CPU: 915.632 sec
