[M::bwa_idx_load_from_disk] read 0 ALT contigs
[M::process] read 686754 sequences (85728470 bp)...
[M::mem_pestat] # candidate unique pairs for (FF, FR, RF, RR): (7, 124483, 31, 3)
[M::mem_pestat] skip orientation FF as there are not enough pairs
[M::mem_pestat] analyzing insert size distribution for orientation FR...
[M::mem_pestat] (25, 50, 75) percentile: (118, 158, 218)
[M::mem_pestat] low and high boundaries for computing mean and std.dev: (1, 418)
[M::mem_pestat] mean and std.dev: (173.68, 77.65)
[M::mem_pestat] low and high boundaries for proper pairs: (1, 518)
[M::mem_pestat] analyzing insert size distribution for orientation RF...
[M::mem_pestat] (25, 50, 75) percentile: (465, 465, 465)
[M::mem_pestat] low and high boundaries for computing mean and std.dev: (465, 465)
[M::mem_pestat] mean and std.dev: (465.00, 0.00)
[M::mem_pestat] low and high boundaries for proper pairs: (465, 465)
[M::mem_pestat] skip orientation RR as there are not enough pairs
[M::mem_pestat] skip orientation RF
[M::mem_process_seqs] Processed 686754 reads in 806.920 CPU sec, 36.433 real sec
[main] Version: 0.7.17-r1188
[main] CMD: bwa mem -L 5 -t 40 -a -M -T 50 -A 1 -B 4 -O 6 -R @RG\tID:Sgr-CMvi_060-Ex1-cssl.clmp.fp2\tSM:Sgr-CMvi_060-Ex1-cssl.clmp.fp2\tPL:Illumina reference.ssl.Sgr-libC.fasta Sgr-CMvi_060-Ex1-cssl.clmp.fp2.R1.fq.gz Sgr-CMvi_060-Ex1-cssl.clmp.fp2.R2.fq.gz
[main] Real time: 42.704 sec; CPU: 811.402 sec
