[M::bwa_idx_load_from_disk] read 0 ALT contigs
[M::process] read 678318 sequences (84426135 bp)...
[M::mem_pestat] # candidate unique pairs for (FF, FR, RF, RR): (28, 134014, 45, 84)
[M::mem_pestat] analyzing insert size distribution for orientation FF...
[M::mem_pestat] (25, 50, 75) percentile: (238, 238, 799)
[M::mem_pestat] low and high boundaries for computing mean and std.dev: (1, 1921)
[M::mem_pestat] mean and std.dev: (410.96, 268.92)
[M::mem_pestat] low and high boundaries for proper pairs: (1, 2482)
[M::mem_pestat] analyzing insert size distribution for orientation FR...
[M::mem_pestat] (25, 50, 75) percentile: (120, 162, 233)
[M::mem_pestat] low and high boundaries for computing mean and std.dev: (1, 459)
[M::mem_pestat] mean and std.dev: (182.58, 84.80)
[M::mem_pestat] low and high boundaries for proper pairs: (1, 572)
[M::mem_pestat] analyzing insert size distribution for orientation RF...
[M::mem_pestat] (25, 50, 75) percentile: (29, 29, 57)
[M::mem_pestat] low and high boundaries for computing mean and std.dev: (1, 113)
[M::mem_pestat] mean and std.dev: (34.54, 19.27)
[M::mem_pestat] low and high boundaries for proper pairs: (1, 141)
[M::mem_pestat] analyzing insert size distribution for orientation RR...
[M::mem_pestat] (25, 50, 75) percentile: (315, 744, 744)
[M::mem_pestat] low and high boundaries for computing mean and std.dev: (1, 1602)
[M::mem_pestat] mean and std.dev: (557.63, 274.36)
[M::mem_pestat] low and high boundaries for proper pairs: (1, 2031)
[M::mem_pestat] skip orientation FF
[M::mem_pestat] skip orientation RF
[M::mem_pestat] skip orientation RR
[M::mem_process_seqs] Processed 678318 reads in 755.503 CPU sec, 35.047 real sec
[main] Version: 0.7.17-r1188
[main] CMD: bwa mem -L 5 -t 40 -a -M -T 50 -A 1 -B 4 -O 6 -R @RG\tID:Sgr-CMvi_087-Ex1-cssl.clmp.fp2\tSM:Sgr-CMvi_087-Ex1-cssl.clmp.fp2\tPL:Illumina reference.ssl.Sgr-libC.fasta Sgr-CMvi_087-Ex1-cssl.clmp.fp2.R1.fq.gz Sgr-CMvi_087-Ex1-cssl.clmp.fp2.R2.fq.gz
[main] Real time: 41.393 sec; CPU: 760.090 sec
