[M::main_mem] mean insert size: 533.109, stddev: 60.167, max: 613, min: 366
[M::bwa_idx_load_from_disk] read 0 ALT contigs
[M::process] read 71958 sequences (10000252 bp)...
[M::process] read 72070 sequences (10000251 bp)...
[M::mem_process_seqs] Processed 71958 reads in 25.670 CPU sec, 26.165 real sec
[M::process] read 68364 sequences (10000274 bp)...
[M::mem_process_seqs] Processed 72070 reads in 25.525 CPU sec, 26.005 real sec
[M::process] read 71318 sequences (10000035 bp)...
[M::mem_process_seqs] Processed 68364 reads in 10.468 CPU sec, 10.938 real sec
[M::process] read 71722 sequences (10000085 bp)...
[M::mem_process_seqs] Processed 71318 reads in 21.035 CPU sec, 21.282 real sec
[M::process] read 71798 sequences (10000164 bp)...
[M::mem_process_seqs] Processed 71722 reads in 25.196 CPU sec, 26.102 real sec
[M::process] read 72086 sequences (10000247 bp)...
[M::mem_process_seqs] Processed 71798 reads in 24.796 CPU sec, 25.220 real sec
[M::process] read 71770 sequences (10000155 bp)...
[M::mem_process_seqs] Processed 72086 reads in 27.127 CPU sec, 28.197 real sec
[M::process] read 71856 sequences (10000119 bp)...
[M::mem_process_seqs] Processed 71770 reads in 27.531 CPU sec, 28.147 real sec
[M::process] read 71846 sequences (10000023 bp)...
[M::mem_process_seqs] Processed 71856 reads in 29.995 CPU sec, 31.395 real sec
[M::process] read 71632 sequences (10000239 bp)...
[M::mem_process_seqs] Processed 71846 reads in 31.681 CPU sec, 32.616 real sec
[M::process] read 71844 sequences (10000145 bp)...
[M::mem_process_seqs] Processed 71632 reads in 27.601 CPU sec, 28.089 real sec
[M::process] read 71724 sequences (10000277 bp)...
[M::mem_process_seqs] Processed 71844 reads in 28.633 CPU sec, 30.158 real sec
[M::process] read 71906 sequences (10000277 bp)...
[M::mem_process_seqs] Processed 71724 reads in 25.719 CPU sec, 26.505 real sec
[M::process] read 70762 sequences (10000059 bp)...
[M::mem_process_seqs] Processed 71906 reads in 31.690 CPU sec, 33.348 real sec
[M::process] read 71848 sequences (10000091 bp)...
[M::mem_process_seqs] Processed 70762 reads in 18.131 CPU sec, 19.365 real sec
[M::process] read 71728 sequences (10000107 bp)...
[M::mem_process_seqs] Processed 71848 reads in 26.936 CPU sec, 29.200 real sec
[M::process] read 71454 sequences (10000097 bp)...
[M::mem_process_seqs] Processed 71728 reads in 25.681 CPU sec, 26.611 real sec
[M::process] read 71722 sequences (10000093 bp)...
[M::mem_process_seqs] Processed 71454 reads in 25.745 CPU sec, 26.586 real sec
[M::process] read 71596 sequences (10000040 bp)...
[M::mem_process_seqs] Processed 71722 reads in 27.461 CPU sec, 29.003 real sec
[M::process] read 71458 sequences (10000172 bp)...
[M::mem_process_seqs] Processed 71596 reads in 32.212 CPU sec, 33.046 real sec
[M::process] read 71566 sequences (10000278 bp)...
[M::mem_process_seqs] Processed 71458 reads in 25.963 CPU sec, 27.010 real sec
[M::process] read 68256 sequences (10000201 bp)...
[M::mem_process_seqs] Processed 71566 reads in 25.990 CPU sec, 27.229 real sec
[M::process] read 71790 sequences (10000125 bp)...
[M::mem_process_seqs] Processed 68256 reads in 8.747 CPU sec, 8.745 real sec
[M::process] read 71678 sequences (10000069 bp)...
[M::mem_process_seqs] Processed 71790 reads in 25.755 CPU sec, 26.965 real sec
[M::process] read 71676 sequences (10000030 bp)...
[M::mem_process_seqs] Processed 71678 reads in 23.518 CPU sec, 24.131 real sec
[M::process] read 71602 sequences (10000008 bp)...
[M::mem_process_seqs] Processed 71676 reads in 27.054 CPU sec, 27.875 real sec
[M::process] read 72042 sequences (10000265 bp)...
[M::mem_process_seqs] Processed 71602 reads in 31.893 CPU sec, 32.705 real sec
[M::process] read 72032 sequences (10000076 bp)...
[M::mem_process_seqs] Processed 72042 reads in 25.523 CPU sec, 26.344 real sec
[M::process] read 71492 sequences (10000256 bp)...
[M::mem_process_seqs] Processed 72032 reads in 27.380 CPU sec, 28.825 real sec
[M::process] read 71908 sequences (10000074 bp)...
[M::mem_process_seqs] Processed 71492 reads in 26.037 CPU sec, 27.012 real sec
[M::process] read 71702 sequences (10000119 bp)...
[M::mem_process_seqs] Processed 71908 reads in 31.420 CPU sec, 32.511 real sec
[M::process] read 71778 sequences (10000065 bp)...
[M::mem_process_seqs] Processed 71702 reads in 25.517 CPU sec, 26.639 real sec
[M::process] read 71550 sequences (10000179 bp)...
[M::mem_process_seqs] Processed 71778 reads in 28.329 CPU sec, 29.899 real sec
[M::process] read 71712 sequences (10000200 bp)...
[M::mem_process_seqs] Processed 71550 reads in 27.809 CPU sec, 28.295 real sec
[M::process] read 71774 sequences (10000129 bp)...
[M::mem_process_seqs] Processed 71712 reads in 25.777 CPU sec, 26.386 real sec
[M::process] read 71594 sequences (10000178 bp)...
[M::mem_process_seqs] Processed 71774 reads in 27.585 CPU sec, 27.682 real sec
[M::process] read 71622 sequences (10000277 bp)...
[M::mem_process_seqs] Processed 71594 reads in 25.863 CPU sec, 25.649 real sec
[M::process] read 71738 sequences (10000297 bp)...
[M::mem_process_seqs] Processed 71622 reads in 25.083 CPU sec, 25.707 real sec
[M::process] read 71638 sequences (10000109 bp)...
[M::mem_process_seqs] Processed 71738 reads in 25.840 CPU sec, 25.795 real sec
[M::process] read 71896 sequences (10000059 bp)...
[M::mem_process_seqs] Processed 71638 reads in 25.822 CPU sec, 27.084 real sec
[M::process] read 71672 sequences (10000019 bp)...
[M::mem_process_seqs] Processed 71896 reads in 26.930 CPU sec, 27.497 real sec
[M::process] read 71830 sequences (10000238 bp)...
[M::mem_process_seqs] Processed 71672 reads in 25.896 CPU sec, 26.800 real sec
[M::process] read 71710 sequences (10000265 bp)...
[M::mem_process_seqs] Processed 71830 reads in 32.377 CPU sec, 33.426 real sec
[M::process] read 71704 sequences (10000226 bp)...
[M::mem_process_seqs] Processed 71710 reads in 29.332 CPU sec, 29.790 real sec
[M::process] read 71326 sequences (10000048 bp)...
[M::mem_process_seqs] Processed 71704 reads in 27.192 CPU sec, 27.928 real sec
[M::process] read 71920 sequences (10000285 bp)...
[M::mem_process_seqs] Processed 71326 reads in 29.578 CPU sec, 31.303 real sec
[M::process] read 71878 sequences (10000148 bp)...
[M::mem_process_seqs] Processed 71920 reads in 26.356 CPU sec, 27.123 real sec
[M::process] read 71828 sequences (10000053 bp)...
[M::mem_process_seqs] Processed 71878 reads in 25.677 CPU sec, 26.216 real sec
[M::process] read 71660 sequences (10000105 bp)...
[M::mem_process_seqs] Processed 71828 reads in 30.860 CPU sec, 31.711 real sec
[M::process] read 71958 sequences (10000106 bp)...
[M::mem_process_seqs] Processed 71660 reads in 28.460 CPU sec, 28.723 real sec
[M::process] read 71700 sequences (10000011 bp)...
[M::mem_process_seqs] Processed 71958 reads in 26.921 CPU sec, 27.575 real sec
[M::process] read 71868 sequences (10000220 bp)...
[M::mem_process_seqs] Processed 71700 reads in 26.550 CPU sec, 26.728 real sec
[M::process] read 71694 sequences (10000027 bp)...
[M::mem_process_seqs] Processed 71868 reads in 25.725 CPU sec, 26.075 real sec
[M::process] read 72028 sequences (10000025 bp)...
[M::mem_process_seqs] Processed 71694 reads in 24.852 CPU sec, 25.785 real sec
[M::process] read 71818 sequences (10000255 bp)...
[M::mem_process_seqs] Processed 72028 reads in 25.856 CPU sec, 27.454 real sec
[M::process] read 71712 sequences (10000144 bp)...
[M::mem_process_seqs] Processed 71818 reads in 25.252 CPU sec, 25.609 real sec
[M::process] read 72192 sequences (10000044 bp)...
[M::mem_process_seqs] Processed 71712 reads in 28.919 CPU sec, 29.890 real sec
[M::process] read 71654 sequences (10000161 bp)...
[M::mem_process_seqs] Processed 72192 reads in 29.698 CPU sec, 31.169 real sec
[M::process] read 71896 sequences (10000113 bp)...
[M::mem_process_seqs] Processed 71654 reads in 23.531 CPU sec, 24.444 real sec
[M::process] read 71554 sequences (10000049 bp)...
[M::mem_process_seqs] Processed 71896 reads in 29.741 CPU sec, 31.346 real sec
[M::process] read 71902 sequences (10000011 bp)...
[M::mem_process_seqs] Processed 71554 reads in 28.452 CPU sec, 29.662 real sec
[M::process] read 71704 sequences (10000226 bp)...
[M::mem_process_seqs] Processed 71902 reads in 29.293 CPU sec, 30.403 real sec
[M::process] read 71778 sequences (10000217 bp)...
[M::mem_process_seqs] Processed 71704 reads in 25.313 CPU sec, 27.275 real sec
[M::process] read 71744 sequences (10000064 bp)...
[M::mem_process_seqs] Processed 71778 reads in 28.418 CPU sec, 30.384 real sec
[M::process] read 71742 sequences (10000118 bp)...
[M::mem_process_seqs] Processed 71744 reads in 26.729 CPU sec, 27.493 real sec
[M::process] read 71484 sequences (10000130 bp)...
[M::mem_process_seqs] Processed 71742 reads in 25.982 CPU sec, 27.349 real sec
[M::process] read 71660 sequences (10000184 bp)...
[M::mem_process_seqs] Processed 71484 reads in 25.725 CPU sec, 27.028 real sec
[M::process] read 70366 sequences (10000205 bp)...
[M::mem_process_seqs] Processed 71660 reads in 24.450 CPU sec, 25.012 real sec
[M::process] read 71808 sequences (10000071 bp)...
[M::mem_process_seqs] Processed 70366 reads in 20.518 CPU sec, 21.283 real sec
[M::process] read 71720 sequences (10000203 bp)...
[M::mem_process_seqs] Processed 71808 reads in 24.792 CPU sec, 25.186 real sec
[M::process] read 71898 sequences (10000207 bp)...
[M::mem_process_seqs] Processed 71720 reads in 27.136 CPU sec, 27.677 real sec
[M::process] read 71794 sequences (10000053 bp)...
[M::mem_process_seqs] Processed 71898 reads in 27.528 CPU sec, 27.753 real sec
[M::process] read 71730 sequences (10000025 bp)...
[M::mem_process_seqs] Processed 71794 reads in 27.860 CPU sec, 27.942 real sec
[M::process] read 71624 sequences (10000201 bp)...
[M::mem_process_seqs] Processed 71730 reads in 26.476 CPU sec, 26.407 real sec
[M::process] read 71596 sequences (10000212 bp)...
[M::mem_process_seqs] Processed 71624 reads in 24.996 CPU sec, 25.095 real sec
[M::process] read 71812 sequences (10000286 bp)...
[M::mem_process_seqs] Processed 71596 reads in 30.055 CPU sec, 29.873 real sec
[M::process] read 71558 sequences (10000283 bp)...
[M::mem_process_seqs] Processed 71812 reads in 26.534 CPU sec, 26.335 real sec
[M::process] read 71770 sequences (10000276 bp)...
[M::mem_process_seqs] Processed 71558 reads in 26.353 CPU sec, 26.117 real sec
[M::process] read 71840 sequences (10000212 bp)...
[M::mem_process_seqs] Processed 71770 reads in 27.618 CPU sec, 27.265 real sec
[M::process] read 71976 sequences (10000087 bp)...
[M::mem_process_seqs] Processed 71840 reads in 27.096 CPU sec, 26.733 real sec
[M::process] read 71584 sequences (10000042 bp)...
[M::mem_process_seqs] Processed 71976 reads in 25.538 CPU sec, 25.244 real sec
[M::process] read 71808 sequences (10000042 bp)...
[M::mem_process_seqs] Processed 71584 reads in 26.746 CPU sec, 26.323 real sec
[M::process] read 71718 sequences (10000053 bp)...
[M::mem_process_seqs] Processed 71808 reads in 26.863 CPU sec, 26.403 real sec
[M::process] read 72012 sequences (10000041 bp)...
[M::mem_process_seqs] Processed 71718 reads in 24.912 CPU sec, 24.537 real sec
[M::process] read 71670 sequences (10000214 bp)...
[M::mem_process_seqs] Processed 72012 reads in 27.603 CPU sec, 27.173 real sec
[M::process] read 71180 sequences (10000015 bp)...
[M::mem_process_seqs] Processed 71670 reads in 28.812 CPU sec, 28.418 real sec
[M::process] read 71586 sequences (10000034 bp)...
[M::mem_process_seqs] Processed 71180 reads in 25.763 CPU sec, 25.356 real sec
[M::process] read 71694 sequences (10000161 bp)...
[M::mem_process_seqs] Processed 71586 reads in 25.883 CPU sec, 25.393 real sec
[M::process] read 71832 sequences (10000192 bp)...
[M::mem_process_seqs] Processed 71694 reads in 26.429 CPU sec, 25.947 real sec
[M::process] read 71868 sequences (10000068 bp)...
[M::mem_process_seqs] Processed 71832 reads in 28.156 CPU sec, 27.728 real sec
[M::process] read 71930 sequences (10000047 bp)...
[M::mem_process_seqs] Processed 71868 reads in 28.611 CPU sec, 28.149 real sec
[M::process] read 71854 sequences (10000117 bp)...
[M::mem_process_seqs] Processed 71930 reads in 26.844 CPU sec, 26.381 real sec
[M::process] read 71774 sequences (10000262 bp)...
[M::mem_process_seqs] Processed 71854 reads in 28.325 CPU sec, 27.784 real sec
[M::process] read 71704 sequences (10000175 bp)...
[M::mem_process_seqs] Processed 71774 reads in 27.128 CPU sec, 26.561 real sec
[M::process] read 71702 sequences (10000162 bp)...
[M::mem_process_seqs] Processed 71704 reads in 30.370 CPU sec, 29.843 real sec
[M::process] read 71734 sequences (10000159 bp)...
[M::mem_process_seqs] Processed 71702 reads in 27.108 CPU sec, 26.579 real sec
[M::process] read 71732 sequences (10000251 bp)...
[M::mem_process_seqs] Processed 71734 reads in 28.603 CPU sec, 28.076 real sec
[M::process] read 71800 sequences (10000292 bp)...
[M::mem_process_seqs] Processed 71732 reads in 25.248 CPU sec, 24.716 real sec
[M::process] read 71892 sequences (10000229 bp)...
[M::mem_process_seqs] Processed 71800 reads in 25.929 CPU sec, 25.386 real sec
[M::process] read 71798 sequences (10000124 bp)...
[M::mem_process_seqs] Processed 71892 reads in 24.633 CPU sec, 24.132 real sec
[M::process] read 28602 sequences (4067651 bp)...
[M::mem_process_seqs] Processed 71798 reads in 25.321 CPU sec, 24.933 real sec
[M::mem_process_seqs] Processed 28602 reads in 9.756 CPU sec, 9.511 real sec
[main] Version: 0.7.17-r1188
[main] CMD: bwa mem -L 5 -I 533.109,60.1675,613,366 -t 1 -a -M -T 30 -A 1 -B 4 -O 6 -R @RG\tID:Aen-Cbat_070-AeC01070_CKDL210012719-1a-5UDI294-AK4236_HF5TCDSX2_L1_clmp_fp2_repr\tSM:Aen-Cbat_070-AeC01070_CKDL210012719-1a-5UDI294-AK4236_HF5TCDSX2_L1_clmp_fp2_repr\tPL:Illumina reference.rad.baited-6-6.fasta Aen-Cbat_070-AeC01070_CKDL210012719-1a-5UDI294-AK4236_HF5TCDSX2_L1_clmp_fp2_repr.R1.fq.gz Aen-Cbat_070-AeC01070_CKDL210012719-1a-5UDI294-AK4236_HF5TCDSX2_L1_clmp_fp2_repr.R2.fq.gz
[main] Real time: 2747.043 sec; CPU: 2691.777 sec
