[M::main_mem] mean insert size: 533.109, stddev: 60.167, max: 613, min: 366
[M::bwa_idx_load_from_disk] read 0 ALT contigs
[M::process] read 71564 sequences (10000114 bp)...
[M::process] read 71630 sequences (10000037 bp)...
[M::mem_process_seqs] Processed 71564 reads in 26.111 CPU sec, 27.612 real sec
[M::process] read 69524 sequences (10000082 bp)...
[M::mem_process_seqs] Processed 71630 reads in 26.624 CPU sec, 26.598 real sec
[M::process] read 71472 sequences (10000173 bp)...
[M::mem_process_seqs] Processed 69524 reads in 15.914 CPU sec, 16.405 real sec
[M::process] read 71316 sequences (10000043 bp)...
[M::mem_process_seqs] Processed 71472 reads in 25.234 CPU sec, 26.042 real sec
[M::process] read 71634 sequences (10000218 bp)...
[M::mem_process_seqs] Processed 71316 reads in 24.890 CPU sec, 25.100 real sec
[M::process] read 71482 sequences (10000190 bp)...
[M::mem_process_seqs] Processed 71634 reads in 26.489 CPU sec, 27.056 real sec
[M::process] read 71454 sequences (10000123 bp)...
[M::mem_process_seqs] Processed 71482 reads in 26.622 CPU sec, 27.354 real sec
[M::process] read 71308 sequences (10000161 bp)...
[M::mem_process_seqs] Processed 71454 reads in 29.804 CPU sec, 30.006 real sec
[M::process] read 71554 sequences (10000206 bp)...
[M::mem_process_seqs] Processed 71308 reads in 24.884 CPU sec, 26.466 real sec
[M::process] read 71410 sequences (10000279 bp)...
[M::mem_process_seqs] Processed 71554 reads in 32.927 CPU sec, 34.093 real sec
[M::process] read 71218 sequences (10000112 bp)...
[M::mem_process_seqs] Processed 71410 reads in 28.101 CPU sec, 29.352 real sec
[M::process] read 71568 sequences (10000101 bp)...
[M::mem_process_seqs] Processed 71218 reads in 26.829 CPU sec, 27.554 real sec
[M::process] read 71024 sequences (10000135 bp)...
[M::mem_process_seqs] Processed 71568 reads in 32.682 CPU sec, 33.524 real sec
[M::process] read 71334 sequences (10000260 bp)...
[M::mem_process_seqs] Processed 71024 reads in 22.518 CPU sec, 23.889 real sec
[M::process] read 71352 sequences (10000273 bp)...
[M::mem_process_seqs] Processed 71334 reads in 24.886 CPU sec, 25.250 real sec
[M::process] read 71184 sequences (10000057 bp)...
[M::mem_process_seqs] Processed 71352 reads in 26.610 CPU sec, 28.316 real sec
[M::process] read 71400 sequences (10000123 bp)...
[M::mem_process_seqs] Processed 71184 reads in 26.617 CPU sec, 27.485 real sec
[M::process] read 71128 sequences (10000120 bp)...
[M::mem_process_seqs] Processed 71400 reads in 27.530 CPU sec, 27.998 real sec
[M::process] read 71170 sequences (10000217 bp)...
[M::mem_process_seqs] Processed 71128 reads in 32.489 CPU sec, 32.855 real sec
[M::process] read 71266 sequences (10000175 bp)...
[M::mem_process_seqs] Processed 71170 reads in 26.685 CPU sec, 28.069 real sec
[M::process] read 69536 sequences (10000025 bp)...
[M::mem_process_seqs] Processed 71266 reads in 27.552 CPU sec, 27.908 real sec
[M::process] read 71334 sequences (10000149 bp)...
[M::mem_process_seqs] Processed 69536 reads in 15.524 CPU sec, 16.108 real sec
[M::process] read 71214 sequences (10000088 bp)...
[M::mem_process_seqs] Processed 71334 reads in 25.957 CPU sec, 26.412 real sec
[M::process] read 71402 sequences (10000250 bp)...
[M::mem_process_seqs] Processed 71214 reads in 26.893 CPU sec, 27.605 real sec
[M::process] read 71344 sequences (10000052 bp)...
[M::mem_process_seqs] Processed 71402 reads in 26.276 CPU sec, 27.072 real sec
[M::process] read 71640 sequences (10000242 bp)...
[M::mem_process_seqs] Processed 71344 reads in 30.960 CPU sec, 32.399 real sec
[M::process] read 71510 sequences (10000232 bp)...
[M::mem_process_seqs] Processed 71640 reads in 27.192 CPU sec, 27.984 real sec
[M::process] read 71230 sequences (10000167 bp)...
[M::mem_process_seqs] Processed 71510 reads in 26.427 CPU sec, 27.227 real sec
[M::process] read 71318 sequences (10000233 bp)...
[M::mem_process_seqs] Processed 71230 reads in 31.705 CPU sec, 32.621 real sec
[M::process] read 71402 sequences (10000216 bp)...
[M::mem_process_seqs] Processed 71318 reads in 25.260 CPU sec, 25.972 real sec
[M::process] read 71412 sequences (10000254 bp)...
[M::mem_process_seqs] Processed 71402 reads in 26.852 CPU sec, 27.732 real sec
[M::process] read 71298 sequences (10000059 bp)...
[M::mem_process_seqs] Processed 71412 reads in 27.193 CPU sec, 28.172 real sec
[M::process] read 71442 sequences (10000275 bp)...
[M::mem_process_seqs] Processed 71298 reads in 28.063 CPU sec, 29.334 real sec
[M::process] read 71378 sequences (10000234 bp)...
[M::mem_process_seqs] Processed 71442 reads in 26.325 CPU sec, 27.781 real sec
[M::process] read 71348 sequences (10000092 bp)...
[M::mem_process_seqs] Processed 71378 reads in 27.773 CPU sec, 28.945 real sec
[M::process] read 71136 sequences (10000216 bp)...
[M::mem_process_seqs] Processed 71348 reads in 25.605 CPU sec, 26.552 real sec
[M::process] read 71128 sequences (10000029 bp)...
[M::mem_process_seqs] Processed 71136 reads in 25.349 CPU sec, 25.549 real sec
[M::process] read 71344 sequences (10000008 bp)...
[M::mem_process_seqs] Processed 71128 reads in 26.336 CPU sec, 27.141 real sec
[M::process] read 71532 sequences (10000156 bp)...
[M::mem_process_seqs] Processed 71344 reads in 27.351 CPU sec, 28.236 real sec
[M::process] read 71318 sequences (10000015 bp)...
[M::mem_process_seqs] Processed 71532 reads in 25.823 CPU sec, 27.169 real sec
[M::process] read 71288 sequences (10000207 bp)...
[M::mem_process_seqs] Processed 71318 reads in 31.121 CPU sec, 31.832 real sec
[M::process] read 71302 sequences (10000254 bp)...
[M::mem_process_seqs] Processed 71288 reads in 30.417 CPU sec, 31.679 real sec
[M::process] read 71382 sequences (10000022 bp)...
[M::mem_process_seqs] Processed 71302 reads in 26.521 CPU sec, 27.830 real sec
[M::process] read 71112 sequences (10000216 bp)...
[M::mem_process_seqs] Processed 71382 reads in 27.797 CPU sec, 29.261 real sec
[M::process] read 71600 sequences (10000021 bp)...
[M::mem_process_seqs] Processed 71112 reads in 30.653 CPU sec, 31.279 real sec
[M::process] read 71354 sequences (10000224 bp)...
[M::mem_process_seqs] Processed 71600 reads in 25.349 CPU sec, 26.190 real sec
[M::process] read 71306 sequences (10000074 bp)...
[M::mem_process_seqs] Processed 71354 reads in 26.301 CPU sec, 26.787 real sec
[M::process] read 71462 sequences (10000026 bp)...
[M::mem_process_seqs] Processed 71306 reads in 32.445 CPU sec, 32.628 real sec
[M::process] read 71408 sequences (10000135 bp)...
[M::mem_process_seqs] Processed 71462 reads in 27.668 CPU sec, 28.177 real sec
[M::process] read 71410 sequences (10000278 bp)...
[M::mem_process_seqs] Processed 71408 reads in 25.692 CPU sec, 26.047 real sec
[M::process] read 71468 sequences (10000177 bp)...
[M::mem_process_seqs] Processed 71410 reads in 26.905 CPU sec, 27.253 real sec
[M::process] read 71300 sequences (10000272 bp)...
[M::mem_process_seqs] Processed 71468 reads in 26.345 CPU sec, 26.958 real sec
[M::process] read 71702 sequences (10000055 bp)...
[M::mem_process_seqs] Processed 71300 reads in 25.405 CPU sec, 25.328 real sec
[M::process] read 71344 sequences (10000024 bp)...
[M::mem_process_seqs] Processed 71702 reads in 25.359 CPU sec, 25.178 real sec
[M::process] read 71608 sequences (10000045 bp)...
[M::mem_process_seqs] Processed 71344 reads in 27.274 CPU sec, 27.116 real sec
[M::process] read 71668 sequences (10000297 bp)...
[M::mem_process_seqs] Processed 71608 reads in 30.968 CPU sec, 31.299 real sec
[M::process] read 71386 sequences (10000269 bp)...
[M::mem_process_seqs] Processed 71668 reads in 24.592 CPU sec, 26.087 real sec
[M::process] read 71572 sequences (10000296 bp)...
[M::mem_process_seqs] Processed 71386 reads in 25.056 CPU sec, 25.054 real sec
[M::process] read 71312 sequences (10000234 bp)...
[M::mem_process_seqs] Processed 71572 reads in 32.460 CPU sec, 34.121 real sec
[M::process] read 71314 sequences (10000134 bp)...
[M::mem_process_seqs] Processed 71312 reads in 27.489 CPU sec, 28.954 real sec
[M::process] read 71252 sequences (10000291 bp)...
[M::mem_process_seqs] Processed 71314 reads in 26.174 CPU sec, 27.471 real sec
[M::process] read 71340 sequences (10000092 bp)...
[M::mem_process_seqs] Processed 71252 reads in 27.630 CPU sec, 29.551 real sec
[M::process] read 71464 sequences (10000091 bp)...
[M::mem_process_seqs] Processed 71340 reads in 26.663 CPU sec, 26.953 real sec
[M::process] read 71376 sequences (10000086 bp)...
[M::mem_process_seqs] Processed 71464 reads in 26.444 CPU sec, 26.915 real sec
[M::process] read 71334 sequences (10000252 bp)...
[M::mem_process_seqs] Processed 71376 reads in 25.786 CPU sec, 26.444 real sec
[M::process] read 70456 sequences (10000288 bp)...
[M::mem_process_seqs] Processed 71334 reads in 25.623 CPU sec, 25.904 real sec
[M::process] read 71420 sequences (10000255 bp)...
[M::mem_process_seqs] Processed 70456 reads in 23.388 CPU sec, 23.835 real sec
[M::process] read 71398 sequences (10000198 bp)...
[M::mem_process_seqs] Processed 71420 reads in 25.508 CPU sec, 25.624 real sec
[M::process] read 71514 sequences (10000271 bp)...
[M::mem_process_seqs] Processed 71398 reads in 27.558 CPU sec, 28.429 real sec
[M::process] read 71454 sequences (10000009 bp)...
[M::mem_process_seqs] Processed 71514 reads in 27.221 CPU sec, 28.903 real sec
[M::process] read 71362 sequences (10000221 bp)...
[M::mem_process_seqs] Processed 71454 reads in 28.005 CPU sec, 28.646 real sec
[M::process] read 71332 sequences (10000093 bp)...
[M::mem_process_seqs] Processed 71362 reads in 26.968 CPU sec, 28.211 real sec
[M::process] read 71172 sequences (10000032 bp)...
[M::mem_process_seqs] Processed 71332 reads in 25.606 CPU sec, 27.103 real sec
[M::process] read 71324 sequences (10000089 bp)...
[M::mem_process_seqs] Processed 71172 reads in 28.678 CPU sec, 29.667 real sec
[M::process] read 71306 sequences (10000075 bp)...
[M::mem_process_seqs] Processed 71324 reads in 26.148 CPU sec, 27.363 real sec
[M::process] read 71310 sequences (10000241 bp)...
[M::mem_process_seqs] Processed 71306 reads in 26.508 CPU sec, 27.405 real sec
[M::process] read 71462 sequences (10000000 bp)...
[M::mem_process_seqs] Processed 71310 reads in 28.173 CPU sec, 29.557 real sec
[M::process] read 71546 sequences (10000113 bp)...
[M::mem_process_seqs] Processed 71462 reads in 27.086 CPU sec, 27.913 real sec
[M::process] read 71164 sequences (10000062 bp)...
[M::mem_process_seqs] Processed 71546 reads in 25.706 CPU sec, 26.174 real sec
[M::process] read 71538 sequences (10000071 bp)...
[M::mem_process_seqs] Processed 71164 reads in 26.433 CPU sec, 27.906 real sec
[M::process] read 71210 sequences (10000058 bp)...
[M::mem_process_seqs] Processed 71538 reads in 27.409 CPU sec, 28.458 real sec
[M::process] read 71570 sequences (10000269 bp)...
[M::mem_process_seqs] Processed 71210 reads in 24.784 CPU sec, 25.836 real sec
[M::process] read 71430 sequences (10000225 bp)...
[M::mem_process_seqs] Processed 71570 reads in 28.337 CPU sec, 29.104 real sec
[M::process] read 70898 sequences (10000201 bp)...
[M::mem_process_seqs] Processed 71430 reads in 28.327 CPU sec, 29.894 real sec
[M::process] read 71314 sequences (10000067 bp)...
[M::mem_process_seqs] Processed 70898 reads in 25.373 CPU sec, 26.264 real sec
[M::process] read 71292 sequences (10000264 bp)...
[M::mem_process_seqs] Processed 71314 reads in 25.164 CPU sec, 26.637 real sec
[M::process] read 71400 sequences (10000168 bp)...
[M::mem_process_seqs] Processed 71292 reads in 26.379 CPU sec, 28.077 real sec
[M::process] read 71612 sequences (10000219 bp)...
[M::mem_process_seqs] Processed 71400 reads in 29.536 CPU sec, 30.429 real sec
[M::process] read 71374 sequences (10000065 bp)...
[M::mem_process_seqs] Processed 71612 reads in 28.449 CPU sec, 29.363 real sec
[M::process] read 71406 sequences (10000027 bp)...
[M::mem_process_seqs] Processed 71374 reads in 27.665 CPU sec, 27.510 real sec
[M::process] read 71246 sequences (10000188 bp)...
[M::mem_process_seqs] Processed 71406 reads in 27.594 CPU sec, 27.557 real sec
[M::process] read 71388 sequences (10000264 bp)...
[M::mem_process_seqs] Processed 71246 reads in 28.284 CPU sec, 28.295 real sec
[M::process] read 71160 sequences (10000272 bp)...
[M::mem_process_seqs] Processed 71388 reads in 27.942 CPU sec, 28.859 real sec
[M::process] read 71398 sequences (10000279 bp)...
[M::mem_process_seqs] Processed 71160 reads in 27.449 CPU sec, 28.221 real sec
[M::process] read 71466 sequences (10000185 bp)...
[M::mem_process_seqs] Processed 71398 reads in 28.356 CPU sec, 28.457 real sec
[M::process] read 71410 sequences (10000289 bp)...
[M::mem_process_seqs] Processed 71466 reads in 25.882 CPU sec, 27.044 real sec
[M::process] read 71578 sequences (10000213 bp)...
[M::mem_process_seqs] Processed 71410 reads in 26.240 CPU sec, 27.158 real sec
[M::process] read 70996 sequences (10000270 bp)...
[M::mem_process_seqs] Processed 71578 reads in 25.866 CPU sec, 26.234 real sec
[M::process] read 6554 sequences (928957 bp)...
[M::mem_process_seqs] Processed 70996 reads in 23.849 CPU sec, 24.045 real sec
[M::mem_process_seqs] Processed 6554 reads in 2.836 CPU sec, 2.872 real sec
[main] Version: 0.7.17-r1188
[main] CMD: bwa mem -L 5 -I 533.109,60.1675,613,366 -t 1 -a -M -T 30 -A 1 -B 4 -O 6 -R @RG\tID:Aen-Cbat_056-AeC01056_CKDL210012719-1a-5UDI245-AK4236_HF5TCDSX2_L1_clmp_fp2_repr\tSM:Aen-Cbat_056-AeC01056_CKDL210012719-1a-5UDI245-AK4236_HF5TCDSX2_L1_clmp_fp2_repr\tPL:Illumina reference.rad.baited-6-6.fasta Aen-Cbat_056-AeC01056_CKDL210012719-1a-5UDI245-AK4236_HF5TCDSX2_L1_clmp_fp2_repr.R1.fq.gz Aen-Cbat_056-AeC01056_CKDL210012719-1a-5UDI245-AK4236_HF5TCDSX2_L1_clmp_fp2_repr.R2.fq.gz
[main] Real time: 2753.838 sec; CPU: 2668.017 sec
