[M::main_mem] mean insert size: 533.109, stddev: 60.167, max: 613, min: 366
[M::bwa_idx_load_from_disk] read 0 ALT contigs
[M::process] read 72356 sequences (10000098 bp)...
[M::process] read 72446 sequences (10000204 bp)...
[M::mem_process_seqs] Processed 72356 reads in 25.662 CPU sec, 26.424 real sec
[M::process] read 70472 sequences (10000233 bp)...
[M::mem_process_seqs] Processed 72446 reads in 25.723 CPU sec, 26.425 real sec
[M::process] read 67834 sequences (10000050 bp)...
[M::mem_process_seqs] Processed 70472 reads in 18.102 CPU sec, 18.265 real sec
[M::process] read 71392 sequences (10000125 bp)...
[M::mem_process_seqs] Processed 67834 reads in 7.115 CPU sec, 7.330 real sec
[M::process] read 72030 sequences (10000182 bp)...
[M::mem_process_seqs] Processed 71392 reads in 19.825 CPU sec, 20.386 real sec
[M::process] read 72118 sequences (10000037 bp)...
[M::mem_process_seqs] Processed 72030 reads in 24.916 CPU sec, 25.434 real sec
[M::process] read 72442 sequences (10000289 bp)...
[M::mem_process_seqs] Processed 72118 reads in 24.368 CPU sec, 24.519 real sec
[M::process] read 72300 sequences (10000058 bp)...
[M::mem_process_seqs] Processed 72442 reads in 26.581 CPU sec, 27.289 real sec
[M::process] read 72308 sequences (10000286 bp)...
[M::mem_process_seqs] Processed 72300 reads in 25.765 CPU sec, 26.991 real sec
[M::process] read 72182 sequences (10000045 bp)...
[M::mem_process_seqs] Processed 72308 reads in 31.037 CPU sec, 32.194 real sec
[M::process] read 72244 sequences (10000083 bp)...
[M::mem_process_seqs] Processed 72182 reads in 23.790 CPU sec, 24.388 real sec
[M::process] read 72348 sequences (10000260 bp)...
[M::mem_process_seqs] Processed 72244 reads in 34.195 CPU sec, 35.719 real sec
[M::process] read 72062 sequences (10000020 bp)...
[M::mem_process_seqs] Processed 72348 reads in 27.412 CPU sec, 29.108 real sec
[M::process] read 72456 sequences (10000220 bp)...
[M::mem_process_seqs] Processed 72062 reads in 26.186 CPU sec, 27.247 real sec
[M::process] read 71246 sequences (10000058 bp)...
[M::mem_process_seqs] Processed 72456 reads in 34.023 CPU sec, 36.270 real sec
[M::process] read 71234 sequences (10000011 bp)...
[M::mem_process_seqs] Processed 71246 reads in 18.926 CPU sec, 20.434 real sec
[M::process] read 72294 sequences (10000244 bp)...
[M::mem_process_seqs] Processed 71234 reads in 18.698 CPU sec, 18.674 real sec
[M::process] read 72140 sequences (10000021 bp)...
[M::mem_process_seqs] Processed 72294 reads in 25.863 CPU sec, 27.310 real sec
[M::process] read 71904 sequences (10000222 bp)...
[M::mem_process_seqs] Processed 72140 reads in 25.005 CPU sec, 25.760 real sec
[M::process] read 72162 sequences (10000012 bp)...
[M::mem_process_seqs] Processed 71904 reads in 25.842 CPU sec, 27.946 real sec
[M::process] read 72092 sequences (10000029 bp)...
[M::mem_process_seqs] Processed 72162 reads in 27.380 CPU sec, 28.181 real sec
[M::process] read 72076 sequences (10000202 bp)...
[M::mem_process_seqs] Processed 72092 reads in 33.101 CPU sec, 34.223 real sec
[M::process] read 72008 sequences (10000076 bp)...
[M::mem_process_seqs] Processed 72076 reads in 25.913 CPU sec, 26.232 real sec
[M::process] read 71030 sequences (10000121 bp)...
[M::mem_process_seqs] Processed 72008 reads in 25.637 CPU sec, 26.450 real sec
[M::process] read 67850 sequences (10000187 bp)...
[M::mem_process_seqs] Processed 71030 reads in 21.424 CPU sec, 22.013 real sec
[M::process] read 71656 sequences (10000114 bp)...
[M::mem_process_seqs] Processed 67850 reads in 6.820 CPU sec, 7.235 real sec
[M::process] read 72134 sequences (10000238 bp)...
[M::mem_process_seqs] Processed 71656 reads in 22.206 CPU sec, 23.022 real sec
[M::process] read 72120 sequences (10000194 bp)...
[M::mem_process_seqs] Processed 72134 reads in 22.471 CPU sec, 23.058 real sec
[M::process] read 72166 sequences (10000276 bp)...
[M::mem_process_seqs] Processed 72120 reads in 27.824 CPU sec, 28.806 real sec
[M::process] read 72188 sequences (10000221 bp)...
[M::mem_process_seqs] Processed 72166 reads in 25.867 CPU sec, 27.475 real sec
[M::process] read 72588 sequences (10000118 bp)...
[M::mem_process_seqs] Processed 72188 reads in 30.695 CPU sec, 32.178 real sec
[M::process] read 72384 sequences (10000287 bp)...
[M::mem_process_seqs] Processed 72588 reads in 26.932 CPU sec, 27.915 real sec
[M::process] read 72098 sequences (10000297 bp)...
[M::mem_process_seqs] Processed 72384 reads in 25.349 CPU sec, 26.882 real sec
[M::process] read 72062 sequences (10000049 bp)...
[M::mem_process_seqs] Processed 72098 reads in 31.869 CPU sec, 32.624 real sec
[M::process] read 72466 sequences (10000074 bp)...
[M::mem_process_seqs] Processed 72062 reads in 24.643 CPU sec, 24.513 real sec
[M::process] read 72270 sequences (10000114 bp)...
[M::mem_process_seqs] Processed 72466 reads in 25.075 CPU sec, 25.160 real sec
[M::process] read 71952 sequences (10000224 bp)...
[M::mem_process_seqs] Processed 72270 reads in 28.071 CPU sec, 28.132 real sec
[M::process] read 72224 sequences (10000277 bp)...
[M::mem_process_seqs] Processed 71952 reads in 26.896 CPU sec, 27.976 real sec
[M::process] read 72334 sequences (10000073 bp)...
[M::mem_process_seqs] Processed 72224 reads in 24.108 CPU sec, 24.405 real sec
[M::process] read 72244 sequences (10000118 bp)...
[M::mem_process_seqs] Processed 72334 reads in 27.212 CPU sec, 27.506 real sec
[M::process] read 72092 sequences (10000154 bp)...
[M::mem_process_seqs] Processed 72244 reads in 24.975 CPU sec, 25.857 real sec
[M::process] read 72290 sequences (10000040 bp)...
[M::mem_process_seqs] Processed 72092 reads in 25.895 CPU sec, 26.467 real sec
[M::process] read 72164 sequences (10000146 bp)...
[M::mem_process_seqs] Processed 72290 reads in 24.165 CPU sec, 25.145 real sec
[M::process] read 72228 sequences (10000249 bp)...
[M::mem_process_seqs] Processed 72164 reads in 25.224 CPU sec, 26.225 real sec
[M::process] read 72536 sequences (10000012 bp)...
[M::mem_process_seqs] Processed 72228 reads in 27.404 CPU sec, 27.758 real sec
[M::process] read 72094 sequences (10000101 bp)...
[M::mem_process_seqs] Processed 72536 reads in 24.505 CPU sec, 24.802 real sec
[M::process] read 72094 sequences (10000124 bp)...
[M::mem_process_seqs] Processed 72094 reads in 31.028 CPU sec, 31.857 real sec
[M::process] read 72274 sequences (10000027 bp)...
[M::mem_process_seqs] Processed 72094 reads in 28.633 CPU sec, 29.259 real sec
[M::process] read 72202 sequences (10000063 bp)...
[M::mem_process_seqs] Processed 72274 reads in 26.746 CPU sec, 27.068 real sec
[M::process] read 71916 sequences (10000292 bp)...
[M::mem_process_seqs] Processed 72202 reads in 25.760 CPU sec, 26.663 real sec
[M::process] read 72286 sequences (10000091 bp)...
[M::mem_process_seqs] Processed 71916 reads in 29.978 CPU sec, 30.638 real sec
[M::process] read 72334 sequences (10000013 bp)...
[M::mem_process_seqs] Processed 72286 reads in 24.893 CPU sec, 25.560 real sec
[M::process] read 72338 sequences (10000234 bp)...
[M::mem_process_seqs] Processed 72334 reads in 25.425 CPU sec, 26.171 real sec
[M::process] read 72214 sequences (10000269 bp)...
[M::mem_process_seqs] Processed 72338 reads in 31.422 CPU sec, 33.022 real sec
[M::process] read 72298 sequences (10000215 bp)...
[M::mem_process_seqs] Processed 72214 reads in 27.568 CPU sec, 28.352 real sec
[M::process] read 72338 sequences (10000091 bp)...
[M::mem_process_seqs] Processed 72298 reads in 26.921 CPU sec, 28.061 real sec
[M::process] read 72152 sequences (10000230 bp)...
[M::mem_process_seqs] Processed 72338 reads in 25.495 CPU sec, 26.449 real sec
[M::process] read 72450 sequences (10000252 bp)...
[M::mem_process_seqs] Processed 72152 reads in 26.024 CPU sec, 26.583 real sec
[M::process] read 72104 sequences (10000044 bp)...
[M::mem_process_seqs] Processed 72450 reads in 25.666 CPU sec, 26.028 real sec
[M::process] read 72718 sequences (10000010 bp)...
[M::mem_process_seqs] Processed 72104 reads in 24.900 CPU sec, 25.435 real sec
[M::process] read 71972 sequences (10000090 bp)...
[M::mem_process_seqs] Processed 72718 reads in 25.313 CPU sec, 26.085 real sec
[M::process] read 72354 sequences (10000088 bp)...
[M::mem_process_seqs] Processed 71972 reads in 26.296 CPU sec, 28.027 real sec
[M::process] read 72802 sequences (10000102 bp)...
[M::mem_process_seqs] Processed 72354 reads in 27.377 CPU sec, 29.418 real sec
[M::process] read 72134 sequences (10000166 bp)...
[M::mem_process_seqs] Processed 72802 reads in 29.196 CPU sec, 31.539 real sec
[M::process] read 72614 sequences (10000243 bp)...
[M::mem_process_seqs] Processed 72134 reads in 23.241 CPU sec, 23.906 real sec
[M::process] read 72170 sequences (10000094 bp)...
[M::mem_process_seqs] Processed 72614 reads in 30.058 CPU sec, 31.292 real sec
[M::process] read 72272 sequences (10000077 bp)...
[M::mem_process_seqs] Processed 72170 reads in 28.730 CPU sec, 29.403 real sec
[M::process] read 72254 sequences (10000221 bp)...
[M::mem_process_seqs] Processed 72272 reads in 29.077 CPU sec, 30.011 real sec
[M::process] read 72146 sequences (10000045 bp)...
[M::mem_process_seqs] Processed 72254 reads in 23.646 CPU sec, 24.212 real sec
[M::process] read 72224 sequences (10000078 bp)...
[M::mem_process_seqs] Processed 72146 reads in 27.357 CPU sec, 27.567 real sec
[M::process] read 72268 sequences (10000144 bp)...
[M::mem_process_seqs] Processed 72224 reads in 26.210 CPU sec, 26.431 real sec
[M::process] read 72066 sequences (10000117 bp)...
[M::mem_process_seqs] Processed 72268 reads in 25.808 CPU sec, 25.927 real sec
[M::process] read 72160 sequences (10000175 bp)...
[M::mem_process_seqs] Processed 72066 reads in 24.796 CPU sec, 25.384 real sec
[M::process] read 70514 sequences (10000149 bp)...
[M::mem_process_seqs] Processed 72160 reads in 25.247 CPU sec, 25.230 real sec
[M::process] read 71090 sequences (10000210 bp)...
[M::mem_process_seqs] Processed 70514 reads in 16.190 CPU sec, 16.423 real sec
[M::process] read 72398 sequences (10000021 bp)...
[M::mem_process_seqs] Processed 71090 reads in 24.042 CPU sec, 23.961 real sec
[M::process] read 72234 sequences (10000202 bp)...
[M::mem_process_seqs] Processed 72398 reads in 24.668 CPU sec, 24.376 real sec
[M::process] read 72206 sequences (10000269 bp)...
[M::mem_process_seqs] Processed 72234 reads in 26.563 CPU sec, 26.259 real sec
[M::process] read 72318 sequences (10000209 bp)...
[M::mem_process_seqs] Processed 72206 reads in 26.414 CPU sec, 25.984 real sec
[M::process] read 72170 sequences (10000240 bp)...
[M::mem_process_seqs] Processed 72318 reads in 28.407 CPU sec, 28.051 real sec
[M::process] read 72086 sequences (10000173 bp)...
[M::mem_process_seqs] Processed 72170 reads in 26.568 CPU sec, 26.218 real sec
[M::process] read 72060 sequences (10000033 bp)...
[M::mem_process_seqs] Processed 72086 reads in 25.827 CPU sec, 25.414 real sec
[M::process] read 71920 sequences (10000089 bp)...
[M::mem_process_seqs] Processed 72060 reads in 26.331 CPU sec, 25.929 real sec
[M::process] read 72330 sequences (10000251 bp)...
[M::mem_process_seqs] Processed 71920 reads in 27.954 CPU sec, 27.460 real sec
[M::process] read 72146 sequences (10000235 bp)...
[M::mem_process_seqs] Processed 72330 reads in 25.679 CPU sec, 25.217 real sec
[M::process] read 72204 sequences (10000221 bp)...
[M::mem_process_seqs] Processed 72146 reads in 28.520 CPU sec, 28.185 real sec
[M::process] read 72308 sequences (10000277 bp)...
[M::mem_process_seqs] Processed 72204 reads in 26.092 CPU sec, 25.570 real sec
[M::process] read 72232 sequences (10000061 bp)...
[M::mem_process_seqs] Processed 72308 reads in 27.506 CPU sec, 26.982 real sec
[M::process] read 72100 sequences (10000223 bp)...
[M::mem_process_seqs] Processed 72232 reads in 25.122 CPU sec, 24.697 real sec
[M::process] read 72318 sequences (10000133 bp)...
[M::mem_process_seqs] Processed 72100 reads in 27.361 CPU sec, 26.867 real sec
[M::process] read 72112 sequences (10000208 bp)...
[M::mem_process_seqs] Processed 72318 reads in 26.462 CPU sec, 25.948 real sec
[M::process] read 72490 sequences (10000073 bp)...
[M::mem_process_seqs] Processed 72112 reads in 25.224 CPU sec, 24.721 real sec
[M::process] read 72422 sequences (10000027 bp)...
[M::mem_process_seqs] Processed 72490 reads in 27.103 CPU sec, 26.593 real sec
[M::process] read 71792 sequences (10000259 bp)...
[M::mem_process_seqs] Processed 72422 reads in 28.174 CPU sec, 27.797 real sec
[M::process] read 71758 sequences (10000101 bp)...
[M::mem_process_seqs] Processed 71792 reads in 26.360 CPU sec, 25.791 real sec
[M::process] read 72140 sequences (10000213 bp)...
[M::mem_process_seqs] Processed 71758 reads in 24.417 CPU sec, 23.983 real sec
[M::process] read 72098 sequences (10000214 bp)...
[M::mem_process_seqs] Processed 72140 reads in 25.466 CPU sec, 24.993 real sec
[M::process] read 72370 sequences (10000261 bp)...
[M::mem_process_seqs] Processed 72098 reads in 27.882 CPU sec, 27.447 real sec
[M::process] read 72268 sequences (10000007 bp)...
[M::mem_process_seqs] Processed 72370 reads in 28.670 CPU sec, 28.176 real sec
[M::process] read 72094 sequences (10000124 bp)...
[M::mem_process_seqs] Processed 72268 reads in 28.024 CPU sec, 27.591 real sec
[M::process] read 72362 sequences (10000091 bp)...
[M::mem_process_seqs] Processed 72094 reads in 26.006 CPU sec, 25.471 real sec
[M::process] read 72164 sequences (10000004 bp)...
[M::mem_process_seqs] Processed 72362 reads in 25.868 CPU sec, 25.368 real sec
[M::process] read 72124 sequences (10000217 bp)...
[M::mem_process_seqs] Processed 72164 reads in 28.880 CPU sec, 28.366 real sec
[M::process] read 72176 sequences (10000178 bp)...
[M::mem_process_seqs] Processed 72124 reads in 24.790 CPU sec, 24.292 real sec
[M::process] read 72092 sequences (10000210 bp)...
[M::mem_process_seqs] Processed 72176 reads in 26.524 CPU sec, 26.007 real sec
[M::process] read 72216 sequences (10000070 bp)...
[M::mem_process_seqs] Processed 72092 reads in 27.823 CPU sec, 27.324 real sec
[M::process] read 72204 sequences (10000023 bp)...
[M::mem_process_seqs] Processed 72216 reads in 25.095 CPU sec, 24.550 real sec
[M::process] read 72310 sequences (10000209 bp)...
[M::mem_process_seqs] Processed 72204 reads in 25.888 CPU sec, 25.393 real sec
[M::process] read 72418 sequences (10000159 bp)...
[M::mem_process_seqs] Processed 72310 reads in 24.585 CPU sec, 24.062 real sec
[M::process] read 46602 sequences (6540694 bp)...
[M::mem_process_seqs] Processed 72418 reads in 24.510 CPU sec, 24.090 real sec
[M::mem_process_seqs] Processed 46602 reads in 15.025 CPU sec, 14.778 real sec
[main] Version: 0.7.17-r1188
[main] CMD: bwa mem -L 5 -I 533.109,60.1675,613,366 -t 1 -a -M -T 30 -A 1 -B 4 -O 6 -R @RG\tID:Aen-Cbat_072-AeC01072_CKDL210012719-1a-AK5577-AK4236_HF5TCDSX2_L1_clmp_fp2_repr\tSM:Aen-Cbat_072-AeC01072_CKDL210012719-1a-AK5577-AK4236_HF5TCDSX2_L1_clmp_fp2_repr\tPL:Illumina reference.rad.baited-6-6.fasta Aen-Cbat_072-AeC01072_CKDL210012719-1a-AK5577-AK4236_HF5TCDSX2_L1_clmp_fp2_repr.R1.fq.gz Aen-Cbat_072-AeC01072_CKDL210012719-1a-AK5577-AK4236_HF5TCDSX2_L1_clmp_fp2_repr.R2.fq.gz
[main] Real time: 2908.952 sec; CPU: 2860.052 sec
