[M::main_mem] mean insert size: 533.109, stddev: 60.167, max: 613, min: 366
[M::bwa_idx_load_from_disk] read 0 ALT contigs
[M::process] read 72062 sequences (10000278 bp)...
[M::process] read 72218 sequences (10000064 bp)...
[M::mem_process_seqs] Processed 72062 reads in 26.291 CPU sec, 26.930 real sec
[M::process] read 68592 sequences (10000018 bp)...
[M::mem_process_seqs] Processed 72218 reads in 26.142 CPU sec, 26.826 real sec
[M::process] read 71800 sequences (10000246 bp)...
[M::mem_process_seqs] Processed 68592 reads in 10.864 CPU sec, 11.457 real sec
[M::process] read 71818 sequences (10000228 bp)...
[M::mem_process_seqs] Processed 71800 reads in 23.667 CPU sec, 25.320 real sec
[M::process] read 71858 sequences (10000243 bp)...
[M::mem_process_seqs] Processed 71818 reads in 25.389 CPU sec, 25.790 real sec
[M::process] read 72126 sequences (10000286 bp)...
[M::mem_process_seqs] Processed 71858 reads in 24.977 CPU sec, 25.842 real sec
[M::process] read 72042 sequences (10000255 bp)...
[M::mem_process_seqs] Processed 72126 reads in 27.913 CPU sec, 29.099 real sec
[M::process] read 72046 sequences (10000050 bp)...
[M::mem_process_seqs] Processed 72042 reads in 26.427 CPU sec, 27.797 real sec
[M::process] read 71908 sequences (10000148 bp)...
[M::mem_process_seqs] Processed 72046 reads in 31.794 CPU sec, 32.676 real sec
[M::process] read 72134 sequences (10000072 bp)...
[M::mem_process_seqs] Processed 71908 reads in 25.839 CPU sec, 26.621 real sec
[M::process] read 71754 sequences (10000230 bp)...
[M::mem_process_seqs] Processed 72134 reads in 31.801 CPU sec, 32.344 real sec
[M::process] read 71842 sequences (10000248 bp)...
[M::mem_process_seqs] Processed 71754 reads in 29.973 CPU sec, 31.219 real sec
[M::process] read 72080 sequences (10000050 bp)...
[M::mem_process_seqs] Processed 71842 reads in 27.346 CPU sec, 29.249 real sec
[M::process] read 71558 sequences (10000026 bp)...
[M::mem_process_seqs] Processed 72080 reads in 27.127 CPU sec, 28.213 real sec
[M::process] read 71438 sequences (10000086 bp)...
[M::mem_process_seqs] Processed 71558 reads in 28.816 CPU sec, 29.964 real sec
[M::process] read 72040 sequences (10000090 bp)...
[M::mem_process_seqs] Processed 71438 reads in 22.010 CPU sec, 22.528 real sec
[M::process] read 71960 sequences (10000185 bp)...
[M::mem_process_seqs] Processed 72040 reads in 27.731 CPU sec, 28.283 real sec
[M::process] read 71640 sequences (10000109 bp)...
[M::mem_process_seqs] Processed 71960 reads in 26.566 CPU sec, 26.904 real sec
[M::process] read 71948 sequences (10000298 bp)...
[M::mem_process_seqs] Processed 71640 reads in 25.762 CPU sec, 26.124 real sec
[M::process] read 71710 sequences (10000295 bp)...
[M::mem_process_seqs] Processed 71948 reads in 27.599 CPU sec, 28.515 real sec
[M::process] read 71786 sequences (10000064 bp)...
[M::mem_process_seqs] Processed 71710 reads in 33.385 CPU sec, 34.755 real sec
[M::process] read 71798 sequences (10000190 bp)...
[M::mem_process_seqs] Processed 71786 reads in 26.629 CPU sec, 27.725 real sec
[M::process] read 69748 sequences (10000270 bp)...
[M::mem_process_seqs] Processed 71798 reads in 26.107 CPU sec, 26.869 real sec
[M::process] read 70896 sequences (10000140 bp)...
[M::mem_process_seqs] Processed 69748 reads in 15.652 CPU sec, 16.308 real sec
[M::process] read 71942 sequences (10000232 bp)...
[M::mem_process_seqs] Processed 70896 reads in 22.251 CPU sec, 22.747 real sec
[M::process] read 71996 sequences (10000029 bp)...
[M::mem_process_seqs] Processed 71942 reads in 24.066 CPU sec, 25.159 real sec
[M::process] read 71826 sequences (10000167 bp)...
[M::mem_process_seqs] Processed 71996 reads in 27.709 CPU sec, 28.279 real sec
[M::process] read 71920 sequences (10000123 bp)...
[M::mem_process_seqs] Processed 71826 reads in 26.208 CPU sec, 27.760 real sec
[M::process] read 72296 sequences (10000054 bp)...
[M::mem_process_seqs] Processed 71920 reads in 31.311 CPU sec, 32.734 real sec
[M::process] read 72038 sequences (10000171 bp)...
[M::mem_process_seqs] Processed 72296 reads in 28.405 CPU sec, 30.524 real sec
[M::process] read 71832 sequences (10000184 bp)...
[M::mem_process_seqs] Processed 72038 reads in 26.442 CPU sec, 27.694 real sec
[M::process] read 71972 sequences (10000003 bp)...
[M::mem_process_seqs] Processed 71832 reads in 32.190 CPU sec, 33.353 real sec
[M::process] read 71840 sequences (10000169 bp)...
[M::mem_process_seqs] Processed 71972 reads in 25.438 CPU sec, 27.301 real sec
[M::process] read 72010 sequences (10000152 bp)...
[M::mem_process_seqs] Processed 71840 reads in 26.078 CPU sec, 27.834 real sec
[M::process] read 71844 sequences (10000213 bp)...
[M::mem_process_seqs] Processed 72010 reads in 27.817 CPU sec, 29.246 real sec
[M::process] read 71920 sequences (10000026 bp)...
[M::mem_process_seqs] Processed 71844 reads in 26.600 CPU sec, 27.446 real sec
[M::process] read 72026 sequences (10000010 bp)...
[M::mem_process_seqs] Processed 71920 reads in 26.311 CPU sec, 27.925 real sec
[M::process] read 72008 sequences (10000171 bp)...
[M::mem_process_seqs] Processed 72026 reads in 27.037 CPU sec, 28.178 real sec
[M::process] read 71810 sequences (10000189 bp)...
[M::mem_process_seqs] Processed 72008 reads in 27.446 CPU sec, 28.588 real sec
[M::process] read 71960 sequences (10000197 bp)...
[M::mem_process_seqs] Processed 71810 reads in 25.754 CPU sec, 26.034 real sec
[M::process] read 71776 sequences (10000216 bp)...
[M::mem_process_seqs] Processed 71960 reads in 25.983 CPU sec, 27.154 real sec
[M::process] read 71894 sequences (10000243 bp)...
[M::mem_process_seqs] Processed 71776 reads in 27.239 CPU sec, 27.112 real sec
[M::process] read 72292 sequences (10000238 bp)...
[M::mem_process_seqs] Processed 71894 reads in 27.458 CPU sec, 28.686 real sec
[M::process] read 71946 sequences (10000154 bp)...
[M::mem_process_seqs] Processed 72292 reads in 25.851 CPU sec, 26.555 real sec
[M::process] read 71746 sequences (10000049 bp)...
[M::mem_process_seqs] Processed 71946 reads in 25.899 CPU sec, 27.145 real sec
[M::process] read 71934 sequences (10000123 bp)...
[M::mem_process_seqs] Processed 71746 reads in 37.266 CPU sec, 38.751 real sec
[M::process] read 71842 sequences (10000109 bp)...
[M::mem_process_seqs] Processed 71934 reads in 27.512 CPU sec, 27.659 real sec
[M::process] read 71578 sequences (10000069 bp)...
[M::mem_process_seqs] Processed 71842 reads in 26.540 CPU sec, 27.124 real sec
[M::process] read 72136 sequences (10000284 bp)...
[M::mem_process_seqs] Processed 71578 reads in 31.394 CPU sec, 31.383 real sec
[M::process] read 72002 sequences (10000230 bp)...
[M::mem_process_seqs] Processed 72136 reads in 25.839 CPU sec, 26.308 real sec
[M::process] read 72116 sequences (10000100 bp)...
[M::mem_process_seqs] Processed 72002 reads in 25.101 CPU sec, 25.453 real sec
[M::process] read 71916 sequences (10000054 bp)...
[M::mem_process_seqs] Processed 72116 reads in 26.485 CPU sec, 27.193 real sec
[M::process] read 71884 sequences (10000155 bp)...
[M::mem_process_seqs] Processed 71916 reads in 34.450 CPU sec, 35.442 real sec
[M::process] read 72106 sequences (10000144 bp)...
[M::mem_process_seqs] Processed 71884 reads in 28.020 CPU sec, 29.022 real sec
[M::process] read 71896 sequences (10000272 bp)...
[M::mem_process_seqs] Processed 72106 reads in 25.062 CPU sec, 25.344 real sec
[M::process] read 72260 sequences (10000036 bp)...
[M::mem_process_seqs] Processed 71896 reads in 27.013 CPU sec, 26.896 real sec
[M::process] read 71800 sequences (10000049 bp)...
[M::mem_process_seqs] Processed 72260 reads in 26.794 CPU sec, 26.349 real sec
[M::process] read 72392 sequences (10000112 bp)...
[M::mem_process_seqs] Processed 71800 reads in 25.148 CPU sec, 25.398 real sec
[M::process] read 71824 sequences (10000216 bp)...
[M::mem_process_seqs] Processed 72392 reads in 26.687 CPU sec, 27.939 real sec
[M::process] read 71912 sequences (10000172 bp)...
[M::mem_process_seqs] Processed 71824 reads in 25.297 CPU sec, 26.204 real sec
[M::process] read 72452 sequences (10000247 bp)...
[M::mem_process_seqs] Processed 71912 reads in 30.049 CPU sec, 30.913 real sec
[M::process] read 71912 sequences (10000289 bp)...
[M::mem_process_seqs] Processed 72452 reads in 30.878 CPU sec, 31.943 real sec
[M::process] read 72144 sequences (10000009 bp)...
[M::mem_process_seqs] Processed 71912 reads in 25.413 CPU sec, 26.053 real sec
[M::process] read 71768 sequences (10000019 bp)...
[M::mem_process_seqs] Processed 72144 reads in 30.404 CPU sec, 32.373 real sec
[M::process] read 72062 sequences (10000080 bp)...
[M::mem_process_seqs] Processed 71768 reads in 30.243 CPU sec, 31.110 real sec
[M::process] read 71792 sequences (10000273 bp)...
[M::mem_process_seqs] Processed 72062 reads in 29.364 CPU sec, 29.513 real sec
[M::process] read 71882 sequences (10000221 bp)...
[M::mem_process_seqs] Processed 71792 reads in 25.987 CPU sec, 26.107 real sec
[M::process] read 71896 sequences (10000234 bp)...
[M::mem_process_seqs] Processed 71882 reads in 28.461 CPU sec, 28.785 real sec
[M::process] read 71922 sequences (10000218 bp)...
[M::mem_process_seqs] Processed 71896 reads in 26.886 CPU sec, 27.440 real sec
[M::process] read 71774 sequences (10000292 bp)...
[M::mem_process_seqs] Processed 71922 reads in 26.649 CPU sec, 26.432 real sec
[M::process] read 71892 sequences (10000104 bp)...
[M::mem_process_seqs] Processed 71774 reads in 25.314 CPU sec, 25.476 real sec
[M::process] read 71112 sequences (10000111 bp)...
[M::mem_process_seqs] Processed 71892 reads in 25.494 CPU sec, 26.347 real sec
[M::process] read 71294 sequences (10000037 bp)...
[M::mem_process_seqs] Processed 71112 reads in 20.182 CPU sec, 21.214 real sec
[M::process] read 72124 sequences (10000154 bp)...
[M::mem_process_seqs] Processed 71294 reads in 25.928 CPU sec, 27.211 real sec
[M::process] read 71904 sequences (10000037 bp)...
[M::mem_process_seqs] Processed 72124 reads in 26.031 CPU sec, 26.317 real sec
[M::process] read 72000 sequences (10000237 bp)...
[M::mem_process_seqs] Processed 71904 reads in 27.332 CPU sec, 28.812 real sec
[M::process] read 71948 sequences (10000287 bp)...
[M::mem_process_seqs] Processed 72000 reads in 28.093 CPU sec, 30.864 real sec
[M::process] read 72004 sequences (10000141 bp)...
[M::mem_process_seqs] Processed 71948 reads in 28.469 CPU sec, 29.972 real sec
[M::process] read 71900 sequences (10000166 bp)...
[M::mem_process_seqs] Processed 72004 reads in 26.669 CPU sec, 28.323 real sec
[M::process] read 71764 sequences (10000153 bp)...
[M::mem_process_seqs] Processed 71900 reads in 25.431 CPU sec, 27.054 real sec
[M::process] read 71732 sequences (10000123 bp)...
[M::mem_process_seqs] Processed 71764 reads in 27.782 CPU sec, 28.377 real sec
[M::process] read 71914 sequences (10000030 bp)...
[M::mem_process_seqs] Processed 71732 reads in 28.391 CPU sec, 29.394 real sec
[M::process] read 71864 sequences (10000159 bp)...
[M::mem_process_seqs] Processed 71914 reads in 25.720 CPU sec, 26.492 real sec
[M::process] read 71880 sequences (10000235 bp)...
[M::mem_process_seqs] Processed 71864 reads in 29.018 CPU sec, 29.464 real sec
[M::process] read 71968 sequences (10000137 bp)...
[M::mem_process_seqs] Processed 71880 reads in 27.042 CPU sec, 27.354 real sec
[M::process] read 72106 sequences (10000160 bp)...
[M::mem_process_seqs] Processed 71968 reads in 27.063 CPU sec, 28.187 real sec
[M::process] read 71970 sequences (10000110 bp)...
[M::mem_process_seqs] Processed 72106 reads in 26.172 CPU sec, 26.970 real sec
[M::process] read 71964 sequences (10000220 bp)...
[M::mem_process_seqs] Processed 71970 reads in 27.540 CPU sec, 29.479 real sec
[M::process] read 71820 sequences (10000034 bp)...
[M::mem_process_seqs] Processed 71964 reads in 27.018 CPU sec, 28.112 real sec
[M::process] read 71998 sequences (10000210 bp)...
[M::mem_process_seqs] Processed 71820 reads in 24.898 CPU sec, 26.363 real sec
[M::process] read 72140 sequences (10000050 bp)...
[M::mem_process_seqs] Processed 71998 reads in 28.262 CPU sec, 28.778 real sec
[M::process] read 71580 sequences (10000133 bp)...
[M::mem_process_seqs] Processed 72140 reads in 28.251 CPU sec, 28.635 real sec
[M::process] read 71596 sequences (10000151 bp)...
[M::mem_process_seqs] Processed 71580 reads in 25.728 CPU sec, 27.533 real sec
[M::process] read 71898 sequences (10000037 bp)...
[M::mem_process_seqs] Processed 71596 reads in 24.748 CPU sec, 25.981 real sec
[M::process] read 71926 sequences (10000282 bp)...
[M::mem_process_seqs] Processed 71898 reads in 26.597 CPU sec, 28.191 real sec
[M::process] read 72098 sequences (10000110 bp)...
[M::mem_process_seqs] Processed 71926 reads in 29.190 CPU sec, 31.342 real sec
[M::process] read 71972 sequences (10000111 bp)...
[M::mem_process_seqs] Processed 72098 reads in 30.530 CPU sec, 31.507 real sec
[M::process] read 71966 sequences (10000029 bp)...
[M::mem_process_seqs] Processed 71972 reads in 27.551 CPU sec, 28.131 real sec
[M::process] read 72046 sequences (10000022 bp)...
[M::mem_process_seqs] Processed 71966 reads in 27.253 CPU sec, 28.694 real sec
[M::process] read 71802 sequences (10000019 bp)...
[M::mem_process_seqs] Processed 72046 reads in 26.202 CPU sec, 27.740 real sec
[M::process] read 72084 sequences (10000253 bp)...
[M::mem_process_seqs] Processed 71802 reads in 28.737 CPU sec, 30.757 real sec
[M::process] read 71830 sequences (10000019 bp)...
[M::mem_process_seqs] Processed 72084 reads in 26.953 CPU sec, 28.136 real sec
[M::process] read 71786 sequences (10000264 bp)...
[M::mem_process_seqs] Processed 71830 reads in 27.868 CPU sec, 29.439 real sec
[M::process] read 71926 sequences (10000142 bp)...
[M::mem_process_seqs] Processed 71786 reads in 28.825 CPU sec, 29.969 real sec
[M::process] read 72060 sequences (10000173 bp)...
[M::mem_process_seqs] Processed 71926 reads in 25.654 CPU sec, 27.023 real sec
[M::process] read 72046 sequences (10000270 bp)...
[M::mem_process_seqs] Processed 72060 reads in 26.182 CPU sec, 26.849 real sec
[M::process] read 72068 sequences (10000265 bp)...
[M::mem_process_seqs] Processed 72046 reads in 25.346 CPU sec, 26.983 real sec
[M::process] read 47428 sequences (6679962 bp)...
[M::mem_process_seqs] Processed 72068 reads in 25.919 CPU sec, 26.708 real sec
[M::mem_process_seqs] Processed 47428 reads in 16.645 CPU sec, 17.307 real sec
[main] Version: 0.7.17-r1188
[main] CMD: bwa mem -L 5 -I 533.109,60.1675,613,366 -t 1 -a -M -T 30 -A 1 -B 4 -O 6 -R @RG\tID:Aen-Cbat_031-AeC01031_CKDL210012719-1a-AK3911-AK8488_HF5TCDSX2_L1_clmp_fp2_repr\tSM:Aen-Cbat_031-AeC01031_CKDL210012719-1a-AK3911-AK8488_HF5TCDSX2_L1_clmp_fp2_repr\tPL:Illumina reference.rad.baited-6-6.fasta Aen-Cbat_031-AeC01031_CKDL210012719-1a-AK3911-AK8488_HF5TCDSX2_L1_clmp_fp2_repr.R1.fq.gz Aen-Cbat_031-AeC01031_CKDL210012719-1a-AK3911-AK8488_HF5TCDSX2_L1_clmp_fp2_repr.R2.fq.gz
[main] Real time: 3035.568 sec; CPU: 2928.649 sec
