[M::main_mem] mean insert size: 533.109, stddev: 60.167, max: 613, min: 366
[M::bwa_idx_load_from_disk] read 0 ALT contigs
[M::process] read 107734 sequences (10000162 bp)...
[M::process] read 109286 sequences (10000135 bp)...
[M::mem_process_seqs] Processed 107734 reads in 18.898 CPU sec, 18.200 real sec
[M::process] read 109214 sequences (10000123 bp)...
[M::mem_process_seqs] Processed 109286 reads in 18.758 CPU sec, 18.916 real sec
[M::process] read 110744 sequences (10000248 bp)...
[M::mem_process_seqs] Processed 109214 reads in 18.762 CPU sec, 17.536 real sec
[M::process] read 110806 sequences (10000144 bp)...
[M::mem_process_seqs] Processed 110744 reads in 17.891 CPU sec, 17.751 real sec
[M::process] read 111016 sequences (10000159 bp)...
[M::mem_process_seqs] Processed 110806 reads in 18.452 CPU sec, 18.168 real sec
[M::process] read 111208 sequences (10000006 bp)...
[M::mem_process_seqs] Processed 111016 reads in 17.687 CPU sec, 17.176 real sec
[M::process] read 109880 sequences (10000093 bp)...
[M::mem_process_seqs] Processed 111208 reads in 17.634 CPU sec, 17.693 real sec
[M::process] read 111092 sequences (10000068 bp)...
[M::mem_process_seqs] Processed 109880 reads in 17.032 CPU sec, 17.470 real sec
[M::process] read 111214 sequences (10000137 bp)...
[M::mem_process_seqs] Processed 111092 reads in 17.962 CPU sec, 19.107 real sec
[M::process] read 110744 sequences (10000021 bp)...
[M::mem_process_seqs] Processed 111214 reads in 16.766 CPU sec, 18.169 real sec
[M::process] read 57788 sequences (5213151 bp)...
[M::mem_process_seqs] Processed 110744 reads in 16.976 CPU sec, 17.661 real sec
[M::mem_process_seqs] Processed 57788 reads in 9.004 CPU sec, 9.701 real sec
[main] Version: 0.7.17-r1188
[main] CMD: bwa mem -L 5 -I 533.109,60.1675,613,366 -t 1 -a -M -T 30 -A 1 -B 4 -O 6 -R @RG\tID:Aen-AHam_057-AeA01057_CKDL210012719-1a-AK7759-7UDI214_HF5TCDSX2_L1_clmp_fp2_repr\tSM:Aen-AHam_057-AeA01057_CKDL210012719-1a-AK7759-7UDI214_HF5TCDSX2_L1_clmp_fp2_repr\tPL:Illumina reference.rad.baited-6-6.fasta Aen-AHam_057-AeA01057_CKDL210012719-1a-AK7759-7UDI214_HF5TCDSX2_L1_clmp_fp2_repr.R1.fq.gz Aen-AHam_057-AeA01057_CKDL210012719-1a-AK7759-7UDI214_HF5TCDSX2_L1_clmp_fp2_repr.R2.fq.gz
[main] Real time: 211.071 sec; CPU: 208.640 sec
