[M::main_mem] mean insert size: 533.109, stddev: 60.167, max: 613, min: 366
[M::bwa_idx_load_from_disk] read 0 ALT contigs
[M::process] read 74198 sequences (10000030 bp)...
[M::process] read 74496 sequences (10000157 bp)...
[M::mem_process_seqs] Processed 74198 reads in 26.891 CPU sec, 28.277 real sec
[M::process] read 68480 sequences (10000243 bp)...
[M::mem_process_seqs] Processed 74496 reads in 27.674 CPU sec, 29.174 real sec
[M::process] read 74130 sequences (10000263 bp)...
[M::mem_process_seqs] Processed 68480 reads in 9.450 CPU sec, 9.784 real sec
[M::process] read 74178 sequences (10000157 bp)...
[M::mem_process_seqs] Processed 74130 reads in 26.737 CPU sec, 28.324 real sec
[M::process] read 74226 sequences (10000106 bp)...
[M::mem_process_seqs] Processed 74178 reads in 26.217 CPU sec, 27.666 real sec
[M::process] read 73872 sequences (10000083 bp)...
[M::mem_process_seqs] Processed 74226 reads in 26.590 CPU sec, 28.098 real sec
[M::process] read 74064 sequences (10000233 bp)...
[M::mem_process_seqs] Processed 73872 reads in 26.422 CPU sec, 27.547 real sec
[M::process] read 74254 sequences (10000158 bp)...
[M::mem_process_seqs] Processed 74064 reads in 30.660 CPU sec, 31.955 real sec
[M::process] read 74322 sequences (10000053 bp)...
[M::mem_process_seqs] Processed 74254 reads in 27.374 CPU sec, 29.282 real sec
[M::process] read 74018 sequences (10000247 bp)...
[M::mem_process_seqs] Processed 74322 reads in 33.115 CPU sec, 34.938 real sec
[M::process] read 74148 sequences (10000227 bp)...
[M::mem_process_seqs] Processed 74018 reads in 30.162 CPU sec, 31.396 real sec
[M::process] read 74198 sequences (10000056 bp)...
[M::mem_process_seqs] Processed 74148 reads in 27.396 CPU sec, 28.402 real sec
[M::process] read 72802 sequences (10000057 bp)...
[M::mem_process_seqs] Processed 74198 reads in 35.253 CPU sec, 37.376 real sec
[M::process] read 74092 sequences (10000027 bp)...
[M::mem_process_seqs] Processed 72802 reads in 20.783 CPU sec, 21.438 real sec
[M::process] read 74046 sequences (10000016 bp)...
[M::mem_process_seqs] Processed 74092 reads in 25.180 CPU sec, 26.498 real sec
[M::process] read 73794 sequences (10000145 bp)...
[M::mem_process_seqs] Processed 74046 reads in 28.028 CPU sec, 28.971 real sec
[M::process] read 74104 sequences (10000295 bp)...
[M::mem_process_seqs] Processed 73794 reads in 26.221 CPU sec, 27.536 real sec
[M::process] read 73694 sequences (10000060 bp)...
[M::mem_process_seqs] Processed 74104 reads in 28.383 CPU sec, 30.392 real sec
[M::process] read 73860 sequences (10000021 bp)...
[M::mem_process_seqs] Processed 73694 reads in 32.382 CPU sec, 34.256 real sec
[M::process] read 73740 sequences (10000143 bp)...
[M::mem_process_seqs] Processed 73860 reads in 26.929 CPU sec, 28.436 real sec
[M::process] read 70674 sequences (10000234 bp)...
[M::mem_process_seqs] Processed 73740 reads in 27.714 CPU sec, 30.010 real sec
[M::process] read 73176 sequences (10000028 bp)...
[M::mem_process_seqs] Processed 70674 reads in 16.063 CPU sec, 17.528 real sec
[M::process] read 73906 sequences (10000082 bp)...
[M::mem_process_seqs] Processed 73176 reads in 23.424 CPU sec, 25.036 real sec
[M::process] read 73908 sequences (10000281 bp)...
[M::mem_process_seqs] Processed 73906 reads in 24.356 CPU sec, 25.728 real sec
[M::process] read 73936 sequences (10000179 bp)...
[M::mem_process_seqs] Processed 73908 reads in 29.187 CPU sec, 29.189 real sec
[M::process] read 74320 sequences (10000051 bp)...
[M::mem_process_seqs] Processed 73936 reads in 32.631 CPU sec, 34.030 real sec
[M::process] read 74642 sequences (10000200 bp)...
[M::mem_process_seqs] Processed 74320 reads in 25.778 CPU sec, 26.728 real sec
[M::process] read 73870 sequences (10000262 bp)...
[M::mem_process_seqs] Processed 74642 reads in 28.439 CPU sec, 30.222 real sec
[M::process] read 73996 sequences (10000048 bp)...
[M::mem_process_seqs] Processed 73870 reads in 28.022 CPU sec, 28.627 real sec
[M::process] read 74212 sequences (10000220 bp)...
[M::mem_process_seqs] Processed 73996 reads in 30.630 CPU sec, 31.767 real sec
[M::process] read 74208 sequences (10000165 bp)...
[M::mem_process_seqs] Processed 74212 reads in 26.348 CPU sec, 27.295 real sec
[M::process] read 73520 sequences (10000296 bp)...
[M::mem_process_seqs] Processed 74208 reads in 28.324 CPU sec, 30.005 real sec
[M::process] read 74214 sequences (10000012 bp)...
[M::mem_process_seqs] Processed 73520 reads in 27.777 CPU sec, 28.718 real sec
[M::process] read 74304 sequences (10000205 bp)...
[M::mem_process_seqs] Processed 74214 reads in 25.791 CPU sec, 27.122 real sec
[M::process] read 74154 sequences (10000059 bp)...
[M::mem_process_seqs] Processed 74304 reads in 27.914 CPU sec, 29.518 real sec
[M::process] read 73830 sequences (10000215 bp)...
[M::mem_process_seqs] Processed 74154 reads in 26.516 CPU sec, 27.640 real sec
[M::process] read 73890 sequences (10000238 bp)...
[M::mem_process_seqs] Processed 73830 reads in 26.277 CPU sec, 27.064 real sec
[M::process] read 74112 sequences (10000282 bp)...
[M::mem_process_seqs] Processed 73890 reads in 26.499 CPU sec, 26.867 real sec
[M::process] read 74452 sequences (10000009 bp)...
[M::mem_process_seqs] Processed 74112 reads in 28.983 CPU sec, 29.855 real sec
[M::process] read 73886 sequences (10000216 bp)...
[M::mem_process_seqs] Processed 74452 reads in 26.117 CPU sec, 27.326 real sec
[M::process] read 73970 sequences (10000287 bp)...
[M::mem_process_seqs] Processed 73886 reads in 29.398 CPU sec, 30.542 real sec
[M::process] read 73970 sequences (10000037 bp)...
[M::mem_process_seqs] Processed 73970 reads in 34.084 CPU sec, 36.079 real sec
[M::process] read 74092 sequences (10000137 bp)...
[M::mem_process_seqs] Processed 73970 reads in 27.112 CPU sec, 28.804 real sec
[M::process] read 73756 sequences (10000152 bp)...
[M::mem_process_seqs] Processed 74092 reads in 28.731 CPU sec, 29.199 real sec
[M::process] read 74364 sequences (10000059 bp)...
[M::mem_process_seqs] Processed 73756 reads in 31.208 CPU sec, 32.267 real sec
[M::process] read 74250 sequences (10000226 bp)...
[M::mem_process_seqs] Processed 74364 reads in 26.368 CPU sec, 27.252 real sec
[M::process] read 73918 sequences (10000042 bp)...
[M::mem_process_seqs] Processed 74250 reads in 25.733 CPU sec, 26.520 real sec
[M::process] read 74232 sequences (10000289 bp)...
[M::mem_process_seqs] Processed 73918 reads in 34.643 CPU sec, 36.162 real sec
[M::process] read 74200 sequences (10000041 bp)...
[M::mem_process_seqs] Processed 74232 reads in 27.348 CPU sec, 29.227 real sec
[M::process] read 73998 sequences (10000105 bp)...
[M::mem_process_seqs] Processed 74200 reads in 26.531 CPU sec, 27.685 real sec
[M::process] read 74256 sequences (10000185 bp)...
[M::mem_process_seqs] Processed 73998 reads in 27.833 CPU sec, 28.629 real sec
[M::process] read 74062 sequences (10000093 bp)...
[M::mem_process_seqs] Processed 74256 reads in 27.907 CPU sec, 28.913 real sec
[M::process] read 74640 sequences (10000232 bp)...
[M::mem_process_seqs] Processed 74062 reads in 24.983 CPU sec, 26.612 real sec
[M::process] read 73956 sequences (10000128 bp)...
[M::mem_process_seqs] Processed 74640 reads in 26.169 CPU sec, 28.300 real sec
[M::process] read 74324 sequences (10000239 bp)...
[M::mem_process_seqs] Processed 73956 reads in 28.040 CPU sec, 30.079 real sec
[M::process] read 74248 sequences (10000037 bp)...
[M::mem_process_seqs] Processed 74324 reads in 32.631 CPU sec, 33.459 real sec
[M::process] read 74008 sequences (10000153 bp)...
[M::mem_process_seqs] Processed 74248 reads in 26.369 CPU sec, 27.814 real sec
[M::process] read 74198 sequences (10000080 bp)...
[M::mem_process_seqs] Processed 74008 reads in 25.788 CPU sec, 26.505 real sec
[M::process] read 73964 sequences (10000132 bp)...
[M::mem_process_seqs] Processed 74198 reads in 33.948 CPU sec, 35.974 real sec
[M::process] read 74034 sequences (10000080 bp)...
[M::mem_process_seqs] Processed 73964 reads in 28.447 CPU sec, 29.851 real sec
[M::process] read 74026 sequences (10000084 bp)...
[M::mem_process_seqs] Processed 74034 reads in 26.536 CPU sec, 27.967 real sec
[M::process] read 74158 sequences (10000214 bp)...
[M::mem_process_seqs] Processed 74026 reads in 28.330 CPU sec, 29.787 real sec
[M::process] read 74006 sequences (10000013 bp)...
[M::mem_process_seqs] Processed 74158 reads in 28.054 CPU sec, 29.202 real sec
[M::process] read 74034 sequences (10000004 bp)...
[M::mem_process_seqs] Processed 74006 reads in 26.583 CPU sec, 27.195 real sec
[M::process] read 74162 sequences (10000069 bp)...
[M::mem_process_seqs] Processed 74034 reads in 26.634 CPU sec, 27.494 real sec
[M::process] read 71666 sequences (10000002 bp)...
[M::mem_process_seqs] Processed 74162 reads in 25.628 CPU sec, 26.520 real sec
[M::process] read 74234 sequences (10000215 bp)...
[M::mem_process_seqs] Processed 71666 reads in 21.265 CPU sec, 22.491 real sec
[M::process] read 73944 sequences (10000221 bp)...
[M::mem_process_seqs] Processed 74234 reads in 27.038 CPU sec, 27.530 real sec
[M::process] read 74266 sequences (10000166 bp)...
[M::mem_process_seqs] Processed 73944 reads in 28.090 CPU sec, 28.654 real sec
[M::process] read 74216 sequences (10000291 bp)...
[M::mem_process_seqs] Processed 74266 reads in 28.283 CPU sec, 28.642 real sec
[M::process] read 74180 sequences (10000069 bp)...
[M::mem_process_seqs] Processed 74216 reads in 29.554 CPU sec, 30.630 real sec
[M::process] read 73970 sequences (10000238 bp)...
[M::mem_process_seqs] Processed 74180 reads in 26.056 CPU sec, 26.415 real sec
[M::process] read 73816 sequences (10000275 bp)...
[M::mem_process_seqs] Processed 73970 reads in 26.354 CPU sec, 27.642 real sec
[M::process] read 74080 sequences (10000081 bp)...
[M::mem_process_seqs] Processed 73816 reads in 30.962 CPU sec, 32.262 real sec
[M::process] read 73948 sequences (10000024 bp)...
[M::mem_process_seqs] Processed 74080 reads in 26.255 CPU sec, 26.735 real sec
[M::process] read 74108 sequences (10000046 bp)...
[M::mem_process_seqs] Processed 73948 reads in 28.359 CPU sec, 29.620 real sec
[M::process] read 74046 sequences (10000173 bp)...
[M::mem_process_seqs] Processed 74108 reads in 28.393 CPU sec, 29.917 real sec
[M::process] read 74160 sequences (10000171 bp)...
[M::mem_process_seqs] Processed 74046 reads in 27.675 CPU sec, 28.512 real sec
[M::process] read 73952 sequences (10000291 bp)...
[M::mem_process_seqs] Processed 74160 reads in 26.391 CPU sec, 27.057 real sec
[M::process] read 74320 sequences (10000250 bp)...
[M::mem_process_seqs] Processed 73952 reads in 27.378 CPU sec, 27.852 real sec
[M::process] read 73988 sequences (10000225 bp)...
[M::mem_process_seqs] Processed 74320 reads in 27.804 CPU sec, 30.394 real sec
[M::process] read 74550 sequences (10000242 bp)...
[M::mem_process_seqs] Processed 73988 reads in 25.198 CPU sec, 25.777 real sec
[M::process] read 73950 sequences (10000129 bp)...
[M::mem_process_seqs] Processed 74550 reads in 28.858 CPU sec, 30.605 real sec
[M::process] read 73366 sequences (10000254 bp)...
[M::mem_process_seqs] Processed 73950 reads in 27.553 CPU sec, 29.208 real sec
[M::process] read 73818 sequences (10000188 bp)...
[M::mem_process_seqs] Processed 73366 reads in 24.917 CPU sec, 25.768 real sec
[M::process] read 73996 sequences (10000215 bp)...
[M::mem_process_seqs] Processed 73818 reads in 26.078 CPU sec, 27.202 real sec
[M::process] read 74244 sequences (10000206 bp)...
[M::mem_process_seqs] Processed 73996 reads in 26.598 CPU sec, 27.938 real sec
[M::process] read 74124 sequences (10000043 bp)...
[M::mem_process_seqs] Processed 74244 reads in 31.194 CPU sec, 31.864 real sec
[M::process] read 74128 sequences (10000288 bp)...
[M::mem_process_seqs] Processed 74124 reads in 27.709 CPU sec, 29.151 real sec
[M::process] read 74078 sequences (10000201 bp)...
[M::mem_process_seqs] Processed 74128 reads in 27.632 CPU sec, 28.280 real sec
[M::process] read 73816 sequences (10000083 bp)...
[M::mem_process_seqs] Processed 74078 reads in 26.585 CPU sec, 27.235 real sec
[M::process] read 74016 sequences (10000270 bp)...
[M::mem_process_seqs] Processed 73816 reads in 29.868 CPU sec, 30.929 real sec
[M::process] read 73892 sequences (10000055 bp)...
[M::mem_process_seqs] Processed 74016 reads in 26.066 CPU sec, 26.622 real sec
[M::process] read 74072 sequences (10000219 bp)...
[M::mem_process_seqs] Processed 73892 reads in 29.403 CPU sec, 29.624 real sec
[M::process] read 74192 sequences (10000250 bp)...
[M::mem_process_seqs] Processed 74072 reads in 28.040 CPU sec, 29.165 real sec
[M::process] read 74164 sequences (10000011 bp)...
[M::mem_process_seqs] Processed 74192 reads in 26.204 CPU sec, 27.435 real sec
[M::process] read 74358 sequences (10000265 bp)...
[M::mem_process_seqs] Processed 74164 reads in 26.268 CPU sec, 26.901 real sec
[M::process] read 50708 sequences (6916035 bp)...
[M::mem_process_seqs] Processed 74358 reads in 25.414 CPU sec, 26.016 real sec
[M::mem_process_seqs] Processed 50708 reads in 16.457 CPU sec, 17.028 real sec
[main] Version: 0.7.17-r1188
[main] CMD: bwa mem -L 5 -I 533.109,60.1675,613,366 -t 1 -a -M -T 30 -A 1 -B 4 -O 6 -R @RG\tID:Aen-Cbat_014-AeC01014_CKDL210012719-1a-AK7758-AK7557_HF5TCDSX2_L1_clmp_fp2_repr\tSM:Aen-Cbat_014-AeC01014_CKDL210012719-1a-AK7758-AK7557_HF5TCDSX2_L1_clmp_fp2_repr\tPL:Illumina reference.rad.baited-6-6.fasta Aen-Cbat_014-AeC01014_CKDL210012719-1a-AK7758-AK7557_HF5TCDSX2_L1_clmp_fp2_repr.R1.fq.gz Aen-Cbat_014-AeC01014_CKDL210012719-1a-AK7758-AK7557_HF5TCDSX2_L1_clmp_fp2_repr.R2.fq.gz
[main] Real time: 2820.668 sec; CPU: 2703.997 sec
