[M::main_mem] mean insert size: 533.109, stddev: 60.167, max: 613, min: 366
[M::bwa_idx_load_from_disk] read 0 ALT contigs
[M::process] read 71464 sequences (10000265 bp)...
[M::process] read 71500 sequences (10000053 bp)...
[M::mem_process_seqs] Processed 71464 reads in 25.467 CPU sec, 26.623 real sec
[M::process] read 71264 sequences (10000028 bp)...
[M::mem_process_seqs] Processed 71500 reads in 24.661 CPU sec, 25.235 real sec
[M::process] read 68336 sequences (10000014 bp)...
[M::mem_process_seqs] Processed 71264 reads in 25.404 CPU sec, 26.374 real sec
[M::process] read 71576 sequences (10000266 bp)...
[M::mem_process_seqs] Processed 68336 reads in 9.488 CPU sec, 9.750 real sec
[M::process] read 71320 sequences (10000178 bp)...
[M::mem_process_seqs] Processed 71576 reads in 24.668 CPU sec, 26.097 real sec
[M::process] read 71232 sequences (10000052 bp)...
[M::mem_process_seqs] Processed 71320 reads in 24.698 CPU sec, 25.873 real sec
[M::process] read 71734 sequences (10000256 bp)...
[M::mem_process_seqs] Processed 71232 reads in 25.516 CPU sec, 27.492 real sec
[M::process] read 71274 sequences (10000283 bp)...
[M::mem_process_seqs] Processed 71734 reads in 26.283 CPU sec, 28.405 real sec
[M::process] read 71314 sequences (10000229 bp)...
[M::mem_process_seqs] Processed 71274 reads in 25.067 CPU sec, 27.428 real sec
[M::process] read 71434 sequences (10000100 bp)...
[M::mem_process_seqs] Processed 71314 reads in 26.190 CPU sec, 27.101 real sec
[M::process] read 71554 sequences (10000136 bp)...
[M::mem_process_seqs] Processed 71434 reads in 29.661 CPU sec, 30.373 real sec
[M::process] read 71320 sequences (10000170 bp)...
[M::mem_process_seqs] Processed 71554 reads in 26.725 CPU sec, 27.430 real sec
[M::process] read 71330 sequences (10000045 bp)...
[M::mem_process_seqs] Processed 71320 reads in 30.247 CPU sec, 31.737 real sec
[M::process] read 71410 sequences (10000239 bp)...
[M::mem_process_seqs] Processed 71330 reads in 29.182 CPU sec, 30.425 real sec
[M::process] read 71312 sequences (10000241 bp)...
[M::mem_process_seqs] Processed 71410 reads in 26.677 CPU sec, 27.605 real sec
[M::process] read 71350 sequences (10000270 bp)...
[M::mem_process_seqs] Processed 71312 reads in 26.310 CPU sec, 26.697 real sec
[M::process] read 71552 sequences (10000164 bp)...
[M::mem_process_seqs] Processed 71350 reads in 24.912 CPU sec, 26.228 real sec
[M::process] read 70696 sequences (10000037 bp)...
[M::mem_process_seqs] Processed 71552 reads in 34.445 CPU sec, 35.069 real sec
[M::process] read 71444 sequences (10000214 bp)...
[M::mem_process_seqs] Processed 70696 reads in 20.145 CPU sec, 19.975 real sec
[M::process] read 71448 sequences (10000112 bp)...
[M::mem_process_seqs] Processed 71444 reads in 23.934 CPU sec, 24.364 real sec
[M::process] read 71356 sequences (10000030 bp)...
[M::mem_process_seqs] Processed 71448 reads in 26.082 CPU sec, 27.075 real sec
[M::process] read 71080 sequences (10000242 bp)...
[M::mem_process_seqs] Processed 71356 reads in 24.291 CPU sec, 24.950 real sec
[M::process] read 71332 sequences (10000117 bp)...
[M::mem_process_seqs] Processed 71080 reads in 26.214 CPU sec, 27.214 real sec
[M::process] read 71290 sequences (10000273 bp)...
[M::mem_process_seqs] Processed 71332 reads in 24.682 CPU sec, 27.035 real sec
[M::process] read 71154 sequences (10000020 bp)...
[M::mem_process_seqs] Processed 71290 reads in 26.377 CPU sec, 27.938 real sec
[M::process] read 71206 sequences (10000138 bp)...
[M::mem_process_seqs] Processed 71154 reads in 33.079 CPU sec, 34.140 real sec
[M::process] read 71262 sequences (10000202 bp)...
[M::mem_process_seqs] Processed 71206 reads in 25.870 CPU sec, 26.336 real sec
[M::process] read 71408 sequences (10000285 bp)...
[M::mem_process_seqs] Processed 71262 reads in 26.259 CPU sec, 27.497 real sec
[M::process] read 68732 sequences (10000134 bp)...
[M::mem_process_seqs] Processed 71408 reads in 27.004 CPU sec, 27.806 real sec
[M::process] read 70866 sequences (10000175 bp)...
[M::mem_process_seqs] Processed 68732 reads in 11.481 CPU sec, 11.296 real sec
[M::process] read 71310 sequences (10000071 bp)...
[M::mem_process_seqs] Processed 70866 reads in 23.129 CPU sec, 23.667 real sec
[M::process] read 71306 sequences (10000279 bp)...
[M::mem_process_seqs] Processed 71310 reads in 24.156 CPU sec, 25.642 real sec
[M::process] read 71282 sequences (10000232 bp)...
[M::mem_process_seqs] Processed 71306 reads in 25.068 CPU sec, 25.883 real sec
[M::process] read 71128 sequences (10000251 bp)...
[M::mem_process_seqs] Processed 71282 reads in 25.241 CPU sec, 26.098 real sec
[M::process] read 71424 sequences (10000235 bp)...
[M::mem_process_seqs] Processed 71128 reads in 29.952 CPU sec, 30.933 real sec
[M::process] read 71684 sequences (10000164 bp)...
[M::mem_process_seqs] Processed 71424 reads in 27.363 CPU sec, 28.109 real sec
[M::process] read 71636 sequences (10000078 bp)...
[M::mem_process_seqs] Processed 71684 reads in 26.093 CPU sec, 27.204 real sec
[M::process] read 71256 sequences (10000114 bp)...
[M::mem_process_seqs] Processed 71636 reads in 26.137 CPU sec, 27.804 real sec
[M::process] read 71286 sequences (10000213 bp)...
[M::mem_process_seqs] Processed 71256 reads in 25.825 CPU sec, 27.198 real sec
[M::process] read 71396 sequences (10000081 bp)...
[M::mem_process_seqs] Processed 71286 reads in 31.294 CPU sec, 32.243 real sec
[M::process] read 71222 sequences (10000252 bp)...
[M::mem_process_seqs] Processed 71396 reads in 24.795 CPU sec, 26.462 real sec
[M::process] read 71386 sequences (10000042 bp)...
[M::mem_process_seqs] Processed 71222 reads in 25.152 CPU sec, 25.918 real sec
[M::process] read 71230 sequences (10000094 bp)...
[M::mem_process_seqs] Processed 71386 reads in 27.411 CPU sec, 28.143 real sec
[M::process] read 71080 sequences (10000239 bp)...
[M::mem_process_seqs] Processed 71230 reads in 23.810 CPU sec, 25.052 real sec
[M::process] read 71444 sequences (10000220 bp)...
[M::mem_process_seqs] Processed 71080 reads in 27.081 CPU sec, 27.688 real sec
[M::process] read 71346 sequences (10000280 bp)...
[M::mem_process_seqs] Processed 71444 reads in 24.196 CPU sec, 24.802 real sec
[M::process] read 71434 sequences (10000177 bp)...
[M::mem_process_seqs] Processed 71346 reads in 26.372 CPU sec, 27.445 real sec
[M::process] read 71386 sequences (10000108 bp)...
[M::mem_process_seqs] Processed 71434 reads in 26.129 CPU sec, 27.447 real sec
[M::process] read 71080 sequences (10000076 bp)...
[M::mem_process_seqs] Processed 71386 reads in 23.984 CPU sec, 24.920 real sec
[M::process] read 71528 sequences (10000017 bp)...
[M::mem_process_seqs] Processed 71080 reads in 24.219 CPU sec, 25.085 real sec
[M::process] read 71138 sequences (10000012 bp)...
[M::mem_process_seqs] Processed 71528 reads in 24.183 CPU sec, 24.439 real sec
[M::process] read 71316 sequences (10000273 bp)...
[M::mem_process_seqs] Processed 71138 reads in 25.545 CPU sec, 25.431 real sec
[M::process] read 71280 sequences (10000115 bp)...
[M::mem_process_seqs] Processed 71316 reads in 24.301 CPU sec, 25.314 real sec
[M::process] read 71508 sequences (10000019 bp)...
[M::mem_process_seqs] Processed 71280 reads in 25.798 CPU sec, 26.128 real sec
[M::process] read 71350 sequences (10000238 bp)...
[M::mem_process_seqs] Processed 71508 reads in 24.370 CPU sec, 24.278 real sec
[M::process] read 71454 sequences (10000099 bp)...
[M::mem_process_seqs] Processed 71350 reads in 26.654 CPU sec, 26.637 real sec
[M::process] read 71144 sequences (10000183 bp)...
[M::mem_process_seqs] Processed 71454 reads in 32.260 CPU sec, 32.274 real sec
[M::process] read 71218 sequences (10000256 bp)...
[M::mem_process_seqs] Processed 71144 reads in 27.059 CPU sec, 26.722 real sec
[M::process] read 71390 sequences (10000188 bp)...
[M::mem_process_seqs] Processed 71218 reads in 26.477 CPU sec, 26.365 real sec
[M::process] read 71122 sequences (10000129 bp)...
[M::mem_process_seqs] Processed 71390 reads in 25.315 CPU sec, 24.969 real sec
[M::process] read 71448 sequences (10000007 bp)...
[M::mem_process_seqs] Processed 71122 reads in 30.549 CPU sec, 30.354 real sec
[M::process] read 71488 sequences (10000278 bp)...
[M::mem_process_seqs] Processed 71448 reads in 24.879 CPU sec, 24.498 real sec
[M::process] read 71426 sequences (10000116 bp)...
[M::mem_process_seqs] Processed 71488 reads in 24.744 CPU sec, 24.348 real sec
[M::process] read 71392 sequences (10000124 bp)...
[M::mem_process_seqs] Processed 71426 reads in 24.315 CPU sec, 24.043 real sec
[M::process] read 71340 sequences (10000021 bp)...
[M::mem_process_seqs] Processed 71392 reads in 30.254 CPU sec, 29.864 real sec
[M::process] read 71236 sequences (10000065 bp)...
[M::mem_process_seqs] Processed 71340 reads in 27.303 CPU sec, 26.873 real sec
[M::process] read 71434 sequences (10000061 bp)...
[M::mem_process_seqs] Processed 71236 reads in 27.305 CPU sec, 26.820 real sec
[M::process] read 71376 sequences (10000250 bp)...
[M::mem_process_seqs] Processed 71434 reads in 24.145 CPU sec, 23.825 real sec
[M::process] read 71456 sequences (10000145 bp)...
[M::mem_process_seqs] Processed 71376 reads in 25.559 CPU sec, 25.162 real sec
[M::process] read 71480 sequences (10000277 bp)...
[M::mem_process_seqs] Processed 71456 reads in 25.662 CPU sec, 24.959 real sec
[M::process] read 71154 sequences (10000108 bp)...
[M::mem_process_seqs] Processed 71480 reads in 25.724 CPU sec, 25.351 real sec
[M::process] read 71650 sequences (10000196 bp)...
[M::mem_process_seqs] Processed 71154 reads in 24.034 CPU sec, 23.606 real sec
[M::process] read 71488 sequences (10000073 bp)...
[M::mem_process_seqs] Processed 71650 reads in 25.132 CPU sec, 24.624 real sec
[M::process] read 71206 sequences (10000032 bp)...
[M::mem_process_seqs] Processed 71488 reads in 25.452 CPU sec, 24.876 real sec
[M::process] read 71422 sequences (10000056 bp)...
[M::mem_process_seqs] Processed 71206 reads in 27.150 CPU sec, 26.663 real sec
[M::process] read 71664 sequences (10000106 bp)...
[M::mem_process_seqs] Processed 71422 reads in 27.929 CPU sec, 27.430 real sec
[M::process] read 71426 sequences (10000052 bp)...
[M::mem_process_seqs] Processed 71664 reads in 27.979 CPU sec, 27.444 real sec
[M::process] read 71290 sequences (10000068 bp)...
[M::mem_process_seqs] Processed 71426 reads in 23.424 CPU sec, 22.940 real sec
[M::process] read 71538 sequences (10000049 bp)...
[M::mem_process_seqs] Processed 71290 reads in 24.188 CPU sec, 23.766 real sec
[M::process] read 71316 sequences (10000003 bp)...
[M::mem_process_seqs] Processed 71538 reads in 28.782 CPU sec, 28.310 real sec
[M::process] read 71434 sequences (10000053 bp)...
[M::mem_process_seqs] Processed 71316 reads in 29.738 CPU sec, 29.193 real sec
[M::process] read 71252 sequences (10000287 bp)...
[M::mem_process_seqs] Processed 71434 reads in 27.342 CPU sec, 26.824 real sec
[M::process] read 71364 sequences (10000099 bp)...
[M::mem_process_seqs] Processed 71252 reads in 26.129 CPU sec, 25.672 real sec
[M::process] read 71282 sequences (10000000 bp)...
[M::mem_process_seqs] Processed 71364 reads in 24.780 CPU sec, 24.333 real sec
[M::process] read 71356 sequences (10000203 bp)...
[M::mem_process_seqs] Processed 71282 reads in 27.574 CPU sec, 27.073 real sec
[M::process] read 71330 sequences (10000019 bp)...
[M::mem_process_seqs] Processed 71356 reads in 26.955 CPU sec, 26.455 real sec
[M::process] read 71344 sequences (10000037 bp)...
[M::mem_process_seqs] Processed 71330 reads in 25.232 CPU sec, 24.723 real sec
[M::process] read 71110 sequences (10000265 bp)...
[M::mem_process_seqs] Processed 71344 reads in 24.711 CPU sec, 24.232 real sec
[M::process] read 71456 sequences (10000147 bp)...
[M::mem_process_seqs] Processed 71110 reads in 24.418 CPU sec, 23.915 real sec
[M::process] read 70226 sequences (10000143 bp)...
[M::mem_process_seqs] Processed 71456 reads in 24.449 CPU sec, 23.986 real sec
[M::process] read 71012 sequences (10000192 bp)...
[M::mem_process_seqs] Processed 70226 reads in 18.337 CPU sec, 17.831 real sec
[M::process] read 71460 sequences (10000259 bp)...
[M::mem_process_seqs] Processed 71012 reads in 26.938 CPU sec, 26.496 real sec
[M::process] read 71386 sequences (10000170 bp)...
[M::mem_process_seqs] Processed 71460 reads in 24.503 CPU sec, 23.956 real sec
[M::process] read 71450 sequences (10000224 bp)...
[M::mem_process_seqs] Processed 71386 reads in 25.467 CPU sec, 24.984 real sec
[M::process] read 71448 sequences (10000110 bp)...
[M::mem_process_seqs] Processed 71450 reads in 24.897 CPU sec, 24.383 real sec
[M::process] read 71390 sequences (10000175 bp)...
[M::mem_process_seqs] Processed 71448 reads in 28.782 CPU sec, 28.302 real sec
[M::process] read 71496 sequences (10000212 bp)...
[M::mem_process_seqs] Processed 71390 reads in 27.559 CPU sec, 27.004 real sec
[M::process] read 71260 sequences (10000099 bp)...
[M::mem_process_seqs] Processed 71496 reads in 26.860 CPU sec, 26.371 real sec
[M::process] read 71242 sequences (10000100 bp)...
[M::mem_process_seqs] Processed 71260 reads in 25.790 CPU sec, 25.190 real sec
[M::process] read 71086 sequences (10000006 bp)...
[M::mem_process_seqs] Processed 71242 reads in 23.453 CPU sec, 22.898 real sec
[M::process] read 71116 sequences (10000179 bp)...
[M::mem_process_seqs] Processed 71086 reads in 28.547 CPU sec, 28.052 real sec
[M::process] read 71418 sequences (10000105 bp)...
[M::mem_process_seqs] Processed 71116 reads in 24.500 CPU sec, 23.968 real sec
[M::process] read 71286 sequences (10000218 bp)...
[M::mem_process_seqs] Processed 71418 reads in 24.987 CPU sec, 24.484 real sec
[M::process] read 71384 sequences (10000199 bp)...
[M::mem_process_seqs] Processed 71286 reads in 25.564 CPU sec, 25.082 real sec
[M::process] read 71284 sequences (10000249 bp)...
[M::mem_process_seqs] Processed 71384 reads in 25.375 CPU sec, 24.863 real sec
[M::process] read 71328 sequences (10000084 bp)...
[M::mem_process_seqs] Processed 71284 reads in 25.527 CPU sec, 25.044 real sec
[M::process] read 71586 sequences (10000226 bp)...
[M::mem_process_seqs] Processed 71328 reads in 27.246 CPU sec, 26.818 real sec
[M::process] read 71236 sequences (10000125 bp)...
[M::mem_process_seqs] Processed 71586 reads in 24.878 CPU sec, 24.377 real sec
[M::process] read 71260 sequences (10000084 bp)...
[M::mem_process_seqs] Processed 71236 reads in 25.653 CPU sec, 25.143 real sec
[M::process] read 71472 sequences (10000136 bp)...
[M::mem_process_seqs] Processed 71260 reads in 25.253 CPU sec, 24.775 real sec
[M::process] read 71270 sequences (10000253 bp)...
[M::mem_process_seqs] Processed 71472 reads in 26.694 CPU sec, 26.176 real sec
[M::process] read 71566 sequences (10000079 bp)...
[M::mem_process_seqs] Processed 71270 reads in 24.186 CPU sec, 23.693 real sec
[M::process] read 71548 sequences (10000051 bp)...
[M::mem_process_seqs] Processed 71566 reads in 24.985 CPU sec, 24.488 real sec
[M::process] read 71298 sequences (10000021 bp)...
[M::mem_process_seqs] Processed 71548 reads in 27.919 CPU sec, 27.427 real sec
[M::process] read 70672 sequences (10000061 bp)...
[M::mem_process_seqs] Processed 71298 reads in 24.481 CPU sec, 23.940 real sec
[M::process] read 71266 sequences (10000117 bp)...
[M::mem_process_seqs] Processed 70672 reads in 23.309 CPU sec, 22.915 real sec
[M::process] read 71252 sequences (10000235 bp)...
[M::mem_process_seqs] Processed 71266 reads in 23.661 CPU sec, 23.165 real sec
[M::process] read 71296 sequences (10000234 bp)...
[M::mem_process_seqs] Processed 71252 reads in 24.605 CPU sec, 24.122 real sec
[M::process] read 71446 sequences (10000217 bp)...
[M::mem_process_seqs] Processed 71296 reads in 24.541 CPU sec, 24.035 real sec
[M::process] read 71406 sequences (10000181 bp)...
[M::mem_process_seqs] Processed 71446 reads in 26.833 CPU sec, 26.352 real sec
[M::process] read 71444 sequences (10000003 bp)...
[M::mem_process_seqs] Processed 71406 reads in 28.756 CPU sec, 28.240 real sec
[M::process] read 71420 sequences (10000067 bp)...
[M::mem_process_seqs] Processed 71444 reads in 26.449 CPU sec, 25.935 real sec
[M::process] read 71610 sequences (10000242 bp)...
[M::mem_process_seqs] Processed 71420 reads in 25.154 CPU sec, 24.627 real sec
[M::process] read 71412 sequences (10000208 bp)...
[M::mem_process_seqs] Processed 71610 reads in 26.020 CPU sec, 25.539 real sec
[M::process] read 71134 sequences (10000125 bp)...
[M::mem_process_seqs] Processed 71412 reads in 25.015 CPU sec, 24.430 real sec
[M::process] read 71282 sequences (10000184 bp)...
[M::mem_process_seqs] Processed 71134 reads in 29.284 CPU sec, 28.802 real sec
[M::process] read 71222 sequences (10000058 bp)...
[M::mem_process_seqs] Processed 71282 reads in 25.025 CPU sec, 24.468 real sec
[M::process] read 71274 sequences (10000202 bp)...
[M::mem_process_seqs] Processed 71222 reads in 25.806 CPU sec, 25.292 real sec
[M::process] read 71462 sequences (10000233 bp)...
[M::mem_process_seqs] Processed 71274 reads in 27.025 CPU sec, 26.515 real sec
[M::process] read 71316 sequences (10000110 bp)...
[M::mem_process_seqs] Processed 71462 reads in 26.231 CPU sec, 25.724 real sec
[M::process] read 71444 sequences (10000280 bp)...
[M::mem_process_seqs] Processed 71316 reads in 24.117 CPU sec, 23.593 real sec
[M::process] read 71410 sequences (10000049 bp)...
[M::mem_process_seqs] Processed 71444 reads in 26.082 CPU sec, 25.579 real sec
[M::process] read 71420 sequences (10000298 bp)...
[M::mem_process_seqs] Processed 71410 reads in 24.218 CPU sec, 23.693 real sec
[M::process] read 71400 sequences (10000015 bp)...
[M::mem_process_seqs] Processed 71420 reads in 23.775 CPU sec, 23.297 real sec
[M::process] read 21396 sequences (3086804 bp)...
[M::mem_process_seqs] Processed 71400 reads in 23.955 CPU sec, 23.608 real sec
[M::mem_process_seqs] Processed 21396 reads in 6.731 CPU sec, 6.472 real sec
[main] Version: 0.7.17-r1188
[main] CMD: bwa mem -L 5 -I 533.109,60.1675,613,366 -t 1 -a -M -T 30 -A 1 -B 4 -O 6 -R @RG\tID:Aen-Cbat_078-AeC01078_CKDL210012719-1a-AK9144-AK4234_HF5TCDSX2_L1_clmp_fp2_repr\tSM:Aen-Cbat_078-AeC01078_CKDL210012719-1a-AK9144-AK4234_HF5TCDSX2_L1_clmp_fp2_repr\tPL:Illumina reference.rad.baited-6-6.fasta Aen-Cbat_078-AeC01078_CKDL210012719-1a-AK9144-AK4234_HF5TCDSX2_L1_clmp_fp2_repr.R1.fq.gz Aen-Cbat_078-AeC01078_CKDL210012719-1a-AK9144-AK4234_HF5TCDSX2_L1_clmp_fp2_repr.R2.fq.gz
[main] Real time: 3497.855 sec; CPU: 3481.554 sec
