[M::main_mem] mean insert size: 533.109, stddev: 60.167, max: 613, min: 366
[M::bwa_idx_load_from_disk] read 0 ALT contigs
[M::process] read 105198 sequences (10000001 bp)...
[M::process] read 106580 sequences (10000049 bp)...
[M::mem_process_seqs] Processed 105198 reads in 18.297 CPU sec, 18.287 real sec
[M::process] read 106118 sequences (10000141 bp)...
[M::mem_process_seqs] Processed 106580 reads in 18.874 CPU sec, 17.937 real sec
[M::process] read 108324 sequences (10000136 bp)...
[M::mem_process_seqs] Processed 106118 reads in 18.259 CPU sec, 18.025 real sec
[M::process] read 108052 sequences (10000049 bp)...
[M::mem_process_seqs] Processed 108324 reads in 18.323 CPU sec, 19.046 real sec
[M::process] read 108302 sequences (10000047 bp)...
[M::mem_process_seqs] Processed 108052 reads in 18.440 CPU sec, 18.624 real sec
[M::process] read 108438 sequences (10000008 bp)...
[M::mem_process_seqs] Processed 108302 reads in 18.232 CPU sec, 18.654 real sec
[M::process] read 107180 sequences (10000037 bp)...
[M::mem_process_seqs] Processed 108438 reads in 18.244 CPU sec, 17.655 real sec
[M::process] read 108048 sequences (10000029 bp)...
[M::mem_process_seqs] Processed 107180 reads in 17.977 CPU sec, 17.376 real sec
[M::process] read 108432 sequences (10000037 bp)...
[M::mem_process_seqs] Processed 108048 reads in 19.486 CPU sec, 19.998 real sec
[M::process] read 107858 sequences (10000065 bp)...
[M::mem_process_seqs] Processed 108432 reads in 18.846 CPU sec, 20.468 real sec
[M::process] read 18256 sequences (1692489 bp)...
[M::mem_process_seqs] Processed 107858 reads in 18.477 CPU sec, 19.488 real sec
[M::mem_process_seqs] Processed 18256 reads in 3.423 CPU sec, 3.710 real sec
[main] Version: 0.7.17-r1188
[main] CMD: bwa mem -L 5 -I 533.109,60.1675,613,366 -t 1 -a -M -T 30 -A 1 -B 4 -O 6 -R @RG\tID:Aen-AHam_040-AeA01040_CKDL210012719-1a-AK9142-7UDI246_HF5TCDSX2_L1_clmp_fp2_repr\tSM:Aen-AHam_040-AeA01040_CKDL210012719-1a-AK9142-7UDI246_HF5TCDSX2_L1_clmp_fp2_repr\tPL:Illumina reference.rad.baited-6-6.fasta Aen-AHam_040-AeA01040_CKDL210012719-1a-AK9142-7UDI246_HF5TCDSX2_L1_clmp_fp2_repr.R1.fq.gz Aen-AHam_040-AeA01040_CKDL210012719-1a-AK9142-7UDI246_HF5TCDSX2_L1_clmp_fp2_repr.R2.fq.gz
[main] Real time: 213.263 sec; CPU: 207.400 sec
