[M::main_mem] mean insert size: 533.109, stddev: 60.167, max: 613, min: 366
[M::bwa_idx_load_from_disk] read 0 ALT contigs
[M::process] read 103784 sequences (10000143 bp)...
[M::process] read 104220 sequences (10000057 bp)...
[M::mem_process_seqs] Processed 103784 reads in 18.458 CPU sec, 19.186 real sec
[M::process] read 104878 sequences (10000125 bp)...
[M::mem_process_seqs] Processed 104220 reads in 18.104 CPU sec, 19.358 real sec
[M::process] read 78476 sequences (10000041 bp)...
[M::mem_process_seqs] Processed 104878 reads in 18.124 CPU sec, 19.779 real sec
[M::process] read 78944 sequences (10000036 bp)...
[M::mem_process_seqs] Processed 78476 reads in 8.540 CPU sec, 9.041 real sec
[M::process] read 101396 sequences (10000014 bp)...
[M::mem_process_seqs] Processed 78944 reads in 6.491 CPU sec, 6.541 real sec
[M::process] read 103738 sequences (10000254 bp)...
[M::mem_process_seqs] Processed 101396 reads in 17.652 CPU sec, 19.813 real sec
[M::process] read 102814 sequences (10000290 bp)...
[M::mem_process_seqs] Processed 103738 reads in 18.627 CPU sec, 19.779 real sec
[M::process] read 103646 sequences (10000170 bp)...
[M::mem_process_seqs] Processed 102814 reads in 19.928 CPU sec, 20.111 real sec
[M::process] read 102756 sequences (10000104 bp)...
[M::mem_process_seqs] Processed 103646 reads in 18.772 CPU sec, 18.667 real sec
[M::process] read 103026 sequences (10000034 bp)...
[M::mem_process_seqs] Processed 102756 reads in 22.006 CPU sec, 23.094 real sec
[M::process] read 103204 sequences (10000003 bp)...
[M::mem_process_seqs] Processed 103026 reads in 23.719 CPU sec, 24.580 real sec
[M::process] read 104024 sequences (10000042 bp)...
[M::mem_process_seqs] Processed 103204 reads in 20.933 CPU sec, 21.225 real sec
[M::process] read 104248 sequences (10000137 bp)...
[M::mem_process_seqs] Processed 104024 reads in 19.386 CPU sec, 20.249 real sec
[M::process] read 102862 sequences (10000019 bp)...
[M::mem_process_seqs] Processed 104248 reads in 20.173 CPU sec, 21.481 real sec
[M::process] read 104024 sequences (10000120 bp)...
[M::mem_process_seqs] Processed 102862 reads in 21.032 CPU sec, 21.957 real sec
[M::process] read 100254 sequences (10000118 bp)...
[M::mem_process_seqs] Processed 104024 reads in 20.439 CPU sec, 20.635 real sec
[M::process] read 80496 sequences (10000047 bp)...
[M::mem_process_seqs] Processed 100254 reads in 16.249 CPU sec, 17.196 real sec
[M::process] read 101534 sequences (10000101 bp)...
[M::mem_process_seqs] Processed 80496 reads in 7.520 CPU sec, 7.580 real sec
[M::process] read 102764 sequences (10000202 bp)...
[M::mem_process_seqs] Processed 101534 reads in 16.077 CPU sec, 17.260 real sec
[M::process] read 103892 sequences (10000158 bp)...
[M::mem_process_seqs] Processed 102764 reads in 18.349 CPU sec, 19.238 real sec
[M::process] read 103208 sequences (10000155 bp)...
[M::mem_process_seqs] Processed 103892 reads in 18.751 CPU sec, 19.420 real sec
[M::process] read 103136 sequences (10000060 bp)...
[M::mem_process_seqs] Processed 103208 reads in 18.597 CPU sec, 18.967 real sec
[M::process] read 103782 sequences (10000000 bp)...
[M::mem_process_seqs] Processed 103136 reads in 17.533 CPU sec, 17.797 real sec
[M::process] read 103836 sequences (10000244 bp)...
[M::mem_process_seqs] Processed 103782 reads in 19.429 CPU sec, 20.211 real sec
[M::process] read 99752 sequences (10000016 bp)...
[M::mem_process_seqs] Processed 103836 reads in 19.575 CPU sec, 20.136 real sec
[M::process] read 103952 sequences (10000106 bp)...
[M::mem_process_seqs] Processed 99752 reads in 16.850 CPU sec, 18.254 real sec
[M::process] read 84352 sequences (10000185 bp)...
[M::mem_process_seqs] Processed 103952 reads in 18.624 CPU sec, 19.886 real sec
[M::process] read 91500 sequences (10000130 bp)...
[M::mem_process_seqs] Processed 84352 reads in 10.772 CPU sec, 11.292 real sec
[M::process] read 100836 sequences (10000282 bp)...
[M::mem_process_seqs] Processed 91500 reads in 12.861 CPU sec, 13.654 real sec
[M::process] read 104232 sequences (10000165 bp)...
[M::mem_process_seqs] Processed 100836 reads in 19.136 CPU sec, 19.566 real sec
[M::process] read 103166 sequences (10000082 bp)...
[M::mem_process_seqs] Processed 104232 reads in 19.385 CPU sec, 20.060 real sec
[M::process] read 104016 sequences (10000209 bp)...
[M::mem_process_seqs] Processed 103166 reads in 20.197 CPU sec, 20.778 real sec
[M::process] read 103218 sequences (10000118 bp)...
[M::mem_process_seqs] Processed 104016 reads in 19.920 CPU sec, 20.824 real sec
[M::process] read 103862 sequences (10000072 bp)...
[M::mem_process_seqs] Processed 103218 reads in 16.767 CPU sec, 17.707 real sec
[M::process] read 103802 sequences (10000004 bp)...
[M::mem_process_seqs] Processed 103862 reads in 18.578 CPU sec, 19.300 real sec
[M::process] read 103090 sequences (10000299 bp)...
[M::mem_process_seqs] Processed 103802 reads in 19.104 CPU sec, 19.974 real sec
[M::process] read 104262 sequences (10000144 bp)...
[M::mem_process_seqs] Processed 103090 reads in 18.649 CPU sec, 20.164 real sec
[M::process] read 103350 sequences (10000105 bp)...
[M::mem_process_seqs] Processed 104262 reads in 18.729 CPU sec, 20.552 real sec
[M::process] read 103598 sequences (10000086 bp)...
[M::mem_process_seqs] Processed 103350 reads in 19.547 CPU sec, 20.448 real sec
[M::process] read 102142 sequences (10000242 bp)...
[M::mem_process_seqs] Processed 103598 reads in 18.667 CPU sec, 18.885 real sec
[M::process] read 103340 sequences (10000139 bp)...
[M::mem_process_seqs] Processed 102142 reads in 18.666 CPU sec, 19.194 real sec
[M::process] read 103914 sequences (10000132 bp)...
[M::mem_process_seqs] Processed 103340 reads in 18.753 CPU sec, 20.357 real sec
[M::process] read 103678 sequences (10000094 bp)...
[M::mem_process_seqs] Processed 103914 reads in 18.560 CPU sec, 19.343 real sec
[M::process] read 102648 sequences (10000137 bp)...
[M::mem_process_seqs] Processed 103678 reads in 19.198 CPU sec, 19.510 real sec
[M::process] read 103496 sequences (10000161 bp)...
[M::mem_process_seqs] Processed 102648 reads in 19.013 CPU sec, 18.913 real sec
[M::process] read 103544 sequences (10000137 bp)...
[M::mem_process_seqs] Processed 103496 reads in 19.167 CPU sec, 20.173 real sec
[M::process] read 104124 sequences (10000001 bp)...
[M::mem_process_seqs] Processed 103544 reads in 19.628 CPU sec, 20.887 real sec
[M::process] read 104152 sequences (10000017 bp)...
[M::mem_process_seqs] Processed 104124 reads in 18.549 CPU sec, 18.974 real sec
[M::process] read 102788 sequences (10000063 bp)...
[M::mem_process_seqs] Processed 104152 reads in 18.816 CPU sec, 20.534 real sec
[M::process] read 103496 sequences (10000163 bp)...
[M::mem_process_seqs] Processed 102788 reads in 19.994 CPU sec, 19.931 real sec
[M::process] read 103848 sequences (10000243 bp)...
[M::mem_process_seqs] Processed 103496 reads in 18.688 CPU sec, 19.264 real sec
[M::process] read 103808 sequences (10000083 bp)...
[M::mem_process_seqs] Processed 103848 reads in 18.901 CPU sec, 19.652 real sec
[M::process] read 103746 sequences (10000114 bp)...
[M::mem_process_seqs] Processed 103808 reads in 18.677 CPU sec, 18.766 real sec
[M::process] read 103944 sequences (10000001 bp)...
[M::mem_process_seqs] Processed 103746 reads in 18.318 CPU sec, 18.765 real sec
[M::process] read 103850 sequences (10000189 bp)...
[M::mem_process_seqs] Processed 103944 reads in 18.395 CPU sec, 19.031 real sec
[M::process] read 103290 sequences (10000210 bp)...
[M::mem_process_seqs] Processed 103850 reads in 17.974 CPU sec, 18.759 real sec
[M::process] read 103698 sequences (10000243 bp)...
[M::mem_process_seqs] Processed 103290 reads in 18.487 CPU sec, 18.837 real sec
[M::process] read 103814 sequences (10000146 bp)...
[M::mem_process_seqs] Processed 103698 reads in 19.198 CPU sec, 19.831 real sec
[M::process] read 104310 sequences (10000139 bp)...
[M::mem_process_seqs] Processed 103814 reads in 18.329 CPU sec, 19.448 real sec
[M::process] read 103762 sequences (10000086 bp)...
[M::mem_process_seqs] Processed 104310 reads in 18.610 CPU sec, 19.641 real sec
[M::process] read 103866 sequences (10000079 bp)...
[M::mem_process_seqs] Processed 103762 reads in 18.468 CPU sec, 18.682 real sec
[M::process] read 104062 sequences (10000187 bp)...
[M::mem_process_seqs] Processed 103866 reads in 18.520 CPU sec, 19.705 real sec
[M::process] read 103466 sequences (10000113 bp)...
[M::mem_process_seqs] Processed 104062 reads in 18.312 CPU sec, 18.526 real sec
[M::process] read 102170 sequences (10000015 bp)...
[M::mem_process_seqs] Processed 103466 reads in 18.429 CPU sec, 19.132 real sec
[M::process] read 103880 sequences (10000011 bp)...
[M::mem_process_seqs] Processed 102170 reads in 19.446 CPU sec, 19.855 real sec
[M::process] read 104360 sequences (10000157 bp)...
[M::mem_process_seqs] Processed 103880 reads in 19.766 CPU sec, 19.963 real sec
[M::process] read 104174 sequences (10000071 bp)...
[M::mem_process_seqs] Processed 104360 reads in 18.603 CPU sec, 20.146 real sec
[M::process] read 103314 sequences (10000040 bp)...
[M::mem_process_seqs] Processed 104174 reads in 17.727 CPU sec, 19.230 real sec
[M::process] read 104172 sequences (10000067 bp)...
[M::mem_process_seqs] Processed 103314 reads in 18.961 CPU sec, 19.651 real sec
[M::process] read 103360 sequences (10000009 bp)...
[M::mem_process_seqs] Processed 104172 reads in 19.691 CPU sec, 19.555 real sec
[M::process] read 103762 sequences (10000077 bp)...
[M::mem_process_seqs] Processed 103360 reads in 20.554 CPU sec, 21.538 real sec
[M::process] read 103006 sequences (10000014 bp)...
[M::mem_process_seqs] Processed 103762 reads in 18.854 CPU sec, 20.094 real sec
[M::process] read 103600 sequences (10000046 bp)...
[M::mem_process_seqs] Processed 103006 reads in 19.683 CPU sec, 21.335 real sec
[M::process] read 103510 sequences (10000125 bp)...
[M::mem_process_seqs] Processed 103600 reads in 21.202 CPU sec, 22.372 real sec
[M::process] read 103404 sequences (10000184 bp)...
[M::mem_process_seqs] Processed 103510 reads in 19.245 CPU sec, 19.759 real sec
[M::process] read 103878 sequences (10000069 bp)...
[M::mem_process_seqs] Processed 103404 reads in 18.640 CPU sec, 19.137 real sec
[M::process] read 103678 sequences (10000092 bp)...
[M::mem_process_seqs] Processed 103878 reads in 18.868 CPU sec, 19.475 real sec
[M::process] read 96938 sequences (10000129 bp)...
[M::mem_process_seqs] Processed 103678 reads in 19.860 CPU sec, 21.169 real sec
[M::process] read 92710 sequences (10000226 bp)...
[M::mem_process_seqs] Processed 96938 reads in 16.506 CPU sec, 17.023 real sec
[M::process] read 104132 sequences (10000061 bp)...
[M::mem_process_seqs] Processed 92710 reads in 12.321 CPU sec, 12.644 real sec
[M::process] read 103942 sequences (10000034 bp)...
[M::mem_process_seqs] Processed 104132 reads in 19.515 CPU sec, 20.702 real sec
[M::process] read 103704 sequences (10000062 bp)...
[M::mem_process_seqs] Processed 103942 reads in 18.594 CPU sec, 19.041 real sec
[M::process] read 103714 sequences (10000014 bp)...
[M::mem_process_seqs] Processed 103704 reads in 18.758 CPU sec, 20.156 real sec
[M::process] read 103982 sequences (10000181 bp)...
[M::mem_process_seqs] Processed 103714 reads in 19.649 CPU sec, 20.878 real sec
[M::process] read 103916 sequences (10000198 bp)...
[M::mem_process_seqs] Processed 103982 reads in 19.140 CPU sec, 20.296 real sec
[M::process] read 102710 sequences (10000205 bp)...
[M::mem_process_seqs] Processed 103916 reads in 17.428 CPU sec, 18.590 real sec
[M::process] read 104236 sequences (10000114 bp)...
[M::mem_process_seqs] Processed 102710 reads in 18.782 CPU sec, 19.501 real sec
[M::process] read 103328 sequences (10000058 bp)...
[M::mem_process_seqs] Processed 104236 reads in 18.894 CPU sec, 19.462 real sec
[M::process] read 103058 sequences (10000168 bp)...
[M::mem_process_seqs] Processed 103328 reads in 18.692 CPU sec, 19.596 real sec
[M::process] read 104052 sequences (10000176 bp)...
[M::mem_process_seqs] Processed 103058 reads in 20.865 CPU sec, 22.246 real sec
[M::process] read 102692 sequences (10000131 bp)...
[M::mem_process_seqs] Processed 104052 reads in 19.065 CPU sec, 19.313 real sec
[M::process] read 103778 sequences (10000124 bp)...
[M::mem_process_seqs] Processed 102692 reads in 17.720 CPU sec, 18.674 real sec
[M::process] read 102786 sequences (10000168 bp)...
[M::mem_process_seqs] Processed 103778 reads in 18.132 CPU sec, 18.680 real sec
[M::process] read 104382 sequences (10000008 bp)...
[M::mem_process_seqs] Processed 102786 reads in 19.551 CPU sec, 20.358 real sec
[M::process] read 104036 sequences (10000149 bp)...
[M::mem_process_seqs] Processed 104382 reads in 18.673 CPU sec, 19.073 real sec
[M::process] read 104106 sequences (10000059 bp)...
[M::mem_process_seqs] Processed 104036 reads in 18.324 CPU sec, 18.868 real sec
[M::process] read 104546 sequences (10000061 bp)...
[M::mem_process_seqs] Processed 104106 reads in 18.307 CPU sec, 19.133 real sec
[M::process] read 103952 sequences (10000121 bp)...
[M::mem_process_seqs] Processed 104546 reads in 20.141 CPU sec, 21.687 real sec
[M::process] read 103594 sequences (10000126 bp)...
[M::mem_process_seqs] Processed 103952 reads in 19.372 CPU sec, 20.532 real sec
[M::process] read 104072 sequences (10000016 bp)...
[M::mem_process_seqs] Processed 103594 reads in 18.511 CPU sec, 19.472 real sec
[M::process] read 103304 sequences (10000261 bp)...
[M::mem_process_seqs] Processed 104072 reads in 18.728 CPU sec, 19.490 real sec
[M::process] read 103840 sequences (10000048 bp)...
[M::mem_process_seqs] Processed 103304 reads in 19.380 CPU sec, 19.568 real sec
[M::process] read 103856 sequences (10000107 bp)...
[M::mem_process_seqs] Processed 103840 reads in 19.080 CPU sec, 19.849 real sec
[M::process] read 103468 sequences (10000099 bp)...
[M::mem_process_seqs] Processed 103856 reads in 19.581 CPU sec, 20.415 real sec
[M::process] read 103720 sequences (10000224 bp)...
[M::mem_process_seqs] Processed 103468 reads in 19.818 CPU sec, 20.992 real sec
[M::process] read 103266 sequences (10000012 bp)...
[M::mem_process_seqs] Processed 103720 reads in 19.469 CPU sec, 19.737 real sec
[M::process] read 100892 sequences (10000189 bp)...
[M::mem_process_seqs] Processed 103266 reads in 18.727 CPU sec, 19.064 real sec
[M::process] read 103464 sequences (10000074 bp)...
[M::mem_process_seqs] Processed 100892 reads in 16.948 CPU sec, 17.327 real sec
[M::process] read 102724 sequences (10000011 bp)...
[M::mem_process_seqs] Processed 103464 reads in 18.377 CPU sec, 19.371 real sec
[M::process] read 103912 sequences (10000088 bp)...
[M::mem_process_seqs] Processed 102724 reads in 20.521 CPU sec, 20.996 real sec
[M::process] read 103860 sequences (10000172 bp)...
[M::mem_process_seqs] Processed 103912 reads in 19.162 CPU sec, 20.074 real sec
[M::process] read 103840 sequences (10000119 bp)...
[M::mem_process_seqs] Processed 103860 reads in 18.244 CPU sec, 18.914 real sec
[M::process] read 103278 sequences (10000043 bp)...
[M::mem_process_seqs] Processed 103840 reads in 18.645 CPU sec, 19.621 real sec
[M::process] read 97356 sequences (9411325 bp)...
[M::mem_process_seqs] Processed 103278 reads in 18.417 CPU sec, 18.845 real sec
[M::mem_process_seqs] Processed 97356 reads in 17.911 CPU sec, 18.579 real sec
[main] Version: 0.7.17-r1188
[main] CMD: bwa mem -L 5 -I 533.109,60.1675,613,366 -t 1 -a -M -T 30 -A 1 -B 4 -O 6 -R @RG\tID:Aen-AHam_017-AeA01017_CKDL210012719-1a-AK7761-7UDI214_HF5TCDSX2_L1_clmp_fp2_repr\tSM:Aen-AHam_017-AeA01017_CKDL210012719-1a-AK7761-7UDI214_HF5TCDSX2_L1_clmp_fp2_repr\tPL:Illumina reference.rad.baited-6-6.fasta Aen-AHam_017-AeA01017_CKDL210012719-1a-AK7761-7UDI214_HF5TCDSX2_L1_clmp_fp2_repr.R1.fq.gz Aen-AHam_017-AeA01017_CKDL210012719-1a-AK7761-7UDI214_HF5TCDSX2_L1_clmp_fp2_repr.R2.fq.gz
[main] Real time: 2219.575 sec; CPU: 2123.528 sec
