[M::main_mem] mean insert size: 533.109, stddev: 60.167, max: 613, min: 366
[M::bwa_idx_load_from_disk] read 0 ALT contigs
[M::process] read 107048 sequences (10000023 bp)...
[M::process] read 93506 sequences (10000099 bp)...
[M::mem_process_seqs] Processed 107048 reads in 17.896 CPU sec, 18.114 real sec
[M::process] read 100864 sequences (10000120 bp)...
[M::mem_process_seqs] Processed 93506 reads in 12.921 CPU sec, 13.532 real sec
[M::process] read 105978 sequences (10000080 bp)...
[M::mem_process_seqs] Processed 100864 reads in 14.583 CPU sec, 15.540 real sec
[M::process] read 105616 sequences (10000197 bp)...
[M::mem_process_seqs] Processed 105978 reads in 18.690 CPU sec, 19.709 real sec
[M::process] read 105854 sequences (10000141 bp)...
[M::mem_process_seqs] Processed 105616 reads in 20.701 CPU sec, 22.601 real sec
[M::process] read 106766 sequences (10000102 bp)...
[M::mem_process_seqs] Processed 105854 reads in 21.261 CPU sec, 22.130 real sec
[M::process] read 105976 sequences (10000107 bp)...
[M::mem_process_seqs] Processed 106766 reads in 19.676 CPU sec, 20.337 real sec
[M::process] read 102466 sequences (10000107 bp)...
[M::mem_process_seqs] Processed 105976 reads in 19.751 CPU sec, 20.009 real sec
[M::process] read 99906 sequences (10000134 bp)...
[M::mem_process_seqs] Processed 102466 reads in 17.200 CPU sec, 17.600 real sec
[M::process] read 106298 sequences (10000007 bp)...
[M::mem_process_seqs] Processed 99906 reads in 14.200 CPU sec, 15.114 real sec
[M::process] read 106360 sequences (10000032 bp)...
[M::mem_process_seqs] Processed 106298 reads in 18.572 CPU sec, 18.753 real sec
[M::process] read 106148 sequences (10000030 bp)...
[M::mem_process_seqs] Processed 106360 reads in 18.403 CPU sec, 18.760 real sec
[M::process] read 99842 sequences (10000017 bp)...
[M::mem_process_seqs] Processed 106148 reads in 19.516 CPU sec, 20.072 real sec
[M::process] read 102256 sequences (10000034 bp)...
[M::mem_process_seqs] Processed 99842 reads in 15.522 CPU sec, 16.124 real sec
[M::process] read 105954 sequences (10000111 bp)...
[M::mem_process_seqs] Processed 102256 reads in 16.262 CPU sec, 16.059 real sec
[M::process] read 105980 sequences (10000112 bp)...
[M::mem_process_seqs] Processed 105954 reads in 19.677 CPU sec, 20.919 real sec
[M::process] read 106488 sequences (10000073 bp)...
[M::mem_process_seqs] Processed 105980 reads in 18.538 CPU sec, 19.790 real sec
[M::process] read 106574 sequences (10000134 bp)...
[M::mem_process_seqs] Processed 106488 reads in 18.177 CPU sec, 18.538 real sec
[M::process] read 106508 sequences (10000213 bp)...
[M::mem_process_seqs] Processed 106574 reads in 18.258 CPU sec, 18.854 real sec
[M::process] read 106090 sequences (10000030 bp)...
[M::mem_process_seqs] Processed 106508 reads in 18.276 CPU sec, 19.033 real sec
[M::process] read 106556 sequences (10000064 bp)...
[M::mem_process_seqs] Processed 106090 reads in 18.242 CPU sec, 18.929 real sec
[M::process] read 106160 sequences (10000250 bp)...
[M::mem_process_seqs] Processed 106556 reads in 18.520 CPU sec, 19.107 real sec
[M::process] read 106442 sequences (10000107 bp)...
[M::mem_process_seqs] Processed 106160 reads in 19.338 CPU sec, 19.671 real sec
[M::process] read 106482 sequences (10000173 bp)...
[M::mem_process_seqs] Processed 106442 reads in 18.139 CPU sec, 19.305 real sec
[M::process] read 106472 sequences (10000018 bp)...
[M::mem_process_seqs] Processed 106482 reads in 18.698 CPU sec, 19.396 real sec
[M::process] read 106276 sequences (10000130 bp)...
[M::mem_process_seqs] Processed 106472 reads in 18.979 CPU sec, 20.212 real sec
[M::process] read 107054 sequences (10000234 bp)...
[M::mem_process_seqs] Processed 106276 reads in 18.411 CPU sec, 18.705 real sec
[M::process] read 106630 sequences (10000104 bp)...
[M::mem_process_seqs] Processed 107054 reads in 18.266 CPU sec, 18.857 real sec
[M::process] read 106790 sequences (10000196 bp)...
[M::mem_process_seqs] Processed 106630 reads in 18.009 CPU sec, 18.964 real sec
[M::process] read 106766 sequences (10000018 bp)...
[M::mem_process_seqs] Processed 106790 reads in 18.480 CPU sec, 19.573 real sec
[M::process] read 106790 sequences (10000203 bp)...
[M::mem_process_seqs] Processed 106766 reads in 18.582 CPU sec, 19.301 real sec
[M::process] read 106688 sequences (10000207 bp)...
[M::mem_process_seqs] Processed 106790 reads in 17.994 CPU sec, 18.703 real sec
[M::process] read 106090 sequences (10000064 bp)...
[M::mem_process_seqs] Processed 106688 reads in 18.963 CPU sec, 19.750 real sec
[M::process] read 106902 sequences (10000032 bp)...
[M::mem_process_seqs] Processed 106090 reads in 18.971 CPU sec, 20.034 real sec
[M::process] read 106280 sequences (10000027 bp)...
[M::mem_process_seqs] Processed 106902 reads in 18.666 CPU sec, 19.148 real sec
[M::process] read 106496 sequences (10000020 bp)...
[M::mem_process_seqs] Processed 106280 reads in 17.305 CPU sec, 19.266 real sec
[M::process] read 106248 sequences (10000086 bp)...
[M::mem_process_seqs] Processed 106496 reads in 19.428 CPU sec, 20.266 real sec
[M::process] read 106452 sequences (10000155 bp)...
[M::mem_process_seqs] Processed 106248 reads in 18.710 CPU sec, 20.410 real sec
[M::process] read 106198 sequences (10000028 bp)...
[M::mem_process_seqs] Processed 106452 reads in 19.710 CPU sec, 21.146 real sec
[M::process] read 105300 sequences (10000130 bp)...
[M::mem_process_seqs] Processed 106198 reads in 19.109 CPU sec, 19.310 real sec
[M::process] read 102470 sequences (10000150 bp)...
[M::mem_process_seqs] Processed 105300 reads in 18.414 CPU sec, 19.010 real sec
[M::process] read 106778 sequences (10000116 bp)...
[M::mem_process_seqs] Processed 102470 reads in 16.097 CPU sec, 16.703 real sec
[M::process] read 106322 sequences (10000216 bp)...
[M::mem_process_seqs] Processed 106778 reads in 18.383 CPU sec, 18.859 real sec
[M::process] read 106792 sequences (10000118 bp)...
[M::mem_process_seqs] Processed 106322 reads in 20.072 CPU sec, 20.850 real sec
[M::process] read 106380 sequences (10000132 bp)...
[M::mem_process_seqs] Processed 106792 reads in 18.291 CPU sec, 18.591 real sec
[M::process] read 106314 sequences (10000012 bp)...
[M::mem_process_seqs] Processed 106380 reads in 19.872 CPU sec, 21.985 real sec
[M::process] read 106750 sequences (10000138 bp)...
[M::mem_process_seqs] Processed 106314 reads in 20.805 CPU sec, 21.678 real sec
[M::process] read 105846 sequences (10000118 bp)...
[M::mem_process_seqs] Processed 106750 reads in 19.192 CPU sec, 19.650 real sec
[M::process] read 106564 sequences (10000202 bp)...
[M::mem_process_seqs] Processed 105846 reads in 18.946 CPU sec, 19.871 real sec
[M::process] read 106654 sequences (10000175 bp)...
[M::mem_process_seqs] Processed 106564 reads in 19.802 CPU sec, 20.727 real sec
[M::process] read 106902 sequences (10000125 bp)...
[M::mem_process_seqs] Processed 106654 reads in 18.357 CPU sec, 19.101 real sec
[M::process] read 106820 sequences (10000113 bp)...
[M::mem_process_seqs] Processed 106902 reads in 20.415 CPU sec, 21.773 real sec
[M::process] read 106508 sequences (10000057 bp)...
[M::mem_process_seqs] Processed 106820 reads in 19.635 CPU sec, 20.432 real sec
[M::process] read 106588 sequences (10000133 bp)...
[M::mem_process_seqs] Processed 106508 reads in 20.254 CPU sec, 21.976 real sec
[M::process] read 106590 sequences (10000046 bp)...
[M::mem_process_seqs] Processed 106588 reads in 20.102 CPU sec, 20.615 real sec
[M::process] read 105282 sequences (10000081 bp)...
[M::mem_process_seqs] Processed 106590 reads in 20.003 CPU sec, 21.968 real sec
[M::process] read 105918 sequences (10000178 bp)...
[M::mem_process_seqs] Processed 105282 reads in 18.581 CPU sec, 19.548 real sec
[M::process] read 106360 sequences (10000066 bp)...
[M::mem_process_seqs] Processed 105918 reads in 20.456 CPU sec, 21.078 real sec
[M::process] read 106518 sequences (10000072 bp)...
[M::mem_process_seqs] Processed 106360 reads in 19.342 CPU sec, 20.745 real sec
[M::process] read 53040 sequences (5011163 bp)...
[M::mem_process_seqs] Processed 106518 reads in 19.755 CPU sec, 20.893 real sec
[M::mem_process_seqs] Processed 53040 reads in 9.838 CPU sec, 10.534 real sec
[main] Version: 0.7.17-r1188
[main] CMD: bwa mem -L 5 -I 533.109,60.1675,613,366 -t 1 -a -M -T 30 -A 1 -B 4 -O 6 -R @RG\tID:Aen-AHam_022-AeA01022_CKDL210012719-1a-AK7761-AK2587_HF5TCDSX2_L1_clmp_fp2_repr\tSM:Aen-AHam_022-AeA01022_CKDL210012719-1a-AK7761-AK2587_HF5TCDSX2_L1_clmp_fp2_repr\tPL:Illumina reference.rad.baited-6-6.fasta Aen-AHam_022-AeA01022_CKDL210012719-1a-AK7761-AK2587_HF5TCDSX2_L1_clmp_fp2_repr.R1.fq.gz Aen-AHam_022-AeA01022_CKDL210012719-1a-AK7761-AK2587_HF5TCDSX2_L1_clmp_fp2_repr.R2.fq.gz
[main] Real time: 1181.054 sec; CPU: 1127.726 sec
