[M::main_mem] mean insert size: 533.109, stddev: 60.167, max: 613, min: 366
[M::bwa_idx_load_from_disk] read 0 ALT contigs
[M::process] read 72188 sequences (10000116 bp)...
[M::process] read 72190 sequences (10000009 bp)...
[M::mem_process_seqs] Processed 72188 reads in 25.598 CPU sec, 27.763 real sec
[M::process] read 69154 sequences (10000126 bp)...
[M::mem_process_seqs] Processed 72190 reads in 25.439 CPU sec, 26.020 real sec
[M::process] read 72030 sequences (10000119 bp)...
[M::mem_process_seqs] Processed 69154 reads in 12.983 CPU sec, 14.195 real sec
[M::process] read 71918 sequences (10000001 bp)...
[M::mem_process_seqs] Processed 72030 reads in 25.549 CPU sec, 27.107 real sec
[M::process] read 71900 sequences (10000058 bp)...
[M::mem_process_seqs] Processed 71918 reads in 24.464 CPU sec, 25.851 real sec
[M::process] read 72224 sequences (10000163 bp)...
[M::mem_process_seqs] Processed 71900 reads in 24.796 CPU sec, 25.600 real sec
[M::process] read 71958 sequences (10000111 bp)...
[M::mem_process_seqs] Processed 72224 reads in 25.874 CPU sec, 28.316 real sec
[M::process] read 71994 sequences (10000085 bp)...
[M::mem_process_seqs] Processed 71958 reads in 26.022 CPU sec, 27.558 real sec
[M::process] read 71900 sequences (10000043 bp)...
[M::mem_process_seqs] Processed 71994 reads in 29.319 CPU sec, 30.764 real sec
[M::process] read 72014 sequences (10000241 bp)...
[M::mem_process_seqs] Processed 71900 reads in 25.788 CPU sec, 27.287 real sec
[M::process] read 72120 sequences (10000019 bp)...
[M::mem_process_seqs] Processed 72014 reads in 32.272 CPU sec, 34.517 real sec
[M::process] read 71738 sequences (10000052 bp)...
[M::mem_process_seqs] Processed 72120 reads in 27.429 CPU sec, 29.665 real sec
[M::process] read 72164 sequences (10000162 bp)...
[M::mem_process_seqs] Processed 71738 reads in 25.998 CPU sec, 27.511 real sec
[M::process] read 71258 sequences (10000041 bp)...
[M::mem_process_seqs] Processed 72164 reads in 32.142 CPU sec, 33.624 real sec
[M::process] read 72234 sequences (10000233 bp)...
[M::mem_process_seqs] Processed 71258 reads in 21.272 CPU sec, 21.928 real sec
[M::process] read 71944 sequences (10000116 bp)...
[M::mem_process_seqs] Processed 72234 reads in 24.826 CPU sec, 25.465 real sec
[M::process] read 71718 sequences (10000009 bp)...
[M::mem_process_seqs] Processed 71944 reads in 26.707 CPU sec, 27.949 real sec
[M::process] read 71952 sequences (10000243 bp)...
[M::mem_process_seqs] Processed 71718 reads in 24.665 CPU sec, 25.858 real sec
[M::process] read 71776 sequences (10000242 bp)...
[M::mem_process_seqs] Processed 71952 reads in 26.168 CPU sec, 26.904 real sec
[M::process] read 71650 sequences (10000096 bp)...
[M::mem_process_seqs] Processed 71776 reads in 26.323 CPU sec, 26.154 real sec
[M::process] read 71786 sequences (10000205 bp)...
[M::mem_process_seqs] Processed 71650 reads in 31.741 CPU sec, 32.285 real sec
[M::process] read 71896 sequences (10000030 bp)...
[M::mem_process_seqs] Processed 71786 reads in 25.848 CPU sec, 27.598 real sec
[M::process] read 69336 sequences (10000196 bp)...
[M::mem_process_seqs] Processed 71896 reads in 26.681 CPU sec, 27.380 real sec
[M::process] read 72004 sequences (10000201 bp)...
[M::mem_process_seqs] Processed 69336 reads in 13.639 CPU sec, 13.574 real sec
[M::process] read 72028 sequences (10000194 bp)...
[M::mem_process_seqs] Processed 72004 reads in 25.130 CPU sec, 25.673 real sec
[M::process] read 71910 sequences (10000121 bp)...
[M::mem_process_seqs] Processed 72028 reads in 24.942 CPU sec, 25.753 real sec
[M::process] read 71822 sequences (10000158 bp)...
[M::mem_process_seqs] Processed 71910 reads in 25.205 CPU sec, 25.878 real sec
[M::process] read 72210 sequences (10000041 bp)...
[M::mem_process_seqs] Processed 71822 reads in 31.382 CPU sec, 31.494 real sec
[M::process] read 72318 sequences (10000222 bp)...
[M::mem_process_seqs] Processed 72210 reads in 25.760 CPU sec, 26.405 real sec
[M::process] read 71908 sequences (10000150 bp)...
[M::mem_process_seqs] Processed 72318 reads in 26.354 CPU sec, 27.017 real sec
[M::process] read 72056 sequences (10000001 bp)...
[M::mem_process_seqs] Processed 71908 reads in 25.990 CPU sec, 26.347 real sec
[M::process] read 71672 sequences (10000251 bp)...
[M::mem_process_seqs] Processed 72056 reads in 30.085 CPU sec, 30.990 real sec
[M::process] read 72112 sequences (10000177 bp)...
[M::mem_process_seqs] Processed 71672 reads in 24.867 CPU sec, 26.530 real sec
[M::process] read 71846 sequences (10000282 bp)...
[M::mem_process_seqs] Processed 72112 reads in 27.481 CPU sec, 28.933 real sec
[M::process] read 71808 sequences (10000112 bp)...
[M::mem_process_seqs] Processed 71846 reads in 25.610 CPU sec, 26.811 real sec
[M::process] read 72092 sequences (10000241 bp)...
[M::mem_process_seqs] Processed 71808 reads in 26.398 CPU sec, 26.575 real sec
[M::process] read 72120 sequences (10000039 bp)...
[M::mem_process_seqs] Processed 72092 reads in 25.963 CPU sec, 26.288 real sec
[M::process] read 71924 sequences (10000194 bp)...
[M::mem_process_seqs] Processed 72120 reads in 26.926 CPU sec, 27.419 real sec
[M::process] read 71714 sequences (10000055 bp)...
[M::mem_process_seqs] Processed 71924 reads in 24.695 CPU sec, 24.944 real sec
[M::process] read 71882 sequences (10000190 bp)...
[M::mem_process_seqs] Processed 71714 reads in 25.309 CPU sec, 25.795 real sec
[M::process] read 71920 sequences (10000256 bp)...
[M::mem_process_seqs] Processed 71882 reads in 25.497 CPU sec, 26.557 real sec
[M::process] read 72146 sequences (10000071 bp)...
[M::mem_process_seqs] Processed 71920 reads in 24.756 CPU sec, 25.212 real sec
[M::process] read 71844 sequences (10000075 bp)...
[M::mem_process_seqs] Processed 72146 reads in 26.923 CPU sec, 28.028 real sec
[M::process] read 71960 sequences (10000109 bp)...
[M::mem_process_seqs] Processed 71844 reads in 24.911 CPU sec, 25.939 real sec
[M::process] read 71752 sequences (10000148 bp)...
[M::mem_process_seqs] Processed 71960 reads in 32.547 CPU sec, 33.073 real sec
[M::process] read 71800 sequences (10000070 bp)...
[M::mem_process_seqs] Processed 71752 reads in 27.583 CPU sec, 27.944 real sec
[M::process] read 71996 sequences (10000297 bp)...
[M::mem_process_seqs] Processed 71800 reads in 26.925 CPU sec, 27.287 real sec
[M::process] read 71852 sequences (10000151 bp)...
[M::mem_process_seqs] Processed 71996 reads in 26.093 CPU sec, 26.787 real sec
[M::process] read 72140 sequences (10000093 bp)...
[M::mem_process_seqs] Processed 71852 reads in 30.109 CPU sec, 31.106 real sec
[M::process] read 72008 sequences (10000060 bp)...
[M::mem_process_seqs] Processed 72140 reads in 25.553 CPU sec, 26.726 real sec
[M::process] read 71964 sequences (10000092 bp)...
[M::mem_process_seqs] Processed 72008 reads in 25.085 CPU sec, 25.845 real sec
[M::process] read 71972 sequences (10000039 bp)...
[M::mem_process_seqs] Processed 71964 reads in 32.023 CPU sec, 33.652 real sec
[M::process] read 72092 sequences (10000208 bp)...
[M::mem_process_seqs] Processed 71972 reads in 26.943 CPU sec, 27.479 real sec
[M::process] read 71980 sequences (10000165 bp)...
[M::mem_process_seqs] Processed 72092 reads in 25.088 CPU sec, 25.939 real sec
[M::process] read 72200 sequences (10000085 bp)...
[M::mem_process_seqs] Processed 71980 reads in 26.546 CPU sec, 27.935 real sec
[M::process] read 71944 sequences (10000085 bp)...
[M::mem_process_seqs] Processed 72200 reads in 25.342 CPU sec, 25.921 real sec
[M::process] read 72206 sequences (10000029 bp)...
[M::mem_process_seqs] Processed 71944 reads in 24.158 CPU sec, 24.386 real sec
[M::process] read 72056 sequences (10000222 bp)...
[M::mem_process_seqs] Processed 72206 reads in 25.547 CPU sec, 26.495 real sec
[M::process] read 71918 sequences (10000050 bp)...
[M::mem_process_seqs] Processed 72056 reads in 24.534 CPU sec, 25.254 real sec
[M::process] read 72278 sequences (10000039 bp)...
[M::mem_process_seqs] Processed 71918 reads in 28.519 CPU sec, 28.946 real sec
[M::process] read 72004 sequences (10000161 bp)...
[M::mem_process_seqs] Processed 72278 reads in 28.817 CPU sec, 28.825 real sec
[M::process] read 72124 sequences (10000141 bp)...
[M::mem_process_seqs] Processed 72004 reads in 23.586 CPU sec, 23.492 real sec
[M::process] read 71918 sequences (10000220 bp)...
[M::mem_process_seqs] Processed 72124 reads in 26.415 CPU sec, 26.414 real sec
[M::process] read 71954 sequences (10000152 bp)...
[M::mem_process_seqs] Processed 71918 reads in 30.367 CPU sec, 30.239 real sec
[M::process] read 71838 sequences (10000066 bp)...
[M::mem_process_seqs] Processed 71954 reads in 28.242 CPU sec, 27.933 real sec
[M::process] read 72128 sequences (10000114 bp)...
[M::mem_process_seqs] Processed 71838 reads in 26.014 CPU sec, 25.913 real sec
[M::process] read 72032 sequences (10000193 bp)...
[M::mem_process_seqs] Processed 72128 reads in 26.209 CPU sec, 25.907 real sec
[M::process] read 71954 sequences (10000284 bp)...
[M::mem_process_seqs] Processed 72032 reads in 26.881 CPU sec, 26.887 real sec
[M::process] read 71838 sequences (10000065 bp)...
[M::mem_process_seqs] Processed 71954 reads in 25.882 CPU sec, 25.480 real sec
[M::process] read 71768 sequences (10000137 bp)...
[M::mem_process_seqs] Processed 71838 reads in 25.197 CPU sec, 24.872 real sec
[M::process] read 71318 sequences (10000050 bp)...
[M::mem_process_seqs] Processed 71768 reads in 25.355 CPU sec, 24.957 real sec
[M::process] read 71246 sequences (10000036 bp)...
[M::mem_process_seqs] Processed 71318 reads in 21.964 CPU sec, 21.539 real sec
[M::process] read 72090 sequences (10000158 bp)...
[M::mem_process_seqs] Processed 71246 reads in 25.835 CPU sec, 25.436 real sec
[M::process] read 71940 sequences (10000008 bp)...
[M::mem_process_seqs] Processed 72090 reads in 25.378 CPU sec, 24.955 real sec
[M::process] read 72098 sequences (10000059 bp)...
[M::mem_process_seqs] Processed 71940 reads in 27.303 CPU sec, 26.902 real sec
[M::process] read 72022 sequences (10000224 bp)...
[M::mem_process_seqs] Processed 72098 reads in 28.405 CPU sec, 28.121 real sec
[M::process] read 71842 sequences (10000157 bp)...
[M::mem_process_seqs] Processed 72022 reads in 28.567 CPU sec, 28.111 real sec
[M::process] read 71890 sequences (10000006 bp)...
[M::mem_process_seqs] Processed 71842 reads in 27.218 CPU sec, 26.839 real sec
[M::process] read 71694 sequences (10000162 bp)...
[M::mem_process_seqs] Processed 71890 reads in 25.455 CPU sec, 25.028 real sec
[M::process] read 71864 sequences (10000224 bp)...
[M::mem_process_seqs] Processed 71694 reads in 28.765 CPU sec, 28.349 real sec
[M::process] read 71966 sequences (10000057 bp)...
[M::mem_process_seqs] Processed 71864 reads in 25.528 CPU sec, 25.020 real sec
[M::process] read 72004 sequences (10000215 bp)...
[M::mem_process_seqs] Processed 71966 reads in 25.597 CPU sec, 25.046 real sec
[M::process] read 71974 sequences (10000128 bp)...
[M::mem_process_seqs] Processed 72004 reads in 27.948 CPU sec, 27.447 real sec
[M::process] read 71986 sequences (10000020 bp)...
[M::mem_process_seqs] Processed 71974 reads in 26.451 CPU sec, 26.086 real sec
[M::process] read 72040 sequences (10000181 bp)...
[M::mem_process_seqs] Processed 71986 reads in 26.309 CPU sec, 25.908 real sec
[M::process] read 71898 sequences (10000270 bp)...
[M::mem_process_seqs] Processed 72040 reads in 26.204 CPU sec, 25.838 real sec
[M::process] read 72080 sequences (10000209 bp)...
[M::mem_process_seqs] Processed 71898 reads in 27.231 CPU sec, 26.711 real sec
[M::process] read 71732 sequences (10000279 bp)...
[M::mem_process_seqs] Processed 72080 reads in 26.652 CPU sec, 26.154 real sec
[M::process] read 72324 sequences (10000105 bp)...
[M::mem_process_seqs] Processed 71732 reads in 24.612 CPU sec, 24.023 real sec
[M::process] read 71976 sequences (10000200 bp)...
[M::mem_process_seqs] Processed 72324 reads in 27.261 CPU sec, 26.772 real sec
[M::process] read 71296 sequences (10000283 bp)...
[M::mem_process_seqs] Processed 71976 reads in 26.067 CPU sec, 25.531 real sec
[M::process] read 71782 sequences (10000191 bp)...
[M::mem_process_seqs] Processed 71296 reads in 24.776 CPU sec, 24.330 real sec
[M::process] read 71890 sequences (10000118 bp)...
[M::mem_process_seqs] Processed 71782 reads in 24.686 CPU sec, 24.144 real sec
[M::process] read 71876 sequences (10000182 bp)...
[M::mem_process_seqs] Processed 71890 reads in 25.479 CPU sec, 25.018 real sec
[M::process] read 72062 sequences (10000068 bp)...
[M::mem_process_seqs] Processed 71876 reads in 27.045 CPU sec, 26.435 real sec
[M::process] read 72008 sequences (10000031 bp)...
[M::mem_process_seqs] Processed 72062 reads in 28.929 CPU sec, 28.287 real sec
[M::process] read 72028 sequences (10000286 bp)...
[M::mem_process_seqs] Processed 72008 reads in 26.698 CPU sec, 26.077 real sec
[M::process] read 71972 sequences (10000052 bp)...
[M::mem_process_seqs] Processed 72028 reads in 26.449 CPU sec, 25.971 real sec
[M::process] read 71826 sequences (10000018 bp)...
[M::mem_process_seqs] Processed 71972 reads in 26.135 CPU sec, 25.519 real sec
[M::process] read 71902 sequences (10000136 bp)...
[M::mem_process_seqs] Processed 71826 reads in 28.203 CPU sec, 27.769 real sec
[M::process] read 71780 sequences (10000037 bp)...
[M::mem_process_seqs] Processed 71902 reads in 25.218 CPU sec, 24.648 real sec
[M::process] read 71960 sequences (10000180 bp)...
[M::mem_process_seqs] Processed 71780 reads in 26.668 CPU sec, 26.263 real sec
[M::process] read 72050 sequences (10000270 bp)...
[M::mem_process_seqs] Processed 71960 reads in 26.865 CPU sec, 26.334 real sec
[M::process] read 72028 sequences (10000096 bp)...
[M::mem_process_seqs] Processed 72050 reads in 25.043 CPU sec, 24.477 real sec
[M::process] read 72196 sequences (10000141 bp)...
[M::mem_process_seqs] Processed 72028 reads in 25.532 CPU sec, 25.032 real sec
[M::process] read 72100 sequences (10000165 bp)...
[M::mem_process_seqs] Processed 72196 reads in 25.026 CPU sec, 24.493 real sec
[M::process] read 25614 sequences (3643157 bp)...
[M::mem_process_seqs] Processed 72100 reads in 24.581 CPU sec, 24.124 real sec
[M::mem_process_seqs] Processed 25614 reads in 8.024 CPU sec, 7.783 real sec
[main] Version: 0.7.17-r1188
[main] CMD: bwa mem -L 5 -I 533.109,60.1675,613,366 -t 1 -a -M -T 30 -A 1 -B 4 -O 6 -R @RG\tID:Aen-Cbat_077-AeC01077_CKDL210012719-1a-5UDI225-AK4234_HF5TCDSX2_L1_clmp_fp2_repr\tSM:Aen-Cbat_077-AeC01077_CKDL210012719-1a-5UDI225-AK4234_HF5TCDSX2_L1_clmp_fp2_repr\tPL:Illumina reference.rad.baited-6-6.fasta Aen-Cbat_077-AeC01077_CKDL210012719-1a-5UDI225-AK4234_HF5TCDSX2_L1_clmp_fp2_repr.R1.fq.gz Aen-Cbat_077-AeC01077_CKDL210012719-1a-5UDI225-AK4234_HF5TCDSX2_L1_clmp_fp2_repr.R2.fq.gz
[main] Real time: 2854.866 sec; CPU: 2815.817 sec
