[M::main_mem] mean insert size: 533.109, stddev: 60.167, max: 613, min: 366
[M::bwa_idx_load_from_disk] read 0 ALT contigs
[M::process] read 72084 sequences (10000036 bp)...
[M::process] read 72204 sequences (10000153 bp)...
[M::mem_process_seqs] Processed 72084 reads in 25.805 CPU sec, 26.983 real sec
[M::process] read 70234 sequences (10000113 bp)...
[M::mem_process_seqs] Processed 72204 reads in 25.925 CPU sec, 27.343 real sec
[M::process] read 68866 sequences (10000086 bp)...
[M::mem_process_seqs] Processed 70234 reads in 19.344 CPU sec, 20.281 real sec
[M::process] read 71918 sequences (10000205 bp)...
[M::mem_process_seqs] Processed 68866 reads in 10.009 CPU sec, 10.521 real sec
[M::process] read 72012 sequences (10000024 bp)...
[M::mem_process_seqs] Processed 71918 reads in 25.121 CPU sec, 25.918 real sec
[M::process] read 71924 sequences (10000094 bp)...
[M::mem_process_seqs] Processed 72012 reads in 24.834 CPU sec, 25.776 real sec
[M::process] read 72206 sequences (10000114 bp)...
[M::mem_process_seqs] Processed 71924 reads in 24.421 CPU sec, 24.802 real sec
[M::process] read 71936 sequences (10000162 bp)...
[M::mem_process_seqs] Processed 72206 reads in 26.462 CPU sec, 27.679 real sec
[M::process] read 72154 sequences (10000232 bp)...
[M::mem_process_seqs] Processed 71936 reads in 27.195 CPU sec, 28.190 real sec
[M::process] read 71996 sequences (10000064 bp)...
[M::mem_process_seqs] Processed 72154 reads in 32.132 CPU sec, 33.043 real sec
[M::process] read 72090 sequences (10000114 bp)...
[M::mem_process_seqs] Processed 71996 reads in 25.337 CPU sec, 25.441 real sec
[M::process] read 71758 sequences (10000036 bp)...
[M::mem_process_seqs] Processed 72090 reads in 33.052 CPU sec, 33.382 real sec
[M::process] read 71900 sequences (10000272 bp)...
[M::mem_process_seqs] Processed 71758 reads in 29.194 CPU sec, 29.806 real sec
[M::process] read 71960 sequences (10000259 bp)...
[M::mem_process_seqs] Processed 71900 reads in 27.104 CPU sec, 28.091 real sec
[M::process] read 72170 sequences (10000262 bp)...
[M::mem_process_seqs] Processed 71960 reads in 27.300 CPU sec, 28.162 real sec
[M::process] read 70510 sequences (10000174 bp)...
[M::mem_process_seqs] Processed 72170 reads in 33.339 CPU sec, 34.064 real sec
[M::process] read 72032 sequences (10000052 bp)...
[M::mem_process_seqs] Processed 70510 reads in 16.712 CPU sec, 16.570 real sec
[M::process] read 71872 sequences (10000264 bp)...
[M::mem_process_seqs] Processed 72032 reads in 25.146 CPU sec, 25.311 real sec
[M::process] read 71766 sequences (10000161 bp)...
[M::mem_process_seqs] Processed 71872 reads in 26.520 CPU sec, 26.405 real sec
[M::process] read 71800 sequences (10000176 bp)...
[M::mem_process_seqs] Processed 71766 reads in 24.671 CPU sec, 24.905 real sec
[M::process] read 71778 sequences (10000051 bp)...
[M::mem_process_seqs] Processed 71800 reads in 26.550 CPU sec, 27.034 real sec
[M::process] read 71674 sequences (10000130 bp)...
[M::mem_process_seqs] Processed 71778 reads in 26.619 CPU sec, 27.986 real sec
[M::process] read 71552 sequences (10000100 bp)...
[M::mem_process_seqs] Processed 71674 reads in 34.410 CPU sec, 34.936 real sec
[M::process] read 71890 sequences (10000242 bp)...
[M::mem_process_seqs] Processed 71552 reads in 27.097 CPU sec, 27.650 real sec
[M::process] read 69212 sequences (10000192 bp)...
[M::mem_process_seqs] Processed 71890 reads in 26.934 CPU sec, 26.860 real sec
[M::process] read 70328 sequences (10000227 bp)...
[M::mem_process_seqs] Processed 69212 reads in 13.372 CPU sec, 13.874 real sec
[M::process] read 71950 sequences (10000185 bp)...
[M::mem_process_seqs] Processed 70328 reads in 17.941 CPU sec, 17.891 real sec
[M::process] read 71876 sequences (10000165 bp)...
[M::mem_process_seqs] Processed 71950 reads in 25.587 CPU sec, 25.843 real sec
[M::process] read 71926 sequences (10000076 bp)...
[M::mem_process_seqs] Processed 71876 reads in 26.159 CPU sec, 26.112 real sec
[M::process] read 71884 sequences (10000102 bp)...
[M::mem_process_seqs] Processed 71926 reads in 25.771 CPU sec, 26.609 real sec
[M::process] read 72110 sequences (10000198 bp)...
[M::mem_process_seqs] Processed 71884 reads in 32.372 CPU sec, 32.703 real sec
[M::process] read 72158 sequences (10000278 bp)...
[M::mem_process_seqs] Processed 72110 reads in 26.997 CPU sec, 28.215 real sec
[M::process] read 72124 sequences (10000196 bp)...
[M::mem_process_seqs] Processed 72158 reads in 27.813 CPU sec, 28.475 real sec
[M::process] read 71806 sequences (10000138 bp)...
[M::mem_process_seqs] Processed 72124 reads in 25.384 CPU sec, 25.881 real sec
[M::process] read 71764 sequences (10000173 bp)...
[M::mem_process_seqs] Processed 71806 reads in 32.619 CPU sec, 33.599 real sec
[M::process] read 71986 sequences (10000023 bp)...
[M::mem_process_seqs] Processed 71764 reads in 25.295 CPU sec, 25.242 real sec
[M::process] read 72046 sequences (10000080 bp)...
[M::mem_process_seqs] Processed 71986 reads in 25.876 CPU sec, 25.790 real sec
[M::process] read 71642 sequences (10000299 bp)...
[M::mem_process_seqs] Processed 72046 reads in 28.074 CPU sec, 27.830 real sec
[M::process] read 71742 sequences (10000070 bp)...
[M::mem_process_seqs] Processed 71642 reads in 26.054 CPU sec, 26.131 real sec
[M::process] read 71990 sequences (10000054 bp)...
[M::mem_process_seqs] Processed 71742 reads in 26.801 CPU sec, 27.090 real sec
[M::process] read 71992 sequences (10000244 bp)...
[M::mem_process_seqs] Processed 71990 reads in 27.174 CPU sec, 27.257 real sec
[M::process] read 72032 sequences (10000205 bp)...
[M::mem_process_seqs] Processed 71992 reads in 26.892 CPU sec, 27.173 real sec
[M::process] read 71760 sequences (10000134 bp)...
[M::mem_process_seqs] Processed 72032 reads in 25.419 CPU sec, 25.405 real sec
[M::process] read 71806 sequences (10000231 bp)...
[M::mem_process_seqs] Processed 71760 reads in 25.615 CPU sec, 25.724 real sec
[M::process] read 71970 sequences (10000075 bp)...
[M::mem_process_seqs] Processed 71806 reads in 24.968 CPU sec, 25.680 real sec
[M::process] read 72006 sequences (10000120 bp)...
[M::mem_process_seqs] Processed 71970 reads in 26.477 CPU sec, 27.125 real sec
[M::process] read 72048 sequences (10000059 bp)...
[M::mem_process_seqs] Processed 72006 reads in 26.730 CPU sec, 27.112 real sec
[M::process] read 71858 sequences (10000060 bp)...
[M::mem_process_seqs] Processed 72048 reads in 25.329 CPU sec, 26.423 real sec
[M::process] read 71878 sequences (10000196 bp)...
[M::mem_process_seqs] Processed 71858 reads in 32.686 CPU sec, 33.188 real sec
[M::process] read 71860 sequences (10000065 bp)...
[M::mem_process_seqs] Processed 71878 reads in 30.470 CPU sec, 30.928 real sec
[M::process] read 71942 sequences (10000009 bp)...
[M::mem_process_seqs] Processed 71860 reads in 27.236 CPU sec, 28.295 real sec
[M::process] read 71596 sequences (10000084 bp)...
[M::mem_process_seqs] Processed 71942 reads in 26.906 CPU sec, 27.767 real sec
[M::process] read 72086 sequences (10000054 bp)...
[M::mem_process_seqs] Processed 71596 reads in 31.033 CPU sec, 33.156 real sec
[M::process] read 72174 sequences (10000175 bp)...
[M::mem_process_seqs] Processed 72086 reads in 25.895 CPU sec, 26.300 real sec
[M::process] read 72068 sequences (10000139 bp)...
[M::mem_process_seqs] Processed 72174 reads in 25.056 CPU sec, 25.825 real sec
[M::process] read 71930 sequences (10000099 bp)...
[M::mem_process_seqs] Processed 72068 reads in 26.350 CPU sec, 26.523 real sec
[M::process] read 71912 sequences (10000164 bp)...
[M::mem_process_seqs] Processed 71930 reads in 33.230 CPU sec, 33.795 real sec
[M::process] read 71954 sequences (10000292 bp)...
[M::mem_process_seqs] Processed 71912 reads in 28.172 CPU sec, 29.192 real sec
[M::process] read 71832 sequences (10000150 bp)...
[M::mem_process_seqs] Processed 71954 reads in 25.435 CPU sec, 25.667 real sec
[M::process] read 71988 sequences (10000264 bp)...
[M::mem_process_seqs] Processed 71832 reads in 27.503 CPU sec, 28.448 real sec
[M::process] read 72052 sequences (10000001 bp)...
[M::mem_process_seqs] Processed 71988 reads in 26.271 CPU sec, 26.730 real sec
[M::process] read 72088 sequences (10000109 bp)...
[M::mem_process_seqs] Processed 72052 reads in 25.546 CPU sec, 25.466 real sec
[M::process] read 72224 sequences (10000242 bp)...
[M::mem_process_seqs] Processed 72088 reads in 25.367 CPU sec, 26.048 real sec
[M::process] read 71822 sequences (10000114 bp)...
[M::mem_process_seqs] Processed 72224 reads in 25.971 CPU sec, 27.153 real sec
[M::process] read 72018 sequences (10000096 bp)...
[M::mem_process_seqs] Processed 71822 reads in 27.587 CPU sec, 27.778 real sec
[M::process] read 72390 sequences (10000015 bp)...
[M::mem_process_seqs] Processed 72018 reads in 28.601 CPU sec, 29.234 real sec
[M::process] read 71788 sequences (10000143 bp)...
[M::mem_process_seqs] Processed 72390 reads in 28.565 CPU sec, 29.378 real sec
[M::process] read 72182 sequences (10000089 bp)...
[M::mem_process_seqs] Processed 71788 reads in 23.476 CPU sec, 24.049 real sec
[M::process] read 71672 sequences (10000087 bp)...
[M::mem_process_seqs] Processed 72182 reads in 29.778 CPU sec, 30.610 real sec
[M::process] read 71930 sequences (10000126 bp)...
[M::mem_process_seqs] Processed 71672 reads in 29.439 CPU sec, 30.242 real sec
[M::process] read 71816 sequences (10000095 bp)...
[M::mem_process_seqs] Processed 71930 reads in 28.979 CPU sec, 30.213 real sec
[M::process] read 71958 sequences (10000097 bp)...
[M::mem_process_seqs] Processed 71816 reads in 26.350 CPU sec, 26.956 real sec
[M::process] read 71930 sequences (10000014 bp)...
[M::mem_process_seqs] Processed 71958 reads in 26.139 CPU sec, 26.504 real sec
[M::process] read 71848 sequences (10000200 bp)...
[M::mem_process_seqs] Processed 71930 reads in 27.416 CPU sec, 28.505 real sec
[M::process] read 71908 sequences (10000016 bp)...
[M::mem_process_seqs] Processed 71848 reads in 25.867 CPU sec, 26.207 real sec
[M::process] read 71752 sequences (10000172 bp)...
[M::mem_process_seqs] Processed 71908 reads in 26.585 CPU sec, 27.653 real sec
[M::process] read 72080 sequences (10000102 bp)...
[M::mem_process_seqs] Processed 71752 reads in 24.667 CPU sec, 25.962 real sec
[M::process] read 69942 sequences (10000084 bp)...
[M::mem_process_seqs] Processed 72080 reads in 25.777 CPU sec, 27.544 real sec
[M::process] read 71920 sequences (10000214 bp)...
[M::mem_process_seqs] Processed 69942 reads in 17.176 CPU sec, 18.326 real sec
[M::process] read 71886 sequences (10000066 bp)...
[M::mem_process_seqs] Processed 71920 reads in 26.308 CPU sec, 27.297 real sec
[M::process] read 71820 sequences (10000263 bp)...
[M::mem_process_seqs] Processed 71886 reads in 27.349 CPU sec, 28.270 real sec
[M::process] read 72092 sequences (10000119 bp)...
[M::mem_process_seqs] Processed 71820 reads in 26.701 CPU sec, 26.783 real sec
[M::process] read 71924 sequences (10000183 bp)...
[M::mem_process_seqs] Processed 72092 reads in 28.525 CPU sec, 28.892 real sec
[M::process] read 71880 sequences (10000270 bp)...
[M::mem_process_seqs] Processed 71924 reads in 28.846 CPU sec, 29.542 real sec
[M::process] read 71838 sequences (10000160 bp)...
[M::mem_process_seqs] Processed 71880 reads in 27.439 CPU sec, 27.778 real sec
[M::process] read 71748 sequences (10000218 bp)...
[M::mem_process_seqs] Processed 71838 reads in 27.107 CPU sec, 29.321 real sec
[M::process] read 71762 sequences (10000089 bp)...
[M::mem_process_seqs] Processed 71748 reads in 26.645 CPU sec, 27.687 real sec
[M::process] read 71870 sequences (10000208 bp)...
[M::mem_process_seqs] Processed 71762 reads in 28.854 CPU sec, 29.796 real sec
[M::process] read 71972 sequences (10000119 bp)...
[M::mem_process_seqs] Processed 71870 reads in 25.868 CPU sec, 27.311 real sec
[M::process] read 71884 sequences (10000153 bp)...
[M::mem_process_seqs] Processed 71972 reads in 27.674 CPU sec, 28.278 real sec
[M::process] read 71984 sequences (10000156 bp)...
[M::mem_process_seqs] Processed 71884 reads in 28.077 CPU sec, 28.782 real sec
[M::process] read 72036 sequences (10000241 bp)...
[M::mem_process_seqs] Processed 71984 reads in 26.816 CPU sec, 27.391 real sec
[M::process] read 71934 sequences (10000191 bp)...
[M::mem_process_seqs] Processed 72036 reads in 26.434 CPU sec, 27.376 real sec
[M::process] read 71812 sequences (10000277 bp)...
[M::mem_process_seqs] Processed 71934 reads in 26.359 CPU sec, 26.949 real sec
[M::process] read 71878 sequences (10000220 bp)...
[M::mem_process_seqs] Processed 71812 reads in 27.079 CPU sec, 28.682 real sec
[M::process] read 71698 sequences (10000053 bp)...
[M::mem_process_seqs] Processed 71878 reads in 28.111 CPU sec, 28.535 real sec
[M::process] read 72196 sequences (10000052 bp)...
[M::mem_process_seqs] Processed 71698 reads in 25.548 CPU sec, 26.030 real sec
[M::process] read 71974 sequences (10000093 bp)...
[M::mem_process_seqs] Processed 72196 reads in 29.085 CPU sec, 29.307 real sec
[M::process] read 71108 sequences (10000146 bp)...
[M::mem_process_seqs] Processed 71974 reads in 27.606 CPU sec, 28.457 real sec
[M::process] read 71760 sequences (10000225 bp)...
[M::mem_process_seqs] Processed 71108 reads in 25.430 CPU sec, 26.814 real sec
[M::process] read 71868 sequences (10000177 bp)...
[M::mem_process_seqs] Processed 71760 reads in 25.322 CPU sec, 25.427 real sec
[M::process] read 71814 sequences (10000102 bp)...
[M::mem_process_seqs] Processed 71868 reads in 25.944 CPU sec, 26.705 real sec
[M::process] read 71936 sequences (10000039 bp)...
[M::mem_process_seqs] Processed 71814 reads in 28.426 CPU sec, 29.199 real sec
[M::process] read 72034 sequences (10000031 bp)...
[M::mem_process_seqs] Processed 71936 reads in 29.901 CPU sec, 30.147 real sec
[M::process] read 72000 sequences (10000219 bp)...
[M::mem_process_seqs] Processed 72034 reads in 25.696 CPU sec, 25.550 real sec
[M::process] read 71962 sequences (10000214 bp)...
[M::mem_process_seqs] Processed 72000 reads in 26.994 CPU sec, 27.068 real sec
[M::process] read 72026 sequences (10000251 bp)...
[M::mem_process_seqs] Processed 71962 reads in 27.828 CPU sec, 28.099 real sec
[M::process] read 71600 sequences (10000177 bp)...
[M::mem_process_seqs] Processed 72026 reads in 26.542 CPU sec, 27.985 real sec
[M::process] read 72046 sequences (10000167 bp)...
[M::mem_process_seqs] Processed 71600 reads in 28.872 CPU sec, 28.467 real sec
[M::process] read 71814 sequences (10000232 bp)...
[M::mem_process_seqs] Processed 72046 reads in 26.340 CPU sec, 26.426 real sec
[M::process] read 71942 sequences (10000091 bp)...
[M::mem_process_seqs] Processed 71814 reads in 29.196 CPU sec, 29.856 real sec
[M::process] read 71910 sequences (10000173 bp)...
[M::mem_process_seqs] Processed 71942 reads in 28.333 CPU sec, 29.163 real sec
[M::process] read 71958 sequences (10000045 bp)...
[M::mem_process_seqs] Processed 71910 reads in 25.771 CPU sec, 26.257 real sec
[M::process] read 72132 sequences (10000283 bp)...
[M::mem_process_seqs] Processed 71958 reads in 25.202 CPU sec, 26.186 real sec
[M::process] read 71890 sequences (10000114 bp)...
[M::mem_process_seqs] Processed 72132 reads in 25.799 CPU sec, 26.205 real sec
[M::process] read 46610 sequences (6580483 bp)...
[M::mem_process_seqs] Processed 71890 reads in 25.470 CPU sec, 26.391 real sec
[M::mem_process_seqs] Processed 46610 reads in 15.530 CPU sec, 16.171 real sec
[main] Version: 0.7.17-r1188
[main] CMD: bwa mem -L 5 -I 533.109,60.1675,613,366 -t 1 -a -M -T 30 -A 1 -B 4 -O 6 -R @RG\tID:Aen-Cbat_035-AeC01035_CKDL210012719-1a-AK9146-AK7557_HF5TCDSX2_L1_clmp_fp2_repr\tSM:Aen-Cbat_035-AeC01035_CKDL210012719-1a-AK9146-AK7557_HF5TCDSX2_L1_clmp_fp2_repr\tPL:Illumina reference.rad.baited-6-6.fasta Aen-Cbat_035-AeC01035_CKDL210012719-1a-AK9146-AK7557_HF5TCDSX2_L1_clmp_fp2_repr.R1.fq.gz Aen-Cbat_035-AeC01035_CKDL210012719-1a-AK9146-AK7557_HF5TCDSX2_L1_clmp_fp2_repr.R2.fq.gz
[main] Real time: 3183.744 sec; CPU: 3105.032 sec
