[M::main_mem] mean insert size: 533.109, stddev: 60.167, max: 613, min: 366
[M::bwa_idx_load_from_disk] read 0 ALT contigs
[M::process] read 72254 sequences (10000023 bp)...
[M::process] read 72612 sequences (10000145 bp)...
[M::mem_process_seqs] Processed 72254 reads in 25.036 CPU sec, 26.534 real sec
[M::process] read 69318 sequences (10000258 bp)...
[M::mem_process_seqs] Processed 72612 reads in 25.461 CPU sec, 26.669 real sec
[M::process] read 68890 sequences (10000105 bp)...
[M::mem_process_seqs] Processed 69318 reads in 14.152 CPU sec, 15.296 real sec
[M::process] read 72268 sequences (10000265 bp)...
[M::mem_process_seqs] Processed 68890 reads in 10.742 CPU sec, 11.114 real sec
[M::process] read 71878 sequences (10000035 bp)...
[M::mem_process_seqs] Processed 72268 reads in 24.365 CPU sec, 25.939 real sec
[M::process] read 72384 sequences (10000128 bp)...
[M::mem_process_seqs] Processed 71878 reads in 24.355 CPU sec, 25.506 real sec
[M::process] read 72178 sequences (10000137 bp)...
[M::mem_process_seqs] Processed 72384 reads in 25.524 CPU sec, 26.098 real sec
[M::process] read 71946 sequences (10000022 bp)...
[M::mem_process_seqs] Processed 72178 reads in 25.524 CPU sec, 26.995 real sec
[M::process] read 72286 sequences (10000103 bp)...
[M::mem_process_seqs] Processed 71946 reads in 28.211 CPU sec, 29.951 real sec
[M::process] read 72188 sequences (10000293 bp)...
[M::mem_process_seqs] Processed 72286 reads in 27.723 CPU sec, 28.976 real sec
[M::process] read 72034 sequences (10000073 bp)...
[M::mem_process_seqs] Processed 72188 reads in 29.942 CPU sec, 30.602 real sec
[M::process] read 72076 sequences (10000118 bp)...
[M::mem_process_seqs] Processed 72034 reads in 29.641 CPU sec, 31.015 real sec
[M::process] read 72226 sequences (10000294 bp)...
[M::mem_process_seqs] Processed 72076 reads in 26.284 CPU sec, 27.664 real sec
[M::process] read 71422 sequences (10000270 bp)...
[M::mem_process_seqs] Processed 72226 reads in 31.393 CPU sec, 33.118 real sec
[M::process] read 71282 sequences (10000198 bp)...
[M::mem_process_seqs] Processed 71422 reads in 19.680 CPU sec, 20.463 real sec
[M::process] read 72180 sequences (10000216 bp)...
[M::mem_process_seqs] Processed 71282 reads in 19.321 CPU sec, 19.981 real sec
[M::process] read 71918 sequences (10000168 bp)...
[M::mem_process_seqs] Processed 72180 reads in 26.877 CPU sec, 27.448 real sec
[M::process] read 72106 sequences (10000019 bp)...
[M::mem_process_seqs] Processed 71918 reads in 24.545 CPU sec, 25.570 real sec
[M::process] read 71860 sequences (10000288 bp)...
[M::mem_process_seqs] Processed 72106 reads in 25.917 CPU sec, 26.562 real sec
[M::process] read 71968 sequences (10000041 bp)...
[M::mem_process_seqs] Processed 71860 reads in 25.410 CPU sec, 26.448 real sec
[M::process] read 72046 sequences (10000159 bp)...
[M::mem_process_seqs] Processed 71968 reads in 32.151 CPU sec, 33.983 real sec
[M::process] read 72022 sequences (10000075 bp)...
[M::mem_process_seqs] Processed 72046 reads in 24.720 CPU sec, 26.245 real sec
[M::process] read 68432 sequences (10000091 bp)...
[M::mem_process_seqs] Processed 72022 reads in 25.697 CPU sec, 27.144 real sec
[M::process] read 70404 sequences (10000110 bp)...
[M::mem_process_seqs] Processed 68432 reads in 9.379 CPU sec, 9.211 real sec
[M::process] read 71974 sequences (10000117 bp)...
[M::mem_process_seqs] Processed 70404 reads in 17.243 CPU sec, 17.735 real sec
[M::process] read 72168 sequences (10000283 bp)...
[M::mem_process_seqs] Processed 71974 reads in 23.418 CPU sec, 24.096 real sec
[M::process] read 72044 sequences (10000147 bp)...
[M::mem_process_seqs] Processed 72168 reads in 27.493 CPU sec, 28.784 real sec
[M::process] read 72076 sequences (10000106 bp)...
[M::mem_process_seqs] Processed 72044 reads in 26.065 CPU sec, 27.403 real sec
[M::process] read 72640 sequences (10000032 bp)...
[M::mem_process_seqs] Processed 72076 reads in 29.591 CPU sec, 30.619 real sec
[M::process] read 72202 sequences (10000153 bp)...
[M::mem_process_seqs] Processed 72640 reads in 27.419 CPU sec, 28.841 real sec
[M::process] read 71978 sequences (10000154 bp)...
[M::mem_process_seqs] Processed 72202 reads in 24.405 CPU sec, 25.544 real sec
[M::process] read 72076 sequences (10000191 bp)...
[M::mem_process_seqs] Processed 71978 reads in 30.297 CPU sec, 31.259 real sec
[M::process] read 72018 sequences (10000065 bp)...
[M::mem_process_seqs] Processed 72076 reads in 24.264 CPU sec, 24.822 real sec
[M::process] read 72100 sequences (10000282 bp)...
[M::mem_process_seqs] Processed 72018 reads in 26.419 CPU sec, 27.213 real sec
[M::process] read 71936 sequences (10000108 bp)...
[M::mem_process_seqs] Processed 72100 reads in 26.236 CPU sec, 27.087 real sec
[M::process] read 72060 sequences (10000276 bp)...
[M::mem_process_seqs] Processed 71936 reads in 26.084 CPU sec, 27.766 real sec
[M::process] read 72168 sequences (10000092 bp)...
[M::mem_process_seqs] Processed 72060 reads in 25.425 CPU sec, 26.675 real sec
[M::process] read 72040 sequences (10000055 bp)...
[M::mem_process_seqs] Processed 72168 reads in 26.979 CPU sec, 27.893 real sec
[M::process] read 71916 sequences (10000226 bp)...
[M::mem_process_seqs] Processed 72040 reads in 24.581 CPU sec, 25.748 real sec
[M::process] read 72018 sequences (10000127 bp)...
[M::mem_process_seqs] Processed 71916 reads in 24.945 CPU sec, 26.328 real sec
[M::process] read 72122 sequences (10000120 bp)...
[M::mem_process_seqs] Processed 72018 reads in 24.782 CPU sec, 26.141 real sec
[M::process] read 72298 sequences (10000221 bp)...
[M::mem_process_seqs] Processed 72122 reads in 26.653 CPU sec, 28.190 real sec
[M::process] read 71752 sequences (10000075 bp)...
[M::mem_process_seqs] Processed 72298 reads in 25.352 CPU sec, 26.751 real sec
[M::process] read 71984 sequences (10000050 bp)...
[M::mem_process_seqs] Processed 71752 reads in 25.206 CPU sec, 26.565 real sec
[M::process] read 72250 sequences (10000217 bp)...
[M::mem_process_seqs] Processed 71984 reads in 33.491 CPU sec, 35.093 real sec
[M::process] read 72102 sequences (10000290 bp)...
[M::mem_process_seqs] Processed 72250 reads in 25.391 CPU sec, 27.844 real sec
[M::process] read 71772 sequences (10000101 bp)...
[M::mem_process_seqs] Processed 72102 reads in 25.992 CPU sec, 27.150 real sec
[M::process] read 72234 sequences (10000091 bp)...
[M::mem_process_seqs] Processed 71772 reads in 29.267 CPU sec, 30.687 real sec
[M::process] read 72314 sequences (10000231 bp)...
[M::mem_process_seqs] Processed 72234 reads in 24.717 CPU sec, 25.269 real sec
[M::process] read 71996 sequences (10000050 bp)...
[M::mem_process_seqs] Processed 72314 reads in 24.307 CPU sec, 25.378 real sec
[M::process] read 72018 sequences (10000123 bp)...
[M::mem_process_seqs] Processed 71996 reads in 29.126 CPU sec, 30.715 real sec
[M::process] read 72132 sequences (10000098 bp)...
[M::mem_process_seqs] Processed 72018 reads in 29.279 CPU sec, 30.631 real sec
[M::process] read 72088 sequences (10000012 bp)...
[M::mem_process_seqs] Processed 72132 reads in 25.362 CPU sec, 26.635 real sec
[M::process] read 72306 sequences (10000299 bp)...
[M::mem_process_seqs] Processed 72088 reads in 25.457 CPU sec, 27.059 real sec
[M::process] read 72226 sequences (10000003 bp)...
[M::mem_process_seqs] Processed 72306 reads in 24.696 CPU sec, 24.641 real sec
[M::process] read 72264 sequences (10000244 bp)...
[M::mem_process_seqs] Processed 72226 reads in 24.231 CPU sec, 25.381 real sec
[M::process] read 72136 sequences (10000137 bp)...
[M::mem_process_seqs] Processed 72264 reads in 25.088 CPU sec, 26.345 real sec
[M::process] read 71946 sequences (10000233 bp)...
[M::mem_process_seqs] Processed 72136 reads in 23.626 CPU sec, 24.587 real sec
[M::process] read 72490 sequences (10000138 bp)...
[M::mem_process_seqs] Processed 71946 reads in 27.525 CPU sec, 27.917 real sec
[M::process] read 72314 sequences (10000158 bp)...
[M::mem_process_seqs] Processed 72490 reads in 28.328 CPU sec, 29.404 real sec
[M::process] read 72262 sequences (10000102 bp)...
[M::mem_process_seqs] Processed 72314 reads in 23.273 CPU sec, 24.059 real sec
[M::process] read 71860 sequences (10000131 bp)...
[M::mem_process_seqs] Processed 72262 reads in 27.593 CPU sec, 28.501 real sec
[M::process] read 72242 sequences (10000081 bp)...
[M::mem_process_seqs] Processed 71860 reads in 27.658 CPU sec, 28.857 real sec
[M::process] read 72106 sequences (10000107 bp)...
[M::mem_process_seqs] Processed 72242 reads in 28.282 CPU sec, 29.189 real sec
[M::process] read 72214 sequences (10000165 bp)...
[M::mem_process_seqs] Processed 72106 reads in 23.650 CPU sec, 25.389 real sec
[M::process] read 72026 sequences (10000211 bp)...
[M::mem_process_seqs] Processed 72214 reads in 26.792 CPU sec, 27.770 real sec
[M::process] read 72050 sequences (10000257 bp)...
[M::mem_process_seqs] Processed 72026 reads in 25.386 CPU sec, 25.929 real sec
[M::process] read 71998 sequences (10000166 bp)...
[M::mem_process_seqs] Processed 72050 reads in 25.028 CPU sec, 25.252 real sec
[M::process] read 72198 sequences (10000078 bp)...
[M::mem_process_seqs] Processed 71998 reads in 24.650 CPU sec, 25.613 real sec
[M::process] read 69730 sequences (10000250 bp)...
[M::mem_process_seqs] Processed 72198 reads in 25.081 CPU sec, 26.601 real sec
[M::process] read 72136 sequences (10000220 bp)...
[M::mem_process_seqs] Processed 69730 reads in 14.891 CPU sec, 15.617 real sec
[M::process] read 72202 sequences (10000175 bp)...
[M::mem_process_seqs] Processed 72136 reads in 25.039 CPU sec, 26.670 real sec
[M::process] read 72212 sequences (10000177 bp)...
[M::mem_process_seqs] Processed 72202 reads in 26.025 CPU sec, 27.018 real sec
[M::process] read 72314 sequences (10000039 bp)...
[M::mem_process_seqs] Processed 72212 reads in 24.303 CPU sec, 25.811 real sec
[M::process] read 72162 sequences (10000123 bp)...
[M::mem_process_seqs] Processed 72314 reads in 29.484 CPU sec, 30.312 real sec
[M::process] read 71998 sequences (10000239 bp)...
[M::mem_process_seqs] Processed 72162 reads in 26.149 CPU sec, 27.682 real sec
[M::process] read 71904 sequences (10000061 bp)...
[M::mem_process_seqs] Processed 71998 reads in 25.067 CPU sec, 25.827 real sec
[M::process] read 71872 sequences (10000140 bp)...
[M::mem_process_seqs] Processed 71904 reads in 22.815 CPU sec, 23.509 real sec
[M::process] read 72078 sequences (10000240 bp)...
[M::mem_process_seqs] Processed 71872 reads in 29.852 CPU sec, 30.621 real sec
[M::process] read 72170 sequences (10000201 bp)...
[M::mem_process_seqs] Processed 72078 reads in 25.374 CPU sec, 26.600 real sec
[M::process] read 72046 sequences (10000276 bp)...
[M::mem_process_seqs] Processed 72170 reads in 27.433 CPU sec, 27.804 real sec
[M::process] read 72176 sequences (10000038 bp)...
[M::mem_process_seqs] Processed 72046 reads in 25.566 CPU sec, 26.224 real sec
[M::process] read 72124 sequences (10000071 bp)...
[M::mem_process_seqs] Processed 72176 reads in 26.066 CPU sec, 26.399 real sec
[M::process] read 72016 sequences (10000043 bp)...
[M::mem_process_seqs] Processed 72124 reads in 25.213 CPU sec, 26.311 real sec
[M::process] read 72030 sequences (10000043 bp)...
[M::mem_process_seqs] Processed 72016 reads in 26.636 CPU sec, 27.383 real sec
[M::process] read 71968 sequences (10000183 bp)...
[M::mem_process_seqs] Processed 72030 reads in 26.372 CPU sec, 27.316 real sec
[M::process] read 72306 sequences (10000205 bp)...
[M::mem_process_seqs] Processed 71968 reads in 24.607 CPU sec, 25.170 real sec
[M::process] read 72160 sequences (10000091 bp)...
[M::mem_process_seqs] Processed 72306 reads in 27.407 CPU sec, 29.395 real sec
[M::process] read 71520 sequences (10000045 bp)...
[M::mem_process_seqs] Processed 72160 reads in 26.256 CPU sec, 27.274 real sec
[M::process] read 71988 sequences (10000293 bp)...
[M::mem_process_seqs] Processed 71520 reads in 25.036 CPU sec, 25.718 real sec
[M::process] read 72050 sequences (10000280 bp)...
[M::mem_process_seqs] Processed 71988 reads in 25.529 CPU sec, 25.919 real sec
[M::process] read 72240 sequences (10000221 bp)...
[M::mem_process_seqs] Processed 72050 reads in 26.362 CPU sec, 27.239 real sec
[M::process] read 72198 sequences (10000019 bp)...
[M::mem_process_seqs] Processed 72240 reads in 27.737 CPU sec, 28.388 real sec
[M::process] read 72190 sequences (10000133 bp)...
[M::mem_process_seqs] Processed 72198 reads in 27.867 CPU sec, 28.350 real sec
[M::process] read 72230 sequences (10000109 bp)...
[M::mem_process_seqs] Processed 72190 reads in 26.709 CPU sec, 27.277 real sec
[M::process] read 71886 sequences (10000163 bp)...
[M::mem_process_seqs] Processed 72230 reads in 26.406 CPU sec, 26.749 real sec
[M::process] read 72000 sequences (10000219 bp)...
[M::mem_process_seqs] Processed 71886 reads in 27.284 CPU sec, 27.072 real sec
[M::process] read 72050 sequences (10000064 bp)...
[M::mem_process_seqs] Processed 72000 reads in 25.069 CPU sec, 24.998 real sec
[M::process] read 72088 sequences (10000233 bp)...
[M::mem_process_seqs] Processed 72050 reads in 26.217 CPU sec, 25.988 real sec
[M::process] read 72084 sequences (10000184 bp)...
[M::mem_process_seqs] Processed 72088 reads in 27.701 CPU sec, 28.281 real sec
[M::process] read 72240 sequences (10000031 bp)...
[M::mem_process_seqs] Processed 72084 reads in 24.167 CPU sec, 24.535 real sec
[M::process] read 72306 sequences (10000011 bp)...
[M::mem_process_seqs] Processed 72240 reads in 24.681 CPU sec, 25.361 real sec
[M::process] read 72216 sequences (10000151 bp)...
[M::mem_process_seqs] Processed 72306 reads in 24.535 CPU sec, 25.433 real sec
[M::process] read 32612 sequences (4601357 bp)...
[M::mem_process_seqs] Processed 72216 reads in 24.120 CPU sec, 25.209 real sec
[M::mem_process_seqs] Processed 32612 reads in 10.370 CPU sec, 10.991 real sec
[main] Version: 0.7.17-r1188
[main] CMD: bwa mem -L 5 -I 533.109,60.1675,613,366 -t 1 -a -M -T 30 -A 1 -B 4 -O 6 -R @RG\tID:Aen-Cbat_024-AeC01024_CKDL210012719-1a-AK5577-AK533_HF5TCDSX2_L1_clmp_fp2_repr\tSM:Aen-Cbat_024-AeC01024_CKDL210012719-1a-AK5577-AK533_HF5TCDSX2_L1_clmp_fp2_repr\tPL:Illumina reference.rad.baited-6-6.fasta Aen-Cbat_024-AeC01024_CKDL210012719-1a-AK5577-AK533_HF5TCDSX2_L1_clmp_fp2_repr.R1.fq.gz Aen-Cbat_024-AeC01024_CKDL210012719-1a-AK5577-AK533_HF5TCDSX2_L1_clmp_fp2_repr.R2.fq.gz
[main] Real time: 2769.950 sec; CPU: 2662.871 sec
