[M::main_mem] mean insert size: 533.109, stddev: 60.167, max: 613, min: 366
[M::bwa_idx_load_from_disk] read 0 ALT contigs
[M::process] read 73544 sequences (10000271 bp)...
[M::process] read 73018 sequences (10000245 bp)...
[M::mem_process_seqs] Processed 73544 reads in 25.750 CPU sec, 26.949 real sec
[M::process] read 73210 sequences (10000026 bp)...
[M::mem_process_seqs] Processed 73018 reads in 25.926 CPU sec, 26.743 real sec
[M::process] read 73684 sequences (10000217 bp)...
[M::mem_process_seqs] Processed 73210 reads in 23.900 CPU sec, 24.658 real sec
[M::process] read 72378 sequences (10000163 bp)...
[M::mem_process_seqs] Processed 73684 reads in 28.171 CPU sec, 29.069 real sec
[M::process] read 67794 sequences (10000084 bp)...
[M::mem_process_seqs] Processed 72378 reads in 24.213 CPU sec, 26.056 real sec
[M::process] read 68434 sequences (10000256 bp)...
[M::mem_process_seqs] Processed 67794 reads in 7.463 CPU sec, 7.822 real sec
[M::process] read 73184 sequences (10000064 bp)...
[M::mem_process_seqs] Processed 68434 reads in 7.953 CPU sec, 8.173 real sec
[M::process] read 72924 sequences (10000191 bp)...
[M::mem_process_seqs] Processed 73184 reads in 24.352 CPU sec, 25.160 real sec
[M::process] read 72866 sequences (10000026 bp)...
[M::mem_process_seqs] Processed 72924 reads in 25.344 CPU sec, 27.413 real sec
[M::process] read 73148 sequences (10000043 bp)...
[M::mem_process_seqs] Processed 72866 reads in 24.239 CPU sec, 24.785 real sec
[M::process] read 72924 sequences (10000108 bp)...
[M::mem_process_seqs] Processed 73148 reads in 25.039 CPU sec, 26.539 real sec
[M::process] read 73464 sequences (10000273 bp)...
[M::mem_process_seqs] Processed 72924 reads in 24.290 CPU sec, 25.639 real sec
[M::process] read 72892 sequences (10000029 bp)...
[M::mem_process_seqs] Processed 73464 reads in 27.473 CPU sec, 28.917 real sec
[M::process] read 73186 sequences (10000258 bp)...
[M::mem_process_seqs] Processed 72892 reads in 25.367 CPU sec, 26.960 real sec
[M::process] read 73016 sequences (10000230 bp)...
[M::mem_process_seqs] Processed 73186 reads in 26.424 CPU sec, 27.688 real sec
[M::process] read 72834 sequences (10000245 bp)...
[M::mem_process_seqs] Processed 73016 reads in 27.519 CPU sec, 29.376 real sec
[M::process] read 73242 sequences (10000181 bp)...
[M::mem_process_seqs] Processed 72834 reads in 31.724 CPU sec, 33.549 real sec
[M::process] read 73190 sequences (10000068 bp)...
[M::mem_process_seqs] Processed 73242 reads in 29.347 CPU sec, 30.418 real sec
[M::process] read 73088 sequences (10000016 bp)...
[M::mem_process_seqs] Processed 73190 reads in 24.760 CPU sec, 26.106 real sec
[M::process] read 73214 sequences (10000192 bp)...
[M::mem_process_seqs] Processed 73088 reads in 33.544 CPU sec, 35.956 real sec
[M::process] read 72550 sequences (10000113 bp)...
[M::mem_process_seqs] Processed 73214 reads in 30.075 CPU sec, 31.623 real sec
[M::process] read 73286 sequences (10000119 bp)...
[M::mem_process_seqs] Processed 72550 reads in 30.108 CPU sec, 32.823 real sec
[M::process] read 73076 sequences (10000154 bp)...
[M::mem_process_seqs] Processed 73286 reads in 27.337 CPU sec, 28.468 real sec
[M::process] read 72768 sequences (10000222 bp)...
[M::mem_process_seqs] Processed 73076 reads in 26.682 CPU sec, 27.712 real sec
[M::process] read 73060 sequences (10000068 bp)...
[M::mem_process_seqs] Processed 72768 reads in 26.883 CPU sec, 28.335 real sec
[M::process] read 73522 sequences (10000163 bp)...
[M::mem_process_seqs] Processed 73060 reads in 25.589 CPU sec, 26.632 real sec
[M::process] read 73220 sequences (10000281 bp)...
[M::mem_process_seqs] Processed 73522 reads in 40.757 CPU sec, 42.819 real sec
[M::process] read 71098 sequences (10000085 bp)...
[M::mem_process_seqs] Processed 73220 reads in 25.874 CPU sec, 27.339 real sec
[M::process] read 71848 sequences (10000081 bp)...
[M::mem_process_seqs] Processed 71098 reads in 17.002 CPU sec, 17.762 real sec
[M::process] read 73102 sequences (10000054 bp)...
[M::mem_process_seqs] Processed 71848 reads in 18.979 CPU sec, 20.346 real sec
[M::process] read 73270 sequences (10000108 bp)...
[M::mem_process_seqs] Processed 73102 reads in 23.966 CPU sec, 25.014 real sec
[M::process] read 72918 sequences (10000100 bp)...
[M::mem_process_seqs] Processed 73270 reads in 25.912 CPU sec, 26.918 real sec
[M::process] read 73208 sequences (10000282 bp)...
[M::mem_process_seqs] Processed 72918 reads in 28.496 CPU sec, 30.287 real sec
[M::process] read 72672 sequences (10000192 bp)...
[M::mem_process_seqs] Processed 73208 reads in 23.990 CPU sec, 25.136 real sec
[M::process] read 73020 sequences (10000038 bp)...
[M::mem_process_seqs] Processed 72672 reads in 25.198 CPU sec, 25.813 real sec
[M::process] read 72842 sequences (10000099 bp)...
[M::mem_process_seqs] Processed 73020 reads in 27.099 CPU sec, 28.874 real sec
[M::process] read 73008 sequences (10000006 bp)...
[M::mem_process_seqs] Processed 72842 reads in 25.364 CPU sec, 25.961 real sec
[M::process] read 72946 sequences (10000269 bp)...
[M::mem_process_seqs] Processed 73008 reads in 29.030 CPU sec, 31.576 real sec
[M::process] read 72562 sequences (10000228 bp)...
[M::mem_process_seqs] Processed 72946 reads in 24.530 CPU sec, 25.509 real sec
[M::process] read 72738 sequences (10000234 bp)...
[M::mem_process_seqs] Processed 72562 reads in 39.364 CPU sec, 40.105 real sec
[M::process] read 72680 sequences (10000042 bp)...
[M::mem_process_seqs] Processed 72738 reads in 25.883 CPU sec, 27.189 real sec
[M::process] read 73032 sequences (10000264 bp)...
[M::mem_process_seqs] Processed 72680 reads in 26.239 CPU sec, 27.678 real sec
[M::process] read 72904 sequences (10000084 bp)...
[M::mem_process_seqs] Processed 73032 reads in 26.271 CPU sec, 27.899 real sec
[M::process] read 73032 sequences (10000129 bp)...
[M::mem_process_seqs] Processed 72904 reads in 26.616 CPU sec, 28.269 real sec
[M::process] read 70442 sequences (10000082 bp)...
[M::mem_process_seqs] Processed 73032 reads in 25.422 CPU sec, 25.948 real sec
[M::process] read 67930 sequences (10000282 bp)...
[M::mem_process_seqs] Processed 70442 reads in 17.687 CPU sec, 18.262 real sec
[M::process] read 71192 sequences (10000123 bp)...
[M::mem_process_seqs] Processed 67930 reads in 7.005 CPU sec, 7.210 real sec
[M::process] read 73146 sequences (10000137 bp)...
[M::mem_process_seqs] Processed 71192 reads in 18.489 CPU sec, 18.964 real sec
[M::process] read 72596 sequences (10000188 bp)...
[M::mem_process_seqs] Processed 73146 reads in 24.657 CPU sec, 25.452 real sec
[M::process] read 73108 sequences (10000236 bp)...
[M::mem_process_seqs] Processed 72596 reads in 23.093 CPU sec, 24.006 real sec
[M::process] read 73048 sequences (10000108 bp)...
[M::mem_process_seqs] Processed 73108 reads in 27.454 CPU sec, 28.382 real sec
[M::process] read 72970 sequences (10000196 bp)...
[M::mem_process_seqs] Processed 73048 reads in 25.370 CPU sec, 27.502 real sec
[M::process] read 72904 sequences (10000245 bp)...
[M::mem_process_seqs] Processed 72970 reads in 25.317 CPU sec, 26.211 real sec
[M::process] read 72858 sequences (10000069 bp)...
[M::mem_process_seqs] Processed 72904 reads in 26.911 CPU sec, 27.889 real sec
[M::process] read 73318 sequences (10000276 bp)...
[M::mem_process_seqs] Processed 72858 reads in 35.194 CPU sec, 37.374 real sec
[M::process] read 73422 sequences (10000080 bp)...
[M::mem_process_seqs] Processed 73318 reads in 26.094 CPU sec, 27.222 real sec
[M::process] read 73406 sequences (10000054 bp)...
[M::mem_process_seqs] Processed 73422 reads in 26.014 CPU sec, 26.658 real sec
[M::process] read 73410 sequences (10000049 bp)...
[M::mem_process_seqs] Processed 73406 reads in 29.312 CPU sec, 32.090 real sec
[M::process] read 73064 sequences (10000242 bp)...
[M::mem_process_seqs] Processed 73410 reads in 24.705 CPU sec, 25.963 real sec
[M::process] read 72584 sequences (10000145 bp)...
[M::mem_process_seqs] Processed 73064 reads in 25.331 CPU sec, 27.822 real sec
[M::process] read 73316 sequences (10000180 bp)...
[M::mem_process_seqs] Processed 72584 reads in 35.827 CPU sec, 37.922 real sec
[M::process] read 72950 sequences (10000057 bp)...
[M::mem_process_seqs] Processed 73316 reads in 28.305 CPU sec, 30.464 real sec
[M::process] read 72878 sequences (10000243 bp)...
[M::mem_process_seqs] Processed 72950 reads in 25.841 CPU sec, 27.618 real sec
[M::process] read 73018 sequences (10000047 bp)...
[M::mem_process_seqs] Processed 72878 reads in 24.893 CPU sec, 25.584 real sec
[M::process] read 73194 sequences (10000173 bp)...
[M::mem_process_seqs] Processed 73018 reads in 26.373 CPU sec, 28.509 real sec
[M::process] read 72962 sequences (10000163 bp)...
[M::mem_process_seqs] Processed 73194 reads in 29.103 CPU sec, 30.735 real sec
[M::process] read 72688 sequences (10000218 bp)...
[M::mem_process_seqs] Processed 72962 reads in 26.423 CPU sec, 27.489 real sec
[M::process] read 72768 sequences (10000101 bp)...
[M::mem_process_seqs] Processed 72688 reads in 26.502 CPU sec, 27.101 real sec
[M::process] read 72996 sequences (10000169 bp)...
[M::mem_process_seqs] Processed 72768 reads in 29.528 CPU sec, 32.249 real sec
[M::process] read 73098 sequences (10000099 bp)...
[M::mem_process_seqs] Processed 72996 reads in 24.475 CPU sec, 25.495 real sec
[M::process] read 73166 sequences (10000221 bp)...
[M::mem_process_seqs] Processed 73098 reads in 24.620 CPU sec, 25.258 real sec
[M::process] read 73186 sequences (10000042 bp)...
[M::mem_process_seqs] Processed 73166 reads in 27.117 CPU sec, 27.720 real sec
[M::process] read 73302 sequences (10000086 bp)...
[M::mem_process_seqs] Processed 73186 reads in 26.335 CPU sec, 27.001 real sec
[M::process] read 72934 sequences (10000067 bp)...
[M::mem_process_seqs] Processed 73302 reads in 27.121 CPU sec, 27.685 real sec
[M::process] read 73046 sequences (10000262 bp)...
[M::mem_process_seqs] Processed 72934 reads in 24.932 CPU sec, 26.339 real sec
[M::process] read 72802 sequences (10000069 bp)...
[M::mem_process_seqs] Processed 73046 reads in 25.244 CPU sec, 25.449 real sec
[M::process] read 73060 sequences (10000147 bp)...
[M::mem_process_seqs] Processed 72802 reads in 24.810 CPU sec, 25.463 real sec
[M::process] read 72972 sequences (10000155 bp)...
[M::mem_process_seqs] Processed 73060 reads in 26.049 CPU sec, 27.818 real sec
[M::process] read 72906 sequences (10000257 bp)...
[M::mem_process_seqs] Processed 72972 reads in 25.293 CPU sec, 27.274 real sec
[M::process] read 73042 sequences (10000270 bp)...
[M::mem_process_seqs] Processed 72906 reads in 27.233 CPU sec, 28.478 real sec
[M::process] read 73048 sequences (10000056 bp)...
[M::mem_process_seqs] Processed 73042 reads in 26.423 CPU sec, 27.306 real sec
[M::process] read 73312 sequences (10000057 bp)...
[M::mem_process_seqs] Processed 73048 reads in 28.836 CPU sec, 31.769 real sec
[M::process] read 73100 sequences (10000063 bp)...
[M::mem_process_seqs] Processed 73312 reads in 25.102 CPU sec, 26.113 real sec
[M::process] read 72980 sequences (10000106 bp)...
[M::mem_process_seqs] Processed 73100 reads in 26.151 CPU sec, 27.357 real sec
[M::process] read 72968 sequences (10000165 bp)...
[M::mem_process_seqs] Processed 72980 reads in 25.284 CPU sec, 26.526 real sec
[M::process] read 73228 sequences (10000131 bp)...
[M::mem_process_seqs] Processed 72968 reads in 37.277 CPU sec, 38.446 real sec
[M::process] read 72676 sequences (10000101 bp)...
[M::mem_process_seqs] Processed 73228 reads in 28.577 CPU sec, 29.141 real sec
[M::process] read 73020 sequences (10000087 bp)...
[M::mem_process_seqs] Processed 72676 reads in 30.258 CPU sec, 31.054 real sec
[M::process] read 72896 sequences (10000221 bp)...
[M::mem_process_seqs] Processed 73020 reads in 24.932 CPU sec, 26.138 real sec
[M::process] read 73116 sequences (10000082 bp)...
[M::mem_process_seqs] Processed 72896 reads in 29.227 CPU sec, 30.745 real sec
[M::process] read 73142 sequences (10000160 bp)...
[M::mem_process_seqs] Processed 73116 reads in 25.704 CPU sec, 26.620 real sec
[M::process] read 72262 sequences (10000210 bp)...
[M::mem_process_seqs] Processed 73142 reads in 25.944 CPU sec, 27.569 real sec
[M::process] read 73300 sequences (10000178 bp)...
[M::mem_process_seqs] Processed 72262 reads in 33.486 CPU sec, 35.324 real sec
[M::process] read 73266 sequences (10000101 bp)...
[M::mem_process_seqs] Processed 73300 reads in 25.845 CPU sec, 26.889 real sec
[M::process] read 73258 sequences (10000204 bp)...
[M::mem_process_seqs] Processed 73266 reads in 25.873 CPU sec, 28.063 real sec
[M::process] read 73122 sequences (10000024 bp)...
[M::mem_process_seqs] Processed 73258 reads in 24.512 CPU sec, 26.572 real sec
[M::process] read 73126 sequences (10000082 bp)...
[M::mem_process_seqs] Processed 73122 reads in 24.764 CPU sec, 25.669 real sec
[M::process] read 73016 sequences (10000177 bp)...
[M::mem_process_seqs] Processed 73126 reads in 24.768 CPU sec, 25.837 real sec
[M::process] read 73068 sequences (10000213 bp)...
[M::mem_process_seqs] Processed 73016 reads in 34.213 CPU sec, 35.749 real sec
[M::process] read 73116 sequences (10000113 bp)...
[M::mem_process_seqs] Processed 73068 reads in 31.064 CPU sec, 33.014 real sec
[M::process] read 73022 sequences (10000043 bp)...
[M::mem_process_seqs] Processed 73116 reads in 25.453 CPU sec, 26.201 real sec
[M::process] read 73302 sequences (10000243 bp)...
[M::mem_process_seqs] Processed 73022 reads in 29.870 CPU sec, 31.455 real sec
[M::process] read 73176 sequences (10000207 bp)...
[M::mem_process_seqs] Processed 73302 reads in 25.208 CPU sec, 25.934 real sec
[M::process] read 73022 sequences (10000045 bp)...
[M::mem_process_seqs] Processed 73176 reads in 24.323 CPU sec, 25.698 real sec
[M::process] read 72912 sequences (10000063 bp)...
[M::mem_process_seqs] Processed 73022 reads in 25.372 CPU sec, 26.851 real sec
[M::process] read 73246 sequences (10000248 bp)...
[M::mem_process_seqs] Processed 72912 reads in 28.270 CPU sec, 29.558 real sec
[M::process] read 73210 sequences (10000130 bp)...
[M::mem_process_seqs] Processed 73246 reads in 25.220 CPU sec, 27.065 real sec
[M::process] read 72850 sequences (10000109 bp)...
[M::mem_process_seqs] Processed 73210 reads in 26.786 CPU sec, 28.343 real sec
[M::process] read 72792 sequences (10000051 bp)...
[M::mem_process_seqs] Processed 72850 reads in 24.914 CPU sec, 26.011 real sec
[M::process] read 73422 sequences (10000031 bp)...
[M::mem_process_seqs] Processed 72792 reads in 24.681 CPU sec, 26.706 real sec
[M::process] read 73656 sequences (10000184 bp)...
[M::mem_process_seqs] Processed 73422 reads in 26.222 CPU sec, 26.598 real sec
[M::process] read 73184 sequences (10000106 bp)...
[M::mem_process_seqs] Processed 73656 reads in 25.707 CPU sec, 26.918 real sec
[M::process] read 72618 sequences (10000138 bp)...
[M::mem_process_seqs] Processed 73184 reads in 24.376 CPU sec, 25.362 real sec
[M::process] read 73058 sequences (10000203 bp)...
[M::mem_process_seqs] Processed 72618 reads in 27.192 CPU sec, 28.001 real sec
[M::process] read 73166 sequences (10000104 bp)...
[M::mem_process_seqs] Processed 73058 reads in 28.010 CPU sec, 28.863 real sec
[M::process] read 73538 sequences (10000081 bp)...
[M::mem_process_seqs] Processed 73166 reads in 27.485 CPU sec, 28.401 real sec
[M::process] read 73542 sequences (10000207 bp)...
[M::mem_process_seqs] Processed 73538 reads in 32.474 CPU sec, 33.164 real sec
[M::process] read 72996 sequences (10000109 bp)...
[M::mem_process_seqs] Processed 73542 reads in 24.542 CPU sec, 25.924 real sec
[M::process] read 72770 sequences (10000222 bp)...
[M::mem_process_seqs] Processed 72996 reads in 24.512 CPU sec, 24.868 real sec
[M::process] read 73036 sequences (10000206 bp)...
[M::mem_process_seqs] Processed 72770 reads in 24.174 CPU sec, 24.732 real sec
[M::process] read 73336 sequences (10000102 bp)...
[M::mem_process_seqs] Processed 73036 reads in 25.525 CPU sec, 26.329 real sec
[M::process] read 72858 sequences (10000281 bp)...
[M::mem_process_seqs] Processed 73336 reads in 32.038 CPU sec, 33.183 real sec
[M::process] read 72798 sequences (10000013 bp)...
[M::mem_process_seqs] Processed 72858 reads in 33.699 CPU sec, 35.041 real sec
[M::process] read 73240 sequences (10000045 bp)...
[M::mem_process_seqs] Processed 72798 reads in 24.453 CPU sec, 25.525 real sec
[M::process] read 72974 sequences (10000251 bp)...
[M::mem_process_seqs] Processed 73240 reads in 31.701 CPU sec, 32.957 real sec
[M::process] read 73084 sequences (10000036 bp)...
[M::mem_process_seqs] Processed 72974 reads in 27.426 CPU sec, 28.457 real sec
[M::process] read 72928 sequences (10000088 bp)...
[M::mem_process_seqs] Processed 73084 reads in 23.943 CPU sec, 24.613 real sec
[M::process] read 72772 sequences (10000244 bp)...
[M::mem_process_seqs] Processed 72928 reads in 26.013 CPU sec, 27.101 real sec
[M::process] read 73272 sequences (10000029 bp)...
[M::mem_process_seqs] Processed 72772 reads in 27.740 CPU sec, 28.666 real sec
[M::process] read 73024 sequences (10000154 bp)...
[M::mem_process_seqs] Processed 73272 reads in 26.195 CPU sec, 27.116 real sec
[M::process] read 73030 sequences (10000278 bp)...
[M::mem_process_seqs] Processed 73024 reads in 25.733 CPU sec, 27.096 real sec
[M::process] read 73038 sequences (10000262 bp)...
[M::mem_process_seqs] Processed 73030 reads in 25.834 CPU sec, 26.433 real sec
[M::process] read 73028 sequences (10000223 bp)...
[M::mem_process_seqs] Processed 73038 reads in 25.744 CPU sec, 26.999 real sec
[M::process] read 72868 sequences (10000054 bp)...
[M::mem_process_seqs] Processed 73028 reads in 25.492 CPU sec, 26.628 real sec
[M::process] read 72846 sequences (10000048 bp)...
[M::mem_process_seqs] Processed 72868 reads in 25.791 CPU sec, 27.340 real sec
[M::process] read 73300 sequences (10000207 bp)...
[M::mem_process_seqs] Processed 72846 reads in 25.161 CPU sec, 26.126 real sec
[M::process] read 72924 sequences (10000124 bp)...
[M::mem_process_seqs] Processed 73300 reads in 25.736 CPU sec, 25.665 real sec
[M::process] read 68796 sequences (10000054 bp)...
[M::mem_process_seqs] Processed 72924 reads in 27.955 CPU sec, 28.203 real sec
[M::process] read 72924 sequences (10000032 bp)...
[M::mem_process_seqs] Processed 68796 reads in 9.587 CPU sec, 10.062 real sec
[M::process] read 73238 sequences (10000113 bp)...
[M::mem_process_seqs] Processed 72924 reads in 27.894 CPU sec, 28.943 real sec
[M::process] read 73302 sequences (10000192 bp)...
[M::mem_process_seqs] Processed 73238 reads in 24.529 CPU sec, 25.575 real sec
[M::process] read 72806 sequences (10000070 bp)...
[M::mem_process_seqs] Processed 73302 reads in 25.287 CPU sec, 26.735 real sec
[M::process] read 73068 sequences (10000081 bp)...
[M::mem_process_seqs] Processed 72806 reads in 27.425 CPU sec, 28.752 real sec
[M::process] read 73076 sequences (10000201 bp)...
[M::mem_process_seqs] Processed 73068 reads in 26.876 CPU sec, 27.048 real sec
[M::process] read 73450 sequences (10000109 bp)...
[M::mem_process_seqs] Processed 73076 reads in 26.342 CPU sec, 27.223 real sec
[M::process] read 73222 sequences (10000097 bp)...
[M::mem_process_seqs] Processed 73450 reads in 28.901 CPU sec, 29.737 real sec
[M::process] read 72782 sequences (10000080 bp)...
[M::mem_process_seqs] Processed 73222 reads in 29.339 CPU sec, 29.575 real sec
[M::process] read 73458 sequences (10000021 bp)...
[M::mem_process_seqs] Processed 72782 reads in 27.223 CPU sec, 27.970 real sec
[M::process] read 72812 sequences (10000054 bp)...
[M::mem_process_seqs] Processed 73458 reads in 27.345 CPU sec, 29.168 real sec
[M::process] read 73030 sequences (10000074 bp)...
[M::mem_process_seqs] Processed 72812 reads in 25.185 CPU sec, 26.371 real sec
[M::process] read 72932 sequences (10000096 bp)...
[M::mem_process_seqs] Processed 73030 reads in 26.043 CPU sec, 26.695 real sec
[M::process] read 72868 sequences (10000076 bp)...
[M::mem_process_seqs] Processed 72932 reads in 24.555 CPU sec, 25.518 real sec
[M::process] read 72752 sequences (10000237 bp)...
[M::mem_process_seqs] Processed 72868 reads in 27.662 CPU sec, 27.934 real sec
[M::process] read 72818 sequences (10000079 bp)...
[M::mem_process_seqs] Processed 72752 reads in 29.758 CPU sec, 30.237 real sec
[M::process] read 73306 sequences (10000026 bp)...
[M::mem_process_seqs] Processed 72818 reads in 26.080 CPU sec, 26.051 real sec
[M::process] read 72768 sequences (10000110 bp)...
[M::mem_process_seqs] Processed 73306 reads in 25.361 CPU sec, 25.616 real sec
[M::process] read 72984 sequences (10000074 bp)...
[M::mem_process_seqs] Processed 72768 reads in 25.178 CPU sec, 25.664 real sec
[M::process] read 73094 sequences (10000286 bp)...
[M::mem_process_seqs] Processed 72984 reads in 28.251 CPU sec, 29.560 real sec
[M::process] read 72870 sequences (10000025 bp)...
[M::mem_process_seqs] Processed 73094 reads in 28.721 CPU sec, 29.150 real sec
[M::process] read 73224 sequences (10000278 bp)...
[M::mem_process_seqs] Processed 72870 reads in 28.500 CPU sec, 28.897 real sec
[M::process] read 72936 sequences (10000083 bp)...
[M::mem_process_seqs] Processed 73224 reads in 24.799 CPU sec, 26.098 real sec
[M::process] read 73154 sequences (10000162 bp)...
[M::mem_process_seqs] Processed 72936 reads in 29.344 CPU sec, 30.037 real sec
[M::process] read 73430 sequences (10000125 bp)...
[M::mem_process_seqs] Processed 73154 reads in 24.925 CPU sec, 25.577 real sec
[M::process] read 72824 sequences (10000082 bp)...
[M::mem_process_seqs] Processed 73430 reads in 27.537 CPU sec, 27.573 real sec
[M::process] read 72942 sequences (10000168 bp)...
[M::mem_process_seqs] Processed 72824 reads in 26.425 CPU sec, 26.818 real sec
[M::process] read 72924 sequences (10000267 bp)...
[M::mem_process_seqs] Processed 72942 reads in 28.034 CPU sec, 28.090 real sec
[M::process] read 73172 sequences (10000283 bp)...
[M::mem_process_seqs] Processed 72924 reads in 24.850 CPU sec, 24.823 real sec
[M::process] read 73268 sequences (10000102 bp)...
[M::mem_process_seqs] Processed 73172 reads in 27.110 CPU sec, 27.381 real sec
[M::process] read 72936 sequences (10000119 bp)...
[M::mem_process_seqs] Processed 73268 reads in 25.603 CPU sec, 26.373 real sec
[M::process] read 72936 sequences (10000276 bp)...
[M::mem_process_seqs] Processed 72936 reads in 25.178 CPU sec, 25.399 real sec
[M::process] read 73236 sequences (10000213 bp)...
[M::mem_process_seqs] Processed 72936 reads in 26.191 CPU sec, 26.788 real sec
[M::process] read 73254 sequences (10000138 bp)...
[M::mem_process_seqs] Processed 73236 reads in 27.658 CPU sec, 28.086 real sec
[M::process] read 73026 sequences (10000072 bp)...
[M::mem_process_seqs] Processed 73254 reads in 28.694 CPU sec, 29.772 real sec
[M::process] read 73056 sequences (10000205 bp)...
[M::mem_process_seqs] Processed 73026 reads in 27.775 CPU sec, 28.428 real sec
[M::process] read 72006 sequences (10000091 bp)...
[M::mem_process_seqs] Processed 73056 reads in 24.795 CPU sec, 26.531 real sec
[M::process] read 72882 sequences (10000106 bp)...
[M::mem_process_seqs] Processed 72006 reads in 24.511 CPU sec, 25.544 real sec
[M::process] read 72710 sequences (10000181 bp)...
[M::mem_process_seqs] Processed 72882 reads in 25.074 CPU sec, 25.994 real sec
[M::process] read 72918 sequences (10000115 bp)...
[M::mem_process_seqs] Processed 72710 reads in 25.568 CPU sec, 26.184 real sec
[M::process] read 73014 sequences (10000206 bp)...
[M::mem_process_seqs] Processed 72918 reads in 25.277 CPU sec, 26.498 real sec
[M::process] read 73108 sequences (10000025 bp)...
[M::mem_process_seqs] Processed 73014 reads in 25.482 CPU sec, 26.608 real sec
[M::process] read 72924 sequences (10000136 bp)...
[M::mem_process_seqs] Processed 73108 reads in 25.515 CPU sec, 25.764 real sec
[M::process] read 73262 sequences (10000211 bp)...
[M::mem_process_seqs] Processed 72924 reads in 28.905 CPU sec, 29.647 real sec
[M::process] read 73042 sequences (10000284 bp)...
[M::mem_process_seqs] Processed 73262 reads in 33.689 CPU sec, 35.278 real sec
[M::process] read 73228 sequences (10000092 bp)...
[M::mem_process_seqs] Processed 73042 reads in 24.843 CPU sec, 25.326 real sec
[M::process] read 72986 sequences (10000013 bp)...
[M::mem_process_seqs] Processed 73228 reads in 27.434 CPU sec, 28.106 real sec
[M::process] read 72998 sequences (10000061 bp)...
[M::mem_process_seqs] Processed 72986 reads in 25.642 CPU sec, 27.003 real sec
[M::process] read 73292 sequences (10000212 bp)...
[M::mem_process_seqs] Processed 72998 reads in 26.309 CPU sec, 27.537 real sec
[M::process] read 72978 sequences (10000059 bp)...
[M::mem_process_seqs] Processed 73292 reads in 28.109 CPU sec, 29.132 real sec
[M::process] read 73030 sequences (10000191 bp)...
[M::mem_process_seqs] Processed 72978 reads in 26.582 CPU sec, 27.838 real sec
[M::process] read 72716 sequences (10000059 bp)...
[M::mem_process_seqs] Processed 73030 reads in 24.797 CPU sec, 25.070 real sec
[M::process] read 72430 sequences (10000048 bp)...
[M::mem_process_seqs] Processed 72716 reads in 34.298 CPU sec, 35.260 real sec
[M::process] read 73478 sequences (10000046 bp)...
[M::mem_process_seqs] Processed 72430 reads in 24.244 CPU sec, 25.364 real sec
[M::process] read 72894 sequences (10000238 bp)...
[M::mem_process_seqs] Processed 73478 reads in 27.337 CPU sec, 28.202 real sec
[M::process] read 72718 sequences (10000113 bp)...
[M::mem_process_seqs] Processed 72894 reads in 23.360 CPU sec, 25.150 real sec
[M::process] read 73078 sequences (10000191 bp)...
[M::mem_process_seqs] Processed 72718 reads in 29.660 CPU sec, 31.150 real sec
[M::process] read 72972 sequences (10000158 bp)...
[M::mem_process_seqs] Processed 73078 reads in 29.139 CPU sec, 30.847 real sec
[M::process] read 72970 sequences (10000166 bp)...
[M::mem_process_seqs] Processed 72972 reads in 25.976 CPU sec, 27.809 real sec
[M::process] read 73054 sequences (10000056 bp)...
[M::mem_process_seqs] Processed 72970 reads in 25.367 CPU sec, 26.665 real sec
[M::process] read 72924 sequences (10000163 bp)...
[M::mem_process_seqs] Processed 73054 reads in 25.122 CPU sec, 26.395 real sec
[M::process] read 73106 sequences (10000208 bp)...
[M::mem_process_seqs] Processed 72924 reads in 26.912 CPU sec, 28.275 real sec
[M::process] read 73114 sequences (10000110 bp)...
[M::mem_process_seqs] Processed 73106 reads in 25.042 CPU sec, 25.930 real sec
[M::process] read 73310 sequences (10000159 bp)...
[M::mem_process_seqs] Processed 73114 reads in 24.877 CPU sec, 25.722 real sec
[M::process] read 72982 sequences (10000140 bp)...
[M::mem_process_seqs] Processed 73310 reads in 25.304 CPU sec, 26.814 real sec
[M::process] read 73040 sequences (10000251 bp)...
[M::mem_process_seqs] Processed 72982 reads in 24.303 CPU sec, 25.719 real sec
[M::process] read 24610 sequences (3504860 bp)...
[M::mem_process_seqs] Processed 73040 reads in 24.279 CPU sec, 26.167 real sec
[M::mem_process_seqs] Processed 24610 reads in 7.691 CPU sec, 8.348 real sec
[main] Version: 0.7.17-r1188
[main] CMD: bwa mem -L 5 -I 533.109,60.1675,613,366 -t 1 -a -M -T 30 -A 1 -B 4 -O 6 -R @RG\tID:Aen-Cbat_002-AeC01002_CKDL210012719-1a-AK7758-AK533_HF5TCDSX2_L1_clmp_fp2_repr\tSM:Aen-Cbat_002-AeC01002_CKDL210012719-1a-AK7758-AK533_HF5TCDSX2_L1_clmp_fp2_repr\tPL:Illumina reference.rad.baited-6-6.fasta Aen-Cbat_002-AeC01002_CKDL210012719-1a-AK7758-AK533_HF5TCDSX2_L1_clmp_fp2_repr.R1.fq.gz Aen-Cbat_002-AeC01002_CKDL210012719-1a-AK7758-AK533_HF5TCDSX2_L1_clmp_fp2_repr.R2.fq.gz
[main] Real time: 5639.225 sec; CPU: 5409.278 sec
