[M::main_mem] mean insert size: 533.109, stddev: 60.167, max: 613, min: 366
[M::bwa_idx_load_from_disk] read 0 ALT contigs
[M::process] read 72856 sequences (10000166 bp)...
[M::process] read 72920 sequences (10000144 bp)...
[M::mem_process_seqs] Processed 72856 reads in 26.090 CPU sec, 26.626 real sec
[M::process] read 72890 sequences (10000242 bp)...
[M::mem_process_seqs] Processed 72920 reads in 26.105 CPU sec, 27.263 real sec
[M::process] read 71418 sequences (10000268 bp)...
[M::mem_process_seqs] Processed 72890 reads in 24.748 CPU sec, 25.241 real sec
[M::process] read 67744 sequences (10000048 bp)...
[M::mem_process_seqs] Processed 71418 reads in 23.623 CPU sec, 24.055 real sec
[M::process] read 70716 sequences (10000033 bp)...
[M::mem_process_seqs] Processed 67744 reads in 7.360 CPU sec, 7.285 real sec
[M::process] read 72616 sequences (10000087 bp)...
[M::mem_process_seqs] Processed 70716 reads in 16.675 CPU sec, 16.831 real sec
[M::process] read 72736 sequences (10000159 bp)...
[M::mem_process_seqs] Processed 72616 reads in 24.594 CPU sec, 25.638 real sec
[M::process] read 72366 sequences (10000213 bp)...
[M::mem_process_seqs] Processed 72736 reads in 25.729 CPU sec, 26.974 real sec
[M::process] read 72554 sequences (10000102 bp)...
[M::mem_process_seqs] Processed 72366 reads in 25.736 CPU sec, 26.725 real sec
[M::process] read 72878 sequences (10000011 bp)...
[M::mem_process_seqs] Processed 72554 reads in 24.974 CPU sec, 26.653 real sec
[M::process] read 72480 sequences (10000106 bp)...
[M::mem_process_seqs] Processed 72878 reads in 27.997 CPU sec, 29.173 real sec
[M::process] read 72688 sequences (10000293 bp)...
[M::mem_process_seqs] Processed 72480 reads in 25.594 CPU sec, 27.099 real sec
[M::process] read 72504 sequences (10000189 bp)...
[M::mem_process_seqs] Processed 72688 reads in 26.196 CPU sec, 26.064 real sec
[M::process] read 72854 sequences (10000199 bp)...
[M::mem_process_seqs] Processed 72504 reads in 27.333 CPU sec, 27.490 real sec
[M::process] read 72658 sequences (10000005 bp)...
[M::mem_process_seqs] Processed 72854 reads in 34.734 CPU sec, 36.204 real sec
[M::process] read 72552 sequences (10000282 bp)...
[M::mem_process_seqs] Processed 72658 reads in 25.088 CPU sec, 25.747 real sec
[M::process] read 73046 sequences (10000040 bp)...
[M::mem_process_seqs] Processed 72552 reads in 25.750 CPU sec, 26.679 real sec
[M::process] read 72232 sequences (10000208 bp)...
[M::mem_process_seqs] Processed 73046 reads in 37.837 CPU sec, 39.397 real sec
[M::process] read 72946 sequences (10000225 bp)...
[M::mem_process_seqs] Processed 72232 reads in 29.544 CPU sec, 30.751 real sec
[M::process] read 72698 sequences (10000002 bp)...
[M::mem_process_seqs] Processed 72946 reads in 29.339 CPU sec, 30.426 real sec
[M::process] read 72286 sequences (10000043 bp)...
[M::mem_process_seqs] Processed 72698 reads in 27.778 CPU sec, 28.579 real sec
[M::process] read 73004 sequences (10000139 bp)...
[M::mem_process_seqs] Processed 72286 reads in 25.994 CPU sec, 27.939 real sec
[M::process] read 72616 sequences (10000289 bp)...
[M::mem_process_seqs] Processed 73004 reads in 28.080 CPU sec, 28.883 real sec
[M::process] read 70712 sequences (10000278 bp)...
[M::mem_process_seqs] Processed 72616 reads in 37.891 CPU sec, 40.160 real sec
[M::process] read 72188 sequences (10000279 bp)...
[M::mem_process_seqs] Processed 70712 reads in 15.890 CPU sec, 16.194 real sec
[M::process] read 72648 sequences (10000135 bp)...
[M::mem_process_seqs] Processed 72188 reads in 22.291 CPU sec, 23.294 real sec
[M::process] read 72730 sequences (10000195 bp)...
[M::mem_process_seqs] Processed 72648 reads in 24.289 CPU sec, 25.865 real sec
[M::process] read 72566 sequences (10000145 bp)...
[M::mem_process_seqs] Processed 72730 reads in 28.729 CPU sec, 29.979 real sec
[M::process] read 72336 sequences (10000074 bp)...
[M::mem_process_seqs] Processed 72566 reads in 25.413 CPU sec, 27.883 real sec
[M::process] read 72430 sequences (10000119 bp)...
[M::mem_process_seqs] Processed 72336 reads in 25.750 CPU sec, 26.730 real sec
[M::process] read 72552 sequences (10000040 bp)...
[M::mem_process_seqs] Processed 72430 reads in 26.953 CPU sec, 29.364 real sec
[M::process] read 72554 sequences (10000109 bp)...
[M::mem_process_seqs] Processed 72552 reads in 26.816 CPU sec, 27.284 real sec
[M::process] read 72110 sequences (10000068 bp)...
[M::mem_process_seqs] Processed 72554 reads in 28.493 CPU sec, 30.288 real sec
[M::process] read 72670 sequences (10000205 bp)...
[M::mem_process_seqs] Processed 72110 reads in 32.852 CPU sec, 34.712 real sec
[M::process] read 72254 sequences (10000117 bp)...
[M::mem_process_seqs] Processed 72670 reads in 30.726 CPU sec, 33.838 real sec
[M::process] read 72608 sequences (10000083 bp)...
[M::mem_process_seqs] Processed 72254 reads in 27.610 CPU sec, 28.790 real sec
[M::process] read 72396 sequences (10000045 bp)...
[M::mem_process_seqs] Processed 72608 reads in 26.676 CPU sec, 27.469 real sec
[M::process] read 72742 sequences (10000262 bp)...
[M::mem_process_seqs] Processed 72396 reads in 27.026 CPU sec, 28.631 real sec
[M::process] read 67892 sequences (10000289 bp)...
[M::mem_process_seqs] Processed 72742 reads in 27.298 CPU sec, 28.388 real sec
[M::process] read 69638 sequences (10000163 bp)...
[M::mem_process_seqs] Processed 67892 reads in 7.440 CPU sec, 7.583 real sec
[M::process] read 72648 sequences (10000080 bp)...
[M::mem_process_seqs] Processed 69638 reads in 13.894 CPU sec, 14.295 real sec
[M::process] read 72558 sequences (10000110 bp)...
[M::mem_process_seqs] Processed 72648 reads in 25.651 CPU sec, 28.205 real sec
[M::process] read 72502 sequences (10000058 bp)...
[M::mem_process_seqs] Processed 72558 reads in 24.695 CPU sec, 25.709 real sec
[M::process] read 72582 sequences (10000084 bp)...
[M::mem_process_seqs] Processed 72502 reads in 24.226 CPU sec, 25.720 real sec
[M::process] read 72594 sequences (10000278 bp)...
[M::mem_process_seqs] Processed 72582 reads in 28.629 CPU sec, 30.040 real sec
[M::process] read 72418 sequences (10000004 bp)...
[M::mem_process_seqs] Processed 72594 reads in 25.280 CPU sec, 26.163 real sec
[M::process] read 72728 sequences (10000181 bp)...
[M::mem_process_seqs] Processed 72418 reads in 37.269 CPU sec, 38.965 real sec
[M::process] read 72870 sequences (10000091 bp)...
[M::mem_process_seqs] Processed 72728 reads in 26.816 CPU sec, 28.904 real sec
[M::process] read 73010 sequences (10000179 bp)...
[M::mem_process_seqs] Processed 72870 reads in 26.556 CPU sec, 28.318 real sec
[M::process] read 72978 sequences (10000209 bp)...
[M::mem_process_seqs] Processed 73010 reads in 28.408 CPU sec, 29.476 real sec
[M::process] read 72566 sequences (10000142 bp)...
[M::mem_process_seqs] Processed 72978 reads in 26.822 CPU sec, 27.312 real sec
[M::process] read 72156 sequences (10000150 bp)...
[M::mem_process_seqs] Processed 72566 reads in 25.041 CPU sec, 27.575 real sec
[M::process] read 72802 sequences (10000038 bp)...
[M::mem_process_seqs] Processed 72156 reads in 37.631 CPU sec, 39.020 real sec
[M::process] read 72186 sequences (10000260 bp)...
[M::mem_process_seqs] Processed 72802 reads in 26.742 CPU sec, 28.522 real sec
[M::process] read 72652 sequences (10000227 bp)...
[M::mem_process_seqs] Processed 72186 reads in 25.337 CPU sec, 27.208 real sec
[M::process] read 72744 sequences (10000175 bp)...
[M::mem_process_seqs] Processed 72652 reads in 27.203 CPU sec, 29.916 real sec
[M::process] read 72782 sequences (10000254 bp)...
[M::mem_process_seqs] Processed 72744 reads in 27.870 CPU sec, 30.058 real sec
[M::process] read 72232 sequences (10000029 bp)...
[M::mem_process_seqs] Processed 72782 reads in 27.806 CPU sec, 28.775 real sec
[M::process] read 72394 sequences (10000072 bp)...
[M::mem_process_seqs] Processed 72232 reads in 25.832 CPU sec, 27.200 real sec
[M::process] read 72664 sequences (10000279 bp)...
[M::mem_process_seqs] Processed 72394 reads in 29.134 CPU sec, 29.622 real sec
[M::process] read 72408 sequences (10000100 bp)...
[M::mem_process_seqs] Processed 72664 reads in 25.684 CPU sec, 25.657 real sec
[M::process] read 72764 sequences (10000276 bp)...
[M::mem_process_seqs] Processed 72408 reads in 27.875 CPU sec, 28.196 real sec
[M::process] read 72620 sequences (10000055 bp)...
[M::mem_process_seqs] Processed 72764 reads in 27.894 CPU sec, 29.107 real sec
[M::process] read 72542 sequences (10000079 bp)...
[M::mem_process_seqs] Processed 72620 reads in 27.722 CPU sec, 28.509 real sec
[M::process] read 72486 sequences (10000269 bp)...
[M::mem_process_seqs] Processed 72542 reads in 24.947 CPU sec, 24.938 real sec
[M::process] read 72326 sequences (10000112 bp)...
[M::mem_process_seqs] Processed 72486 reads in 25.548 CPU sec, 25.557 real sec
[M::process] read 72848 sequences (10000274 bp)...
[M::mem_process_seqs] Processed 72326 reads in 26.211 CPU sec, 26.448 real sec
[M::process] read 72270 sequences (10000286 bp)...
[M::mem_process_seqs] Processed 72848 reads in 25.580 CPU sec, 26.189 real sec
[M::process] read 72630 sequences (10000218 bp)...
[M::mem_process_seqs] Processed 72270 reads in 26.806 CPU sec, 27.982 real sec
[M::process] read 72520 sequences (10000147 bp)...
[M::mem_process_seqs] Processed 72630 reads in 26.615 CPU sec, 27.876 real sec
[M::process] read 72924 sequences (10000064 bp)...
[M::mem_process_seqs] Processed 72520 reads in 28.813 CPU sec, 29.751 real sec
[M::process] read 72608 sequences (10000298 bp)...
[M::mem_process_seqs] Processed 72924 reads in 25.005 CPU sec, 25.990 real sec
[M::process] read 72494 sequences (10000039 bp)...
[M::mem_process_seqs] Processed 72608 reads in 24.850 CPU sec, 25.612 real sec
[M::process] read 72566 sequences (10000197 bp)...
[M::mem_process_seqs] Processed 72494 reads in 26.862 CPU sec, 27.707 real sec
[M::process] read 72314 sequences (10000279 bp)...
[M::mem_process_seqs] Processed 72566 reads in 35.403 CPU sec, 36.114 real sec
[M::process] read 72696 sequences (10000145 bp)...
[M::mem_process_seqs] Processed 72314 reads in 33.974 CPU sec, 35.652 real sec
[M::process] read 72502 sequences (10000000 bp)...
[M::mem_process_seqs] Processed 72696 reads in 25.219 CPU sec, 25.705 real sec
[M::process] read 72592 sequences (10000026 bp)...
[M::mem_process_seqs] Processed 72502 reads in 29.040 CPU sec, 30.360 real sec
[M::process] read 72798 sequences (10000246 bp)...
[M::mem_process_seqs] Processed 72592 reads in 27.008 CPU sec, 27.594 real sec
[M::process] read 71916 sequences (10000026 bp)...
[M::mem_process_seqs] Processed 72798 reads in 26.060 CPU sec, 26.953 real sec
[M::process] read 72950 sequences (10000118 bp)...
[M::mem_process_seqs] Processed 71916 reads in 34.083 CPU sec, 35.908 real sec
[M::process] read 72860 sequences (10000157 bp)...
[M::mem_process_seqs] Processed 72950 reads in 25.902 CPU sec, 27.404 real sec
[M::process] read 72712 sequences (10000296 bp)...
[M::mem_process_seqs] Processed 72860 reads in 26.147 CPU sec, 27.647 real sec
[M::process] read 72758 sequences (10000129 bp)...
[M::mem_process_seqs] Processed 72712 reads in 25.596 CPU sec, 26.394 real sec
[M::process] read 72570 sequences (10000296 bp)...
[M::mem_process_seqs] Processed 72758 reads in 25.656 CPU sec, 25.722 real sec
[M::process] read 72532 sequences (10000119 bp)...
[M::mem_process_seqs] Processed 72570 reads in 34.947 CPU sec, 37.031 real sec
[M::process] read 72680 sequences (10000267 bp)...
[M::mem_process_seqs] Processed 72532 reads in 30.449 CPU sec, 31.837 real sec
[M::process] read 72756 sequences (10000127 bp)...
[M::mem_process_seqs] Processed 72680 reads in 29.195 CPU sec, 30.125 real sec
[M::process] read 72824 sequences (10000125 bp)...
[M::mem_process_seqs] Processed 72756 reads in 25.947 CPU sec, 27.287 real sec
[M::process] read 72624 sequences (10000081 bp)...
[M::mem_process_seqs] Processed 72824 reads in 26.656 CPU sec, 28.143 real sec
[M::process] read 72574 sequences (10000108 bp)...
[M::mem_process_seqs] Processed 72624 reads in 26.601 CPU sec, 27.533 real sec
[M::process] read 72674 sequences (10000265 bp)...
[M::mem_process_seqs] Processed 72574 reads in 27.984 CPU sec, 28.912 real sec
[M::process] read 72800 sequences (10000154 bp)...
[M::mem_process_seqs] Processed 72674 reads in 26.339 CPU sec, 26.831 real sec
[M::process] read 72422 sequences (10000114 bp)...
[M::mem_process_seqs] Processed 72800 reads in 26.130 CPU sec, 26.842 real sec
[M::process] read 72898 sequences (10000243 bp)...
[M::mem_process_seqs] Processed 72422 reads in 24.891 CPU sec, 26.134 real sec
[M::process] read 73160 sequences (10000042 bp)...
[M::mem_process_seqs] Processed 72898 reads in 26.123 CPU sec, 27.608 real sec
[M::process] read 72632 sequences (10000012 bp)...
[M::mem_process_seqs] Processed 73160 reads in 25.530 CPU sec, 26.476 real sec
[M::process] read 72178 sequences (10000226 bp)...
[M::mem_process_seqs] Processed 72632 reads in 24.714 CPU sec, 25.869 real sec
[M::process] read 72676 sequences (10000290 bp)...
[M::mem_process_seqs] Processed 72178 reads in 28.971 CPU sec, 29.885 real sec
[M::process] read 72762 sequences (10000282 bp)...
[M::mem_process_seqs] Processed 72676 reads in 28.178 CPU sec, 28.882 real sec
[M::process] read 73488 sequences (10000018 bp)...
[M::mem_process_seqs] Processed 72762 reads in 27.748 CPU sec, 27.785 real sec
[M::process] read 72500 sequences (10000098 bp)...
[M::mem_process_seqs] Processed 73488 reads in 30.603 CPU sec, 30.517 real sec
[M::process] read 72478 sequences (10000117 bp)...
[M::mem_process_seqs] Processed 72500 reads in 23.805 CPU sec, 24.209 real sec
[M::process] read 73094 sequences (10000034 bp)...
[M::mem_process_seqs] Processed 72478 reads in 25.547 CPU sec, 25.657 real sec
[M::process] read 72560 sequences (10000202 bp)...
[M::mem_process_seqs] Processed 73094 reads in 31.084 CPU sec, 32.176 real sec
[M::process] read 72170 sequences (10000178 bp)...
[M::mem_process_seqs] Processed 72560 reads in 25.411 CPU sec, 25.927 real sec
[M::process] read 72664 sequences (10000290 bp)...
[M::mem_process_seqs] Processed 72170 reads in 31.807 CPU sec, 34.097 real sec
[M::process] read 72398 sequences (10000164 bp)...
[M::mem_process_seqs] Processed 72664 reads in 28.928 CPU sec, 29.586 real sec
[M::process] read 72574 sequences (10000020 bp)...
[M::mem_process_seqs] Processed 72398 reads in 30.556 CPU sec, 31.133 real sec
[M::process] read 72576 sequences (10000293 bp)...
[M::mem_process_seqs] Processed 72574 reads in 24.630 CPU sec, 25.237 real sec
[M::process] read 72622 sequences (10000262 bp)...
[M::mem_process_seqs] Processed 72576 reads in 26.533 CPU sec, 26.830 real sec
[M::process] read 72660 sequences (10000006 bp)...
[M::mem_process_seqs] Processed 72622 reads in 27.951 CPU sec, 28.998 real sec
[M::process] read 72744 sequences (10000202 bp)...
[M::mem_process_seqs] Processed 72660 reads in 26.854 CPU sec, 27.836 real sec
[M::process] read 72426 sequences (10000054 bp)...
[M::mem_process_seqs] Processed 72744 reads in 26.156 CPU sec, 27.499 real sec
[M::process] read 72566 sequences (10000294 bp)...
[M::mem_process_seqs] Processed 72426 reads in 26.147 CPU sec, 26.372 real sec
[M::process] read 72266 sequences (10000108 bp)...
[M::mem_process_seqs] Processed 72566 reads in 25.666 CPU sec, 26.924 real sec
[M::process] read 72534 sequences (10000237 bp)...
[M::mem_process_seqs] Processed 72266 reads in 25.535 CPU sec, 26.689 real sec
[M::process] read 72840 sequences (10000208 bp)...
[M::mem_process_seqs] Processed 72534 reads in 25.485 CPU sec, 26.463 real sec
[M::process] read 69906 sequences (10000263 bp)...
[M::mem_process_seqs] Processed 72840 reads in 25.269 CPU sec, 25.892 real sec
[M::process] read 71376 sequences (10000261 bp)...
[M::mem_process_seqs] Processed 69906 reads in 16.643 CPU sec, 17.177 real sec
[M::process] read 72850 sequences (10000040 bp)...
[M::mem_process_seqs] Processed 71376 reads in 24.285 CPU sec, 25.605 real sec
[M::process] read 72736 sequences (10000162 bp)...
[M::mem_process_seqs] Processed 72850 reads in 25.097 CPU sec, 25.791 real sec
[M::process] read 72366 sequences (10000029 bp)...
[M::mem_process_seqs] Processed 72736 reads in 25.485 CPU sec, 25.589 real sec
[M::process] read 72650 sequences (10000258 bp)...
[M::mem_process_seqs] Processed 72366 reads in 27.185 CPU sec, 28.163 real sec
[M::process] read 72640 sequences (10000098 bp)...
[M::mem_process_seqs] Processed 72650 reads in 26.782 CPU sec, 27.136 real sec
[M::process] read 72934 sequences (10000174 bp)...
[M::mem_process_seqs] Processed 72640 reads in 26.079 CPU sec, 27.495 real sec
[M::process] read 72708 sequences (10000139 bp)...
[M::mem_process_seqs] Processed 72934 reads in 32.525 CPU sec, 34.335 real sec
[M::process] read 72770 sequences (10000164 bp)...
[M::mem_process_seqs] Processed 72708 reads in 26.269 CPU sec, 26.717 real sec
[M::process] read 72336 sequences (10000250 bp)...
[M::mem_process_seqs] Processed 72770 reads in 28.588 CPU sec, 29.310 real sec
[M::process] read 72498 sequences (10000295 bp)...
[M::mem_process_seqs] Processed 72336 reads in 26.482 CPU sec, 27.299 real sec
[M::process] read 72318 sequences (10000212 bp)...
[M::mem_process_seqs] Processed 72498 reads in 25.629 CPU sec, 26.622 real sec
[M::process] read 72316 sequences (10000014 bp)...
[M::mem_process_seqs] Processed 72318 reads in 23.766 CPU sec, 24.474 real sec
[M::process] read 72402 sequences (10000218 bp)...
[M::mem_process_seqs] Processed 72316 reads in 31.949 CPU sec, 32.490 real sec
[M::process] read 72642 sequences (10000068 bp)...
[M::mem_process_seqs] Processed 72402 reads in 26.930 CPU sec, 27.506 real sec
[M::process] read 72478 sequences (10000230 bp)...
[M::mem_process_seqs] Processed 72642 reads in 25.689 CPU sec, 26.110 real sec
[M::process] read 72516 sequences (10000087 bp)...
[M::mem_process_seqs] Processed 72478 reads in 25.906 CPU sec, 25.862 real sec
[M::process] read 72644 sequences (10000081 bp)...
[M::mem_process_seqs] Processed 72516 reads in 28.830 CPU sec, 29.106 real sec
[M::process] read 72582 sequences (10000035 bp)...
[M::mem_process_seqs] Processed 72644 reads in 26.857 CPU sec, 26.760 real sec
[M::process] read 72736 sequences (10000263 bp)...
[M::mem_process_seqs] Processed 72582 reads in 29.075 CPU sec, 29.508 real sec
[M::process] read 72310 sequences (10000078 bp)...
[M::mem_process_seqs] Processed 72736 reads in 25.944 CPU sec, 25.665 real sec
[M::process] read 72856 sequences (10000142 bp)...
[M::mem_process_seqs] Processed 72310 reads in 27.885 CPU sec, 27.706 real sec
[M::process] read 72552 sequences (10000163 bp)...
[M::mem_process_seqs] Processed 72856 reads in 26.892 CPU sec, 26.445 real sec
[M::process] read 72426 sequences (10000171 bp)...
[M::mem_process_seqs] Processed 72552 reads in 25.636 CPU sec, 25.281 real sec
[M::process] read 72636 sequences (10000214 bp)...
[M::mem_process_seqs] Processed 72426 reads in 27.168 CPU sec, 26.830 real sec
[M::process] read 72678 sequences (10000145 bp)...
[M::mem_process_seqs] Processed 72636 reads in 25.670 CPU sec, 25.343 real sec
[M::process] read 72448 sequences (10000146 bp)...
[M::mem_process_seqs] Processed 72678 reads in 27.557 CPU sec, 27.244 real sec
[M::process] read 72384 sequences (10000041 bp)...
[M::mem_process_seqs] Processed 72448 reads in 25.752 CPU sec, 25.407 real sec
[M::process] read 72862 sequences (10000071 bp)...
[M::mem_process_seqs] Processed 72384 reads in 24.908 CPU sec, 24.476 real sec
[M::process] read 72880 sequences (10000138 bp)...
[M::mem_process_seqs] Processed 72862 reads in 29.010 CPU sec, 28.576 real sec
[M::process] read 72490 sequences (10000143 bp)...
[M::mem_process_seqs] Processed 72880 reads in 28.097 CPU sec, 27.653 real sec
[M::process] read 72280 sequences (10000134 bp)...
[M::mem_process_seqs] Processed 72490 reads in 25.873 CPU sec, 25.571 real sec
[M::process] read 71660 sequences (10000035 bp)...
[M::mem_process_seqs] Processed 72280 reads in 25.869 CPU sec, 25.399 real sec
[M::process] read 72280 sequences (10000009 bp)...
[M::mem_process_seqs] Processed 71660 reads in 23.530 CPU sec, 23.022 real sec
[M::process] read 72418 sequences (10000158 bp)...
[M::mem_process_seqs] Processed 72280 reads in 25.501 CPU sec, 25.047 real sec
[M::process] read 72622 sequences (10000265 bp)...
[M::mem_process_seqs] Processed 72418 reads in 25.678 CPU sec, 25.295 real sec
[M::process] read 72508 sequences (10000234 bp)...
[M::mem_process_seqs] Processed 72622 reads in 25.861 CPU sec, 25.387 real sec
[M::process] read 72622 sequences (10000225 bp)...
[M::mem_process_seqs] Processed 72508 reads in 28.825 CPU sec, 28.308 real sec
[M::process] read 72672 sequences (10000201 bp)...
[M::mem_process_seqs] Processed 72622 reads in 26.523 CPU sec, 26.043 real sec
[M::process] read 72808 sequences (10000194 bp)...
[M::mem_process_seqs] Processed 72672 reads in 31.435 CPU sec, 30.913 real sec
[M::process] read 72752 sequences (10000138 bp)...
[M::mem_process_seqs] Processed 72808 reads in 26.689 CPU sec, 26.166 real sec
[M::process] read 72562 sequences (10000279 bp)...
[M::mem_process_seqs] Processed 72752 reads in 28.107 CPU sec, 27.628 real sec
[M::process] read 72782 sequences (10000251 bp)...
[M::mem_process_seqs] Processed 72562 reads in 25.812 CPU sec, 25.228 real sec
[M::process] read 72702 sequences (10000296 bp)...
[M::mem_process_seqs] Processed 72782 reads in 28.497 CPU sec, 27.992 real sec
[M::process] read 72618 sequences (10000258 bp)...
[M::mem_process_seqs] Processed 72702 reads in 26.754 CPU sec, 26.266 real sec
[M::process] read 72058 sequences (10000090 bp)...
[M::mem_process_seqs] Processed 72618 reads in 26.745 CPU sec, 26.212 real sec
[M::process] read 72772 sequences (10000095 bp)...
[M::mem_process_seqs] Processed 72058 reads in 30.866 CPU sec, 30.350 real sec
[M::process] read 72526 sequences (10000189 bp)...
[M::mem_process_seqs] Processed 72772 reads in 27.532 CPU sec, 26.867 real sec
[M::process] read 72336 sequences (10000027 bp)...
[M::mem_process_seqs] Processed 72526 reads in 24.132 CPU sec, 23.618 real sec
[M::process] read 72644 sequences (10000106 bp)...
[M::mem_process_seqs] Processed 72336 reads in 29.979 CPU sec, 29.475 real sec
[M::process] read 72718 sequences (10000216 bp)...
[M::mem_process_seqs] Processed 72644 reads in 31.022 CPU sec, 30.274 real sec
[M::process] read 72516 sequences (10000062 bp)...
[M::mem_process_seqs] Processed 72718 reads in 26.307 CPU sec, 25.669 real sec
[M::process] read 72558 sequences (10000077 bp)...
[M::mem_process_seqs] Processed 72516 reads in 25.457 CPU sec, 24.950 real sec
[M::process] read 72756 sequences (10000045 bp)...
[M::mem_process_seqs] Processed 72558 reads in 26.726 CPU sec, 26.201 real sec
[M::process] read 72658 sequences (10000161 bp)...
[M::mem_process_seqs] Processed 72756 reads in 23.764 CPU sec, 23.291 real sec
[M::process] read 72846 sequences (10000049 bp)...
[M::mem_process_seqs] Processed 72658 reads in 26.406 CPU sec, 25.941 real sec
[M::process] read 72604 sequences (10000103 bp)...
[M::mem_process_seqs] Processed 72846 reads in 25.348 CPU sec, 24.834 real sec
[M::process] read 67108 sequences (9406005 bp)...
[M::mem_process_seqs] Processed 72604 reads in 25.770 CPU sec, 25.396 real sec
[M::mem_process_seqs] Processed 67108 reads in 21.956 CPU sec, 21.691 real sec
[main] Version: 0.7.17-r1188
[main] CMD: bwa mem -L 5 -I 533.109,60.1675,613,366 -t 1 -a -M -T 30 -A 1 -B 4 -O 6 -R @RG\tID:Aen-Cbat_049-AeC01049_CKDL210012719-1a-5UDI301-AK4236_HF5TCDSX2_L1_clmp_fp2_repr\tSM:Aen-Cbat_049-AeC01049_CKDL210012719-1a-5UDI301-AK4236_HF5TCDSX2_L1_clmp_fp2_repr\tPL:Illumina reference.rad.baited-6-6.fasta Aen-Cbat_049-AeC01049_CKDL210012719-1a-5UDI301-AK4236_HF5TCDSX2_L1_clmp_fp2_repr.R1.fq.gz Aen-Cbat_049-AeC01049_CKDL210012719-1a-5UDI301-AK4236_HF5TCDSX2_L1_clmp_fp2_repr.R2.fq.gz
[main] Real time: 4888.392 sec; CPU: 4764.802 sec
