[M::main_mem] mean insert size: 533.109, stddev: 60.167, max: 613, min: 366
[M::bwa_idx_load_from_disk] read 0 ALT contigs
[M::process] read 71396 sequences (10000161 bp)...
[M::process] read 71346 sequences (10000256 bp)...
[M::mem_process_seqs] Processed 71396 reads in 25.396 CPU sec, 26.073 real sec
[M::process] read 71652 sequences (10000130 bp)...
[M::mem_process_seqs] Processed 71346 reads in 25.606 CPU sec, 26.978 real sec
[M::process] read 68766 sequences (10000118 bp)...
[M::mem_process_seqs] Processed 71652 reads in 26.395 CPU sec, 27.601 real sec
[M::process] read 68532 sequences (10000241 bp)...
[M::mem_process_seqs] Processed 68766 reads in 13.789 CPU sec, 14.947 real sec
[M::process] read 71354 sequences (10000248 bp)...
[M::mem_process_seqs] Processed 68532 reads in 10.092 CPU sec, 9.963 real sec
[M::process] read 71142 sequences (10000297 bp)...
[M::mem_process_seqs] Processed 71354 reads in 25.070 CPU sec, 26.751 real sec
[M::process] read 71256 sequences (10000133 bp)...
[M::mem_process_seqs] Processed 71142 reads in 24.519 CPU sec, 25.677 real sec
[M::process] read 71054 sequences (10000150 bp)...
[M::mem_process_seqs] Processed 71256 reads in 25.371 CPU sec, 26.797 real sec
[M::process] read 71592 sequences (10000173 bp)...
[M::mem_process_seqs] Processed 71054 reads in 24.605 CPU sec, 25.996 real sec
[M::process] read 71330 sequences (10000130 bp)...
[M::mem_process_seqs] Processed 71592 reads in 28.122 CPU sec, 29.544 real sec
[M::process] read 71148 sequences (10000108 bp)...
[M::mem_process_seqs] Processed 71330 reads in 25.402 CPU sec, 27.172 real sec
[M::process] read 71336 sequences (10000166 bp)...
[M::mem_process_seqs] Processed 71148 reads in 27.686 CPU sec, 29.156 real sec
[M::process] read 71224 sequences (10000191 bp)...
[M::mem_process_seqs] Processed 71336 reads in 30.622 CPU sec, 32.778 real sec
[M::process] read 71222 sequences (10000054 bp)...
[M::mem_process_seqs] Processed 71224 reads in 25.257 CPU sec, 26.931 real sec
[M::process] read 70812 sequences (10000038 bp)...
[M::mem_process_seqs] Processed 71222 reads in 33.038 CPU sec, 35.448 real sec
[M::process] read 71456 sequences (10000246 bp)...
[M::mem_process_seqs] Processed 70812 reads in 29.240 CPU sec, 29.572 real sec
[M::process] read 71108 sequences (10000289 bp)...
[M::mem_process_seqs] Processed 71456 reads in 28.421 CPU sec, 30.037 real sec
[M::process] read 71186 sequences (10000279 bp)...
[M::mem_process_seqs] Processed 71108 reads in 26.098 CPU sec, 27.140 real sec
[M::process] read 71404 sequences (10000281 bp)...
[M::mem_process_seqs] Processed 71186 reads in 25.232 CPU sec, 26.099 real sec
[M::process] read 70292 sequences (10000229 bp)...
[M::mem_process_seqs] Processed 71404 reads in 35.294 CPU sec, 36.631 real sec
[M::process] read 71154 sequences (10000103 bp)...
[M::mem_process_seqs] Processed 70292 reads in 17.251 CPU sec, 18.469 real sec
[M::process] read 71230 sequences (10000008 bp)...
[M::mem_process_seqs] Processed 71154 reads in 21.122 CPU sec, 21.580 real sec
[M::process] read 71262 sequences (10000284 bp)...
[M::mem_process_seqs] Processed 71230 reads in 25.217 CPU sec, 25.989 real sec
[M::process] read 71206 sequences (10000084 bp)...
[M::mem_process_seqs] Processed 71262 reads in 27.367 CPU sec, 28.216 real sec
[M::process] read 70840 sequences (10000068 bp)...
[M::mem_process_seqs] Processed 71206 reads in 24.859 CPU sec, 25.911 real sec
[M::process] read 71106 sequences (10000145 bp)...
[M::mem_process_seqs] Processed 70840 reads in 26.174 CPU sec, 26.847 real sec
[M::process] read 71140 sequences (10000134 bp)...
[M::mem_process_seqs] Processed 71106 reads in 25.435 CPU sec, 26.299 real sec
[M::process] read 70970 sequences (10000073 bp)...
[M::mem_process_seqs] Processed 71140 reads in 27.023 CPU sec, 28.366 real sec
[M::process] read 70914 sequences (10000186 bp)...
[M::mem_process_seqs] Processed 70970 reads in 35.204 CPU sec, 36.800 real sec
[M::process] read 71212 sequences (10000209 bp)...
[M::mem_process_seqs] Processed 70914 reads in 25.730 CPU sec, 26.516 real sec
[M::process] read 71082 sequences (10000193 bp)...
[M::mem_process_seqs] Processed 71212 reads in 25.449 CPU sec, 26.462 real sec
[M::process] read 69288 sequences (10000027 bp)...
[M::mem_process_seqs] Processed 71082 reads in 26.180 CPU sec, 27.208 real sec
[M::process] read 68464 sequences (10000073 bp)...
[M::mem_process_seqs] Processed 69288 reads in 14.462 CPU sec, 14.482 real sec
[M::process] read 71102 sequences (10000115 bp)...
[M::mem_process_seqs] Processed 68464 reads in 9.482 CPU sec, 9.378 real sec
[M::process] read 71230 sequences (10000232 bp)...
[M::mem_process_seqs] Processed 71102 reads in 26.351 CPU sec, 27.381 real sec
[M::process] read 71180 sequences (10000266 bp)...
[M::mem_process_seqs] Processed 71230 reads in 23.697 CPU sec, 25.359 real sec
[M::process] read 71072 sequences (10000047 bp)...
[M::mem_process_seqs] Processed 71180 reads in 25.809 CPU sec, 27.063 real sec
[M::process] read 71142 sequences (10000153 bp)...
[M::mem_process_seqs] Processed 71072 reads in 26.002 CPU sec, 26.826 real sec
[M::process] read 71172 sequences (10000062 bp)...
[M::mem_process_seqs] Processed 71142 reads in 26.263 CPU sec, 26.585 real sec
[M::process] read 71640 sequences (10000263 bp)...
[M::mem_process_seqs] Processed 71172 reads in 31.708 CPU sec, 32.707 real sec
[M::process] read 71222 sequences (10000194 bp)...
[M::mem_process_seqs] Processed 71640 reads in 26.338 CPU sec, 27.314 real sec
[M::process] read 71398 sequences (10000123 bp)...
[M::mem_process_seqs] Processed 71222 reads in 26.794 CPU sec, 28.457 real sec
[M::process] read 71160 sequences (10000177 bp)...
[M::mem_process_seqs] Processed 71398 reads in 24.933 CPU sec, 26.007 real sec
[M::process] read 71120 sequences (10000132 bp)...
[M::mem_process_seqs] Processed 71160 reads in 26.836 CPU sec, 27.502 real sec
[M::process] read 71020 sequences (10000284 bp)...
[M::mem_process_seqs] Processed 71120 reads in 32.089 CPU sec, 32.681 real sec
[M::process] read 71132 sequences (10000167 bp)...
[M::mem_process_seqs] Processed 71020 reads in 24.510 CPU sec, 25.692 real sec
[M::process] read 71304 sequences (10000069 bp)...
[M::mem_process_seqs] Processed 71132 reads in 25.971 CPU sec, 26.478 real sec
[M::process] read 71048 sequences (10000064 bp)...
[M::mem_process_seqs] Processed 71304 reads in 26.886 CPU sec, 27.447 real sec
[M::process] read 70982 sequences (10000080 bp)...
[M::mem_process_seqs] Processed 71048 reads in 25.734 CPU sec, 27.111 real sec
[M::process] read 71198 sequences (10000135 bp)...
[M::mem_process_seqs] Processed 70982 reads in 27.297 CPU sec, 28.709 real sec
[M::process] read 71148 sequences (10000256 bp)...
[M::mem_process_seqs] Processed 71198 reads in 25.663 CPU sec, 27.092 real sec
[M::process] read 71256 sequences (10000051 bp)...
[M::mem_process_seqs] Processed 71148 reads in 26.210 CPU sec, 27.762 real sec
[M::process] read 71182 sequences (10000248 bp)...
[M::mem_process_seqs] Processed 71256 reads in 26.258 CPU sec, 28.038 real sec
[M::process] read 71342 sequences (10000274 bp)...
[M::mem_process_seqs] Processed 71182 reads in 26.195 CPU sec, 26.848 real sec
[M::process] read 70856 sequences (10000025 bp)...
[M::mem_process_seqs] Processed 71342 reads in 25.025 CPU sec, 26.369 real sec
[M::process] read 71418 sequences (10000205 bp)...
[M::mem_process_seqs] Processed 70856 reads in 25.050 CPU sec, 26.608 real sec
[M::process] read 71078 sequences (10000108 bp)...
[M::mem_process_seqs] Processed 71418 reads in 23.966 CPU sec, 24.962 real sec
[M::process] read 71256 sequences (10000257 bp)...
[M::mem_process_seqs] Processed 71078 reads in 25.744 CPU sec, 26.420 real sec
[M::process] read 71288 sequences (10000105 bp)...
[M::mem_process_seqs] Processed 71256 reads in 24.995 CPU sec, 25.721 real sec
[M::process] read 71414 sequences (10000010 bp)...
[M::mem_process_seqs] Processed 71288 reads in 27.112 CPU sec, 27.724 real sec
[M::process] read 70970 sequences (10000169 bp)...
[M::mem_process_seqs] Processed 71414 reads in 26.005 CPU sec, 27.130 real sec
[M::process] read 71350 sequences (10000157 bp)...
[M::mem_process_seqs] Processed 70970 reads in 26.244 CPU sec, 27.735 real sec
[M::process] read 70906 sequences (10000204 bp)...
[M::mem_process_seqs] Processed 71350 reads in 32.354 CPU sec, 34.357 real sec
[M::process] read 71046 sequences (10000114 bp)...
[M::mem_process_seqs] Processed 70906 reads in 31.729 CPU sec, 33.205 real sec
[M::process] read 71072 sequences (10000028 bp)...
[M::mem_process_seqs] Processed 71046 reads in 26.570 CPU sec, 27.944 real sec
[M::process] read 71236 sequences (10000051 bp)...
[M::mem_process_seqs] Processed 71072 reads in 26.747 CPU sec, 28.451 real sec
[M::process] read 70798 sequences (10000255 bp)...
[M::mem_process_seqs] Processed 71236 reads in 26.128 CPU sec, 27.083 real sec
[M::process] read 71286 sequences (10000249 bp)...
[M::mem_process_seqs] Processed 70798 reads in 31.507 CPU sec, 33.443 real sec
[M::process] read 71400 sequences (10000137 bp)...
[M::mem_process_seqs] Processed 71286 reads in 25.838 CPU sec, 27.241 real sec
[M::process] read 71328 sequences (10000194 bp)...
[M::mem_process_seqs] Processed 71400 reads in 24.654 CPU sec, 25.856 real sec
[M::process] read 71132 sequences (10000065 bp)...
[M::mem_process_seqs] Processed 71328 reads in 25.817 CPU sec, 26.613 real sec
[M::process] read 71220 sequences (10000281 bp)...
[M::mem_process_seqs] Processed 71132 reads in 31.317 CPU sec, 33.471 real sec
[M::process] read 71156 sequences (10000184 bp)...
[M::mem_process_seqs] Processed 71220 reads in 28.230 CPU sec, 30.430 real sec
[M::process] read 71416 sequences (10000203 bp)...
[M::mem_process_seqs] Processed 71156 reads in 27.841 CPU sec, 28.970 real sec
[M::process] read 71114 sequences (10000253 bp)...
[M::mem_process_seqs] Processed 71416 reads in 25.324 CPU sec, 27.305 real sec
[M::process] read 71282 sequences (10000143 bp)...
[M::mem_process_seqs] Processed 71114 reads in 25.008 CPU sec, 25.742 real sec
[M::process] read 71162 sequences (10000053 bp)...
[M::mem_process_seqs] Processed 71282 reads in 26.656 CPU sec, 27.841 real sec
[M::process] read 71392 sequences (10000128 bp)...
[M::mem_process_seqs] Processed 71162 reads in 25.845 CPU sec, 26.528 real sec
[M::process] read 70998 sequences (10000164 bp)...
[M::mem_process_seqs] Processed 71392 reads in 25.480 CPU sec, 26.163 real sec
[M::process] read 71352 sequences (10000075 bp)...
[M::mem_process_seqs] Processed 70998 reads in 24.523 CPU sec, 25.500 real sec
[M::process] read 71234 sequences (10000066 bp)...
[M::mem_process_seqs] Processed 71352 reads in 26.507 CPU sec, 28.347 real sec
[M::process] read 71024 sequences (10000034 bp)...
[M::mem_process_seqs] Processed 71234 reads in 24.301 CPU sec, 26.012 real sec
[M::process] read 71282 sequences (10000014 bp)...
[M::mem_process_seqs] Processed 71024 reads in 27.405 CPU sec, 28.479 real sec
[M::process] read 71588 sequences (10000055 bp)...
[M::mem_process_seqs] Processed 71282 reads in 27.555 CPU sec, 28.872 real sec
[M::process] read 71376 sequences (10000234 bp)...
[M::mem_process_seqs] Processed 71588 reads in 29.662 CPU sec, 30.662 real sec
[M::process] read 71074 sequences (10000277 bp)...
[M::mem_process_seqs] Processed 71376 reads in 24.123 CPU sec, 25.809 real sec
[M::process] read 71466 sequences (10000170 bp)...
[M::mem_process_seqs] Processed 71074 reads in 23.561 CPU sec, 24.426 real sec
[M::process] read 71084 sequences (10000055 bp)...
[M::mem_process_seqs] Processed 71466 reads in 29.574 CPU sec, 30.677 real sec
[M::process] read 70894 sequences (10000126 bp)...
[M::mem_process_seqs] Processed 71084 reads in 27.935 CPU sec, 29.320 real sec
[M::process] read 71246 sequences (10000271 bp)...
[M::mem_process_seqs] Processed 70894 reads in 27.271 CPU sec, 28.501 real sec
[M::process] read 71060 sequences (10000039 bp)...
[M::mem_process_seqs] Processed 71246 reads in 30.298 CPU sec, 32.207 real sec
[M::process] read 71256 sequences (10000114 bp)...
[M::mem_process_seqs] Processed 71060 reads in 24.993 CPU sec, 26.177 real sec
[M::process] read 71254 sequences (10000274 bp)...
[M::mem_process_seqs] Processed 71256 reads in 25.599 CPU sec, 27.229 real sec
[M::process] read 71162 sequences (10000098 bp)...
[M::mem_process_seqs] Processed 71254 reads in 28.024 CPU sec, 28.761 real sec
[M::process] read 71352 sequences (10000251 bp)...
[M::mem_process_seqs] Processed 71162 reads in 25.588 CPU sec, 25.976 real sec
[M::process] read 71206 sequences (10000015 bp)...
[M::mem_process_seqs] Processed 71352 reads in 25.763 CPU sec, 26.864 real sec
[M::process] read 71060 sequences (10000149 bp)...
[M::mem_process_seqs] Processed 71206 reads in 25.336 CPU sec, 26.849 real sec
[M::process] read 71002 sequences (10000280 bp)...
[M::mem_process_seqs] Processed 71060 reads in 25.657 CPU sec, 26.728 real sec
[M::process] read 71234 sequences (10000032 bp)...
[M::mem_process_seqs] Processed 71002 reads in 24.938 CPU sec, 26.195 real sec
[M::process] read 69382 sequences (10000031 bp)...
[M::mem_process_seqs] Processed 71234 reads in 24.495 CPU sec, 26.048 real sec
[M::process] read 71018 sequences (10000127 bp)...
[M::mem_process_seqs] Processed 69382 reads in 15.408 CPU sec, 15.856 real sec
[M::process] read 71330 sequences (10000166 bp)...
[M::mem_process_seqs] Processed 71018 reads in 26.481 CPU sec, 27.896 real sec
[M::process] read 71046 sequences (10000009 bp)...
[M::mem_process_seqs] Processed 71330 reads in 25.335 CPU sec, 26.133 real sec
[M::process] read 71256 sequences (10000286 bp)...
[M::mem_process_seqs] Processed 71046 reads in 26.152 CPU sec, 26.989 real sec
[M::process] read 71310 sequences (10000290 bp)...
[M::mem_process_seqs] Processed 71256 reads in 25.266 CPU sec, 27.092 real sec
[M::process] read 71180 sequences (10000157 bp)...
[M::mem_process_seqs] Processed 71310 reads in 28.075 CPU sec, 29.265 real sec
[M::process] read 71240 sequences (10000153 bp)...
[M::mem_process_seqs] Processed 71180 reads in 28.019 CPU sec, 29.407 real sec
[M::process] read 71052 sequences (10000264 bp)...
[M::mem_process_seqs] Processed 71240 reads in 26.288 CPU sec, 27.503 real sec
[M::process] read 71264 sequences (10000036 bp)...
[M::mem_process_seqs] Processed 71052 reads in 26.110 CPU sec, 27.331 real sec
[M::process] read 71038 sequences (10000242 bp)...
[M::mem_process_seqs] Processed 71264 reads in 24.434 CPU sec, 24.922 real sec
[M::process] read 71066 sequences (10000054 bp)...
[M::mem_process_seqs] Processed 71038 reads in 26.379 CPU sec, 26.743 real sec
[M::process] read 71010 sequences (10000205 bp)...
[M::mem_process_seqs] Processed 71066 reads in 28.658 CPU sec, 29.433 real sec
[M::process] read 71256 sequences (10000120 bp)...
[M::mem_process_seqs] Processed 71010 reads in 23.996 CPU sec, 24.687 real sec
[M::process] read 71280 sequences (10000059 bp)...
[M::mem_process_seqs] Processed 71256 reads in 25.867 CPU sec, 26.939 real sec
[M::process] read 71118 sequences (10000046 bp)...
[M::mem_process_seqs] Processed 71280 reads in 28.387 CPU sec, 29.267 real sec
[M::process] read 71298 sequences (10000003 bp)...
[M::mem_process_seqs] Processed 71118 reads in 27.290 CPU sec, 28.341 real sec
[M::process] read 71140 sequences (10000122 bp)...
[M::mem_process_seqs] Processed 71298 reads in 24.925 CPU sec, 25.511 real sec
[M::process] read 71354 sequences (10000294 bp)...
[M::mem_process_seqs] Processed 71140 reads in 28.266 CPU sec, 28.614 real sec
[M::process] read 71164 sequences (10000294 bp)...
[M::mem_process_seqs] Processed 71354 reads in 25.366 CPU sec, 25.927 real sec
[M::process] read 70944 sequences (10000092 bp)...
[M::mem_process_seqs] Processed 71164 reads in 24.652 CPU sec, 25.215 real sec
[M::process] read 71358 sequences (10000119 bp)...
[M::mem_process_seqs] Processed 70944 reads in 27.492 CPU sec, 28.589 real sec
[M::process] read 71062 sequences (10000055 bp)...
[M::mem_process_seqs] Processed 71358 reads in 28.069 CPU sec, 30.790 real sec
[M::process] read 71056 sequences (10000036 bp)...
[M::mem_process_seqs] Processed 71062 reads in 24.999 CPU sec, 26.154 real sec
[M::process] read 71582 sequences (10000197 bp)...
[M::mem_process_seqs] Processed 71056 reads in 24.538 CPU sec, 25.198 real sec
[M::process] read 71342 sequences (10000038 bp)...
[M::mem_process_seqs] Processed 71582 reads in 27.052 CPU sec, 28.538 real sec
[M::process] read 71058 sequences (10000004 bp)...
[M::mem_process_seqs] Processed 71342 reads in 29.803 CPU sec, 30.437 real sec
[M::process] read 70554 sequences (10000009 bp)...
[M::mem_process_seqs] Processed 71058 reads in 24.690 CPU sec, 25.829 real sec
[M::process] read 70970 sequences (10000107 bp)...
[M::mem_process_seqs] Processed 70554 reads in 24.706 CPU sec, 25.583 real sec
[M::process] read 71134 sequences (10000277 bp)...
[M::mem_process_seqs] Processed 70970 reads in 24.702 CPU sec, 25.489 real sec
[M::process] read 70968 sequences (10000018 bp)...
[M::mem_process_seqs] Processed 71134 reads in 25.840 CPU sec, 27.843 real sec
[M::process] read 71248 sequences (10000054 bp)...
[M::mem_process_seqs] Processed 70968 reads in 25.119 CPU sec, 27.046 real sec
[M::process] read 71218 sequences (10000159 bp)...
[M::mem_process_seqs] Processed 71248 reads in 27.371 CPU sec, 28.124 real sec
[M::process] read 71358 sequences (10000037 bp)...
[M::mem_process_seqs] Processed 71218 reads in 30.126 CPU sec, 30.465 real sec
[M::process] read 71174 sequences (10000083 bp)...
[M::mem_process_seqs] Processed 71358 reads in 26.036 CPU sec, 26.373 real sec
[M::process] read 71214 sequences (10000193 bp)...
[M::mem_process_seqs] Processed 71174 reads in 26.732 CPU sec, 27.815 real sec
[M::process] read 71284 sequences (10000116 bp)...
[M::mem_process_seqs] Processed 71214 reads in 27.514 CPU sec, 28.225 real sec
[M::process] read 71128 sequences (10000273 bp)...
[M::mem_process_seqs] Processed 71284 reads in 26.959 CPU sec, 27.668 real sec
[M::process] read 70872 sequences (10000224 bp)...
[M::mem_process_seqs] Processed 71128 reads in 24.330 CPU sec, 24.856 real sec
[M::process] read 71310 sequences (10000074 bp)...
[M::mem_process_seqs] Processed 70872 reads in 28.728 CPU sec, 29.735 real sec
[M::process] read 70970 sequences (10000232 bp)...
[M::mem_process_seqs] Processed 71310 reads in 26.279 CPU sec, 26.815 real sec
[M::process] read 71102 sequences (10000086 bp)...
[M::mem_process_seqs] Processed 70970 reads in 26.395 CPU sec, 27.298 real sec
[M::process] read 71212 sequences (10000218 bp)...
[M::mem_process_seqs] Processed 71102 reads in 27.577 CPU sec, 28.241 real sec
[M::process] read 71072 sequences (10000223 bp)...
[M::mem_process_seqs] Processed 71212 reads in 26.433 CPU sec, 27.194 real sec
[M::process] read 71214 sequences (10000011 bp)...
[M::mem_process_seqs] Processed 71072 reads in 24.907 CPU sec, 26.399 real sec
[M::process] read 71198 sequences (10000035 bp)...
[M::mem_process_seqs] Processed 71214 reads in 25.515 CPU sec, 26.161 real sec
[M::process] read 71326 sequences (10000266 bp)...
[M::mem_process_seqs] Processed 71198 reads in 23.800 CPU sec, 24.587 real sec
[M::process] read 71156 sequences (10000256 bp)...
[M::mem_process_seqs] Processed 71326 reads in 24.375 CPU sec, 24.608 real sec
[M::process] read 69798 sequences (9893714 bp)...
[M::mem_process_seqs] Processed 71156 reads in 25.157 CPU sec, 25.644 real sec
[M::mem_process_seqs] Processed 69798 reads in 22.707 CPU sec, 22.823 real sec
[main] Version: 0.7.17-r1188
[main] CMD: bwa mem -L 5 -I 533.109,60.1675,613,366 -t 1 -a -M -T 30 -A 1 -B 4 -O 6 -R @RG\tID:Aen-Cbat_004-AeC01004_CKDL210012719-1a-AK9143-AK533_HF5TCDSX2_L1_clmp_fp2_repr\tSM:Aen-Cbat_004-AeC01004_CKDL210012719-1a-AK9143-AK533_HF5TCDSX2_L1_clmp_fp2_repr\tPL:Illumina reference.rad.baited-6-6.fasta Aen-Cbat_004-AeC01004_CKDL210012719-1a-AK9143-AK533_HF5TCDSX2_L1_clmp_fp2_repr.R1.fq.gz Aen-Cbat_004-AeC01004_CKDL210012719-1a-AK9143-AK533_HF5TCDSX2_L1_clmp_fp2_repr.R2.fq.gz
[main] Real time: 4039.054 sec; CPU: 3875.818 sec
