[M::main_mem] mean insert size: 533.109, stddev: 60.167, max: 613, min: 366
[M::bwa_idx_load_from_disk] read 0 ALT contigs
[M::process] read 72464 sequences (10000065 bp)...
[M::process] read 72578 sequences (10000178 bp)...
[M::mem_process_seqs] Processed 72464 reads in 26.311 CPU sec, 27.419 real sec
[M::process] read 72548 sequences (10000059 bp)...
[M::mem_process_seqs] Processed 72578 reads in 25.463 CPU sec, 26.641 real sec
[M::process] read 73112 sequences (10000207 bp)...
[M::mem_process_seqs] Processed 72548 reads in 27.129 CPU sec, 29.017 real sec
[M::process] read 67998 sequences (10000200 bp)...
[M::mem_process_seqs] Processed 73112 reads in 27.352 CPU sec, 28.615 real sec
[M::process] read 67994 sequences (10000026 bp)...
[M::mem_process_seqs] Processed 67998 reads in 9.544 CPU sec, 9.927 real sec
[M::process] read 71724 sequences (10000207 bp)...
[M::mem_process_seqs] Processed 67994 reads in 6.959 CPU sec, 7.314 real sec
[M::process] read 72320 sequences (10000178 bp)...
[M::mem_process_seqs] Processed 71724 reads in 20.140 CPU sec, 20.288 real sec
[M::process] read 72218 sequences (10000214 bp)...
[M::mem_process_seqs] Processed 72320 reads in 26.143 CPU sec, 27.072 real sec
[M::process] read 72486 sequences (10000284 bp)...
[M::mem_process_seqs] Processed 72218 reads in 24.611 CPU sec, 24.978 real sec
[M::process] read 72928 sequences (10000170 bp)...
[M::mem_process_seqs] Processed 72486 reads in 24.379 CPU sec, 25.361 real sec
[M::process] read 72152 sequences (10000213 bp)...
[M::mem_process_seqs] Processed 72928 reads in 28.191 CPU sec, 29.956 real sec
[M::process] read 72468 sequences (10000037 bp)...
[M::mem_process_seqs] Processed 72152 reads in 25.056 CPU sec, 26.513 real sec
[M::process] read 72240 sequences (10000079 bp)...
[M::mem_process_seqs] Processed 72468 reads in 25.325 CPU sec, 26.190 real sec
[M::process] read 72584 sequences (10000086 bp)...
[M::mem_process_seqs] Processed 72240 reads in 25.987 CPU sec, 27.845 real sec
[M::process] read 72448 sequences (10000044 bp)...
[M::mem_process_seqs] Processed 72584 reads in 35.027 CPU sec, 36.719 real sec
[M::process] read 72276 sequences (10000251 bp)...
[M::mem_process_seqs] Processed 72448 reads in 24.912 CPU sec, 26.011 real sec
[M::process] read 72766 sequences (10000159 bp)...
[M::mem_process_seqs] Processed 72276 reads in 29.528 CPU sec, 31.383 real sec
[M::process] read 72048 sequences (10000008 bp)...
[M::mem_process_seqs] Processed 72766 reads in 30.935 CPU sec, 31.765 real sec
[M::process] read 72586 sequences (10000021 bp)...
[M::mem_process_seqs] Processed 72048 reads in 29.614 CPU sec, 31.521 real sec
[M::process] read 72166 sequences (10000270 bp)...
[M::mem_process_seqs] Processed 72586 reads in 29.331 CPU sec, 31.329 real sec
[M::process] read 72324 sequences (10000112 bp)...
[M::mem_process_seqs] Processed 72166 reads in 25.922 CPU sec, 27.163 real sec
[M::process] read 72648 sequences (10000169 bp)...
[M::mem_process_seqs] Processed 72324 reads in 26.053 CPU sec, 27.407 real sec
[M::process] read 72736 sequences (10000173 bp)...
[M::mem_process_seqs] Processed 72648 reads in 38.277 CPU sec, 40.310 real sec
[M::process] read 69866 sequences (10000120 bp)...
[M::mem_process_seqs] Processed 72736 reads in 25.434 CPU sec, 27.070 real sec
[M::process] read 72022 sequences (10000065 bp)...
[M::mem_process_seqs] Processed 69866 reads in 12.517 CPU sec, 12.676 real sec
[M::process] read 72578 sequences (10000172 bp)...
[M::mem_process_seqs] Processed 72022 reads in 22.335 CPU sec, 23.398 real sec
[M::process] read 72294 sequences (10000231 bp)...
[M::mem_process_seqs] Processed 72578 reads in 25.267 CPU sec, 26.014 real sec
[M::process] read 72352 sequences (10000234 bp)...
[M::mem_process_seqs] Processed 72294 reads in 29.089 CPU sec, 30.546 real sec
[M::process] read 72024 sequences (10000081 bp)...
[M::mem_process_seqs] Processed 72352 reads in 23.912 CPU sec, 25.190 real sec
[M::process] read 72150 sequences (10000134 bp)...
[M::mem_process_seqs] Processed 72024 reads in 25.141 CPU sec, 26.223 real sec
[M::process] read 72370 sequences (10000218 bp)...
[M::mem_process_seqs] Processed 72150 reads in 26.685 CPU sec, 27.926 real sec
[M::process] read 72288 sequences (10000083 bp)...
[M::mem_process_seqs] Processed 72370 reads in 28.039 CPU sec, 29.664 real sec
[M::process] read 72062 sequences (10000174 bp)...
[M::mem_process_seqs] Processed 72288 reads in 24.964 CPU sec, 26.329 real sec
[M::process] read 72170 sequences (10000270 bp)...
[M::mem_process_seqs] Processed 72062 reads in 36.992 CPU sec, 38.202 real sec
[M::process] read 72322 sequences (10000136 bp)...
[M::mem_process_seqs] Processed 72170 reads in 26.254 CPU sec, 27.478 real sec
[M::process] read 72196 sequences (10000105 bp)...
[M::mem_process_seqs] Processed 72322 reads in 25.514 CPU sec, 26.706 real sec
[M::process] read 72396 sequences (10000043 bp)...
[M::mem_process_seqs] Processed 72196 reads in 24.778 CPU sec, 25.367 real sec
[M::process] read 70126 sequences (10000046 bp)...
[M::mem_process_seqs] Processed 72396 reads in 27.137 CPU sec, 28.456 real sec
[M::process] read 67928 sequences (10000041 bp)...
[M::mem_process_seqs] Processed 70126 reads in 17.162 CPU sec, 17.674 real sec
[M::process] read 70740 sequences (10000174 bp)...
[M::mem_process_seqs] Processed 67928 reads in 6.720 CPU sec, 7.165 real sec
[M::process] read 72302 sequences (10000156 bp)...
[M::mem_process_seqs] Processed 70740 reads in 18.992 CPU sec, 19.889 real sec
[M::process] read 72124 sequences (10000244 bp)...
[M::mem_process_seqs] Processed 72302 reads in 24.506 CPU sec, 25.610 real sec
[M::process] read 72090 sequences (10000028 bp)...
[M::mem_process_seqs] Processed 72124 reads in 21.922 CPU sec, 22.352 real sec
[M::process] read 72432 sequences (10000213 bp)...
[M::mem_process_seqs] Processed 72090 reads in 29.454 CPU sec, 30.445 real sec
[M::process] read 72168 sequences (10000183 bp)...
[M::mem_process_seqs] Processed 72432 reads in 25.276 CPU sec, 26.378 real sec
[M::process] read 72338 sequences (10000244 bp)...
[M::mem_process_seqs] Processed 72168 reads in 27.416 CPU sec, 27.882 real sec
[M::process] read 72796 sequences (10000226 bp)...
[M::mem_process_seqs] Processed 72338 reads in 34.057 CPU sec, 35.175 real sec
[M::process] read 72720 sequences (10000057 bp)...
[M::mem_process_seqs] Processed 72796 reads in 26.449 CPU sec, 26.722 real sec
[M::process] read 72672 sequences (10000282 bp)...
[M::mem_process_seqs] Processed 72720 reads in 25.944 CPU sec, 27.027 real sec
[M::process] read 72236 sequences (10000068 bp)...
[M::mem_process_seqs] Processed 72672 reads in 27.648 CPU sec, 28.320 real sec
[M::process] read 72016 sequences (10000122 bp)...
[M::mem_process_seqs] Processed 72236 reads in 25.656 CPU sec, 26.978 real sec
[M::process] read 72622 sequences (10000053 bp)...
[M::mem_process_seqs] Processed 72016 reads in 36.354 CPU sec, 38.470 real sec
[M::process] read 72176 sequences (10000075 bp)...
[M::mem_process_seqs] Processed 72622 reads in 24.904 CPU sec, 26.446 real sec
[M::process] read 72320 sequences (10000000 bp)...
[M::mem_process_seqs] Processed 72176 reads in 24.723 CPU sec, 25.872 real sec
[M::process] read 72352 sequences (10000225 bp)...
[M::mem_process_seqs] Processed 72320 reads in 26.871 CPU sec, 27.396 real sec
[M::process] read 72398 sequences (10000123 bp)...
[M::mem_process_seqs] Processed 72352 reads in 28.722 CPU sec, 28.884 real sec
[M::process] read 72036 sequences (10000239 bp)...
[M::mem_process_seqs] Processed 72398 reads in 26.772 CPU sec, 27.972 real sec
[M::process] read 72104 sequences (10000046 bp)...
[M::mem_process_seqs] Processed 72036 reads in 27.164 CPU sec, 28.683 real sec
[M::process] read 72346 sequences (10000132 bp)...
[M::mem_process_seqs] Processed 72104 reads in 27.825 CPU sec, 29.609 real sec
[M::process] read 72404 sequences (10000279 bp)...
[M::mem_process_seqs] Processed 72346 reads in 23.772 CPU sec, 24.440 real sec
[M::process] read 72618 sequences (10000082 bp)...
[M::mem_process_seqs] Processed 72404 reads in 27.116 CPU sec, 28.028 real sec
[M::process] read 72406 sequences (10000167 bp)...
[M::mem_process_seqs] Processed 72618 reads in 26.640 CPU sec, 27.241 real sec
[M::process] read 72468 sequences (10000177 bp)...
[M::mem_process_seqs] Processed 72406 reads in 26.382 CPU sec, 27.684 real sec
[M::process] read 71998 sequences (10000240 bp)...
[M::mem_process_seqs] Processed 72468 reads in 25.488 CPU sec, 26.296 real sec
[M::process] read 72466 sequences (10000046 bp)...
[M::mem_process_seqs] Processed 71998 reads in 25.825 CPU sec, 27.545 real sec
[M::process] read 72178 sequences (10000172 bp)...
[M::mem_process_seqs] Processed 72466 reads in 24.774 CPU sec, 26.305 real sec
[M::process] read 72356 sequences (10000190 bp)...
[M::mem_process_seqs] Processed 72178 reads in 25.310 CPU sec, 25.913 real sec
[M::process] read 72284 sequences (10000163 bp)...
[M::mem_process_seqs] Processed 72356 reads in 25.173 CPU sec, 26.172 real sec
[M::process] read 72456 sequences (10000257 bp)...
[M::mem_process_seqs] Processed 72284 reads in 30.118 CPU sec, 31.633 real sec
[M::process] read 72780 sequences (10000083 bp)...
[M::mem_process_seqs] Processed 72456 reads in 24.046 CPU sec, 25.286 real sec
[M::process] read 72188 sequences (10000167 bp)...
[M::mem_process_seqs] Processed 72780 reads in 25.984 CPU sec, 27.479 real sec
[M::process] read 72384 sequences (10000149 bp)...
[M::mem_process_seqs] Processed 72188 reads in 25.718 CPU sec, 27.923 real sec
[M::process] read 72076 sequences (10000147 bp)...
[M::mem_process_seqs] Processed 72384 reads in 33.940 CPU sec, 36.226 real sec
[M::process] read 72404 sequences (10000179 bp)...
[M::mem_process_seqs] Processed 72076 reads in 32.185 CPU sec, 33.855 real sec
[M::process] read 72386 sequences (10000266 bp)...
[M::mem_process_seqs] Processed 72404 reads in 26.704 CPU sec, 29.326 real sec
[M::process] read 72316 sequences (10000152 bp)...
[M::mem_process_seqs] Processed 72386 reads in 28.226 CPU sec, 30.104 real sec
[M::process] read 72392 sequences (10000002 bp)...
[M::mem_process_seqs] Processed 72316 reads in 27.092 CPU sec, 28.617 real sec
[M::process] read 71742 sequences (10000255 bp)...
[M::mem_process_seqs] Processed 72392 reads in 27.112 CPU sec, 28.330 real sec
[M::process] read 72664 sequences (10000044 bp)...
[M::mem_process_seqs] Processed 71742 reads in 32.968 CPU sec, 34.777 real sec
[M::process] read 72482 sequences (10000267 bp)...
[M::mem_process_seqs] Processed 72664 reads in 25.209 CPU sec, 26.000 real sec
[M::process] read 72480 sequences (10000067 bp)...
[M::mem_process_seqs] Processed 72482 reads in 25.927 CPU sec, 27.549 real sec
[M::process] read 72332 sequences (10000193 bp)...
[M::mem_process_seqs] Processed 72480 reads in 25.130 CPU sec, 25.948 real sec
[M::process] read 72328 sequences (10000050 bp)...
[M::mem_process_seqs] Processed 72332 reads in 25.528 CPU sec, 27.139 real sec
[M::process] read 72266 sequences (10000077 bp)...
[M::mem_process_seqs] Processed 72328 reads in 32.627 CPU sec, 34.028 real sec
[M::process] read 72342 sequences (10000105 bp)...
[M::mem_process_seqs] Processed 72266 reads in 30.005 CPU sec, 30.773 real sec
[M::process] read 72654 sequences (10000047 bp)...
[M::mem_process_seqs] Processed 72342 reads in 26.940 CPU sec, 28.228 real sec
[M::process] read 72370 sequences (10000044 bp)...
[M::mem_process_seqs] Processed 72654 reads in 26.270 CPU sec, 27.288 real sec
[M::process] read 72250 sequences (10000043 bp)...
[M::mem_process_seqs] Processed 72370 reads in 24.631 CPU sec, 25.933 real sec
[M::process] read 72546 sequences (10000278 bp)...
[M::mem_process_seqs] Processed 72250 reads in 26.940 CPU sec, 28.356 real sec
[M::process] read 72506 sequences (10000016 bp)...
[M::mem_process_seqs] Processed 72546 reads in 26.007 CPU sec, 27.114 real sec
[M::process] read 72418 sequences (10000146 bp)...
[M::mem_process_seqs] Processed 72506 reads in 27.102 CPU sec, 28.563 real sec
[M::process] read 72182 sequences (10000285 bp)...
[M::mem_process_seqs] Processed 72418 reads in 25.124 CPU sec, 27.459 real sec
[M::process] read 72790 sequences (10000172 bp)...
[M::mem_process_seqs] Processed 72182 reads in 24.360 CPU sec, 25.869 real sec
[M::process] read 72674 sequences (10000298 bp)...
[M::mem_process_seqs] Processed 72790 reads in 26.837 CPU sec, 27.832 real sec
[M::process] read 72336 sequences (10000257 bp)...
[M::mem_process_seqs] Processed 72674 reads in 24.458 CPU sec, 24.797 real sec
[M::process] read 72116 sequences (10000045 bp)...
[M::mem_process_seqs] Processed 72336 reads in 24.908 CPU sec, 26.417 real sec
[M::process] read 72564 sequences (10000162 bp)...
[M::mem_process_seqs] Processed 72116 reads in 29.313 CPU sec, 30.066 real sec
[M::process] read 72860 sequences (10000086 bp)...
[M::mem_process_seqs] Processed 72564 reads in 28.746 CPU sec, 30.273 real sec
[M::process] read 72656 sequences (10000056 bp)...
[M::mem_process_seqs] Processed 72860 reads in 30.932 CPU sec, 32.617 real sec
[M::process] read 72310 sequences (10000268 bp)...
[M::mem_process_seqs] Processed 72656 reads in 24.287 CPU sec, 26.151 real sec
[M::process] read 72426 sequences (10000116 bp)...
[M::mem_process_seqs] Processed 72310 reads in 23.534 CPU sec, 24.501 real sec
[M::process] read 72588 sequences (10000121 bp)...
[M::mem_process_seqs] Processed 72426 reads in 25.543 CPU sec, 27.207 real sec
[M::process] read 72168 sequences (10000139 bp)...
[M::mem_process_seqs] Processed 72588 reads in 30.690 CPU sec, 32.387 real sec
[M::process] read 72490 sequences (10000107 bp)...
[M::mem_process_seqs] Processed 72168 reads in 31.519 CPU sec, 32.859 real sec
[M::process] read 72202 sequences (10000067 bp)...
[M::mem_process_seqs] Processed 72490 reads in 28.352 CPU sec, 28.899 real sec
[M::process] read 72324 sequences (10000053 bp)...
[M::mem_process_seqs] Processed 72202 reads in 29.170 CPU sec, 30.997 real sec
[M::process] read 72304 sequences (10000290 bp)...
[M::mem_process_seqs] Processed 72324 reads in 24.412 CPU sec, 24.829 real sec
[M::process] read 72354 sequences (10000203 bp)...
[M::mem_process_seqs] Processed 72304 reads in 26.686 CPU sec, 27.318 real sec
[M::process] read 72442 sequences (10000007 bp)...
[M::mem_process_seqs] Processed 72354 reads in 27.268 CPU sec, 29.348 real sec
[M::process] read 72402 sequences (10000188 bp)...
[M::mem_process_seqs] Processed 72442 reads in 27.850 CPU sec, 29.448 real sec
[M::process] read 72376 sequences (10000150 bp)...
[M::mem_process_seqs] Processed 72402 reads in 26.667 CPU sec, 26.941 real sec
[M::process] read 72280 sequences (10000143 bp)...
[M::mem_process_seqs] Processed 72376 reads in 25.757 CPU sec, 26.513 real sec
[M::process] read 72256 sequences (10000024 bp)...
[M::mem_process_seqs] Processed 72280 reads in 25.268 CPU sec, 26.835 real sec
[M::process] read 72222 sequences (10000085 bp)...
[M::mem_process_seqs] Processed 72256 reads in 25.355 CPU sec, 26.635 real sec
[M::process] read 72376 sequences (10000029 bp)...
[M::mem_process_seqs] Processed 72222 reads in 25.331 CPU sec, 26.532 real sec
[M::process] read 70066 sequences (10000160 bp)...
[M::mem_process_seqs] Processed 72376 reads in 24.127 CPU sec, 25.109 real sec
[M::process] read 70992 sequences (10000138 bp)...
[M::mem_process_seqs] Processed 70066 reads in 17.144 CPU sec, 17.801 real sec
[M::process] read 72482 sequences (10000093 bp)...
[M::mem_process_seqs] Processed 70992 reads in 21.593 CPU sec, 22.778 real sec
[M::process] read 72458 sequences (10000037 bp)...
[M::mem_process_seqs] Processed 72482 reads in 24.829 CPU sec, 26.128 real sec
[M::process] read 72096 sequences (10000029 bp)...
[M::mem_process_seqs] Processed 72458 reads in 25.156 CPU sec, 25.734 real sec
[M::process] read 72466 sequences (10000247 bp)...
[M::mem_process_seqs] Processed 72096 reads in 29.034 CPU sec, 30.012 real sec
[M::process] read 72520 sequences (10000241 bp)...
[M::mem_process_seqs] Processed 72466 reads in 24.336 CPU sec, 25.452 real sec
[M::process] read 72540 sequences (10000092 bp)...
[M::mem_process_seqs] Processed 72520 reads in 29.623 CPU sec, 30.405 real sec
[M::process] read 72150 sequences (10000191 bp)...
[M::mem_process_seqs] Processed 72540 reads in 28.719 CPU sec, 29.723 real sec
[M::process] read 72616 sequences (10000202 bp)...
[M::mem_process_seqs] Processed 72150 reads in 27.331 CPU sec, 28.137 real sec
[M::process] read 72180 sequences (10000113 bp)...
[M::mem_process_seqs] Processed 72616 reads in 26.072 CPU sec, 26.766 real sec
[M::process] read 72360 sequences (10000207 bp)...
[M::mem_process_seqs] Processed 72180 reads in 25.938 CPU sec, 26.711 real sec
[M::process] read 72022 sequences (10000194 bp)...
[M::mem_process_seqs] Processed 72360 reads in 23.907 CPU sec, 24.902 real sec
[M::process] read 72038 sequences (10000189 bp)...
[M::mem_process_seqs] Processed 72022 reads in 27.364 CPU sec, 27.861 real sec
[M::process] read 72338 sequences (10000139 bp)...
[M::mem_process_seqs] Processed 72038 reads in 29.154 CPU sec, 31.007 real sec
[M::process] read 72470 sequences (10000042 bp)...
[M::mem_process_seqs] Processed 72338 reads in 25.790 CPU sec, 27.399 real sec
[M::process] read 72416 sequences (10000117 bp)...
[M::mem_process_seqs] Processed 72470 reads in 26.631 CPU sec, 27.784 real sec
[M::process] read 72328 sequences (10000124 bp)...
[M::mem_process_seqs] Processed 72416 reads in 23.790 CPU sec, 25.042 real sec
[M::process] read 72340 sequences (10000223 bp)...
[M::mem_process_seqs] Processed 72328 reads in 29.721 CPU sec, 31.247 real sec
[M::process] read 72494 sequences (10000003 bp)...
[M::mem_process_seqs] Processed 72340 reads in 27.857 CPU sec, 28.361 real sec
[M::process] read 72240 sequences (10000033 bp)...
[M::mem_process_seqs] Processed 72494 reads in 24.595 CPU sec, 27.208 real sec
[M::process] read 72606 sequences (10000111 bp)...
[M::mem_process_seqs] Processed 72240 reads in 27.605 CPU sec, 28.621 real sec
[M::process] read 72282 sequences (10000094 bp)...
[M::mem_process_seqs] Processed 72606 reads in 24.804 CPU sec, 26.039 real sec
[M::process] read 72254 sequences (10000230 bp)...
[M::mem_process_seqs] Processed 72282 reads in 26.898 CPU sec, 28.335 real sec
[M::process] read 72374 sequences (10000064 bp)...
[M::mem_process_seqs] Processed 72254 reads in 26.437 CPU sec, 27.470 real sec
[M::process] read 72480 sequences (10000258 bp)...
[M::mem_process_seqs] Processed 72374 reads in 25.950 CPU sec, 26.788 real sec
[M::process] read 72238 sequences (10000067 bp)...
[M::mem_process_seqs] Processed 72480 reads in 27.711 CPU sec, 28.460 real sec
[M::process] read 72374 sequences (10000087 bp)...
[M::mem_process_seqs] Processed 72238 reads in 24.777 CPU sec, 25.257 real sec
[M::process] read 72564 sequences (10000019 bp)...
[M::mem_process_seqs] Processed 72374 reads in 24.775 CPU sec, 25.284 real sec
[M::process] read 72666 sequences (10000007 bp)...
[M::mem_process_seqs] Processed 72564 reads in 28.465 CPU sec, 29.368 real sec
[M::process] read 72266 sequences (10000075 bp)...
[M::mem_process_seqs] Processed 72666 reads in 29.405 CPU sec, 30.387 real sec
[M::process] read 72042 sequences (10000173 bp)...
[M::mem_process_seqs] Processed 72266 reads in 25.518 CPU sec, 26.490 real sec
[M::process] read 71592 sequences (10000070 bp)...
[M::mem_process_seqs] Processed 72042 reads in 27.016 CPU sec, 27.373 real sec
[M::process] read 72024 sequences (10000209 bp)...
[M::mem_process_seqs] Processed 71592 reads in 23.222 CPU sec, 24.519 real sec
[M::process] read 72472 sequences (10000154 bp)...
[M::mem_process_seqs] Processed 72024 reads in 25.402 CPU sec, 26.168 real sec
[M::process] read 72262 sequences (10000029 bp)...
[M::mem_process_seqs] Processed 72472 reads in 26.727 CPU sec, 27.751 real sec
[M::process] read 72260 sequences (10000109 bp)...
[M::mem_process_seqs] Processed 72262 reads in 25.256 CPU sec, 26.683 real sec
[M::process] read 72520 sequences (10000258 bp)...
[M::mem_process_seqs] Processed 72260 reads in 28.160 CPU sec, 29.625 real sec
[M::process] read 72296 sequences (10000013 bp)...
[M::mem_process_seqs] Processed 72520 reads in 33.056 CPU sec, 34.185 real sec
[M::process] read 72408 sequences (10000285 bp)...
[M::mem_process_seqs] Processed 72296 reads in 25.220 CPU sec, 25.570 real sec
[M::process] read 72390 sequences (10000235 bp)...
[M::mem_process_seqs] Processed 72408 reads in 27.593 CPU sec, 28.162 real sec
[M::process] read 72490 sequences (10000288 bp)...
[M::mem_process_seqs] Processed 72390 reads in 25.680 CPU sec, 25.780 real sec
[M::process] read 72390 sequences (10000185 bp)...
[M::mem_process_seqs] Processed 72490 reads in 27.591 CPU sec, 27.719 real sec
[M::process] read 72308 sequences (10000271 bp)...
[M::mem_process_seqs] Processed 72390 reads in 27.010 CPU sec, 27.954 real sec
[M::process] read 72130 sequences (10000078 bp)...
[M::mem_process_seqs] Processed 72308 reads in 25.695 CPU sec, 25.897 real sec
[M::process] read 72374 sequences (10000233 bp)...
[M::mem_process_seqs] Processed 72130 reads in 31.852 CPU sec, 31.827 real sec
[M::process] read 72282 sequences (10000286 bp)...
[M::mem_process_seqs] Processed 72374 reads in 25.496 CPU sec, 25.380 real sec
[M::process] read 72130 sequences (10000199 bp)...
[M::mem_process_seqs] Processed 72282 reads in 23.896 CPU sec, 23.850 real sec
[M::process] read 72470 sequences (10000158 bp)...
[M::mem_process_seqs] Processed 72130 reads in 29.567 CPU sec, 30.988 real sec
[M::process] read 72518 sequences (10000070 bp)...
[M::mem_process_seqs] Processed 72470 reads in 30.076 CPU sec, 30.739 real sec
[M::process] read 72300 sequences (10000192 bp)...
[M::mem_process_seqs] Processed 72518 reads in 25.366 CPU sec, 25.883 real sec
[M::process] read 72430 sequences (10000137 bp)...
[M::mem_process_seqs] Processed 72300 reads in 24.885 CPU sec, 26.837 real sec
[M::process] read 72450 sequences (10000272 bp)...
[M::mem_process_seqs] Processed 72430 reads in 25.942 CPU sec, 28.295 real sec
[M::process] read 72498 sequences (10000093 bp)...
[M::mem_process_seqs] Processed 72450 reads in 24.473 CPU sec, 25.093 real sec
[M::process] read 72446 sequences (10000174 bp)...
[M::mem_process_seqs] Processed 72498 reads in 24.867 CPU sec, 25.490 real sec
[M::process] read 72380 sequences (10000178 bp)...
[M::mem_process_seqs] Processed 72446 reads in 25.738 CPU sec, 25.610 real sec
[M::process] read 48762 sequences (6869929 bp)...
[M::mem_process_seqs] Processed 72380 reads in 24.518 CPU sec, 24.650 real sec
[M::mem_process_seqs] Processed 48762 reads in 15.774 CPU sec, 15.892 real sec
[main] Version: 0.7.17-r1188
[main] CMD: bwa mem -L 5 -I 533.109,60.1675,613,366 -t 1 -a -M -T 30 -A 1 -B 4 -O 6 -R @RG\tID:Aen-Cbat_001-AeC01001_CKDL210012719-1a-5UDI301-AK533_HF5TCDSX2_L1_clmp_fp2_repr\tSM:Aen-Cbat_001-AeC01001_CKDL210012719-1a-5UDI301-AK533_HF5TCDSX2_L1_clmp_fp2_repr\tPL:Illumina reference.rad.baited-6-6.fasta Aen-Cbat_001-AeC01001_CKDL210012719-1a-5UDI301-AK533_HF5TCDSX2_L1_clmp_fp2_repr.R1.fq.gz Aen-Cbat_001-AeC01001_CKDL210012719-1a-5UDI301-AK533_HF5TCDSX2_L1_clmp_fp2_repr.R2.fq.gz
[main] Real time: 4727.844 sec; CPU: 4535.557 sec
