[M::main_mem] mean insert size: 533.109, stddev: 60.167, max: 613, min: 366
[M::bwa_idx_load_from_disk] read 0 ALT contigs
[M::process] read 72594 sequences (10000236 bp)...
[M::process] read 72492 sequences (10000225 bp)...
[M::mem_process_seqs] Processed 72594 reads in 25.723 CPU sec, 26.762 real sec
[M::process] read 72994 sequences (10000244 bp)...
[M::mem_process_seqs] Processed 72492 reads in 24.302 CPU sec, 25.332 real sec
[M::process] read 68750 sequences (10000229 bp)...
[M::mem_process_seqs] Processed 72994 reads in 27.760 CPU sec, 28.047 real sec
[M::process] read 67922 sequences (10000068 bp)...
[M::mem_process_seqs] Processed 68750 reads in 12.444 CPU sec, 13.119 real sec
[M::process] read 71866 sequences (10000116 bp)...
[M::mem_process_seqs] Processed 67922 reads in 6.956 CPU sec, 7.237 real sec
[M::process] read 72038 sequences (10000109 bp)...
[M::mem_process_seqs] Processed 71866 reads in 20.155 CPU sec, 20.236 real sec
[M::process] read 72264 sequences (10000048 bp)...
[M::mem_process_seqs] Processed 72038 reads in 24.638 CPU sec, 25.860 real sec
[M::process] read 72684 sequences (10000065 bp)...
[M::mem_process_seqs] Processed 72264 reads in 24.515 CPU sec, 25.389 real sec
[M::process] read 72042 sequences (10000099 bp)...
[M::mem_process_seqs] Processed 72684 reads in 27.252 CPU sec, 29.289 real sec
[M::process] read 72512 sequences (10000218 bp)...
[M::mem_process_seqs] Processed 72042 reads in 25.060 CPU sec, 26.601 real sec
[M::process] read 72422 sequences (10000208 bp)...
[M::mem_process_seqs] Processed 72512 reads in 27.059 CPU sec, 27.777 real sec
[M::process] read 72424 sequences (10000003 bp)...
[M::mem_process_seqs] Processed 72422 reads in 31.456 CPU sec, 33.257 real sec
[M::process] read 72318 sequences (10000064 bp)...
[M::mem_process_seqs] Processed 72424 reads in 25.831 CPU sec, 27.282 real sec
[M::process] read 72084 sequences (10000236 bp)...
[M::mem_process_seqs] Processed 72318 reads in 32.202 CPU sec, 34.293 real sec
[M::process] read 72574 sequences (10000089 bp)...
[M::mem_process_seqs] Processed 72084 reads in 27.976 CPU sec, 29.299 real sec
[M::process] read 72144 sequences (10000185 bp)...
[M::mem_process_seqs] Processed 72574 reads in 28.038 CPU sec, 29.403 real sec
[M::process] read 72430 sequences (10000003 bp)...
[M::mem_process_seqs] Processed 72144 reads in 25.829 CPU sec, 27.284 real sec
[M::process] read 72542 sequences (10000026 bp)...
[M::mem_process_seqs] Processed 72430 reads in 26.541 CPU sec, 27.916 real sec
[M::process] read 70334 sequences (10000063 bp)...
[M::mem_process_seqs] Processed 72542 reads in 34.634 CPU sec, 35.674 real sec
[M::process] read 72070 sequences (10000218 bp)...
[M::mem_process_seqs] Processed 70334 reads in 13.690 CPU sec, 13.968 real sec
[M::process] read 72276 sequences (10000290 bp)...
[M::mem_process_seqs] Processed 72070 reads in 21.385 CPU sec, 22.680 real sec
[M::process] read 72286 sequences (10000158 bp)...
[M::mem_process_seqs] Processed 72276 reads in 26.537 CPU sec, 27.710 real sec
[M::process] read 72020 sequences (10000113 bp)...
[M::mem_process_seqs] Processed 72286 reads in 25.551 CPU sec, 26.802 real sec
[M::process] read 72200 sequences (10000268 bp)...
[M::mem_process_seqs] Processed 72020 reads in 24.795 CPU sec, 25.964 real sec
[M::process] read 72264 sequences (10000221 bp)...
[M::mem_process_seqs] Processed 72200 reads in 26.559 CPU sec, 27.070 real sec
[M::process] read 71694 sequences (10000156 bp)...
[M::mem_process_seqs] Processed 72264 reads in 27.351 CPU sec, 28.691 real sec
[M::process] read 72274 sequences (10000111 bp)...
[M::mem_process_seqs] Processed 71694 reads in 33.275 CPU sec, 35.625 real sec
[M::process] read 72102 sequences (10000154 bp)...
[M::mem_process_seqs] Processed 72274 reads in 25.627 CPU sec, 27.241 real sec
[M::process] read 72142 sequences (10000121 bp)...
[M::mem_process_seqs] Processed 72102 reads in 26.042 CPU sec, 27.014 real sec
[M::process] read 70758 sequences (10000073 bp)...
[M::mem_process_seqs] Processed 72142 reads in 25.988 CPU sec, 27.015 real sec
[M::process] read 67938 sequences (10000010 bp)...
[M::mem_process_seqs] Processed 70758 reads in 19.587 CPU sec, 20.321 real sec
[M::process] read 70484 sequences (10000096 bp)...
[M::mem_process_seqs] Processed 67938 reads in 6.731 CPU sec, 6.770 real sec
[M::process] read 72366 sequences (10000286 bp)...
[M::mem_process_seqs] Processed 70484 reads in 18.315 CPU sec, 18.384 real sec
[M::process] read 72094 sequences (10000015 bp)...
[M::mem_process_seqs] Processed 72366 reads in 24.536 CPU sec, 25.304 real sec
[M::process] read 72104 sequences (10000043 bp)...
[M::mem_process_seqs] Processed 72094 reads in 21.943 CPU sec, 22.701 real sec
[M::process] read 72302 sequences (10000238 bp)...
[M::mem_process_seqs] Processed 72104 reads in 27.654 CPU sec, 29.526 real sec
[M::process] read 72282 sequences (10000016 bp)...
[M::mem_process_seqs] Processed 72302 reads in 26.417 CPU sec, 28.025 real sec
[M::process] read 72710 sequences (10000135 bp)...
[M::mem_process_seqs] Processed 72282 reads in 31.936 CPU sec, 33.947 real sec
[M::process] read 72604 sequences (10000180 bp)...
[M::mem_process_seqs] Processed 72710 reads in 26.319 CPU sec, 27.472 real sec
[M::process] read 72450 sequences (10000071 bp)...
[M::mem_process_seqs] Processed 72604 reads in 28.266 CPU sec, 30.073 real sec
[M::process] read 72082 sequences (10000027 bp)...
[M::mem_process_seqs] Processed 72450 reads in 24.229 CPU sec, 25.153 real sec
[M::process] read 72406 sequences (10000128 bp)...
[M::mem_process_seqs] Processed 72082 reads in 33.199 CPU sec, 34.431 real sec
[M::process] read 72012 sequences (10000055 bp)...
[M::mem_process_seqs] Processed 72406 reads in 25.420 CPU sec, 27.114 real sec
[M::process] read 72320 sequences (10000218 bp)...
[M::mem_process_seqs] Processed 72012 reads in 25.501 CPU sec, 27.320 real sec
[M::process] read 72310 sequences (10000004 bp)...
[M::mem_process_seqs] Processed 72320 reads in 26.922 CPU sec, 28.360 real sec
[M::process] read 72080 sequences (10000116 bp)...
[M::mem_process_seqs] Processed 72310 reads in 25.841 CPU sec, 26.262 real sec
[M::process] read 72294 sequences (10000247 bp)...
[M::mem_process_seqs] Processed 72080 reads in 28.578 CPU sec, 30.311 real sec
[M::process] read 72320 sequences (10000198 bp)...
[M::mem_process_seqs] Processed 72294 reads in 24.710 CPU sec, 25.007 real sec
[M::process] read 72404 sequences (10000250 bp)...
[M::mem_process_seqs] Processed 72320 reads in 26.493 CPU sec, 26.877 real sec
[M::process] read 72150 sequences (10000163 bp)...
[M::mem_process_seqs] Processed 72404 reads in 27.154 CPU sec, 27.359 real sec
[M::process] read 72138 sequences (10000218 bp)...
[M::mem_process_seqs] Processed 72150 reads in 25.925 CPU sec, 26.757 real sec
[M::process] read 72266 sequences (10000121 bp)...
[M::mem_process_seqs] Processed 72138 reads in 25.123 CPU sec, 25.614 real sec
[M::process] read 72090 sequences (10000161 bp)...
[M::mem_process_seqs] Processed 72266 reads in 25.077 CPU sec, 25.933 real sec
[M::process] read 72368 sequences (10000166 bp)...
[M::mem_process_seqs] Processed 72090 reads in 25.516 CPU sec, 25.748 real sec
[M::process] read 72324 sequences (10000159 bp)...
[M::mem_process_seqs] Processed 72368 reads in 25.990 CPU sec, 25.833 real sec
[M::process] read 72524 sequences (10000156 bp)...
[M::mem_process_seqs] Processed 72324 reads in 26.802 CPU sec, 26.878 real sec
[M::process] read 72230 sequences (10000160 bp)...
[M::mem_process_seqs] Processed 72524 reads in 25.825 CPU sec, 26.441 real sec
[M::process] read 72244 sequences (10000218 bp)...
[M::mem_process_seqs] Processed 72230 reads in 25.654 CPU sec, 26.134 real sec
[M::process] read 72034 sequences (10000090 bp)...
[M::mem_process_seqs] Processed 72244 reads in 34.338 CPU sec, 35.663 real sec
[M::process] read 72242 sequences (10000092 bp)...
[M::mem_process_seqs] Processed 72034 reads in 28.417 CPU sec, 30.814 real sec
[M::process] read 72246 sequences (10000007 bp)...
[M::mem_process_seqs] Processed 72242 reads in 26.739 CPU sec, 27.834 real sec
[M::process] read 71884 sequences (10000091 bp)...
[M::mem_process_seqs] Processed 72246 reads in 26.295 CPU sec, 27.475 real sec
[M::process] read 72512 sequences (10000165 bp)...
[M::mem_process_seqs] Processed 71884 reads in 30.994 CPU sec, 31.818 real sec
[M::process] read 72404 sequences (10000085 bp)...
[M::mem_process_seqs] Processed 72512 reads in 25.515 CPU sec, 26.461 real sec
[M::process] read 72558 sequences (10000158 bp)...
[M::mem_process_seqs] Processed 72404 reads in 25.168 CPU sec, 26.039 real sec
[M::process] read 72244 sequences (10000095 bp)...
[M::mem_process_seqs] Processed 72558 reads in 25.853 CPU sec, 26.897 real sec
[M::process] read 72364 sequences (10000170 bp)...
[M::mem_process_seqs] Processed 72244 reads in 31.851 CPU sec, 34.475 real sec
[M::process] read 72188 sequences (10000080 bp)...
[M::mem_process_seqs] Processed 72364 reads in 28.215 CPU sec, 29.496 real sec
[M::process] read 72474 sequences (10000254 bp)...
[M::mem_process_seqs] Processed 72188 reads in 27.683 CPU sec, 29.452 real sec
[M::process] read 72234 sequences (10000013 bp)...
[M::mem_process_seqs] Processed 72474 reads in 25.425 CPU sec, 26.735 real sec
[M::process] read 72520 sequences (10000021 bp)...
[M::mem_process_seqs] Processed 72234 reads in 26.181 CPU sec, 26.982 real sec
[M::process] read 72344 sequences (10000043 bp)...
[M::mem_process_seqs] Processed 72520 reads in 26.810 CPU sec, 27.816 real sec
[M::process] read 72084 sequences (10000024 bp)...
[M::mem_process_seqs] Processed 72344 reads in 26.224 CPU sec, 26.782 real sec
[M::process] read 72584 sequences (10000012 bp)...
[M::mem_process_seqs] Processed 72084 reads in 24.450 CPU sec, 24.711 real sec
[M::process] read 72494 sequences (10000070 bp)...
[M::mem_process_seqs] Processed 72584 reads in 25.587 CPU sec, 26.915 real sec
[M::process] read 71978 sequences (10000105 bp)...
[M::mem_process_seqs] Processed 72494 reads in 24.590 CPU sec, 26.081 real sec
[M::process] read 72408 sequences (10000080 bp)...
[M::mem_process_seqs] Processed 71978 reads in 27.633 CPU sec, 28.335 real sec
[M::process] read 72776 sequences (10000091 bp)...
[M::mem_process_seqs] Processed 72408 reads in 27.894 CPU sec, 28.817 real sec
[M::process] read 72452 sequences (10000290 bp)...
[M::mem_process_seqs] Processed 72776 reads in 29.727 CPU sec, 31.200 real sec
[M::process] read 72240 sequences (10000034 bp)...
[M::mem_process_seqs] Processed 72452 reads in 24.178 CPU sec, 25.819 real sec
[M::process] read 72536 sequences (10000224 bp)...
[M::mem_process_seqs] Processed 72240 reads in 24.554 CPU sec, 25.473 real sec
[M::process] read 72066 sequences (10000162 bp)...
[M::mem_process_seqs] Processed 72536 reads in 29.574 CPU sec, 30.575 real sec
[M::process] read 72392 sequences (10000176 bp)...
[M::mem_process_seqs] Processed 72066 reads in 29.367 CPU sec, 30.661 real sec
[M::process] read 72104 sequences (10000286 bp)...
[M::mem_process_seqs] Processed 72392 reads in 29.890 CPU sec, 30.748 real sec
[M::process] read 72184 sequences (10000109 bp)...
[M::mem_process_seqs] Processed 72104 reads in 25.950 CPU sec, 27.235 real sec
[M::process] read 72300 sequences (10000096 bp)...
[M::mem_process_seqs] Processed 72184 reads in 24.719 CPU sec, 25.736 real sec
[M::process] read 72330 sequences (10000100 bp)...
[M::mem_process_seqs] Processed 72300 reads in 28.001 CPU sec, 28.998 real sec
[M::process] read 72208 sequences (10000031 bp)...
[M::mem_process_seqs] Processed 72330 reads in 25.391 CPU sec, 26.442 real sec
[M::process] read 72156 sequences (10000121 bp)...
[M::mem_process_seqs] Processed 72208 reads in 25.636 CPU sec, 26.484 real sec
[M::process] read 72194 sequences (10000296 bp)...
[M::mem_process_seqs] Processed 72156 reads in 25.198 CPU sec, 26.060 real sec
[M::process] read 72372 sequences (10000073 bp)...
[M::mem_process_seqs] Processed 72194 reads in 24.946 CPU sec, 25.172 real sec
[M::process] read 69480 sequences (10000239 bp)...
[M::mem_process_seqs] Processed 72372 reads in 23.851 CPU sec, 24.029 real sec
[M::process] read 71712 sequences (10000103 bp)...
[M::mem_process_seqs] Processed 69480 reads in 12.371 CPU sec, 12.419 real sec
[M::process] read 72346 sequences (10000114 bp)...
[M::mem_process_seqs] Processed 71712 reads in 26.236 CPU sec, 27.010 real sec
[M::process] read 72170 sequences (10000116 bp)...
[M::mem_process_seqs] Processed 72346 reads in 24.915 CPU sec, 25.177 real sec
[M::process] read 72270 sequences (10000017 bp)...
[M::mem_process_seqs] Processed 72170 reads in 26.597 CPU sec, 27.929 real sec
[M::process] read 72574 sequences (10000204 bp)...
[M::mem_process_seqs] Processed 72270 reads in 26.182 CPU sec, 26.493 real sec
[M::process] read 72352 sequences (10000019 bp)...
[M::mem_process_seqs] Processed 72574 reads in 28.505 CPU sec, 30.178 real sec
[M::process] read 72336 sequences (10000205 bp)...
[M::mem_process_seqs] Processed 72352 reads in 28.352 CPU sec, 29.613 real sec
[M::process] read 72154 sequences (10000275 bp)...
[M::mem_process_seqs] Processed 72336 reads in 27.080 CPU sec, 28.160 real sec
[M::process] read 72118 sequences (10000230 bp)...
[M::mem_process_seqs] Processed 72154 reads in 25.696 CPU sec, 26.245 real sec
[M::process] read 71990 sequences (10000101 bp)...
[M::mem_process_seqs] Processed 72118 reads in 24.989 CPU sec, 25.352 real sec
[M::process] read 72176 sequences (10000281 bp)...
[M::mem_process_seqs] Processed 71990 reads in 28.499 CPU sec, 28.695 real sec
[M::process] read 72278 sequences (10000094 bp)...
[M::mem_process_seqs] Processed 72176 reads in 26.140 CPU sec, 26.810 real sec
[M::process] read 72274 sequences (10000046 bp)...
[M::mem_process_seqs] Processed 72278 reads in 25.447 CPU sec, 25.855 real sec
[M::process] read 72326 sequences (10000247 bp)...
[M::mem_process_seqs] Processed 72274 reads in 26.006 CPU sec, 26.792 real sec
[M::process] read 72182 sequences (10000089 bp)...
[M::mem_process_seqs] Processed 72326 reads in 27.534 CPU sec, 28.514 real sec
[M::process] read 72300 sequences (10000014 bp)...
[M::mem_process_seqs] Processed 72182 reads in 26.848 CPU sec, 27.755 real sec
[M::process] read 72558 sequences (10000149 bp)...
[M::mem_process_seqs] Processed 72300 reads in 27.608 CPU sec, 27.994 real sec
[M::process] read 72262 sequences (10000208 bp)...
[M::mem_process_seqs] Processed 72558 reads in 25.993 CPU sec, 27.019 real sec
[M::process] read 71988 sequences (10000061 bp)...
[M::mem_process_seqs] Processed 72262 reads in 25.226 CPU sec, 26.650 real sec
[M::process] read 72284 sequences (10000022 bp)...
[M::mem_process_seqs] Processed 71988 reads in 27.311 CPU sec, 28.622 real sec
[M::process] read 72132 sequences (10000128 bp)...
[M::mem_process_seqs] Processed 72284 reads in 27.398 CPU sec, 28.392 real sec
[M::process] read 72404 sequences (10000186 bp)...
[M::mem_process_seqs] Processed 72132 reads in 24.801 CPU sec, 25.327 real sec
[M::process] read 72678 sequences (10000030 bp)...
[M::mem_process_seqs] Processed 72404 reads in 26.415 CPU sec, 27.494 real sec
[M::process] read 72242 sequences (10000059 bp)...
[M::mem_process_seqs] Processed 72678 reads in 29.163 CPU sec, 30.180 real sec
[M::process] read 71514 sequences (10000278 bp)...
[M::mem_process_seqs] Processed 72242 reads in 25.700 CPU sec, 26.811 real sec
[M::process] read 72232 sequences (10000278 bp)...
[M::mem_process_seqs] Processed 71514 reads in 25.124 CPU sec, 25.605 real sec
[M::process] read 72186 sequences (10000102 bp)...
[M::mem_process_seqs] Processed 72232 reads in 25.048 CPU sec, 25.556 real sec
[M::process] read 72150 sequences (10000061 bp)...
[M::mem_process_seqs] Processed 72186 reads in 25.551 CPU sec, 26.242 real sec
[M::process] read 72300 sequences (10000033 bp)...
[M::mem_process_seqs] Processed 72150 reads in 25.147 CPU sec, 26.476 real sec
[M::process] read 72334 sequences (10000211 bp)...
[M::mem_process_seqs] Processed 72300 reads in 27.390 CPU sec, 27.883 real sec
[M::process] read 72416 sequences (10000100 bp)...
[M::mem_process_seqs] Processed 72334 reads in 29.655 CPU sec, 31.015 real sec
[M::process] read 72230 sequences (10000171 bp)...
[M::mem_process_seqs] Processed 72416 reads in 27.922 CPU sec, 28.408 real sec
[M::process] read 72348 sequences (10000244 bp)...
[M::mem_process_seqs] Processed 72230 reads in 25.282 CPU sec, 25.444 real sec
[M::process] read 72314 sequences (10000005 bp)...
[M::mem_process_seqs] Processed 72348 reads in 26.638 CPU sec, 26.627 real sec
[M::process] read 72198 sequences (10000082 bp)...
[M::mem_process_seqs] Processed 72314 reads in 25.258 CPU sec, 25.722 real sec
[M::process] read 72038 sequences (10000062 bp)...
[M::mem_process_seqs] Processed 72198 reads in 30.513 CPU sec, 30.781 real sec
[M::process] read 72242 sequences (10000197 bp)...
[M::mem_process_seqs] Processed 72038 reads in 24.752 CPU sec, 24.903 real sec
[M::process] read 72184 sequences (10000119 bp)...
[M::mem_process_seqs] Processed 72242 reads in 26.441 CPU sec, 26.317 real sec
[M::process] read 72360 sequences (10000297 bp)...
[M::mem_process_seqs] Processed 72184 reads in 28.211 CPU sec, 28.211 real sec
[M::process] read 72400 sequences (10000133 bp)...
[M::mem_process_seqs] Processed 72360 reads in 26.799 CPU sec, 26.724 real sec
[M::process] read 72402 sequences (10000252 bp)...
[M::mem_process_seqs] Processed 72400 reads in 25.038 CPU sec, 24.710 real sec
[M::process] read 72512 sequences (10000037 bp)...
[M::mem_process_seqs] Processed 72402 reads in 25.046 CPU sec, 24.881 real sec
[M::process] read 72494 sequences (10000069 bp)...
[M::mem_process_seqs] Processed 72512 reads in 25.790 CPU sec, 25.302 real sec
[M::process] read 72194 sequences (10000115 bp)...
[M::mem_process_seqs] Processed 72494 reads in 24.769 CPU sec, 24.371 real sec
[M::process] read 12422 sequences (1790907 bp)...
[M::mem_process_seqs] Processed 72194 reads in 24.950 CPU sec, 24.686 real sec
[M::mem_process_seqs] Processed 12422 reads in 4.152 CPU sec, 4.003 real sec
[main] Version: 0.7.17-r1188
[main] CMD: bwa mem -L 5 -I 533.109,60.1675,613,366 -t 1 -a -M -T 30 -A 1 -B 4 -O 6 -R @RG\tID:Aen-Cbat_059-AeC01059_CKDL210012719-1a-AK9146-GC06_HF5TCDSX2_L1_clmp_fp2_repr\tSM:Aen-Cbat_059-AeC01059_CKDL210012719-1a-AK9146-GC06_HF5TCDSX2_L1_clmp_fp2_repr\tPL:Illumina reference.rad.baited-6-6.fasta Aen-Cbat_059-AeC01059_CKDL210012719-1a-AK9146-GC06_HF5TCDSX2_L1_clmp_fp2_repr.R1.fq.gz Aen-Cbat_059-AeC01059_CKDL210012719-1a-AK9146-GC06_HF5TCDSX2_L1_clmp_fp2_repr.R2.fq.gz
[main] Real time: 3684.273 sec; CPU: 3558.529 sec
