[M::main_mem] mean insert size: 533.109, stddev: 60.167, max: 613, min: 366
[M::bwa_idx_load_from_disk] read 0 ALT contigs
[M::process] read 71964 sequences (10000108 bp)...
[M::process] read 72036 sequences (10000206 bp)...
[M::mem_process_seqs] Processed 71964 reads in 25.820 CPU sec, 26.177 real sec
[M::process] read 69812 sequences (10000177 bp)...
[M::mem_process_seqs] Processed 72036 reads in 26.083 CPU sec, 27.073 real sec
[M::process] read 69614 sequences (10000150 bp)...
[M::mem_process_seqs] Processed 69812 reads in 16.250 CPU sec, 16.636 real sec
[M::process] read 71718 sequences (10000199 bp)...
[M::mem_process_seqs] Processed 69614 reads in 15.136 CPU sec, 15.915 real sec
[M::process] read 71646 sequences (10000147 bp)...
[M::mem_process_seqs] Processed 71718 reads in 24.099 CPU sec, 25.129 real sec
[M::process] read 71914 sequences (10000076 bp)...
[M::mem_process_seqs] Processed 71646 reads in 24.903 CPU sec, 26.095 real sec
[M::process] read 71648 sequences (10000007 bp)...
[M::mem_process_seqs] Processed 71914 reads in 25.136 CPU sec, 25.997 real sec
[M::process] read 71944 sequences (10000067 bp)...
[M::mem_process_seqs] Processed 71648 reads in 24.808 CPU sec, 25.718 real sec
[M::process] read 71890 sequences (10000051 bp)...
[M::mem_process_seqs] Processed 71944 reads in 26.542 CPU sec, 28.123 real sec
[M::process] read 71688 sequences (10000197 bp)...
[M::mem_process_seqs] Processed 71890 reads in 31.375 CPU sec, 32.290 real sec
[M::process] read 71748 sequences (10000044 bp)...
[M::mem_process_seqs] Processed 71688 reads in 27.033 CPU sec, 27.607 real sec
[M::process] read 71724 sequences (10000181 bp)...
[M::mem_process_seqs] Processed 71748 reads in 32.121 CPU sec, 33.769 real sec
[M::process] read 71514 sequences (10000183 bp)...
[M::mem_process_seqs] Processed 71724 reads in 28.341 CPU sec, 31.058 real sec
[M::process] read 71930 sequences (10000130 bp)...
[M::mem_process_seqs] Processed 71514 reads in 26.304 CPU sec, 27.464 real sec
[M::process] read 71074 sequences (10000050 bp)...
[M::mem_process_seqs] Processed 71930 reads in 33.111 CPU sec, 34.844 real sec
[M::process] read 71464 sequences (10000213 bp)...
[M::mem_process_seqs] Processed 71074 reads in 21.752 CPU sec, 22.576 real sec
[M::process] read 71840 sequences (10000174 bp)...
[M::mem_process_seqs] Processed 71464 reads in 21.150 CPU sec, 22.184 real sec
[M::process] read 71776 sequences (10000269 bp)...
[M::mem_process_seqs] Processed 71840 reads in 27.037 CPU sec, 27.353 real sec
[M::process] read 71430 sequences (10000213 bp)...
[M::mem_process_seqs] Processed 71776 reads in 25.047 CPU sec, 25.694 real sec
[M::process] read 71702 sequences (10000276 bp)...
[M::mem_process_seqs] Processed 71430 reads in 25.972 CPU sec, 26.195 real sec
[M::process] read 71374 sequences (10000045 bp)...
[M::mem_process_seqs] Processed 71702 reads in 28.064 CPU sec, 27.830 real sec
[M::process] read 71596 sequences (10000095 bp)...
[M::mem_process_seqs] Processed 71374 reads in 32.641 CPU sec, 33.096 real sec
[M::process] read 71588 sequences (10000058 bp)...
[M::mem_process_seqs] Processed 71596 reads in 26.441 CPU sec, 26.491 real sec
[M::process] read 71278 sequences (10000228 bp)...
[M::mem_process_seqs] Processed 71588 reads in 25.677 CPU sec, 25.488 real sec
[M::process] read 68322 sequences (10000008 bp)...
[M::mem_process_seqs] Processed 71278 reads in 24.229 CPU sec, 23.953 real sec
[M::process] read 71794 sequences (10000223 bp)...
[M::mem_process_seqs] Processed 68322 reads in 8.837 CPU sec, 8.451 real sec
[M::process] read 71726 sequences (10000207 bp)...
[M::mem_process_seqs] Processed 71794 reads in 25.281 CPU sec, 25.219 real sec
[M::process] read 71618 sequences (10000101 bp)...
[M::mem_process_seqs] Processed 71726 reads in 22.536 CPU sec, 22.281 real sec
[M::process] read 71658 sequences (10000188 bp)...
[M::mem_process_seqs] Processed 71618 reads in 27.991 CPU sec, 27.654 real sec
[M::process] read 71698 sequences (10000238 bp)...
[M::mem_process_seqs] Processed 71658 reads in 26.655 CPU sec, 26.408 real sec
[M::process] read 72120 sequences (10000178 bp)...
[M::mem_process_seqs] Processed 71698 reads in 31.247 CPU sec, 30.886 real sec
[M::process] read 71860 sequences (10000006 bp)...
[M::mem_process_seqs] Processed 72120 reads in 25.492 CPU sec, 25.088 real sec
[M::process] read 71654 sequences (10000234 bp)...
[M::mem_process_seqs] Processed 71860 reads in 25.954 CPU sec, 25.454 real sec
[M::process] read 71822 sequences (10000138 bp)...
[M::mem_process_seqs] Processed 71654 reads in 32.706 CPU sec, 32.170 real sec
[M::process] read 71602 sequences (10000103 bp)...
[M::mem_process_seqs] Processed 71822 reads in 25.670 CPU sec, 25.060 real sec
[M::process] read 71680 sequences (10000277 bp)...
[M::mem_process_seqs] Processed 71602 reads in 25.072 CPU sec, 24.516 real sec
[M::process] read 71568 sequences (10000213 bp)...
[M::mem_process_seqs] Processed 71680 reads in 27.474 CPU sec, 26.973 real sec
[M::process] read 71528 sequences (10000226 bp)...
[M::mem_process_seqs] Processed 71568 reads in 25.831 CPU sec, 25.273 real sec
[M::process] read 71674 sequences (10000081 bp)...
[M::mem_process_seqs] Processed 71528 reads in 26.585 CPU sec, 26.076 real sec
[M::process] read 71878 sequences (10000247 bp)...
[M::mem_process_seqs] Processed 71674 reads in 26.885 CPU sec, 26.322 real sec
[M::process] read 71724 sequences (10000267 bp)...
[M::mem_process_seqs] Processed 71878 reads in 27.142 CPU sec, 26.631 real sec
[M::process] read 71414 sequences (10000192 bp)...
[M::mem_process_seqs] Processed 71724 reads in 24.776 CPU sec, 24.194 real sec
[M::process] read 71788 sequences (10000052 bp)...
[M::mem_process_seqs] Processed 71414 reads in 25.459 CPU sec, 24.945 real sec
[M::process] read 71674 sequences (10000030 bp)...
[M::mem_process_seqs] Processed 71788 reads in 25.469 CPU sec, 24.984 real sec
[M::process] read 71692 sequences (10000016 bp)...
[M::mem_process_seqs] Processed 71674 reads in 26.169 CPU sec, 25.647 real sec
[M::process] read 71808 sequences (10000069 bp)...
[M::mem_process_seqs] Processed 71692 reads in 26.021 CPU sec, 25.595 real sec
[M::process] read 71598 sequences (10000219 bp)...
[M::mem_process_seqs] Processed 71808 reads in 25.188 CPU sec, 24.681 real sec
[M::process] read 71710 sequences (10000163 bp)...
[M::mem_process_seqs] Processed 71598 reads in 31.670 CPU sec, 31.306 real sec
[M::process] read 71630 sequences (10000141 bp)...
[M::mem_process_seqs] Processed 71710 reads in 30.742 CPU sec, 30.115 real sec
[M::process] read 71616 sequences (10000264 bp)...
[M::mem_process_seqs] Processed 71630 reads in 26.549 CPU sec, 25.967 real sec
[M::process] read 71326 sequences (10000175 bp)...
[M::mem_process_seqs] Processed 71616 reads in 25.532 CPU sec, 25.006 real sec
[M::process] read 72018 sequences (10000284 bp)...
[M::mem_process_seqs] Processed 71326 reads in 30.399 CPU sec, 29.807 real sec
[M::process] read 71836 sequences (10000070 bp)...
[M::mem_process_seqs] Processed 72018 reads in 26.103 CPU sec, 25.539 real sec
[M::process] read 71682 sequences (10000085 bp)...
[M::mem_process_seqs] Processed 71836 reads in 24.695 CPU sec, 24.210 real sec
[M::process] read 71704 sequences (10000139 bp)...
[M::mem_process_seqs] Processed 71682 reads in 26.942 CPU sec, 26.435 real sec
[M::process] read 71746 sequences (10000214 bp)...
[M::mem_process_seqs] Processed 71704 reads in 31.603 CPU sec, 31.108 real sec
[M::process] read 71896 sequences (10000017 bp)...
[M::mem_process_seqs] Processed 71746 reads in 27.338 CPU sec, 26.705 real sec
[M::process] read 71742 sequences (10000193 bp)...
[M::mem_process_seqs] Processed 71896 reads in 24.894 CPU sec, 24.387 real sec
[M::process] read 71874 sequences (10000232 bp)...
[M::mem_process_seqs] Processed 71742 reads in 26.764 CPU sec, 26.327 real sec
[M::process] read 71610 sequences (10000144 bp)...
[M::mem_process_seqs] Processed 71874 reads in 25.343 CPU sec, 24.809 real sec
[M::process] read 71894 sequences (10000192 bp)...
[M::mem_process_seqs] Processed 71610 reads in 24.575 CPU sec, 23.993 real sec
[M::process] read 71920 sequences (10000067 bp)...
[M::mem_process_seqs] Processed 71894 reads in 24.943 CPU sec, 24.465 real sec
[M::process] read 71620 sequences (10000183 bp)...
[M::mem_process_seqs] Processed 71920 reads in 25.473 CPU sec, 25.062 real sec
[M::process] read 72034 sequences (10000142 bp)...
[M::mem_process_seqs] Processed 71620 reads in 27.909 CPU sec, 27.420 real sec
[M::process] read 71984 sequences (10000258 bp)...
[M::mem_process_seqs] Processed 72034 reads in 31.371 CPU sec, 30.789 real sec
[M::process] read 71562 sequences (10000233 bp)...
[M::mem_process_seqs] Processed 71984 reads in 24.409 CPU sec, 23.880 real sec
[M::process] read 72016 sequences (10000151 bp)...
[M::mem_process_seqs] Processed 71562 reads in 23.888 CPU sec, 23.376 real sec
[M::process] read 71510 sequences (10000133 bp)...
[M::mem_process_seqs] Processed 72016 reads in 28.808 CPU sec, 28.275 real sec
[M::process] read 71830 sequences (10000155 bp)...
[M::mem_process_seqs] Processed 71510 reads in 29.167 CPU sec, 28.561 real sec
[M::process] read 71688 sequences (10000054 bp)...
[M::mem_process_seqs] Processed 71830 reads in 30.204 CPU sec, 29.670 real sec
[M::process] read 71560 sequences (10000112 bp)...
[M::mem_process_seqs] Processed 71688 reads in 24.606 CPU sec, 23.995 real sec
[M::process] read 71734 sequences (10000035 bp)...
[M::mem_process_seqs] Processed 71560 reads in 27.595 CPU sec, 27.089 real sec
[M::process] read 71734 sequences (10000217 bp)...
[M::mem_process_seqs] Processed 71734 reads in 25.781 CPU sec, 25.254 real sec
[M::process] read 71544 sequences (10000103 bp)...
[M::mem_process_seqs] Processed 71734 reads in 25.756 CPU sec, 25.259 real sec
[M::process] read 71902 sequences (10000171 bp)...
[M::mem_process_seqs] Processed 71544 reads in 25.339 CPU sec, 24.812 real sec
[M::process] read 70694 sequences (10000073 bp)...
[M::mem_process_seqs] Processed 71902 reads in 24.258 CPU sec, 23.769 real sec
[M::process] read 71032 sequences (10000067 bp)...
[M::mem_process_seqs] Processed 70694 reads in 19.513 CPU sec, 19.006 real sec
[M::process] read 71978 sequences (10000231 bp)...
[M::mem_process_seqs] Processed 71032 reads in 26.235 CPU sec, 25.800 real sec
[M::process] read 71682 sequences (10000013 bp)...
[M::mem_process_seqs] Processed 71978 reads in 25.309 CPU sec, 24.785 real sec
[M::process] read 71674 sequences (10000120 bp)...
[M::mem_process_seqs] Processed 71682 reads in 28.162 CPU sec, 27.472 real sec
[M::process] read 71714 sequences (10000068 bp)...
[M::mem_process_seqs] Processed 71674 reads in 25.530 CPU sec, 24.996 real sec
[M::process] read 71752 sequences (10000148 bp)...
[M::mem_process_seqs] Processed 71714 reads in 29.539 CPU sec, 28.972 real sec
[M::process] read 71608 sequences (10000242 bp)...
[M::mem_process_seqs] Processed 71752 reads in 26.664 CPU sec, 26.121 real sec
[M::process] read 71520 sequences (10000004 bp)...
[M::mem_process_seqs] Processed 71608 reads in 24.747 CPU sec, 24.175 real sec
[M::process] read 71570 sequences (10000232 bp)...
[M::mem_process_seqs] Processed 71520 reads in 24.794 CPU sec, 24.279 real sec
[M::process] read 71718 sequences (10000175 bp)...
[M::mem_process_seqs] Processed 71570 reads in 30.284 CPU sec, 29.799 real sec
[M::process] read 71564 sequences (10000051 bp)...
[M::mem_process_seqs] Processed 71718 reads in 25.918 CPU sec, 25.348 real sec
[M::process] read 71538 sequences (10000070 bp)...
[M::mem_process_seqs] Processed 71564 reads in 27.842 CPU sec, 27.331 real sec
[M::process] read 71910 sequences (10000161 bp)...
[M::mem_process_seqs] Processed 71538 reads in 28.283 CPU sec, 27.758 real sec
[M::process] read 71670 sequences (10000156 bp)...
[M::mem_process_seqs] Processed 71910 reads in 25.996 CPU sec, 25.486 real sec
[M::process] read 71852 sequences (10000031 bp)...
[M::mem_process_seqs] Processed 71670 reads in 26.184 CPU sec, 25.587 real sec
[M::process] read 71338 sequences (10000156 bp)...
[M::mem_process_seqs] Processed 71852 reads in 25.322 CPU sec, 24.827 real sec
[M::process] read 71850 sequences (10000067 bp)...
[M::mem_process_seqs] Processed 71338 reads in 26.332 CPU sec, 25.834 real sec
[M::process] read 71554 sequences (10000052 bp)...
[M::mem_process_seqs] Processed 71850 reads in 26.747 CPU sec, 26.259 real sec
[M::process] read 71990 sequences (10000002 bp)...
[M::mem_process_seqs] Processed 71554 reads in 24.621 CPU sec, 24.091 real sec
[M::process] read 71686 sequences (10000097 bp)...
[M::mem_process_seqs] Processed 71990 reads in 27.308 CPU sec, 26.812 real sec
[M::process] read 71338 sequences (10000230 bp)...
[M::mem_process_seqs] Processed 71686 reads in 26.649 CPU sec, 26.042 real sec
[M::process] read 71332 sequences (10000145 bp)...
[M::mem_process_seqs] Processed 71338 reads in 25.311 CPU sec, 24.809 real sec
[M::process] read 71614 sequences (10000176 bp)...
[M::mem_process_seqs] Processed 71332 reads in 24.106 CPU sec, 23.579 real sec
[M::process] read 71614 sequences (10000103 bp)...
[M::mem_process_seqs] Processed 71614 reads in 24.665 CPU sec, 24.179 real sec
[M::process] read 71816 sequences (10000248 bp)...
[M::mem_process_seqs] Processed 71614 reads in 27.492 CPU sec, 26.979 real sec
[M::process] read 71812 sequences (10000246 bp)...
[M::mem_process_seqs] Processed 71816 reads in 28.467 CPU sec, 27.953 real sec
[M::process] read 71892 sequences (10000229 bp)...
[M::mem_process_seqs] Processed 71812 reads in 26.079 CPU sec, 25.530 real sec
[M::process] read 71750 sequences (10000076 bp)...
[M::mem_process_seqs] Processed 71892 reads in 26.086 CPU sec, 25.539 real sec
[M::process] read 71792 sequences (10000227 bp)...
[M::mem_process_seqs] Processed 71750 reads in 26.526 CPU sec, 26.001 real sec
[M::process] read 71474 sequences (10000058 bp)...
[M::mem_process_seqs] Processed 71792 reads in 24.747 CPU sec, 24.183 real sec
[M::process] read 71768 sequences (10000134 bp)...
[M::mem_process_seqs] Processed 71474 reads in 28.285 CPU sec, 27.764 real sec
[M::process] read 71570 sequences (10000093 bp)...
[M::mem_process_seqs] Processed 71768 reads in 24.890 CPU sec, 24.296 real sec
[M::process] read 71672 sequences (10000267 bp)...
[M::mem_process_seqs] Processed 71570 reads in 28.614 CPU sec, 28.092 real sec
[M::process] read 71702 sequences (10000136 bp)...
[M::mem_process_seqs] Processed 71672 reads in 27.407 CPU sec, 26.825 real sec
[M::process] read 71946 sequences (10000014 bp)...
[M::mem_process_seqs] Processed 71702 reads in 25.554 CPU sec, 25.025 real sec
[M::process] read 71960 sequences (10000170 bp)...
[M::mem_process_seqs] Processed 71946 reads in 23.964 CPU sec, 23.477 real sec
[M::process] read 71724 sequences (10000069 bp)...
[M::mem_process_seqs] Processed 71960 reads in 24.643 CPU sec, 24.135 real sec
[M::process] read 33442 sequences (4750663 bp)...
[M::mem_process_seqs] Processed 71724 reads in 24.180 CPU sec, 23.796 real sec
[M::mem_process_seqs] Processed 33442 reads in 11.156 CPU sec, 10.886 real sec
[main] Version: 0.7.17-r1188
[main] CMD: bwa mem -L 5 -I 533.109,60.1675,613,366 -t 1 -a -M -T 30 -A 1 -B 4 -O 6 -R @RG\tID:Aen-Cbat_088-AeC01088_CKDL210012719-1a-AK9143-GD06_HF5TCDSX2_L1_clmp_fp2_repr\tSM:Aen-Cbat_088-AeC01088_CKDL210012719-1a-AK9143-GD06_HF5TCDSX2_L1_clmp_fp2_repr\tPL:Illumina reference.rad.baited-6-6.fasta Aen-Cbat_088-AeC01088_CKDL210012719-1a-AK9143-GD06_HF5TCDSX2_L1_clmp_fp2_repr.R1.fq.gz Aen-Cbat_088-AeC01088_CKDL210012719-1a-AK9143-GD06_HF5TCDSX2_L1_clmp_fp2_repr.R2.fq.gz
[main] Real time: 2979.336 sec; CPU: 2996.766 sec
