[M::main_mem] mean insert size: 533.109, stddev: 60.167, max: 613, min: 366
[M::bwa_idx_load_from_disk] read 0 ALT contigs
[M::process] read 72616 sequences (10000199 bp)...
[M::process] read 72386 sequences (10000112 bp)...
[M::mem_process_seqs] Processed 72616 reads in 27.127 CPU sec, 27.577 real sec
[M::process] read 72054 sequences (10000149 bp)...
[M::mem_process_seqs] Processed 72386 reads in 30.182 CPU sec, 30.254 real sec
[M::process] read 72074 sequences (10000053 bp)...
[M::mem_process_seqs] Processed 72054 reads in 30.714 CPU sec, 30.716 real sec
[M::process] read 71934 sequences (10000009 bp)...
[M::mem_process_seqs] Processed 72074 reads in 25.539 CPU sec, 25.521 real sec
[M::process] read 72572 sequences (10000123 bp)...
[M::mem_process_seqs] Processed 71934 reads in 25.985 CPU sec, 26.336 real sec
[M::process] read 72496 sequences (10000226 bp)...
[M::mem_process_seqs] Processed 72572 reads in 32.194 CPU sec, 32.795 real sec
[M::process] read 72514 sequences (10000115 bp)...
[M::mem_process_seqs] Processed 72496 reads in 27.047 CPU sec, 27.421 real sec
[M::process] read 72218 sequences (10000114 bp)...
[M::mem_process_seqs] Processed 72514 reads in 29.555 CPU sec, 30.028 real sec
[M::process] read 72512 sequences (10000287 bp)...
[M::mem_process_seqs] Processed 72218 reads in 27.532 CPU sec, 28.202 real sec
[M::process] read 72316 sequences (10000031 bp)...
[M::mem_process_seqs] Processed 72512 reads in 28.511 CPU sec, 29.311 real sec
[M::process] read 72628 sequences (10000260 bp)...
[M::mem_process_seqs] Processed 72316 reads in 34.419 CPU sec, 35.463 real sec
[M::process] read 72384 sequences (10000232 bp)...
[M::mem_process_seqs] Processed 72628 reads in 28.838 CPU sec, 29.785 real sec
[M::process] read 71380 sequences (10000074 bp)...
[M::mem_process_seqs] Processed 72384 reads in 29.321 CPU sec, 30.262 real sec
[M::process] read 69196 sequences (10000125 bp)...
[M::mem_process_seqs] Processed 71380 reads in 22.823 CPU sec, 23.250 real sec
[M::process] read 72160 sequences (10000101 bp)...
[M::mem_process_seqs] Processed 69196 reads in 12.926 CPU sec, 12.597 real sec
[M::process] read 72272 sequences (10000138 bp)...
[M::mem_process_seqs] Processed 72160 reads in 30.280 CPU sec, 31.390 real sec
[M::process] read 72530 sequences (10000165 bp)...
[M::mem_process_seqs] Processed 72272 reads in 26.552 CPU sec, 27.476 real sec
[M::process] read 72432 sequences (10000284 bp)...
[M::mem_process_seqs] Processed 72530 reads in 28.328 CPU sec, 29.354 real sec
[M::process] read 72574 sequences (10000077 bp)...
[M::mem_process_seqs] Processed 72432 reads in 30.458 CPU sec, 31.236 real sec
[M::process] read 72430 sequences (10000281 bp)...
[M::mem_process_seqs] Processed 72574 reads in 29.604 CPU sec, 30.766 real sec
[M::process] read 71790 sequences (10000242 bp)...
[M::mem_process_seqs] Processed 72430 reads in 35.614 CPU sec, 36.860 real sec
[M::process] read 71900 sequences (10000255 bp)...
[M::mem_process_seqs] Processed 71790 reads in 24.172 CPU sec, 25.141 real sec
[M::process] read 72608 sequences (10000243 bp)...
[M::mem_process_seqs] Processed 71900 reads in 37.566 CPU sec, 38.342 real sec
[M::process] read 72496 sequences (10000060 bp)...
[M::mem_process_seqs] Processed 72608 reads in 28.083 CPU sec, 29.091 real sec
[M::process] read 72374 sequences (10000168 bp)...
[M::mem_process_seqs] Processed 72496 reads in 27.821 CPU sec, 27.808 real sec
[M::process] read 72358 sequences (10000219 bp)...
[M::mem_process_seqs] Processed 72374 reads in 31.224 CPU sec, 31.102 real sec
[M::process] read 72234 sequences (10000159 bp)...
[M::mem_process_seqs] Processed 72358 reads in 28.087 CPU sec, 28.022 real sec
[M::process] read 72366 sequences (10000043 bp)...
[M::mem_process_seqs] Processed 72234 reads in 30.456 CPU sec, 30.273 real sec
[M::process] read 72412 sequences (10000204 bp)...
[M::mem_process_seqs] Processed 72366 reads in 28.675 CPU sec, 28.460 real sec
[M::process] read 72464 sequences (10000216 bp)...
[M::mem_process_seqs] Processed 72412 reads in 28.122 CPU sec, 27.669 real sec
[M::process] read 72224 sequences (10000007 bp)...
[M::mem_process_seqs] Processed 72464 reads in 28.032 CPU sec, 27.743 real sec
[M::process] read 72256 sequences (10000162 bp)...
[M::mem_process_seqs] Processed 72224 reads in 27.380 CPU sec, 26.906 real sec
[M::process] read 72644 sequences (10000175 bp)...
[M::mem_process_seqs] Processed 72256 reads in 26.991 CPU sec, 26.640 real sec
[M::process] read 72418 sequences (10000090 bp)...
[M::mem_process_seqs] Processed 72644 reads in 30.253 CPU sec, 29.870 real sec
[M::process] read 72440 sequences (10000173 bp)...
[M::mem_process_seqs] Processed 72418 reads in 29.396 CPU sec, 28.815 real sec
[M::process] read 72212 sequences (10000087 bp)...
[M::mem_process_seqs] Processed 72440 reads in 29.415 CPU sec, 28.859 real sec
[M::process] read 72212 sequences (10000001 bp)...
[M::mem_process_seqs] Processed 72212 reads in 29.500 CPU sec, 28.897 real sec
[M::process] read 72270 sequences (10000033 bp)...
[M::mem_process_seqs] Processed 72212 reads in 27.609 CPU sec, 27.169 real sec
[M::process] read 72414 sequences (10000131 bp)...
[M::mem_process_seqs] Processed 72270 reads in 28.943 CPU sec, 28.433 real sec
[M::process] read 72596 sequences (10000114 bp)...
[M::mem_process_seqs] Processed 72414 reads in 30.491 CPU sec, 29.972 real sec
[M::process] read 70180 sequences (10000162 bp)...
[M::mem_process_seqs] Processed 72596 reads in 27.019 CPU sec, 26.536 real sec
[M::process] read 72266 sequences (10000297 bp)...
[M::mem_process_seqs] Processed 70180 reads in 17.689 CPU sec, 17.232 real sec
[M::process] read 72402 sequences (10000088 bp)...
[M::mem_process_seqs] Processed 72266 reads in 27.001 CPU sec, 26.594 real sec
[M::process] read 72510 sequences (10000007 bp)...
[M::mem_process_seqs] Processed 72402 reads in 27.062 CPU sec, 26.492 real sec
[M::process] read 72398 sequences (10000225 bp)...
[M::mem_process_seqs] Processed 72510 reads in 26.896 CPU sec, 26.320 real sec
[M::process] read 71892 sequences (10000133 bp)...
[M::mem_process_seqs] Processed 72398 reads in 30.885 CPU sec, 30.419 real sec
[M::process] read 72606 sequences (10000214 bp)...
[M::mem_process_seqs] Processed 71892 reads in 25.791 CPU sec, 25.359 real sec
[M::process] read 72520 sequences (10000161 bp)...
[M::mem_process_seqs] Processed 72606 reads in 26.765 CPU sec, 26.256 real sec
[M::process] read 71996 sequences (10000119 bp)...
[M::mem_process_seqs] Processed 72520 reads in 28.474 CPU sec, 27.987 real sec
[M::process] read 72550 sequences (10000264 bp)...
[M::mem_process_seqs] Processed 71996 reads in 34.935 CPU sec, 34.417 real sec
[M::process] read 72084 sequences (10000279 bp)...
[M::mem_process_seqs] Processed 72550 reads in 28.866 CPU sec, 28.394 real sec
[M::process] read 72698 sequences (10000214 bp)...
[M::mem_process_seqs] Processed 72084 reads in 30.603 CPU sec, 30.079 real sec
[M::process] read 72640 sequences (10000150 bp)...
[M::mem_process_seqs] Processed 72698 reads in 27.890 CPU sec, 27.370 real sec
[M::process] read 72190 sequences (10000041 bp)...
[M::mem_process_seqs] Processed 72640 reads in 29.442 CPU sec, 28.905 real sec
[M::process] read 72294 sequences (10000066 bp)...
[M::mem_process_seqs] Processed 72190 reads in 27.642 CPU sec, 27.078 real sec
[M::process] read 72392 sequences (10000234 bp)...
[M::mem_process_seqs] Processed 72294 reads in 30.805 CPU sec, 30.264 real sec
[M::process] read 71900 sequences (10000226 bp)...
[M::mem_process_seqs] Processed 72392 reads in 31.178 CPU sec, 30.591 real sec
[M::process] read 72508 sequences (10000038 bp)...
[M::mem_process_seqs] Processed 71900 reads in 24.366 CPU sec, 23.847 real sec
[M::process] read 72578 sequences (10000050 bp)...
[M::mem_process_seqs] Processed 72508 reads in 31.268 CPU sec, 30.667 real sec
[M::process] read 72106 sequences (10000233 bp)...
[M::mem_process_seqs] Processed 72578 reads in 27.766 CPU sec, 27.190 real sec
[M::process] read 72296 sequences (10000200 bp)...
[M::mem_process_seqs] Processed 72106 reads in 25.575 CPU sec, 24.967 real sec
[M::process] read 72300 sequences (10000240 bp)...
[M::mem_process_seqs] Processed 72296 reads in 29.573 CPU sec, 28.922 real sec
[M::process] read 72506 sequences (10000128 bp)...
[M::mem_process_seqs] Processed 72300 reads in 32.098 CPU sec, 31.600 real sec
[M::process] read 72568 sequences (10000116 bp)...
[M::mem_process_seqs] Processed 72506 reads in 30.425 CPU sec, 29.842 real sec
[M::process] read 72276 sequences (10000004 bp)...
[M::mem_process_seqs] Processed 72568 reads in 30.302 CPU sec, 29.798 real sec
[M::process] read 72796 sequences (10000006 bp)...
[M::mem_process_seqs] Processed 72276 reads in 26.179 CPU sec, 25.576 real sec
[M::process] read 70790 sequences (10000295 bp)...
[M::mem_process_seqs] Processed 72796 reads in 28.844 CPU sec, 28.327 real sec
[M::process] read 72512 sequences (10000036 bp)...
[M::mem_process_seqs] Processed 70790 reads in 18.604 CPU sec, 18.044 real sec
[M::process] read 72344 sequences (10000073 bp)...
[M::mem_process_seqs] Processed 72512 reads in 29.306 CPU sec, 28.860 real sec
[M::process] read 72140 sequences (10000028 bp)...
[M::mem_process_seqs] Processed 72344 reads in 27.151 CPU sec, 26.546 real sec
[M::process] read 72654 sequences (10000206 bp)...
[M::mem_process_seqs] Processed 72140 reads in 27.728 CPU sec, 27.205 real sec
[M::process] read 72170 sequences (10000132 bp)...
[M::mem_process_seqs] Processed 72654 reads in 27.550 CPU sec, 26.999 real sec
[M::process] read 72430 sequences (10000213 bp)...
[M::mem_process_seqs] Processed 72170 reads in 28.975 CPU sec, 28.471 real sec
[M::process] read 72288 sequences (10000112 bp)...
[M::mem_process_seqs] Processed 72430 reads in 29.618 CPU sec, 29.005 real sec
[M::process] read 71914 sequences (10000078 bp)...
[M::mem_process_seqs] Processed 72288 reads in 27.831 CPU sec, 27.313 real sec
[M::process] read 72534 sequences (10000086 bp)...
[M::mem_process_seqs] Processed 71914 reads in 30.735 CPU sec, 30.127 real sec
[M::process] read 72348 sequences (10000137 bp)...
[M::mem_process_seqs] Processed 72534 reads in 31.510 CPU sec, 30.965 real sec
[M::process] read 72610 sequences (10000142 bp)...
[M::mem_process_seqs] Processed 72348 reads in 26.419 CPU sec, 25.771 real sec
[M::process] read 71816 sequences (10000050 bp)...
[M::mem_process_seqs] Processed 72610 reads in 29.979 CPU sec, 29.498 real sec
[M::process] read 72534 sequences (10000170 bp)...
[M::mem_process_seqs] Processed 71816 reads in 24.309 CPU sec, 23.666 real sec
[M::process] read 72472 sequences (10000152 bp)...
[M::mem_process_seqs] Processed 72534 reads in 28.127 CPU sec, 27.665 real sec
[M::process] read 48978 sequences (6982814 bp)...
[M::mem_process_seqs] Processed 72472 reads in 27.507 CPU sec, 27.008 real sec
[M::mem_process_seqs] Processed 48978 reads in 10.068 CPU sec, 9.794 real sec
[main] Version: 0.7.17-r1188
[main] CMD: bwa mem -L 5 -I 533.109,60.1675,613,366 -t 1 -a -M -T 30 -A 1 -B 4 -O 6 -R @RG\tID:Aen-Cbat_083-AeC01083_CKDL210012719-1a-AK9146-AK10343_HF5TCDSX2_L1_clmp_fp2_repr\tSM:Aen-Cbat_083-AeC01083_CKDL210012719-1a-AK9146-AK10343_HF5TCDSX2_L1_clmp_fp2_repr\tPL:Illumina reference.rad.baited-6-6.fasta Aen-Cbat_083-AeC01083_CKDL210012719-1a-AK9146-AK10343_HF5TCDSX2_L1_clmp_fp2_repr.R1.fq.gz Aen-Cbat_083-AeC01083_CKDL210012719-1a-AK9146-AK10343_HF5TCDSX2_L1_clmp_fp2_repr.R2.fq.gz
[main] Real time: 2325.324 sec; CPU: 2337.005 sec
