[M::main_mem] mean insert size: 533.109, stddev: 60.167, max: 613, min: 366
[M::bwa_idx_load_from_disk] read 0 ALT contigs
[M::process] read 72920 sequences (10000103 bp)...
[M::process] read 72168 sequences (10000246 bp)...
[M::mem_process_seqs] Processed 72920 reads in 26.587 CPU sec, 27.113 real sec
[M::process] read 69470 sequences (10000010 bp)...
[M::mem_process_seqs] Processed 72168 reads in 25.030 CPU sec, 25.929 real sec
[M::process] read 72678 sequences (10000233 bp)...
[M::mem_process_seqs] Processed 69470 reads in 13.725 CPU sec, 13.793 real sec
[M::process] read 72448 sequences (10000189 bp)...
[M::mem_process_seqs] Processed 72678 reads in 26.055 CPU sec, 27.594 real sec
[M::process] read 72800 sequences (10000102 bp)...
[M::mem_process_seqs] Processed 72448 reads in 25.302 CPU sec, 26.202 real sec
[M::process] read 72614 sequences (10000089 bp)...
[M::mem_process_seqs] Processed 72800 reads in 27.527 CPU sec, 28.714 real sec
[M::process] read 72686 sequences (10000153 bp)...
[M::mem_process_seqs] Processed 72614 reads in 27.350 CPU sec, 28.036 real sec
[M::process] read 72900 sequences (10000116 bp)...
[M::mem_process_seqs] Processed 72686 reads in 30.861 CPU sec, 32.161 real sec
[M::process] read 72690 sequences (10000193 bp)...
[M::mem_process_seqs] Processed 72900 reads in 31.878 CPU sec, 32.574 real sec
[M::process] read 72716 sequences (10000216 bp)...
[M::mem_process_seqs] Processed 72690 reads in 29.338 CPU sec, 30.386 real sec
[M::process] read 72858 sequences (10000089 bp)...
[M::mem_process_seqs] Processed 72716 reads in 28.158 CPU sec, 29.482 real sec
[M::process] read 71648 sequences (10000022 bp)...
[M::mem_process_seqs] Processed 72858 reads in 33.252 CPU sec, 34.949 real sec
[M::process] read 72700 sequences (10000190 bp)...
[M::mem_process_seqs] Processed 71648 reads in 20.616 CPU sec, 22.556 real sec
[M::process] read 72694 sequences (10000268 bp)...
[M::mem_process_seqs] Processed 72700 reads in 25.154 CPU sec, 26.121 real sec
[M::process] read 72338 sequences (10000056 bp)...
[M::mem_process_seqs] Processed 72694 reads in 27.080 CPU sec, 29.347 real sec
[M::process] read 72578 sequences (10000004 bp)...
[M::mem_process_seqs] Processed 72338 reads in 26.756 CPU sec, 28.573 real sec
[M::process] read 72368 sequences (10000139 bp)...
[M::mem_process_seqs] Processed 72578 reads in 27.555 CPU sec, 29.274 real sec
[M::process] read 72354 sequences (10000254 bp)...
[M::mem_process_seqs] Processed 72368 reads in 33.422 CPU sec, 34.256 real sec
[M::process] read 70548 sequences (10000182 bp)...
[M::mem_process_seqs] Processed 72354 reads in 27.219 CPU sec, 29.236 real sec
[M::process] read 71510 sequences (10000165 bp)...
[M::mem_process_seqs] Processed 70548 reads in 18.717 CPU sec, 19.391 real sec
[M::process] read 72608 sequences (10000236 bp)...
[M::mem_process_seqs] Processed 71510 reads in 22.295 CPU sec, 23.286 real sec
[M::process] read 72562 sequences (10000123 bp)...
[M::mem_process_seqs] Processed 72608 reads in 23.774 CPU sec, 25.155 real sec
[M::process] read 72564 sequences (10000198 bp)...
[M::mem_process_seqs] Processed 72562 reads in 28.040 CPU sec, 30.042 real sec
[M::process] read 72890 sequences (10000103 bp)...
[M::mem_process_seqs] Processed 72564 reads in 30.984 CPU sec, 31.969 real sec
[M::process] read 72872 sequences (10000281 bp)...
[M::mem_process_seqs] Processed 72890 reads in 26.381 CPU sec, 28.639 real sec
[M::process] read 72648 sequences (10000029 bp)...
[M::mem_process_seqs] Processed 72872 reads in 27.260 CPU sec, 28.715 real sec
[M::process] read 72604 sequences (10000256 bp)...
[M::mem_process_seqs] Processed 72648 reads in 32.216 CPU sec, 33.861 real sec
[M::process] read 72812 sequences (10000023 bp)...
[M::mem_process_seqs] Processed 72604 reads in 25.994 CPU sec, 27.669 real sec
[M::process] read 72540 sequences (10000143 bp)...
[M::mem_process_seqs] Processed 72812 reads in 28.979 CPU sec, 30.998 real sec
[M::process] read 72664 sequences (10000114 bp)...
[M::mem_process_seqs] Processed 72540 reads in 26.620 CPU sec, 28.313 real sec
[M::process] read 72714 sequences (10000290 bp)...
[M::mem_process_seqs] Processed 72664 reads in 26.794 CPU sec, 27.981 real sec
[M::process] read 72670 sequences (10000024 bp)...
[M::mem_process_seqs] Processed 72714 reads in 27.905 CPU sec, 28.935 real sec
[M::process] read 72418 sequences (10000081 bp)...
[M::mem_process_seqs] Processed 72670 reads in 26.911 CPU sec, 27.975 real sec
[M::process] read 72540 sequences (10000099 bp)...
[M::mem_process_seqs] Processed 72418 reads in 27.004 CPU sec, 28.110 real sec
[M::process] read 72546 sequences (10000117 bp)...
[M::mem_process_seqs] Processed 72540 reads in 26.877 CPU sec, 27.067 real sec
[M::process] read 72810 sequences (10000037 bp)...
[M::mem_process_seqs] Processed 72546 reads in 27.198 CPU sec, 29.146 real sec
[M::process] read 72570 sequences (10000269 bp)...
[M::mem_process_seqs] Processed 72810 reads in 25.264 CPU sec, 27.206 real sec
[M::process] read 72524 sequences (10000219 bp)...
[M::mem_process_seqs] Processed 72570 reads in 31.674 CPU sec, 32.741 real sec
[M::process] read 72536 sequences (10000196 bp)...
[M::mem_process_seqs] Processed 72524 reads in 29.428 CPU sec, 30.768 real sec
[M::process] read 72366 sequences (10000042 bp)...
[M::mem_process_seqs] Processed 72536 reads in 29.797 CPU sec, 31.284 real sec
[M::process] read 72868 sequences (10000232 bp)...
[M::mem_process_seqs] Processed 72366 reads in 29.913 CPU sec, 31.244 real sec
[M::process] read 72714 sequences (10000120 bp)...
[M::mem_process_seqs] Processed 72868 reads in 26.046 CPU sec, 26.993 real sec
[M::process] read 72590 sequences (10000093 bp)...
[M::mem_process_seqs] Processed 72714 reads in 26.572 CPU sec, 27.183 real sec
[M::process] read 72772 sequences (10000233 bp)...
[M::mem_process_seqs] Processed 72590 reads in 32.744 CPU sec, 33.216 real sec
[M::process] read 72676 sequences (10000219 bp)...
[M::mem_process_seqs] Processed 72772 reads in 28.676 CPU sec, 29.989 real sec
[M::process] read 72672 sequences (10000257 bp)...
[M::mem_process_seqs] Processed 72676 reads in 26.144 CPU sec, 27.339 real sec
[M::process] read 72702 sequences (10000024 bp)...
[M::mem_process_seqs] Processed 72672 reads in 27.211 CPU sec, 27.942 real sec
[M::process] read 72842 sequences (10000104 bp)...
[M::mem_process_seqs] Processed 72702 reads in 26.913 CPU sec, 28.369 real sec
[M::process] read 72538 sequences (10000282 bp)...
[M::mem_process_seqs] Processed 72842 reads in 25.844 CPU sec, 26.306 real sec
[M::process] read 72642 sequences (10000266 bp)...
[M::mem_process_seqs] Processed 72538 reads in 25.039 CPU sec, 26.584 real sec
[M::process] read 73146 sequences (10000035 bp)...
[M::mem_process_seqs] Processed 72642 reads in 29.555 CPU sec, 30.048 real sec
[M::process] read 72450 sequences (10000136 bp)...
[M::mem_process_seqs] Processed 73146 reads in 29.084 CPU sec, 30.921 real sec
[M::process] read 72756 sequences (10000164 bp)...
[M::mem_process_seqs] Processed 72450 reads in 23.947 CPU sec, 25.516 real sec
[M::process] read 72688 sequences (10000018 bp)...
[M::mem_process_seqs] Processed 72756 reads in 33.815 CPU sec, 35.353 real sec
[M::process] read 72502 sequences (10000065 bp)...
[M::mem_process_seqs] Processed 72688 reads in 27.606 CPU sec, 28.580 real sec
[M::process] read 72530 sequences (10000080 bp)...
[M::mem_process_seqs] Processed 72502 reads in 26.999 CPU sec, 27.976 real sec
[M::process] read 72654 sequences (10000099 bp)...
[M::mem_process_seqs] Processed 72530 reads in 28.102 CPU sec, 30.682 real sec
[M::process] read 72576 sequences (10000099 bp)...
[M::mem_process_seqs] Processed 72654 reads in 26.616 CPU sec, 27.553 real sec
[M::process] read 72488 sequences (10000192 bp)...
[M::mem_process_seqs] Processed 72576 reads in 26.769 CPU sec, 27.715 real sec
[M::process] read 71188 sequences (10000102 bp)...
[M::mem_process_seqs] Processed 72488 reads in 26.300 CPU sec, 27.883 real sec
[M::process] read 72592 sequences (10000149 bp)...
[M::mem_process_seqs] Processed 71188 reads in 19.306 CPU sec, 19.829 real sec
[M::process] read 72610 sequences (10000027 bp)...
[M::mem_process_seqs] Processed 72592 reads in 28.431 CPU sec, 29.790 real sec
[M::process] read 72756 sequences (10000225 bp)...
[M::mem_process_seqs] Processed 72610 reads in 26.510 CPU sec, 27.119 real sec
[M::process] read 72868 sequences (10000073 bp)...
[M::mem_process_seqs] Processed 72756 reads in 27.137 CPU sec, 27.599 real sec
[M::process] read 72638 sequences (10000201 bp)...
[M::mem_process_seqs] Processed 72868 reads in 30.359 CPU sec, 32.575 real sec
[M::process] read 72562 sequences (10000005 bp)...
[M::mem_process_seqs] Processed 72638 reads in 27.059 CPU sec, 27.366 real sec
[M::process] read 72358 sequences (10000081 bp)...
[M::mem_process_seqs] Processed 72562 reads in 25.661 CPU sec, 26.129 real sec
[M::process] read 72498 sequences (10000034 bp)...
[M::mem_process_seqs] Processed 72358 reads in 30.281 CPU sec, 31.621 real sec
[M::process] read 72616 sequences (10000063 bp)...
[M::mem_process_seqs] Processed 72498 reads in 26.171 CPU sec, 26.770 real sec
[M::process] read 72606 sequences (10000224 bp)...
[M::mem_process_seqs] Processed 72616 reads in 27.412 CPU sec, 28.479 real sec
[M::process] read 72624 sequences (10000045 bp)...
[M::mem_process_seqs] Processed 72606 reads in 26.462 CPU sec, 26.808 real sec
[M::process] read 72638 sequences (10000158 bp)...
[M::mem_process_seqs] Processed 72624 reads in 27.929 CPU sec, 28.980 real sec
[M::process] read 72500 sequences (10000148 bp)...
[M::mem_process_seqs] Processed 72638 reads in 27.278 CPU sec, 28.036 real sec
[M::process] read 72538 sequences (10000204 bp)...
[M::mem_process_seqs] Processed 72500 reads in 26.477 CPU sec, 27.100 real sec
[M::process] read 72680 sequences (10000209 bp)...
[M::mem_process_seqs] Processed 72538 reads in 25.804 CPU sec, 27.829 real sec
[M::process] read 72670 sequences (10000173 bp)...
[M::mem_process_seqs] Processed 72680 reads in 28.390 CPU sec, 29.879 real sec
[M::process] read 71950 sequences (10000263 bp)...
[M::mem_process_seqs] Processed 72670 reads in 27.142 CPU sec, 28.139 real sec
[M::process] read 72612 sequences (10000101 bp)...
[M::mem_process_seqs] Processed 71950 reads in 25.184 CPU sec, 26.078 real sec
[M::process] read 72568 sequences (10000071 bp)...
[M::mem_process_seqs] Processed 72612 reads in 27.554 CPU sec, 28.608 real sec
[M::process] read 72798 sequences (10000139 bp)...
[M::mem_process_seqs] Processed 72568 reads in 28.199 CPU sec, 30.100 real sec
[M::process] read 72752 sequences (10000288 bp)...
[M::mem_process_seqs] Processed 72798 reads in 30.037 CPU sec, 31.273 real sec
[M::process] read 72708 sequences (10000173 bp)...
[M::mem_process_seqs] Processed 72752 reads in 27.795 CPU sec, 28.517 real sec
[M::process] read 72406 sequences (10000199 bp)...
[M::mem_process_seqs] Processed 72708 reads in 27.406 CPU sec, 27.708 real sec
[M::process] read 72594 sequences (10000178 bp)...
[M::mem_process_seqs] Processed 72406 reads in 29.294 CPU sec, 30.252 real sec
[M::process] read 72564 sequences (10000276 bp)...
[M::mem_process_seqs] Processed 72594 reads in 27.235 CPU sec, 27.834 real sec
[M::process] read 72706 sequences (10000078 bp)...
[M::mem_process_seqs] Processed 72564 reads in 27.871 CPU sec, 28.659 real sec
[M::process] read 72626 sequences (10000007 bp)...
[M::mem_process_seqs] Processed 72706 reads in 27.265 CPU sec, 28.326 real sec
[M::process] read 72710 sequences (10000100 bp)...
[M::mem_process_seqs] Processed 72626 reads in 27.700 CPU sec, 28.684 real sec
[M::process] read 72862 sequences (10000184 bp)...
[M::mem_process_seqs] Processed 72710 reads in 25.327 CPU sec, 25.983 real sec
[M::process] read 38440 sequences (5370374 bp)...
[M::mem_process_seqs] Processed 72862 reads in 25.232 CPU sec, 25.787 real sec
[M::mem_process_seqs] Processed 38440 reads in 12.704 CPU sec, 13.474 real sec
[main] Version: 0.7.17-r1188
[main] CMD: bwa mem -L 5 -I 533.109,60.1675,613,366 -t 1 -a -M -T 30 -A 1 -B 4 -O 6 -R @RG\tID:Aen-Cbat_019-AeC01019_CKDL210012719-1a-AK3911-AK7557_HF5TCDSX2_L1_clmp_fp2_repr\tSM:Aen-Cbat_019-AeC01019_CKDL210012719-1a-AK3911-AK7557_HF5TCDSX2_L1_clmp_fp2_repr\tPL:Illumina reference.rad.baited-6-6.fasta Aen-Cbat_019-AeC01019_CKDL210012719-1a-AK3911-AK7557_HF5TCDSX2_L1_clmp_fp2_repr.R1.fq.gz Aen-Cbat_019-AeC01019_CKDL210012719-1a-AK3911-AK7557_HF5TCDSX2_L1_clmp_fp2_repr.R2.fq.gz
[main] Real time: 2571.518 sec; CPU: 2463.848 sec
