[M::main_mem] mean insert size: 533.109, stddev: 60.167, max: 613, min: 366
[M::bwa_idx_load_from_disk] read 0 ALT contigs
[M::process] read 106514 sequences (10000036 bp)...
[M::process] read 106364 sequences (10000151 bp)...
[M::mem_process_seqs] Processed 106514 reads in 18.195 CPU sec, 18.575 real sec
[M::process] read 106350 sequences (10000130 bp)...
[M::mem_process_seqs] Processed 106364 reads in 18.388 CPU sec, 19.299 real sec
[M::process] read 107494 sequences (10000141 bp)...
[M::mem_process_seqs] Processed 106350 reads in 17.945 CPU sec, 19.348 real sec
[M::process] read 86508 sequences (10000114 bp)...
[M::mem_process_seqs] Processed 107494 reads in 16.981 CPU sec, 18.098 real sec
[M::process] read 78680 sequences (10000074 bp)...
[M::mem_process_seqs] Processed 86508 reads in 11.660 CPU sec, 12.195 real sec
[M::process] read 100376 sequences (10000047 bp)...
[M::mem_process_seqs] Processed 78680 reads in 6.727 CPU sec, 7.208 real sec
[M::process] read 104654 sequences (10000059 bp)...
[M::mem_process_seqs] Processed 100376 reads in 13.557 CPU sec, 13.816 real sec
[M::process] read 106258 sequences (10000004 bp)...
[M::mem_process_seqs] Processed 104654 reads in 17.989 CPU sec, 18.392 real sec
[M::process] read 105098 sequences (10000044 bp)...
[M::mem_process_seqs] Processed 106258 reads in 18.517 CPU sec, 18.372 real sec
[M::process] read 106170 sequences (10000228 bp)...
[M::mem_process_seqs] Processed 105098 reads in 18.194 CPU sec, 18.567 real sec
[M::process] read 106008 sequences (10000105 bp)...
[M::mem_process_seqs] Processed 106170 reads in 19.817 CPU sec, 21.043 real sec
[M::process] read 104082 sequences (10000059 bp)...
[M::mem_process_seqs] Processed 106008 reads in 18.294 CPU sec, 19.063 real sec
[M::process] read 105890 sequences (10000127 bp)...
[M::mem_process_seqs] Processed 104082 reads in 23.480 CPU sec, 24.062 real sec
[M::process] read 105052 sequences (10000056 bp)...
[M::mem_process_seqs] Processed 105890 reads in 19.434 CPU sec, 19.479 real sec
[M::process] read 105762 sequences (10000142 bp)...
[M::mem_process_seqs] Processed 105052 reads in 23.815 CPU sec, 24.441 real sec
[M::process] read 106000 sequences (10000163 bp)...
[M::mem_process_seqs] Processed 105762 reads in 19.194 CPU sec, 20.620 real sec
[M::process] read 106450 sequences (10000007 bp)...
[M::mem_process_seqs] Processed 106000 reads in 20.388 CPU sec, 20.941 real sec
[M::process] read 106050 sequences (10000060 bp)...
[M::mem_process_seqs] Processed 106450 reads in 18.286 CPU sec, 19.220 real sec
[M::process] read 105270 sequences (10000060 bp)...
[M::mem_process_seqs] Processed 106050 reads in 19.594 CPU sec, 21.040 real sec
[M::process] read 105850 sequences (10000073 bp)...
[M::mem_process_seqs] Processed 105270 reads in 20.697 CPU sec, 21.210 real sec
[M::process] read 105804 sequences (10000142 bp)...
[M::mem_process_seqs] Processed 105850 reads in 19.732 CPU sec, 20.387 real sec
[M::process] read 106266 sequences (10000041 bp)...
[M::mem_process_seqs] Processed 105804 reads in 21.176 CPU sec, 22.427 real sec
[M::process] read 102194 sequences (10000078 bp)...
[M::mem_process_seqs] Processed 106266 reads in 18.327 CPU sec, 18.767 real sec
[M::process] read 84402 sequences (10000095 bp)...
[M::mem_process_seqs] Processed 102194 reads in 15.789 CPU sec, 15.986 real sec
[M::process] read 102602 sequences (10000082 bp)...
[M::mem_process_seqs] Processed 84402 reads in 8.407 CPU sec, 8.574 real sec
[M::process] read 105936 sequences (10000167 bp)...
[M::mem_process_seqs] Processed 102602 reads in 15.260 CPU sec, 15.774 real sec
[M::process] read 105458 sequences (10000187 bp)...
[M::mem_process_seqs] Processed 105936 reads in 18.890 CPU sec, 20.257 real sec
[M::process] read 106368 sequences (10000102 bp)...
[M::mem_process_seqs] Processed 105458 reads in 17.435 CPU sec, 17.870 real sec
[M::process] read 105664 sequences (10000154 bp)...
[M::mem_process_seqs] Processed 106368 reads in 18.153 CPU sec, 18.310 real sec
[M::process] read 105770 sequences (10000153 bp)...
[M::mem_process_seqs] Processed 105664 reads in 19.064 CPU sec, 19.785 real sec
[M::process] read 104996 sequences (10000171 bp)...
[M::mem_process_seqs] Processed 105770 reads in 18.279 CPU sec, 18.739 real sec
[M::process] read 105886 sequences (10000148 bp)...
[M::mem_process_seqs] Processed 104996 reads in 16.995 CPU sec, 17.677 real sec
[M::process] read 105634 sequences (10000080 bp)...
[M::mem_process_seqs] Processed 105886 reads in 19.932 CPU sec, 21.069 real sec
[M::process] read 106128 sequences (10000027 bp)...
[M::mem_process_seqs] Processed 105634 reads in 18.604 CPU sec, 19.170 real sec
[M::process] read 105656 sequences (10000073 bp)...
[M::mem_process_seqs] Processed 106128 reads in 19.064 CPU sec, 19.688 real sec
[M::process] read 102058 sequences (10000159 bp)...
[M::mem_process_seqs] Processed 105656 reads in 19.241 CPU sec, 20.277 real sec
[M::process] read 106188 sequences (10000083 bp)...
[M::mem_process_seqs] Processed 102058 reads in 16.288 CPU sec, 16.911 real sec
[M::process] read 86240 sequences (10000015 bp)...
[M::mem_process_seqs] Processed 106188 reads in 18.401 CPU sec, 19.844 real sec
[M::process] read 95120 sequences (10000079 bp)...
[M::mem_process_seqs] Processed 86240 reads in 11.314 CPU sec, 11.860 real sec
[M::process] read 103780 sequences (10000002 bp)...
[M::mem_process_seqs] Processed 95120 reads in 12.976 CPU sec, 13.395 real sec
[M::process] read 104838 sequences (10000071 bp)...
[M::mem_process_seqs] Processed 103780 reads in 17.075 CPU sec, 18.531 real sec
[M::process] read 106218 sequences (10000115 bp)...
[M::mem_process_seqs] Processed 104838 reads in 21.648 CPU sec, 23.233 real sec
[M::process] read 105642 sequences (10000247 bp)...
[M::mem_process_seqs] Processed 106218 reads in 18.876 CPU sec, 19.715 real sec
[M::process] read 106154 sequences (10000082 bp)...
[M::mem_process_seqs] Processed 105642 reads in 20.244 CPU sec, 21.317 real sec
[M::process] read 105734 sequences (10000059 bp)...
[M::mem_process_seqs] Processed 106154 reads in 18.331 CPU sec, 19.319 real sec
[M::process] read 105436 sequences (10000056 bp)...
[M::mem_process_seqs] Processed 105734 reads in 19.985 CPU sec, 20.294 real sec
[M::process] read 106098 sequences (10000183 bp)...
[M::mem_process_seqs] Processed 105436 reads in 15.973 CPU sec, 17.582 real sec
[M::process] read 106294 sequences (10000001 bp)...
[M::mem_process_seqs] Processed 106098 reads in 18.377 CPU sec, 19.209 real sec
[M::process] read 105800 sequences (10000056 bp)...
[M::mem_process_seqs] Processed 106294 reads in 18.041 CPU sec, 18.256 real sec
[M::process] read 105312 sequences (10000075 bp)...
[M::mem_process_seqs] Processed 105800 reads in 18.722 CPU sec, 20.486 real sec
[M::process] read 106116 sequences (10000073 bp)...
[M::mem_process_seqs] Processed 105312 reads in 18.111 CPU sec, 18.373 real sec
[M::process] read 106640 sequences (10000081 bp)...
[M::mem_process_seqs] Processed 106116 reads in 17.917 CPU sec, 18.245 real sec
[M::process] read 105528 sequences (10000105 bp)...
[M::mem_process_seqs] Processed 106640 reads in 18.646 CPU sec, 20.126 real sec
[M::process] read 105870 sequences (10000041 bp)...
[M::mem_process_seqs] Processed 105528 reads in 18.632 CPU sec, 19.971 real sec
[M::process] read 106192 sequences (10000035 bp)...
[M::mem_process_seqs] Processed 105870 reads in 18.434 CPU sec, 18.601 real sec
[M::process] read 104410 sequences (10000133 bp)...
[M::mem_process_seqs] Processed 106192 reads in 18.328 CPU sec, 18.546 real sec
[M::process] read 105176 sequences (10000012 bp)...
[M::mem_process_seqs] Processed 104410 reads in 17.676 CPU sec, 17.723 real sec
[M::process] read 105584 sequences (10000063 bp)...
[M::mem_process_seqs] Processed 105176 reads in 18.815 CPU sec, 19.717 real sec
[M::process] read 106512 sequences (10000093 bp)...
[M::mem_process_seqs] Processed 105584 reads in 18.350 CPU sec, 19.442 real sec
[M::process] read 105580 sequences (10000034 bp)...
[M::mem_process_seqs] Processed 106512 reads in 18.192 CPU sec, 18.706 real sec
[M::process] read 105440 sequences (10000237 bp)...
[M::mem_process_seqs] Processed 105580 reads in 18.743 CPU sec, 19.945 real sec
[M::process] read 105864 sequences (10000079 bp)...
[M::mem_process_seqs] Processed 105440 reads in 19.339 CPU sec, 19.920 real sec
[M::process] read 105746 sequences (10000016 bp)...
[M::mem_process_seqs] Processed 105864 reads in 18.150 CPU sec, 18.857 real sec
[M::process] read 105596 sequences (10000210 bp)...
[M::mem_process_seqs] Processed 105746 reads in 18.686 CPU sec, 19.120 real sec
[M::process] read 105294 sequences (10000192 bp)...
[M::mem_process_seqs] Processed 105596 reads in 18.254 CPU sec, 18.517 real sec
[M::process] read 105662 sequences (10000039 bp)...
[M::mem_process_seqs] Processed 105294 reads in 19.886 CPU sec, 20.167 real sec
[M::process] read 106500 sequences (10000128 bp)...
[M::mem_process_seqs] Processed 105662 reads in 17.887 CPU sec, 18.373 real sec
[M::process] read 106446 sequences (10000133 bp)...
[M::mem_process_seqs] Processed 106500 reads in 18.336 CPU sec, 18.513 real sec
[M::process] read 105272 sequences (10000096 bp)...
[M::mem_process_seqs] Processed 106446 reads in 18.112 CPU sec, 18.826 real sec
[M::process] read 104012 sequences (10000016 bp)...
[M::mem_process_seqs] Processed 105272 reads in 19.009 CPU sec, 19.977 real sec
[M::process] read 106342 sequences (10000212 bp)...
[M::mem_process_seqs] Processed 104012 reads in 20.337 CPU sec, 20.659 real sec
[M::process] read 106140 sequences (10000121 bp)...
[M::mem_process_seqs] Processed 106342 reads in 18.074 CPU sec, 18.851 real sec
[M::process] read 106078 sequences (10000071 bp)...
[M::mem_process_seqs] Processed 106140 reads in 18.564 CPU sec, 18.880 real sec
[M::process] read 106064 sequences (10000048 bp)...
[M::mem_process_seqs] Processed 106078 reads in 19.513 CPU sec, 20.130 real sec
[M::process] read 106080 sequences (10000021 bp)...
[M::mem_process_seqs] Processed 106064 reads in 17.806 CPU sec, 18.605 real sec
[M::process] read 105928 sequences (10000171 bp)...
[M::mem_process_seqs] Processed 106080 reads in 18.672 CPU sec, 19.573 real sec
[M::process] read 106164 sequences (10000116 bp)...
[M::mem_process_seqs] Processed 105928 reads in 17.567 CPU sec, 17.995 real sec
[M::process] read 105836 sequences (10000023 bp)...
[M::mem_process_seqs] Processed 106164 reads in 17.549 CPU sec, 18.363 real sec
[M::process] read 106114 sequences (10000016 bp)...
[M::mem_process_seqs] Processed 105836 reads in 17.976 CPU sec, 18.319 real sec
[M::process] read 105894 sequences (10000187 bp)...
[M::mem_process_seqs] Processed 106114 reads in 18.801 CPU sec, 20.387 real sec
[M::process] read 105476 sequences (10000072 bp)...
[M::mem_process_seqs] Processed 105894 reads in 19.322 CPU sec, 20.194 real sec
[M::process] read 106036 sequences (10000122 bp)...
[M::mem_process_seqs] Processed 105476 reads in 18.731 CPU sec, 19.495 real sec
[M::process] read 106614 sequences (10000236 bp)...
[M::mem_process_seqs] Processed 106036 reads in 18.593 CPU sec, 18.901 real sec
[M::process] read 105824 sequences (10000112 bp)...
[M::mem_process_seqs] Processed 106614 reads in 18.003 CPU sec, 18.781 real sec
[M::process] read 105892 sequences (10000116 bp)...
[M::mem_process_seqs] Processed 105824 reads in 18.262 CPU sec, 18.915 real sec
[M::process] read 106046 sequences (10000119 bp)...
[M::mem_process_seqs] Processed 105892 reads in 17.663 CPU sec, 18.545 real sec
[M::process] read 106298 sequences (10000140 bp)...
[M::mem_process_seqs] Processed 106046 reads in 17.860 CPU sec, 18.671 real sec
[M::process] read 106198 sequences (10000166 bp)...
[M::mem_process_seqs] Processed 106298 reads in 18.099 CPU sec, 18.410 real sec
[M::process] read 106770 sequences (10000206 bp)...
[M::mem_process_seqs] Processed 106198 reads in 18.075 CPU sec, 18.606 real sec
[M::process] read 105704 sequences (10000100 bp)...
[M::mem_process_seqs] Processed 106770 reads in 18.123 CPU sec, 19.200 real sec
[M::process] read 105526 sequences (10000096 bp)...
[M::mem_process_seqs] Processed 105704 reads in 18.523 CPU sec, 19.593 real sec
[M::process] read 104864 sequences (10000024 bp)...
[M::mem_process_seqs] Processed 105526 reads in 18.326 CPU sec, 19.028 real sec
[M::process] read 106148 sequences (10000104 bp)...
[M::mem_process_seqs] Processed 104864 reads in 21.592 CPU sec, 22.750 real sec
[M::process] read 106378 sequences (10000085 bp)...
[M::mem_process_seqs] Processed 106148 reads in 18.622 CPU sec, 19.871 real sec
[M::process] read 106208 sequences (10000132 bp)...
[M::mem_process_seqs] Processed 106378 reads in 18.994 CPU sec, 19.813 real sec
[M::process] read 106156 sequences (10000064 bp)...
[M::mem_process_seqs] Processed 106208 reads in 17.723 CPU sec, 18.317 real sec
[M::process] read 106086 sequences (10000255 bp)...
[M::mem_process_seqs] Processed 106156 reads in 17.647 CPU sec, 17.900 real sec
[M::process] read 106110 sequences (10000151 bp)...
[M::mem_process_seqs] Processed 106086 reads in 18.654 CPU sec, 19.735 real sec
[M::process] read 105736 sequences (10000152 bp)...
[M::mem_process_seqs] Processed 106110 reads in 18.707 CPU sec, 19.299 real sec
[M::process] read 105798 sequences (10000044 bp)...
[M::mem_process_seqs] Processed 105736 reads in 19.253 CPU sec, 19.828 real sec
[M::process] read 106176 sequences (10000076 bp)...
[M::mem_process_seqs] Processed 105798 reads in 20.617 CPU sec, 22.265 real sec
[M::process] read 104936 sequences (10000127 bp)...
[M::mem_process_seqs] Processed 106176 reads in 17.908 CPU sec, 18.516 real sec
[M::process] read 105834 sequences (10000121 bp)...
[M::mem_process_seqs] Processed 104936 reads in 17.868 CPU sec, 18.263 real sec
[M::process] read 105834 sequences (10000016 bp)...
[M::mem_process_seqs] Processed 105834 reads in 18.830 CPU sec, 19.195 real sec
[M::process] read 106012 sequences (10000051 bp)...
[M::mem_process_seqs] Processed 105834 reads in 19.283 CPU sec, 19.475 real sec
[M::process] read 105890 sequences (10000085 bp)...
[M::mem_process_seqs] Processed 106012 reads in 19.170 CPU sec, 20.800 real sec
[M::process] read 105688 sequences (10000108 bp)...
[M::mem_process_seqs] Processed 105890 reads in 18.568 CPU sec, 19.046 real sec
[M::process] read 105442 sequences (10000020 bp)...
[M::mem_process_seqs] Processed 105688 reads in 18.791 CPU sec, 19.774 real sec
[M::process] read 106298 sequences (10000231 bp)...
[M::mem_process_seqs] Processed 105442 reads in 18.451 CPU sec, 18.635 real sec
[M::process] read 105984 sequences (10000118 bp)...
[M::mem_process_seqs] Processed 106298 reads in 17.528 CPU sec, 18.210 real sec
[M::process] read 105648 sequences (10000228 bp)...
[M::mem_process_seqs] Processed 105984 reads in 17.775 CPU sec, 18.010 real sec
[M::process] read 97738 sequences (10000109 bp)...
[M::mem_process_seqs] Processed 105648 reads in 20.434 CPU sec, 22.453 real sec
[M::process] read 96076 sequences (10000073 bp)...
[M::mem_process_seqs] Processed 97738 reads in 14.616 CPU sec, 15.239 real sec
[M::process] read 106324 sequences (10000178 bp)...
[M::mem_process_seqs] Processed 96076 reads in 13.237 CPU sec, 13.402 real sec
[M::process] read 105932 sequences (10000105 bp)...
[M::mem_process_seqs] Processed 106324 reads in 18.616 CPU sec, 19.077 real sec
[M::process] read 106350 sequences (10000048 bp)...
[M::mem_process_seqs] Processed 105932 reads in 18.267 CPU sec, 18.457 real sec
[M::process] read 105878 sequences (10000046 bp)...
[M::mem_process_seqs] Processed 106350 reads in 18.195 CPU sec, 18.456 real sec
[M::process] read 106126 sequences (10000066 bp)...
[M::mem_process_seqs] Processed 105878 reads in 18.628 CPU sec, 18.910 real sec
[M::process] read 105736 sequences (10000161 bp)...
[M::mem_process_seqs] Processed 106126 reads in 18.898 CPU sec, 19.171 real sec
[M::process] read 105934 sequences (10000200 bp)...
[M::mem_process_seqs] Processed 105736 reads in 19.930 CPU sec, 20.468 real sec
[M::process] read 106268 sequences (10000109 bp)...
[M::mem_process_seqs] Processed 105934 reads in 19.059 CPU sec, 19.209 real sec
[M::process] read 105910 sequences (10000159 bp)...
[M::mem_process_seqs] Processed 106268 reads in 17.838 CPU sec, 18.255 real sec
[M::process] read 104908 sequences (10000141 bp)...
[M::mem_process_seqs] Processed 105910 reads in 17.928 CPU sec, 18.321 real sec
[M::process] read 105988 sequences (10000037 bp)...
[M::mem_process_seqs] Processed 104908 reads in 19.248 CPU sec, 20.755 real sec
[M::process] read 105788 sequences (10000033 bp)...
[M::mem_process_seqs] Processed 105988 reads in 18.159 CPU sec, 18.600 real sec
[M::process] read 106090 sequences (10000147 bp)...
[M::mem_process_seqs] Processed 105788 reads in 18.995 CPU sec, 19.666 real sec
[M::process] read 105052 sequences (10000170 bp)...
[M::mem_process_seqs] Processed 106090 reads in 17.368 CPU sec, 17.768 real sec
[M::process] read 106466 sequences (10000279 bp)...
[M::mem_process_seqs] Processed 105052 reads in 20.764 CPU sec, 21.446 real sec
[M::process] read 106122 sequences (10000004 bp)...
[M::mem_process_seqs] Processed 106466 reads in 18.614 CPU sec, 19.372 real sec
[M::process] read 105562 sequences (10000034 bp)...
[M::mem_process_seqs] Processed 106122 reads in 18.234 CPU sec, 19.208 real sec
[M::process] read 105354 sequences (10000067 bp)...
[M::mem_process_seqs] Processed 105562 reads in 17.995 CPU sec, 19.303 real sec
[M::process] read 106130 sequences (10000193 bp)...
[M::mem_process_seqs] Processed 105354 reads in 17.135 CPU sec, 17.398 real sec
[M::process] read 105078 sequences (10000001 bp)...
[M::mem_process_seqs] Processed 106130 reads in 17.966 CPU sec, 19.168 real sec
[M::process] read 106418 sequences (10000133 bp)...
[M::mem_process_seqs] Processed 105078 reads in 19.341 CPU sec, 20.462 real sec
[M::process] read 106374 sequences (10000074 bp)...
[M::mem_process_seqs] Processed 106418 reads in 18.332 CPU sec, 18.164 real sec
[M::process] read 106120 sequences (10000071 bp)...
[M::mem_process_seqs] Processed 106374 reads in 18.342 CPU sec, 19.656 real sec
[M::process] read 105734 sequences (10000089 bp)...
[M::mem_process_seqs] Processed 106120 reads in 17.939 CPU sec, 18.518 real sec
[M::process] read 106802 sequences (10000168 bp)...
[M::mem_process_seqs] Processed 105734 reads in 18.421 CPU sec, 18.505 real sec
[M::process] read 106042 sequences (10000127 bp)...
[M::mem_process_seqs] Processed 106802 reads in 18.607 CPU sec, 18.844 real sec
[M::process] read 106174 sequences (10000016 bp)...
[M::mem_process_seqs] Processed 106042 reads in 19.879 CPU sec, 20.420 real sec
[M::process] read 106056 sequences (10000023 bp)...
[M::mem_process_seqs] Processed 106174 reads in 18.372 CPU sec, 19.867 real sec
[M::process] read 105912 sequences (10000109 bp)...
[M::mem_process_seqs] Processed 106056 reads in 18.228 CPU sec, 18.696 real sec
[M::process] read 106526 sequences (10000169 bp)...
[M::mem_process_seqs] Processed 105912 reads in 18.258 CPU sec, 18.297 real sec
[M::process] read 105868 sequences (10000047 bp)...
[M::mem_process_seqs] Processed 106526 reads in 18.008 CPU sec, 18.620 real sec
[M::process] read 105232 sequences (10000113 bp)...
[M::mem_process_seqs] Processed 105868 reads in 18.261 CPU sec, 18.535 real sec
[M::process] read 105956 sequences (10000035 bp)...
[M::mem_process_seqs] Processed 105232 reads in 18.664 CPU sec, 19.245 real sec
[M::process] read 105688 sequences (10000020 bp)...
[M::mem_process_seqs] Processed 105956 reads in 18.569 CPU sec, 20.518 real sec
[M::process] read 106216 sequences (10000262 bp)...
[M::mem_process_seqs] Processed 105688 reads in 20.196 CPU sec, 20.621 real sec
[M::process] read 105510 sequences (10000106 bp)...
[M::mem_process_seqs] Processed 106216 reads in 17.731 CPU sec, 18.221 real sec
[M::process] read 105982 sequences (10000157 bp)...
[M::mem_process_seqs] Processed 105510 reads in 19.366 CPU sec, 20.366 real sec
[M::process] read 106362 sequences (10000035 bp)...
[M::mem_process_seqs] Processed 105982 reads in 19.423 CPU sec, 20.243 real sec
[M::process] read 105950 sequences (10000020 bp)...
[M::mem_process_seqs] Processed 106362 reads in 19.900 CPU sec, 20.333 real sec
[M::process] read 101862 sequences (10000067 bp)...
[M::mem_process_seqs] Processed 105950 reads in 19.373 CPU sec, 21.080 real sec
[M::process] read 106426 sequences (10000167 bp)...
[M::mem_process_seqs] Processed 101862 reads in 16.925 CPU sec, 18.000 real sec
[M::process] read 105960 sequences (10000220 bp)...
[M::mem_process_seqs] Processed 106426 reads in 18.374 CPU sec, 19.866 real sec
[M::process] read 104796 sequences (10000014 bp)...
[M::mem_process_seqs] Processed 105960 reads in 17.783 CPU sec, 17.971 real sec
[M::process] read 105690 sequences (10000128 bp)...
[M::mem_process_seqs] Processed 104796 reads in 20.898 CPU sec, 21.623 real sec
[M::process] read 105770 sequences (10000085 bp)...
[M::mem_process_seqs] Processed 105690 reads in 20.129 CPU sec, 21.376 real sec
[M::process] read 106190 sequences (10000165 bp)...
[M::mem_process_seqs] Processed 105770 reads in 20.534 CPU sec, 21.450 real sec
[M::process] read 106352 sequences (10000082 bp)...
[M::mem_process_seqs] Processed 106190 reads in 18.602 CPU sec, 19.503 real sec
[M::process] read 105570 sequences (10000086 bp)...
[M::mem_process_seqs] Processed 106352 reads in 18.247 CPU sec, 19.518 real sec
[M::process] read 105604 sequences (10000122 bp)...
[M::mem_process_seqs] Processed 105570 reads in 19.752 CPU sec, 20.545 real sec
[M::process] read 105268 sequences (10000049 bp)...
[M::mem_process_seqs] Processed 105604 reads in 18.151 CPU sec, 18.957 real sec
[M::process] read 78182 sequences (7388632 bp)...
[M::mem_process_seqs] Processed 105268 reads in 19.553 CPU sec, 20.058 real sec
[M::mem_process_seqs] Processed 78182 reads in 13.537 CPU sec, 15.246 real sec
[main] Version: 0.7.17-r1188
[main] CMD: bwa mem -L 5 -I 533.109,60.1675,613,366 -t 1 -a -M -T 30 -A 1 -B 4 -O 6 -R @RG\tID:Aen-AHam_039-AeA01039_CKDL210012719-1a-AK9142-GC12_HF5TCDSX2_L1_clmp_fp2_repr\tSM:Aen-AHam_039-AeA01039_CKDL210012719-1a-AK9142-GC12_HF5TCDSX2_L1_clmp_fp2_repr\tPL:Illumina reference.rad.baited-6-6.fasta Aen-AHam_039-AeA01039_CKDL210012719-1a-AK9142-GC12_HF5TCDSX2_L1_clmp_fp2_repr.R1.fq.gz Aen-AHam_039-AeA01039_CKDL210012719-1a-AK9142-GC12_HF5TCDSX2_L1_clmp_fp2_repr.R2.fq.gz
[main] Real time: 3141.170 sec; CPU: 3020.032 sec
