[M::main_mem] mean insert size: 533.109, stddev: 60.167, max: 613, min: 366
[M::bwa_idx_load_from_disk] read 0 ALT contigs
[M::process] read 72330 sequences (10000037 bp)...
[M::process] read 72508 sequences (10000096 bp)...
[M::mem_process_seqs] Processed 72330 reads in 25.818 CPU sec, 26.785 real sec
[M::process] read 72300 sequences (10000265 bp)...
[M::mem_process_seqs] Processed 72508 reads in 25.442 CPU sec, 26.576 real sec
[M::process] read 71718 sequences (10000137 bp)...
[M::mem_process_seqs] Processed 72300 reads in 26.975 CPU sec, 27.714 real sec
[M::process] read 67730 sequences (10000196 bp)...
[M::mem_process_seqs] Processed 71718 reads in 21.977 CPU sec, 23.210 real sec
[M::process] read 70168 sequences (10000207 bp)...
[M::mem_process_seqs] Processed 67730 reads in 7.224 CPU sec, 7.177 real sec
[M::process] read 72382 sequences (10000146 bp)...
[M::mem_process_seqs] Processed 70168 reads in 15.047 CPU sec, 16.104 real sec
[M::process] read 72296 sequences (10000135 bp)...
[M::mem_process_seqs] Processed 72382 reads in 25.154 CPU sec, 26.498 real sec
[M::process] read 72158 sequences (10000027 bp)...
[M::mem_process_seqs] Processed 72296 reads in 24.833 CPU sec, 25.848 real sec
[M::process] read 72188 sequences (10000060 bp)...
[M::mem_process_seqs] Processed 72158 reads in 24.814 CPU sec, 26.889 real sec
[M::process] read 72630 sequences (10000232 bp)...
[M::mem_process_seqs] Processed 72188 reads in 24.533 CPU sec, 26.155 real sec
[M::process] read 72222 sequences (10000117 bp)...
[M::mem_process_seqs] Processed 72630 reads in 27.992 CPU sec, 30.422 real sec
[M::process] read 72356 sequences (10000001 bp)...
[M::mem_process_seqs] Processed 72222 reads in 25.455 CPU sec, 27.278 real sec
[M::process] read 72218 sequences (10000220 bp)...
[M::mem_process_seqs] Processed 72356 reads in 26.500 CPU sec, 27.715 real sec
[M::process] read 72280 sequences (10000189 bp)...
[M::mem_process_seqs] Processed 72218 reads in 32.086 CPU sec, 33.440 real sec
[M::process] read 72166 sequences (10000237 bp)...
[M::mem_process_seqs] Processed 72280 reads in 26.289 CPU sec, 27.506 real sec
[M::process] read 72608 sequences (10000239 bp)...
[M::mem_process_seqs] Processed 72166 reads in 24.043 CPU sec, 24.854 real sec
[M::process] read 72042 sequences (10000270 bp)...
[M::mem_process_seqs] Processed 72608 reads in 36.526 CPU sec, 37.557 real sec
[M::process] read 72372 sequences (10000196 bp)...
[M::mem_process_seqs] Processed 72042 reads in 29.539 CPU sec, 30.369 real sec
[M::process] read 72178 sequences (10000076 bp)...
[M::mem_process_seqs] Processed 72372 reads in 28.233 CPU sec, 29.680 real sec
[M::process] read 72142 sequences (10000030 bp)...
[M::mem_process_seqs] Processed 72178 reads in 26.497 CPU sec, 27.341 real sec
[M::process] read 72600 sequences (10000006 bp)...
[M::mem_process_seqs] Processed 72142 reads in 26.233 CPU sec, 28.085 real sec
[M::process] read 72564 sequences (10000212 bp)...
[M::mem_process_seqs] Processed 72600 reads in 38.618 CPU sec, 39.844 real sec
[M::process] read 70074 sequences (10000006 bp)...
[M::mem_process_seqs] Processed 72564 reads in 24.956 CPU sec, 25.723 real sec
[M::process] read 72224 sequences (10000013 bp)...
[M::mem_process_seqs] Processed 70074 reads in 12.954 CPU sec, 13.819 real sec
[M::process] read 72438 sequences (10000034 bp)...
[M::mem_process_seqs] Processed 72224 reads in 23.237 CPU sec, 23.775 real sec
[M::process] read 72272 sequences (10000098 bp)...
[M::mem_process_seqs] Processed 72438 reads in 25.230 CPU sec, 26.590 real sec
[M::process] read 72174 sequences (10000098 bp)...
[M::mem_process_seqs] Processed 72272 reads in 27.918 CPU sec, 29.103 real sec
[M::process] read 71774 sequences (10000210 bp)...
[M::mem_process_seqs] Processed 72174 reads in 25.676 CPU sec, 26.902 real sec
[M::process] read 72204 sequences (10000062 bp)...
[M::mem_process_seqs] Processed 71774 reads in 25.459 CPU sec, 26.872 real sec
[M::process] read 72168 sequences (10000065 bp)...
[M::mem_process_seqs] Processed 72204 reads in 25.969 CPU sec, 26.841 real sec
[M::process] read 71666 sequences (10000283 bp)...
[M::mem_process_seqs] Processed 72168 reads in 27.873 CPU sec, 29.396 real sec
[M::process] read 72274 sequences (10000080 bp)...
[M::mem_process_seqs] Processed 71666 reads in 35.649 CPU sec, 37.274 real sec
[M::process] read 71886 sequences (10000257 bp)...
[M::mem_process_seqs] Processed 72274 reads in 26.601 CPU sec, 28.386 real sec
[M::process] read 72262 sequences (10000168 bp)...
[M::mem_process_seqs] Processed 71886 reads in 25.580 CPU sec, 26.853 real sec
[M::process] read 72292 sequences (10000147 bp)...
[M::mem_process_seqs] Processed 72262 reads in 25.676 CPU sec, 26.834 real sec
[M::process] read 69690 sequences (10000011 bp)...
[M::mem_process_seqs] Processed 72292 reads in 26.283 CPU sec, 26.766 real sec
[M::process] read 68110 sequences (10000121 bp)...
[M::mem_process_seqs] Processed 69690 reads in 14.670 CPU sec, 15.065 real sec
[M::process] read 72250 sequences (10000011 bp)...
[M::mem_process_seqs] Processed 68110 reads in 6.786 CPU sec, 7.356 real sec
[M::process] read 72236 sequences (10000047 bp)...
[M::mem_process_seqs] Processed 72250 reads in 25.917 CPU sec, 26.345 real sec
[M::process] read 72198 sequences (10000277 bp)...
[M::mem_process_seqs] Processed 72236 reads in 24.804 CPU sec, 25.890 real sec
[M::process] read 71968 sequences (10000191 bp)...
[M::mem_process_seqs] Processed 72198 reads in 22.200 CPU sec, 23.549 real sec
[M::process] read 72252 sequences (10000214 bp)...
[M::mem_process_seqs] Processed 71968 reads in 28.457 CPU sec, 30.630 real sec
[M::process] read 72066 sequences (10000126 bp)...
[M::mem_process_seqs] Processed 72252 reads in 24.527 CPU sec, 25.873 real sec
[M::process] read 72236 sequences (10000162 bp)...
[M::mem_process_seqs] Processed 72066 reads in 28.260 CPU sec, 29.787 real sec
[M::process] read 72508 sequences (10000011 bp)...
[M::mem_process_seqs] Processed 72236 reads in 32.206 CPU sec, 33.910 real sec
[M::process] read 72490 sequences (10000004 bp)...
[M::mem_process_seqs] Processed 72508 reads in 26.146 CPU sec, 27.281 real sec
[M::process] read 72736 sequences (10000001 bp)...
[M::mem_process_seqs] Processed 72490 reads in 27.639 CPU sec, 28.334 real sec
[M::process] read 72024 sequences (10000191 bp)...
[M::mem_process_seqs] Processed 72736 reads in 25.232 CPU sec, 26.329 real sec
[M::process] read 72108 sequences (10000125 bp)...
[M::mem_process_seqs] Processed 72024 reads in 27.284 CPU sec, 28.732 real sec
[M::process] read 72320 sequences (10000219 bp)...
[M::mem_process_seqs] Processed 72108 reads in 33.554 CPU sec, 35.090 real sec
[M::process] read 72006 sequences (10000243 bp)...
[M::mem_process_seqs] Processed 72320 reads in 25.340 CPU sec, 25.974 real sec
[M::process] read 72306 sequences (10000126 bp)...
[M::mem_process_seqs] Processed 72006 reads in 24.917 CPU sec, 26.811 real sec
[M::process] read 72220 sequences (10000003 bp)...
[M::mem_process_seqs] Processed 72306 reads in 26.052 CPU sec, 26.916 real sec
[M::process] read 72152 sequences (10000226 bp)...
[M::mem_process_seqs] Processed 72220 reads in 29.514 CPU sec, 30.468 real sec
[M::process] read 71956 sequences (10000110 bp)...
[M::mem_process_seqs] Processed 72152 reads in 24.957 CPU sec, 26.174 real sec
[M::process] read 72050 sequences (10000142 bp)...
[M::mem_process_seqs] Processed 71956 reads in 28.721 CPU sec, 30.165 real sec
[M::process] read 72290 sequences (10000243 bp)...
[M::mem_process_seqs] Processed 72050 reads in 24.398 CPU sec, 25.400 real sec
[M::process] read 72362 sequences (10000268 bp)...
[M::mem_process_seqs] Processed 72290 reads in 25.105 CPU sec, 26.711 real sec
[M::process] read 72276 sequences (10000258 bp)...
[M::mem_process_seqs] Processed 72362 reads in 28.499 CPU sec, 29.995 real sec
[M::process] read 72224 sequences (10000193 bp)...
[M::mem_process_seqs] Processed 72276 reads in 27.548 CPU sec, 28.690 real sec
[M::process] read 72126 sequences (10000267 bp)...
[M::mem_process_seqs] Processed 72224 reads in 25.413 CPU sec, 27.062 real sec
[M::process] read 72040 sequences (10000199 bp)...
[M::mem_process_seqs] Processed 72126 reads in 25.242 CPU sec, 25.824 real sec
[M::process] read 72402 sequences (10000130 bp)...
[M::mem_process_seqs] Processed 72040 reads in 26.986 CPU sec, 29.020 real sec
[M::process] read 72072 sequences (10000290 bp)...
[M::mem_process_seqs] Processed 72402 reads in 23.859 CPU sec, 24.648 real sec
[M::process] read 72290 sequences (10000053 bp)...
[M::mem_process_seqs] Processed 72072 reads in 26.494 CPU sec, 27.575 real sec
[M::process] read 72114 sequences (10000045 bp)...
[M::mem_process_seqs] Processed 72290 reads in 25.493 CPU sec, 26.387 real sec
[M::process] read 72822 sequences (10000119 bp)...
[M::mem_process_seqs] Processed 72114 reads in 26.662 CPU sec, 28.796 real sec
[M::process] read 72018 sequences (10000174 bp)...
[M::mem_process_seqs] Processed 72822 reads in 25.869 CPU sec, 26.490 real sec
[M::process] read 72342 sequences (10000148 bp)...
[M::mem_process_seqs] Processed 72018 reads in 24.528 CPU sec, 26.046 real sec
[M::process] read 72102 sequences (10000174 bp)...
[M::mem_process_seqs] Processed 72342 reads in 34.918 CPU sec, 35.830 real sec
[M::process] read 72204 sequences (10000033 bp)...
[M::mem_process_seqs] Processed 72102 reads in 31.164 CPU sec, 31.914 real sec
[M::process] read 72138 sequences (10000131 bp)...
[M::mem_process_seqs] Processed 72204 reads in 25.951 CPU sec, 27.672 real sec
[M::process] read 72132 sequences (10000144 bp)...
[M::mem_process_seqs] Processed 72138 reads in 27.210 CPU sec, 28.486 real sec
[M::process] read 72476 sequences (10000192 bp)...
[M::mem_process_seqs] Processed 72132 reads in 26.333 CPU sec, 27.666 real sec
[M::process] read 71808 sequences (10000225 bp)...
[M::mem_process_seqs] Processed 72476 reads in 25.737 CPU sec, 27.049 real sec
[M::process] read 72422 sequences (10000245 bp)...
[M::mem_process_seqs] Processed 71808 reads in 31.980 CPU sec, 33.473 real sec
[M::process] read 72352 sequences (10000014 bp)...
[M::mem_process_seqs] Processed 72422 reads in 25.481 CPU sec, 26.995 real sec
[M::process] read 72398 sequences (10000149 bp)...
[M::mem_process_seqs] Processed 72352 reads in 25.372 CPU sec, 26.343 real sec
[M::process] read 72362 sequences (10000082 bp)...
[M::mem_process_seqs] Processed 72398 reads in 25.019 CPU sec, 26.524 real sec
[M::process] read 72118 sequences (10000134 bp)...
[M::mem_process_seqs] Processed 72362 reads in 25.664 CPU sec, 27.184 real sec
[M::process] read 72302 sequences (10000151 bp)...
[M::mem_process_seqs] Processed 72118 reads in 32.421 CPU sec, 33.818 real sec
[M::process] read 72208 sequences (10000207 bp)...
[M::mem_process_seqs] Processed 72302 reads in 29.611 CPU sec, 31.045 real sec
[M::process] read 72438 sequences (10000068 bp)...
[M::mem_process_seqs] Processed 72208 reads in 27.952 CPU sec, 29.483 real sec
[M::process] read 72294 sequences (10000188 bp)...
[M::mem_process_seqs] Processed 72438 reads in 24.690 CPU sec, 25.140 real sec
[M::process] read 72206 sequences (10000241 bp)...
[M::mem_process_seqs] Processed 72294 reads in 25.218 CPU sec, 26.620 real sec
[M::process] read 72480 sequences (10000191 bp)...
[M::mem_process_seqs] Processed 72206 reads in 26.760 CPU sec, 27.768 real sec
[M::process] read 72390 sequences (10000106 bp)...
[M::mem_process_seqs] Processed 72480 reads in 24.936 CPU sec, 26.174 real sec
[M::process] read 72024 sequences (10000042 bp)...
[M::mem_process_seqs] Processed 72390 reads in 25.438 CPU sec, 26.369 real sec
[M::process] read 72476 sequences (10000271 bp)...
[M::mem_process_seqs] Processed 72024 reads in 23.338 CPU sec, 24.533 real sec
[M::process] read 72586 sequences (10000110 bp)...
[M::mem_process_seqs] Processed 72476 reads in 25.218 CPU sec, 26.846 real sec
[M::process] read 72152 sequences (10000091 bp)...
[M::mem_process_seqs] Processed 72586 reads in 24.962 CPU sec, 25.748 real sec
[M::process] read 71984 sequences (10000274 bp)...
[M::mem_process_seqs] Processed 72152 reads in 24.303 CPU sec, 24.734 real sec
[M::process] read 72152 sequences (10000112 bp)...
[M::mem_process_seqs] Processed 71984 reads in 27.763 CPU sec, 28.792 real sec
[M::process] read 72666 sequences (10000058 bp)...
[M::mem_process_seqs] Processed 72152 reads in 28.120 CPU sec, 29.123 real sec
[M::process] read 72666 sequences (10000021 bp)...
[M::mem_process_seqs] Processed 72666 reads in 30.408 CPU sec, 31.031 real sec
[M::process] read 72194 sequences (10000257 bp)...
[M::mem_process_seqs] Processed 72666 reads in 24.470 CPU sec, 24.934 real sec
[M::process] read 72092 sequences (10000225 bp)...
[M::mem_process_seqs] Processed 72194 reads in 23.265 CPU sec, 24.522 real sec
[M::process] read 72494 sequences (10000174 bp)...
[M::mem_process_seqs] Processed 72092 reads in 24.943 CPU sec, 26.536 real sec
[M::process] read 71932 sequences (10000178 bp)...
[M::mem_process_seqs] Processed 72494 reads in 30.353 CPU sec, 30.985 real sec
[M::process] read 72368 sequences (10000281 bp)...
[M::mem_process_seqs] Processed 71932 reads in 29.949 CPU sec, 30.244 real sec
[M::process] read 72006 sequences (10000123 bp)...
[M::mem_process_seqs] Processed 72368 reads in 27.056 CPU sec, 28.062 real sec
[M::process] read 72286 sequences (10000007 bp)...
[M::mem_process_seqs] Processed 72006 reads in 28.218 CPU sec, 29.418 real sec
[M::process] read 72222 sequences (10000231 bp)...
[M::mem_process_seqs] Processed 72286 reads in 24.926 CPU sec, 25.504 real sec
[M::process] read 72194 sequences (10000179 bp)...
[M::mem_process_seqs] Processed 72222 reads in 24.768 CPU sec, 25.477 real sec
[M::process] read 72364 sequences (10000029 bp)...
[M::mem_process_seqs] Processed 72194 reads in 27.532 CPU sec, 28.674 real sec
[M::process] read 72226 sequences (10000284 bp)...
[M::mem_process_seqs] Processed 72364 reads in 26.522 CPU sec, 27.605 real sec
[M::process] read 72184 sequences (10000105 bp)...
[M::mem_process_seqs] Processed 72226 reads in 25.585 CPU sec, 26.130 real sec
[M::process] read 72174 sequences (10000123 bp)...
[M::mem_process_seqs] Processed 72184 reads in 25.197 CPU sec, 25.960 real sec
[M::process] read 72276 sequences (10000102 bp)...
[M::mem_process_seqs] Processed 72174 reads in 25.580 CPU sec, 26.999 real sec
[M::process] read 72194 sequences (10000121 bp)...
[M::mem_process_seqs] Processed 72276 reads in 24.742 CPU sec, 26.100 real sec
[M::process] read 72146 sequences (10000001 bp)...
[M::mem_process_seqs] Processed 72194 reads in 24.957 CPU sec, 26.756 real sec
[M::process] read 69346 sequences (10000189 bp)...
[M::mem_process_seqs] Processed 72146 reads in 26.592 CPU sec, 27.679 real sec
[M::process] read 72136 sequences (10000111 bp)...
[M::mem_process_seqs] Processed 69346 reads in 11.545 CPU sec, 11.811 real sec
[M::process] read 72408 sequences (10000143 bp)...
[M::mem_process_seqs] Processed 72136 reads in 26.755 CPU sec, 27.801 real sec
[M::process] read 72182 sequences (10000265 bp)...
[M::mem_process_seqs] Processed 72408 reads in 24.234 CPU sec, 24.970 real sec
[M::process] read 72160 sequences (10000196 bp)...
[M::mem_process_seqs] Processed 72182 reads in 26.151 CPU sec, 26.494 real sec
[M::process] read 72294 sequences (10000118 bp)...
[M::mem_process_seqs] Processed 72160 reads in 26.211 CPU sec, 26.479 real sec
[M::process] read 72416 sequences (10000245 bp)...
[M::mem_process_seqs] Processed 72294 reads in 25.185 CPU sec, 25.227 real sec
[M::process] read 72362 sequences (10000180 bp)...
[M::mem_process_seqs] Processed 72416 reads in 32.519 CPU sec, 32.874 real sec
[M::process] read 72140 sequences (10000070 bp)...
[M::mem_process_seqs] Processed 72362 reads in 26.053 CPU sec, 26.651 real sec
[M::process] read 72224 sequences (10000030 bp)...
[M::mem_process_seqs] Processed 72140 reads in 28.248 CPU sec, 28.800 real sec
[M::process] read 72100 sequences (10000202 bp)...
[M::mem_process_seqs] Processed 72224 reads in 24.309 CPU sec, 25.138 real sec
[M::process] read 71898 sequences (10000033 bp)...
[M::mem_process_seqs] Processed 72100 reads in 24.313 CPU sec, 24.527 real sec
[M::process] read 72010 sequences (10000165 bp)...
[M::mem_process_seqs] Processed 71898 reads in 22.861 CPU sec, 23.112 real sec
[M::process] read 72004 sequences (10000204 bp)...
[M::mem_process_seqs] Processed 72010 reads in 30.868 CPU sec, 31.286 real sec
[M::process] read 72416 sequences (10000295 bp)...
[M::mem_process_seqs] Processed 72004 reads in 25.439 CPU sec, 27.079 real sec
[M::process] read 72280 sequences (10000214 bp)...
[M::mem_process_seqs] Processed 72416 reads in 25.190 CPU sec, 25.358 real sec
[M::process] read 72382 sequences (10000022 bp)...
[M::mem_process_seqs] Processed 72280 reads in 23.430 CPU sec, 23.409 real sec
[M::process] read 72172 sequences (10000092 bp)...
[M::mem_process_seqs] Processed 72382 reads in 29.327 CPU sec, 29.802 real sec
[M::process] read 72332 sequences (10000014 bp)...
[M::mem_process_seqs] Processed 72172 reads in 27.013 CPU sec, 27.798 real sec
[M::process] read 72136 sequences (10000043 bp)...
[M::mem_process_seqs] Processed 72332 reads in 25.767 CPU sec, 25.753 real sec
[M::process] read 72434 sequences (10000113 bp)...
[M::mem_process_seqs] Processed 72136 reads in 27.051 CPU sec, 27.832 real sec
[M::process] read 72120 sequences (10000187 bp)...
[M::mem_process_seqs] Processed 72434 reads in 25.957 CPU sec, 26.915 real sec
[M::process] read 72160 sequences (10000069 bp)...
[M::mem_process_seqs] Processed 72120 reads in 24.786 CPU sec, 24.574 real sec
[M::process] read 72242 sequences (10000201 bp)...
[M::mem_process_seqs] Processed 72160 reads in 26.450 CPU sec, 26.367 real sec
[M::process] read 72346 sequences (10000294 bp)...
[M::mem_process_seqs] Processed 72242 reads in 26.012 CPU sec, 25.953 real sec
[M::process] read 72026 sequences (10000252 bp)...
[M::mem_process_seqs] Processed 72346 reads in 25.200 CPU sec, 25.569 real sec
[M::process] read 72210 sequences (10000239 bp)...
[M::mem_process_seqs] Processed 72026 reads in 25.034 CPU sec, 25.717 real sec
[M::process] read 72522 sequences (10000087 bp)...
[M::mem_process_seqs] Processed 72210 reads in 26.144 CPU sec, 26.651 real sec
[M::process] read 72372 sequences (10000167 bp)...
[M::mem_process_seqs] Processed 72522 reads in 28.296 CPU sec, 29.979 real sec
[M::process] read 72060 sequences (10000281 bp)...
[M::mem_process_seqs] Processed 72372 reads in 27.608 CPU sec, 28.895 real sec
[M::process] read 71254 sequences (10000234 bp)...
[M::mem_process_seqs] Processed 72060 reads in 24.417 CPU sec, 24.897 real sec
[M::process] read 72082 sequences (10000020 bp)...
[M::mem_process_seqs] Processed 71254 reads in 24.382 CPU sec, 24.874 real sec
[M::process] read 72202 sequences (10000023 bp)...
[M::mem_process_seqs] Processed 72082 reads in 25.051 CPU sec, 25.515 real sec
[M::process] read 71990 sequences (10000217 bp)...
[M::mem_process_seqs] Processed 72202 reads in 25.368 CPU sec, 25.336 real sec
[M::process] read 72176 sequences (10000040 bp)...
[M::mem_process_seqs] Processed 71990 reads in 24.611 CPU sec, 24.482 real sec
[M::process] read 72134 sequences (10000038 bp)...
[M::mem_process_seqs] Processed 72176 reads in 27.361 CPU sec, 27.809 real sec
[M::process] read 72320 sequences (10000131 bp)...
[M::mem_process_seqs] Processed 72134 reads in 26.316 CPU sec, 26.069 real sec
[M::process] read 72374 sequences (10000052 bp)...
[M::mem_process_seqs] Processed 72320 reads in 31.114 CPU sec, 31.249 real sec
[M::process] read 72274 sequences (10000108 bp)...
[M::mem_process_seqs] Processed 72374 reads in 25.641 CPU sec, 25.843 real sec
[M::process] read 72376 sequences (10000231 bp)...
[M::mem_process_seqs] Processed 72274 reads in 26.657 CPU sec, 26.982 real sec
[M::process] read 72320 sequences (10000019 bp)...
[M::mem_process_seqs] Processed 72376 reads in 28.468 CPU sec, 28.583 real sec
[M::process] read 72198 sequences (10000168 bp)...
[M::mem_process_seqs] Processed 72320 reads in 25.831 CPU sec, 26.086 real sec
[M::process] read 72032 sequences (10000162 bp)...
[M::mem_process_seqs] Processed 72198 reads in 25.306 CPU sec, 26.035 real sec
[M::process] read 72032 sequences (10000119 bp)...
[M::mem_process_seqs] Processed 72032 reads in 31.885 CPU sec, 32.620 real sec
[M::process] read 72190 sequences (10000195 bp)...
[M::mem_process_seqs] Processed 72032 reads in 25.189 CPU sec, 25.669 real sec
[M::process] read 72084 sequences (10000028 bp)...
[M::mem_process_seqs] Processed 72190 reads in 23.916 CPU sec, 24.949 real sec
[M::process] read 72152 sequences (10000168 bp)...
[M::mem_process_seqs] Processed 72084 reads in 29.070 CPU sec, 29.966 real sec
[M::process] read 72194 sequences (10000006 bp)...
[M::mem_process_seqs] Processed 72152 reads in 28.365 CPU sec, 29.126 real sec
[M::process] read 72028 sequences (10000189 bp)...
[M::mem_process_seqs] Processed 72194 reads in 27.197 CPU sec, 28.255 real sec
[M::process] read 72366 sequences (10000124 bp)...
[M::mem_process_seqs] Processed 72028 reads in 25.306 CPU sec, 26.012 real sec
[M::process] read 72260 sequences (10000203 bp)...
[M::mem_process_seqs] Processed 72366 reads in 26.126 CPU sec, 26.917 real sec
[M::process] read 72398 sequences (10000206 bp)...
[M::mem_process_seqs] Processed 72260 reads in 24.819 CPU sec, 25.103 real sec
[M::process] read 72362 sequences (10000063 bp)...
[M::mem_process_seqs] Processed 72398 reads in 24.700 CPU sec, 25.737 real sec
[M::process] read 72354 sequences (10000244 bp)...
[M::mem_process_seqs] Processed 72362 reads in 25.196 CPU sec, 26.168 real sec
[M::process] read 42518 sequences (6016888 bp)...
[M::mem_process_seqs] Processed 72354 reads in 25.534 CPU sec, 25.954 real sec
[M::mem_process_seqs] Processed 42518 reads in 13.676 CPU sec, 14.859 real sec
[main] Version: 0.7.17-r1188
[main] CMD: bwa mem -L 5 -I 533.109,60.1675,613,366 -t 1 -a -M -T 30 -A 1 -B 4 -O 6 -R @RG\tID:Aen-Cbat_009-AeC01009_CKDL210012719-1a-AK8593-AK533_HF5TCDSX2_L1_clmp_fp2_repr\tSM:Aen-Cbat_009-AeC01009_CKDL210012719-1a-AK8593-AK533_HF5TCDSX2_L1_clmp_fp2_repr\tPL:Illumina reference.rad.baited-6-6.fasta Aen-Cbat_009-AeC01009_CKDL210012719-1a-AK8593-AK533_HF5TCDSX2_L1_clmp_fp2_repr.R1.fq.gz Aen-Cbat_009-AeC01009_CKDL210012719-1a-AK8593-AK533_HF5TCDSX2_L1_clmp_fp2_repr.R2.fq.gz
[main] Real time: 4502.472 sec; CPU: 4342.618 sec
