[M::main_mem] mean insert size: 533.109, stddev: 60.167, max: 613, min: 366
[M::bwa_idx_load_from_disk] read 0 ALT contigs
[M::process] read 90544 sequences (10000228 bp)...
[M::process] read 90664 sequences (10000121 bp)...
[M::mem_process_seqs] Processed 90544 reads in 19.806 CPU sec, 20.399 real sec
[M::process] read 90732 sequences (10000189 bp)...
[M::mem_process_seqs] Processed 90664 reads in 20.185 CPU sec, 20.557 real sec
[M::process] read 73892 sequences (10000270 bp)...
[M::mem_process_seqs] Processed 90732 reads in 19.216 CPU sec, 20.546 real sec
[M::process] read 70720 sequences (10000111 bp)...
[M::mem_process_seqs] Processed 73892 reads in 7.451 CPU sec, 7.326 real sec
[M::process] read 77014 sequences (10000084 bp)...
[M::mem_process_seqs] Processed 70720 reads in 6.670 CPU sec, 7.724 real sec
[M::process] read 89646 sequences (10000160 bp)...
[M::mem_process_seqs] Processed 77014 reads in 9.359 CPU sec, 9.798 real sec
[M::process] read 89658 sequences (10000116 bp)...
[M::mem_process_seqs] Processed 89646 reads in 20.329 CPU sec, 22.164 real sec
[M::process] read 90282 sequences (10000040 bp)...
[M::mem_process_seqs] Processed 89658 reads in 19.718 CPU sec, 19.983 real sec
[M::process] read 89918 sequences (10000159 bp)...
[M::mem_process_seqs] Processed 90282 reads in 21.778 CPU sec, 21.865 real sec
[M::process] read 89376 sequences (10000027 bp)...
[M::mem_process_seqs] Processed 89918 reads in 22.601 CPU sec, 23.459 real sec
[M::process] read 90376 sequences (10000177 bp)...
[M::mem_process_seqs] Processed 89376 reads in 27.470 CPU sec, 28.329 real sec
[M::process] read 89804 sequences (10000137 bp)...
[M::mem_process_seqs] Processed 90376 reads in 20.291 CPU sec, 20.934 real sec
[M::process] read 90340 sequences (10000123 bp)...
[M::mem_process_seqs] Processed 89804 reads in 21.394 CPU sec, 21.896 real sec
[M::process] read 89444 sequences (10000043 bp)...
[M::mem_process_seqs] Processed 90340 reads in 21.528 CPU sec, 21.898 real sec
[M::process] read 90268 sequences (10000170 bp)...
[M::mem_process_seqs] Processed 89444 reads in 22.782 CPU sec, 24.580 real sec
[M::process] read 88462 sequences (10000012 bp)...
[M::mem_process_seqs] Processed 90268 reads in 22.665 CPU sec, 23.363 real sec
[M::process] read 79476 sequences (10000053 bp)...
[M::mem_process_seqs] Processed 88462 reads in 19.276 CPU sec, 20.768 real sec
[M::process] read 75414 sequences (10000087 bp)...
[M::mem_process_seqs] Processed 79476 reads in 11.352 CPU sec, 11.866 real sec
[M::process] read 89660 sequences (10000144 bp)...
[M::mem_process_seqs] Processed 75414 reads in 6.811 CPU sec, 7.504 real sec
[M::process] read 89806 sequences (10000185 bp)...
[M::mem_process_seqs] Processed 89660 reads in 19.502 CPU sec, 20.261 real sec
[M::process] read 90208 sequences (10000252 bp)...
[M::mem_process_seqs] Processed 89806 reads in 19.927 CPU sec, 20.997 real sec
[M::process] read 90032 sequences (10000185 bp)...
[M::mem_process_seqs] Processed 90208 reads in 20.583 CPU sec, 21.279 real sec
[M::process] read 88956 sequences (10000093 bp)...
[M::mem_process_seqs] Processed 90032 reads in 19.250 CPU sec, 20.041 real sec
[M::process] read 90108 sequences (10000071 bp)...
[M::mem_process_seqs] Processed 88956 reads in 19.923 CPU sec, 20.319 real sec
[M::process] read 90100 sequences (10000129 bp)...
[M::mem_process_seqs] Processed 90108 reads in 20.839 CPU sec, 21.797 real sec
[M::process] read 86364 sequences (10000025 bp)...
[M::mem_process_seqs] Processed 90100 reads in 20.951 CPU sec, 21.548 real sec
[M::process] read 86952 sequences (10000182 bp)...
[M::mem_process_seqs] Processed 86364 reads in 16.727 CPU sec, 17.872 real sec
[M::process] read 69974 sequences (10000082 bp)...
[M::mem_process_seqs] Processed 86952 reads in 18.087 CPU sec, 19.041 real sec
[M::process] read 73580 sequences (10000110 bp)...
[M::mem_process_seqs] Processed 69974 reads in 6.338 CPU sec, 6.513 real sec
[M::process] read 88006 sequences (10000041 bp)...
[M::mem_process_seqs] Processed 73580 reads in 8.285 CPU sec, 8.986 real sec
[M::process] read 89548 sequences (10000195 bp)...
[M::mem_process_seqs] Processed 88006 reads in 19.541 CPU sec, 19.773 real sec
[M::process] read 90022 sequences (10000097 bp)...
[M::mem_process_seqs] Processed 89548 reads in 21.393 CPU sec, 22.490 real sec
[M::process] read 90538 sequences (10000077 bp)...
[M::mem_process_seqs] Processed 90022 reads in 21.714 CPU sec, 21.986 real sec
[M::process] read 90978 sequences (10000222 bp)...
[M::mem_process_seqs] Processed 90538 reads in 21.408 CPU sec, 22.383 real sec
[M::process] read 90368 sequences (10000163 bp)...
[M::mem_process_seqs] Processed 90978 reads in 18.342 CPU sec, 19.116 real sec
[M::process] read 90476 sequences (10000278 bp)...
[M::mem_process_seqs] Processed 90368 reads in 19.743 CPU sec, 21.189 real sec
[M::process] read 89592 sequences (10000088 bp)...
[M::mem_process_seqs] Processed 90476 reads in 19.838 CPU sec, 20.800 real sec
[M::process] read 90276 sequences (10000133 bp)...
[M::mem_process_seqs] Processed 89592 reads in 19.645 CPU sec, 21.205 real sec
[M::process] read 89982 sequences (10000098 bp)...
[M::mem_process_seqs] Processed 90276 reads in 20.780 CPU sec, 21.504 real sec
[M::process] read 88714 sequences (10000061 bp)...
[M::mem_process_seqs] Processed 89982 reads in 19.647 CPU sec, 20.403 real sec
[M::process] read 89848 sequences (10000168 bp)...
[M::mem_process_seqs] Processed 88714 reads in 19.789 CPU sec, 21.657 real sec
[M::process] read 90362 sequences (10000123 bp)...
[M::mem_process_seqs] Processed 89848 reads in 21.608 CPU sec, 22.777 real sec
[M::process] read 90292 sequences (10000103 bp)...
[M::mem_process_seqs] Processed 90362 reads in 20.413 CPU sec, 21.028 real sec
[M::process] read 89434 sequences (10000164 bp)...
[M::mem_process_seqs] Processed 90292 reads in 21.402 CPU sec, 22.049 real sec
[M::process] read 90090 sequences (10000088 bp)...
[M::mem_process_seqs] Processed 89434 reads in 21.113 CPU sec, 22.110 real sec
[M::process] read 90036 sequences (10000133 bp)...
[M::mem_process_seqs] Processed 90090 reads in 20.601 CPU sec, 21.697 real sec
[M::process] read 89956 sequences (10000161 bp)...
[M::mem_process_seqs] Processed 90036 reads in 20.825 CPU sec, 21.560 real sec
[M::process] read 90750 sequences (10000104 bp)...
[M::mem_process_seqs] Processed 89956 reads in 20.654 CPU sec, 21.948 real sec
[M::process] read 89790 sequences (10000099 bp)...
[M::mem_process_seqs] Processed 90750 reads in 21.046 CPU sec, 21.582 real sec
[M::process] read 89182 sequences (10000023 bp)...
[M::mem_process_seqs] Processed 89790 reads in 22.360 CPU sec, 22.836 real sec
[M::process] read 90424 sequences (10000067 bp)...
[M::mem_process_seqs] Processed 89182 reads in 19.334 CPU sec, 20.089 real sec
[M::process] read 90498 sequences (10000006 bp)...
[M::mem_process_seqs] Processed 90424 reads in 21.312 CPU sec, 23.426 real sec
[M::process] read 89838 sequences (10000155 bp)...
[M::mem_process_seqs] Processed 90498 reads in 20.171 CPU sec, 21.499 real sec
[M::process] read 90238 sequences (10000245 bp)...
[M::mem_process_seqs] Processed 89838 reads in 19.865 CPU sec, 20.479 real sec
[M::process] read 89892 sequences (10000028 bp)...
[M::mem_process_seqs] Processed 90238 reads in 19.717 CPU sec, 20.921 real sec
[M::process] read 90436 sequences (10000099 bp)...
[M::mem_process_seqs] Processed 89892 reads in 19.558 CPU sec, 21.004 real sec
[M::process] read 90194 sequences (10000070 bp)...
[M::mem_process_seqs] Processed 90436 reads in 20.822 CPU sec, 21.473 real sec
[M::process] read 90412 sequences (10000039 bp)...
[M::mem_process_seqs] Processed 90194 reads in 21.363 CPU sec, 22.003 real sec
[M::process] read 90318 sequences (10000027 bp)...
[M::mem_process_seqs] Processed 90412 reads in 19.873 CPU sec, 20.254 real sec
[M::process] read 90286 sequences (10000191 bp)...
[M::mem_process_seqs] Processed 90318 reads in 20.105 CPU sec, 20.642 real sec
[M::process] read 90426 sequences (10000147 bp)...
[M::mem_process_seqs] Processed 90286 reads in 20.115 CPU sec, 21.161 real sec
[M::process] read 90544 sequences (10000164 bp)...
[M::mem_process_seqs] Processed 90426 reads in 20.636 CPU sec, 21.376 real sec
[M::process] read 90082 sequences (10000014 bp)...
[M::mem_process_seqs] Processed 90544 reads in 19.922 CPU sec, 20.079 real sec
[M::process] read 89348 sequences (10000047 bp)...
[M::mem_process_seqs] Processed 90082 reads in 20.019 CPU sec, 20.903 real sec
[M::process] read 90720 sequences (10000058 bp)...
[M::mem_process_seqs] Processed 89348 reads in 22.415 CPU sec, 23.976 real sec
[M::process] read 90888 sequences (10000090 bp)...
[M::mem_process_seqs] Processed 90720 reads in 20.224 CPU sec, 21.513 real sec
[M::process] read 90212 sequences (10000165 bp)...
[M::mem_process_seqs] Processed 90888 reads in 19.207 CPU sec, 20.084 real sec
[M::process] read 90320 sequences (10000032 bp)...
[M::mem_process_seqs] Processed 90212 reads in 20.306 CPU sec, 20.987 real sec
[M::process] read 90394 sequences (10000210 bp)...
[M::mem_process_seqs] Processed 90320 reads in 21.337 CPU sec, 22.945 real sec
[M::process] read 89892 sequences (10000170 bp)...
[M::mem_process_seqs] Processed 90394 reads in 22.955 CPU sec, 24.759 real sec
[M::process] read 89854 sequences (10000058 bp)...
[M::mem_process_seqs] Processed 89892 reads in 19.249 CPU sec, 20.040 real sec
[M::process] read 90020 sequences (10000072 bp)...
[M::mem_process_seqs] Processed 89854 reads in 20.215 CPU sec, 20.976 real sec
[M::process] read 90146 sequences (10000133 bp)...
[M::mem_process_seqs] Processed 90020 reads in 21.769 CPU sec, 22.798 real sec
[M::process] read 90016 sequences (10000048 bp)...
[M::mem_process_seqs] Processed 90146 reads in 20.438 CPU sec, 21.355 real sec
[M::process] read 90084 sequences (10000213 bp)...
[M::mem_process_seqs] Processed 90016 reads in 20.575 CPU sec, 21.209 real sec
[M::process] read 90432 sequences (10000013 bp)...
[M::mem_process_seqs] Processed 90084 reads in 20.595 CPU sec, 21.825 real sec
[M::process] read 80532 sequences (10000121 bp)...
[M::mem_process_seqs] Processed 90432 reads in 20.705 CPU sec, 21.427 real sec
[M::process] read 80752 sequences (10000141 bp)...
[M::mem_process_seqs] Processed 80532 reads in 13.659 CPU sec, 14.607 real sec
[M::process] read 90208 sequences (10000013 bp)...
[M::mem_process_seqs] Processed 80752 reads in 12.533 CPU sec, 12.599 real sec
[M::process] read 90440 sequences (10000010 bp)...
[M::mem_process_seqs] Processed 90208 reads in 20.572 CPU sec, 20.941 real sec
[M::process] read 89994 sequences (10000039 bp)...
[M::mem_process_seqs] Processed 90440 reads in 20.564 CPU sec, 21.687 real sec
[M::process] read 90278 sequences (10000133 bp)...
[M::mem_process_seqs] Processed 89994 reads in 19.838 CPU sec, 21.039 real sec
[M::process] read 90422 sequences (10000104 bp)...
[M::mem_process_seqs] Processed 90278 reads in 21.591 CPU sec, 23.228 real sec
[M::process] read 90442 sequences (10000091 bp)...
[M::mem_process_seqs] Processed 90422 reads in 20.136 CPU sec, 21.260 real sec
[M::process] read 89308 sequences (10000292 bp)...
[M::mem_process_seqs] Processed 90442 reads in 20.817 CPU sec, 22.380 real sec
[M::process] read 90212 sequences (10000088 bp)...
[M::mem_process_seqs] Processed 89308 reads in 21.362 CPU sec, 22.037 real sec
[M::process] read 90006 sequences (10000049 bp)...
[M::mem_process_seqs] Processed 90212 reads in 20.835 CPU sec, 21.766 real sec
[M::process] read 89766 sequences (10000160 bp)...
[M::mem_process_seqs] Processed 90006 reads in 20.901 CPU sec, 22.455 real sec
[M::process] read 89880 sequences (10000139 bp)...
[M::mem_process_seqs] Processed 89766 reads in 22.119 CPU sec, 24.002 real sec
[M::process] read 89866 sequences (10000057 bp)...
[M::mem_process_seqs] Processed 89880 reads in 20.640 CPU sec, 21.053 real sec
[M::process] read 89648 sequences (10000265 bp)...
[M::mem_process_seqs] Processed 89866 reads in 19.120 CPU sec, 20.037 real sec
[M::process] read 89890 sequences (10000076 bp)...
[M::mem_process_seqs] Processed 89648 reads in 19.583 CPU sec, 20.423 real sec
[M::process] read 90596 sequences (10000181 bp)...
[M::mem_process_seqs] Processed 89890 reads in 20.665 CPU sec, 21.911 real sec
[M::process] read 90424 sequences (10000029 bp)...
[M::mem_process_seqs] Processed 90596 reads in 20.139 CPU sec, 21.015 real sec
[M::process] read 90970 sequences (10000039 bp)...
[M::mem_process_seqs] Processed 90424 reads in 20.058 CPU sec, 20.905 real sec
[M::process] read 90322 sequences (10000193 bp)...
[M::mem_process_seqs] Processed 90970 reads in 20.527 CPU sec, 21.251 real sec
[M::process] read 90080 sequences (10000209 bp)...
[M::mem_process_seqs] Processed 90322 reads in 20.612 CPU sec, 20.812 real sec
[M::process] read 90414 sequences (10000100 bp)...
[M::mem_process_seqs] Processed 90080 reads in 21.245 CPU sec, 22.202 real sec
[M::process] read 89580 sequences (10000002 bp)...
[M::mem_process_seqs] Processed 90414 reads in 20.798 CPU sec, 22.120 real sec
[M::process] read 90246 sequences (10000004 bp)...
[M::mem_process_seqs] Processed 89580 reads in 20.262 CPU sec, 20.601 real sec
[M::process] read 90430 sequences (10000287 bp)...
[M::mem_process_seqs] Processed 90246 reads in 20.912 CPU sec, 21.644 real sec
[M::process] read 90130 sequences (10000046 bp)...
[M::mem_process_seqs] Processed 90430 reads in 22.391 CPU sec, 23.402 real sec
[M::process] read 90352 sequences (10000072 bp)...
[M::mem_process_seqs] Processed 90130 reads in 21.114 CPU sec, 22.013 real sec
[M::process] read 90188 sequences (10000215 bp)...
[M::mem_process_seqs] Processed 90352 reads in 22.433 CPU sec, 24.165 real sec
[M::process] read 85888 sequences (10000102 bp)...
[M::mem_process_seqs] Processed 90188 reads in 21.347 CPU sec, 21.929 real sec
[M::process] read 89540 sequences (10000177 bp)...
[M::mem_process_seqs] Processed 85888 reads in 16.801 CPU sec, 17.967 real sec
[M::process] read 89372 sequences (10000285 bp)...
[M::mem_process_seqs] Processed 89540 reads in 21.260 CPU sec, 22.827 real sec
[M::process] read 90476 sequences (10000210 bp)...
[M::mem_process_seqs] Processed 89372 reads in 21.284 CPU sec, 22.475 real sec
[M::process] read 90464 sequences (10000035 bp)...
[M::mem_process_seqs] Processed 90476 reads in 21.475 CPU sec, 22.190 real sec
[M::process] read 89700 sequences (10000074 bp)...
[M::mem_process_seqs] Processed 90464 reads in 20.012 CPU sec, 20.150 real sec
[M::process] read 90240 sequences (10000155 bp)...
[M::mem_process_seqs] Processed 89700 reads in 21.282 CPU sec, 22.370 real sec
[M::process] read 50474 sequences (5595425 bp)...
[M::mem_process_seqs] Processed 90240 reads in 20.779 CPU sec, 21.316 real sec
[M::mem_process_seqs] Processed 50474 reads in 12.043 CPU sec, 13.061 real sec
[main] Version: 0.7.17-r1188
[main] CMD: bwa mem -L 5 -I 533.109,60.1675,613,366 -t 1 -a -M -T 30 -A 1 -B 4 -O 6 -R @RG\tID:Aen-AHam_012-AeA01012_CKDL210012719-1a-AK3905-AK7558_HF5TCDSX2_L1_clmp_fp2_repr\tSM:Aen-AHam_012-AeA01012_CKDL210012719-1a-AK3905-AK7558_HF5TCDSX2_L1_clmp_fp2_repr\tPL:Illumina reference.rad.baited-6-6.fasta Aen-AHam_012-AeA01012_CKDL210012719-1a-AK3905-AK7558_HF5TCDSX2_L1_clmp_fp2_repr.R1.fq.gz Aen-AHam_012-AeA01012_CKDL210012719-1a-AK3905-AK7558_HF5TCDSX2_L1_clmp_fp2_repr.R2.fq.gz
[main] Real time: 2320.266 sec; CPU: 2218.110 sec
