[M::main_mem] mean insert size: 533.109, stddev: 60.167, max: 613, min: 366
[M::bwa_idx_load_from_disk] read 0 ALT contigs
[M::process] read 72126 sequences (10000142 bp)...
[M::process] read 72044 sequences (10000151 bp)...
[M::mem_process_seqs] Processed 72126 reads in 26.605 CPU sec, 27.731 real sec
[M::process] read 68938 sequences (10000020 bp)...
[M::mem_process_seqs] Processed 72044 reads in 26.178 CPU sec, 27.690 real sec
[M::process] read 72004 sequences (10000276 bp)...
[M::mem_process_seqs] Processed 68938 reads in 11.575 CPU sec, 11.888 real sec
[M::process] read 71986 sequences (10000052 bp)...
[M::mem_process_seqs] Processed 72004 reads in 25.595 CPU sec, 26.849 real sec
[M::process] read 71906 sequences (10000174 bp)...
[M::mem_process_seqs] Processed 71986 reads in 25.042 CPU sec, 26.055 real sec
[M::process] read 72234 sequences (10000168 bp)...
[M::mem_process_seqs] Processed 71906 reads in 24.854 CPU sec, 25.702 real sec
[M::process] read 72160 sequences (10000181 bp)...
[M::mem_process_seqs] Processed 72234 reads in 26.451 CPU sec, 26.738 real sec
[M::process] read 72114 sequences (10000015 bp)...
[M::mem_process_seqs] Processed 72160 reads in 27.132 CPU sec, 28.560 real sec
[M::process] read 72018 sequences (10000172 bp)...
[M::mem_process_seqs] Processed 72114 reads in 30.500 CPU sec, 31.348 real sec
[M::process] read 71960 sequences (10000034 bp)...
[M::mem_process_seqs] Processed 72018 reads in 29.465 CPU sec, 30.580 real sec
[M::process] read 72086 sequences (10000057 bp)...
[M::mem_process_seqs] Processed 71960 reads in 30.017 CPU sec, 30.936 real sec
[M::process] read 71856 sequences (10000199 bp)...
[M::mem_process_seqs] Processed 72086 reads in 27.983 CPU sec, 28.921 real sec
[M::process] read 72112 sequences (10000223 bp)...
[M::mem_process_seqs] Processed 71856 reads in 26.279 CPU sec, 26.911 real sec
[M::process] read 71254 sequences (10000284 bp)...
[M::mem_process_seqs] Processed 72112 reads in 33.907 CPU sec, 34.815 real sec
[M::process] read 72026 sequences (10000287 bp)...
[M::mem_process_seqs] Processed 71254 reads in 20.669 CPU sec, 20.961 real sec
[M::process] read 71984 sequences (10000209 bp)...
[M::mem_process_seqs] Processed 72026 reads in 25.111 CPU sec, 26.754 real sec
[M::process] read 71662 sequences (10000298 bp)...
[M::mem_process_seqs] Processed 71984 reads in 26.879 CPU sec, 27.002 real sec
[M::process] read 71904 sequences (10000123 bp)...
[M::mem_process_seqs] Processed 71662 reads in 26.399 CPU sec, 28.457 real sec
[M::process] read 71752 sequences (10000033 bp)...
[M::mem_process_seqs] Processed 71904 reads in 28.030 CPU sec, 28.802 real sec
[M::process] read 71884 sequences (10000070 bp)...
[M::mem_process_seqs] Processed 71752 reads in 32.778 CPU sec, 34.688 real sec
[M::process] read 71954 sequences (10000044 bp)...
[M::mem_process_seqs] Processed 71884 reads in 26.773 CPU sec, 27.697 real sec
[M::process] read 70506 sequences (10000048 bp)...
[M::mem_process_seqs] Processed 71954 reads in 26.369 CPU sec, 27.783 real sec
[M::process] read 70474 sequences (10000177 bp)...
[M::mem_process_seqs] Processed 70506 reads in 20.700 CPU sec, 22.844 real sec
[M::process] read 71868 sequences (10000092 bp)...
[M::mem_process_seqs] Processed 70474 reads in 19.033 CPU sec, 19.192 real sec
[M::process] read 71852 sequences (10000066 bp)...
[M::mem_process_seqs] Processed 71868 reads in 24.543 CPU sec, 25.677 real sec
[M::process] read 71900 sequences (10000206 bp)...
[M::mem_process_seqs] Processed 71852 reads in 26.711 CPU sec, 28.015 real sec
[M::process] read 71948 sequences (10000000 bp)...
[M::mem_process_seqs] Processed 71900 reads in 26.822 CPU sec, 27.028 real sec
[M::process] read 72230 sequences (10000198 bp)...
[M::mem_process_seqs] Processed 71948 reads in 31.968 CPU sec, 32.560 real sec
[M::process] read 72054 sequences (10000029 bp)...
[M::mem_process_seqs] Processed 72230 reads in 27.303 CPU sec, 28.346 real sec
[M::process] read 71708 sequences (10000041 bp)...
[M::mem_process_seqs] Processed 72054 reads in 27.101 CPU sec, 27.788 real sec
[M::process] read 71968 sequences (10000072 bp)...
[M::mem_process_seqs] Processed 71708 reads in 32.081 CPU sec, 32.829 real sec
[M::process] read 71914 sequences (10000243 bp)...
[M::mem_process_seqs] Processed 71968 reads in 26.835 CPU sec, 27.787 real sec
[M::process] read 71988 sequences (10000049 bp)...
[M::mem_process_seqs] Processed 71914 reads in 25.290 CPU sec, 26.187 real sec
[M::process] read 71640 sequences (10000196 bp)...
[M::mem_process_seqs] Processed 71988 reads in 27.401 CPU sec, 28.058 real sec
[M::process] read 71976 sequences (10000122 bp)...
[M::mem_process_seqs] Processed 71640 reads in 27.261 CPU sec, 28.005 real sec
[M::process] read 72098 sequences (10000032 bp)...
[M::mem_process_seqs] Processed 71976 reads in 24.764 CPU sec, 25.209 real sec
[M::process] read 71912 sequences (10000284 bp)...
[M::mem_process_seqs] Processed 72098 reads in 27.779 CPU sec, 28.932 real sec
[M::process] read 71754 sequences (10000197 bp)...
[M::mem_process_seqs] Processed 71912 reads in 26.525 CPU sec, 27.344 real sec
[M::process] read 72008 sequences (10000160 bp)...
[M::mem_process_seqs] Processed 71754 reads in 25.548 CPU sec, 26.417 real sec
[M::process] read 71710 sequences (10000046 bp)...
[M::mem_process_seqs] Processed 72008 reads in 25.969 CPU sec, 26.858 real sec
[M::process] read 71934 sequences (10000299 bp)...
[M::mem_process_seqs] Processed 71710 reads in 25.826 CPU sec, 26.370 real sec
[M::process] read 72176 sequences (10000101 bp)...
[M::mem_process_seqs] Processed 71934 reads in 27.397 CPU sec, 28.480 real sec
[M::process] read 71924 sequences (10000114 bp)...
[M::mem_process_seqs] Processed 72176 reads in 26.005 CPU sec, 27.585 real sec
[M::process] read 71746 sequences (10000171 bp)...
[M::mem_process_seqs] Processed 71924 reads in 32.107 CPU sec, 32.711 real sec
[M::process] read 71800 sequences (10000169 bp)...
[M::mem_process_seqs] Processed 71746 reads in 31.052 CPU sec, 32.063 real sec
[M::process] read 71974 sequences (10000282 bp)...
[M::mem_process_seqs] Processed 71800 reads in 26.846 CPU sec, 29.425 real sec
[M::process] read 71740 sequences (10000094 bp)...
[M::mem_process_seqs] Processed 71974 reads in 26.152 CPU sec, 27.167 real sec
[M::process] read 72220 sequences (10000257 bp)...
[M::mem_process_seqs] Processed 71740 reads in 30.412 CPU sec, 32.727 real sec
[M::process] read 71988 sequences (10000080 bp)...
[M::mem_process_seqs] Processed 72220 reads in 25.242 CPU sec, 26.896 real sec
[M::process] read 72030 sequences (10000213 bp)...
[M::mem_process_seqs] Processed 71988 reads in 25.736 CPU sec, 26.762 real sec
[M::process] read 71982 sequences (10000055 bp)...
[M::mem_process_seqs] Processed 72030 reads in 32.466 CPU sec, 34.664 real sec
[M::process] read 72170 sequences (10000152 bp)...
[M::mem_process_seqs] Processed 71982 reads in 27.273 CPU sec, 28.583 real sec
[M::process] read 71784 sequences (10000015 bp)...
[M::mem_process_seqs] Processed 72170 reads in 25.615 CPU sec, 26.130 real sec
[M::process] read 72078 sequences (10000005 bp)...
[M::mem_process_seqs] Processed 71784 reads in 26.893 CPU sec, 27.120 real sec
[M::process] read 71848 sequences (10000188 bp)...
[M::mem_process_seqs] Processed 72078 reads in 26.099 CPU sec, 27.293 real sec
[M::process] read 72248 sequences (10000125 bp)...
[M::mem_process_seqs] Processed 71848 reads in 24.680 CPU sec, 26.088 real sec
[M::process] read 71982 sequences (10000240 bp)...
[M::mem_process_seqs] Processed 72248 reads in 26.022 CPU sec, 27.120 real sec
[M::process] read 71884 sequences (10000102 bp)...
[M::mem_process_seqs] Processed 71982 reads in 24.384 CPU sec, 24.536 real sec
[M::process] read 72316 sequences (10000203 bp)...
[M::mem_process_seqs] Processed 71884 reads in 30.193 CPU sec, 30.136 real sec
[M::process] read 72074 sequences (10000002 bp)...
[M::mem_process_seqs] Processed 72316 reads in 30.241 CPU sec, 30.582 real sec
[M::process] read 71818 sequences (10000055 bp)...
[M::mem_process_seqs] Processed 72074 reads in 25.279 CPU sec, 25.975 real sec
[M::process] read 72000 sequences (10000222 bp)...
[M::mem_process_seqs] Processed 71818 reads in 25.456 CPU sec, 26.041 real sec
[M::process] read 71864 sequences (10000174 bp)...
[M::mem_process_seqs] Processed 72000 reads in 32.851 CPU sec, 33.458 real sec
[M::process] read 71756 sequences (10000048 bp)...
[M::mem_process_seqs] Processed 71864 reads in 26.879 CPU sec, 27.195 real sec
[M::process] read 71920 sequences (10000274 bp)...
[M::mem_process_seqs] Processed 71756 reads in 28.069 CPU sec, 28.625 real sec
[M::process] read 71928 sequences (10000141 bp)...
[M::mem_process_seqs] Processed 71920 reads in 26.598 CPU sec, 27.192 real sec
[M::process] read 71888 sequences (10000271 bp)...
[M::mem_process_seqs] Processed 71928 reads in 27.447 CPU sec, 28.430 real sec
[M::process] read 71690 sequences (10000092 bp)...
[M::mem_process_seqs] Processed 71888 reads in 26.084 CPU sec, 28.502 real sec
[M::process] read 71888 sequences (10000037 bp)...
[M::mem_process_seqs] Processed 71690 reads in 25.686 CPU sec, 27.262 real sec
[M::process] read 70776 sequences (10000198 bp)...
[M::mem_process_seqs] Processed 71888 reads in 26.314 CPU sec, 27.419 real sec
[M::process] read 71884 sequences (10000244 bp)...
[M::mem_process_seqs] Processed 70776 reads in 19.647 CPU sec, 20.724 real sec
[M::process] read 72004 sequences (10000146 bp)...
[M::mem_process_seqs] Processed 71884 reads in 28.626 CPU sec, 29.158 real sec
[M::process] read 71876 sequences (10000261 bp)...
[M::mem_process_seqs] Processed 72004 reads in 25.420 CPU sec, 26.458 real sec
[M::process] read 72152 sequences (10000284 bp)...
[M::mem_process_seqs] Processed 71876 reads in 27.299 CPU sec, 28.162 real sec
[M::process] read 71934 sequences (10000242 bp)...
[M::mem_process_seqs] Processed 72152 reads in 29.188 CPU sec, 31.031 real sec
[M::process] read 72066 sequences (10000047 bp)...
[M::mem_process_seqs] Processed 71934 reads in 27.285 CPU sec, 29.205 real sec
[M::process] read 71752 sequences (10000035 bp)...
[M::mem_process_seqs] Processed 72066 reads in 26.194 CPU sec, 27.771 real sec
[M::process] read 71802 sequences (10000066 bp)...
[M::mem_process_seqs] Processed 71752 reads in 24.835 CPU sec, 25.536 real sec
[M::process] read 71918 sequences (10000120 bp)...
[M::mem_process_seqs] Processed 71802 reads in 29.115 CPU sec, 30.367 real sec
[M::process] read 71876 sequences (10000082 bp)...
[M::mem_process_seqs] Processed 71918 reads in 25.890 CPU sec, 27.283 real sec
[M::process] read 71936 sequences (10000038 bp)...
[M::mem_process_seqs] Processed 71876 reads in 25.252 CPU sec, 27.290 real sec
[M::process] read 71948 sequences (10000020 bp)...
[M::mem_process_seqs] Processed 71936 reads in 30.490 CPU sec, 31.861 real sec
[M::process] read 72004 sequences (10000056 bp)...
[M::mem_process_seqs] Processed 71948 reads in 26.718 CPU sec, 28.688 real sec
[M::process] read 72006 sequences (10000026 bp)...
[M::mem_process_seqs] Processed 72004 reads in 26.376 CPU sec, 27.439 real sec
[M::process] read 71728 sequences (10000179 bp)...
[M::mem_process_seqs] Processed 72006 reads in 26.382 CPU sec, 27.673 real sec
[M::process] read 71940 sequences (10000083 bp)...
[M::mem_process_seqs] Processed 71728 reads in 26.613 CPU sec, 27.366 real sec
[M::process] read 71910 sequences (10000008 bp)...
[M::mem_process_seqs] Processed 71940 reads in 26.821 CPU sec, 27.322 real sec
[M::process] read 72122 sequences (10000193 bp)...
[M::mem_process_seqs] Processed 71910 reads in 26.620 CPU sec, 28.065 real sec
[M::process] read 71816 sequences (10000211 bp)...
[M::mem_process_seqs] Processed 72122 reads in 28.718 CPU sec, 29.281 real sec
[M::process] read 71166 sequences (10000029 bp)...
[M::mem_process_seqs] Processed 71816 reads in 26.478 CPU sec, 27.319 real sec
[M::process] read 71952 sequences (10000197 bp)...
[M::mem_process_seqs] Processed 71166 reads in 25.283 CPU sec, 26.624 real sec
[M::process] read 71786 sequences (10000072 bp)...
[M::mem_process_seqs] Processed 71952 reads in 26.061 CPU sec, 27.862 real sec
[M::process] read 72008 sequences (10000181 bp)...
[M::mem_process_seqs] Processed 71786 reads in 25.384 CPU sec, 26.699 real sec
[M::process] read 72008 sequences (10000045 bp)...
[M::mem_process_seqs] Processed 72008 reads in 32.833 CPU sec, 34.739 real sec
[M::process] read 72044 sequences (10000006 bp)...
[M::mem_process_seqs] Processed 72008 reads in 26.189 CPU sec, 28.080 real sec
[M::process] read 72000 sequences (10000262 bp)...
[M::mem_process_seqs] Processed 72044 reads in 27.670 CPU sec, 28.316 real sec
[M::process] read 71838 sequences (10000240 bp)...
[M::mem_process_seqs] Processed 72000 reads in 28.067 CPU sec, 29.766 real sec
[M::process] read 71960 sequences (10000219 bp)...
[M::mem_process_seqs] Processed 71838 reads in 28.107 CPU sec, 29.028 real sec
[M::process] read 71746 sequences (10000294 bp)...
[M::mem_process_seqs] Processed 71960 reads in 27.167 CPU sec, 27.291 real sec
[M::process] read 71892 sequences (10000139 bp)...
[M::mem_process_seqs] Processed 71746 reads in 27.362 CPU sec, 27.703 real sec
[M::process] read 71940 sequences (10000009 bp)...
[M::mem_process_seqs] Processed 71892 reads in 29.207 CPU sec, 29.464 real sec
[M::process] read 71876 sequences (10000153 bp)...
[M::mem_process_seqs] Processed 71940 reads in 26.273 CPU sec, 27.023 real sec
[M::process] read 71972 sequences (10000106 bp)...
[M::mem_process_seqs] Processed 71876 reads in 26.101 CPU sec, 26.922 real sec
[M::process] read 72056 sequences (10000131 bp)...
[M::mem_process_seqs] Processed 71972 reads in 26.069 CPU sec, 27.193 real sec
[M::process] read 47934 sequences (6725487 bp)...
[M::mem_process_seqs] Processed 72056 reads in 25.584 CPU sec, 25.720 real sec
[M::mem_process_seqs] Processed 47934 reads in 16.302 CPU sec, 16.777 real sec
[main] Version: 0.7.17-r1188
[main] CMD: bwa mem -L 5 -I 533.109,60.1675,613,366 -t 1 -a -M -T 30 -A 1 -B 4 -O 6 -R @RG\tID:Aen-Cbat_051-AeC01051_CKDL210012719-1a-AK7078-AK4236_HF5TCDSX2_L1_clmp_fp2_repr\tSM:Aen-Cbat_051-AeC01051_CKDL210012719-1a-AK7078-AK4236_HF5TCDSX2_L1_clmp_fp2_repr\tPL:Illumina reference.rad.baited-6-6.fasta Aen-Cbat_051-AeC01051_CKDL210012719-1a-AK7078-AK4236_HF5TCDSX2_L1_clmp_fp2_repr.R1.fq.gz Aen-Cbat_051-AeC01051_CKDL210012719-1a-AK7078-AK4236_HF5TCDSX2_L1_clmp_fp2_repr.R2.fq.gz
[main] Real time: 2947.081 sec; CPU: 2837.603 sec
