[M::main_mem] mean insert size: 533.109, stddev: 60.167, max: 613, min: 366
[M::bwa_idx_load_from_disk] read 0 ALT contigs
[M::process] read 72528 sequences (10000037 bp)...
[M::process] read 72582 sequences (10000185 bp)...
[M::mem_process_seqs] Processed 72528 reads in 25.629 CPU sec, 26.197 real sec
[M::process] read 72956 sequences (10000148 bp)...
[M::mem_process_seqs] Processed 72582 reads in 24.425 CPU sec, 24.740 real sec
[M::process] read 68354 sequences (10000199 bp)...
[M::mem_process_seqs] Processed 72956 reads in 27.477 CPU sec, 27.997 real sec
[M::process] read 68058 sequences (10000173 bp)...
[M::mem_process_seqs] Processed 68354 reads in 10.633 CPU sec, 10.773 real sec
[M::process] read 72220 sequences (10000195 bp)...
[M::mem_process_seqs] Processed 68058 reads in 6.900 CPU sec, 7.025 real sec
[M::process] read 72230 sequences (10000252 bp)...
[M::mem_process_seqs] Processed 72220 reads in 23.025 CPU sec, 23.635 real sec
[M::process] read 72270 sequences (10000076 bp)...
[M::mem_process_seqs] Processed 72230 reads in 24.199 CPU sec, 24.819 real sec
[M::process] read 72608 sequences (10000110 bp)...
[M::mem_process_seqs] Processed 72270 reads in 25.299 CPU sec, 26.825 real sec
[M::process] read 72406 sequences (10000151 bp)...
[M::mem_process_seqs] Processed 72608 reads in 26.901 CPU sec, 27.116 real sec
[M::process] read 72126 sequences (10000025 bp)...
[M::mem_process_seqs] Processed 72406 reads in 25.156 CPU sec, 25.414 real sec
[M::process] read 72522 sequences (10000113 bp)...
[M::mem_process_seqs] Processed 72126 reads in 29.865 CPU sec, 30.876 real sec
[M::process] read 72328 sequences (10000108 bp)...
[M::mem_process_seqs] Processed 72522 reads in 27.943 CPU sec, 28.115 real sec
[M::process] read 72184 sequences (10000003 bp)...
[M::mem_process_seqs] Processed 72328 reads in 30.169 CPU sec, 31.115 real sec
[M::process] read 72502 sequences (10000232 bp)...
[M::mem_process_seqs] Processed 72184 reads in 30.893 CPU sec, 32.608 real sec
[M::process] read 72218 sequences (10000176 bp)...
[M::mem_process_seqs] Processed 72502 reads in 27.672 CPU sec, 28.565 real sec
[M::process] read 72420 sequences (10000245 bp)...
[M::mem_process_seqs] Processed 72218 reads in 25.989 CPU sec, 27.248 real sec
[M::process] read 72526 sequences (10000189 bp)...
[M::mem_process_seqs] Processed 72420 reads in 26.800 CPU sec, 27.911 real sec
[M::process] read 70348 sequences (10000057 bp)...
[M::mem_process_seqs] Processed 72526 reads in 33.204 CPU sec, 35.376 real sec
[M::process] read 72138 sequences (10000004 bp)...
[M::mem_process_seqs] Processed 70348 reads in 14.155 CPU sec, 14.885 real sec
[M::process] read 72462 sequences (10000185 bp)...
[M::mem_process_seqs] Processed 72138 reads in 22.328 CPU sec, 23.017 real sec
[M::process] read 72344 sequences (10000134 bp)...
[M::mem_process_seqs] Processed 72462 reads in 26.951 CPU sec, 27.249 real sec
[M::process] read 71956 sequences (10000149 bp)...
[M::mem_process_seqs] Processed 72344 reads in 25.137 CPU sec, 25.283 real sec
[M::process] read 72132 sequences (10000081 bp)...
[M::mem_process_seqs] Processed 71956 reads in 26.823 CPU sec, 28.342 real sec
[M::process] read 72298 sequences (10000104 bp)...
[M::mem_process_seqs] Processed 72132 reads in 25.472 CPU sec, 26.577 real sec
[M::process] read 72166 sequences (10000070 bp)...
[M::mem_process_seqs] Processed 72298 reads in 27.179 CPU sec, 27.999 real sec
[M::process] read 72202 sequences (10000138 bp)...
[M::mem_process_seqs] Processed 72166 reads in 33.177 CPU sec, 33.895 real sec
[M::process] read 72210 sequences (10000048 bp)...
[M::mem_process_seqs] Processed 72202 reads in 26.523 CPU sec, 27.790 real sec
[M::process] read 72320 sequences (10000109 bp)...
[M::mem_process_seqs] Processed 72210 reads in 25.060 CPU sec, 25.737 real sec
[M::process] read 68792 sequences (10000070 bp)...
[M::mem_process_seqs] Processed 72320 reads in 27.314 CPU sec, 29.043 real sec
[M::process] read 68582 sequences (10000061 bp)...
[M::mem_process_seqs] Processed 68792 reads in 10.707 CPU sec, 10.880 real sec
[M::process] read 72354 sequences (10000203 bp)...
[M::mem_process_seqs] Processed 68582 reads in 8.741 CPU sec, 8.597 real sec
[M::process] read 72234 sequences (10000023 bp)...
[M::mem_process_seqs] Processed 72354 reads in 24.486 CPU sec, 24.810 real sec
[M::process] read 72066 sequences (10000181 bp)...
[M::mem_process_seqs] Processed 72234 reads in 22.218 CPU sec, 23.129 real sec
[M::process] read 72222 sequences (10000019 bp)...
[M::mem_process_seqs] Processed 72066 reads in 28.279 CPU sec, 29.228 real sec
[M::process] read 72406 sequences (10000241 bp)...
[M::mem_process_seqs] Processed 72222 reads in 25.976 CPU sec, 26.392 real sec
[M::process] read 72848 sequences (10000033 bp)...
[M::mem_process_seqs] Processed 72406 reads in 32.317 CPU sec, 34.024 real sec
[M::process] read 72622 sequences (10000078 bp)...
[M::mem_process_seqs] Processed 72848 reads in 26.085 CPU sec, 26.956 real sec
[M::process] read 72454 sequences (10000281 bp)...
[M::mem_process_seqs] Processed 72622 reads in 27.235 CPU sec, 28.146 real sec
[M::process] read 72240 sequences (10000185 bp)...
[M::mem_process_seqs] Processed 72454 reads in 25.899 CPU sec, 27.186 real sec
[M::process] read 72266 sequences (10000083 bp)...
[M::mem_process_seqs] Processed 72240 reads in 31.313 CPU sec, 33.244 real sec
[M::process] read 72416 sequences (10000062 bp)...
[M::mem_process_seqs] Processed 72266 reads in 24.441 CPU sec, 25.776 real sec
[M::process] read 72482 sequences (10000117 bp)...
[M::mem_process_seqs] Processed 72416 reads in 26.178 CPU sec, 28.640 real sec
[M::process] read 72048 sequences (10000196 bp)...
[M::mem_process_seqs] Processed 72482 reads in 27.123 CPU sec, 28.183 real sec
[M::process] read 72222 sequences (10000004 bp)...
[M::mem_process_seqs] Processed 72048 reads in 26.384 CPU sec, 26.842 real sec
[M::process] read 72472 sequences (10000069 bp)...
[M::mem_process_seqs] Processed 72222 reads in 25.998 CPU sec, 26.280 real sec
[M::process] read 72514 sequences (10000291 bp)...
[M::mem_process_seqs] Processed 72472 reads in 26.457 CPU sec, 28.041 real sec
[M::process] read 72338 sequences (10000238 bp)...
[M::mem_process_seqs] Processed 72514 reads in 26.635 CPU sec, 27.605 real sec
[M::process] read 72240 sequences (10000239 bp)...
[M::mem_process_seqs] Processed 72338 reads in 26.142 CPU sec, 26.680 real sec
[M::process] read 72288 sequences (10000277 bp)...
[M::mem_process_seqs] Processed 72240 reads in 25.343 CPU sec, 25.302 real sec
[M::process] read 72182 sequences (10000049 bp)...
[M::mem_process_seqs] Processed 72288 reads in 26.051 CPU sec, 26.525 real sec
[M::process] read 72408 sequences (10000271 bp)...
[M::mem_process_seqs] Processed 72182 reads in 25.965 CPU sec, 26.386 real sec
[M::process] read 72340 sequences (10000179 bp)...
[M::mem_process_seqs] Processed 72408 reads in 25.474 CPU sec, 26.397 real sec
[M::process] read 72468 sequences (10000009 bp)...
[M::mem_process_seqs] Processed 72340 reads in 26.556 CPU sec, 26.605 real sec
[M::process] read 72282 sequences (10000118 bp)...
[M::mem_process_seqs] Processed 72468 reads in 25.080 CPU sec, 25.128 real sec
[M::process] read 72326 sequences (10000054 bp)...
[M::mem_process_seqs] Processed 72282 reads in 32.861 CPU sec, 32.710 real sec
[M::process] read 72438 sequences (10000058 bp)...
[M::mem_process_seqs] Processed 72326 reads in 31.024 CPU sec, 31.823 real sec
[M::process] read 72254 sequences (10000071 bp)...
[M::mem_process_seqs] Processed 72438 reads in 25.449 CPU sec, 26.196 real sec
[M::process] read 72438 sequences (10000184 bp)...
[M::mem_process_seqs] Processed 72254 reads in 27.735 CPU sec, 28.571 real sec
[M::process] read 71910 sequences (10000020 bp)...
[M::mem_process_seqs] Processed 72438 reads in 25.886 CPU sec, 26.770 real sec
[M::process] read 72466 sequences (10000160 bp)...
[M::mem_process_seqs] Processed 71910 reads in 30.505 CPU sec, 31.331 real sec
[M::process] read 72414 sequences (10000061 bp)...
[M::mem_process_seqs] Processed 72466 reads in 26.018 CPU sec, 26.924 real sec
[M::process] read 72436 sequences (10000020 bp)...
[M::mem_process_seqs] Processed 72414 reads in 25.341 CPU sec, 25.703 real sec
[M::process] read 72256 sequences (10000029 bp)...
[M::mem_process_seqs] Processed 72436 reads in 27.019 CPU sec, 27.053 real sec
[M::process] read 72308 sequences (10000021 bp)...
[M::mem_process_seqs] Processed 72256 reads in 32.297 CPU sec, 33.765 real sec
[M::process] read 72762 sequences (10000100 bp)...
[M::mem_process_seqs] Processed 72308 reads in 28.195 CPU sec, 28.820 real sec
[M::process] read 72316 sequences (10000206 bp)...
[M::mem_process_seqs] Processed 72762 reads in 25.300 CPU sec, 26.894 real sec
[M::process] read 72410 sequences (10000235 bp)...
[M::mem_process_seqs] Processed 72316 reads in 26.536 CPU sec, 28.203 real sec
[M::process] read 72516 sequences (10000185 bp)...
[M::mem_process_seqs] Processed 72410 reads in 26.691 CPU sec, 27.610 real sec
[M::process] read 72232 sequences (10000033 bp)...
[M::mem_process_seqs] Processed 72516 reads in 26.423 CPU sec, 27.103 real sec
[M::process] read 72638 sequences (10000017 bp)...
[M::mem_process_seqs] Processed 72232 reads in 23.954 CPU sec, 24.807 real sec
[M::process] read 72534 sequences (10000034 bp)...
[M::mem_process_seqs] Processed 72638 reads in 26.559 CPU sec, 27.501 real sec
[M::process] read 71988 sequences (10000115 bp)...
[M::mem_process_seqs] Processed 72534 reads in 24.535 CPU sec, 26.378 real sec
[M::process] read 72410 sequences (10000277 bp)...
[M::mem_process_seqs] Processed 71988 reads in 27.071 CPU sec, 27.973 real sec
[M::process] read 72984 sequences (10000016 bp)...
[M::mem_process_seqs] Processed 72410 reads in 28.459 CPU sec, 29.767 real sec
[M::process] read 72318 sequences (10000103 bp)...
[M::mem_process_seqs] Processed 72984 reads in 29.075 CPU sec, 30.384 real sec
[M::process] read 72630 sequences (10000099 bp)...
[M::mem_process_seqs] Processed 72318 reads in 23.795 CPU sec, 24.329 real sec
[M::process] read 72198 sequences (10000235 bp)...
[M::mem_process_seqs] Processed 72630 reads in 29.371 CPU sec, 30.209 real sec
[M::process] read 72380 sequences (10000080 bp)...
[M::mem_process_seqs] Processed 72198 reads in 31.282 CPU sec, 33.057 real sec
[M::process] read 72158 sequences (10000227 bp)...
[M::mem_process_seqs] Processed 72380 reads in 26.826 CPU sec, 27.387 real sec
[M::process] read 72428 sequences (10000261 bp)...
[M::mem_process_seqs] Processed 72158 reads in 28.142 CPU sec, 28.793 real sec
[M::process] read 72276 sequences (10000017 bp)...
[M::mem_process_seqs] Processed 72428 reads in 24.035 CPU sec, 24.694 real sec
[M::process] read 72380 sequences (10000097 bp)...
[M::mem_process_seqs] Processed 72276 reads in 27.893 CPU sec, 29.319 real sec
[M::process] read 72364 sequences (10000261 bp)...
[M::mem_process_seqs] Processed 72380 reads in 26.955 CPU sec, 28.856 real sec
[M::process] read 72344 sequences (10000019 bp)...
[M::mem_process_seqs] Processed 72364 reads in 26.041 CPU sec, 27.848 real sec
[M::process] read 72138 sequences (10000277 bp)...
[M::mem_process_seqs] Processed 72344 reads in 25.686 CPU sec, 26.698 real sec
[M::process] read 72402 sequences (10000274 bp)...
[M::mem_process_seqs] Processed 72138 reads in 24.232 CPU sec, 25.779 real sec
[M::process] read 69878 sequences (10000094 bp)...
[M::mem_process_seqs] Processed 72402 reads in 25.893 CPU sec, 26.875 real sec
[M::process] read 71416 sequences (10000072 bp)...
[M::mem_process_seqs] Processed 69878 reads in 14.342 CPU sec, 14.481 real sec
[M::process] read 72406 sequences (10000164 bp)...
[M::mem_process_seqs] Processed 71416 reads in 25.152 CPU sec, 25.133 real sec
[M::process] read 72276 sequences (10000192 bp)...
[M::mem_process_seqs] Processed 72406 reads in 25.050 CPU sec, 25.402 real sec
[M::process] read 72434 sequences (10000008 bp)...
[M::mem_process_seqs] Processed 72276 reads in 26.567 CPU sec, 26.568 real sec
[M::process] read 72510 sequences (10000050 bp)...
[M::mem_process_seqs] Processed 72434 reads in 25.586 CPU sec, 25.498 real sec
[M::process] read 72248 sequences (10000017 bp)...
[M::mem_process_seqs] Processed 72510 reads in 30.561 CPU sec, 30.688 real sec
[M::process] read 72506 sequences (10000211 bp)...
[M::mem_process_seqs] Processed 72248 reads in 27.440 CPU sec, 27.809 real sec
[M::process] read 72196 sequences (10000022 bp)...
[M::mem_process_seqs] Processed 72506 reads in 25.723 CPU sec, 25.719 real sec
[M::process] read 72018 sequences (10000248 bp)...
[M::mem_process_seqs] Processed 72196 reads in 25.797 CPU sec, 26.086 real sec
[M::process] read 72194 sequences (10000065 bp)...
[M::mem_process_seqs] Processed 72018 reads in 23.599 CPU sec, 24.324 real sec
[M::process] read 72450 sequences (10000292 bp)...
[M::mem_process_seqs] Processed 72194 reads in 31.374 CPU sec, 33.034 real sec
[M::process] read 72202 sequences (10000122 bp)...
[M::mem_process_seqs] Processed 72450 reads in 25.173 CPU sec, 25.089 real sec
[M::process] read 72240 sequences (10000259 bp)...
[M::mem_process_seqs] Processed 72202 reads in 24.427 CPU sec, 24.679 real sec
[M::process] read 72274 sequences (10000284 bp)...
[M::mem_process_seqs] Processed 72240 reads in 29.410 CPU sec, 30.125 real sec
[M::process] read 72436 sequences (10000009 bp)...
[M::mem_process_seqs] Processed 72274 reads in 26.965 CPU sec, 27.612 real sec
[M::process] read 72634 sequences (10000293 bp)...
[M::mem_process_seqs] Processed 72436 reads in 27.490 CPU sec, 27.914 real sec
[M::process] read 72610 sequences (10000243 bp)...
[M::mem_process_seqs] Processed 72634 reads in 26.104 CPU sec, 26.601 real sec
[M::process] read 72072 sequences (10000263 bp)...
[M::mem_process_seqs] Processed 72610 reads in 25.519 CPU sec, 26.249 real sec
[M::process] read 72408 sequences (10000105 bp)...
[M::mem_process_seqs] Processed 72072 reads in 26.928 CPU sec, 27.289 real sec
[M::process] read 72196 sequences (10000232 bp)...
[M::mem_process_seqs] Processed 72408 reads in 27.335 CPU sec, 27.467 real sec
[M::process] read 72532 sequences (10000124 bp)...
[M::mem_process_seqs] Processed 72196 reads in 24.376 CPU sec, 25.284 real sec
[M::process] read 72604 sequences (10000187 bp)...
[M::mem_process_seqs] Processed 72532 reads in 27.439 CPU sec, 28.775 real sec
[M::process] read 72216 sequences (10000029 bp)...
[M::mem_process_seqs] Processed 72604 reads in 27.413 CPU sec, 28.375 real sec
[M::process] read 71780 sequences (10000006 bp)...
[M::mem_process_seqs] Processed 72216 reads in 25.249 CPU sec, 26.644 real sec
[M::process] read 72118 sequences (10000118 bp)...
[M::mem_process_seqs] Processed 71780 reads in 23.783 CPU sec, 24.364 real sec
[M::process] read 72218 sequences (10000020 bp)...
[M::mem_process_seqs] Processed 72118 reads in 25.201 CPU sec, 25.640 real sec
[M::process] read 72312 sequences (10000094 bp)...
[M::mem_process_seqs] Processed 72218 reads in 26.238 CPU sec, 27.284 real sec
[M::process] read 72530 sequences (10000145 bp)...
[M::mem_process_seqs] Processed 72312 reads in 28.375 CPU sec, 29.533 real sec
[M::process] read 72472 sequences (10000108 bp)...
[M::mem_process_seqs] Processed 72530 reads in 30.260 CPU sec, 30.991 real sec
[M::process] read 72532 sequences (10000122 bp)...
[M::mem_process_seqs] Processed 72472 reads in 26.256 CPU sec, 28.096 real sec
[M::process] read 72482 sequences (10000031 bp)...
[M::mem_process_seqs] Processed 72532 reads in 27.585 CPU sec, 30.086 real sec
[M::process] read 72352 sequences (10000219 bp)...
[M::mem_process_seqs] Processed 72482 reads in 26.995 CPU sec, 28.233 real sec
[M::process] read 72152 sequences (10000221 bp)...
[M::mem_process_seqs] Processed 72352 reads in 25.848 CPU sec, 26.664 real sec
[M::process] read 72352 sequences (10000194 bp)...
[M::mem_process_seqs] Processed 72152 reads in 30.935 CPU sec, 32.186 real sec
[M::process] read 72366 sequences (10000216 bp)...
[M::mem_process_seqs] Processed 72352 reads in 25.568 CPU sec, 26.042 real sec
[M::process] read 72212 sequences (10000271 bp)...
[M::mem_process_seqs] Processed 72366 reads in 26.748 CPU sec, 27.036 real sec
[M::process] read 72340 sequences (10000120 bp)...
[M::mem_process_seqs] Processed 72212 reads in 29.904 CPU sec, 30.511 real sec
[M::process] read 72354 sequences (10000118 bp)...
[M::mem_process_seqs] Processed 72340 reads in 25.289 CPU sec, 25.896 real sec
[M::process] read 72386 sequences (10000248 bp)...
[M::mem_process_seqs] Processed 72354 reads in 26.260 CPU sec, 26.419 real sec
[M::process] read 72502 sequences (10000144 bp)...
[M::mem_process_seqs] Processed 72386 reads in 24.727 CPU sec, 24.511 real sec
[M::process] read 72418 sequences (10000240 bp)...
[M::mem_process_seqs] Processed 72502 reads in 24.354 CPU sec, 24.361 real sec
[M::process] read 54276 sequences (7587325 bp)...
[M::mem_process_seqs] Processed 72418 reads in 25.759 CPU sec, 25.676 real sec
[M::mem_process_seqs] Processed 54276 reads in 18.129 CPU sec, 18.060 real sec
[main] Version: 0.7.17-r1188
[main] CMD: bwa mem -L 5 -I 533.109,60.1675,613,366 -t 1 -a -M -T 30 -A 1 -B 4 -O 6 -R @RG\tID:Aen-Cbat_060-AeC01060_CKDL210012719-1a-AK5577-GC06_HF5TCDSX2_L1_clmp_fp2_repr\tSM:Aen-Cbat_060-AeC01060_CKDL210012719-1a-AK5577-GC06_HF5TCDSX2_L1_clmp_fp2_repr\tPL:Illumina reference.rad.baited-6-6.fasta Aen-Cbat_060-AeC01060_CKDL210012719-1a-AK5577-GC06_HF5TCDSX2_L1_clmp_fp2_repr.R1.fq.gz Aen-Cbat_060-AeC01060_CKDL210012719-1a-AK5577-GC06_HF5TCDSX2_L1_clmp_fp2_repr.R2.fq.gz
[main] Real time: 3484.372 sec; CPU: 3380.212 sec
