[M::main_mem] mean insert size: 533.109, stddev: 60.167, max: 613, min: 366
[M::bwa_idx_load_from_disk] read 0 ALT contigs
[M::process] read 73654 sequences (10000047 bp)...
[M::process] read 74018 sequences (10000197 bp)...
[M::mem_process_seqs] Processed 73654 reads in 26.527 CPU sec, 27.963 real sec
[M::process] read 68856 sequences (10000038 bp)...
[M::mem_process_seqs] Processed 74018 reads in 27.120 CPU sec, 28.166 real sec
[M::process] read 72578 sequences (10000006 bp)...
[M::mem_process_seqs] Processed 68856 reads in 11.474 CPU sec, 11.506 real sec
[M::process] read 73530 sequences (10000297 bp)...
[M::mem_process_seqs] Processed 72578 reads in 20.849 CPU sec, 21.435 real sec
[M::process] read 73510 sequences (10000085 bp)...
[M::mem_process_seqs] Processed 73530 reads in 25.591 CPU sec, 26.531 real sec
[M::process] read 73786 sequences (10000028 bp)...
[M::mem_process_seqs] Processed 73510 reads in 25.423 CPU sec, 26.603 real sec
[M::process] read 73560 sequences (10000193 bp)...
[M::mem_process_seqs] Processed 73786 reads in 27.257 CPU sec, 28.741 real sec
[M::process] read 73666 sequences (10000227 bp)...
[M::mem_process_seqs] Processed 73560 reads in 26.825 CPU sec, 27.666 real sec
[M::process] read 73542 sequences (10000143 bp)...
[M::mem_process_seqs] Processed 73666 reads in 31.748 CPU sec, 34.293 real sec
[M::process] read 73518 sequences (10000124 bp)...
[M::mem_process_seqs] Processed 73542 reads in 24.880 CPU sec, 25.997 real sec
[M::process] read 73658 sequences (10000144 bp)...
[M::mem_process_seqs] Processed 73518 reads in 34.384 CPU sec, 35.115 real sec
[M::process] read 73288 sequences (10000219 bp)...
[M::mem_process_seqs] Processed 73658 reads in 30.124 CPU sec, 31.277 real sec
[M::process] read 73692 sequences (10000021 bp)...
[M::mem_process_seqs] Processed 73288 reads in 26.505 CPU sec, 27.251 real sec
[M::process] read 72146 sequences (10000271 bp)...
[M::mem_process_seqs] Processed 73692 reads in 34.199 CPU sec, 35.677 real sec
[M::process] read 73400 sequences (10000155 bp)...
[M::mem_process_seqs] Processed 72146 reads in 19.990 CPU sec, 20.064 real sec
[M::process] read 73554 sequences (10000296 bp)...
[M::mem_process_seqs] Processed 73400 reads in 24.116 CPU sec, 25.652 real sec
[M::process] read 73288 sequences (10000059 bp)...
[M::mem_process_seqs] Processed 73554 reads in 28.299 CPU sec, 29.150 real sec
[M::process] read 73434 sequences (10000036 bp)...
[M::mem_process_seqs] Processed 73288 reads in 24.791 CPU sec, 26.075 real sec
[M::process] read 73384 sequences (10000077 bp)...
[M::mem_process_seqs] Processed 73434 reads in 27.585 CPU sec, 28.750 real sec
[M::process] read 73284 sequences (10000109 bp)...
[M::mem_process_seqs] Processed 73384 reads in 26.822 CPU sec, 27.179 real sec
[M::process] read 73272 sequences (10000134 bp)...
[M::mem_process_seqs] Processed 73284 reads in 33.786 CPU sec, 34.871 real sec
[M::process] read 73370 sequences (10000018 bp)...
[M::mem_process_seqs] Processed 73272 reads in 26.357 CPU sec, 27.148 real sec
[M::process] read 68258 sequences (10000125 bp)...
[M::mem_process_seqs] Processed 73370 reads in 27.692 CPU sec, 29.063 real sec
[M::process] read 73642 sequences (10000151 bp)...
[M::mem_process_seqs] Processed 68258 reads in 8.876 CPU sec, 8.890 real sec
[M::process] read 73466 sequences (10000204 bp)...
[M::mem_process_seqs] Processed 73642 reads in 26.138 CPU sec, 27.912 real sec
[M::process] read 73444 sequences (10000041 bp)...
[M::mem_process_seqs] Processed 73466 reads in 24.124 CPU sec, 25.848 real sec
[M::process] read 73282 sequences (10000125 bp)...
[M::mem_process_seqs] Processed 73444 reads in 28.690 CPU sec, 29.287 real sec
[M::process] read 73836 sequences (10000282 bp)...
[M::mem_process_seqs] Processed 73282 reads in 31.508 CPU sec, 33.752 real sec
[M::process] read 73758 sequences (10000208 bp)...
[M::mem_process_seqs] Processed 73836 reads in 27.667 CPU sec, 28.770 real sec
[M::process] read 73808 sequences (10000005 bp)...
[M::mem_process_seqs] Processed 73758 reads in 28.107 CPU sec, 29.692 real sec
[M::process] read 73332 sequences (10000068 bp)...
[M::mem_process_seqs] Processed 73808 reads in 25.129 CPU sec, 26.572 real sec
[M::process] read 73516 sequences (10000008 bp)...
[M::mem_process_seqs] Processed 73332 reads in 33.104 CPU sec, 35.119 real sec
[M::process] read 73596 sequences (10000176 bp)...
[M::mem_process_seqs] Processed 73516 reads in 25.264 CPU sec, 25.349 real sec
[M::process] read 73566 sequences (10000058 bp)...
[M::mem_process_seqs] Processed 73596 reads in 27.213 CPU sec, 28.644 real sec
[M::process] read 73226 sequences (10000097 bp)...
[M::mem_process_seqs] Processed 73566 reads in 27.142 CPU sec, 28.525 real sec
[M::process] read 73522 sequences (10000071 bp)...
[M::mem_process_seqs] Processed 73226 reads in 28.486 CPU sec, 30.542 real sec
[M::process] read 73768 sequences (10000159 bp)...
[M::mem_process_seqs] Processed 73522 reads in 26.733 CPU sec, 26.868 real sec
[M::process] read 73576 sequences (10000278 bp)...
[M::mem_process_seqs] Processed 73768 reads in 27.078 CPU sec, 28.878 real sec
[M::process] read 73394 sequences (10000222 bp)...
[M::mem_process_seqs] Processed 73576 reads in 26.269 CPU sec, 27.007 real sec
[M::process] read 73362 sequences (10000165 bp)...
[M::mem_process_seqs] Processed 73394 reads in 25.563 CPU sec, 26.205 real sec
[M::process] read 73526 sequences (10000031 bp)...
[M::mem_process_seqs] Processed 73362 reads in 26.067 CPU sec, 27.506 real sec
[M::process] read 73682 sequences (10000192 bp)...
[M::mem_process_seqs] Processed 73526 reads in 26.277 CPU sec, 27.489 real sec
[M::process] read 73560 sequences (10000197 bp)...
[M::mem_process_seqs] Processed 73682 reads in 26.817 CPU sec, 27.398 real sec
[M::process] read 73492 sequences (10000110 bp)...
[M::mem_process_seqs] Processed 73560 reads in 26.437 CPU sec, 27.703 real sec
[M::process] read 73260 sequences (10000082 bp)...
[M::mem_process_seqs] Processed 73492 reads in 33.637 CPU sec, 34.815 real sec
[M::process] read 73466 sequences (10000126 bp)...
[M::mem_process_seqs] Processed 73260 reads in 29.050 CPU sec, 29.749 real sec
[M::process] read 73670 sequences (10000043 bp)...
[M::mem_process_seqs] Processed 73466 reads in 28.027 CPU sec, 28.749 real sec
[M::process] read 73268 sequences (10000263 bp)...
[M::mem_process_seqs] Processed 73670 reads in 26.829 CPU sec, 27.169 real sec
[M::process] read 73852 sequences (10000140 bp)...
[M::mem_process_seqs] Processed 73268 reads in 30.954 CPU sec, 32.378 real sec
[M::process] read 73602 sequences (10000198 bp)...
[M::mem_process_seqs] Processed 73852 reads in 25.930 CPU sec, 26.627 real sec
[M::process] read 73522 sequences (10000111 bp)...
[M::mem_process_seqs] Processed 73602 reads in 26.667 CPU sec, 28.602 real sec
[M::process] read 73480 sequences (10000029 bp)...
[M::mem_process_seqs] Processed 73522 reads in 34.133 CPU sec, 35.975 real sec
[M::process] read 73896 sequences (10000085 bp)...
[M::mem_process_seqs] Processed 73480 reads in 28.087 CPU sec, 28.990 real sec
[M::process] read 73436 sequences (10000148 bp)...
[M::mem_process_seqs] Processed 73896 reads in 25.363 CPU sec, 26.173 real sec
[M::process] read 73670 sequences (10000054 bp)...
[M::mem_process_seqs] Processed 73436 reads in 27.315 CPU sec, 27.801 real sec
[M::process] read 73418 sequences (10000079 bp)...
[M::mem_process_seqs] Processed 73670 reads in 25.879 CPU sec, 26.400 real sec
[M::process] read 73888 sequences (10000020 bp)...
[M::mem_process_seqs] Processed 73418 reads in 24.920 CPU sec, 25.387 real sec
[M::process] read 73580 sequences (10000217 bp)...
[M::mem_process_seqs] Processed 73888 reads in 26.924 CPU sec, 27.361 real sec
[M::process] read 73410 sequences (10000257 bp)...
[M::mem_process_seqs] Processed 73580 reads in 24.965 CPU sec, 25.634 real sec
[M::process] read 74160 sequences (10000078 bp)...
[M::mem_process_seqs] Processed 73410 reads in 30.130 CPU sec, 32.258 real sec
[M::process] read 73332 sequences (10000249 bp)...
[M::mem_process_seqs] Processed 74160 reads in 30.353 CPU sec, 31.896 real sec
[M::process] read 73782 sequences (10000100 bp)...
[M::mem_process_seqs] Processed 73332 reads in 24.278 CPU sec, 24.642 real sec
[M::process] read 73162 sequences (10000065 bp)...
[M::mem_process_seqs] Processed 73782 reads in 29.761 CPU sec, 31.227 real sec
[M::process] read 73394 sequences (10000114 bp)...
[M::mem_process_seqs] Processed 73162 reads in 30.559 CPU sec, 31.958 real sec
[M::process] read 73540 sequences (10000135 bp)...
[M::mem_process_seqs] Processed 73394 reads in 29.608 CPU sec, 30.851 real sec
[M::process] read 73370 sequences (10000073 bp)...
[M::mem_process_seqs] Processed 73540 reads in 25.395 CPU sec, 25.839 real sec
[M::process] read 73626 sequences (10000165 bp)...
[M::mem_process_seqs] Processed 73370 reads in 27.684 CPU sec, 27.975 real sec
[M::process] read 73570 sequences (10000229 bp)...
[M::mem_process_seqs] Processed 73626 reads in 27.436 CPU sec, 27.639 real sec
[M::process] read 73356 sequences (10000230 bp)...
[M::mem_process_seqs] Processed 73570 reads in 26.394 CPU sec, 26.471 real sec
[M::process] read 73518 sequences (10000083 bp)...
[M::mem_process_seqs] Processed 73356 reads in 25.521 CPU sec, 26.793 real sec
[M::process] read 71164 sequences (10000149 bp)...
[M::mem_process_seqs] Processed 73518 reads in 25.726 CPU sec, 26.176 real sec
[M::process] read 73482 sequences (10000051 bp)...
[M::mem_process_seqs] Processed 71164 reads in 17.028 CPU sec, 17.385 real sec
[M::process] read 73540 sequences (10000183 bp)...
[M::mem_process_seqs] Processed 73482 reads in 28.041 CPU sec, 28.979 real sec
[M::process] read 73536 sequences (10000110 bp)...
[M::mem_process_seqs] Processed 73540 reads in 27.470 CPU sec, 28.584 real sec
[M::process] read 73756 sequences (10000004 bp)...
[M::mem_process_seqs] Processed 73536 reads in 25.904 CPU sec, 26.982 real sec
[M::process] read 73528 sequences (10000003 bp)...
[M::mem_process_seqs] Processed 73756 reads in 30.175 CPU sec, 30.496 real sec
[M::process] read 73554 sequences (10000232 bp)...
[M::mem_process_seqs] Processed 73528 reads in 26.794 CPU sec, 28.048 real sec
[M::process] read 73464 sequences (10000058 bp)...
[M::mem_process_seqs] Processed 73554 reads in 26.000 CPU sec, 26.897 real sec
[M::process] read 73250 sequences (10000281 bp)...
[M::mem_process_seqs] Processed 73464 reads in 24.391 CPU sec, 25.463 real sec
[M::process] read 73388 sequences (10000254 bp)...
[M::mem_process_seqs] Processed 73250 reads in 29.212 CPU sec, 31.341 real sec
[M::process] read 73336 sequences (10000030 bp)...
[M::mem_process_seqs] Processed 73388 reads in 26.100 CPU sec, 27.189 real sec
[M::process] read 73348 sequences (10000204 bp)...
[M::mem_process_seqs] Processed 73336 reads in 27.234 CPU sec, 28.952 real sec
[M::process] read 73796 sequences (10000105 bp)...
[M::mem_process_seqs] Processed 73348 reads in 28.594 CPU sec, 29.971 real sec
[M::process] read 73630 sequences (10000026 bp)...
[M::mem_process_seqs] Processed 73796 reads in 27.111 CPU sec, 27.989 real sec
[M::process] read 73460 sequences (10000203 bp)...
[M::mem_process_seqs] Processed 73630 reads in 26.237 CPU sec, 27.108 real sec
[M::process] read 73310 sequences (10000121 bp)...
[M::mem_process_seqs] Processed 73460 reads in 26.657 CPU sec, 28.441 real sec
[M::process] read 73544 sequences (10000182 bp)...
[M::mem_process_seqs] Processed 73310 reads in 27.452 CPU sec, 28.846 real sec
[M::process] read 73546 sequences (10000164 bp)...
[M::mem_process_seqs] Processed 73544 reads in 26.125 CPU sec, 26.322 real sec
[M::process] read 73714 sequences (10000099 bp)...
[M::mem_process_seqs] Processed 73546 reads in 26.002 CPU sec, 26.494 real sec
[M::process] read 73370 sequences (10000133 bp)...
[M::mem_process_seqs] Processed 73714 reads in 29.594 CPU sec, 30.230 real sec
[M::process] read 72620 sequences (10000153 bp)...
[M::mem_process_seqs] Processed 73370 reads in 26.307 CPU sec, 26.305 real sec
[M::process] read 73648 sequences (10000227 bp)...
[M::mem_process_seqs] Processed 72620 reads in 25.228 CPU sec, 26.241 real sec
[M::process] read 73394 sequences (10000166 bp)...
[M::mem_process_seqs] Processed 73648 reads in 26.432 CPU sec, 27.668 real sec
[M::process] read 73596 sequences (10000256 bp)...
[M::mem_process_seqs] Processed 73394 reads in 26.384 CPU sec, 27.755 real sec
[M::process] read 73648 sequences (10000136 bp)...
[M::mem_process_seqs] Processed 73596 reads in 32.378 CPU sec, 33.605 real sec
[M::process] read 73360 sequences (10000271 bp)...
[M::mem_process_seqs] Processed 73648 reads in 26.171 CPU sec, 27.031 real sec
[M::process] read 73662 sequences (10000178 bp)...
[M::mem_process_seqs] Processed 73360 reads in 27.083 CPU sec, 28.192 real sec
[M::process] read 73242 sequences (10000162 bp)...
[M::mem_process_seqs] Processed 73662 reads in 27.894 CPU sec, 28.773 real sec
[M::process] read 73454 sequences (10000165 bp)...
[M::mem_process_seqs] Processed 73242 reads in 28.525 CPU sec, 28.444 real sec
[M::process] read 73422 sequences (10000098 bp)...
[M::mem_process_seqs] Processed 73454 reads in 27.438 CPU sec, 28.091 real sec
[M::process] read 73372 sequences (10000024 bp)...
[M::mem_process_seqs] Processed 73422 reads in 27.498 CPU sec, 28.758 real sec
[M::process] read 73578 sequences (10000170 bp)...
[M::mem_process_seqs] Processed 73372 reads in 29.388 CPU sec, 30.362 real sec
[M::process] read 73736 sequences (10000066 bp)...
[M::mem_process_seqs] Processed 73578 reads in 25.618 CPU sec, 26.513 real sec
[M::process] read 73614 sequences (10000011 bp)...
[M::mem_process_seqs] Processed 73736 reads in 26.159 CPU sec, 26.830 real sec
[M::process] read 73772 sequences (10000002 bp)...
[M::mem_process_seqs] Processed 73614 reads in 25.179 CPU sec, 25.040 real sec
[M::process] read 41126 sequences (5698631 bp)...
[M::mem_process_seqs] Processed 73772 reads in 25.141 CPU sec, 24.933 real sec
[M::mem_process_seqs] Processed 41126 reads in 13.143 CPU sec, 13.144 real sec
[main] Version: 0.7.17-r1188
[main] CMD: bwa mem -L 5 -I 533.109,60.1675,613,366 -t 1 -a -M -T 30 -A 1 -B 4 -O 6 -R @RG\tID:Aen-Cbat_020-AeC01020_CKDL210012719-1a-5UDI245-AK7557_HF5TCDSX2_L1_clmp_fp2_repr\tSM:Aen-Cbat_020-AeC01020_CKDL210012719-1a-5UDI245-AK7557_HF5TCDSX2_L1_clmp_fp2_repr\tPL:Illumina reference.rad.baited-6-6.fasta Aen-Cbat_020-AeC01020_CKDL210012719-1a-5UDI245-AK7557_HF5TCDSX2_L1_clmp_fp2_repr.R1.fq.gz Aen-Cbat_020-AeC01020_CKDL210012719-1a-5UDI245-AK7557_HF5TCDSX2_L1_clmp_fp2_repr.R2.fq.gz
[main] Real time: 2978.530 sec; CPU: 2869.052 sec
