[M::main_mem] mean insert size: 533.109, stddev: 60.167, max: 613, min: 366
[M::bwa_idx_load_from_disk] read 0 ALT contigs
[M::process] read 102252 sequences (10000188 bp)...
[M::process] read 101798 sequences (10000100 bp)...
[M::mem_process_seqs] Processed 102252 reads in 18.386 CPU sec, 19.391 real sec
[M::process] read 102100 sequences (10000203 bp)...
[M::mem_process_seqs] Processed 101798 reads in 18.393 CPU sec, 19.081 real sec
[M::process] read 102080 sequences (10000070 bp)...
[M::mem_process_seqs] Processed 102100 reads in 18.350 CPU sec, 19.438 real sec
[M::process] read 104250 sequences (10000205 bp)...
[M::mem_process_seqs] Processed 102080 reads in 17.627 CPU sec, 18.855 real sec
[M::process] read 101848 sequences (10000046 bp)...
[M::mem_process_seqs] Processed 104250 reads in 16.445 CPU sec, 17.584 real sec
[M::process] read 100398 sequences (10000137 bp)...
[M::mem_process_seqs] Processed 101848 reads in 18.573 CPU sec, 19.108 real sec
[M::process] read 77232 sequences (10000268 bp)...
[M::mem_process_seqs] Processed 100398 reads in 17.390 CPU sec, 17.369 real sec
[M::process] read 75918 sequences (10000132 bp)...
[M::mem_process_seqs] Processed 77232 reads in 6.905 CPU sec, 7.475 real sec
[M::process] read 79220 sequences (10000244 bp)...
[M::mem_process_seqs] Processed 75918 reads in 6.756 CPU sec, 7.036 real sec
[M::process] read 99162 sequences (10000122 bp)...
[M::mem_process_seqs] Processed 79220 reads in 6.434 CPU sec, 6.544 real sec
[M::process] read 100016 sequences (10000101 bp)...
[M::mem_process_seqs] Processed 99162 reads in 16.903 CPU sec, 17.725 real sec
[M::process] read 102222 sequences (10000185 bp)...
[M::mem_process_seqs] Processed 100016 reads in 19.019 CPU sec, 19.652 real sec
[M::process] read 101898 sequences (10000195 bp)...
[M::mem_process_seqs] Processed 102222 reads in 18.399 CPU sec, 19.428 real sec
[M::process] read 99366 sequences (10000024 bp)...
[M::mem_process_seqs] Processed 101898 reads in 18.193 CPU sec, 19.345 real sec
[M::process] read 101658 sequences (10000002 bp)...
[M::mem_process_seqs] Processed 99366 reads in 18.918 CPU sec, 19.138 real sec
[M::process] read 101406 sequences (10000164 bp)...
[M::mem_process_seqs] Processed 101658 reads in 18.650 CPU sec, 19.152 real sec
[M::process] read 101346 sequences (10000162 bp)...
[M::mem_process_seqs] Processed 101406 reads in 21.608 CPU sec, 23.798 real sec
[M::process] read 101974 sequences (10000058 bp)...
[M::mem_process_seqs] Processed 101346 reads in 18.672 CPU sec, 20.305 real sec
[M::process] read 99928 sequences (10000002 bp)...
[M::mem_process_seqs] Processed 101974 reads in 20.028 CPU sec, 20.603 real sec
[M::process] read 101708 sequences (10000033 bp)...
[M::mem_process_seqs] Processed 99928 reads in 25.948 CPU sec, 27.916 real sec
[M::process] read 101664 sequences (10000131 bp)...
[M::mem_process_seqs] Processed 101708 reads in 19.468 CPU sec, 21.073 real sec
[M::process] read 100370 sequences (10000232 bp)...
[M::mem_process_seqs] Processed 101664 reads in 18.724 CPU sec, 20.184 real sec
[M::process] read 101924 sequences (10000085 bp)...
[M::mem_process_seqs] Processed 100370 reads in 28.043 CPU sec, 28.487 real sec
[M::process] read 101396 sequences (10000076 bp)...
[M::mem_process_seqs] Processed 101924 reads in 19.893 CPU sec, 21.177 real sec
[M::process] read 101902 sequences (10000144 bp)...
[M::mem_process_seqs] Processed 101396 reads in 18.151 CPU sec, 19.056 real sec
[M::process] read 102208 sequences (10000078 bp)...
[M::mem_process_seqs] Processed 101902 reads in 20.515 CPU sec, 21.293 real sec
[M::process] read 102128 sequences (10000249 bp)...
[M::mem_process_seqs] Processed 102208 reads in 18.437 CPU sec, 19.116 real sec
[M::process] read 101528 sequences (10000132 bp)...
[M::mem_process_seqs] Processed 102128 reads in 20.399 CPU sec, 20.333 real sec
[M::process] read 101964 sequences (10000085 bp)...
[M::mem_process_seqs] Processed 101528 reads in 19.071 CPU sec, 19.967 real sec
[M::process] read 100076 sequences (10000179 bp)...
[M::mem_process_seqs] Processed 101964 reads in 19.188 CPU sec, 19.505 real sec
[M::process] read 101342 sequences (10000086 bp)...
[M::mem_process_seqs] Processed 100076 reads in 22.888 CPU sec, 23.199 real sec
[M::process] read 101738 sequences (10000043 bp)...
[M::mem_process_seqs] Processed 101342 reads in 19.704 CPU sec, 19.885 real sec
[M::process] read 101760 sequences (10000190 bp)...
[M::mem_process_seqs] Processed 101738 reads in 19.311 CPU sec, 19.745 real sec
[M::process] read 102190 sequences (10000079 bp)...
[M::mem_process_seqs] Processed 101760 reads in 21.759 CPU sec, 23.009 real sec
[M::process] read 96310 sequences (10000048 bp)...
[M::mem_process_seqs] Processed 102190 reads in 18.342 CPU sec, 19.420 real sec
[M::process] read 101516 sequences (10000207 bp)...
[M::mem_process_seqs] Processed 96310 reads in 14.414 CPU sec, 15.206 real sec
[M::process] read 81362 sequences (10000272 bp)...
[M::mem_process_seqs] Processed 101516 reads in 16.820 CPU sec, 17.677 real sec
[M::process] read 85188 sequences (10000166 bp)...
[M::mem_process_seqs] Processed 81362 reads in 7.621 CPU sec, 8.379 real sec
[M::process] read 101754 sequences (10000035 bp)...
[M::mem_process_seqs] Processed 85188 reads in 7.483 CPU sec, 7.431 real sec
[M::process] read 101562 sequences (10000100 bp)...
[M::mem_process_seqs] Processed 101754 reads in 17.549 CPU sec, 18.604 real sec
[M::process] read 101268 sequences (10000024 bp)...
[M::mem_process_seqs] Processed 101562 reads in 18.225 CPU sec, 19.544 real sec
[M::process] read 101106 sequences (10000029 bp)...
[M::mem_process_seqs] Processed 101268 reads in 19.929 CPU sec, 20.512 real sec
[M::process] read 101460 sequences (10000293 bp)...
[M::mem_process_seqs] Processed 101106 reads in 16.977 CPU sec, 17.269 real sec
[M::process] read 101486 sequences (10000199 bp)...
[M::mem_process_seqs] Processed 101460 reads in 19.383 CPU sec, 20.219 real sec
[M::process] read 100848 sequences (10000119 bp)...
[M::mem_process_seqs] Processed 101486 reads in 18.136 CPU sec, 18.335 real sec
[M::process] read 101980 sequences (10000065 bp)...
[M::mem_process_seqs] Processed 100848 reads in 19.428 CPU sec, 19.955 real sec
[M::process] read 102156 sequences (10000067 bp)...
[M::mem_process_seqs] Processed 101980 reads in 18.090 CPU sec, 19.427 real sec
[M::process] read 100312 sequences (10000034 bp)...
[M::mem_process_seqs] Processed 102156 reads in 19.504 CPU sec, 20.106 real sec
[M::process] read 101796 sequences (10000091 bp)...
[M::mem_process_seqs] Processed 100312 reads in 16.502 CPU sec, 17.449 real sec
[M::process] read 101624 sequences (10000137 bp)...
[M::mem_process_seqs] Processed 101796 reads in 19.981 CPU sec, 21.576 real sec
[M::process] read 100904 sequences (10000146 bp)...
[M::mem_process_seqs] Processed 101624 reads in 18.516 CPU sec, 19.859 real sec
[M::process] read 101714 sequences (10000030 bp)...
[M::mem_process_seqs] Processed 100904 reads in 18.510 CPU sec, 19.482 real sec
[M::process] read 102134 sequences (10000102 bp)...
[M::mem_process_seqs] Processed 101714 reads in 19.133 CPU sec, 20.750 real sec
[M::process] read 100340 sequences (10000036 bp)...
[M::mem_process_seqs] Processed 102134 reads in 18.231 CPU sec, 18.887 real sec
[M::process] read 97234 sequences (10000110 bp)...
[M::mem_process_seqs] Processed 100340 reads in 18.684 CPU sec, 19.866 real sec
[M::process] read 101832 sequences (10000072 bp)...
[M::mem_process_seqs] Processed 97234 reads in 14.245 CPU sec, 15.836 real sec
[M::process] read 102026 sequences (10000187 bp)...
[M::mem_process_seqs] Processed 101832 reads in 18.833 CPU sec, 20.020 real sec
[M::process] read 93838 sequences (10000251 bp)...
[M::mem_process_seqs] Processed 102026 reads in 18.710 CPU sec, 19.916 real sec
[M::process] read 75440 sequences (10000195 bp)...
[M::mem_process_seqs] Processed 93838 reads in 15.238 CPU sec, 15.954 real sec
[M::process] read 85916 sequences (10000180 bp)...
[M::mem_process_seqs] Processed 75440 reads in 6.432 CPU sec, 6.650 real sec
[M::process] read 101212 sequences (10000171 bp)...
[M::mem_process_seqs] Processed 85916 reads in 10.496 CPU sec, 10.520 real sec
[M::process] read 98218 sequences (10000168 bp)...
[M::mem_process_seqs] Processed 101212 reads in 18.072 CPU sec, 18.838 real sec
[M::process] read 100108 sequences (10000092 bp)...
[M::mem_process_seqs] Processed 98218 reads in 16.201 CPU sec, 17.264 real sec
[M::process] read 102054 sequences (10000291 bp)...
[M::mem_process_seqs] Processed 100108 reads in 23.508 CPU sec, 24.526 real sec
[M::process] read 102162 sequences (10000171 bp)...
[M::mem_process_seqs] Processed 102054 reads in 19.879 CPU sec, 20.692 real sec
[M::process] read 101458 sequences (10000031 bp)...
[M::mem_process_seqs] Processed 102162 reads in 18.502 CPU sec, 19.499 real sec
[M::process] read 101224 sequences (10000091 bp)...
[M::mem_process_seqs] Processed 101458 reads in 21.061 CPU sec, 22.567 real sec
[M::process] read 101810 sequences (10000121 bp)...
[M::mem_process_seqs] Processed 101224 reads in 19.003 CPU sec, 19.904 real sec
[M::process] read 102022 sequences (10000130 bp)...
[M::mem_process_seqs] Processed 101810 reads in 19.484 CPU sec, 20.820 real sec
[M::process] read 101042 sequences (10000164 bp)...
[M::mem_process_seqs] Processed 102022 reads in 19.398 CPU sec, 20.757 real sec
[M::process] read 102668 sequences (10000035 bp)...
[M::mem_process_seqs] Processed 101042 reads in 17.525 CPU sec, 18.012 real sec
[M::process] read 102066 sequences (10000224 bp)...
[M::mem_process_seqs] Processed 102668 reads in 16.221 CPU sec, 17.162 real sec
[M::process] read 102194 sequences (10000041 bp)...
[M::mem_process_seqs] Processed 102066 reads in 17.637 CPU sec, 18.477 real sec
[M::process] read 102102 sequences (10000088 bp)...
[M::mem_process_seqs] Processed 102194 reads in 17.752 CPU sec, 18.744 real sec
[M::process] read 101876 sequences (10000060 bp)...
[M::mem_process_seqs] Processed 102102 reads in 18.042 CPU sec, 20.129 real sec
[M::process] read 101986 sequences (10000057 bp)...
[M::mem_process_seqs] Processed 101876 reads in 17.905 CPU sec, 19.100 real sec
[M::process] read 100728 sequences (10000196 bp)...
[M::mem_process_seqs] Processed 101986 reads in 18.068 CPU sec, 18.644 real sec
[M::process] read 101758 sequences (10000162 bp)...
[M::mem_process_seqs] Processed 100728 reads in 18.591 CPU sec, 19.658 real sec
[M::process] read 102142 sequences (10000086 bp)...
[M::mem_process_seqs] Processed 101758 reads in 18.126 CPU sec, 19.866 real sec
[M::process] read 102126 sequences (10000217 bp)...
[M::mem_process_seqs] Processed 102142 reads in 17.836 CPU sec, 18.832 real sec
[M::process] read 101112 sequences (10000050 bp)...
[M::mem_process_seqs] Processed 102126 reads in 17.385 CPU sec, 18.427 real sec
[M::process] read 101566 sequences (10000121 bp)...
[M::mem_process_seqs] Processed 101112 reads in 19.870 CPU sec, 20.441 real sec
[M::process] read 101728 sequences (10000080 bp)...
[M::mem_process_seqs] Processed 101566 reads in 18.105 CPU sec, 18.880 real sec
[M::process] read 101936 sequences (10000177 bp)...
[M::mem_process_seqs] Processed 101728 reads in 17.661 CPU sec, 18.408 real sec
[M::process] read 100192 sequences (10000066 bp)...
[M::mem_process_seqs] Processed 101936 reads in 19.737 CPU sec, 20.566 real sec
[M::process] read 100940 sequences (10000148 bp)...
[M::mem_process_seqs] Processed 100192 reads in 17.940 CPU sec, 19.228 real sec
[M::process] read 101620 sequences (10000163 bp)...
[M::mem_process_seqs] Processed 100940 reads in 18.489 CPU sec, 19.101 real sec
[M::process] read 100914 sequences (10000108 bp)...
[M::mem_process_seqs] Processed 101620 reads in 19.369 CPU sec, 21.153 real sec
[M::process] read 101902 sequences (10000023 bp)...
[M::mem_process_seqs] Processed 100914 reads in 19.332 CPU sec, 20.435 real sec
[M::process] read 102034 sequences (10000000 bp)...
[M::mem_process_seqs] Processed 101902 reads in 18.890 CPU sec, 19.746 real sec
[M::process] read 101658 sequences (10000024 bp)...
[M::mem_process_seqs] Processed 102034 reads in 18.875 CPU sec, 20.085 real sec
[M::process] read 101858 sequences (10000192 bp)...
[M::mem_process_seqs] Processed 101658 reads in 18.096 CPU sec, 18.774 real sec
[M::process] read 101632 sequences (10000063 bp)...
[M::mem_process_seqs] Processed 101858 reads in 19.864 CPU sec, 20.970 real sec
[M::process] read 99842 sequences (10000060 bp)...
[M::mem_process_seqs] Processed 101632 reads in 18.334 CPU sec, 19.561 real sec
[M::process] read 101364 sequences (10000114 bp)...
[M::mem_process_seqs] Processed 99842 reads in 21.483 CPU sec, 22.731 real sec
[M::process] read 101954 sequences (10000255 bp)...
[M::mem_process_seqs] Processed 101364 reads in 17.778 CPU sec, 18.414 real sec
[M::process] read 101654 sequences (10000086 bp)...
[M::mem_process_seqs] Processed 101954 reads in 18.341 CPU sec, 18.746 real sec
[M::process] read 101140 sequences (10000059 bp)...
[M::mem_process_seqs] Processed 101654 reads in 19.681 CPU sec, 20.363 real sec
[M::process] read 100964 sequences (10000042 bp)...
[M::mem_process_seqs] Processed 101140 reads in 18.770 CPU sec, 19.028 real sec
[M::process] read 101632 sequences (10000072 bp)...
[M::mem_process_seqs] Processed 100964 reads in 19.537 CPU sec, 20.201 real sec
[M::process] read 101354 sequences (10000125 bp)...
[M::mem_process_seqs] Processed 101632 reads in 20.104 CPU sec, 20.560 real sec
[M::process] read 102334 sequences (10000007 bp)...
[M::mem_process_seqs] Processed 101354 reads in 17.092 CPU sec, 17.720 real sec
[M::process] read 102324 sequences (10000198 bp)...
[M::mem_process_seqs] Processed 102334 reads in 18.571 CPU sec, 19.037 real sec
[M::process] read 102164 sequences (10000042 bp)...
[M::mem_process_seqs] Processed 102324 reads in 17.499 CPU sec, 18.076 real sec
[M::process] read 100316 sequences (10000272 bp)...
[M::mem_process_seqs] Processed 102164 reads in 18.645 CPU sec, 19.794 real sec
[M::process] read 101724 sequences (10000163 bp)...
[M::mem_process_seqs] Processed 100316 reads in 18.158 CPU sec, 19.281 real sec
[M::process] read 98966 sequences (10000082 bp)...
[M::mem_process_seqs] Processed 101724 reads in 20.128 CPU sec, 20.529 real sec
[M::process] read 102148 sequences (10000156 bp)...
[M::mem_process_seqs] Processed 98966 reads in 18.828 CPU sec, 19.560 real sec
[M::process] read 102040 sequences (10000151 bp)...
[M::mem_process_seqs] Processed 102148 reads in 17.993 CPU sec, 18.778 real sec
[M::process] read 101644 sequences (10000122 bp)...
[M::mem_process_seqs] Processed 102040 reads in 18.046 CPU sec, 19.375 real sec
[M::process] read 101748 sequences (10000188 bp)...
[M::mem_process_seqs] Processed 101644 reads in 19.770 CPU sec, 20.257 real sec
[M::process] read 102350 sequences (10000052 bp)...
[M::mem_process_seqs] Processed 101748 reads in 19.374 CPU sec, 19.620 real sec
[M::process] read 101562 sequences (10000071 bp)...
[M::mem_process_seqs] Processed 102350 reads in 18.022 CPU sec, 18.716 real sec
[M::process] read 101846 sequences (10000080 bp)...
[M::mem_process_seqs] Processed 101562 reads in 18.799 CPU sec, 19.497 real sec
[M::process] read 102284 sequences (10000158 bp)...
[M::mem_process_seqs] Processed 101846 reads in 19.610 CPU sec, 20.102 real sec
[M::process] read 101314 sequences (10000050 bp)...
[M::mem_process_seqs] Processed 102284 reads in 16.735 CPU sec, 18.154 real sec
[M::process] read 102176 sequences (10000147 bp)...
[M::mem_process_seqs] Processed 101314 reads in 17.677 CPU sec, 18.558 real sec
[M::process] read 101958 sequences (10000005 bp)...
[M::mem_process_seqs] Processed 102176 reads in 17.526 CPU sec, 17.857 real sec
[M::process] read 101232 sequences (10000029 bp)...
[M::mem_process_seqs] Processed 101958 reads in 17.906 CPU sec, 18.573 real sec
[M::process] read 101764 sequences (10000106 bp)...
[M::mem_process_seqs] Processed 101232 reads in 17.555 CPU sec, 17.624 real sec
[M::process] read 101800 sequences (10000169 bp)...
[M::mem_process_seqs] Processed 101764 reads in 17.516 CPU sec, 18.613 real sec
[M::process] read 102006 sequences (10000094 bp)...
[M::mem_process_seqs] Processed 101800 reads in 18.704 CPU sec, 19.863 real sec
[M::process] read 101712 sequences (10000223 bp)...
[M::mem_process_seqs] Processed 102006 reads in 17.880 CPU sec, 18.422 real sec
[M::process] read 101576 sequences (10000076 bp)...
[M::mem_process_seqs] Processed 101712 reads in 18.306 CPU sec, 19.128 real sec
[M::process] read 101836 sequences (10000096 bp)...
[M::mem_process_seqs] Processed 101576 reads in 20.380 CPU sec, 20.818 real sec
[M::process] read 102276 sequences (10000133 bp)...
[M::mem_process_seqs] Processed 101836 reads in 17.567 CPU sec, 19.301 real sec
[M::process] read 102326 sequences (10000110 bp)...
[M::mem_process_seqs] Processed 102276 reads in 18.355 CPU sec, 19.042 real sec
[M::process] read 101858 sequences (10000060 bp)...
[M::mem_process_seqs] Processed 102326 reads in 18.276 CPU sec, 19.575 real sec
[M::process] read 102130 sequences (10000015 bp)...
[M::mem_process_seqs] Processed 101858 reads in 18.398 CPU sec, 19.306 real sec
[M::process] read 101418 sequences (10000129 bp)...
[M::mem_process_seqs] Processed 102130 reads in 18.034 CPU sec, 19.061 real sec
[M::process] read 102174 sequences (10000026 bp)...
[M::mem_process_seqs] Processed 101418 reads in 17.517 CPU sec, 17.985 real sec
[M::process] read 101806 sequences (10000217 bp)...
[M::mem_process_seqs] Processed 102174 reads in 17.964 CPU sec, 18.687 real sec
[M::process] read 102262 sequences (10000131 bp)...
[M::mem_process_seqs] Processed 101806 reads in 18.945 CPU sec, 20.279 real sec
[M::process] read 101866 sequences (10000126 bp)...
[M::mem_process_seqs] Processed 102262 reads in 19.038 CPU sec, 19.552 real sec
[M::process] read 102102 sequences (10000075 bp)...
[M::mem_process_seqs] Processed 101866 reads in 18.025 CPU sec, 18.789 real sec
[M::process] read 102064 sequences (10000171 bp)...
[M::mem_process_seqs] Processed 102102 reads in 18.191 CPU sec, 18.970 real sec
[M::process] read 101110 sequences (10000166 bp)...
[M::mem_process_seqs] Processed 102064 reads in 18.648 CPU sec, 19.344 real sec
[M::process] read 102244 sequences (10000016 bp)...
[M::mem_process_seqs] Processed 101110 reads in 18.520 CPU sec, 19.207 real sec
[M::process] read 99366 sequences (10000017 bp)...
[M::mem_process_seqs] Processed 102244 reads in 17.760 CPU sec, 19.049 real sec
[M::process] read 102136 sequences (10000081 bp)...
[M::mem_process_seqs] Processed 99366 reads in 21.540 CPU sec, 22.242 real sec
[M::process] read 101910 sequences (10000137 bp)...
[M::mem_process_seqs] Processed 102136 reads in 21.236 CPU sec, 21.805 real sec
[M::process] read 102164 sequences (10000136 bp)...
[M::mem_process_seqs] Processed 101910 reads in 19.101 CPU sec, 19.832 real sec
[M::process] read 102004 sequences (10000181 bp)...
[M::mem_process_seqs] Processed 102164 reads in 18.438 CPU sec, 18.642 real sec
[M::process] read 102450 sequences (10000048 bp)...
[M::mem_process_seqs] Processed 102004 reads in 19.326 CPU sec, 20.535 real sec
[M::process] read 103214 sequences (10000108 bp)...
[M::mem_process_seqs] Processed 102450 reads in 17.745 CPU sec, 18.445 real sec
[M::process] read 101046 sequences (10000038 bp)...
[M::mem_process_seqs] Processed 103214 reads in 17.668 CPU sec, 18.237 real sec
[M::process] read 101946 sequences (10000113 bp)...
[M::mem_process_seqs] Processed 101046 reads in 17.954 CPU sec, 18.689 real sec
[M::process] read 101416 sequences (10000031 bp)...
[M::mem_process_seqs] Processed 101946 reads in 19.068 CPU sec, 20.780 real sec
[M::process] read 102314 sequences (10000275 bp)...
[M::mem_process_seqs] Processed 101416 reads in 19.275 CPU sec, 19.350 real sec
[M::process] read 102082 sequences (10000048 bp)...
[M::mem_process_seqs] Processed 102314 reads in 18.173 CPU sec, 18.993 real sec
[M::process] read 101562 sequences (10000016 bp)...
[M::mem_process_seqs] Processed 102082 reads in 19.686 CPU sec, 20.530 real sec
[M::process] read 101622 sequences (10000039 bp)...
[M::mem_process_seqs] Processed 101562 reads in 20.839 CPU sec, 21.150 real sec
[M::process] read 102080 sequences (10000114 bp)...
[M::mem_process_seqs] Processed 101622 reads in 19.719 CPU sec, 19.754 real sec
[M::process] read 101836 sequences (10000113 bp)...
[M::mem_process_seqs] Processed 102080 reads in 19.463 CPU sec, 19.785 real sec
[M::process] read 102146 sequences (10000095 bp)...
[M::mem_process_seqs] Processed 101836 reads in 17.286 CPU sec, 17.821 real sec
[M::process] read 101182 sequences (10000131 bp)...
[M::mem_process_seqs] Processed 102146 reads in 17.244 CPU sec, 17.727 real sec
[M::process] read 101074 sequences (10000112 bp)...
[M::mem_process_seqs] Processed 101182 reads in 18.285 CPU sec, 18.692 real sec
[M::process] read 102018 sequences (10000110 bp)...
[M::mem_process_seqs] Processed 101074 reads in 20.967 CPU sec, 22.310 real sec
[M::process] read 101640 sequences (10000216 bp)...
[M::mem_process_seqs] Processed 102018 reads in 19.467 CPU sec, 20.546 real sec
[M::process] read 101576 sequences (10000026 bp)...
[M::mem_process_seqs] Processed 101640 reads in 20.554 CPU sec, 21.102 real sec
[M::process] read 101580 sequences (10000047 bp)...
[M::mem_process_seqs] Processed 101576 reads in 18.086 CPU sec, 19.418 real sec
[M::process] read 101284 sequences (10000013 bp)...
[M::mem_process_seqs] Processed 101580 reads in 18.764 CPU sec, 19.496 real sec
[M::process] read 101008 sequences (10000133 bp)...
[M::mem_process_seqs] Processed 101284 reads in 18.764 CPU sec, 19.749 real sec
[M::process] read 101488 sequences (10000094 bp)...
[M::mem_process_seqs] Processed 101008 reads in 18.455 CPU sec, 18.775 real sec
[M::process] read 102070 sequences (10000049 bp)...
[M::mem_process_seqs] Processed 101488 reads in 18.723 CPU sec, 19.396 real sec
[M::process] read 101806 sequences (10000197 bp)...
[M::mem_process_seqs] Processed 102070 reads in 18.226 CPU sec, 18.765 real sec
[M::process] read 101862 sequences (10000147 bp)...
[M::mem_process_seqs] Processed 101806 reads in 18.181 CPU sec, 18.706 real sec
[M::process] read 101562 sequences (10000047 bp)...
[M::mem_process_seqs] Processed 101862 reads in 17.553 CPU sec, 19.239 real sec
[M::process] read 101660 sequences (10000230 bp)...
[M::mem_process_seqs] Processed 101562 reads in 20.037 CPU sec, 20.479 real sec
[M::process] read 102082 sequences (10000011 bp)...
[M::mem_process_seqs] Processed 101660 reads in 20.135 CPU sec, 21.432 real sec
[M::process] read 95656 sequences (10000029 bp)...
[M::mem_process_seqs] Processed 102082 reads in 18.301 CPU sec, 19.006 real sec
[M::process] read 80230 sequences (10000243 bp)...
[M::mem_process_seqs] Processed 95656 reads in 15.323 CPU sec, 15.824 real sec
[M::process] read 100902 sequences (10000084 bp)...
[M::mem_process_seqs] Processed 80230 reads in 6.575 CPU sec, 6.479 real sec
[M::process] read 101940 sequences (10000185 bp)...
[M::mem_process_seqs] Processed 100902 reads in 16.908 CPU sec, 17.104 real sec
[M::process] read 101874 sequences (10000067 bp)...
[M::mem_process_seqs] Processed 101940 reads in 19.401 CPU sec, 20.183 real sec
[M::process] read 102138 sequences (10000173 bp)...
[M::mem_process_seqs] Processed 101874 reads in 17.531 CPU sec, 17.868 real sec
[M::process] read 101610 sequences (10000153 bp)...
[M::mem_process_seqs] Processed 102138 reads in 18.410 CPU sec, 19.267 real sec
[M::process] read 101554 sequences (10000210 bp)...
[M::mem_process_seqs] Processed 101610 reads in 17.597 CPU sec, 18.085 real sec
[M::process] read 101710 sequences (10000093 bp)...
[M::mem_process_seqs] Processed 101554 reads in 18.984 CPU sec, 19.491 real sec
[M::process] read 101778 sequences (10000016 bp)...
[M::mem_process_seqs] Processed 101710 reads in 18.364 CPU sec, 19.284 real sec
[M::process] read 101776 sequences (10000045 bp)...
[M::mem_process_seqs] Processed 101778 reads in 18.680 CPU sec, 18.958 real sec
[M::process] read 101542 sequences (10000111 bp)...
[M::mem_process_seqs] Processed 101776 reads in 21.134 CPU sec, 22.333 real sec
[M::process] read 102108 sequences (10000080 bp)...
[M::mem_process_seqs] Processed 101542 reads in 19.794 CPU sec, 20.728 real sec
[M::process] read 102284 sequences (10000117 bp)...
[M::mem_process_seqs] Processed 102108 reads in 17.386 CPU sec, 17.880 real sec
[M::process] read 101926 sequences (10000110 bp)...
[M::mem_process_seqs] Processed 102284 reads in 17.650 CPU sec, 19.089 real sec
[M::process] read 100070 sequences (10000134 bp)...
[M::mem_process_seqs] Processed 101926 reads in 17.580 CPU sec, 18.510 real sec
[M::process] read 101130 sequences (10000136 bp)...
[M::mem_process_seqs] Processed 100070 reads in 19.846 CPU sec, 20.443 real sec
[M::process] read 102334 sequences (10000166 bp)...
[M::mem_process_seqs] Processed 101130 reads in 20.008 CPU sec, 20.766 real sec
[M::process] read 101672 sequences (10000121 bp)...
[M::mem_process_seqs] Processed 102334 reads in 19.310 CPU sec, 20.749 real sec
[M::process] read 101494 sequences (10000040 bp)...
[M::mem_process_seqs] Processed 101672 reads in 19.447 CPU sec, 20.812 real sec
[M::process] read 102026 sequences (10000166 bp)...
[M::mem_process_seqs] Processed 101494 reads in 19.281 CPU sec, 19.642 real sec
[M::process] read 101292 sequences (10000109 bp)...
[M::mem_process_seqs] Processed 102026 reads in 18.238 CPU sec, 19.959 real sec
[M::process] read 100458 sequences (10000229 bp)...
[M::mem_process_seqs] Processed 101292 reads in 18.322 CPU sec, 19.509 real sec
[M::process] read 101854 sequences (10000120 bp)...
[M::mem_process_seqs] Processed 100458 reads in 22.970 CPU sec, 25.282 real sec
[M::process] read 102274 sequences (10000052 bp)...
[M::mem_process_seqs] Processed 101854 reads in 18.709 CPU sec, 20.669 real sec
[M::process] read 101678 sequences (10000287 bp)...
[M::mem_process_seqs] Processed 102274 reads in 18.348 CPU sec, 18.823 real sec
[M::process] read 101350 sequences (10000037 bp)...
[M::mem_process_seqs] Processed 101678 reads in 18.615 CPU sec, 19.844 real sec
[M::process] read 100606 sequences (10000014 bp)...
[M::mem_process_seqs] Processed 101350 reads in 19.842 CPU sec, 20.664 real sec
[M::process] read 101654 sequences (10000018 bp)...
[M::mem_process_seqs] Processed 100606 reads in 16.313 CPU sec, 17.106 real sec
[M::process] read 102396 sequences (10000118 bp)...
[M::mem_process_seqs] Processed 101654 reads in 17.996 CPU sec, 18.802 real sec
[M::process] read 100736 sequences (10000183 bp)...
[M::mem_process_seqs] Processed 102396 reads in 17.516 CPU sec, 18.352 real sec
[M::process] read 100932 sequences (10000036 bp)...
[M::mem_process_seqs] Processed 100736 reads in 18.394 CPU sec, 18.424 real sec
[M::process] read 101100 sequences (10000129 bp)...
[M::mem_process_seqs] Processed 100932 reads in 20.723 CPU sec, 21.092 real sec
[M::process] read 102042 sequences (10000081 bp)...
[M::mem_process_seqs] Processed 101100 reads in 17.726 CPU sec, 17.558 real sec
[M::process] read 102410 sequences (10000060 bp)...
[M::mem_process_seqs] Processed 102042 reads in 18.126 CPU sec, 18.183 real sec
[M::process] read 101924 sequences (10000292 bp)...
[M::mem_process_seqs] Processed 102410 reads in 19.405 CPU sec, 20.536 real sec
[M::process] read 102314 sequences (10000014 bp)...
[M::mem_process_seqs] Processed 101924 reads in 18.055 CPU sec, 18.402 real sec
[M::process] read 100786 sequences (10000123 bp)...
[M::mem_process_seqs] Processed 102314 reads in 18.466 CPU sec, 19.065 real sec
[M::process] read 102132 sequences (10000009 bp)...
[M::mem_process_seqs] Processed 100786 reads in 17.894 CPU sec, 18.165 real sec
[M::process] read 102944 sequences (10000168 bp)...
[M::mem_process_seqs] Processed 102132 reads in 18.254 CPU sec, 18.745 real sec
[M::process] read 101800 sequences (10000056 bp)...
[M::mem_process_seqs] Processed 102944 reads in 18.734 CPU sec, 19.272 real sec
[M::process] read 102174 sequences (10000073 bp)...
[M::mem_process_seqs] Processed 101800 reads in 18.045 CPU sec, 18.659 real sec
[M::process] read 102010 sequences (10000050 bp)...
[M::mem_process_seqs] Processed 102174 reads in 18.715 CPU sec, 19.770 real sec
[M::process] read 101724 sequences (10000052 bp)...
[M::mem_process_seqs] Processed 102010 reads in 17.437 CPU sec, 18.188 real sec
[M::process] read 101946 sequences (10000148 bp)...
[M::mem_process_seqs] Processed 101724 reads in 18.124 CPU sec, 18.200 real sec
[M::process] read 101198 sequences (10000224 bp)...
[M::mem_process_seqs] Processed 101946 reads in 17.337 CPU sec, 17.848 real sec
[M::process] read 102290 sequences (10000026 bp)...
[M::mem_process_seqs] Processed 101198 reads in 17.163 CPU sec, 17.984 real sec
[M::process] read 101694 sequences (10000162 bp)...
[M::mem_process_seqs] Processed 102290 reads in 18.101 CPU sec, 18.517 real sec
[M::process] read 101558 sequences (10000100 bp)...
[M::mem_process_seqs] Processed 101694 reads in 18.069 CPU sec, 19.810 real sec
[M::process] read 101028 sequences (10000092 bp)...
[M::mem_process_seqs] Processed 101558 reads in 20.474 CPU sec, 20.864 real sec
[M::process] read 101270 sequences (10000035 bp)...
[M::mem_process_seqs] Processed 101028 reads in 17.997 CPU sec, 18.876 real sec
[M::process] read 101360 sequences (10000085 bp)...
[M::mem_process_seqs] Processed 101270 reads in 17.237 CPU sec, 18.065 real sec
[M::process] read 101342 sequences (10000057 bp)...
[M::mem_process_seqs] Processed 101360 reads in 20.464 CPU sec, 21.427 real sec
[M::process] read 102360 sequences (10000191 bp)...
[M::mem_process_seqs] Processed 101342 reads in 20.482 CPU sec, 21.664 real sec
[M::process] read 102242 sequences (10000010 bp)...
[M::mem_process_seqs] Processed 102360 reads in 19.232 CPU sec, 20.770 real sec
[M::process] read 101216 sequences (10000107 bp)...
[M::mem_process_seqs] Processed 102242 reads in 18.614 CPU sec, 19.623 real sec
[M::process] read 102072 sequences (10000099 bp)...
[M::mem_process_seqs] Processed 101216 reads in 19.855 CPU sec, 20.101 real sec
[M::process] read 101334 sequences (10000002 bp)...
[M::mem_process_seqs] Processed 102072 reads in 17.627 CPU sec, 18.040 real sec
[M::process] read 101502 sequences (10000051 bp)...
[M::mem_process_seqs] Processed 101334 reads in 19.362 CPU sec, 20.459 real sec
[M::process] read 102356 sequences (10000175 bp)...
[M::mem_process_seqs] Processed 101502 reads in 20.636 CPU sec, 20.898 real sec
[M::process] read 100838 sequences (10000144 bp)...
[M::mem_process_seqs] Processed 102356 reads in 17.188 CPU sec, 17.999 real sec
[M::process] read 102416 sequences (10000046 bp)...
[M::mem_process_seqs] Processed 100838 reads in 18.798 CPU sec, 19.822 real sec
[M::process] read 95288 sequences (10000051 bp)...
[M::mem_process_seqs] Processed 102416 reads in 17.705 CPU sec, 18.289 real sec
[M::process] read 102332 sequences (10000153 bp)...
[M::mem_process_seqs] Processed 95288 reads in 16.620 CPU sec, 16.985 real sec
[M::process] read 101468 sequences (10000065 bp)...
[M::mem_process_seqs] Processed 102332 reads in 17.518 CPU sec, 18.438 real sec
[M::process] read 101030 sequences (10000040 bp)...
[M::mem_process_seqs] Processed 101468 reads in 18.394 CPU sec, 18.725 real sec
[M::process] read 101176 sequences (10000050 bp)...
[M::mem_process_seqs] Processed 101030 reads in 20.067 CPU sec, 20.262 real sec
[M::process] read 100620 sequences (10000125 bp)...
[M::mem_process_seqs] Processed 101176 reads in 19.835 CPU sec, 20.417 real sec
[M::process] read 102088 sequences (10000047 bp)...
[M::mem_process_seqs] Processed 100620 reads in 19.372 CPU sec, 19.997 real sec
[M::process] read 101740 sequences (10000092 bp)...
[M::mem_process_seqs] Processed 102088 reads in 18.417 CPU sec, 18.718 real sec
[M::process] read 102024 sequences (10000051 bp)...
[M::mem_process_seqs] Processed 101740 reads in 20.701 CPU sec, 21.146 real sec
[M::process] read 101896 sequences (10000080 bp)...
[M::mem_process_seqs] Processed 102024 reads in 17.685 CPU sec, 18.053 real sec
[M::process] read 102602 sequences (10000042 bp)...
[M::mem_process_seqs] Processed 101896 reads in 19.721 CPU sec, 20.229 real sec
[M::process] read 100768 sequences (10000158 bp)...
[M::mem_process_seqs] Processed 102602 reads in 17.228 CPU sec, 17.451 real sec
[M::process] read 101654 sequences (10000073 bp)...
[M::mem_process_seqs] Processed 100768 reads in 19.463 CPU sec, 19.829 real sec
[M::process] read 101812 sequences (10000191 bp)...
[M::mem_process_seqs] Processed 101654 reads in 17.422 CPU sec, 17.757 real sec
[M::process] read 101916 sequences (10000038 bp)...
[M::mem_process_seqs] Processed 101812 reads in 17.914 CPU sec, 18.288 real sec
[M::process] read 101180 sequences (10000208 bp)...
[M::mem_process_seqs] Processed 101916 reads in 18.457 CPU sec, 19.002 real sec
[M::process] read 53178 sequences (5236135 bp)...
[M::mem_process_seqs] Processed 101180 reads in 20.188 CPU sec, 20.591 real sec
[M::mem_process_seqs] Processed 53178 reads in 9.937 CPU sec, 10.409 real sec
[main] Version: 0.7.17-r1188
[main] CMD: bwa mem -L 5 -I 533.109,60.1675,613,366 -t 1 -a -M -T 30 -A 1 -B 4 -O 6 -R @RG\tID:Aen-AHam_054-AeA01054_CKDL210012719-1a-AK8587-AK2587_HF5TCDSX2_L1_clmp_fp2_repr\tSM:Aen-AHam_054-AeA01054_CKDL210012719-1a-AK8587-AK2587_HF5TCDSX2_L1_clmp_fp2_repr\tPL:Illumina reference.rad.baited-6-6.fasta Aen-AHam_054-AeA01054_CKDL210012719-1a-AK8587-AK2587_HF5TCDSX2_L1_clmp_fp2_repr.R1.fq.gz Aen-AHam_054-AeA01054_CKDL210012719-1a-AK8587-AK2587_HF5TCDSX2_L1_clmp_fp2_repr.R2.fq.gz
[main] Real time: 4779.790 sec; CPU: 4577.103 sec
