[M::main_mem] mean insert size: 533.109, stddev: 60.167, max: 613, min: 366
[M::bwa_idx_load_from_disk] read 0 ALT contigs
[M::process] read 74392 sequences (10000066 bp)...
[M::process] read 74212 sequences (10000131 bp)...
[M::mem_process_seqs] Processed 74392 reads in 26.317 CPU sec, 27.516 real sec
[M::process] read 69936 sequences (10000169 bp)...
[M::mem_process_seqs] Processed 74212 reads in 26.435 CPU sec, 27.121 real sec
[M::process] read 72210 sequences (10000041 bp)...
[M::mem_process_seqs] Processed 69936 reads in 13.795 CPU sec, 14.490 real sec
[M::process] read 74034 sequences (10000077 bp)...
[M::mem_process_seqs] Processed 72210 reads in 19.300 CPU sec, 20.225 real sec
[M::process] read 73992 sequences (10000143 bp)...
[M::mem_process_seqs] Processed 74034 reads in 26.035 CPU sec, 26.595 real sec
[M::process] read 74140 sequences (10000170 bp)...
[M::mem_process_seqs] Processed 73992 reads in 25.724 CPU sec, 26.926 real sec
[M::process] read 74068 sequences (10000289 bp)...
[M::mem_process_seqs] Processed 74140 reads in 27.001 CPU sec, 28.289 real sec
[M::process] read 73996 sequences (10000073 bp)...
[M::mem_process_seqs] Processed 74068 reads in 26.199 CPU sec, 27.261 real sec
[M::process] read 74050 sequences (10000046 bp)...
[M::mem_process_seqs] Processed 73996 reads in 32.054 CPU sec, 32.756 real sec
[M::process] read 74352 sequences (10000058 bp)...
[M::mem_process_seqs] Processed 74050 reads in 24.583 CPU sec, 25.142 real sec
[M::process] read 73878 sequences (10000228 bp)...
[M::mem_process_seqs] Processed 74352 reads in 32.677 CPU sec, 33.913 real sec
[M::process] read 73762 sequences (10000117 bp)...
[M::mem_process_seqs] Processed 73878 reads in 30.371 CPU sec, 31.519 real sec
[M::process] read 74282 sequences (10000133 bp)...
[M::mem_process_seqs] Processed 73762 reads in 27.077 CPU sec, 27.891 real sec
[M::process] read 72620 sequences (10000205 bp)...
[M::mem_process_seqs] Processed 74282 reads in 34.571 CPU sec, 36.933 real sec
[M::process] read 73962 sequences (10000228 bp)...
[M::mem_process_seqs] Processed 72620 reads in 20.170 CPU sec, 20.782 real sec
[M::process] read 73968 sequences (10000101 bp)...
[M::mem_process_seqs] Processed 73962 reads in 24.224 CPU sec, 25.683 real sec
[M::process] read 73866 sequences (10000252 bp)...
[M::mem_process_seqs] Processed 73968 reads in 28.167 CPU sec, 29.194 real sec
[M::process] read 73910 sequences (10000014 bp)...
[M::mem_process_seqs] Processed 73866 reads in 25.173 CPU sec, 25.568 real sec
[M::process] read 73894 sequences (10000007 bp)...
[M::mem_process_seqs] Processed 73910 reads in 27.750 CPU sec, 28.642 real sec
[M::process] read 73842 sequences (10000226 bp)...
[M::mem_process_seqs] Processed 73894 reads in 26.602 CPU sec, 28.281 real sec
[M::process] read 73780 sequences (10000015 bp)...
[M::mem_process_seqs] Processed 73842 reads in 34.220 CPU sec, 36.274 real sec
[M::process] read 73912 sequences (10000075 bp)...
[M::mem_process_seqs] Processed 73780 reads in 25.511 CPU sec, 26.368 real sec
[M::process] read 68660 sequences (10000197 bp)...
[M::mem_process_seqs] Processed 73912 reads in 26.911 CPU sec, 28.466 real sec
[M::process] read 74144 sequences (10000071 bp)...
[M::mem_process_seqs] Processed 68660 reads in 9.723 CPU sec, 10.941 real sec
[M::process] read 73874 sequences (10000132 bp)...
[M::mem_process_seqs] Processed 74144 reads in 25.625 CPU sec, 25.943 real sec
[M::process] read 73858 sequences (10000036 bp)...
[M::mem_process_seqs] Processed 73874 reads in 23.156 CPU sec, 24.503 real sec
[M::process] read 73880 sequences (10000033 bp)...
[M::mem_process_seqs] Processed 73858 reads in 28.061 CPU sec, 30.299 real sec
[M::process] read 74392 sequences (10000083 bp)...
[M::mem_process_seqs] Processed 73880 reads in 31.416 CPU sec, 33.503 real sec
[M::process] read 74104 sequences (10000177 bp)...
[M::mem_process_seqs] Processed 74392 reads in 26.716 CPU sec, 28.491 real sec
[M::process] read 74096 sequences (10000059 bp)...
[M::mem_process_seqs] Processed 74104 reads in 27.074 CPU sec, 28.109 real sec
[M::process] read 73860 sequences (10000038 bp)...
[M::mem_process_seqs] Processed 74096 reads in 25.453 CPU sec, 26.233 real sec
[M::process] read 73836 sequences (10000093 bp)...
[M::mem_process_seqs] Processed 73860 reads in 31.519 CPU sec, 33.550 real sec
[M::process] read 74174 sequences (10000129 bp)...
[M::mem_process_seqs] Processed 73836 reads in 24.579 CPU sec, 25.700 real sec
[M::process] read 73768 sequences (10000127 bp)...
[M::mem_process_seqs] Processed 74174 reads in 27.707 CPU sec, 28.680 real sec
[M::process] read 73762 sequences (10000150 bp)...
[M::mem_process_seqs] Processed 73768 reads in 26.615 CPU sec, 28.073 real sec
[M::process] read 74100 sequences (10000072 bp)...
[M::mem_process_seqs] Processed 73762 reads in 26.726 CPU sec, 27.460 real sec
[M::process] read 74068 sequences (10000142 bp)...
[M::mem_process_seqs] Processed 74100 reads in 26.255 CPU sec, 27.454 real sec
[M::process] read 74176 sequences (10000215 bp)...
[M::mem_process_seqs] Processed 74068 reads in 26.722 CPU sec, 28.679 real sec
[M::process] read 73678 sequences (10000251 bp)...
[M::mem_process_seqs] Processed 74176 reads in 24.922 CPU sec, 25.651 real sec
[M::process] read 73852 sequences (10000181 bp)...
[M::mem_process_seqs] Processed 73678 reads in 25.501 CPU sec, 26.329 real sec
[M::process] read 74034 sequences (10000294 bp)...
[M::mem_process_seqs] Processed 73852 reads in 25.564 CPU sec, 26.337 real sec
[M::process] read 74436 sequences (10000063 bp)...
[M::mem_process_seqs] Processed 74034 reads in 25.496 CPU sec, 26.599 real sec
[M::process] read 73886 sequences (10000082 bp)...
[M::mem_process_seqs] Processed 74436 reads in 27.511 CPU sec, 29.708 real sec
[M::process] read 74192 sequences (10000241 bp)...
[M::mem_process_seqs] Processed 73886 reads in 25.991 CPU sec, 26.659 real sec
[M::process] read 73802 sequences (10000070 bp)...
[M::mem_process_seqs] Processed 74192 reads in 33.609 CPU sec, 35.425 real sec
[M::process] read 73728 sequences (10000090 bp)...
[M::mem_process_seqs] Processed 73802 reads in 28.033 CPU sec, 29.307 real sec
[M::process] read 74162 sequences (10000142 bp)...
[M::mem_process_seqs] Processed 73728 reads in 28.248 CPU sec, 29.338 real sec
[M::process] read 73762 sequences (10000197 bp)...
[M::mem_process_seqs] Processed 74162 reads in 26.954 CPU sec, 28.142 real sec
[M::process] read 74302 sequences (10000238 bp)...
[M::mem_process_seqs] Processed 73762 reads in 31.393 CPU sec, 33.329 real sec
[M::process] read 74094 sequences (10000141 bp)...
[M::mem_process_seqs] Processed 74302 reads in 24.723 CPU sec, 26.723 real sec
[M::process] read 74016 sequences (10000027 bp)...
[M::mem_process_seqs] Processed 74094 reads in 25.344 CPU sec, 26.094 real sec
[M::process] read 73942 sequences (10000186 bp)...
[M::mem_process_seqs] Processed 74016 reads in 32.800 CPU sec, 34.078 real sec
[M::process] read 74310 sequences (10000108 bp)...
[M::mem_process_seqs] Processed 73942 reads in 27.625 CPU sec, 28.870 real sec
[M::process] read 74028 sequences (10000000 bp)...
[M::mem_process_seqs] Processed 74310 reads in 24.834 CPU sec, 25.600 real sec
[M::process] read 74162 sequences (10000081 bp)...
[M::mem_process_seqs] Processed 74028 reads in 27.336 CPU sec, 28.613 real sec
[M::process] read 73836 sequences (10000276 bp)...
[M::mem_process_seqs] Processed 74162 reads in 25.569 CPU sec, 26.876 real sec
[M::process] read 74622 sequences (10000183 bp)...
[M::mem_process_seqs] Processed 73836 reads in 24.765 CPU sec, 25.881 real sec
[M::process] read 73784 sequences (10000063 bp)...
[M::mem_process_seqs] Processed 74622 reads in 26.310 CPU sec, 28.731 real sec
[M::process] read 74042 sequences (10000137 bp)...
[M::mem_process_seqs] Processed 73784 reads in 25.523 CPU sec, 26.238 real sec
[M::process] read 74700 sequences (10000136 bp)...
[M::mem_process_seqs] Processed 74042 reads in 30.666 CPU sec, 33.422 real sec
[M::process] read 73842 sequences (10000164 bp)...
[M::mem_process_seqs] Processed 74700 reads in 29.987 CPU sec, 30.486 real sec
[M::process] read 74218 sequences (10000226 bp)...
[M::mem_process_seqs] Processed 73842 reads in 24.206 CPU sec, 25.471 real sec
[M::process] read 73896 sequences (10000079 bp)...
[M::mem_process_seqs] Processed 74218 reads in 30.051 CPU sec, 31.114 real sec
[M::process] read 73916 sequences (10000277 bp)...
[M::mem_process_seqs] Processed 73896 reads in 28.928 CPU sec, 30.153 real sec
[M::process] read 74000 sequences (10000026 bp)...
[M::mem_process_seqs] Processed 73916 reads in 28.977 CPU sec, 30.278 real sec
[M::process] read 73832 sequences (10000102 bp)...
[M::mem_process_seqs] Processed 74000 reads in 24.586 CPU sec, 25.337 real sec
[M::process] read 74182 sequences (10000051 bp)...
[M::mem_process_seqs] Processed 73832 reads in 27.595 CPU sec, 28.307 real sec
[M::process] read 74032 sequences (10000184 bp)...
[M::mem_process_seqs] Processed 74182 reads in 27.174 CPU sec, 28.088 real sec
[M::process] read 73868 sequences (10000018 bp)...
[M::mem_process_seqs] Processed 74032 reads in 26.259 CPU sec, 27.161 real sec
[M::process] read 73954 sequences (10000084 bp)...
[M::mem_process_seqs] Processed 73868 reads in 26.363 CPU sec, 26.605 real sec
[M::process] read 71342 sequences (10000149 bp)...
[M::mem_process_seqs] Processed 73954 reads in 25.568 CPU sec, 26.207 real sec
[M::process] read 74040 sequences (10000066 bp)...
[M::mem_process_seqs] Processed 71342 reads in 18.678 CPU sec, 19.335 real sec
[M::process] read 74122 sequences (10000118 bp)...
[M::mem_process_seqs] Processed 74040 reads in 26.292 CPU sec, 26.688 real sec
[M::process] read 74056 sequences (10000032 bp)...
[M::mem_process_seqs] Processed 74122 reads in 26.502 CPU sec, 27.179 real sec
[M::process] read 74216 sequences (10000207 bp)...
[M::mem_process_seqs] Processed 74056 reads in 25.591 CPU sec, 26.251 real sec
[M::process] read 74036 sequences (10000003 bp)...
[M::mem_process_seqs] Processed 74216 reads in 30.664 CPU sec, 31.830 real sec
[M::process] read 73978 sequences (10000167 bp)...
[M::mem_process_seqs] Processed 74036 reads in 26.821 CPU sec, 27.031 real sec
[M::process] read 74020 sequences (10000072 bp)...
[M::mem_process_seqs] Processed 73978 reads in 26.015 CPU sec, 26.253 real sec
[M::process] read 73808 sequences (10000154 bp)...
[M::mem_process_seqs] Processed 74020 reads in 24.308 CPU sec, 25.663 real sec
[M::process] read 74112 sequences (10000273 bp)...
[M::mem_process_seqs] Processed 73808 reads in 29.234 CPU sec, 29.822 real sec
[M::process] read 73752 sequences (10000263 bp)...
[M::mem_process_seqs] Processed 74112 reads in 26.516 CPU sec, 27.441 real sec
[M::process] read 74014 sequences (10000012 bp)...
[M::mem_process_seqs] Processed 73752 reads in 26.737 CPU sec, 27.586 real sec
[M::process] read 74142 sequences (10000009 bp)...
[M::mem_process_seqs] Processed 74014 reads in 29.010 CPU sec, 30.438 real sec
[M::process] read 74190 sequences (10000079 bp)...
[M::mem_process_seqs] Processed 74142 reads in 27.620 CPU sec, 29.166 real sec
[M::process] read 73882 sequences (10000249 bp)...
[M::mem_process_seqs] Processed 74190 reads in 26.084 CPU sec, 26.383 real sec
[M::process] read 73838 sequences (10000073 bp)...
[M::mem_process_seqs] Processed 73882 reads in 26.600 CPU sec, 27.562 real sec
[M::process] read 74068 sequences (10000036 bp)...
[M::mem_process_seqs] Processed 73838 reads in 27.259 CPU sec, 28.398 real sec
[M::process] read 74064 sequences (10000281 bp)...
[M::mem_process_seqs] Processed 74068 reads in 25.618 CPU sec, 27.207 real sec
[M::process] read 74302 sequences (10000091 bp)...
[M::mem_process_seqs] Processed 74064 reads in 26.005 CPU sec, 26.873 real sec
[M::process] read 73742 sequences (10000078 bp)...
[M::mem_process_seqs] Processed 74302 reads in 30.119 CPU sec, 30.941 real sec
[M::process] read 73294 sequences (10000154 bp)...
[M::mem_process_seqs] Processed 73742 reads in 25.970 CPU sec, 27.249 real sec
[M::process] read 73886 sequences (10000105 bp)...
[M::mem_process_seqs] Processed 73294 reads in 25.299 CPU sec, 26.937 real sec
[M::process] read 73780 sequences (10000161 bp)...
[M::mem_process_seqs] Processed 73886 reads in 25.827 CPU sec, 26.060 real sec
[M::process] read 74208 sequences (10000082 bp)...
[M::mem_process_seqs] Processed 73780 reads in 27.835 CPU sec, 28.576 real sec
[M::process] read 74090 sequences (10000142 bp)...
[M::mem_process_seqs] Processed 74208 reads in 30.449 CPU sec, 30.761 real sec
[M::process] read 73878 sequences (10000014 bp)...
[M::mem_process_seqs] Processed 74090 reads in 26.409 CPU sec, 27.839 real sec
[M::process] read 74180 sequences (10000099 bp)...
[M::mem_process_seqs] Processed 73878 reads in 26.533 CPU sec, 26.842 real sec
[M::process] read 73696 sequences (10000157 bp)...
[M::mem_process_seqs] Processed 74180 reads in 27.627 CPU sec, 28.230 real sec
[M::process] read 73954 sequences (10000112 bp)...
[M::mem_process_seqs] Processed 73696 reads in 28.197 CPU sec, 28.693 real sec
[M::process] read 73884 sequences (10000272 bp)...
[M::mem_process_seqs] Processed 73954 reads in 27.579 CPU sec, 28.661 real sec
[M::process] read 73946 sequences (10000171 bp)...
[M::mem_process_seqs] Processed 73884 reads in 26.933 CPU sec, 27.407 real sec
[M::process] read 73940 sequences (10000150 bp)...
[M::mem_process_seqs] Processed 73946 reads in 28.653 CPU sec, 29.045 real sec
[M::process] read 74178 sequences (10000164 bp)...
[M::mem_process_seqs] Processed 73940 reads in 24.724 CPU sec, 24.690 real sec
[M::process] read 74200 sequences (10000049 bp)...
[M::mem_process_seqs] Processed 74178 reads in 26.124 CPU sec, 26.297 real sec
[M::process] read 74154 sequences (10000150 bp)...
[M::mem_process_seqs] Processed 74200 reads in 24.550 CPU sec, 24.571 real sec
[M::process] read 42768 sequences (5878434 bp)...
[M::mem_process_seqs] Processed 74154 reads in 25.114 CPU sec, 26.808 real sec
[M::mem_process_seqs] Processed 42768 reads in 14.133 CPU sec, 14.502 real sec
[main] Version: 0.7.17-r1188
[main] CMD: bwa mem -L 5 -I 533.109,60.1675,613,366 -t 1 -a -M -T 30 -A 1 -B 4 -O 6 -R @RG\tID:Aen-Cbat_015-AeC01015_CKDL210012719-1a-AK7078-AK7557_HF5TCDSX2_L1_clmp_fp2_repr\tSM:Aen-Cbat_015-AeC01015_CKDL210012719-1a-AK7078-AK7557_HF5TCDSX2_L1_clmp_fp2_repr\tPL:Illumina reference.rad.baited-6-6.fasta Aen-Cbat_015-AeC01015_CKDL210012719-1a-AK7078-AK7557_HF5TCDSX2_L1_clmp_fp2_repr.R1.fq.gz Aen-Cbat_015-AeC01015_CKDL210012719-1a-AK7078-AK7557_HF5TCDSX2_L1_clmp_fp2_repr.R2.fq.gz
[main] Real time: 2957.125 sec; CPU: 2844.626 sec
