[M::main_mem] mean insert size: 533.109, stddev: 60.167, max: 613, min: 366
[M::bwa_idx_load_from_disk] read 0 ALT contigs
[M::process] read 99922 sequences (10000103 bp)...
[M::process] read 99628 sequences (10000199 bp)...
[M::mem_process_seqs] Processed 99922 reads in 18.035 CPU sec, 19.110 real sec
[M::process] read 100182 sequences (10000060 bp)...
[M::mem_process_seqs] Processed 99628 reads in 18.388 CPU sec, 18.898 real sec
[M::process] read 99908 sequences (10000158 bp)...
[M::mem_process_seqs] Processed 100182 reads in 18.850 CPU sec, 19.269 real sec
[M::process] read 100060 sequences (10000074 bp)...
[M::mem_process_seqs] Processed 99908 reads in 18.251 CPU sec, 18.489 real sec
[M::process] read 101994 sequences (10000121 bp)...
[M::mem_process_seqs] Processed 100060 reads in 18.470 CPU sec, 19.117 real sec
[M::process] read 100054 sequences (10000013 bp)...
[M::mem_process_seqs] Processed 101994 reads in 16.917 CPU sec, 17.442 real sec
[M::process] read 88114 sequences (10000253 bp)...
[M::mem_process_seqs] Processed 100054 reads in 19.124 CPU sec, 19.820 real sec
[M::process] read 76078 sequences (10000138 bp)...
[M::mem_process_seqs] Processed 88114 reads in 11.150 CPU sec, 11.744 real sec
[M::process] read 74288 sequences (10000160 bp)...
[M::mem_process_seqs] Processed 76078 reads in 6.959 CPU sec, 7.125 real sec
[M::process] read 80244 sequences (10000262 bp)...
[M::mem_process_seqs] Processed 74288 reads in 6.867 CPU sec, 7.019 real sec
[M::process] read 98872 sequences (10000054 bp)...
[M::mem_process_seqs] Processed 80244 reads in 6.449 CPU sec, 6.553 real sec
[M::process] read 98352 sequences (10000147 bp)...
[M::mem_process_seqs] Processed 98872 reads in 18.209 CPU sec, 19.357 real sec
[M::process] read 99976 sequences (10000135 bp)...
[M::mem_process_seqs] Processed 98352 reads in 18.953 CPU sec, 19.578 real sec
[M::process] read 99656 sequences (10000021 bp)...
[M::mem_process_seqs] Processed 99976 reads in 18.508 CPU sec, 20.778 real sec
[M::process] read 98372 sequences (10000101 bp)...
[M::mem_process_seqs] Processed 99656 reads in 18.526 CPU sec, 20.367 real sec
[M::process] read 99656 sequences (10000092 bp)...
[M::mem_process_seqs] Processed 98372 reads in 18.564 CPU sec, 19.149 real sec
[M::process] read 99502 sequences (10000026 bp)...
[M::mem_process_seqs] Processed 99656 reads in 19.770 CPU sec, 21.194 real sec
[M::process] read 99690 sequences (10000037 bp)...
[M::mem_process_seqs] Processed 99502 reads in 21.614 CPU sec, 22.323 real sec
[M::process] read 99892 sequences (10000111 bp)...
[M::mem_process_seqs] Processed 99690 reads in 18.498 CPU sec, 18.829 real sec
[M::process] read 97986 sequences (10000050 bp)...
[M::mem_process_seqs] Processed 99892 reads in 18.516 CPU sec, 20.134 real sec
[M::process] read 99564 sequences (10000075 bp)...
[M::mem_process_seqs] Processed 97986 reads in 26.743 CPU sec, 28.909 real sec
[M::process] read 99764 sequences (10000003 bp)...
[M::mem_process_seqs] Processed 99564 reads in 19.555 CPU sec, 21.196 real sec
[M::process] read 98428 sequences (10000024 bp)...
[M::mem_process_seqs] Processed 99764 reads in 19.157 CPU sec, 20.722 real sec
[M::process] read 100268 sequences (10000083 bp)...
[M::mem_process_seqs] Processed 98428 reads in 28.430 CPU sec, 30.354 real sec
[M::process] read 99594 sequences (10000207 bp)...
[M::mem_process_seqs] Processed 100268 reads in 18.157 CPU sec, 18.320 real sec
[M::process] read 99700 sequences (10000078 bp)...
[M::mem_process_seqs] Processed 99594 reads in 20.006 CPU sec, 21.649 real sec
[M::process] read 99654 sequences (10000184 bp)...
[M::mem_process_seqs] Processed 99700 reads in 19.406 CPU sec, 19.785 real sec
[M::process] read 100112 sequences (10000190 bp)...
[M::mem_process_seqs] Processed 99654 reads in 20.975 CPU sec, 22.636 real sec
[M::process] read 100218 sequences (10000001 bp)...
[M::mem_process_seqs] Processed 100112 reads in 19.544 CPU sec, 20.983 real sec
[M::process] read 99788 sequences (10000021 bp)...
[M::mem_process_seqs] Processed 100218 reads in 20.920 CPU sec, 21.974 real sec
[M::process] read 100054 sequences (10000121 bp)...
[M::mem_process_seqs] Processed 99788 reads in 19.728 CPU sec, 20.198 real sec
[M::process] read 98266 sequences (10000022 bp)...
[M::mem_process_seqs] Processed 100054 reads in 18.899 CPU sec, 21.126 real sec
[M::process] read 99746 sequences (10000014 bp)...
[M::mem_process_seqs] Processed 98266 reads in 23.779 CPU sec, 25.091 real sec
[M::process] read 99778 sequences (10000060 bp)...
[M::mem_process_seqs] Processed 99746 reads in 19.632 CPU sec, 21.241 real sec
[M::process] read 99752 sequences (10000186 bp)...
[M::mem_process_seqs] Processed 99778 reads in 18.313 CPU sec, 19.400 real sec
[M::process] read 99946 sequences (10000026 bp)...
[M::mem_process_seqs] Processed 99752 reads in 22.771 CPU sec, 23.319 real sec
[M::process] read 100320 sequences (10000227 bp)...
[M::mem_process_seqs] Processed 99946 reads in 18.277 CPU sec, 19.367 real sec
[M::process] read 93728 sequences (10000201 bp)...
[M::mem_process_seqs] Processed 100320 reads in 18.891 CPU sec, 19.937 real sec
[M::process] read 95958 sequences (10000004 bp)...
[M::mem_process_seqs] Processed 93728 reads in 14.310 CPU sec, 14.749 real sec
[M::process] read 78548 sequences (10000231 bp)...
[M::mem_process_seqs] Processed 95958 reads in 16.332 CPU sec, 16.784 real sec
[M::process] read 88680 sequences (10000104 bp)...
[M::mem_process_seqs] Processed 78548 reads in 6.468 CPU sec, 6.366 real sec
[M::process] read 99570 sequences (10000120 bp)...
[M::mem_process_seqs] Processed 88680 reads in 9.570 CPU sec, 10.311 real sec
[M::process] read 99366 sequences (10000143 bp)...
[M::mem_process_seqs] Processed 99570 reads in 18.324 CPU sec, 19.875 real sec
[M::process] read 99802 sequences (10000109 bp)...
[M::mem_process_seqs] Processed 99366 reads in 17.701 CPU sec, 18.320 real sec
[M::process] read 98530 sequences (10000220 bp)...
[M::mem_process_seqs] Processed 99802 reads in 19.400 CPU sec, 20.561 real sec
[M::process] read 99588 sequences (10000036 bp)...
[M::mem_process_seqs] Processed 98530 reads in 17.119 CPU sec, 18.092 real sec
[M::process] read 99774 sequences (10000231 bp)...
[M::mem_process_seqs] Processed 99588 reads in 19.615 CPU sec, 20.067 real sec
[M::process] read 99794 sequences (10000185 bp)...
[M::mem_process_seqs] Processed 99774 reads in 18.431 CPU sec, 18.982 real sec
[M::process] read 99014 sequences (10000077 bp)...
[M::mem_process_seqs] Processed 99794 reads in 19.278 CPU sec, 19.636 real sec
[M::process] read 100096 sequences (10000040 bp)...
[M::mem_process_seqs] Processed 99014 reads in 17.260 CPU sec, 18.062 real sec
[M::process] read 100240 sequences (10000004 bp)...
[M::mem_process_seqs] Processed 100096 reads in 18.403 CPU sec, 18.879 real sec
[M::process] read 98312 sequences (10000085 bp)...
[M::mem_process_seqs] Processed 100240 reads in 17.600 CPU sec, 18.202 real sec
[M::process] read 99354 sequences (10000122 bp)...
[M::mem_process_seqs] Processed 98312 reads in 16.846 CPU sec, 17.404 real sec
[M::process] read 99434 sequences (10000129 bp)...
[M::mem_process_seqs] Processed 99354 reads in 21.052 CPU sec, 21.414 real sec
[M::process] read 99174 sequences (10000052 bp)...
[M::mem_process_seqs] Processed 99434 reads in 18.534 CPU sec, 18.875 real sec
[M::process] read 99816 sequences (10000083 bp)...
[M::mem_process_seqs] Processed 99174 reads in 18.845 CPU sec, 19.079 real sec
[M::process] read 100040 sequences (10000046 bp)...
[M::mem_process_seqs] Processed 99816 reads in 18.909 CPU sec, 19.420 real sec
[M::process] read 95354 sequences (10000139 bp)...
[M::mem_process_seqs] Processed 100040 reads in 19.224 CPU sec, 19.848 real sec
[M::process] read 98476 sequences (10000130 bp)...
[M::mem_process_seqs] Processed 95354 reads in 15.322 CPU sec, 15.330 real sec
[M::process] read 100028 sequences (10000089 bp)...
[M::mem_process_seqs] Processed 98476 reads in 17.167 CPU sec, 18.112 real sec
[M::process] read 99890 sequences (10000040 bp)...
[M::mem_process_seqs] Processed 100028 reads in 18.299 CPU sec, 18.642 real sec
[M::process] read 100418 sequences (10000035 bp)...
[M::mem_process_seqs] Processed 99890 reads in 18.733 CPU sec, 19.174 real sec
[M::process] read 76936 sequences (10000177 bp)...
[M::mem_process_seqs] Processed 100418 reads in 18.680 CPU sec, 19.927 real sec
[M::process] read 74594 sequences (10000201 bp)...
[M::mem_process_seqs] Processed 76936 reads in 8.006 CPU sec, 8.017 real sec
[M::process] read 96124 sequences (10000147 bp)...
[M::mem_process_seqs] Processed 74594 reads in 6.435 CPU sec, 6.609 real sec
[M::process] read 96802 sequences (10000042 bp)...
[M::mem_process_seqs] Processed 96124 reads in 16.215 CPU sec, 16.761 real sec
[M::process] read 98928 sequences (10000201 bp)...
[M::mem_process_seqs] Processed 96802 reads in 16.195 CPU sec, 16.640 real sec
[M::process] read 99272 sequences (10000039 bp)...
[M::mem_process_seqs] Processed 98928 reads in 23.484 CPU sec, 24.544 real sec
[M::process] read 100086 sequences (10000062 bp)...
[M::mem_process_seqs] Processed 99272 reads in 17.871 CPU sec, 18.762 real sec
[M::process] read 99906 sequences (10000171 bp)...
[M::mem_process_seqs] Processed 100086 reads in 18.644 CPU sec, 19.368 real sec
[M::process] read 99614 sequences (10000122 bp)...
[M::mem_process_seqs] Processed 99906 reads in 18.511 CPU sec, 19.088 real sec
[M::process] read 99382 sequences (10000083 bp)...
[M::mem_process_seqs] Processed 99614 reads in 20.415 CPU sec, 21.556 real sec
[M::process] read 100208 sequences (10000184 bp)...
[M::mem_process_seqs] Processed 99382 reads in 18.650 CPU sec, 19.322 real sec
[M::process] read 99742 sequences (10000101 bp)...
[M::mem_process_seqs] Processed 100208 reads in 20.185 CPU sec, 20.711 real sec
[M::process] read 99230 sequences (10000170 bp)...
[M::mem_process_seqs] Processed 99742 reads in 19.690 CPU sec, 20.758 real sec
[M::process] read 100788 sequences (10000124 bp)...
[M::mem_process_seqs] Processed 99230 reads in 17.447 CPU sec, 17.943 real sec
[M::process] read 99900 sequences (10000046 bp)...
[M::mem_process_seqs] Processed 100788 reads in 16.738 CPU sec, 17.117 real sec
[M::process] read 100064 sequences (10000005 bp)...
[M::mem_process_seqs] Processed 99900 reads in 19.454 CPU sec, 20.323 real sec
[M::process] read 100094 sequences (10000025 bp)...
[M::mem_process_seqs] Processed 100064 reads in 17.804 CPU sec, 18.601 real sec
[M::process] read 99702 sequences (10000042 bp)...
[M::mem_process_seqs] Processed 100094 reads in 17.210 CPU sec, 17.642 real sec
[M::process] read 99414 sequences (10000025 bp)...
[M::mem_process_seqs] Processed 99702 reads in 19.890 CPU sec, 21.057 real sec
[M::process] read 100166 sequences (10000048 bp)...
[M::mem_process_seqs] Processed 99414 reads in 18.118 CPU sec, 18.463 real sec
[M::process] read 98674 sequences (10000291 bp)...
[M::mem_process_seqs] Processed 100166 reads in 19.225 CPU sec, 20.636 real sec
[M::process] read 100254 sequences (10000120 bp)...
[M::mem_process_seqs] Processed 98674 reads in 17.878 CPU sec, 18.914 real sec
[M::process] read 99992 sequences (10000082 bp)...
[M::mem_process_seqs] Processed 100254 reads in 17.869 CPU sec, 17.955 real sec
[M::process] read 100180 sequences (10000077 bp)...
[M::mem_process_seqs] Processed 99992 reads in 17.891 CPU sec, 18.798 real sec
[M::process] read 98984 sequences (10000227 bp)...
[M::mem_process_seqs] Processed 100180 reads in 17.936 CPU sec, 19.012 real sec
[M::process] read 99470 sequences (10000176 bp)...
[M::mem_process_seqs] Processed 98984 reads in 19.941 CPU sec, 20.450 real sec
[M::process] read 99624 sequences (10000222 bp)...
[M::mem_process_seqs] Processed 99470 reads in 18.010 CPU sec, 18.673 real sec
[M::process] read 100234 sequences (10000236 bp)...
[M::mem_process_seqs] Processed 99624 reads in 18.151 CPU sec, 19.116 real sec
[M::process] read 99828 sequences (10000116 bp)...
[M::mem_process_seqs] Processed 100234 reads in 17.836 CPU sec, 18.155 real sec
[M::process] read 97452 sequences (10000049 bp)...
[M::mem_process_seqs] Processed 99828 reads in 20.092 CPU sec, 20.533 real sec
[M::process] read 99324 sequences (10000019 bp)...
[M::mem_process_seqs] Processed 97452 reads in 17.799 CPU sec, 17.868 real sec
[M::process] read 99408 sequences (10000104 bp)...
[M::mem_process_seqs] Processed 99324 reads in 18.306 CPU sec, 18.710 real sec
[M::process] read 99316 sequences (10000019 bp)...
[M::mem_process_seqs] Processed 99408 reads in 19.083 CPU sec, 19.749 real sec
[M::process] read 100222 sequences (10000007 bp)...
[M::mem_process_seqs] Processed 99316 reads in 19.141 CPU sec, 20.700 real sec
[M::process] read 99688 sequences (10000123 bp)...
[M::mem_process_seqs] Processed 100222 reads in 17.971 CPU sec, 18.644 real sec
[M::process] read 99590 sequences (10000010 bp)...
[M::mem_process_seqs] Processed 99688 reads in 18.522 CPU sec, 18.561 real sec
[M::process] read 99530 sequences (10000187 bp)...
[M::mem_process_seqs] Processed 99590 reads in 18.416 CPU sec, 19.309 real sec
[M::process] read 99502 sequences (10000043 bp)...
[M::mem_process_seqs] Processed 99530 reads in 19.429 CPU sec, 20.009 real sec
[M::process] read 98138 sequences (10000299 bp)...
[M::mem_process_seqs] Processed 99502 reads in 17.506 CPU sec, 18.457 real sec
[M::process] read 99672 sequences (10000009 bp)...
[M::mem_process_seqs] Processed 98138 reads in 20.757 CPU sec, 21.626 real sec
[M::process] read 99554 sequences (10000176 bp)...
[M::mem_process_seqs] Processed 99672 reads in 17.604 CPU sec, 18.704 real sec
[M::process] read 99682 sequences (10000225 bp)...
[M::mem_process_seqs] Processed 99554 reads in 17.131 CPU sec, 17.385 real sec
[M::process] read 99524 sequences (10000077 bp)...
[M::mem_process_seqs] Processed 99682 reads in 19.469 CPU sec, 19.796 real sec
[M::process] read 99208 sequences (10000147 bp)...
[M::mem_process_seqs] Processed 99524 reads in 17.870 CPU sec, 18.733 real sec
[M::process] read 99652 sequences (10000077 bp)...
[M::mem_process_seqs] Processed 99208 reads in 19.275 CPU sec, 19.938 real sec
[M::process] read 98920 sequences (10000080 bp)...
[M::mem_process_seqs] Processed 99652 reads in 19.123 CPU sec, 19.409 real sec
[M::process] read 100258 sequences (10000020 bp)...
[M::mem_process_seqs] Processed 98920 reads in 17.266 CPU sec, 18.150 real sec
[M::process] read 100080 sequences (10000098 bp)...
[M::mem_process_seqs] Processed 100258 reads in 18.588 CPU sec, 18.770 real sec
[M::process] read 100400 sequences (10000051 bp)...
[M::mem_process_seqs] Processed 100080 reads in 17.873 CPU sec, 18.551 real sec
[M::process] read 99698 sequences (10000079 bp)...
[M::mem_process_seqs] Processed 100400 reads in 18.536 CPU sec, 19.176 real sec
[M::process] read 98944 sequences (10000126 bp)...
[M::mem_process_seqs] Processed 99698 reads in 17.997 CPU sec, 18.253 real sec
[M::process] read 99146 sequences (10000023 bp)...
[M::mem_process_seqs] Processed 98944 reads in 19.220 CPU sec, 20.072 real sec
[M::process] read 97926 sequences (10000175 bp)...
[M::mem_process_seqs] Processed 99146 reads in 20.800 CPU sec, 21.641 real sec
[M::process] read 100142 sequences (10000036 bp)...
[M::mem_process_seqs] Processed 97926 reads in 19.036 CPU sec, 19.580 real sec
[M::process] read 99914 sequences (10000031 bp)...
[M::mem_process_seqs] Processed 100142 reads in 17.251 CPU sec, 18.174 real sec
[M::process] read 99478 sequences (10000031 bp)...
[M::mem_process_seqs] Processed 99914 reads in 19.504 CPU sec, 20.586 real sec
[M::process] read 99960 sequences (10000192 bp)...
[M::mem_process_seqs] Processed 99478 reads in 18.294 CPU sec, 18.404 real sec
[M::process] read 100600 sequences (10000007 bp)...
[M::mem_process_seqs] Processed 99960 reads in 18.761 CPU sec, 18.824 real sec
[M::process] read 99806 sequences (10000121 bp)...
[M::mem_process_seqs] Processed 100600 reads in 17.874 CPU sec, 18.362 real sec
[M::process] read 99688 sequences (10000133 bp)...
[M::mem_process_seqs] Processed 99806 reads in 18.385 CPU sec, 18.877 real sec
[M::process] read 99838 sequences (10000194 bp)...
[M::mem_process_seqs] Processed 99688 reads in 19.801 CPU sec, 19.960 real sec
[M::process] read 99606 sequences (10000134 bp)...
[M::mem_process_seqs] Processed 99838 reads in 17.523 CPU sec, 18.103 real sec
[M::process] read 99972 sequences (10000083 bp)...
[M::mem_process_seqs] Processed 99606 reads in 17.919 CPU sec, 18.308 real sec
[M::process] read 100120 sequences (10000121 bp)...
[M::mem_process_seqs] Processed 99972 reads in 17.679 CPU sec, 18.489 real sec
[M::process] read 99762 sequences (10000023 bp)...
[M::mem_process_seqs] Processed 100120 reads in 18.169 CPU sec, 18.619 real sec
[M::process] read 99406 sequences (10000135 bp)...
[M::mem_process_seqs] Processed 99762 reads in 18.331 CPU sec, 18.960 real sec
[M::process] read 99138 sequences (10000049 bp)...
[M::mem_process_seqs] Processed 99406 reads in 17.970 CPU sec, 18.980 real sec
[M::process] read 99576 sequences (10000139 bp)...
[M::mem_process_seqs] Processed 99138 reads in 18.105 CPU sec, 18.794 real sec
[M::process] read 99962 sequences (10000023 bp)...
[M::mem_process_seqs] Processed 99576 reads in 19.625 CPU sec, 21.328 real sec
[M::process] read 99402 sequences (10000161 bp)...
[M::mem_process_seqs] Processed 99962 reads in 19.114 CPU sec, 19.326 real sec
[M::process] read 99640 sequences (10000001 bp)...
[M::mem_process_seqs] Processed 99402 reads in 18.860 CPU sec, 19.970 real sec
[M::process] read 99634 sequences (10000143 bp)...
[M::mem_process_seqs] Processed 99640 reads in 20.094 CPU sec, 20.990 real sec
[M::process] read 100050 sequences (10000131 bp)...
[M::mem_process_seqs] Processed 99634 reads in 17.087 CPU sec, 17.632 real sec
[M::process] read 100622 sequences (10000052 bp)...
[M::mem_process_seqs] Processed 100050 reads in 17.751 CPU sec, 18.232 real sec
[M::process] read 99904 sequences (10000187 bp)...
[M::mem_process_seqs] Processed 100622 reads in 18.016 CPU sec, 18.991 real sec
[M::process] read 100092 sequences (10000183 bp)...
[M::mem_process_seqs] Processed 99904 reads in 18.204 CPU sec, 18.630 real sec
[M::process] read 99388 sequences (10000042 bp)...
[M::mem_process_seqs] Processed 100092 reads in 18.787 CPU sec, 20.629 real sec
[M::process] read 99804 sequences (10000146 bp)...
[M::mem_process_seqs] Processed 99388 reads in 18.253 CPU sec, 19.270 real sec
[M::process] read 99962 sequences (10000025 bp)...
[M::mem_process_seqs] Processed 99804 reads in 18.194 CPU sec, 19.042 real sec
[M::process] read 99852 sequences (10000027 bp)...
[M::mem_process_seqs] Processed 99962 reads in 17.828 CPU sec, 18.593 real sec
[M::process] read 99720 sequences (10000072 bp)...
[M::mem_process_seqs] Processed 99852 reads in 19.575 CPU sec, 20.684 real sec
[M::process] read 99804 sequences (10000022 bp)...
[M::mem_process_seqs] Processed 99720 reads in 18.181 CPU sec, 19.066 real sec
[M::process] read 99980 sequences (10000193 bp)...
[M::mem_process_seqs] Processed 99804 reads in 18.454 CPU sec, 19.369 real sec
[M::process] read 100100 sequences (10000232 bp)...
[M::mem_process_seqs] Processed 99980 reads in 17.816 CPU sec, 18.579 real sec
[M::process] read 98776 sequences (10000102 bp)...
[M::mem_process_seqs] Processed 100100 reads in 17.378 CPU sec, 17.450 real sec
[M::process] read 100258 sequences (10000100 bp)...
[M::mem_process_seqs] Processed 98776 reads in 19.615 CPU sec, 20.810 real sec
[M::process] read 97556 sequences (10000086 bp)...
[M::mem_process_seqs] Processed 100258 reads in 17.856 CPU sec, 18.864 real sec
[M::process] read 99756 sequences (10000197 bp)...
[M::mem_process_seqs] Processed 97556 reads in 20.724 CPU sec, 20.977 real sec
[M::process] read 99406 sequences (10000172 bp)...
[M::mem_process_seqs] Processed 99756 reads in 19.935 CPU sec, 21.079 real sec
[M::process] read 100206 sequences (10000174 bp)...
[M::mem_process_seqs] Processed 99406 reads in 19.285 CPU sec, 19.638 real sec
[M::process] read 100404 sequences (10000132 bp)...
[M::mem_process_seqs] Processed 100206 reads in 18.215 CPU sec, 18.537 real sec
[M::process] read 99606 sequences (10000089 bp)...
[M::mem_process_seqs] Processed 100404 reads in 18.947 CPU sec, 19.769 real sec
[M::process] read 100364 sequences (10000013 bp)...
[M::mem_process_seqs] Processed 99606 reads in 18.061 CPU sec, 18.160 real sec
[M::process] read 100416 sequences (10000144 bp)...
[M::mem_process_seqs] Processed 100364 reads in 18.110 CPU sec, 19.203 real sec
[M::process] read 99392 sequences (10000192 bp)...
[M::mem_process_seqs] Processed 100416 reads in 17.057 CPU sec, 17.626 real sec
[M::process] read 99744 sequences (10000033 bp)...
[M::mem_process_seqs] Processed 99392 reads in 17.738 CPU sec, 18.054 real sec
[M::process] read 99692 sequences (10000044 bp)...
[M::mem_process_seqs] Processed 99744 reads in 18.398 CPU sec, 19.595 real sec
[M::process] read 100518 sequences (10000160 bp)...
[M::mem_process_seqs] Processed 99692 reads in 19.079 CPU sec, 19.582 real sec
[M::process] read 99678 sequences (10000095 bp)...
[M::mem_process_seqs] Processed 100518 reads in 18.838 CPU sec, 19.615 real sec
[M::process] read 99260 sequences (10000046 bp)...
[M::mem_process_seqs] Processed 99678 reads in 19.303 CPU sec, 20.395 real sec
[M::process] read 99740 sequences (10000218 bp)...
[M::mem_process_seqs] Processed 99260 reads in 21.511 CPU sec, 22.614 real sec
[M::process] read 99976 sequences (10000192 bp)...
[M::mem_process_seqs] Processed 99740 reads in 19.883 CPU sec, 20.874 real sec
[M::process] read 99368 sequences (10000065 bp)...
[M::mem_process_seqs] Processed 99976 reads in 18.386 CPU sec, 19.569 real sec
[M::process] read 100000 sequences (10000121 bp)...
[M::mem_process_seqs] Processed 99368 reads in 17.428 CPU sec, 18.881 real sec
[M::process] read 98664 sequences (10000138 bp)...
[M::mem_process_seqs] Processed 100000 reads in 17.805 CPU sec, 18.246 real sec
[M::process] read 99634 sequences (10000227 bp)...
[M::mem_process_seqs] Processed 98664 reads in 19.071 CPU sec, 18.988 real sec
[M::process] read 99568 sequences (10000153 bp)...
[M::mem_process_seqs] Processed 99634 reads in 20.320 CPU sec, 21.599 real sec
[M::process] read 99554 sequences (10000021 bp)...
[M::mem_process_seqs] Processed 99568 reads in 20.384 CPU sec, 20.797 real sec
[M::process] read 99548 sequences (10000145 bp)...
[M::mem_process_seqs] Processed 99554 reads in 19.638 CPU sec, 20.191 real sec
[M::process] read 99928 sequences (10000014 bp)...
[M::mem_process_seqs] Processed 99548 reads in 19.106 CPU sec, 21.006 real sec
[M::process] read 99044 sequences (10000282 bp)...
[M::mem_process_seqs] Processed 99928 reads in 18.294 CPU sec, 19.130 real sec
[M::process] read 99766 sequences (10000092 bp)...
[M::mem_process_seqs] Processed 99044 reads in 19.407 CPU sec, 20.310 real sec
[M::process] read 99626 sequences (10000144 bp)...
[M::mem_process_seqs] Processed 99766 reads in 18.388 CPU sec, 19.702 real sec
[M::process] read 99316 sequences (10000074 bp)...
[M::mem_process_seqs] Processed 99626 reads in 19.571 CPU sec, 20.005 real sec
[M::process] read 100214 sequences (10000164 bp)...
[M::mem_process_seqs] Processed 99316 reads in 17.972 CPU sec, 18.099 real sec
[M::process] read 99550 sequences (10000018 bp)...
[M::mem_process_seqs] Processed 100214 reads in 18.471 CPU sec, 19.882 real sec
[M::process] read 99778 sequences (10000115 bp)...
[M::mem_process_seqs] Processed 99550 reads in 17.888 CPU sec, 18.051 real sec
[M::process] read 99520 sequences (10000164 bp)...
[M::mem_process_seqs] Processed 99778 reads in 18.379 CPU sec, 19.002 real sec
[M::process] read 99700 sequences (10000054 bp)...
[M::mem_process_seqs] Processed 99520 reads in 20.065 CPU sec, 20.763 real sec
[M::process] read 99998 sequences (10000024 bp)...
[M::mem_process_seqs] Processed 99700 reads in 19.321 CPU sec, 20.170 real sec
[M::process] read 96370 sequences (10000163 bp)...
[M::mem_process_seqs] Processed 99998 reads in 17.791 CPU sec, 18.591 real sec
[M::process] read 78026 sequences (10000004 bp)...
[M::mem_process_seqs] Processed 96370 reads in 17.621 CPU sec, 18.063 real sec
[M::process] read 97186 sequences (10000173 bp)...
[M::mem_process_seqs] Processed 78026 reads in 6.803 CPU sec, 6.630 real sec
[M::process] read 99608 sequences (10000060 bp)...
[M::mem_process_seqs] Processed 97186 reads in 15.400 CPU sec, 16.093 real sec
[M::process] read 99650 sequences (10000066 bp)...
[M::mem_process_seqs] Processed 99608 reads in 19.875 CPU sec, 20.578 real sec
[M::process] read 99838 sequences (10000038 bp)...
[M::mem_process_seqs] Processed 99650 reads in 18.382 CPU sec, 18.850 real sec
[M::process] read 99728 sequences (10000033 bp)...
[M::mem_process_seqs] Processed 99838 reads in 18.172 CPU sec, 18.310 real sec
[M::process] read 100066 sequences (10000178 bp)...
[M::mem_process_seqs] Processed 99728 reads in 17.143 CPU sec, 17.575 real sec
[M::process] read 99462 sequences (10000166 bp)...
[M::mem_process_seqs] Processed 100066 reads in 17.674 CPU sec, 18.838 real sec
[M::process] read 99906 sequences (10000268 bp)...
[M::mem_process_seqs] Processed 99462 reads in 19.202 CPU sec, 20.489 real sec
[M::process] read 99374 sequences (10000108 bp)...
[M::mem_process_seqs] Processed 99906 reads in 18.619 CPU sec, 19.627 real sec
[M::process] read 99718 sequences (10000074 bp)...
[M::mem_process_seqs] Processed 99374 reads in 18.891 CPU sec, 18.798 real sec
[M::process] read 99422 sequences (10000093 bp)...
[M::mem_process_seqs] Processed 99718 reads in 21.605 CPU sec, 22.735 real sec
[M::process] read 99932 sequences (10000051 bp)...
[M::mem_process_seqs] Processed 99422 reads in 19.866 CPU sec, 21.235 real sec
[M::process] read 100014 sequences (10000186 bp)...
[M::mem_process_seqs] Processed 99932 reads in 18.582 CPU sec, 19.855 real sec
[M::process] read 99856 sequences (10000140 bp)...
[M::mem_process_seqs] Processed 100014 reads in 18.109 CPU sec, 19.468 real sec
[M::process] read 98830 sequences (10000189 bp)...
[M::mem_process_seqs] Processed 99856 reads in 17.812 CPU sec, 18.582 real sec
[M::process] read 98450 sequences (10000065 bp)...
[M::mem_process_seqs] Processed 98830 reads in 17.934 CPU sec, 18.883 real sec
[M::process] read 100266 sequences (10000051 bp)...
[M::mem_process_seqs] Processed 98450 reads in 20.711 CPU sec, 21.508 real sec
[M::process] read 99730 sequences (10000110 bp)...
[M::mem_process_seqs] Processed 100266 reads in 18.343 CPU sec, 19.161 real sec
[M::process] read 100064 sequences (10000071 bp)...
[M::mem_process_seqs] Processed 99730 reads in 19.282 CPU sec, 19.459 real sec
[M::process] read 99420 sequences (10000219 bp)...
[M::mem_process_seqs] Processed 100064 reads in 19.247 CPU sec, 19.613 real sec
[M::process] read 99818 sequences (10000082 bp)...
[M::mem_process_seqs] Processed 99420 reads in 19.199 CPU sec, 20.297 real sec
[M::process] read 99584 sequences (10000014 bp)...
[M::mem_process_seqs] Processed 99818 reads in 17.892 CPU sec, 18.733 real sec
[M::process] read 98712 sequences (10000031 bp)...
[M::mem_process_seqs] Processed 99584 reads in 18.046 CPU sec, 18.976 real sec
[M::process] read 99908 sequences (10000149 bp)...
[M::mem_process_seqs] Processed 98712 reads in 22.512 CPU sec, 23.385 real sec
[M::process] read 100250 sequences (10000016 bp)...
[M::mem_process_seqs] Processed 99908 reads in 19.131 CPU sec, 19.515 real sec
[M::process] read 99798 sequences (10000082 bp)...
[M::mem_process_seqs] Processed 100250 reads in 18.022 CPU sec, 18.853 real sec
[M::process] read 98866 sequences (10000093 bp)...
[M::mem_process_seqs] Processed 99798 reads in 18.104 CPU sec, 18.252 real sec
[M::process] read 98316 sequences (10000007 bp)...
[M::mem_process_seqs] Processed 98866 reads in 19.553 CPU sec, 20.219 real sec
[M::process] read 99564 sequences (10000110 bp)...
[M::mem_process_seqs] Processed 98316 reads in 16.160 CPU sec, 16.649 real sec
[M::process] read 99750 sequences (10000188 bp)...
[M::mem_process_seqs] Processed 99564 reads in 17.651 CPU sec, 17.958 real sec
[M::process] read 100094 sequences (10000007 bp)...
[M::mem_process_seqs] Processed 99750 reads in 18.557 CPU sec, 19.106 real sec
[M::process] read 98326 sequences (10000035 bp)...
[M::mem_process_seqs] Processed 100094 reads in 17.876 CPU sec, 17.790 real sec
[M::process] read 98922 sequences (10000068 bp)...
[M::mem_process_seqs] Processed 98326 reads in 18.702 CPU sec, 18.682 real sec
[M::process] read 100062 sequences (10000097 bp)...
[M::mem_process_seqs] Processed 98922 reads in 20.355 CPU sec, 20.399 real sec
[M::process] read 100098 sequences (10000271 bp)...
[M::mem_process_seqs] Processed 100062 reads in 18.283 CPU sec, 18.809 real sec
[M::process] read 100210 sequences (10000174 bp)...
[M::mem_process_seqs] Processed 100098 reads in 18.383 CPU sec, 18.739 real sec
[M::process] read 99942 sequences (10000054 bp)...
[M::mem_process_seqs] Processed 100210 reads in 18.003 CPU sec, 18.461 real sec
[M::process] read 100230 sequences (10000148 bp)...
[M::mem_process_seqs] Processed 99942 reads in 18.009 CPU sec, 18.046 real sec
[M::process] read 99330 sequences (10000013 bp)...
[M::mem_process_seqs] Processed 100230 reads in 18.163 CPU sec, 18.633 real sec
[M::process] read 100000 sequences (10000164 bp)...
[M::mem_process_seqs] Processed 99330 reads in 17.858 CPU sec, 18.622 real sec
[M::process] read 100816 sequences (10000107 bp)...
[M::mem_process_seqs] Processed 100000 reads in 18.351 CPU sec, 18.265 real sec
[M::process] read 99922 sequences (10000109 bp)...
[M::mem_process_seqs] Processed 100816 reads in 18.817 CPU sec, 19.207 real sec
[M::process] read 99986 sequences (10000096 bp)...
[M::mem_process_seqs] Processed 99922 reads in 18.150 CPU sec, 18.999 real sec
[M::process] read 99884 sequences (10000001 bp)...
[M::mem_process_seqs] Processed 99986 reads in 18.762 CPU sec, 19.242 real sec
[M::process] read 99672 sequences (10000041 bp)...
[M::mem_process_seqs] Processed 99884 reads in 18.571 CPU sec, 18.957 real sec
[M::process] read 99872 sequences (10000190 bp)...
[M::mem_process_seqs] Processed 99672 reads in 19.335 CPU sec, 19.566 real sec
[M::process] read 99152 sequences (10000035 bp)...
[M::mem_process_seqs] Processed 99872 reads in 18.777 CPU sec, 19.975 real sec
[M::process] read 100004 sequences (10000216 bp)...
[M::mem_process_seqs] Processed 99152 reads in 17.446 CPU sec, 18.357 real sec
[M::process] read 99922 sequences (10000151 bp)...
[M::mem_process_seqs] Processed 100004 reads in 18.131 CPU sec, 19.039 real sec
[M::process] read 99682 sequences (10000051 bp)...
[M::mem_process_seqs] Processed 99922 reads in 18.051 CPU sec, 18.664 real sec
[M::process] read 99394 sequences (10000175 bp)...
[M::mem_process_seqs] Processed 99682 reads in 17.656 CPU sec, 18.838 real sec
[M::process] read 99646 sequences (10000091 bp)...
[M::mem_process_seqs] Processed 99394 reads in 19.400 CPU sec, 20.420 real sec
[M::process] read 99222 sequences (10000195 bp)...
[M::mem_process_seqs] Processed 99646 reads in 18.277 CPU sec, 18.904 real sec
[M::process] read 99930 sequences (10000035 bp)...
[M::mem_process_seqs] Processed 99222 reads in 18.364 CPU sec, 19.413 real sec
[M::process] read 99136 sequences (10000051 bp)...
[M::mem_process_seqs] Processed 99930 reads in 18.177 CPU sec, 19.499 real sec
[M::process] read 100664 sequences (10000086 bp)...
[M::mem_process_seqs] Processed 99136 reads in 20.681 CPU sec, 21.772 real sec
[M::process] read 100014 sequences (10000118 bp)...
[M::mem_process_seqs] Processed 100664 reads in 17.948 CPU sec, 18.525 real sec
[M::process] read 99430 sequences (10000123 bp)...
[M::mem_process_seqs] Processed 100014 reads in 18.002 CPU sec, 18.257 real sec
[M::process] read 99744 sequences (10000127 bp)...
[M::mem_process_seqs] Processed 99430 reads in 19.173 CPU sec, 20.489 real sec
[M::process] read 99834 sequences (10000033 bp)...
[M::mem_process_seqs] Processed 99744 reads in 17.951 CPU sec, 18.793 real sec
[M::process] read 99908 sequences (10000121 bp)...
[M::mem_process_seqs] Processed 99834 reads in 19.692 CPU sec, 19.977 real sec
[M::process] read 99914 sequences (10000140 bp)...
[M::mem_process_seqs] Processed 99908 reads in 20.775 CPU sec, 21.619 real sec
[M::process] read 99794 sequences (10000084 bp)...
[M::mem_process_seqs] Processed 99914 reads in 18.631 CPU sec, 19.321 real sec
[M::process] read 99562 sequences (10000187 bp)...
[M::mem_process_seqs] Processed 99794 reads in 18.511 CPU sec, 19.037 real sec
[M::process] read 94166 sequences (10000043 bp)...
[M::mem_process_seqs] Processed 99562 reads in 18.489 CPU sec, 19.221 real sec
[M::process] read 99982 sequences (10000189 bp)...
[M::mem_process_seqs] Processed 94166 reads in 15.520 CPU sec, 15.495 real sec
[M::process] read 99508 sequences (10000001 bp)...
[M::mem_process_seqs] Processed 99982 reads in 19.249 CPU sec, 19.312 real sec
[M::process] read 99948 sequences (10000181 bp)...
[M::mem_process_seqs] Processed 99508 reads in 18.284 CPU sec, 18.789 real sec
[M::process] read 98984 sequences (10000034 bp)...
[M::mem_process_seqs] Processed 99948 reads in 19.110 CPU sec, 19.877 real sec
[M::process] read 99334 sequences (10000053 bp)...
[M::mem_process_seqs] Processed 98984 reads in 20.947 CPU sec, 21.341 real sec
[M::process] read 98856 sequences (10000078 bp)...
[M::mem_process_seqs] Processed 99334 reads in 18.791 CPU sec, 19.249 real sec
[M::process] read 100094 sequences (10000218 bp)...
[M::mem_process_seqs] Processed 98856 reads in 19.849 CPU sec, 20.284 real sec
[M::process] read 99474 sequences (10000002 bp)...
[M::mem_process_seqs] Processed 100094 reads in 17.900 CPU sec, 18.388 real sec
[M::process] read 100120 sequences (10000027 bp)...
[M::mem_process_seqs] Processed 99474 reads in 20.281 CPU sec, 20.746 real sec
[M::process] read 100102 sequences (10000040 bp)...
[M::mem_process_seqs] Processed 100120 reads in 18.421 CPU sec, 19.264 real sec
[M::process] read 100060 sequences (10000010 bp)...
[M::mem_process_seqs] Processed 100102 reads in 19.574 CPU sec, 20.413 real sec
[M::process] read 100626 sequences (10000003 bp)...
[M::mem_process_seqs] Processed 100060 reads in 18.461 CPU sec, 18.920 real sec
[M::process] read 99050 sequences (10000014 bp)...
[M::mem_process_seqs] Processed 100626 reads in 17.956 CPU sec, 18.306 real sec
[M::process] read 99730 sequences (10000210 bp)...
[M::mem_process_seqs] Processed 99050 reads in 20.557 CPU sec, 20.838 real sec
[M::process] read 99610 sequences (10000124 bp)...
[M::mem_process_seqs] Processed 99730 reads in 17.732 CPU sec, 17.870 real sec
[M::process] read 99090 sequences (10000117 bp)...
[M::mem_process_seqs] Processed 99610 reads in 18.303 CPU sec, 18.836 real sec
[M::process] read 100206 sequences (10000052 bp)...
[M::mem_process_seqs] Processed 99090 reads in 19.499 CPU sec, 19.760 real sec
[M::process] read 31216 sequences (3169479 bp)...
[M::mem_process_seqs] Processed 100206 reads in 18.948 CPU sec, 19.592 real sec
[M::mem_process_seqs] Processed 31216 reads in 6.160 CPU sec, 6.320 real sec
[main] Version: 0.7.17-r1188
[main] CMD: bwa mem -L 5 -I 533.109,60.1675,613,366 -t 1 -a -M -T 30 -A 1 -B 4 -O 6 -R @RG\tID:Aen-AHam_049-AeA01049_CKDL210012719-1a-AK8587-7UDI214_HF5TCDSX2_L1_clmp_fp2_repr\tSM:Aen-AHam_049-AeA01049_CKDL210012719-1a-AK8587-7UDI214_HF5TCDSX2_L1_clmp_fp2_repr\tPL:Illumina reference.rad.baited-6-6.fasta Aen-AHam_049-AeA01049_CKDL210012719-1a-AK8587-7UDI214_HF5TCDSX2_L1_clmp_fp2_repr.R1.fq.gz Aen-AHam_049-AeA01049_CKDL210012719-1a-AK8587-7UDI214_HF5TCDSX2_L1_clmp_fp2_repr.R2.fq.gz
[main] Real time: 5101.247 sec; CPU: 4908.521 sec
