


fltrVCF.bash v4.4 -- a script to filter vcf files repeatably

Dependencies required for fltrVCF to be fully functional:
	R
		tidyverse
		gridExtra
	vcftools
	vcflib
	samtools
	perl
	mawk
	parallel
	rad_haplotyper.pl https://github.com/cbirdlab/rad_haplotyper.git
	filter_hwe_by_pop_HPC

Thu May 18 11:43:18 EDT 2023 Reading options from command line:

	Settings File:            config.fltr.ind.cssl

Thu May 18 11:43:18 EDT 2023 Reading options from config file and setting defaults
	SETTINGS are being loaded from file: 'config.fltr.ind.cssl'
	Filters are set to '01 02 03 04 14 07 05 16 15 06 11 09 10 04 13 05 16 07'
	CutoffCode is set to '.ssl.Tzo-C-0402G-R1R2-contam-noisolate'
	BAM_PATH is set to '../mkBAM'
	SCRIPT_PATH is set to '../../scripts/fltrVCF/scripts'
	VCF_FILE is set to '../mkBAM/TotalRawSNPs.ssl.Tzo-C-0402G-R1R2-contam-noisolate.vcf.gz'
	Bed file is set to '../mkBAM/mapped.ssl.Tzo-C-0402G-R1R2-contam-noisolate.bed'
	Reference genome is set to '../mkBAM/reference.ssl.Tzo-C-0402G-R1R2-contam-noisolate.fasta'
	PopMap is set to '../mkBAM/popmap.ssl.Tzo-C-0402G-R1R2-contam-noisolate'
	HWE_SCRIPT is set to '../../scripts/fltrVCF/filter_hwe_by_pop_HPC.pl'
	RADHAP_SCRIPT is set to '../../scripts/rad_haplotyper/rad_haplotyper.pl'
	Output file prefix is set to 'Tzo.A'
	The number of threads is set to '40'
	-P not set by user. Only filters that natively support parallelization will be run in parallel.
	Changing -v to existing file ../mkBAM/TotalRawSNPs.ssl.Tzo-C-0402G-R1R2-contam-noisolate.vcf for serial processing.  If you didn't want this to happen, turn on -P or change -v

Thu May 18 11:43:18 EDT 2023 Getting universal chromosome/contig prefix ...
          Querying ../mkBAM/TotalRawSNPs.ssl.Tzo-C-0402G-R1R2-contam-noisolate.vcf ...
          Prefix: NODE
          It is assumed that all values in the CHROM column of vcf begin with NODE
          If this is not the case, then fltrVCF will not work properly.
          The prefix is used to count SNPs/variants, contigs, etc and is used in some filters.

Thu May 18 11:43:18 EDT 2023  reading variables into MAIN

Thu May 18 11:43:18 EDT 2023 ---------------------------FILTER01: Remove sites with Y < alleles < X -----------------------------
     vcftools --vcf ../mkBAM/TotalRawSNPs.ssl.Tzo-C-0402G-R1R2-contam-noisolate.vcf --min-alleles 2 --max-alleles 2 --recode --recode-INFO-all --out Tzo.A.ssl.Tzo-C-0402G-R1R2-contam-noisolate.Fltr01.1.recode.vcf 2> /dev/null
	Sites remaining:	6699576
	Contigs remaining:	128268


Thu May 18 11:48:51 EDT 2023 ---------------------------FILTER02: Remove Sites with Indels -----------------------------
     vcftools --vcf Tzo.A.ssl.Tzo-C-0402G-R1R2-contam-noisolate.Fltr01.1.recode.vcf --remove-indels --recode --recode-INFO-all --out Tzo.A.ssl.Tzo-C-0402G-R1R2-contam-noisolate.Fltr02.2.recode.vcf 2> /dev/null
	Sites remaining:	6075755
	Contigs remaining:	127594


Thu May 18 11:52:08 EDT 2023 ---------------------------FILTER03: Remove Sites with QUAL < minQ -----------------------------
                                                                                                                        
                                                Histogram of QUAL before FILTER03                                       
                                                                                                                        
     160000 +-------------------------------------------------------------------------------------------------------+   
            |                    +                    +                   +                    +                    |   
            |                                             *******QUALbefore' using (bin($1,binwidth)):(1.0) ******* |   
     140000 |-+                                         *** * * *****                                             +-|   
            |                                         *** * * * * * *****                                           |   
            |                                         * * * * * * * * * ***                                         |   
     120000 |-+                                     *** * * * * * * * * * ********                                +-|   
            |                                       * * * * * * * * * * * * *  * *                                  |   
            |                                    **** * * * * * * * * * * * *  * *******                            |   
     100000 |-+                                  *  * * * * * * * * * * * * *  * * * * *                          +-|   
            |                                  ***  * * * * * * * * * * * * *  * * * * *******                      |   
      80000 |-+                                * *  * * * * * * * * * * * * *  * * * * * * * *****                +-|   
            |                                *** *  * * * * * * * * * * * * *  * * * * * * * * * *****              |   
            |                                * * *  * * * * * * * * * * * * *  * * * * * * * * * * * **********     |   
      60000 |-+                            *** * *  * * * * * * * * * * * * *  * * * * * * * * * * * *  * * * ******|   
            |                              * * * *  * * * * * * * * * * * * *  * * * * * * * * * * * *  * * * * * * |   
            |                            *** * * *  * * * * * * * * * * * * *  * * * * * * * * * * * *  * * * * * * |   
      40000 |-+                          * * * * *  * * * * * * * * * * * * *  * * * * * * * * * * * *  * * * * * *-|   
            |                          *** * * * *  * * * * * * * * * * * * *  * * * * * * * * * * * *  * * * * * * |   
            |                        *** * * * * *  * * * * * * * * * * * * *  * * * * * * * * * * * *  * * * * * * |   
      20000 |-+                    *** * * * * * *  * * * * * * * * * * * * *  * * * * * * * * * * * *  * * * * * *-|   
            |                  ***** * * * * * * *  * * * * * * * * * * * * *  * * * * * * * * * * * *  * * * * * * |   
            |**   ************** * * * * * * * * *  * * * * * * * * * * * * *  * * * * * * * * * * * *  * * * * * * |   
          0 +-------------------------------------------------------------------------------------------------------+   
            0                   100                  200                 300                  400                  500  
                                     QUAL ~ Phred-Scaled Probality of Zero Alternate Alleles                            
                                                                                                                        
                                                                                                                        
                                               Scatter plot of QUAL per site.                                           
                                                                                                                        
     500 +----------------------------------------------------------------------------------------------------------+   
         |              +               +    ***       +              +              +               +              |   
         |                                     ****                                            'QUALbefore'    *    |   
         |                                        ***                                                               |   
         |                                          ****                                                            |   
     400 |-+                                           ****                                                       +-|   
         |                                                ****                                                      |   
         |                                                   ****                                                   |   
         |                                                      *****                                               |   
     300 |-+                                                        *****                                         +-|   
         |                                                              *****                                       |   
         |                                                                  ******                                  |   
         |                                                                       ******                             |   
         |                                                                            *****                         |   
     200 |-+                                                                              *****                   +-|   
         |                                                                                    ****                  |   
         |                                                                                       ***                |   
         |                                                                                         **               |   
     100 |-+                                                                                        **            +-|   
         |                                                                                           *              |   
         |                                                                                           *              |   
         |                                                                                           **             |   
         |              +               +              +              +              +               +*             |   
       0 +----------------------------------------------------------------------------------------------------------+   
         0            1e+06           2e+06          3e+06          4e+06          5e+06           6e+06          7e+06 
                                                            Site                                                        
                                                                                                                        
     vcftools --vcf Tzo.A.ssl.Tzo-C-0402G-R1R2-contam-noisolate.Fltr02.2.recode.vcf --minQ 100 --recode --recode-INFO-all --out Tzo.A.ssl.Tzo-C-0402G-R1R2-contam-noisolate.Fltr03.3.recode.vcf 2> /dev/null
	Sites remaining:	6008510
	Contigs remaining:	127419


Thu May 18 11:57:23 EDT 2023 ---------------------------FILTER04: Remove Sites With Mean Depth of Coverage < min-meanDP -----------------------------
                                                                                                                        
                                        Histogram of mean depth per site before FILTER04                                
                                                                                                                        
     2.5e+06 +------------------------------------------------------------------------------------------------------+   
             |          +           +          +           +          +           +          +           +          |   
             |                                         'sitedepthmeanbefore' using (bin($1,binwidth)):(1.0) ******* |   
             |                                                                                                      |   
             |                                                                                                      |   
       2e+06 |-+                                                                                                  +-|   
             |                                                                                                      |   
             |                                                                                                      |   
             |                                                                                                      |   
     1.5e+06 |-+                                                                                                  +-|   
             |                                                                                                      |   
             |                                                                                                      |   
             |                                                                                                      |   
             |                                                                                                      |   
       1e+06 |-+                                                                                                  +-|   
             |                                                                                                      |   
             |*                                                                                                     |   
             |*                                                                                                     |   
      500000 |*+                                                                                                  +-|   
             |*                                                                                                     |   
             |*                                                                                                     |   
             |*                                                                                                     |   
             |*         +           +          +           +          +           +          +           +          |   
           0 +------------------------------------------------------------------------------------------------------+   
             0         100         200        300         400        500         600        700         800        900  
                                                           Mean Depth                                                   
                                                                                                                        
                                                                                                                        
                                    Scatter plot of mean depth per site before FILTER04.                                
                                                                                                                        
     900 +----------------------------------------------------------------------------------------------------------+   
         |              +               +              +              +              +               +              |   
         |                                                                            'sitedepthmeanbefore'    *    |   
     800 |-+                                                                                                      +-|   
         |                                                                                                          |   
     700 |-+                                                                                                      +-|   
         |                                                                                                          |   
         |                                                                                                          |   
     600 |-+                                                                                                      +-|   
         |                                                                                                          |   
     500 |-+                                                                                                      +-|   
         |                                                                                                          |   
         |                                                                                                          |   
     400 |-+                                                                                                      +-|   
         |                                                                                                          |   
     300 |-+                                                                                                      +-|   
         |                                                                                                          |   
         |                                                                                                          |   
     200 |-+                                                                                                      +-|   
         |                                                                                                          |   
     100 |-+                                                                                                      +-|   
         |                                                                                                          |   
         |***           +               +              +              +              +               +              |   
       0 +----------------------------------------------------------------------------------------------------------+   
         0            1e+06           2e+06          3e+06          4e+06          5e+06           6e+06          7e+06 
                                                            Site                                                        
                                                                                                                        
                                                                                                                        
                             Scatter plot of depth variance vs mean depth per site before FILTER04.                     
                                                                                                                        
     450000 +-------------------------------------------------------------------------------------------------------+   
            |           +          +           +          +           +      *   +           +          +           |   
            |                                                                         'meandepthVSvariance'    *    |   
     400000 |-+                                                                                                   +-|   
            |                                                        *                                   *          |   
     350000 |-+                                                      *                                            +-|   
            |                                                       *                                               |   
            |                                                     *                                                 |   
     300000 |-+                                                 **                                                +-|   
            |                                           **                                                          |   
     250000 |-+                                         *                                                         +-|   
            |                                         *      *                            *                         |   
            |                                 *    * *                                                              |   
     200000 |-+                                                                                       *           +-|   
            |                                                                     *             *       *       *   |   
     150000 |-+                                                                                                *  +-|   
            |           *              **       *                 *                     *      *                    |   
            |          *                         *                     * **     *                  *                |   
     100000 |-+       **                                  **      * *   *           *                             +-|   
            |         *             * *** *      * **  ** * *    * ** *                                             |   
      50000 |-+                *  ****** ********* * ****** ***   *    *                                          +-|   
            |             ******************************** *  **                                                    |   
            |   **   *****************************  **    +           +          +           +          +           |   
          0 +-------------------------------------------------------------------------------------------------------+   
            0          100        200         300        400         500        600         700        800         900  
                                                           Mean Depth                                                   
                                                                                                                        
     vcftools --vcf Tzo.A.ssl.Tzo-C-0402G-R1R2-contam-noisolate.Fltr03.3.recode.vcf --min-meanDP 5 --recode --recode-INFO-all --out Tzo.A.ssl.Tzo-C-0402G-R1R2-contam-noisolate.Fltr04.4.recode.vcf 2> /dev/null
	Sites remaining:	313209
	Contigs remaining:	14937


Thu May 18 12:01:51 EDT 2023 ---------------------------FILTER14: If individual's genotype has DP < X, convert to missing data -----------------------------
                                                                                                                        
                                          Histogram of genotype depth before FILTER14                                   
                                                                                                                        
     9e+06 +--------------------------------------------------------------------------------------------------------+   
           |*****               +                    +                    +                    +                    |   
           |    *                                      'genotypedepthbefore' using (bin($1,binwidth)):(1.0) ******* |   
     8e+06 |-+  *                                                                                                 +-|   
           |    *                                                                                                   |   
     7e+06 |-+  *                                                                                                 +-|   
           |    *                                                                                                   |   
           |    *                                                                                                   |   
     6e+06 |-+  *                                                                                                 +-|   
           |    *                                                                                                   |   
     5e+06 |-+  *                                                                                                 +-|   
           |    *                                                                                                   |   
           |    *******                                                                                             |   
     4e+06 |-+  *     *                                                                                           +-|   
           |    *     ******                                                                                        |   
     3e+06 |-+  *     *    *                                                                                      +-|   
           |    *     *    ******                                                                                   |   
           |    *     *    *    *                                                                                   |   
     2e+06 |-+  *     *    *    ******                                                                            +-|   
           |    *     *    *    *    *******                                                                        |   
     1e+06 |-+  *     *    *    *    *     ***********                                                            +-|   
           |    *     *    *    *    *     *    *    *****************                                              |   
           |    *     *    *    *    *     *    *    *    *     *    **************************************         |   
         0 +--------------------------------------------------------------------------------------------------------+   
           0                    20                   40                   60                   80                  100  
                                                             Depth                                                      
                                                                                                                        
                                                                                                                        
                                    Scatter plot of mean depth per site before FILTER14.                                
                                                                                                                        
     100 +----------------------------------------------------------------------------------------------------------+   
         |   **         +               +              +              +              +               +              |   
         |    *                                                                       'genotypedepthbefore'    *    |   
         |    **                                                                                                    |   
         |     *                                                                                                    |   
      80 |-+   **                                                                                                 +-|   
         |      **                                                                                                  |   
         |       **                                                                                                 |   
         |        **                                                                                                |   
      60 |-+       **                                                                                             +-|   
         |          ***                                                                                             |   
         |            ***                                                                                           |   
 Depth   |              **                                                                                          |   
         |               ***                                                                                        |   
      40 |-+               *****                                                                                  +-|   
         |                     ***                                                                                  |   
         |                       *****                                                                              |   
         |                           ******                                                                         |   
      20 |-+                              *******                                                                 +-|   
         |                                      *******                                                             |   
         |                                            ***********                                                   |   
         |                                                      ***********                                         |   
         |              +               +              +              +   *************              +              |   
       0 +----------------------------------------------------------------------------------------------------------+   
         0            5e+06           1e+07         1.5e+07         2e+07         2.5e+07          3e+07         3.5e+07
                                                          Genotype                                                      
                                                                                                                        
     vcftools --vcf Tzo.A.ssl.Tzo-C-0402G-R1R2-contam-noisolate.Fltr04.4.recode.vcf --minDP 5 --recode --recode-INFO-all --out Tzo.A.ssl.Tzo-C-0402G-R1R2-contam-noisolate.Fltr14.5.recode.vcf 2> /dev/null | vcffixup -
	Sites remaining:	313209
	Contigs remaining:	14937


Thu May 18 12:06:39 EDT 2023 ---------------------------FILTER07: Remove sites with Alternate Allele Count <=X -----------------------------
     vcffixup Tzo.A.ssl.Tzo-C-0402G-R1R2-contam-noisolate.Fltr14.5.recode.vcf | vcffilter -s -f "AC > 0 & AN - AC > 0"  > Tzo.A.ssl.Tzo-C-0402G-R1R2-contam-noisolate.Fltr07.6.vcf
	Sites remaining:	313073
	Contigs remaining:	14930

Thu May 18 12:07:12 EDT 2023 ---------------------------FILTER05: Remove sites called in <X proportion of individuals -----------------------------
                                                                                                                        
                                   Histogram of the proportion of genotypes that are missing                            
                                                                                                                        
     50000 +--------------------------------------------------------------------------------------------------------+   
           |    *               +                    +                    +                    +                    |   
     45000 |-+  *                                          'sitemissingness' using (bin($1,binwidth)):(1.0) *******-|   
           |    *                                                                                                   |   
           |    *                                                                                                   |   
     40000 |-+  *******                                                                                           +-|   
           |    *     *                                                                                             |   
     35000 |-+  *     *                                                                                           +-|   
           |    *     *                                                                                             |   
     30000 |-+  *     *                                                                                           +-|   
           |    *     ******                                                                                        |   
     25000 |-+  *     *    *                              *******                                                 +-|   
           |    *     *    ******                         *     *                                                   |   
           |    *     *    *    *                         *     ******                                              |   
     20000 |-+  *     *    *    ************         ******     *    *                                            +-|   
           |    *     *    *    *    *     ***********    *     *    ******                                         |   
     15000 |-+  *     *    *    *    *     *    *    *    *     *    *    *                                       +-|   
           |    *     *    *    *    *     *    *    *    *     *    *    *                                         |   
     10000 |-+  *     *    *    *    *     *    *    *    *     *    *    *                                       +-|   
           |    *     *    *    *    *     *    *    *    *     *    *    ******                                    |   
           |    *     *    *    *    *     *    *    *    *     *    *    *    *                                    |   
      5000 |-+  *     *    *    *    *     *    *    *    *     *    *    *    *                                  +-|   
           |    *     *    *    *    *     *    *    *    *     *    *    *    ************    +                    |   
         0 +--------------------------------------------------------------------------------------------------------+   
           0                   0.2                  0.4                  0.6                  0.8                   1   
                                                      Proportion Missing                                                
                                                                                                                        
                                                                                                                        
                                Scatter plot of the proportion of genotypes that are missing.                           
                                                                                                                        
     0.9 +----------------------------------------------------------------------------------------------------------+   
         |              +               +              +              +              +               +              |   
         |                                                                                'sitemissingness'    *    |   
     0.8 |-+                                                                                                      +-|   
         |                                                                                                          |   
     0.7 |*+                                                                                                      +-|   
         |**                                                                                                        |   
         | ***                                                                                                      |   
     0.6 |-+ *****                                                                                                +-|   
         |       ******                                                                                             |   
     0.5 |-+          ******                                                                                      +-|   
         |                 *******                                                                                  |   
         |                       *****                                                                              |   
     0.4 |-+                         ******                                                                       +-|   
         |                                ******                                                                    |   
     0.3 |-+                                   *****                                                              +-|   
         |                                         ******                                                           |   
         |                                              ******                                                      |   
     0.2 |-+                                                 ******                                               +-|   
         |                                                        *******                                           |   
     0.1 |-+                                                            *********                                 +-|   
         |                                                                      ***********                         |   
         |              +               +              +              +              +    *************             |   
       0 +----------------------------------------------------------------------------------------------------------+   
         0            50000           100000         150000         200000         250000          300000         350000
                                                            Site                                                        
                                                                                                                        
     vcftools --vcf Tzo.A.ssl.Tzo-C-0402G-R1R2-contam-noisolate.Fltr07.6.vcf --max-missing 0.55 --recode --recode-INFO-all --out Tzo.A.ssl.Tzo-C-0402G-R1R2-contam-noisolate.Fltr05.7.recode.vcf 2> /dev/null
	Sites remaining:	235756
	Contigs remaining:	12271


Thu May 18 12:07:44 EDT 2023 ---------------------------FILTER16: Remove Individuals|Libraries with Too Much Missing Data-----------------------------
                                                                                                                        
            Histogram of % missing data per individual|library before filter. Bars to the left are desireable.          
                                                                                                                        
     9 +------------------------------------------------------------------------------------------------------------+   
       |**                   +                     +                    +                     +                     |   
       |**                                                    'totalmissing' using (bin($1,binwidth)):(1.0) ******* |   
     8 |**                                                                                                        +-|   
       |**                                                                                                          |   
     7 |**                                                                                                        +-|   
       |**                                                                                                          |   
       |**                                                                                                          |   
     6 |****                                                                                                      +-|   
       |****                                                                                                        |   
     5 |*****                **    **                                                                             +-|   
       |*****                **    **                                                                               |   
       |*****                **    **                                                                               |   
     4 |********       **    **    **       ***                                                                   +-|   
       |***** **       **    **    **       * *                                                                     |   
     3 |***** *****    ** *****    ****     * *                                                                   +-|   
       |***** *****    ** *****    ** *     * *                                                                     |   
       |***** *****    ** *****    ** *     * *                                                                     |   
     2 |***** ******** ************** ******* * *****                                                             +-|   
       |***** *****  * ** *********** ** ** * * *   *                                                               |   
     1 |***** *****  **** *********** ** ** * ***   ******************************************                    +-|   
       |***** *****  * ** *********** ** ** * * *   * **  * *   *        *           *       *                      |   
       |***** *****  * ** *********** ** ** * * *  +* **  * *   *       +*           *       *+                     |   
     0 +------------------------------------------------------------------------------------------------------------+   
       0                    0.2                   0.4                  0.6                   0.8                    1   
                                                    % missing genotypes                                                 
                                                                                                                        
                                                                                                                        
                                   Scatter plot of % missing data per individual|library.                               
                                                                                                                        
       1 +----------------------------------------------------------------------------------------------------------+   
         |                    +                    +                   +                    +                    +  |   
         |                                                                                      'imiss.dat'    *    |   
         |                                                                                                          |   
         |                                                                                                          |   
     0.8 |*+                                                                                                      +-|   
         |                                                                                                          |   
         |                                                                                                          |   
         | *                                                                                                        |   
     0.6 |-+                                                                                                      +-|   
         |  *                                                                                                       |   
         |                                                                                                          |   
         |   **                                                                                                     |   
         |     ***                                                                                                  |   
     0.4 |-+      **                                                                                              +-|   
         |          ** ****                                                                                         |   
         |                 ******                                                                                   |   
         |                       ************                                                                       |   
     0.2 |-+                                 **** ******                                                          +-|   
         |                                              *************                                               |   
         |                                                           ***                                            |   
         |                                                              **** ******                                 |   
         |                    +                    +                   +           ********************          +  |   
       0 +----------------------------------------------------------------------------------------------------------+   
         0                    20                   40                  60                   80                  100     
                                                         Individual                                                     
                                                                                                                        
 2 individuals|libraries with too much missing data:
INDV
Tzo-AMvi_014_Ex1_L4_clmp.fp2_repr
Tzo-CMvi_081-Ex1_L4_clmp.fp2_repr
     vcftools --vcf Tzo.A.ssl.Tzo-C-0402G-R1R2-contam-noisolate.Fltr05.7.recode.vcf --remove Tzo.A.ssl.Tzo-C-0402G-R1R2-contam-noisolate.Fltr16.8.lowDP-2.indv --recode --recode-INFO-all --out Tzo.A.ssl.Tzo-C-0402G-R1R2-contam-noisolate.Fltr16.8.recode.vcf 2> /dev/null | vcffixup -
	Sites remaining:	235756
	Contigs remaining:	12271


 Individuals|Libraries Remaining Per Sample
     46 Tzo-AMvi
     54 Tzo-CMvi

Thu May 18 12:08:30 EDT 2023 ---------------------------FILTER15: Remove sites with maf > minor allele frequency > max-maf -----------------------------
     vcftools --vcf Tzo.A.ssl.Tzo-C-0402G-R1R2-contam-noisolate.Fltr16.8.recode.vcf --maf 0 --max-maf 1 --recode --recode-INFO-all --out Tzo.A.ssl.Tzo-C-0402G-R1R2-contam-noisolate.Fltr15.9.recode.vcf 2> /dev/null
	Sites remaining:	235756
	Contigs remaining:	12271


Thu May 18 12:08:54 EDT 2023 ---------------------------FILTER06: Remove sites with Average Allele Balance deviating too far from 0.5 while keeping those with AB=0  -----------------------------
/home/e1garcia/shotgun_PIRE/pire_cssl_data_processing/scripts/fltrVCF/fltrVCF.bash: line 555: vcf-query: command not found
         line 0: warning: Skipping data file with no valid points

gnuplot> plot 'siteAB.dat' using (bin($1,binwidth)):(1.0) smooth freq with boxes
                                                                                ^
         line 0: all points y value undefined!

         line 0: warning: Skipping data file with no valid points

gnuplot> plot 'siteAB.dat' pt "*" 
                                  ^
         line 0: x range is invalid

     vcffixup Tzo.A.ssl.Tzo-C-0402G-R1R2-contam-noisolate.Fltr15.9.recode.vcf | vcffilter -s -f "AB > 0.375 & AB < 0.625 | AB = 0"  > Tzo.A.ssl.Tzo-C-0402G-R1R2-contam-noisolate.Fltr06.10.vcf
	Sites remaining:	125595
	Contigs remaining:	11257

Thu May 18 12:09:16 EDT 2023 ---------------------------FILTER11: Remove sites with Quality/DP ratio < X -----------------------------
     vcffilter -s -f "QUAL / DP > 0.2" Tzo.A.ssl.Tzo-C-0402G-R1R2-contam-noisolate.Fltr06.10.vcf > Tzo.A.ssl.Tzo-C-0402G-R1R2-contam-noisolate.Fltr11.11.vcf
	Sites remaining:	77559
	Contigs remaining:	10380

Thu May 18 12:09:23 EDT 2023 ---------------------------FILTER09: Remove sites with low/high ratio of mean mapping quality of alt to ref -----------------------------
     vcffilter -s -f "MQM / MQMR > 0.75 & MQM / MQMR < 1.33333" Tzo.A.ssl.Tzo-C-0402G-R1R2-contam-noisolate.Fltr11.11.vcf > Tzo.A.ssl.Tzo-C-0402G-R1R2-contam-noisolate.Fltr09.12.vcf
	Sites remaining:	77424
	Contigs remaining:	10364

Thu May 18 12:09:29 EDT 2023 ---------------------------FILTER10: Remove sites with one allele only supported by reads not properly paired -----------------------------
     vcffilter -s -f "PAIRED > 0.05 & PAIREDR > 0.05 & PAIREDR / PAIRED < 1.75 & PAIREDR / PAIRED > 0.25 | PAIRED < 0.05 & PAIREDR < 0.05" Tzo.A.ssl.Tzo-C-0402G-R1R2-contam-noisolate.Fltr09.12.vcf > Tzo.A.ssl.Tzo-C-0402G-R1R2-contam-noisolate.Fltr10.13.vcf
	Sites remaining:	77346
	Contigs remaining:	10357

Thu May 18 12:09:35 EDT 2023 ---------------------------FILTER04: Remove Sites With Mean Depth of Coverage < min-meanDP -----------------------------
                                                                                                                        
                                       Histogram of mean depth per site before FILTER04                                 
                                                                                                                        
     2500 +---------------------------------------------------------------------------------------------------------+   
          | *         +           +          +           +           +           +          +           +           |   
          | *                                          'sitedepthmeanbefore' using (bin($1,binwidth)):(1.0) ******* |   
          | **                                                                                                      |   
          | **                                                                                                      |   
     2000 |-**                                                                                                    +-|   
          | **                                                                                                      |   
          |***                                                                                                      |   
          |***                                                                                                      |   
     1500 |***                                                                                                    +-|   
          |****                                                                                                     |   
          |****                                                                                                     |   
          |****                                                                                                     |   
          |****                                                                                                     |   
     1000 |*****                                                                                                  +-|   
          |*****                                                                                                    |   
          |******                                                                                                   |   
          |******                                                                                                   |   
      500 |*******                                                                                                +-|   
          |*******                                                                                                  |   
          |********                                                                                                 |   
          |**********                                                                                               |   
          |*************          +          +           +           +           +          +           +           |   
        0 +---------------------------------------------------------------------------------------------------------+   
          0          100         200        300         400         500         600        700         800         900  
                                                          Mean Depth                                                    
                                                                                                                        
                                                                                                                        
                                    Scatter plot of mean depth per site before FILTER04.                                
                                                                                                                        
     900 +----------------------------------------------------------------------------------------------------------+   
         |            +             +            +             +            +            +             +            |   
         |                                                                            'sitedepthmeanbefore'    *    |   
     800 |-+                                                                                                      +-|   
         |                                                                                                          |   
     700 |-+                                                                                                      +-|   
         |                                                                                                          |   
         |                                                                                                          |   
     600 |-+                                                                                                      +-|   
         |                                                                                                          |   
     500 |-+                                                                                                      +-|   
         |                                                                                                          |   
         |                                                                                                          |   
     400 |-+                                                                                                      +-|   
         |                                                                                                          |   
     300 |-+                                                                                                      +-|   
         |                                                                                                          |   
         |                                                                                                          |   
     200 |-+                                                                                                      +-|   
         |*                                                                                                         |   
     100 |***                                                                                                     +-|   
         |  ***********                                                                                             |   
         |            *************************************************************      +             +            |   
       0 +----------------------------------------------------------------------------------------------------------+   
         0          10000         20000        30000         40000        50000        60000         70000        80000 
                                                            Site                                                        
                                                                                                                        
                                                                                                                        
                             Scatter plot of depth variance vs mean depth per site before FILTER04.                     
                                                                                                                        
     350000 +-------------------------------------------------------------------------------------------------------+   
            |           +          +           +          +          *+          +           +          +           |   
            |                                                                         'meandepthVSvariance'    *    |   
     300000 |-+                                                                                                   +-|   
            |                                                                                                       |   
            |                                                                                                       |   
            |                                                                                                       |   
     250000 |-+                                               *                                                   +-|   
            |                                                                                                       |   
            |                                                                                                       |   
     200000 |-+                                                                                                   +-|   
            |                                                                                                       |   
            |                                                                                                       |   
     150000 |-+                                                                                                  *+-|   
            |                                                                           *       *                   |   
            |                                                                                                       |   
     100000 |-+                                                                                                   +-|   
            |                                           *   *                        *                              |   
            |                                       *                  *                                            |   
            |                       *       * *        ****  **                                                     |   
      50000 |-+                       *  *** *  *** *  *  *     *                                                 +-|   
            |                 * *   *************  ** *        *                                                    |   
            |       *********************** ***+          +           +          +           +          +           |   
          0 +-------------------------------------------------------------------------------------------------------+   
            0          100        200         300        400         500        600         700        800         900  
                                                           Mean Depth                                                   
                                                                                                                        
     vcftools --vcf Tzo.A.ssl.Tzo-C-0402G-R1R2-contam-noisolate.Fltr10.13.vcf --min-meanDP 15 --recode --recode-INFO-all --out Tzo.A.ssl.Tzo-C-0402G-R1R2-contam-noisolate.Fltr04.14.recode.vcf 2> /dev/null
	Sites remaining:	57839
	Contigs remaining:	8265


Thu May 18 12:09:44 EDT 2023 ---------------------------FILTER13: Remove sites with mean DP greater than X  -----------------------------
                                                                                                                        
                                        Histogram of mean depth per site before filter                                  
                                                                                                                        
     2500 +---------------------------------------------------------------------------------------------------------+   
          | *         +           +          +           +           +           +          +           +           |   
          | *                                       'meandepthpersitebefore' using (bin($1,binwidth)):(1.0) ******* |   
          | *                                                                                                       |   
          | *                                                                                                       |   
     2000 |-*                                                                                                     +-|   
          | *                                                                                                       |   
          | **                                                                                                      |   
          | **                                                                                                      |   
     1500 |-**                                                                                                    +-|   
          | **                                                                                                      |   
          | **                                                                                                      |   
          | ***                                                                                                     |   
          | ***                                                                                                     |   
     1000 |-****                                                                                                  +-|   
          | ****                                                                                                    |   
          | ****                                                                                                    |   
          | *****                                                                                                   |   
      500 |-******                                                                                                +-|   
          | ******                                                                                                  |   
          | *******                                                                                                 |   
          | ********                                                                                                |   
          | ************          +          +           +           +           +          +           +           |   
        0 +---------------------------------------------------------------------------------------------------------+   
          0          100         200        300         400         500         600        700         800         900  
                                                          Mean Depth                                                    
                                                                                                                        
     vcftools --vcf Tzo.A.ssl.Tzo-C-0402G-R1R2-contam-noisolate.Fltr04.14.recode.vcf --max-meanDP 400 --recode --recode-INFO-all --out Tzo.A.ssl.Tzo-C-0402G-R1R2-contam-noisolate.Fltr13.15.recode.vcf 2> /dev/null
	Sites remaining:	57826
	Contigs remaining:	8259


Thu May 18 12:09:51 EDT 2023 ---------------------------FILTER05: Remove sites called in <X proportion of individuals -----------------------------
                                                                                                                        
                                   Histogram of the proportion of genotypes that are missing                            
                                                                                                                        
     20000 +--------------------------------------------------------------------------------------------------------+   
           |                    +                    +                    +                    +                    |   
     18000 |*****                                          'sitemissingness' using (bin($1,binwidth)):(1.0) *******-|   
           |    *                                                                                                   |   
           |    *                                                                                                   |   
     16000 |-+  *                                                                                                 +-|   
           |    *                                                                                                   |   
     14000 |-+  *                                                                                                 +-|   
           |    *                                                                                                   |   
     12000 |-+  *******                                                                                           +-|   
           |    *     *                                                                                             |   
     10000 |-+  *     *                                                                                           +-|   
           |    *     ******                                                                                        |   
           |    *     *    *                                                                                        |   
      8000 |-+  *     *    *                                                                                      +-|   
           |    *     *    *                                                                                        |   
      6000 |-+  *     *    *                                                                                      +-|   
           |    *     *    ***********                                                                              |   
      4000 |-+  *     *    *    *    *                                                                            +-|   
           |    *     *    *    *    *******                                                                        |   
           |    *     *    *    *    *     ******                                                                   |   
      2000 |-+  *     *    *    *    *     *    *                                                                 +-|   
           |    *     *    *    *    *     *    *********                 +                    +                    |   
         0 +--------------------------------------------------------------------------------------------------------+   
           0                   0.2                  0.4                  0.6                  0.8                   1   
                                                      Proportion Missing                                                
                                                                                                                        
                                                                                                                        
                                 Scatter plot of the proportion of genotypes that are missing.                          
                                                                                                                        
     0.45 +---------------------------------------------------------------------------------------------------------+   
          |                 +                +                 +                 +                +                 |   
          |*                                                                              'sitemissingness'    *    |   
      0.4 |**                                                                                                     +-|   
          | **                                                                                                      |   
     0.35 |-+**                                                                                                   +-|   
          |   ***                                                                                                   |   
          |     ***                                                                                                 |   
      0.3 |-+     ***                                                                                             +-|   
          |         ****                                                                                            |   
     0.25 |-+          ****                                                                                       +-|   
          |               ****                                                                                      |   
          |                  ****                                                                                   |   
      0.2 |-+                   *****                                                                             +-|   
          |                         ******                                                                          |   
     0.15 |-+                            *****                                                                    +-|   
          |                                  ******                                                                 |   
          |                                       *******                                                           |   
      0.1 |-+                                           ********                                                  +-|   
          |                                                    ********                                             |   
     0.05 |-+                                                         ***********                                 +-|   
          |                                                                     ***************                     |   
          |                 +                +                 +                 +            ***************       |   
        0 +---------------------------------------------------------------------------------------------------------+   
          0               10000            20000             30000             40000            50000             60000 
                                                             Site                                                       
                                                                                                                        
     vcftools --vcf Tzo.A.ssl.Tzo-C-0402G-R1R2-contam-noisolate.Fltr13.15.recode.vcf --max-missing 0.6 --recode --recode-INFO-all --out Tzo.A.ssl.Tzo-C-0402G-R1R2-contam-noisolate.Fltr05.16.recode.vcf 2> /dev/null
	Sites remaining:	57257
	Contigs remaining:	8235


Thu May 18 12:09:58 EDT 2023 ---------------------------FILTER16: Remove Individuals|Libraries with Too Much Missing Data-----------------------------
                                                                                                                        
             Histogram of % missing data per individual|library before filter. Bars to the left are desireable.         
                                                                                                                        
     30 +-----------------------------------------------------------------------------------------------------------+   
        |                     +                    +                     +                    +                     |   
        |*                                                    'totalmissing' using (bin($1,binwidth)):(1.0) ******* |   
        |*                                                                                                          |   
     25 |*+                                                                                                       +-|   
        |*                                                                                                          |   
        |*                                                                                                          |   
        |*                                                                                                          |   
     20 |*+                                                                                                       +-|   
        |*                                                                                                          |   
        |*                                                                                                          |   
     15 |*+                                                                                                       +-|   
        |*                                                                                                          |   
        |*                                                                                                          |   
        |**                                                                                                         |   
     10 |**                                                                                                       +-|   
        |**                                                                                                         |   
        |**                                                                                                         |   
        |**         **                                                                                              |   
      5 |**         ****   *** **                                                                                 +-|   
        |**         *****  * * **  ****                                                                             |   
        |*****   *********** * *****  *    **                                                                       |   
        |*********  ***** ** ***** *  ****************************************                +                     |   
      0 +-----------------------------------------------------------------------------------------------------------+   
        0                    0.2                  0.4                   0.6                  0.8                    1   
                                                     % missing genotypes                                                
                                                                                                                        
                                                                                                                        
                                   Scatter plot of % missing data per individual|library.                               
                                                                                                                        
       1 +----------------------------------------------------------------------------------------------------------+   
         |                    +                    +                     +                    +                    +|   
         |                                                                                      'imiss.dat'    *    |   
         |                                                                                                          |   
         |                                                                                                          |   
     0.8 |-+                                                                                                      +-|   
         |                                                                                                          |   
         |                                                                                                          |   
         |*                                                                                                         |   
     0.6 |-+                                                                                                      +-|   
         |                                                                                                          |   
         | *                                                                                                        |   
         |                                                                                                          |   
         |                                                                                                          |   
     0.4 |-+**                                                                                                    +-|   
         |    **                                                                                                    |   
         |      ** ***                                                                                              |   
         |            *****                                                                                         |   
     0.2 |-+               ********                                                                               +-|   
         |                         * ********                                                                       |   
         |                                   ********* ********                                                     |   
         |                                                     ***                                                  |   
         |                    +                    +              ***** **                    +                    +|   
       0 +----------------------------------------------------------------------------------------------------------+   
         0                    20                   40                    60                   80                  100   
                                                         Individual                                                     
                                                                                                                        
 2 individuals|libraries with too much missing data:
INDV
Tzo-AMvi_006_Ex1_L4_clmp.fp2_repr
Tzo-AMvi_019_Ex1_L4_clmp.fp2_repr
     vcftools --vcf Tzo.A.ssl.Tzo-C-0402G-R1R2-contam-noisolate.Fltr05.16.recode.vcf --remove Tzo.A.ssl.Tzo-C-0402G-R1R2-contam-noisolate.Fltr16.17.lowDP-2.indv --recode --recode-INFO-all --out Tzo.A.ssl.Tzo-C-0402G-R1R2-contam-noisolate.Fltr16.17.recode.vcf 2> /dev/null | vcffixup -
	Sites remaining:	57257
	Contigs remaining:	8235


 Individuals|Libraries Remaining Per Sample
     44 Tzo-AMvi
     54 Tzo-CMvi

Thu May 18 12:10:10 EDT 2023 ---------------------------FILTER07: Remove sites with Alternate Allele Count <=X -----------------------------
     vcffixup Tzo.A.ssl.Tzo-C-0402G-R1R2-contam-noisolate.Fltr16.17.recode.vcf | vcffilter -s -f "AC > 0 & AN - AC > 0"  > Tzo.A.ssl.Tzo-C-0402G-R1R2-contam-noisolate.Fltr07.18.vcf
	Sites remaining:	57147
	Contigs remaining:	8228

Thu May 18 12:10:19 EDT 2023  --------------------------- Filtering complete! ---------------------------

