[M::bwa_idx_load_from_disk] read 0 ALT contigs
[M::process] read 4893058 sequences (400000102 bp)...
[M::mem_pestat] # candidate unique pairs for (FF, FR, RF, RR): (1, 726247, 10, 5)
[M::mem_pestat] skip orientation FF as there are not enough pairs
[M::mem_pestat] analyzing insert size distribution for orientation FR...
[M::mem_pestat] (25, 50, 75) percentile: (53, 69, 85)
[M::mem_pestat] low and high boundaries for computing mean and std.dev: (1, 149)
[M::mem_pestat] mean and std.dev: (69.83, 23.88)
[M::mem_pestat] low and high boundaries for proper pairs: (1, 181)
[M::mem_pestat] analyzing insert size distribution for orientation RF...
[M::mem_pestat] (25, 50, 75) percentile: (29, 59, 319)
[M::mem_pestat] low and high boundaries for computing mean and std.dev: (1, 899)
[M::mem_pestat] mean and std.dev: (132.78, 155.15)
[M::mem_pestat] low and high boundaries for proper pairs: (1, 1189)
[M::mem_pestat] skip orientation RR as there are not enough pairs
[M::mem_pestat] skip orientation RF
[M::mem_process_seqs] Processed 4893058 reads in 1458.578 CPU sec, 84.082 real sec
[M::process] read 1584056 sequences (130187109 bp)...
[M::mem_pestat] # candidate unique pairs for (FF, FR, RF, RR): (3, 232079, 7, 1)
[M::mem_pestat] skip orientation FF as there are not enough pairs
[M::mem_pestat] analyzing insert size distribution for orientation FR...
[M::mem_pestat] (25, 50, 75) percentile: (53, 69, 85)
[M::mem_pestat] low and high boundaries for computing mean and std.dev: (1, 149)
[M::mem_pestat] mean and std.dev: (69.93, 23.95)
[M::mem_pestat] low and high boundaries for proper pairs: (1, 181)
[M::mem_pestat] skip orientation RF as there are not enough pairs
[M::mem_pestat] skip orientation RR as there are not enough pairs
[M::mem_process_seqs] Processed 1584056 reads in 482.099 CPU sec, 15.746 real sec
[main] Version: 0.7.17-r1188
[main] CMD: bwa mem -L 5 -t 40 -a -M -T 36 -A 1 -B 4 -O 6 -R @RG\tID:Sgr-AJol_002-Ex1-cssl.clmp.fp2_repr\tSM:Sgr-AJol_002-Ex1-cssl.clmp.fp2_repr\tPL:Illumina reference.ssl.Sgr-libC.fasta Sgr-AJol_002-Ex1-cssl.clmp.fp2_repr.R1.fq.gz Sgr-AJol_002-Ex1-cssl.clmp.fp2_repr.R2.fq.gz
[main] Real time: 121.068 sec; CPU: 1961.676 sec
