

fltrVCF.bash v4.4 -- a script to filter vcf files repeatably

Dependencies required for fltrVCF to be fully functional:
	R
		tidyverse
		gridExtra
	vcftools
	vcflib
	samtools
	perl
	mawk
	parallel
	rad_haplotyper.pl https://github.com/cbirdlab/rad_haplotyper.git
	filter_hwe_by_pop_HPC

Tue Jan 18 15:16:22 EST 2022 Reading options from command line:

	Settings File:            config.fltr.ind.cssl.poly

Tue Jan 18 15:16:22 EST 2022 Reading options from config file and setting defaults
	SETTINGS are being loaded from file: 'config.fltr.ind.cssl.poly'
	Filters are set to '01 02 03 04 14 07 05 16 15 06 11 09 10 04 13 05 16 07 18 17'
	CutoffCode is set to '.ssl.Lle-C-3NR-R1R2ORPH-contam-noisolate-off'
	BAM_PATH is set to '/home/cbird/pire_cssl_data_processing/leiognathus_leuciscus/mkBAM'
	SCRIPT_PATH is set to '/home/r3clark/PIRE/pire_cssl_data_processing/scripts/fltrVCF/scripts'
	VCF_FILE is set to '/home/cbird/pire_cssl_data_processing/leiognathus_leuciscus/mkVCF_monomorphic/TotalRawSNPs.ssl.Lle-C-3NR-R1R2ORPH-contam-noisolate-off.vcf'
	Bed file is set to '/home/cbird/pire_cssl_data_processing/leiognathus_leucsicus/mkBAM/mapped.ssl.Lle-C-3NR-R1R2ORPH-contam-noisolate-off.bed'
	Reference genome is set to '/home/cbird/pire_cssl_data_processing/leiognathus_leuciscus/mkBAM/reference.ssl.Lle-C-3NR-R1R2ORPH-contam-noisolate-off.fasta'
	PopMap is set to '/scratch/r3clark/PIRE-Lle-Ham/mkVCF_monomorphic/popmap.ssl.Lle-C-3NR-R1R2ORPH-contam-noisolate-off.HWEsplit'
	HWE_SCRIPT is set to '/home/r3clark/PIRE/pire_cssl_data_processing/scripts/fltrVCF/filter_hwe_by_pop_HPC.pl'
	RADHAP_SCRIPT is set to '/home/r3clark/PIRE/pire_cssl_data_processing/scripts/rad_haplotyper/rad_haplotyper.pl'
	Output file prefix is set to 'lle.poly'
	The number of threads is set to '40'
	-P not set by user. Only filters that natively support parallelization will be run in parallel.
	/home/cbird/pire_cssl_data_processing/leiognathus_leuciscus/mkVCF_monomorphic/TotalRawSNPs.ssl.Lle-C-3NR-R1R2ORPH-contam-noisolate-off.vcf will be used for serial processing.

Tue Jan 18 15:16:22 EST 2022 Getting universal chromosome/contig prefix ...
          Querying /home/cbird/pire_cssl_data_processing/leiognathus_leuciscus/mkVCF_monomorphic/TotalRawSNPs.ssl.Lle-C-3NR-R1R2ORPH-contam-noisolate-off.vcf ...
          Prefix: NODE
          It is assumed that all values in the CHROM column of vcf begin with NODE
          If this is not the case, then fltrVCF will not work properly.
          The prefix is used to count SNPs/variants, contigs, etc and is used in some filters.

Tue Jan 18 15:16:22 EST 2022  reading variables into MAIN

Tue Jan 18 15:16:22 EST 2022 ---------------------------FILTER01: Remove sites with Y < alleles < X -----------------------------
     vcftools --vcf /home/cbird/pire_cssl_data_processing/leiognathus_leuciscus/mkVCF_monomorphic/TotalRawSNPs.ssl.Lle-C-3NR-R1R2ORPH-contam-noisolate-off.vcf --min-alleles 2 --max-alleles 2 --recode --recode-INFO-all --out lle.poly.ssl.Lle-C-3NR-R1R2ORPH-contam-noisolate-off.Fltr01.1.recode.vcf 2> /dev/null
	Sites remaining:	5654987
	Contigs remaining:	89078


Tue Jan 18 18:25:59 EST 2022 ---------------------------FILTER02: Remove Sites with Indels -----------------------------
     vcftools --vcf lle.poly.ssl.Lle-C-3NR-R1R2ORPH-contam-noisolate-off.Fltr01.1.recode.vcf --remove-indels --recode --recode-INFO-all --out lle.poly.ssl.Lle-C-3NR-R1R2ORPH-contam-noisolate-off.Fltr02.2.recode.vcf 2> /dev/null
	Sites remaining:	5155618
	Contigs remaining:	88338


Tue Jan 18 18:31:34 EST 2022 ---------------------------FILTER03: Remove Sites with QUAL < minQ -----------------------------
                                                                                                                        
                                                Histogram of QUAL before FILTER03                                       
                                                                                                                        
     350000 +-------------------------------------------------------------------------------------------------------+   
            |                    +                    +                   +                    +                    |   
            |**                                                 'QUALbefore' using (bin($1,binwidth)):(1.0) ******* |   
     300000 |-*                                                                                                   +-|   
            | *                                                                                                     |   
            | *                                                                                                     |   
            | *                                                                                                     |   
     250000 |-*                                                                                                   +-|   
            | *                                                                                                     |   
            | *                                                                                                     |   
     200000 |-*                                                                                                   +-|   
            | *                                                                                                     |   
            | *                                                                                                     |   
     150000 |-*                                                                                                   +-|   
            | *                                                                                                     |   
            | *                                                                                                     |   
     100000 |-*         ****************                                                                          +-|   
            | *         *  * * * * * * *********                                                                    |   
            | *       ***  * * * * * * * * * * **********                                                           |   
            | *   ***** *  * * * * * * * * * * * *  * * *********************                                       |   
      50000 |-*   * * * *  * * * * * * * * * * * *  * * * * * * * * * * * * ************************              +-|   
            | ***** * * *  * * * * * * * * * * * *  * * * * * * * * * * * * *  * * * * * * * * * * *****************|   
            | * * * * * *  * * * * * * * * * * * *  * * * * * * * * * * * * *  * * * * * * * * * * * *  * * * * * * |   
          0 +-------------------------------------------------------------------------------------------------------+   
            0                   100                  200                 300                  400                  500  
                                     QUAL ~ Phred-Scaled Probality of Zero Alternate Alleles                            
                                                                                                                        
                                                                                                                        
                                               Scatter plot of QUAL per site.                                           
                                                                                                                        
     500 +----------------------------------------------------------------------------------------------------------+   
         |                 +              ** +                 +                +                 +                 |   
         |                                 **                                                  'QUALbefore'    *    |   
         |                                  ***                                                                     |   
         |                                    **                                                                    |   
     400 |-+                                   ***                                                                +-|   
         |                                       ***                                                                |   
         |                                         **                                                               |   
         |                                          ***                                                             |   
     300 |-+                                          ****                                                        +-|   
         |                                               ***                                                        |   
         |                                                 ***                                                      |   
         |                                                   ***                                                    |   
         |                                                     ****                                                 |   
     200 |-+                                                      ****                                            +-|   
         |                                                           ****                                           |   
         |                                                              *****                                       |   
         |                                                                  ****                                    |   
     100 |-+                                                                   *****                              +-|   
         |                                                                         ******                           |   
         |                                                                              *****                       |   
         |                                                                                  ***                     |   
         |                 +                 +                 +                +             **  +                 |   
       0 +----------------------------------------------------------------------------------------------------------+   
         0               1e+06             2e+06             3e+06            4e+06             5e+06             6e+06 
                                                            Site                                                        
                                                                                                                        
     vcftools --vcf lle.poly.ssl.Lle-C-3NR-R1R2ORPH-contam-noisolate-off.Fltr02.2.recode.vcf --minQ 100 --recode --recode-INFO-all --out lle.poly.ssl.Lle-C-3NR-R1R2ORPH-contam-noisolate-off.Fltr03.3.recode.vcf 2> /dev/null
	Sites remaining:	4151886
	Contigs remaining:	86342


Tue Jan 18 18:38:21 EST 2022 ---------------------------FILTER04: Remove Sites With Mean Depth of Coverage < min-meanDP -----------------------------
                                                                                                                        
                                        Histogram of mean depth per site before FILTER04                                
                                                                                                                        
     1.8e+06 +------------------------------------------------------------------------------------------------------+   
             |         +          +         +         +          +         +         +         +          +         |   
             |                                         'sitedepthmeanbefore' using (bin($1,binwidth)):(1.0) ******* |   
     1.6e+06 |-+                                                                                                  +-|   
             |                                                                                                      |   
     1.4e+06 |-+                                                                                                  +-|   
             |                                                                                                      |   
             |                                                                                                      |   
     1.2e+06 |-+                                                                                                  +-|   
             |                                                                                                      |   
       1e+06 |-+                                                                                                  +-|   
             |                                                                                                      |   
             |                                                                                                      |   
      800000 |-+                                                                                                  +-|   
             |                                                                                                      |   
      600000 |-+                                                                                                  +-|   
             |                                                                                                      |   
             |                                                                                                      |   
      400000 |-+                                                                                                  +-|   
             |                                                                                                      |   
      200000 |-+                                                                                                  +-|   
             |                                                                                                      |   
             |         +          +         +         +          +         +         +         +          +         |   
           0 +------------------------------------------------------------------------------------------------------+   
             0        200        400       600       800        1000      1200      1400      1600       1800      2000 
                                                           Mean Depth                                                   
                                                                                                                        
                                                                                                                        
                                     Scatter plot of mean depth per site before FILTER04.                               
                                                                                                                        
     2000 +---------------------------------------------------------------------------------------------------------+   
          |           +           +          +           +           +           +          +           +           |   
     1800 |-+                                                                         'sitedepthmeanbefore'    *  +-|   
          |                                                                                                         |   
          |                                                                                                         |   
     1600 |-+                                                                                                     +-|   
          |                                                                                                         |   
     1400 |-+                                                                                                     +-|   
          |                                                                                                         |   
     1200 |-+                                                                                                     +-|   
          |                                                                                                         |   
     1000 |-+                                                                                                     +-|   
          |                                                                                                         |   
          |                                                                                                         |   
      800 |-+                                                                                                     +-|   
          |                                                                                                         |   
      600 |-+                                                                                                     +-|   
          |                                                                                                         |   
      400 |-+                                                                                                     +-|   
          |                                                                                                         |   
          |                                                                                                         |   
      200 |*+                                                                                                     +-|   
          |***        +           +          +           +           +           +          +           +           |   
        0 +---------------------------------------------------------------------------------------------------------+   
          0         500000      1e+06     1.5e+06      2e+06      2.5e+06      3e+06     3.5e+06      4e+06      4.5e+06
                                                             Site                                                       
                                                                                                                        
                                                                                                                        
                             Scatter plot of depth variance vs mean depth per site before FILTER04.                     
                                                                                                                        
     1.6e+06 +------------------------------------------------------------------------------------------------------+   
             |         +          +         +    *    +          +  **     +         +         +          +         |   
             |                                                                        'meandepthVSvariance'    *    |   
     1.4e+06 |-+                                                                                                  +-|   
             |                                                      *                                               |   
             |                                                                                               *      |   
     1.2e+06 |-+                                                                                           *      +-|   
             |                                                                                               *      |   
             |          *                                                                                           |   
       1e+06 |-+                                               *                                                  +-|   
             |                                                 *                                                    |   
      800000 |-+                                                  *                *                              +-|   
             |                    **                  *                          *                *                 |   
             |                   **                 **   **      *                             *                    |   
      600000 |-+                  *                *    *            *    * *                                     +-|   
             |                 *                       *         *   *****        *                                 |   
             |                            *                       * *    *                                          |   
      400000 |-+            *              **   **  ****    *  *    **                                            +-|   
             |            *           *  ***  *** * **    *** *                                                     |   
             |         ****        * ******************  ***                                                        |   
      200000 |-+      ** *   * ***************** **** * ***      *                                                +-|   
             |     * * ** ********************** **** *     *                                                       |   
             |  *******************************   *   +          +         +         +         +          +         |   
           0 +------------------------------------------------------------------------------------------------------+   
             0        200        400       600       800        1000      1200      1400      1600       1800      2000 
                                                           Mean Depth                                                   
                                                                                                                        
     vcftools --vcf lle.poly.ssl.Lle-C-3NR-R1R2ORPH-contam-noisolate-off.Fltr03.3.recode.vcf --min-meanDP 5 --recode --recode-INFO-all --out lle.poly.ssl.Lle-C-3NR-R1R2ORPH-contam-noisolate-off.Fltr04.4.recode.vcf 2> /dev/null
	Sites remaining:	423838
	Contigs remaining:	18513


Tue Jan 18 18:43:15 EST 2022 ---------------------------FILTER14: If individual's genotype has DP < X, convert to missing data -----------------------------
                                                                                                                        
                                           Histogram of genotype depth before FILTER14                                  
                                                                                                                        
     1.4e+07 +------------------------------------------------------------------------------------------------------+   
             |*****               +                   +                    +                   +                    |   
             |    *                                    'genotypedepthbefore' using (bin($1,binwidth)):(1.0) ******* |   
     1.2e+07 |-+  *                                                                                               +-|   
             |    *                                                                                                 |   
             |    *                                                                                                 |   
             |    *                                                                                                 |   
       1e+07 |-+  *                                                                                               +-|   
             |    *                                                                                                 |   
             |    ******                                                                                            |   
       8e+06 |-+  *    *                                                                                          +-|   
             |    *    *                                                                                            |   
             |    *    *                                                                                            |   
       6e+06 |-+  *    *                                                                                          +-|   
             |    *    ******                                                                                       |   
             |    *    *    *                                                                                       |   
       4e+06 |-+  *    *    *                                                                                     +-|   
             |    *    *    *******                                                                                 |   
             |    *    *    *     *                                                                                 |   
             |    *    *    *     ******                                                                            |   
       2e+06 |-+  *    *    *     *    ***********                                                                +-|   
             |    *    *    *     *    *    *    **********************                                             |   
             |    *    *    *     *    *    *    *    *    *     *    **********************************************|   
           0 +------------------------------------------------------------------------------------------------------+   
             0                    20                  40                   60                  80                  100  
                                                              Depth                                                     
                                                                                                                        
                                                                                                                        
                                    Scatter plot of mean depth per site before FILTER14.                                
                                                                                                                        
     100 +----------------------------------------------------------------------------------------------------------+   
         |             **  +                 +                 +                +                 +                 |   
         |              *                                                             'genotypedepthbefore'    *    |   
         |              **                                                                                          |   
         |               **                                                                                         |   
      80 |-+              **                                                                                      +-|   
         |                 **                                                                                       |   
         |                  **                                                                                      |   
         |                   **                                                                                     |   
      60 |-+                  ***                                                                                 +-|   
         |                      **                                                                                  |   
         |                       **                                                                                 |   
 Depth   |                        ***                                                                               |   
         |                          ***                                                                             |   
      40 |-+                          ***                                                                         +-|   
         |                              ***                                                                         |   
         |                                ***                                                                       |   
         |                                  *****                                                                   |   
      20 |-+                                    *****                                                             +-|   
         |                                          ******                                                          |   
         |                                               *********                                                  |   
         |                                                       ************                                       |   
         |                 +                 +                 +            ***************       +                 |   
       0 +----------------------------------------------------------------------------------------------------------+   
         0               1e+07             2e+07             3e+07            4e+07             5e+07             6e+07 
                                                          Genotype                                                      
                                                                                                                        
     vcftools --vcf lle.poly.ssl.Lle-C-3NR-R1R2ORPH-contam-noisolate-off.Fltr04.4.recode.vcf --minDP 10 --recode --recode-INFO-all --out lle.poly.ssl.Lle-C-3NR-R1R2ORPH-contam-noisolate-off.Fltr14.5.recode.vcf 2> /dev/null | vcffixup -
	Sites remaining:	423838
	Contigs remaining:	18513


Tue Jan 18 18:51:19 EST 2022 ---------------------------FILTER07: Remove sites with Alternate Allele Count <=X -----------------------------
     vcffixup lle.poly.ssl.Lle-C-3NR-R1R2ORPH-contam-noisolate-off.Fltr14.5.recode.vcf | vcffilter -s -f "AC > 0 & AN - AC > 0"  > lle.poly.ssl.Lle-C-3NR-R1R2ORPH-contam-noisolate-off.Fltr07.6.vcf
	Sites remaining:	410699
	Contigs remaining:	18428

Tue Jan 18 18:52:06 EST 2022 ---------------------------FILTER05: Remove sites called in <X proportion of individuals -----------------------------
                                                                                                                        
                                    Histogram of the proportion of genotypes that are missing                           
                                                                                                                        
     120000 +-------------------------------------------------------------------------------------------------------+   
            |*****               +                    +                   +                    +                    |   
            |    *                                         'sitemissingness' using (bin($1,binwidth)):(1.0) ******* |   
            |    *                                                                                                  |   
     100000 |-+  *                                                                                                +-|   
            |    *                                                                                                  |   
            |    *                                                                                                  |   
            |    *                                                                                                  |   
      80000 |-+  *                                                                                                +-|   
            |    *                                                                                                  |   
            |    *                                                                                                  |   
      60000 |-+  *                                                                                                +-|   
            |    *                                                                                                  |   
            |    *                                                                                                  |   
            |    *                                                                                                  |   
      40000 |-+  *                                                                        ******                  +-|   
            |    *                                                                        *    ******               |   
            |    *                                                                        *    *    *               |   
            |    *                                                                   ******    *    *               |   
      20000 |-+  ******                                                         ******    *    *    *             +-|   
            |    *    **********************                              *******    *    *    *    *               |   
            |    *    *     *    *    *    ********************************     *    *    *    *    *******         |   
            |    *    *     *    *    *    *    *     *    *    *    *    *     *    *    *    *    *     *         |   
          0 +-------------------------------------------------------------------------------------------------------+   
            0                   0.2                  0.4                 0.6                  0.8                   1   
                                                       Proportion Missing                                               
                                                                                                                        
                                                                                                                        
                                Scatter plot of the proportion of genotypes that are missing.                           
                                                                                                                        
       1 +----------------------------------------------------------------------------------------------------------+   
         |           +           +           +           +          +           +           +           +           |   
     0.9 |-+                                                                              'sitemissingness'    *  +-|   
         |***                                                                                                       |   
         |  **********                                                                                              |   
     0.8 |-+         ********                                                                                     +-|   
         |                  *******                                                                                 |   
     0.7 |-+                      *****                                                                           +-|   
         |                            *****                                                                         |   
     0.6 |-+                              ****                                                                    +-|   
         |                                   ****                                                                   |   
     0.5 |-+                                    ***                                                               +-|   
         |                                        ***                                                               |   
         |                                          ****                                                            |   
     0.4 |-+                                           ***                                                        +-|   
         |                                               ***                                                        |   
     0.3 |-+                                               ****                                                   +-|   
         |                                                    *****                                                 |   
     0.2 |-+                                                      ***                                             +-|   
         |                                                          *****                                           |   
         |                                                              ****                                        |   
     0.1 |-+                                                               ****                                   +-|   
         |           +           +           +           +          +         ************* +           +           |   
       0 +----------------------------------------------------------------------------------------------------------+   
         0         50000       100000      150000      200000     250000      300000      350000      400000      450000
                                                            Site                                                        
                                                                                                                        
     vcftools --vcf lle.poly.ssl.Lle-C-3NR-R1R2ORPH-contam-noisolate-off.Fltr07.6.vcf --max-missing 0.55 --recode --recode-INFO-all --out lle.poly.ssl.Lle-C-3NR-R1R2ORPH-contam-noisolate-off.Fltr05.7.recode.vcf 2> /dev/null
	Sites remaining:	226272
	Contigs remaining:	8436


Tue Jan 18 18:52:52 EST 2022 ---------------------------FILTER16: Remove Individuals|Libraries with Too Much Missing Data-----------------------------
                                                                                                                        
             Histogram of % missing data per individual|library before filter. Bars to the left are desireable.         
                                                                                                                        
     18 +-----------------------------------------------------------------------------------------------------------+   
        |   **                +                    +                     +                    +                     |   
        |   **                                                'totalmissing' using (bin($1,binwidth)):(1.0) ******* |   
     16 |-+ **                                                                                                    +-|   
        |   **                                                                                                      |   
     14 |-+ **                                                                                                    +-|   
        |   ***                                                                                                     |   
        |   ***                                                                                                     |   
     12 |-+ ***                                                                                                   +-|   
        |   ***                                                                                                     |   
     10 |-+ ***                                                                                                   +-|   
        |******                                                                                                     |   
        |******                                                                                                     |   
      8 |******                                                                                                   +-|   
        |********                                                                                                   |   
      6 |****** *                 **                                                                              +-|   
        |****** *                 **                                                                                |   
        |****** **                **                                                                                |   
      4 |****** ****            ****                                                                              +-|   
        |****** ****         ** ****  ***                                                                           |   
      2 |****** ******** ************** ** ***                                                                    +-|   
        |****** *****  * * * ********** ** * *                                                                      |   
        |****** *****  *** * ********** **** ********************************************     +                     |   
      0 +-----------------------------------------------------------------------------------------------------------+   
        0                    0.2                  0.4                   0.6                  0.8                    1   
                                                     % missing genotypes                                                
                                                                                                                        
                                                                                                                        
                                   Scatter plot of % missing data per individual|library.                               
                                                                                                                        
       1 +----------------------------------------------------------------------------------------------------------+   
         |                +               +                +               +                +                +      |   
         |                                                                                      'imiss.dat'    *    |   
         |                                                                                                          |   
         |                                                                                                          |   
     0.8 |-+                                                                                                      +-|   
         |**                                                                                                        |   
         | *                                                                                                        |   
         |                                                                                                          |   
     0.6 |-+                                                                                                      +-|   
         |                                                                                                          |   
         |                                                                                                          |   
         |                                                                                                          |   
         |                                                                                                          |   
     0.4 |-+**                                                                                                    +-|   
         |    ***                                                                                                   |   
         |      ******                                                                                              |   
         |           *********                                                                                      |   
     0.2 |-+                  ********                                                                            +-|   
         |                            ******                                                                        |   
         |                                  **                                                                      |   
         |                                   ****************                                                       |   
         |                +               +                +******************************************       +      |   
       0 +----------------------------------------------------------------------------------------------------------+   
         0                20              40               60              80              100              120         
                                                         Individual                                                     
                                                                                                                        
 3 individuals|libraries with too much missing data:
INDV
Lle-AHam_008-LlA01008-L1-fp1-clmp-fp2-fqscrn-repr
Lle-AHam_013-LlA01013-L1-fp1-clmp-fp2-fqscrn-repr
Lle-CNas_063-LlC01063-L1-fp1-clmp-fp2-fqscrn-repr
     vcftools --vcf lle.poly.ssl.Lle-C-3NR-R1R2ORPH-contam-noisolate-off.Fltr05.7.recode.vcf --remove lle.poly.ssl.Lle-C-3NR-R1R2ORPH-contam-noisolate-off.Fltr16.8.lowDP-2.indv --recode --recode-INFO-all --out lle.poly.ssl.Lle-C-3NR-R1R2ORPH-contam-noisolate-off.Fltr16.8.recode.vcf 2> /dev/null | vcffixup -
	Sites remaining:	226272
	Contigs remaining:	8436


 Individuals|Libraries Remaining Per Sample
     30 Lle-AHam
     95 Lle-CNas

Tue Jan 18 18:53:32 EST 2022 ---------------------------FILTER15: Remove sites with maf > minor allele frequency > max-maf -----------------------------
     vcftools --vcf lle.poly.ssl.Lle-C-3NR-R1R2ORPH-contam-noisolate-off.Fltr16.8.recode.vcf --maf 0 --max-maf 1 --recode --recode-INFO-all --out lle.poly.ssl.Lle-C-3NR-R1R2ORPH-contam-noisolate-off.Fltr15.9.recode.vcf 2> /dev/null
	Sites remaining:	226272
	Contigs remaining:	8436


Tue Jan 18 18:53:53 EST 2022 ---------------------------FILTER06: Remove sites with Average Allele Balance deviating too far from 0.5 while keeping those with AB=0  -----------------------------
                                                                                                                        
                                                  Histogram of Allele Balance                                           
                                                                                                                        
     16000 +--------------------------------------------------------------------------------------------------------+   
           |                    +                    +                    +                    +                    |   
           |                                                    'siteAB.dat' using (bin($1,binwidth)):(1.0) ******* |   
     14000 |*****                                                                                                 +-|   
           |    *                                                                                                   |   
           |    *                                                                                                   |   
     12000 |-+  *                                                                                                 +-|   
           |    *                                                                                                   |   
           |    *                                                                                                   |   
     10000 |-+  *                                                                                                 +-|   
           |    *                                                                                                   |   
      8000 |-+  *                                         ****  **                                                +-|   
           |    *                                        ****** **                                                  |   
           |    *                                       ******* **                                                  |   
      6000 |-+  *                                    ********** **                                                +-|   
           |    *                                    ***************                                                |   
           |    *                                  ************ ****                                                |   
      4000 |-+  *                                 ************* *****                                             +-|   
           |    *                                 ************* *******                                             |   
           |    *           ****              ***************** *********                                           |   
      2000 |-+  *          ************************************ ************                                      +-|   
           |    *        ***************** ******************** ******************        **   ********** **        |   
           |    *   ********************** ******************** ********************************************        |   
         0 +--------------------------------------------------------------------------------------------------------+   
           0                   0.2                  0.4                  0.6                  0.8                   1   
                   Allele Balance ~ proportion of alleles in heterozygotes that are reference allelic state             
                                                                                                                        
                                                                                                                        
                                               Scatter plot of Allele Balance.                                          
                                                                                                                        
       1 +----------------------------------------------------------------------------------------------------------+   
         |                    +                     +                    +                     +                    |   
     0.9 |*+                                                                                   'siteAB.dat'    *  +-|   
         |***                                                                                                       |   
         |  ***                                                                                                     |   
     0.8 |-+  ***                                                                                                 +-|   
         |      **                                                                                                  |   
     0.7 |-+     ***                                                                                              +-|   
         |         ***                                                                                              |   
     0.6 |-+         ****                                                                                         +-|   
         |              ******                                                                                      |   
     0.5 |-+                 ************                                                                         +-|   
         |                              ***************                                                             |   
         |                                            ***************                                               |   
     0.4 |-+                                                        **********                                    +-|   
         |                                                                   *****                                  |   
     0.3 |-+                                                                     *****                            +-|   
         |                                                                           *****                          |   
     0.2 |-+                                                                             *****                    +-|   
         |                                                                                   ******                 |   
         |                                                                                        **                |   
     0.1 |-+                                                                                       **             +-|   
         |                    +                     +                    +                     +                    |   
       0 +----------------------------------------------------------------------------------------------------------+   
         0                  50000                 100000               150000                200000               250000
                                                            Site                                                        
                                                                                                                        
     vcffixup lle.poly.ssl.Lle-C-3NR-R1R2ORPH-contam-noisolate-off.Fltr15.9.recode.vcf | vcffilter -s -f "AB > 0.375 & AB < 0.625 | AB = 0"  > lle.poly.ssl.Lle-C-3NR-R1R2ORPH-contam-noisolate-off.Fltr06.10.vcf
	Sites remaining:	141543
	Contigs remaining:	7246

Tue Jan 18 18:54:57 EST 2022 ---------------------------FILTER11: Remove sites with Quality/DP ratio < X -----------------------------
     vcffilter -s -f "QUAL / DP > 0.2" lle.poly.ssl.Lle-C-3NR-R1R2ORPH-contam-noisolate-off.Fltr06.10.vcf > lle.poly.ssl.Lle-C-3NR-R1R2ORPH-contam-noisolate-off.Fltr11.11.vcf
	Sites remaining:	76781
	Contigs remaining:	6878

Tue Jan 18 18:55:07 EST 2022 ---------------------------FILTER09: Remove sites with low/high ratio of mean mapping quality of alt to ref -----------------------------
     vcffilter -s -f "MQM / MQMR > 0.75 & MQM / MQMR < 1.33333" lle.poly.ssl.Lle-C-3NR-R1R2ORPH-contam-noisolate-off.Fltr11.11.vcf > lle.poly.ssl.Lle-C-3NR-R1R2ORPH-contam-noisolate-off.Fltr09.12.vcf
	Sites remaining:	76703
	Contigs remaining:	6863

Tue Jan 18 18:55:14 EST 2022 ---------------------------FILTER10: Remove sites with one allele only supported by reads not properly paired -----------------------------
     vcffilter -s -f "PAIRED > 0.05 & PAIREDR > 0.05 & PAIREDR / PAIRED < 1.75 & PAIREDR / PAIRED > 0.25 | PAIRED < 0.05 & PAIREDR < 0.05" lle.poly.ssl.Lle-C-3NR-R1R2ORPH-contam-noisolate-off.Fltr09.12.vcf > lle.poly.ssl.Lle-C-3NR-R1R2ORPH-contam-noisolate-off.Fltr10.13.vcf
	Sites remaining:	76696
	Contigs remaining:	6861

Tue Jan 18 18:55:22 EST 2022 ---------------------------FILTER04: Remove Sites With Mean Depth of Coverage < min-meanDP -----------------------------
                                                                                                                        
                                       Histogram of mean depth per site before FILTER04                                 
                                                                                                                        
     2000 +---------------------------------------------------------------------------------------------------------+   
          |*         +         +          +         +          +          +         +          +         +          |   
     1800 |*+                                          'sitedepthmeanbefore' using (bin($1,binwidth)):(1.0) *******-|   
          |*                                                                                                        |   
          |*                                                                                                        |   
     1600 |*+                                                                                                     +-|   
          |*                                                                                                        |   
     1400 |*+                                                                                                     +-|   
          |*                                                                                                        |   
     1200 |*+                                                                                                     +-|   
          |*                                                                                                        |   
     1000 |*+                                                                                                     +-|   
          |**                                                                                                       |   
          |**                                                                                                       |   
      800 |**                                                                                                     +-|   
          |**                                                                                                       |   
      600 |**                                                                                                     +-|   
          |***                                                                                                      |   
      400 |****                                                                                                   +-|   
          |*****                                                                                                    |   
          |*******                                                                                                  |   
      200 |*********                                                                                              +-|   
          |*************       +          +         +          +          +         +          +         +          |   
        0 +---------------------------------------------------------------------------------------------------------+   
          0         200       400        600       800        1000       1200      1400       1600      1800       2000 
                                                          Mean Depth                                                    
                                                                                                                        
                                                                                                                        
                                     Scatter plot of mean depth per site before FILTER04.                               
                                                                                                                        
     2000 +---------------------------------------------------------------------------------------------------------+   
          |            +             +            +            +            +             +            +            |   
     1800 |-+                                                                         'sitedepthmeanbefore'    *  +-|   
          |                                                                                                         |   
          |                                                                                                         |   
     1600 |-+                                                                                                     +-|   
          |                                                                                                         |   
     1400 |-+                                                                                                     +-|   
          |                                                                                                         |   
     1200 |-+                                                                                                     +-|   
          |                                                                                                         |   
     1000 |-+                                                                                                     +-|   
          |                                                                                                         |   
          |                                                                                                         |   
      800 |-+                                                                                                     +-|   
          |                                                                                                         |   
      600 |-+                                                                                                     +-|   
          |                                                                                                         |   
      400 |-+                                                                                                     +-|   
          |*                                                                                                        |   
          |*****                                                                                                    |   
      200 |-+  ***************                                                                                    +-|   
          |            +     **************************************         +             +            +            |   
        0 +---------------------------------------------------------------------------------------------------------+   
          0          10000         20000        30000        40000        50000         60000        70000        80000 
                                                             Site                                                       
                                                                                                                        
                                                                                                                        
                             Scatter plot of depth variance vs mean depth per site before FILTER04.                     
                                                                                                                        
     1.2e+06 +------------------------------------------------------------------------------------------------------+   
             |         +          +         +         +          +         +         +         +          +         |   
             |                                                                        'meandepthVSvariance'    *    |   
             |                                                                                                      |   
       1e+06 |-+                                                                                                  +-|   
             |                                                                                                      |   
             |                                                                                                      |   
             |                                                                                                      |   
      800000 |-+                   *                   *                                                          +-|   
             |                                                                                                      |   
             |                                        *           *                                                 |   
      600000 |-+                                                                                                  +-|   
             |                                                                                                      |   
             |                                                         *                                            |   
             |                                                            *                                         |   
      400000 |-+                                 *                    *                                           +-|   
             |                            **                 *                                                      |   
             |             *                  *  * **                                                               |   
             |           *              *    *** *   *      *                                                       |   
      200000 |-+                     ************    *            *                                               +-|   
             |                  **** *** * *  *        *                                                            |   
             |            ******** ********  ***   *                                                                |   
             |  *******************************       +          +         +         +         +          +         |   
           0 +------------------------------------------------------------------------------------------------------+   
             0        200        400       600       800        1000      1200      1400      1600       1800      2000 
                                                           Mean Depth                                                   
                                                                                                                        
     vcftools --vcf lle.poly.ssl.Lle-C-3NR-R1R2ORPH-contam-noisolate-off.Fltr10.13.vcf --min-meanDP 15 --recode --recode-INFO-all --out lle.poly.ssl.Lle-C-3NR-R1R2ORPH-contam-noisolate-off.Fltr04.14.recode.vcf 2> /dev/null
	Sites remaining:	70058
	Contigs remaining:	6574


Tue Jan 18 18:55:34 EST 2022 ---------------------------FILTER13: Remove sites with mean DP greater than X  -----------------------------
                                                                                                                        
                                        Histogram of mean depth per site before filter                                  
                                                                                                                        
     2500 +---------------------------------------------------------------------------------------------------------+   
          |          +         +          +         +          +          +         +          +         +          |   
          |                                         'meandepthpersitebefore' using (bin($1,binwidth)):(1.0) ******* |   
          |                                                                                                         |   
          |*                                                                                                        |   
     2000 |*+                                                                                                     +-|   
          |*                                                                                                        |   
          |*                                                                                                        |   
          |*                                                                                                        |   
     1500 |*+                                                                                                     +-|   
          |*                                                                                                        |   
          |*                                                                                                        |   
          |*                                                                                                        |   
          |*                                                                                                        |   
     1000 |*+                                                                                                     +-|   
          |**                                                                                                       |   
          |**                                                                                                       |   
          |**                                                                                                       |   
      500 |***                                                                                                    +-|   
          |****                                                                                                     |   
          |*****                                                                                                    |   
          |********                                                                                                 |   
          |*************       +          +         +          +          +         +          +         +          |   
        0 +---------------------------------------------------------------------------------------------------------+   
          0         200       400        600       800        1000       1200      1400       1600      1800       2000 
                                                          Mean Depth                                                    
                                                                                                                        
     vcftools --vcf lle.poly.ssl.Lle-C-3NR-R1R2ORPH-contam-noisolate-off.Fltr04.14.recode.vcf --max-meanDP 200 --recode --recode-INFO-all --out lle.poly.ssl.Lle-C-3NR-R1R2ORPH-contam-noisolate-off.Fltr13.15.recode.vcf 2> /dev/null
	Sites remaining:	64937
	Contigs remaining:	6556


Tue Jan 18 18:55:43 EST 2022 ---------------------------FILTER05: Remove sites called in <X proportion of individuals -----------------------------
                                                                                                                        
                                   Histogram of the proportion of genotypes that are missing                            
                                                                                                                        
     40000 +--------------------------------------------------------------------------------------------------------+   
           |                    +                    +                    +                    +                    |   
           |*****                                          'sitemissingness' using (bin($1,binwidth)):(1.0) ******* |   
     35000 |-+  *                                                                                                 +-|   
           |    *                                                                                                   |   
           |    *                                                                                                   |   
     30000 |-+  *                                                                                                 +-|   
           |    *                                                                                                   |   
           |    *                                                                                                   |   
     25000 |-+  *                                                                                                 +-|   
           |    *                                                                                                   |   
     20000 |-+  *                                                                                                 +-|   
           |    *                                                                                                   |   
           |    *                                                                                                   |   
     15000 |-+  *                                                                                                 +-|   
           |    *                                                                                                   |   
           |    *                                                                                                   |   
     10000 |-+  *                                                                                                 +-|   
           |    *                                                                                                   |   
           |    *               ******                                                                              |   
      5000 |-+  *******         *    *******                                                                      +-|   
           |    *     ***********    *     ******                                                                   |   
           |    *     *    *    *    *     *    ******                    +                    +                    |   
         0 +--------------------------------------------------------------------------------------------------------+   
           0                   0.2                  0.4                  0.6                  0.8                   1   
                                                      Proportion Missing                                                
                                                                                                                        
                                                                                                                        
                                 Scatter plot of the proportion of genotypes that are missing.                          
                                                                                                                        
     0.45 +---------------------------------------------------------------------------------------------------------+   
          |              +              +              +               +              +              +              |   
          |*                                                                              'sitemissingness'    *    |   
      0.4 |*+                                                                                                     +-|   
          |**                                                                                                       |   
     0.35 |-**                                                                                                    +-|   
          |  **                                                                                                     |   
          |   ****                                                                                                  |   
      0.3 |-+    ****                                                                                             +-|   
          |         ***                                                                                             |   
     0.25 |-+         ******                                                                                      +-|   
          |                ****                                                                                     |   
          |                   *****                                                                                 |   
      0.2 |-+                     ***                                                                             +-|   
          |                         ****                                                                            |   
     0.15 |-+                          ***                                                                        +-|   
          |                              ****                                                                       |   
          |                                 ***                                                                     |   
      0.1 |-+                                 ***                                                                 +-|   
          |                                     *****                                                               |   
     0.05 |-+                                       ***                                                           +-|   
          |                                           *******                                                       |   
          |              +              +              +    ********   +              +              +              |   
        0 +---------------------------------------------------------------------------------------------------------+   
          0            10000          20000          30000           40000          50000          60000          70000 
                                                             Site                                                       
                                                                                                                        
     vcftools --vcf lle.poly.ssl.Lle-C-3NR-R1R2ORPH-contam-noisolate-off.Fltr13.15.recode.vcf --max-missing 0.8 --recode --recode-INFO-all --out lle.poly.ssl.Lle-C-3NR-R1R2ORPH-contam-noisolate-off.Fltr05.16.recode.vcf 2> /dev/null
	Sites remaining:	49238
	Contigs remaining:	5616


Tue Jan 18 18:55:50 EST 2022 ---------------------------FILTER16: Remove Individuals|Libraries with Too Much Missing Data-----------------------------
                                                                                                                        
             Histogram of % missing data per individual|library before filter. Bars to the left are desireable.         
                                                                                                                        
     70 +-----------------------------------------------------------------------------------------------------------+   
        |*                    +                    +                     +                    +                     |   
        |*                                                    'totalmissing' using (bin($1,binwidth)):(1.0) ******* |   
     60 |*+                                                                                                       +-|   
        |*                                                                                                          |   
        |*                                                                                                          |   
        |*                                                                                                          |   
     50 |*+                                                                                                       +-|   
        |*                                                                                                          |   
        |*                                                                                                          |   
     40 |*+                                                                                                       +-|   
        |*                                                                                                          |   
        |*                                                                                                          |   
     30 |*+                                                                                                       +-|   
        |*                                                                                                          |   
        |*                                                                                                          |   
     20 |*+                                                                                                       +-|   
        |**                                                                                                         |   
        |**                                                                                                         |   
        |**                                                                                                         |   
     10 |**                                                                                                       +-|   
        |** **                                                                                                      |   
        |************ ****    ****                 +                     +                    +                     |   
      0 +-----------------------------------------------------------------------------------------------------------+   
        0                    0.2                  0.4                   0.6                  0.8                    1   
                                                     % missing genotypes                                                
                                                                                                                        
                                                                                                                        
                                   Scatter plot of % missing data per individual|library.                               
                                                                                                                        
       1 +----------------------------------------------------------------------------------------------------------+   
         |                +                +                +                +                +                +    |   
         |                                                                                      'imiss.dat'    *    |   
         |                                                                                                          |   
         |                                                                                                          |   
     0.8 |-+                                                                                                      +-|   
         |                                                                                                          |   
         |                                                                                                          |   
         |                                                                                                          |   
     0.6 |-+                                                                                                      +-|   
         |                                                                                                          |   
         |                                                                                                          |   
         |                                                                                                          |   
         |                                                                                                          |   
     0.4 |-+                                                                                                      +-|   
         |                                                                                                          |   
         |                                                                                                          |   
         |**                                                                                                        |   
     0.2 |-+*                                                                                                     +-|   
         |   *****                                                                                                  |   
         |       ******                                                                                             |   
         |             ************                                                                                 |   
         |                +        ***********              +                +                +                +    |   
       0 +----------------------------------------------------------------------------------------------------------+   
         0                20               40               60               80              100              120       
                                                         Individual                                                     
                                                                                                                        
 4 individuals|libraries with too much missing data:
INDV
Lle-AHam_016-LlA01016-L1-fp1-clmp-fp2-fqscrn-repr
Lle-AHam_020-LlA01020-L1-fp1-clmp-fp2-fqscrn-repr
Lle-AHam_025-LlA01025-L1-fp1-clmp-fp2-fqscrn-repr
Lle-CNas_043-LlC01043-L1-fp1-clmp-fp2-fqscrn-repr
     vcftools --vcf lle.poly.ssl.Lle-C-3NR-R1R2ORPH-contam-noisolate-off.Fltr05.16.recode.vcf --remove lle.poly.ssl.Lle-C-3NR-R1R2ORPH-contam-noisolate-off.Fltr16.17.lowDP-2.indv --recode --recode-INFO-all --out lle.poly.ssl.Lle-C-3NR-R1R2ORPH-contam-noisolate-off.Fltr16.17.recode.vcf 2> /dev/null | vcffixup -
	Sites remaining:	49238
	Contigs remaining:	5616


 Individuals|Libraries Remaining Per Sample
     27 Lle-AHam
     94 Lle-CNas

Tue Jan 18 18:56:00 EST 2022 ---------------------------FILTER07: Remove sites with Alternate Allele Count <=X -----------------------------
     vcffixup lle.poly.ssl.Lle-C-3NR-R1R2ORPH-contam-noisolate-off.Fltr16.17.recode.vcf | vcffilter -s -f "AC > 0 & AN - AC > 0"  > lle.poly.ssl.Lle-C-3NR-R1R2ORPH-contam-noisolate-off.Fltr07.18.vcf
	Sites remaining:	47611
	Contigs remaining:	5581

Tue Jan 18 18:56:07 EST 2022 ---------------------------FILTER18: Remove sites not in HWE p<X) -----------------------------
Processing population: Ela-AHam (10 inds)
Processing population: Ela-CNas (96 inds)
Processing population: Lle-AHam (22 inds)
Outputting results of HWE test for filtered loci to 'filtered.hwe'
Kept 46191 of a possible 47611 loci (filtered 1420 loci)

	Sites remaining:	46191
	Contigs remaining:	5867
	Sites remaining:	46191
	Contigs remaining:	5269

Tue Jan 18 18:56:40 EST 2022 ---------------------------FILTER17: Remove sites with data missing for too many individuals|libraries in a population -----------------------------
     Using PopMap File: /scratch/r3clark/PIRE-Lle-Ham/mkVCF_monomorphic/popmap.ssl.Lle-C-3NR-R1R2ORPH-contam-noisolate-off.HWEsplit
     vcftools --vcf lle.poly.ssl.Lle-C-3NR-R1R2ORPH-contam-noisolate-off.Fltr18.19.HWE.recode.vcf --exclude-positions lle.poly.ssl.Lle-C-3NR-R1R2ORPH-contam-noisolate-off.Fltr17.20.badloci --recode --recode-INFO-all --out lle.poly.ssl.Lle-C-3NR-R1R2ORPH-contam-noisolate-off.Fltr17.20.recode.vcf 2> /dev/null
	Sites remaining:	41236
	Contigs remaining:	5096


Tue Jan 18 18:57:13 EST 2022  --------------------------- Filtering complete! ---------------------------

