[2022-10-05 16:33:49,506] multiqc                                            [DEBUG  ]  No MultiQC config found: /opt/conda/lib/python3.7/site-packages/multiqc_config.yaml
[2022-10-05 16:33:49,507] multiqc                                            [DEBUG  ]  No MultiQC config found: /home/breid/.multiqc_config.yaml
[2022-10-05 16:33:49,507] multiqc                                            [DEBUG  ]  No MultiQC config found: multiqc_config.yaml
[2022-10-05 16:33:49,508] multiqc                                            [DEBUG  ]  Command used: /opt/conda/bin/multiqc fq_fp1_clmp_fp2 -n fq_fp1_clmp_fp2/2nd_fastp_report
[2022-10-05 16:33:50,095] multiqc                                            [WARNING]  MultiQC Version v1.13 now available!
[2022-10-05 16:33:50,095] multiqc                                            [INFO   ]  This is MultiQC v1.9
[2022-10-05 16:33:50,095] multiqc                                            [DEBUG  ]  Command     : /opt/conda/bin/multiqc fq_fp1_clmp_fp2 -n fq_fp1_clmp_fp2/2nd_fastp_report
[2022-10-05 16:33:50,095] multiqc                                            [DEBUG  ]  Working dir : /home/e1garcia/shotgun_PIRE/pire_cssl_data_processing/siganus_spinus
[2022-10-05 16:33:50,095] multiqc                                            [INFO   ]  Template    : default
[2022-10-05 16:33:50,095] multiqc                                            [DEBUG  ]  Running Python 3.7.7 (default, Jun 26 2020, 05:10:03)  [GCC 7.3.0]
[2022-10-05 16:33:50,096] multiqc                                            [INFO   ]  Searching   : /home/e1garcia/shotgun_PIRE/pire_cssl_data_processing/siganus_spinus/fq_fp1_clmp_fp2
[2022-10-05 16:33:50,097] multiqc                                            [DEBUG  ]  Analysing modules: custom_content, conpair, peddy, somalier, methylQA, mosdepth, phantompeakqualtools, qualimap, preseq, quast, qorts, rna_seqc, rockhopper, rsem, rseqc, busco, goleft_indexcov, disambiguate, supernova, deeptools, sargasso, verifybamid, mirtrace, happy, mirtop, homer, macs2, theta2, snpeff, gatk, htseq, bcftools, featureCounts, fgbio, dragen, dedup, damageprofiler, biobambam2, mtnucratio, picard, prokka, samblaster, samtools, sexdeterrmine, bamtools, jellyfish, vcftools, longranger, stacks, varscan2, bbmap, bismark, biscuit, hicexplorer, hicup, hicpro, salmon, kallisto, slamdunk, star, hisat2, tophat, bowtie2, bowtie1, snpsplit, kat, leehom, adapterRemoval, clipandmerge, cutadapt, flexbar, kaiju, kraken, malt, trimmomatic, sickle, skewer, sortmerna, biobloomtools, fastq_screen, afterqc, fastp, fastqc, pycoqc, minionqc, multivcfanalyzer, clusterflow, bcl2fastq, interop, ivar, flash, seqyclean
[2022-10-05 16:33:50,097] multiqc                                            [DEBUG  ]  Using temporary directory for creating report: /tmp/tmpnmw8idwe
[2022-10-05 16:33:50,332] multiqc                                            [DEBUG  ]  Ignoring file as matched an ignore pattern: Ssp-CGub_008-Ex1-cssl.clmp.r1r2_fastp.html
[2022-10-05 16:33:50,332] multiqc                                            [DEBUG  ]  Ignoring file as matched an ignore pattern: Ssp-CGub_013-Ex1-cssl.clmp.fp2_r2.fq.gz
[2022-10-05 16:33:50,332] multiqc                                            [DEBUG  ]  Ignoring file as matched an ignore pattern: Ssp-CGub_033-Ex1-cssl.clmp.fp2_r2.fq.gz
[2022-10-05 16:33:50,332] multiqc                                            [DEBUG  ]  Ignoring file as matched an ignore pattern: Ssp-AAtu_050-Ex1-cssl.clmp.fp2_r1.fq.gz
[2022-10-05 16:33:50,333] multiqc                                            [DEBUG  ]  Ignoring file as matched an ignore pattern: Ssp-AAtu_029-Ex1-cssl.clmp.fp2_r1.fq.gz
[2022-10-05 16:33:50,333] multiqc                                            [DEBUG  ]  Ignoring file as matched an ignore pattern: Ssp-CGub_051-Ex1-cssl.clmp.r1r2_fastp.html
[2022-10-05 16:33:50,333] multiqc                                            [DEBUG  ]  Ignoring file as matched an ignore pattern: Ssp-CGub_053-Ex1-cssl.clmp.fp2_r2.fq.gz
[2022-10-05 16:33:50,333] multiqc                                            [DEBUG  ]  Ignoring file as matched an ignore pattern: Ssp-CGub_042-Ex1-cssl.clmp.fp2_r2.fq.gz
[2022-10-05 16:33:50,333] multiqc                                            [DEBUG  ]  Ignoring file as matched an ignore pattern: Ssp-AAtu_019-Ex1-cssl.clmp.fp2_r1.fq.gz
[2022-10-05 16:33:50,333] multiqc                                            [DEBUG  ]  Ignoring file as matched an ignore pattern: Ssp-AAtu_045-Ex1-cssl.clmp.fp2_r2.fq.gz
[2022-10-05 16:33:50,333] multiqc                                            [DEBUG  ]  Ignoring file as matched an ignore pattern: Ssp-AAtu_027-Ex1-cssl.clmp.r1r2_fastp.html
[2022-10-05 16:33:50,333] multiqc                                            [DEBUG  ]  Ignoring file as matched an ignore pattern: Ssp-CGub_038-Ex1-cssl.clmp.r1r2_fastp.html
[2022-10-05 16:33:50,334] multiqc                                            [DEBUG  ]  Ignoring file as matched an ignore pattern: Ssp-AAtu_012-Ex1-cssl.clmp.fp2_r1.fq.gz
[2022-10-05 16:33:50,335] multiqc                                            [DEBUG  ]  Ignoring file as matched an ignore pattern: Ssp-AAtu_036-Ex1-cssl.clmp.fp2_r1.fq.gz
[2022-10-05 16:33:50,335] multiqc                                            [DEBUG  ]  Ignoring file as matched an ignore pattern: Ssp-CGub_031-Ex1-cssl.clmp.fp2_r1.fq.gz
[2022-10-05 16:33:50,336] multiqc                                            [DEBUG  ]  Ignoring file as matched an ignore pattern: Ssp-AAtu_051-Ex1-cssl.clmp.r1r2_fastp.html
[2022-10-05 16:33:50,336] multiqc                                            [DEBUG  ]  Ignoring file as matched an ignore pattern: Ssp-CGub_016-Ex1-cssl.clmp.fp2_r1.fq.gz
[2022-10-05 16:33:50,336] multiqc                                            [DEBUG  ]  Ignoring file as matched an ignore pattern: Ssp-CGub_073-Ex1-cssl.clmp.fp2_r1.fq.gz
[2022-10-05 16:33:50,337] multiqc                                            [DEBUG  ]  Ignoring file as matched an ignore pattern: Ssp-CGub_006-Ex1-cssl.clmp.r1r2_fastp.html
[2022-10-05 16:33:50,337] multiqc                                            [DEBUG  ]  Ignoring file as matched an ignore pattern: Ssp-AAtu_006-Ex1-cssl.clmp.fp2_r1.fq.gz
[2022-10-05 16:33:50,338] multiqc                                            [DEBUG  ]  Ignoring file as matched an ignore pattern: Ssp-CGub_073-Ex1-cssl.clmp.r1r2_fastp.html
[2022-10-05 16:33:50,338] multiqc                                            [DEBUG  ]  Ignoring file as matched an ignore pattern: Ssp-AAtu_013-Ex1-cssl.clmp.r1r2_fastp.html
[2022-10-05 16:33:50,338] multiqc                                            [DEBUG  ]  Ignoring file as matched an ignore pattern: Ssp-AAtu_029-Ex1-cssl.clmp.r1r2_fastp.html
[2022-10-05 16:33:50,338] multiqc                                            [DEBUG  ]  Ignoring file as matched an ignore pattern: Ssp-AAtu_040-Ex1-cssl.clmp.fp2_r1.fq.gz
[2022-10-05 16:33:50,338] multiqc                                            [DEBUG  ]  Ignoring file as matched an ignore pattern: Ssp-CGub_085-Ex1-cssl.clmp.fp2_r1.fq.gz
[2022-10-05 16:33:50,339] multiqc                                            [DEBUG  ]  Ignoring file as matched an ignore pattern: Ssp-CGub_027-Ex1-cssl.clmp.r1r2_fastp.html
[2022-10-05 16:33:50,339] multiqc                                            [DEBUG  ]  Ignoring file as matched an ignore pattern: Ssp-CGub_036-Ex1-cssl.clmp.fp2_r1.fq.gz
[2022-10-05 16:33:50,339] multiqc                                            [DEBUG  ]  Ignoring file as matched an ignore pattern: Ssp-CGub_055-Ex1-cssl.clmp.r1r2_fastp.html
[2022-10-05 16:33:50,339] multiqc                                            [DEBUG  ]  Ignoring file as matched an ignore pattern: Ssp-AAtu_014-Ex1-cssl.clmp.fp2_r2.fq.gz
[2022-10-05 16:33:50,340] multiqc                                            [DEBUG  ]  Ignoring file as matched an ignore pattern: Ssp-CGub_065-Ex1-cssl.clmp.r1r2_fastp.html
[2022-10-05 16:33:50,340] multiqc                                            [DEBUG  ]  Ignoring file as matched an ignore pattern: Ssp-CGub_042-Ex1-cssl.clmp.r1r2_fastp.html
[2022-10-05 16:33:50,340] multiqc                                            [DEBUG  ]  Ignoring file as matched an ignore pattern: Ssp-CGub_022-Ex1-cssl.clmp.r1r2_fastp.html
[2022-10-05 16:33:50,341] multiqc                                            [DEBUG  ]  Ignoring file as matched an ignore pattern: Ssp-AAtu_016-Ex1-cssl.clmp.fp2_r2.fq.gz
[2022-10-05 16:33:50,341] multiqc                                            [DEBUG  ]  Ignoring file as matched an ignore pattern: Ssp-CGub_058-Ex1-cssl.clmp.fp2_r2.fq.gz
[2022-10-05 16:33:50,341] multiqc                                            [DEBUG  ]  Ignoring file as matched an ignore pattern: Ssp-CGub_054-Ex1-cssl.clmp.r1r2_fastp.html
[2022-10-05 16:33:50,341] multiqc                                            [DEBUG  ]  Ignoring file as matched an ignore pattern: Ssp-AAtu_023-Ex1-cssl.clmp.fp2_r2.fq.gz
[2022-10-05 16:33:50,341] multiqc                                            [DEBUG  ]  Ignoring file as matched an ignore pattern: Ssp-CGub_061-Ex1-cssl.clmp.r1r2_fastp.html
[2022-10-05 16:33:50,341] multiqc                                            [DEBUG  ]  Ignoring file as matched an ignore pattern: Ssp-AAtu_033-Ex1-cssl.clmp.fp2_r2.fq.gz
[2022-10-05 16:33:50,341] multiqc                                            [DEBUG  ]  Ignoring file as matched an ignore pattern: Ssp-CGub_057-Ex1-cssl.clmp.fp2_r2.fq.gz
[2022-10-05 16:33:50,342] multiqc                                            [DEBUG  ]  Ignoring file as matched an ignore pattern: Ssp-AAtu_007-Ex1-cssl.clmp.fp2_r1.fq.gz
[2022-10-05 16:33:50,342] multiqc                                            [DEBUG  ]  Ignoring file as matched an ignore pattern: Ssp-AAtu_033-Ex1-cssl.clmp.r1r2_fastp.html
[2022-10-05 16:33:50,342] multiqc                                            [DEBUG  ]  Ignoring file as matched an ignore pattern: Ssp-AAtu_046-Ex1-cssl.clmp.r1r2_fastp.html
[2022-10-05 16:33:50,342] multiqc                                            [DEBUG  ]  Ignoring file as matched an ignore pattern: Ssp-CGub_089-Ex1-cssl.clmp.fp2_r2.fq.gz
[2022-10-05 16:33:50,343] multiqc                                            [DEBUG  ]  Ignoring file as matched an ignore pattern: Ssp-AAtu_034-Ex1-cssl.clmp.fp2_r2.fq.gz
[2022-10-05 16:33:50,343] multiqc                                            [DEBUG  ]  Ignoring file as matched an ignore pattern: Ssp-CGub_043-Ex1-cssl.clmp.fp2_r2.fq.gz
[2022-10-05 16:33:50,344] multiqc                                            [DEBUG  ]  Ignoring file as matched an ignore pattern: Ssp-CGub_082-Ex1-cssl.clmp.r1r2_fastp.html
[2022-10-05 16:33:50,344] multiqc                                            [DEBUG  ]  Ignoring file as matched an ignore pattern: Ssp-CGub_076-Ex1-cssl.clmp.r1r2_fastp.html
[2022-10-05 16:33:50,344] multiqc                                            [DEBUG  ]  Ignoring file as matched an ignore pattern: Ssp-CGub_091-Ex1-cssl.clmp.fp2_r1.fq.gz
[2022-10-05 16:33:50,344] multiqc                                            [DEBUG  ]  Ignoring file as matched an ignore pattern: Ssp-CGub_094-Ex1-cssl.clmp.fp2_r1.fq.gz
[2022-10-05 16:33:50,344] multiqc                                            [DEBUG  ]  Ignoring file as matched an ignore pattern: Ssp-AAtu_021-Ex1-cssl.clmp.fp2_r1.fq.gz
[2022-10-05 16:33:50,345] multiqc                                            [DEBUG  ]  Ignoring file as matched an ignore pattern: Ssp-CGub_052-Ex1-cssl.clmp.r1r2_fastp.html
[2022-10-05 16:33:50,345] multiqc                                            [DEBUG  ]  Ignoring file as matched an ignore pattern: Ssp-CGub_024-Ex1-cssl.clmp.fp2_r2.fq.gz
[2022-10-05 16:33:50,345] multiqc                                            [DEBUG  ]  Ignoring file as matched an ignore pattern: Ssp-CGub_035-Ex1-cssl.clmp.fp2_r2.fq.gz
[2022-10-05 16:33:50,345] multiqc                                            [DEBUG  ]  Ignoring file as matched an ignore pattern: Ssp-CGub_009-Ex1-cssl.clmp.fp2_r1.fq.gz
[2022-10-05 16:33:50,346] multiqc                                            [DEBUG  ]  Ignoring file as matched an ignore pattern: Ssp-CGub_043-Ex1-cssl.clmp.fp2_r1.fq.gz
[2022-10-05 16:33:50,346] multiqc                                            [DEBUG  ]  Ignoring file as matched an ignore pattern: Ssp-CGub_015-Ex1-cssl.clmp.fp2_r2.fq.gz
[2022-10-05 16:33:50,346] multiqc                                            [DEBUG  ]  Ignoring file as matched an ignore pattern: Ssp-AAtu_005-Ex1-cssl.clmp.fp2_r1.fq.gz
[2022-10-05 16:33:50,348] multiqc                                            [DEBUG  ]  Ignoring file as matched an ignore pattern: Ssp-AAtu_012-Ex1-cssl.clmp.fp2_r2.fq.gz
[2022-10-05 16:33:50,348] multiqc                                            [DEBUG  ]  Ignoring file as matched an ignore pattern: Ssp-CGub_036-Ex1-cssl.clmp.r1r2_fastp.html
[2022-10-05 16:33:50,348] multiqc                                            [DEBUG  ]  Ignoring file as matched an ignore pattern: Ssp-AAtu_031-Ex1-cssl.clmp.fp2_r1.fq.gz
[2022-10-05 16:33:50,348] multiqc                                            [DEBUG  ]  Ignoring file as matched an ignore pattern: Ssp-AAtu_035-Ex1-cssl.clmp.fp2_r1.fq.gz
[2022-10-05 16:33:50,349] multiqc                                            [DEBUG  ]  Ignoring file as matched an ignore pattern: Ssp-CGub_080-Ex1-cssl.clmp.r1r2_fastp.html
[2022-10-05 16:33:50,349] multiqc                                            [DEBUG  ]  Ignoring file as matched an ignore pattern: Ssp-CGub_095-Ex1-cssl.clmp.fp2_r1.fq.gz
[2022-10-05 16:33:50,349] multiqc                                            [DEBUG  ]  Ignoring file as matched an ignore pattern: Ssp-CGub_056-Ex1-cssl.clmp.r1r2_fastp.html
[2022-10-05 16:33:50,349] multiqc                                            [DEBUG  ]  Ignoring file as matched an ignore pattern: Ssp-CGub_058-Ex1-cssl.clmp.r1r2_fastp.html
[2022-10-05 16:33:50,350] multiqc                                            [DEBUG  ]  Ignoring file as matched an ignore pattern: Ssp-AAtu_041-Ex1-cssl.clmp.fp2_r1.fq.gz
[2022-10-05 16:33:50,350] multiqc                                            [DEBUG  ]  Ignoring file as matched an ignore pattern: Ssp-CGub_014-Ex1-cssl.clmp.fp2_r2.fq.gz
[2022-10-05 16:33:50,351] multiqc                                            [DEBUG  ]  Ignoring file as matched an ignore pattern: Ssp-AAtu_030-Ex1-cssl.clmp.fp2_r2.fq.gz
[2022-10-05 16:33:50,351] multiqc                                            [DEBUG  ]  Ignoring file as matched an ignore pattern: Ssp-CGub_067-Ex1-cssl.clmp.fp2_r1.fq.gz
[2022-10-05 16:33:50,351] multiqc                                            [DEBUG  ]  Ignoring file as matched an ignore pattern: Ssp-CGub_031-Ex1-cssl.clmp.r1r2_fastp.html
[2022-10-05 16:33:50,351] multiqc                                            [DEBUG  ]  Ignoring file as matched an ignore pattern: Ssp-AAtu_036-Ex1-cssl.clmp.r1r2_fastp.html
[2022-10-05 16:33:50,351] multiqc                                            [DEBUG  ]  Ignoring file as matched an ignore pattern: Ssp-CGub_090-Ex1-cssl.clmp.fp2_r1.fq.gz
[2022-10-05 16:33:50,352] multiqc                                            [DEBUG  ]  Ignoring file as matched an ignore pattern: Ssp-AAtu_006-Ex1-cssl.clmp.fp2_r2.fq.gz
[2022-10-05 16:33:50,353] multiqc                                            [DEBUG  ]  Ignoring file as matched an ignore pattern: Ssp-CGub_092-Ex1-cssl.clmp.fp2_r2.fq.gz
[2022-10-05 16:33:50,353] multiqc                                            [DEBUG  ]  Ignoring file as matched an ignore pattern: Ssp-AAtu_016-Ex1-cssl.clmp.r1r2_fastp.html
[2022-10-05 16:33:50,353] multiqc                                            [DEBUG  ]  Ignoring file as matched an ignore pattern: Ssp-AAtu_050-Ex1-cssl.clmp.fp2_r2.fq.gz
[2022-10-05 16:33:50,354] multiqc                                            [DEBUG  ]  Ignoring file as matched an ignore pattern: Ssp-AAtu_038-Ex1-cssl.clmp.fp2_r1.fq.gz
[2022-10-05 16:33:50,354] multiqc                                            [DEBUG  ]  Ignoring file as matched an ignore pattern: Ssp-AAtu_052-Ex1-cssl.clmp.fp2_r1.fq.gz
[2022-10-05 16:33:50,354] multiqc                                            [DEBUG  ]  Ignoring file as matched an ignore pattern: Ssp-AAtu_030-Ex1-cssl.clmp.fp2_r1.fq.gz
[2022-10-05 16:33:50,354] multiqc                                            [DEBUG  ]  Ignoring file as matched an ignore pattern: Ssp-AAtu_051-Ex1-cssl.clmp.fp2_r2.fq.gz
[2022-10-05 16:33:50,354] multiqc                                            [DEBUG  ]  Ignoring file as matched an ignore pattern: Ssp-CGub_070-Ex1-cssl.clmp.fp2_r1.fq.gz
[2022-10-05 16:33:50,355] multiqc                                            [DEBUG  ]  Ignoring file as matched an ignore pattern: Ssp-AAtu_049-Ex1-cssl.clmp.r1r2_fastp.html
[2022-10-05 16:33:50,356] multiqc                                            [DEBUG  ]  Ignoring file as matched an ignore pattern: Ssp-AAtu_023-Ex1-cssl.clmp.fp2_r1.fq.gz
[2022-10-05 16:33:50,356] multiqc                                            [DEBUG  ]  Ignoring file as matched an ignore pattern: Ssp-CGub_054-Ex1-cssl.clmp.fp2_r1.fq.gz
[2022-10-05 16:33:50,356] multiqc                                            [DEBUG  ]  Ignoring file as matched an ignore pattern: Ssp-AAtu_022-Ex1-cssl.clmp.r1r2_fastp.html
[2022-10-05 16:33:50,356] multiqc                                            [DEBUG  ]  Ignoring file as matched an ignore pattern: Ssp-CGub_050-Ex1-cssl.clmp.fp2_r1.fq.gz
[2022-10-05 16:33:50,356] multiqc                                            [DEBUG  ]  Ignoring file as matched an ignore pattern: Ssp-AAtu_024-Ex1-cssl.clmp.fp2_r2.fq.gz
[2022-10-05 16:33:50,356] multiqc                                            [DEBUG  ]  Ignoring file as matched an ignore pattern: Ssp-CGub_004-Ex1-cssl.clmp.r1r2_fastp.html
[2022-10-05 16:33:50,356] multiqc                                            [DEBUG  ]  Ignoring file as matched an ignore pattern: Ssp-AAtu_011-Ex1-cssl.clmp.r1r2_fastp.html
[2022-10-05 16:33:50,357] multiqc                                            [DEBUG  ]  Ignoring file as matched an ignore pattern: Ssp-CGub_038-Ex1-cssl.clmp.fp2_r1.fq.gz
[2022-10-05 16:33:50,357] multiqc                                            [DEBUG  ]  Ignoring file as matched an ignore pattern: Ssp-AAtu_046-Ex1-cssl.clmp.fp2_r1.fq.gz
[2022-10-05 16:33:50,359] multiqc                                            [DEBUG  ]  Ignoring file as matched an ignore pattern: Ssp-CGub_033-Ex1-cssl.clmp.r1r2_fastp.html
[2022-10-05 16:33:50,360] multiqc                                            [DEBUG  ]  Ignoring file as matched an ignore pattern: Ssp-CGub_032-Ex1-cssl.clmp.r1r2_fastp.html
[2022-10-05 16:33:50,360] multiqc                                            [DEBUG  ]  Ignoring file as matched an ignore pattern: Ssp-CGub_055-Ex1-cssl.clmp.fp2_r1.fq.gz
[2022-10-05 16:33:50,360] multiqc                                            [DEBUG  ]  Ignoring file as matched an ignore pattern: Ssp-AAtu_048-Ex1-cssl.clmp.r1r2_fastp.html
[2022-10-05 16:33:50,360] multiqc                                            [DEBUG  ]  Ignoring file as matched an ignore pattern: Ssp-AAtu_021-Ex1-cssl.clmp.r1r2_fastp.html
[2022-10-05 16:33:50,360] multiqc                                            [DEBUG  ]  Ignoring file as matched an ignore pattern: Ssp-CGub_080-Ex1-cssl.clmp.fp2_r1.fq.gz
[2022-10-05 16:33:50,361] multiqc                                            [DEBUG  ]  Ignoring file as matched an ignore pattern: Ssp-CGub_057-Ex1-cssl.clmp.r1r2_fastp.html
[2022-10-05 16:33:50,361] multiqc                                            [DEBUG  ]  Ignoring file as matched an ignore pattern: Ssp-AAtu_043-Ex1-cssl.clmp.fp2_r2.fq.gz
[2022-10-05 16:33:50,362] multiqc                                            [DEBUG  ]  Ignoring file as matched an ignore pattern: Ssp-CGub_053-Ex1-cssl.clmp.r1r2_fastp.html
[2022-10-05 16:33:50,362] multiqc                                            [DEBUG  ]  Ignoring file as matched an ignore pattern: Ssp-AAtu_038-Ex1-cssl.clmp.fp2_r2.fq.gz
[2022-10-05 16:33:50,362] multiqc                                            [DEBUG  ]  Ignoring file as matched an ignore pattern: Ssp-AAtu_031-Ex1-cssl.clmp.r1r2_fastp.html
[2022-10-05 16:33:50,363] multiqc                                            [DEBUG  ]  Ignoring file as matched an ignore pattern: Ssp-CGub_065-Ex1-cssl.clmp.fp2_r1.fq.gz
[2022-10-05 16:33:50,363] multiqc                                            [DEBUG  ]  Ignoring file as matched an ignore pattern: Ssp-AAtu_024-Ex1-cssl.clmp.r1r2_fastp.html
[2022-10-05 16:33:50,363] multiqc                                            [DEBUG  ]  Ignoring file as matched an ignore pattern: Ssp-CGub_036-Ex1-cssl.clmp.fp2_r2.fq.gz
[2022-10-05 16:33:50,363] multiqc                                            [DEBUG  ]  Ignoring file as matched an ignore pattern: Ssp-AAtu_033-Ex1-cssl.clmp.fp2_r1.fq.gz
[2022-10-05 16:33:50,363] multiqc                                            [DEBUG  ]  Ignoring file as matched an ignore pattern: Ssp-CGub_077-Ex1-cssl.clmp.fp2_r2.fq.gz
[2022-10-05 16:33:50,363] multiqc                                            [DEBUG  ]  Ignoring file as matched an ignore pattern: Ssp-CGub_011-Ex1-cssl.clmp.r1r2_fastp.html
[2022-10-05 16:33:50,363] multiqc                                            [DEBUG  ]  Ignoring file as matched an ignore pattern: Ssp-CGub_041-Ex1-cssl.clmp.r1r2_fastp.html
[2022-10-05 16:33:50,363] multiqc                                            [DEBUG  ]  Ignoring file as matched an ignore pattern: Ssp-AAtu_020-Ex1-cssl.clmp.r1r2_fastp.html
[2022-10-05 16:33:50,363] multiqc                                            [DEBUG  ]  Ignoring file as matched an ignore pattern: Ssp-CGub_085-Ex1-cssl.clmp.fp2_r2.fq.gz
[2022-10-05 16:33:50,364] multiqc                                            [DEBUG  ]  Ignoring file as matched an ignore pattern: Ssp-CGub_015-Ex1-cssl.clmp.fp2_r1.fq.gz
[2022-10-05 16:33:50,364] multiqc                                            [DEBUG  ]  Ignoring file as matched an ignore pattern: Ssp-CGub_053-Ex1-cssl.clmp.fp2_r1.fq.gz
[2022-10-05 16:33:50,364] multiqc                                            [DEBUG  ]  Ignoring file as matched an ignore pattern: Ssp-AAtu_050-Ex1-cssl.clmp.r1r2_fastp.html
[2022-10-05 16:33:50,364] multiqc                                            [DEBUG  ]  Ignoring file as matched an ignore pattern: Ssp-CGub_058-Ex1-cssl.clmp.fp2_r1.fq.gz
[2022-10-05 16:33:50,364] multiqc                                            [DEBUG  ]  Ignoring file as matched an ignore pattern: Ssp-AAtu_036-Ex1-cssl.clmp.fp2_r2.fq.gz
[2022-10-05 16:33:50,365] multiqc                                            [DEBUG  ]  Ignoring file as matched an ignore pattern: Ssp-AAtu_027-Ex1-cssl.clmp.fp2_r2.fq.gz
[2022-10-05 16:33:50,365] multiqc                                            [DEBUG  ]  Ignoring file as matched an ignore pattern: Ssp-CGub_027-Ex1-cssl.clmp.fp2_r2.fq.gz
[2022-10-05 16:33:50,365] multiqc                                            [DEBUG  ]  Ignoring file as matched an ignore pattern: Ssp-CGub_014-Ex1-cssl.clmp.r1r2_fastp.html
[2022-10-05 16:33:50,365] multiqc                                            [DEBUG  ]  Ignoring file as matched an ignore pattern: Ssp-AAtu_029-Ex1-cssl.clmp.fp2_r2.fq.gz
[2022-10-05 16:33:50,366] multiqc                                            [DEBUG  ]  Ignoring file as matched an ignore pattern: Ssp-AAtu_047-Ex1-cssl.clmp.fp2_r2.fq.gz
[2022-10-05 16:33:50,366] multiqc                                            [DEBUG  ]  Ignoring file as matched an ignore pattern: Ssp-AAtu_052-Ex1-cssl.clmp.r1r2_fastp.html
[2022-10-05 16:33:50,367] multiqc                                            [DEBUG  ]  Ignoring file as matched an ignore pattern: Ssp-CGub_042-Ex1-cssl.clmp.fp2_r1.fq.gz
[2022-10-05 16:33:50,367] multiqc                                            [DEBUG  ]  Ignoring file as matched an ignore pattern: Ssp-AAtu_047-Ex1-cssl.clmp.r1r2_fastp.html
[2022-10-05 16:33:50,367] multiqc                                            [DEBUG  ]  Ignoring file as matched an ignore pattern: Ssp-AAtu_048-Ex1-cssl.clmp.fp2_r2.fq.gz
[2022-10-05 16:33:50,367] multiqc                                            [DEBUG  ]  Ignoring file as matched an ignore pattern: Ssp-CGub_065-Ex1-cssl.clmp.fp2_r2.fq.gz
[2022-10-05 16:33:50,368] multiqc                                            [DEBUG  ]  Ignoring file as matched an ignore pattern: Ssp-AAtu_021-Ex1-cssl.clmp.fp2_r2.fq.gz
[2022-10-05 16:33:50,368] multiqc                                            [DEBUG  ]  Ignoring file as matched an ignore pattern: Ssp-CGub_040-Ex1-cssl.clmp.r1r2_fastp.html
[2022-10-05 16:33:50,368] multiqc                                            [DEBUG  ]  Ignoring file as matched an ignore pattern: Ssp-CGub_022-Ex1-cssl.clmp.fp2_r1.fq.gz
[2022-10-05 16:33:50,368] multiqc                                            [DEBUG  ]  Ignoring file as matched an ignore pattern: Ssp-CGub_055-Ex1-cssl.clmp.fp2_r2.fq.gz
[2022-10-05 16:33:50,368] multiqc                                            [DEBUG  ]  Ignoring file as matched an ignore pattern: Ssp-AAtu_049-Ex1-cssl.clmp.fp2_r1.fq.gz
[2022-10-05 16:33:50,368] multiqc                                            [DEBUG  ]  Ignoring file as matched an ignore pattern: Ssp-CGub_092-Ex1-cssl.clmp.r1r2_fastp.html
[2022-10-05 16:33:50,368] multiqc                                            [DEBUG  ]  Ignoring file as matched an ignore pattern: Ssp-CGub_066-Ex1-cssl.clmp.fp2_r2.fq.gz
[2022-10-05 16:33:50,368] multiqc                                            [DEBUG  ]  Ignoring file as matched an ignore pattern: Ssp-CGub_057-Ex1-cssl.clmp.fp2_r1.fq.gz
[2022-10-05 16:33:50,368] multiqc                                            [DEBUG  ]  Ignoring file as matched an ignore pattern: Ssp-AAtu_013-Ex1-cssl.clmp.fp2_r2.fq.gz
[2022-10-05 16:33:50,368] multiqc                                            [DEBUG  ]  Ignoring file as matched an ignore pattern: Ssp-CGub_056-Ex1-cssl.clmp.fp2_r2.fq.gz
[2022-10-05 16:33:50,369] multiqc                                            [DEBUG  ]  Ignoring file as matched an ignore pattern: Ssp-CGub_061-Ex1-cssl.clmp.fp2_r1.fq.gz
[2022-10-05 16:33:50,369] multiqc                                            [DEBUG  ]  Ignoring file as matched an ignore pattern: Ssp-AAtu_018-Ex1-cssl.clmp.r1r2_fastp.html
[2022-10-05 16:33:50,369] multiqc                                            [DEBUG  ]  Ignoring file as matched an ignore pattern: Ssp-CGub_014-Ex1-cssl.clmp.fp2_r1.fq.gz
[2022-10-05 16:33:50,369] multiqc                                            [DEBUG  ]  Ignoring file as matched an ignore pattern: Ssp-CGub_040-Ex1-cssl.clmp.fp2_r1.fq.gz
[2022-10-05 16:33:50,370] multiqc                                            [DEBUG  ]  Ignoring file as matched an ignore pattern: Ssp-AAtu_040-Ex1-cssl.clmp.fp2_r2.fq.gz
[2022-10-05 16:33:50,372] multiqc                                            [DEBUG  ]  Ignoring file as matched an ignore pattern: Ssp-CGub_085-Ex1-cssl.clmp.r1r2_fastp.html
[2022-10-05 16:33:50,372] multiqc                                            [DEBUG  ]  Ignoring file as matched an ignore pattern: Ssp-CGub_095-Ex1-cssl.clmp.r1r2_fastp.html
[2022-10-05 16:33:50,372] multiqc                                            [DEBUG  ]  Ignoring file as matched an ignore pattern: Ssp-AAtu_040-Ex1-cssl.clmp.r1r2_fastp.html
[2022-10-05 16:33:50,372] multiqc                                            [DEBUG  ]  Ignoring file as matched an ignore pattern: Ssp-AAtu_051-Ex1-cssl.clmp.fp2_r1.fq.gz
[2022-10-05 16:33:50,374] multiqc                                            [DEBUG  ]  Ignoring file as matched an ignore pattern: Ssp-CGub_021-Ex1-cssl.clmp.fp2_r2.fq.gz
[2022-10-05 16:33:50,374] multiqc                                            [DEBUG  ]  Ignoring file as matched an ignore pattern: Ssp-AAtu_025-Ex1-cssl.clmp.fp2_r2.fq.gz
[2022-10-05 16:33:50,375] multiqc                                            [DEBUG  ]  Ignoring file as matched an ignore pattern: Ssp-AAtu_045-Ex1-cssl.clmp.r1r2_fastp.html
[2022-10-05 16:33:50,375] multiqc                                            [DEBUG  ]  Ignoring file as matched an ignore pattern: Ssp-CGub_032-Ex1-cssl.clmp.fp2_r1.fq.gz
[2022-10-05 16:33:50,375] multiqc                                            [DEBUG  ]  Ignoring file as matched an ignore pattern: Ssp-CGub_050-Ex1-cssl.clmp.fp2_r2.fq.gz
[2022-10-05 16:33:50,375] multiqc                                            [DEBUG  ]  Ignoring file as matched an ignore pattern: Ssp-CGub_059-Ex1-cssl.clmp.fp2_r2.fq.gz
[2022-10-05 16:33:50,376] multiqc                                            [DEBUG  ]  Ignoring file as matched an ignore pattern: Ssp-CGub_051-Ex1-cssl.clmp.fp2_r1.fq.gz
[2022-10-05 16:33:50,376] multiqc                                            [DEBUG  ]  Ignoring file as matched an ignore pattern: Ssp-AAtu_025-Ex1-cssl.clmp.r1r2_fastp.html
[2022-10-05 16:33:50,376] multiqc                                            [DEBUG  ]  Ignoring file as matched an ignore pattern: Ssp-CGub_032-Ex1-cssl.clmp.fp2_r2.fq.gz
[2022-10-05 16:33:50,377] multiqc                                            [DEBUG  ]  Ignoring file as matched an ignore pattern: Ssp-CGub_096-Ex1-cssl.clmp.fp2_r2.fq.gz
[2022-10-05 16:33:50,378] multiqc                                            [DEBUG  ]  Ignoring file as matched an ignore pattern: Ssp-AAtu_014-Ex1-cssl.clmp.r1r2_fastp.html
[2022-10-05 16:33:50,378] multiqc                                            [DEBUG  ]  Ignoring file as matched an ignore pattern: Ssp-CGub_090-Ex1-cssl.clmp.r1r2_fastp.html
[2022-10-05 16:33:50,378] multiqc                                            [DEBUG  ]  Ignoring file as matched an ignore pattern: Ssp-CGub_024-Ex1-cssl.clmp.r1r2_fastp.html
[2022-10-05 16:33:50,379] multiqc                                            [DEBUG  ]  Ignoring file as matched an ignore pattern: Ssp-CGub_096-Ex1-cssl.clmp.fp2_r1.fq.gz
[2022-10-05 16:33:50,379] multiqc                                            [DEBUG  ]  Ignoring file as matched an ignore pattern: Ssp-AAtu_013-Ex1-cssl.clmp.fp2_r1.fq.gz
[2022-10-05 16:33:50,379] multiqc                                            [DEBUG  ]  Ignoring file as matched an ignore pattern: Ssp-CGub_049-Ex1-cssl.clmp.fp2_r2.fq.gz
[2022-10-05 16:33:50,379] multiqc                                            [DEBUG  ]  Ignoring file as matched an ignore pattern: Ssp-CGub_030-Ex1-cssl.clmp.r1r2_fastp.html
[2022-10-05 16:33:50,379] multiqc                                            [DEBUG  ]  Ignoring file as matched an ignore pattern: Ssp-CGub_078-Ex1-cssl.clmp.fp2_r1.fq.gz
[2022-10-05 16:33:50,379] multiqc                                            [DEBUG  ]  Ignoring file as matched an ignore pattern: Ssp-CGub_049-Ex1-cssl.clmp.fp2_r1.fq.gz
[2022-10-05 16:33:50,379] multiqc                                            [DEBUG  ]  Ignoring file as matched an ignore pattern: Ssp-AAtu_020-Ex1-cssl.clmp.fp2_r2.fq.gz
[2022-10-05 16:33:50,380] multiqc                                            [DEBUG  ]  Ignoring file as matched an ignore pattern: Ssp-CGub_095-Ex1-cssl.clmp.fp2_r2.fq.gz
[2022-10-05 16:33:50,380] multiqc                                            [DEBUG  ]  Ignoring file as matched an ignore pattern: Ssp-AAtu_015-Ex1-cssl.clmp.r1r2_fastp.html
[2022-10-05 16:33:50,380] multiqc                                            [DEBUG  ]  Ignoring file as matched an ignore pattern: Ssp-CGub_067-Ex1-cssl.clmp.fp2_r2.fq.gz
[2022-10-05 16:33:50,380] multiqc                                            [DEBUG  ]  Ignoring file as matched an ignore pattern: Ssp-CGub_056-Ex1-cssl.clmp.fp2_r1.fq.gz
[2022-10-05 16:33:50,381] multiqc                                            [DEBUG  ]  Ignoring file as matched an ignore pattern: Ssp-CGub_008-Ex1-cssl.clmp.fp2_r1.fq.gz
[2022-10-05 16:33:50,381] multiqc                                            [DEBUG  ]  Ignoring file as matched an ignore pattern: Ssp-CGub_059-Ex1-cssl.clmp.r1r2_fastp.html
[2022-10-05 16:33:50,381] multiqc                                            [DEBUG  ]  Ignoring file as matched an ignore pattern: Ssp-CGub_094-Ex1-cssl.clmp.r1r2_fastp.html
[2022-10-05 16:33:50,381] multiqc                                            [DEBUG  ]  Ignoring file as matched an ignore pattern: Ssp-CGub_066-Ex1-cssl.clmp.fp2_r1.fq.gz
[2022-10-05 16:33:50,381] multiqc                                            [DEBUG  ]  Ignoring file as matched an ignore pattern: Ssp-AAtu_049-Ex1-cssl.clmp.fp2_r2.fq.gz
[2022-10-05 16:33:50,381] multiqc                                            [DEBUG  ]  Ignoring file as matched an ignore pattern: Ssp-CGub_013-Ex1-cssl.clmp.r1r2_fastp.html
[2022-10-05 16:33:50,382] multiqc                                            [DEBUG  ]  Ignoring file as matched an ignore pattern: Ssp-AAtu_018-Ex1-cssl.clmp.fp2_r1.fq.gz
[2022-10-05 16:33:50,383] multiqc                                            [DEBUG  ]  Ignoring file as matched an ignore pattern: Ssp-AAtu_027-Ex1-cssl.clmp.fp2_r1.fq.gz
[2022-10-05 16:33:50,383] multiqc                                            [DEBUG  ]  Ignoring file as matched an ignore pattern: Ssp-AAtu_006-Ex1-cssl.clmp.r1r2_fastp.html
[2022-10-05 16:33:50,384] multiqc                                            [DEBUG  ]  Ignoring file as matched an ignore pattern: Ssp-CGub_016-Ex1-cssl.clmp.fp2_r2.fq.gz
[2022-10-05 16:33:50,384] multiqc                                            [DEBUG  ]  Ignoring file as matched an ignore pattern: Ssp-CGub_004-Ex1-cssl.clmp.fp2_r1.fq.gz
[2022-10-05 16:33:50,384] multiqc                                            [DEBUG  ]  Ignoring file as matched an ignore pattern: Ssp-CGub_033-Ex1-cssl.clmp.fp2_r1.fq.gz
[2022-10-05 16:33:50,385] multiqc                                            [DEBUG  ]  Ignoring file as matched an ignore pattern: Ssp-CGub_089-Ex1-cssl.clmp.fp2_r1.fq.gz
[2022-10-05 16:33:50,385] multiqc                                            [DEBUG  ]  Ignoring file as matched an ignore pattern: Ssp-AAtu_012-Ex1-cssl.clmp.r1r2_fastp.html
[2022-10-05 16:33:50,386] multiqc                                            [DEBUG  ]  Ignoring file as matched an ignore pattern: Ssp-CGub_073-Ex1-cssl.clmp.fp2_r2.fq.gz
[2022-10-05 16:33:50,387] multiqc                                            [DEBUG  ]  Ignoring file as matched an ignore pattern: Ssp-CGub_052-Ex1-cssl.clmp.fp2_r2.fq.gz
[2022-10-05 16:33:50,387] multiqc                                            [DEBUG  ]  Ignoring file as matched an ignore pattern: Ssp-CGub_022-Ex1-cssl.clmp.fp2_r2.fq.gz
[2022-10-05 16:33:50,387] multiqc                                            [DEBUG  ]  Ignoring file as matched an ignore pattern: Ssp-CGub_067-Ex1-cssl.clmp.r1r2_fastp.html
[2022-10-05 16:33:50,387] multiqc                                            [DEBUG  ]  Ignoring file as matched an ignore pattern: Ssp-CGub_054-Ex1-cssl.clmp.fp2_r2.fq.gz
[2022-10-05 16:33:50,387] multiqc                                            [DEBUG  ]  Ignoring file as matched an ignore pattern: Ssp-AAtu_046-Ex1-cssl.clmp.fp2_r2.fq.gz
[2022-10-05 16:33:50,387] multiqc                                            [DEBUG  ]  Ignoring file as matched an ignore pattern: Ssp-AAtu_009-Ex1-cssl.clmp.fp2_r2.fq.gz
[2022-10-05 16:33:50,388] multiqc                                            [DEBUG  ]  Ignoring file as matched an ignore pattern: Ssp-CGub_080-Ex1-cssl.clmp.fp2_r2.fq.gz
[2022-10-05 16:33:50,388] multiqc                                            [DEBUG  ]  Ignoring file as matched an ignore pattern: Ssp-AAtu_019-Ex1-cssl.clmp.fp2_r2.fq.gz
[2022-10-05 16:33:50,388] multiqc                                            [DEBUG  ]  Ignoring file as matched an ignore pattern: Ssp-AAtu_011-Ex1-cssl.clmp.fp2_r2.fq.gz
[2022-10-05 16:33:50,388] multiqc                                            [DEBUG  ]  Ignoring file as matched an ignore pattern: Ssp-CGub_059-Ex1-cssl.clmp.fp2_r1.fq.gz
[2022-10-05 16:33:50,389] multiqc                                            [DEBUG  ]  Ignoring file as matched an ignore pattern: Ssp-AAtu_005-Ex1-cssl.clmp.r1r2_fastp.html
[2022-10-05 16:33:50,389] multiqc                                            [DEBUG  ]  Ignoring file as matched an ignore pattern: Ssp-CGub_076-Ex1-cssl.clmp.fp2_r2.fq.gz
[2022-10-05 16:33:50,389] multiqc                                            [DEBUG  ]  Ignoring file as matched an ignore pattern: Ssp-AAtu_007-Ex1-cssl.clmp.fp2_r2.fq.gz
[2022-10-05 16:33:50,390] multiqc                                            [DEBUG  ]  Ignoring file as matched an ignore pattern: Ssp-AAtu_014-Ex1-cssl.clmp.fp2_r1.fq.gz
[2022-10-05 16:33:50,390] multiqc                                            [DEBUG  ]  Ignoring file as matched an ignore pattern: Ssp-AAtu_008-Ex1-cssl.clmp.r1r2_fastp.html
[2022-10-05 16:33:50,390] multiqc                                            [DEBUG  ]  Ignoring file as matched an ignore pattern: Ssp-AAtu_043-Ex1-cssl.clmp.r1r2_fastp.html
[2022-10-05 16:33:50,390] multiqc                                            [DEBUG  ]  Ignoring file as matched an ignore pattern: Ssp-CGub_013-Ex1-cssl.clmp.fp2_r1.fq.gz
[2022-10-05 16:33:50,390] multiqc                                            [DEBUG  ]  Ignoring file as matched an ignore pattern: Ssp-AAtu_037-Ex1-cssl.clmp.fp2_r2.fq.gz
[2022-10-05 16:33:50,390] multiqc                                            [DEBUG  ]  Ignoring file as matched an ignore pattern: Ssp-CGub_011-Ex1-cssl.clmp.fp2_r2.fq.gz
[2022-10-05 16:33:50,390] multiqc                                            [DEBUG  ]  Ignoring file as matched an ignore pattern: Ssp-CGub_041-Ex1-cssl.clmp.fp2_r1.fq.gz
[2022-10-05 16:33:50,390] multiqc                                            [DEBUG  ]  Ignoring file as matched an ignore pattern: Ssp-AAtu_011-Ex1-cssl.clmp.fp2_r1.fq.gz
[2022-10-05 16:33:50,391] multiqc                                            [DEBUG  ]  Ignoring file as matched an ignore pattern: Ssp-CGub_008-Ex1-cssl.clmp.fp2_r2.fq.gz
[2022-10-05 16:33:50,391] multiqc                                            [DEBUG  ]  Ignoring file as matched an ignore pattern: Ssp-CGub_015-Ex1-cssl.clmp.r1r2_fastp.html
[2022-10-05 16:33:50,391] multiqc                                            [DEBUG  ]  Ignoring file as matched an ignore pattern: Ssp-AAtu_039-Ex1-cssl.clmp.r1r2_fastp.html
[2022-10-05 16:33:50,391] multiqc                                            [DEBUG  ]  Ignoring file as matched an ignore pattern: Ssp-CGub_070-Ex1-cssl.clmp.r1r2_fastp.html
[2022-10-05 16:33:50,392] multiqc                                            [DEBUG  ]  Ignoring file as matched an ignore pattern: Ssp-CGub_066-Ex1-cssl.clmp.r1r2_fastp.html
[2022-10-05 16:33:50,392] multiqc                                            [DEBUG  ]  Ignoring file as matched an ignore pattern: Ssp-CGub_031-Ex1-cssl.clmp.fp2_r2.fq.gz
[2022-10-05 16:33:50,392] multiqc                                            [DEBUG  ]  Ignoring file as matched an ignore pattern: Ssp-AAtu_041-Ex1-cssl.clmp.fp2_r2.fq.gz
[2022-10-05 16:33:50,392] multiqc                                            [DEBUG  ]  Ignoring file as matched an ignore pattern: Ssp-CGub_076-Ex1-cssl.clmp.fp2_r1.fq.gz
[2022-10-05 16:33:50,392] multiqc                                            [DEBUG  ]  Ignoring file as matched an ignore pattern: Ssp-CGub_024-Ex1-cssl.clmp.fp2_r1.fq.gz
[2022-10-05 16:33:50,392] multiqc                                            [DEBUG  ]  Ignoring file as matched an ignore pattern: Ssp-CGub_040-Ex1-cssl.clmp.fp2_r2.fq.gz
[2022-10-05 16:33:50,393] multiqc                                            [DEBUG  ]  Ignoring file as matched an ignore pattern: Ssp-CGub_004-Ex1-cssl.clmp.fp2_r2.fq.gz
[2022-10-05 16:33:50,393] multiqc                                            [DEBUG  ]  Ignoring file as matched an ignore pattern: Ssp-AAtu_048-Ex1-cssl.clmp.fp2_r1.fq.gz
[2022-10-05 16:33:50,394] multiqc                                            [DEBUG  ]  Ignoring file as matched an ignore pattern: Ssp-CGub_049-Ex1-cssl.clmp.r1r2_fastp.html
[2022-10-05 16:33:50,394] multiqc                                            [DEBUG  ]  Ignoring file as matched an ignore pattern: Ssp-AAtu_005-Ex1-cssl.clmp.fp2_r2.fq.gz
[2022-10-05 16:33:50,394] multiqc                                            [DEBUG  ]  Ignoring file as matched an ignore pattern: Ssp-AAtu_020-Ex1-cssl.clmp.fp2_r1.fq.gz
[2022-10-05 16:33:50,395] multiqc                                            [DEBUG  ]  Ignoring file as matched an ignore pattern: Ssp-CGub_006-Ex1-cssl.clmp.fp2_r1.fq.gz
[2022-10-05 16:33:50,395] multiqc                                            [DEBUG  ]  Ignoring file as matched an ignore pattern: Ssp-CGub_070-Ex1-cssl.clmp.fp2_r2.fq.gz
[2022-10-05 16:33:50,395] multiqc                                            [DEBUG  ]  Ignoring file as matched an ignore pattern: Ssp-CGub_077-Ex1-cssl.clmp.fp2_r1.fq.gz
[2022-10-05 16:33:50,396] multiqc                                            [DEBUG  ]  Ignoring file as matched an ignore pattern: Ssp-CGub_078-Ex1-cssl.clmp.r1r2_fastp.html
[2022-10-05 16:33:50,396] multiqc                                            [DEBUG  ]  Ignoring file as matched an ignore pattern: Ssp-AAtu_015-Ex1-cssl.clmp.fp2_r2.fq.gz
[2022-10-05 16:33:50,396] multiqc                                            [DEBUG  ]  Ignoring file as matched an ignore pattern: Ssp-AAtu_039-Ex1-cssl.clmp.fp2_r2.fq.gz
[2022-10-05 16:33:50,396] multiqc                                            [DEBUG  ]  Ignoring file as matched an ignore pattern: Ssp-AAtu_045-Ex1-cssl.clmp.fp2_r1.fq.gz
[2022-10-05 16:33:50,397] multiqc                                            [DEBUG  ]  Ignoring file as matched an ignore pattern: Ssp-CGub_030-Ex1-cssl.clmp.fp2_r1.fq.gz
[2022-10-05 16:33:50,397] multiqc                                            [DEBUG  ]  Ignoring file as matched an ignore pattern: Ssp-CGub_039-Ex1-cssl.clmp.fp2_r1.fq.gz
[2022-10-05 16:33:50,397] multiqc                                            [DEBUG  ]  Ignoring file as matched an ignore pattern: Ssp-CGub_096-Ex1-cssl.clmp.r1r2_fastp.html
[2022-10-05 16:33:50,397] multiqc                                            [DEBUG  ]  Ignoring file as matched an ignore pattern: Ssp-AAtu_039-Ex1-cssl.clmp.fp2_r1.fq.gz
[2022-10-05 16:33:50,397] multiqc                                            [DEBUG  ]  Ignoring file as matched an ignore pattern: Ssp-CGub_052-Ex1-cssl.clmp.fp2_r1.fq.gz
[2022-10-05 16:33:50,397] multiqc                                            [DEBUG  ]  Ignoring file as matched an ignore pattern: Ssp-AAtu_016-Ex1-cssl.clmp.fp2_r1.fq.gz
[2022-10-05 16:33:50,397] multiqc                                            [DEBUG  ]  Ignoring file as matched an ignore pattern: Ssp-AAtu_008-Ex1-cssl.clmp.fp2_r1.fq.gz
[2022-10-05 16:33:50,397] multiqc                                            [DEBUG  ]  Ignoring file as matched an ignore pattern: Ssp-AAtu_043-Ex1-cssl.clmp.fp2_r1.fq.gz
[2022-10-05 16:33:50,397] multiqc                                            [DEBUG  ]  Ignoring file as matched an ignore pattern: Ssp-CGub_091-Ex1-cssl.clmp.r1r2_fastp.html
[2022-10-05 16:33:50,397] multiqc                                            [DEBUG  ]  Ignoring file as matched an ignore pattern: Ssp-AAtu_008-Ex1-cssl.clmp.fp2_r2.fq.gz
[2022-10-05 16:33:50,398] multiqc                                            [DEBUG  ]  Ignoring file as matched an ignore pattern: Ssp-AAtu_037-Ex1-cssl.clmp.r1r2_fastp.html
[2022-10-05 16:33:50,398] multiqc                                            [DEBUG  ]  Ignoring file as matched an ignore pattern: Ssp-AAtu_017-Ex1-cssl.clmp.fp2_r1.fq.gz
[2022-10-05 16:33:50,399] multiqc                                            [DEBUG  ]  Ignoring file as matched an ignore pattern: Ssp-CGub_041-Ex1-cssl.clmp.fp2_r2.fq.gz
[2022-10-05 16:33:50,399] multiqc                                            [DEBUG  ]  Ignoring file as matched an ignore pattern: Ssp-AAtu_035-Ex1-cssl.clmp.r1r2_fastp.html
[2022-10-05 16:33:50,399] multiqc                                            [DEBUG  ]  Ignoring file as matched an ignore pattern: Ssp-AAtu_009-Ex1-cssl.clmp.r1r2_fastp.html
[2022-10-05 16:33:50,399] multiqc                                            [DEBUG  ]  Ignoring file as matched an ignore pattern: Ssp-AAtu_030-Ex1-cssl.clmp.r1r2_fastp.html
[2022-10-05 16:33:50,399] multiqc                                            [DEBUG  ]  Ignoring file as matched an ignore pattern: Ssp-AAtu_019-Ex1-cssl.clmp.r1r2_fastp.html
[2022-10-05 16:33:50,399] multiqc                                            [DEBUG  ]  Ignoring file as matched an ignore pattern: Ssp-AAtu_007-Ex1-cssl.clmp.r1r2_fastp.html
[2022-10-05 16:33:50,399] multiqc                                            [DEBUG  ]  Ignoring file as matched an ignore pattern: Ssp-AAtu_047-Ex1-cssl.clmp.fp2_r1.fq.gz
[2022-10-05 16:33:50,400] multiqc                                            [DEBUG  ]  Ignoring file as matched an ignore pattern: Ssp-AAtu_034-Ex1-cssl.clmp.fp2_r1.fq.gz
[2022-10-05 16:33:50,400] multiqc                                            [DEBUG  ]  Ignoring file as matched an ignore pattern: Ssp-AAtu_031-Ex1-cssl.clmp.fp2_r2.fq.gz
[2022-10-05 16:33:50,401] multiqc                                            [DEBUG  ]  Ignoring file as matched an ignore pattern: Ssp-CGub_011-Ex1-cssl.clmp.fp2_r1.fq.gz
[2022-10-05 16:33:50,401] multiqc                                            [DEBUG  ]  Ignoring file as matched an ignore pattern: Ssp-AAtu_041-Ex1-cssl.clmp.r1r2_fastp.html
[2022-10-05 16:33:50,401] multiqc                                            [DEBUG  ]  Ignoring file as matched an ignore pattern: Ssp-CGub_092-Ex1-cssl.clmp.fp2_r1.fq.gz
[2022-10-05 16:33:50,401] multiqc                                            [DEBUG  ]  Ignoring file as matched an ignore pattern: Ssp-CGub_035-Ex1-cssl.clmp.r1r2_fastp.html
[2022-10-05 16:33:50,401] multiqc                                            [DEBUG  ]  Ignoring file as matched an ignore pattern: Ssp-CGub_039-Ex1-cssl.clmp.fp2_r2.fq.gz
[2022-10-05 16:33:50,401] multiqc                                            [DEBUG  ]  Ignoring file as matched an ignore pattern: Ssp-CGub_091-Ex1-cssl.clmp.fp2_r2.fq.gz
[2022-10-05 16:33:50,401] multiqc                                            [DEBUG  ]  Ignoring file as matched an ignore pattern: Ssp-CGub_038-Ex1-cssl.clmp.fp2_r2.fq.gz
[2022-10-05 16:33:50,401] multiqc                                            [DEBUG  ]  Ignoring file as matched an ignore pattern: Ssp-CGub_009-Ex1-cssl.clmp.fp2_r2.fq.gz
[2022-10-05 16:33:50,401] multiqc                                            [DEBUG  ]  Ignoring file as matched an ignore pattern: Ssp-CGub_006-Ex1-cssl.clmp.fp2_r2.fq.gz
[2022-10-05 16:33:50,402] multiqc                                            [DEBUG  ]  Ignoring file as matched an ignore pattern: Ssp-CGub_094-Ex1-cssl.clmp.fp2_r2.fq.gz
[2022-10-05 16:33:50,402] multiqc                                            [DEBUG  ]  Ignoring file as matched an ignore pattern: Ssp-AAtu_024-Ex1-cssl.clmp.fp2_r1.fq.gz
[2022-10-05 16:33:50,402] multiqc                                            [DEBUG  ]  Ignoring file as matched an ignore pattern: Ssp-CGub_078-Ex1-cssl.clmp.fp2_r2.fq.gz
[2022-10-05 16:33:50,402] multiqc                                            [DEBUG  ]  Ignoring file as matched an ignore pattern: Ssp-AAtu_017-Ex1-cssl.clmp.r1r2_fastp.html
[2022-10-05 16:33:50,402] multiqc                                            [DEBUG  ]  Ignoring file as matched an ignore pattern: Ssp-CGub_089-Ex1-cssl.clmp.r1r2_fastp.html
[2022-10-05 16:33:50,402] multiqc                                            [DEBUG  ]  Ignoring file as matched an ignore pattern: Ssp-AAtu_026-Ex1-cssl.clmp.fp2_r1.fq.gz
[2022-10-05 16:33:50,403] multiqc                                            [DEBUG  ]  Ignoring file as matched an ignore pattern: Ssp-CGub_021-Ex1-cssl.clmp.r1r2_fastp.html
[2022-10-05 16:33:50,404] multiqc                                            [DEBUG  ]  Ignoring file as matched an ignore pattern: Ssp-AAtu_018-Ex1-cssl.clmp.fp2_r2.fq.gz
[2022-10-05 16:33:50,404] multiqc                                            [DEBUG  ]  Ignoring file as matched an ignore pattern: Ssp-CGub_030-Ex1-cssl.clmp.fp2_r2.fq.gz
[2022-10-05 16:33:50,404] multiqc                                            [DEBUG  ]  Ignoring file as matched an ignore pattern: Ssp-AAtu_037-Ex1-cssl.clmp.fp2_r1.fq.gz
[2022-10-05 16:33:50,404] multiqc                                            [DEBUG  ]  Ignoring file as matched an ignore pattern: Ssp-CGub_077-Ex1-cssl.clmp.r1r2_fastp.html
[2022-10-05 16:33:50,404] multiqc                                            [DEBUG  ]  Ignoring file as matched an ignore pattern: Ssp-AAtu_034-Ex1-cssl.clmp.r1r2_fastp.html
[2022-10-05 16:33:50,405] multiqc                                            [DEBUG  ]  Ignoring file as matched an ignore pattern: Ssp-AAtu_026-Ex1-cssl.clmp.fp2_r2.fq.gz
[2022-10-05 16:33:50,405] multiqc                                            [DEBUG  ]  Ignoring file as matched an ignore pattern: Ssp-AAtu_038-Ex1-cssl.clmp.r1r2_fastp.html
[2022-10-05 16:33:50,405] multiqc                                            [DEBUG  ]  Ignoring file as matched an ignore pattern: Ssp-AAtu_025-Ex1-cssl.clmp.fp2_r1.fq.gz
[2022-10-05 16:33:50,405] multiqc                                            [DEBUG  ]  Ignoring file as matched an ignore pattern: Ssp-CGub_051-Ex1-cssl.clmp.fp2_r2.fq.gz
[2022-10-05 16:33:50,405] multiqc                                            [DEBUG  ]  Ignoring file as matched an ignore pattern: Ssp-CGub_039-Ex1-cssl.clmp.r1r2_fastp.html
[2022-10-05 16:33:50,405] multiqc                                            [DEBUG  ]  Ignoring file as matched an ignore pattern: Ssp-AAtu_022-Ex1-cssl.clmp.fp2_r2.fq.gz
[2022-10-05 16:33:50,405] multiqc                                            [DEBUG  ]  Ignoring file as matched an ignore pattern: Ssp-CGub_043-Ex1-cssl.clmp.r1r2_fastp.html
[2022-10-05 16:33:50,406] multiqc                                            [DEBUG  ]  Ignoring file as matched an ignore pattern: Ssp-AAtu_026-Ex1-cssl.clmp.r1r2_fastp.html
[2022-10-05 16:33:50,406] multiqc                                            [DEBUG  ]  Ignoring file as matched an ignore pattern: Ssp-CGub_021-Ex1-cssl.clmp.fp2_r1.fq.gz
[2022-10-05 16:33:50,406] multiqc                                            [DEBUG  ]  Ignoring file as matched an ignore pattern: Ssp-AAtu_022-Ex1-cssl.clmp.fp2_r1.fq.gz
[2022-10-05 16:33:50,406] multiqc                                            [DEBUG  ]  Ignoring file as matched an ignore pattern: Ssp-AAtu_017-Ex1-cssl.clmp.fp2_r2.fq.gz
[2022-10-05 16:33:50,406] multiqc                                            [DEBUG  ]  Ignoring file as matched an ignore pattern: Ssp-CGub_090-Ex1-cssl.clmp.fp2_r2.fq.gz
[2022-10-05 16:33:50,406] multiqc                                            [DEBUG  ]  Ignoring file as matched an ignore pattern: Ssp-AAtu_015-Ex1-cssl.clmp.fp2_r1.fq.gz
[2022-10-05 16:33:50,406] multiqc                                            [DEBUG  ]  Ignoring file as matched an ignore pattern: Ssp-AAtu_009-Ex1-cssl.clmp.fp2_r1.fq.gz
[2022-10-05 16:33:50,407] multiqc                                            [DEBUG  ]  Ignoring file as matched an ignore pattern: Ssp-CGub_050-Ex1-cssl.clmp.r1r2_fastp.html
[2022-10-05 16:33:50,407] multiqc                                            [DEBUG  ]  Ignoring file as matched an ignore pattern: Ssp-AAtu_035-Ex1-cssl.clmp.fp2_r2.fq.gz
[2022-10-05 16:33:50,407] multiqc                                            [DEBUG  ]  Ignoring file as matched an ignore pattern: Ssp-AAtu_023-Ex1-cssl.clmp.r1r2_fastp.html
[2022-10-05 16:33:50,407] multiqc                                            [DEBUG  ]  Ignoring file as matched an ignore pattern: Ssp-AAtu_052-Ex1-cssl.clmp.fp2_r2.fq.gz
[2022-10-05 16:33:50,408] multiqc                                            [DEBUG  ]  Ignoring file as matched an ignore pattern: Ssp-CGub_009-Ex1-cssl.clmp.r1r2_fastp.html
[2022-10-05 16:33:50,408] multiqc                                            [DEBUG  ]  Ignoring file as matched an ignore pattern: Ssp-CGub_027-Ex1-cssl.clmp.fp2_r1.fq.gz
[2022-10-05 16:33:50,408] multiqc                                            [DEBUG  ]  Ignoring file as matched an ignore pattern: Ssp-CGub_061-Ex1-cssl.clmp.fp2_r2.fq.gz
[2022-10-05 16:33:50,408] multiqc                                            [DEBUG  ]  Ignoring file as matched an ignore pattern: Ssp-CGub_082-Ex1-cssl.clmp.fp2_r1.fq.gz
[2022-10-05 16:33:50,408] multiqc                                            [DEBUG  ]  Ignoring file as matched an ignore pattern: Ssp-CGub_035-Ex1-cssl.clmp.fp2_r1.fq.gz
[2022-10-05 16:33:50,409] multiqc                                            [DEBUG  ]  Ignoring file as matched an ignore pattern: Ssp-CGub_016-Ex1-cssl.clmp.r1r2_fastp.html
[2022-10-05 16:33:50,409] multiqc                                            [DEBUG  ]  Ignoring file as matched an ignore pattern: Ssp-CGub_082-Ex1-cssl.clmp.fp2_r2.fq.gz
[2022-10-05 16:33:50,409] multiqc                                            [DEBUG  ]  Ignoring file as matched an ignore pattern: Ssp-AAtu_014-Ex1-cssl.clmp.fp2_fail.fq.gz
[2022-10-05 16:33:50,409] multiqc                                            [DEBUG  ]  Ignoring file as matched an ignore pattern: Ssp-AAtu_027-Ex1-cssl.clmp.fp2_unprd.fq.gz
[2022-10-05 16:33:50,409] multiqc                                            [DEBUG  ]  Ignoring file as matched an ignore pattern: Ssp-CGub_038-Ex1-cssl.clmp.fp2_fail.fq.gz
[2022-10-05 16:33:50,409] multiqc                                            [DEBUG  ]  Ignoring file as matched an ignore pattern: Ssp-CGub_078-Ex1-cssl.clmp.fp2_unprd.fq.gz
[2022-10-05 16:33:50,409] multiqc                                            [DEBUG  ]  Ignoring file as matched an ignore pattern: Ssp-AAtu_027-Ex1-cssl.clmp.fp2_fail.fq.gz
[2022-10-05 16:33:50,410] multiqc                                            [DEBUG  ]  Ignoring file as matched an ignore pattern: Ssp-CGub_059-Ex1-cssl.clmp.fp2_fail.fq.gz
[2022-10-05 16:33:50,410] multiqc                                            [DEBUG  ]  Ignoring file as matched an ignore pattern: Ssp-CGub_057-Ex1-cssl.clmp.fp2_fail.fq.gz
[2022-10-05 16:33:50,410] multiqc                                            [DEBUG  ]  Ignoring file as matched an ignore pattern: Ssp-AAtu_029-Ex1-cssl.clmp.fp2_fail.fq.gz
[2022-10-05 16:33:50,410] multiqc                                            [DEBUG  ]  Ignoring file as matched an ignore pattern: Ssp-AAtu_040-Ex1-cssl.clmp.fp2_fail.fq.gz
[2022-10-05 16:33:50,410] multiqc                                            [DEBUG  ]  Ignoring file as matched an ignore pattern: Ssp-CGub_033-Ex1-cssl.clmp.fp2_unprd.fq.gz
[2022-10-05 16:33:50,410] multiqc                                            [DEBUG  ]  Ignoring file as matched an ignore pattern: Ssp-CGub_092-Ex1-cssl.clmp.fp2_unprd.fq.gz
[2022-10-05 16:33:50,410] multiqc                                            [DEBUG  ]  Ignoring file as matched an ignore pattern: Ssp-AAtu_036-Ex1-cssl.clmp.fp2_unprd.fq.gz
[2022-10-05 16:33:50,410] multiqc                                            [DEBUG  ]  Ignoring file as matched an ignore pattern: Ssp-AAtu_050-Ex1-cssl.clmp.fp2_fail.fq.gz
[2022-10-05 16:33:50,410] multiqc                                            [DEBUG  ]  Ignoring file as matched an ignore pattern: Ssp-AAtu_018-Ex1-cssl.clmp.fp2_unprd.fq.gz
[2022-10-05 16:33:50,410] multiqc                                            [DEBUG  ]  Ignoring file as matched an ignore pattern: Ssp-AAtu_007-Ex1-cssl.clmp.fp2_unprd.fq.gz
[2022-10-05 16:33:50,410] multiqc                                            [DEBUG  ]  Ignoring file as matched an ignore pattern: Ssp-CGub_065-Ex1-cssl.clmp.fp2_unprd.fq.gz
[2022-10-05 16:33:50,410] multiqc                                            [DEBUG  ]  Ignoring file as matched an ignore pattern: Ssp-CGub_090-Ex1-cssl.clmp.fp2_fail.fq.gz
[2022-10-05 16:33:50,411] multiqc                                            [DEBUG  ]  Ignoring file as matched an ignore pattern: Ssp-CGub_070-Ex1-cssl.clmp.fp2_unprd.fq.gz
[2022-10-05 16:33:50,411] multiqc                                            [DEBUG  ]  Ignoring file as matched an ignore pattern: Ssp-AAtu_037-Ex1-cssl.clmp.fp2_fail.fq.gz
[2022-10-05 16:33:50,411] multiqc                                            [DEBUG  ]  Ignoring file as matched an ignore pattern: Ssp-AAtu_040-Ex1-cssl.clmp.fp2_unprd.fq.gz
[2022-10-05 16:33:50,411] multiqc                                            [DEBUG  ]  Ignoring file as matched an ignore pattern: Ssp-CGub_054-Ex1-cssl.clmp.fp2_unprd.fq.gz
[2022-10-05 16:33:50,411] multiqc                                            [DEBUG  ]  Ignoring file as matched an ignore pattern: Ssp-AAtu_033-Ex1-cssl.clmp.fp2_fail.fq.gz
[2022-10-05 16:33:50,411] multiqc                                            [DEBUG  ]  Ignoring file as matched an ignore pattern: Ssp-CGub_009-Ex1-cssl.clmp.fp2_unprd.fq.gz
[2022-10-05 16:33:50,411] multiqc                                            [DEBUG  ]  Ignoring file as matched an ignore pattern: Ssp-CGub_024-Ex1-cssl.clmp.fp2_unprd.fq.gz
[2022-10-05 16:33:50,411] multiqc                                            [DEBUG  ]  Ignoring file as matched an ignore pattern: Ssp-CGub_073-Ex1-cssl.clmp.fp2_fail.fq.gz
[2022-10-05 16:33:50,411] multiqc                                            [DEBUG  ]  Ignoring file as matched an ignore pattern: Ssp-AAtu_041-Ex1-cssl.clmp.fp2_fail.fq.gz
[2022-10-05 16:33:50,411] multiqc                                            [DEBUG  ]  Ignoring file as matched an ignore pattern: Ssp-AAtu_050-Ex1-cssl.clmp.fp2_unprd.fq.gz
[2022-10-05 16:33:50,411] multiqc                                            [DEBUG  ]  Ignoring file as matched an ignore pattern: Ssp-AAtu_020-Ex1-cssl.clmp.fp2_unprd.fq.gz
[2022-10-05 16:33:50,411] multiqc                                            [DEBUG  ]  Ignoring file as matched an ignore pattern: Ssp-AAtu_049-Ex1-cssl.clmp.fp2_fail.fq.gz
[2022-10-05 16:33:50,411] multiqc                                            [DEBUG  ]  Ignoring file as matched an ignore pattern: Ssp-CGub_041-Ex1-cssl.clmp.fp2_unprd.fq.gz
[2022-10-05 16:33:50,412] multiqc                                            [DEBUG  ]  Ignoring file as matched an ignore pattern: Ssp-AAtu_041-Ex1-cssl.clmp.fp2_unprd.fq.gz
[2022-10-05 16:33:50,412] multiqc                                            [DEBUG  ]  Ignoring file as matched an ignore pattern: Ssp-CGub_015-Ex1-cssl.clmp.fp2_unprd.fq.gz
[2022-10-05 16:33:50,412] multiqc                                            [DEBUG  ]  Ignoring file as matched an ignore pattern: Ssp-CGub_077-Ex1-cssl.clmp.fp2_unprd.fq.gz
[2022-10-05 16:33:50,412] multiqc                                            [DEBUG  ]  Ignoring file as matched an ignore pattern: Ssp-CGub_090-Ex1-cssl.clmp.fp2_unprd.fq.gz
[2022-10-05 16:33:50,412] multiqc                                            [DEBUG  ]  Ignoring file as matched an ignore pattern: Ssp-AAtu_016-Ex1-cssl.clmp.fp2_unprd.fq.gz
[2022-10-05 16:33:50,412] multiqc                                            [DEBUG  ]  Ignoring file as matched an ignore pattern: Ssp-CGub_059-Ex1-cssl.clmp.fp2_unprd.fq.gz
[2022-10-05 16:33:50,412] multiqc                                            [DEBUG  ]  Ignoring file as matched an ignore pattern: Ssp-AAtu_036-Ex1-cssl.clmp.fp2_fail.fq.gz
[2022-10-05 16:33:50,412] multiqc                                            [DEBUG  ]  Ignoring file as matched an ignore pattern: Ssp-CGub_043-Ex1-cssl.clmp.fp2_fail.fq.gz
[2022-10-05 16:33:50,412] multiqc                                            [DEBUG  ]  Ignoring file as matched an ignore pattern: Ssp-CGub_013-Ex1-cssl.clmp.fp2_fail.fq.gz
[2022-10-05 16:33:50,412] multiqc                                            [DEBUG  ]  Ignoring file as matched an ignore pattern: Ssp-CGub_006-Ex1-cssl.clmp.fp2_unprd.fq.gz
[2022-10-05 16:33:50,412] multiqc                                            [DEBUG  ]  Ignoring file as matched an ignore pattern: Ssp-CGub_040-Ex1-cssl.clmp.fp2_unprd.fq.gz
[2022-10-05 16:33:50,412] multiqc                                            [DEBUG  ]  Ignoring file as matched an ignore pattern: Ssp-CGub_095-Ex1-cssl.clmp.fp2_unprd.fq.gz
[2022-10-05 16:33:50,413] multiqc                                            [DEBUG  ]  Ignoring file as matched an ignore pattern: Ssp-AAtu_009-Ex1-cssl.clmp.fp2_unprd.fq.gz
[2022-10-05 16:33:50,413] multiqc                                            [DEBUG  ]  Ignoring file as matched an ignore pattern: Ssp-AAtu_007-Ex1-cssl.clmp.fp2_fail.fq.gz
[2022-10-05 16:33:50,413] multiqc                                            [DEBUG  ]  Ignoring file as matched an ignore pattern: Ssp-AAtu_034-Ex1-cssl.clmp.fp2_unprd.fq.gz
[2022-10-05 16:33:50,413] multiqc                                            [DEBUG  ]  Ignoring file as matched an ignore pattern: Ssp-AAtu_052-Ex1-cssl.clmp.fp2_fail.fq.gz
[2022-10-05 16:33:50,413] multiqc                                            [DEBUG  ]  Ignoring file as matched an ignore pattern: Ssp-AAtu_012-Ex1-cssl.clmp.fp2_fail.fq.gz
[2022-10-05 16:33:50,413] multiqc                                            [DEBUG  ]  Ignoring file as matched an ignore pattern: Ssp-AAtu_008-Ex1-cssl.clmp.fp2_unprd.fq.gz
[2022-10-05 16:33:50,413] multiqc                                            [DEBUG  ]  Ignoring file as matched an ignore pattern: Ssp-AAtu_022-Ex1-cssl.clmp.fp2_fail.fq.gz
[2022-10-05 16:33:50,413] multiqc                                            [DEBUG  ]  Ignoring file as matched an ignore pattern: Ssp-CGub_078-Ex1-cssl.clmp.fp2_fail.fq.gz
[2022-10-05 16:33:50,413] multiqc                                            [DEBUG  ]  Ignoring file as matched an ignore pattern: Ssp-CGub_092-Ex1-cssl.clmp.fp2_fail.fq.gz
[2022-10-05 16:33:50,413] multiqc                                            [DEBUG  ]  Ignoring file as matched an ignore pattern: Ssp-AAtu_009-Ex1-cssl.clmp.fp2_fail.fq.gz
[2022-10-05 16:33:50,413] multiqc                                            [DEBUG  ]  Ignoring file as matched an ignore pattern: Ssp-CGub_091-Ex1-cssl.clmp.fp2_fail.fq.gz
[2022-10-05 16:33:50,413] multiqc                                            [DEBUG  ]  Ignoring file as matched an ignore pattern: Ssp-CGub_042-Ex1-cssl.clmp.fp2_unprd.fq.gz
[2022-10-05 16:33:50,413] multiqc                                            [DEBUG  ]  Ignoring file as matched an ignore pattern: Ssp-AAtu_029-Ex1-cssl.clmp.fp2_unprd.fq.gz
[2022-10-05 16:33:50,414] multiqc                                            [DEBUG  ]  Ignoring file as matched an ignore pattern: Ssp-CGub_055-Ex1-cssl.clmp.fp2_fail.fq.gz
[2022-10-05 16:33:50,414] multiqc                                            [DEBUG  ]  Ignoring file as matched an ignore pattern: Ssp-AAtu_019-Ex1-cssl.clmp.fp2_fail.fq.gz
[2022-10-05 16:33:50,414] multiqc                                            [DEBUG  ]  Ignoring file as matched an ignore pattern: Ssp-CGub_058-Ex1-cssl.clmp.fp2_fail.fq.gz
[2022-10-05 16:33:50,414] multiqc                                            [DEBUG  ]  Ignoring file as matched an ignore pattern: Ssp-CGub_024-Ex1-cssl.clmp.fp2_fail.fq.gz
[2022-10-05 16:33:50,414] multiqc                                            [DEBUG  ]  Ignoring file as matched an ignore pattern: Ssp-CGub_027-Ex1-cssl.clmp.fp2_unprd.fq.gz
[2022-10-05 16:33:50,414] multiqc                                            [DEBUG  ]  Ignoring file as matched an ignore pattern: Ssp-CGub_038-Ex1-cssl.clmp.fp2_unprd.fq.gz
[2022-10-05 16:33:50,414] multiqc                                            [DEBUG  ]  Ignoring file as matched an ignore pattern: Ssp-CGub_061-Ex1-cssl.clmp.fp2_unprd.fq.gz
[2022-10-05 16:33:50,414] multiqc                                            [DEBUG  ]  Ignoring file as matched an ignore pattern: Ssp-AAtu_031-Ex1-cssl.clmp.fp2_fail.fq.gz
[2022-10-05 16:33:50,414] multiqc                                            [DEBUG  ]  Ignoring file as matched an ignore pattern: Ssp-CGub_021-Ex1-cssl.clmp.fp2_unprd.fq.gz
[2022-10-05 16:33:50,414] multiqc                                            [DEBUG  ]  Ignoring file as matched an ignore pattern: Ssp-CGub_006-Ex1-cssl.clmp.fp2_fail.fq.gz
[2022-10-05 16:33:50,414] multiqc                                            [DEBUG  ]  Ignoring file as matched an ignore pattern: Ssp-CGub_039-Ex1-cssl.clmp.fp2_unprd.fq.gz
[2022-10-05 16:33:50,414] multiqc                                            [DEBUG  ]  Ignoring file as matched an ignore pattern: Ssp-AAtu_024-Ex1-cssl.clmp.fp2_fail.fq.gz
[2022-10-05 16:33:50,414] multiqc                                            [DEBUG  ]  Ignoring file as matched an ignore pattern: Ssp-CGub_076-Ex1-cssl.clmp.fp2_unprd.fq.gz
[2022-10-05 16:33:50,415] multiqc                                            [DEBUG  ]  Ignoring file as matched an ignore pattern: Ssp-AAtu_047-Ex1-cssl.clmp.fp2_unprd.fq.gz
[2022-10-05 16:33:50,415] multiqc                                            [DEBUG  ]  Ignoring file as matched an ignore pattern: Ssp-CGub_031-Ex1-cssl.clmp.fp2_unprd.fq.gz
[2022-10-05 16:33:50,415] multiqc                                            [DEBUG  ]  Ignoring file as matched an ignore pattern: Ssp-AAtu_026-Ex1-cssl.clmp.fp2_fail.fq.gz
[2022-10-05 16:33:50,415] multiqc                                            [DEBUG  ]  Ignoring file as matched an ignore pattern: Ssp-CGub_050-Ex1-cssl.clmp.fp2_unprd.fq.gz
[2022-10-05 16:33:50,415] multiqc                                            [DEBUG  ]  Ignoring file as matched an ignore pattern: Ssp-CGub_057-Ex1-cssl.clmp.fp2_unprd.fq.gz
[2022-10-05 16:33:50,415] multiqc                                            [DEBUG  ]  Ignoring file as matched an ignore pattern: Ssp-AAtu_017-Ex1-cssl.clmp.fp2_unprd.fq.gz
[2022-10-05 16:33:50,415] multiqc                                            [DEBUG  ]  Ignoring file as matched an ignore pattern: Ssp-CGub_008-Ex1-cssl.clmp.fp2_unprd.fq.gz
[2022-10-05 16:33:50,415] multiqc                                            [DEBUG  ]  Ignoring file as matched an ignore pattern: Ssp-AAtu_031-Ex1-cssl.clmp.fp2_unprd.fq.gz
[2022-10-05 16:33:50,415] multiqc                                            [DEBUG  ]  Ignoring file as matched an ignore pattern: Ssp-CGub_011-Ex1-cssl.clmp.fp2_unprd.fq.gz
[2022-10-05 16:33:50,415] multiqc                                            [DEBUG  ]  Ignoring file as matched an ignore pattern: Ssp-AAtu_052-Ex1-cssl.clmp.fp2_unprd.fq.gz
[2022-10-05 16:33:50,415] multiqc                                            [DEBUG  ]  Ignoring file as matched an ignore pattern: Ssp-CGub_061-Ex1-cssl.clmp.fp2_fail.fq.gz
[2022-10-05 16:33:50,415] multiqc                                            [DEBUG  ]  Ignoring file as matched an ignore pattern: Ssp-AAtu_024-Ex1-cssl.clmp.fp2_unprd.fq.gz
[2022-10-05 16:33:50,415] multiqc                                            [DEBUG  ]  Ignoring file as matched an ignore pattern: Ssp-AAtu_021-Ex1-cssl.clmp.fp2_unprd.fq.gz
[2022-10-05 16:33:50,416] multiqc                                            [DEBUG  ]  Ignoring file as matched an ignore pattern: Ssp-CGub_036-Ex1-cssl.clmp.fp2_fail.fq.gz
[2022-10-05 16:33:50,416] multiqc                                            [DEBUG  ]  Ignoring file as matched an ignore pattern: Ssp-CGub_077-Ex1-cssl.clmp.fp2_fail.fq.gz
[2022-10-05 16:33:50,416] multiqc                                            [DEBUG  ]  Ignoring file as matched an ignore pattern: Ssp-AAtu_047-Ex1-cssl.clmp.fp2_fail.fq.gz
[2022-10-05 16:33:50,416] multiqc                                            [DEBUG  ]  Ignoring file as matched an ignore pattern: Ssp-CGub_022-Ex1-cssl.clmp.fp2_unprd.fq.gz
[2022-10-05 16:33:50,416] multiqc                                            [DEBUG  ]  Ignoring file as matched an ignore pattern: Ssp-CGub_039-Ex1-cssl.clmp.fp2_fail.fq.gz
[2022-10-05 16:33:50,416] multiqc                                            [DEBUG  ]  Ignoring file as matched an ignore pattern: Ssp-AAtu_011-Ex1-cssl.clmp.fp2_unprd.fq.gz
[2022-10-05 16:33:50,416] multiqc                                            [DEBUG  ]  Ignoring file as matched an ignore pattern: Ssp-CGub_033-Ex1-cssl.clmp.fp2_fail.fq.gz
[2022-10-05 16:33:50,416] multiqc                                            [DEBUG  ]  Ignoring file as matched an ignore pattern: Ssp-CGub_049-Ex1-cssl.clmp.fp2_unprd.fq.gz
[2022-10-05 16:33:50,416] multiqc                                            [DEBUG  ]  Ignoring file as matched an ignore pattern: Ssp-CGub_067-Ex1-cssl.clmp.fp2_fail.fq.gz
[2022-10-05 16:33:50,416] multiqc                                            [DEBUG  ]  Ignoring file as matched an ignore pattern: Ssp-CGub_066-Ex1-cssl.clmp.fp2_fail.fq.gz
[2022-10-05 16:33:50,416] multiqc                                            [DEBUG  ]  Ignoring file as matched an ignore pattern: Ssp-CGub_054-Ex1-cssl.clmp.fp2_fail.fq.gz
[2022-10-05 16:33:50,416] multiqc                                            [DEBUG  ]  Ignoring file as matched an ignore pattern: Ssp-AAtu_006-Ex1-cssl.clmp.fp2_fail.fq.gz
[2022-10-05 16:33:50,416] multiqc                                            [DEBUG  ]  Ignoring file as matched an ignore pattern: Ssp-AAtu_013-Ex1-cssl.clmp.fp2_fail.fq.gz
[2022-10-05 16:33:50,417] multiqc                                            [DEBUG  ]  Ignoring file as matched an ignore pattern: Ssp-CGub_004-Ex1-cssl.clmp.fp2_fail.fq.gz
[2022-10-05 16:33:50,417] multiqc                                            [DEBUG  ]  Ignoring file as matched an ignore pattern: Ssp-AAtu_026-Ex1-cssl.clmp.fp2_unprd.fq.gz
[2022-10-05 16:33:50,417] multiqc                                            [DEBUG  ]  Ignoring file as matched an ignore pattern: Ssp-CGub_040-Ex1-cssl.clmp.fp2_fail.fq.gz
[2022-10-05 16:33:50,417] multiqc                                            [DEBUG  ]  Ignoring file as matched an ignore pattern: Ssp-CGub_066-Ex1-cssl.clmp.fp2_unprd.fq.gz
[2022-10-05 16:33:50,417] multiqc                                            [DEBUG  ]  Ignoring file as matched an ignore pattern: Ssp-CGub_013-Ex1-cssl.clmp.fp2_unprd.fq.gz
[2022-10-05 16:33:50,417] multiqc                                            [DEBUG  ]  Ignoring file as matched an ignore pattern: Ssp-CGub_027-Ex1-cssl.clmp.fp2_fail.fq.gz
[2022-10-05 16:33:50,417] multiqc                                            [DEBUG  ]  Ignoring file as matched an ignore pattern: Ssp-CGub_052-Ex1-cssl.clmp.fp2_unprd.fq.gz
[2022-10-05 16:33:50,417] multiqc                                            [DEBUG  ]  Ignoring file as matched an ignore pattern: Ssp-CGub_035-Ex1-cssl.clmp.fp2_unprd.fq.gz
[2022-10-05 16:33:50,417] multiqc                                            [DEBUG  ]  Ignoring file as matched an ignore pattern: Ssp-AAtu_043-Ex1-cssl.clmp.fp2_fail.fq.gz
[2022-10-05 16:33:50,417] multiqc                                            [DEBUG  ]  Ignoring file as matched an ignore pattern: Ssp-CGub_053-Ex1-cssl.clmp.fp2_fail.fq.gz
[2022-10-05 16:33:50,417] multiqc                                            [DEBUG  ]  Ignoring file as matched an ignore pattern: Ssp-CGub_094-Ex1-cssl.clmp.fp2_unprd.fq.gz
[2022-10-05 16:33:50,417] multiqc                                            [DEBUG  ]  Ignoring file as matched an ignore pattern: Ssp-CGub_021-Ex1-cssl.clmp.fp2_fail.fq.gz
[2022-10-05 16:33:50,417] multiqc                                            [DEBUG  ]  Ignoring file as matched an ignore pattern: Ssp-AAtu_005-Ex1-cssl.clmp.fp2_fail.fq.gz
[2022-10-05 16:33:50,418] multiqc                                            [DEBUG  ]  Ignoring file as matched an ignore pattern: Ssp-CGub_014-Ex1-cssl.clmp.fp2_fail.fq.gz
[2022-10-05 16:33:50,418] multiqc                                            [DEBUG  ]  Ignoring file as matched an ignore pattern: Ssp-AAtu_051-Ex1-cssl.clmp.fp2_fail.fq.gz
[2022-10-05 16:33:50,418] multiqc                                            [DEBUG  ]  Ignoring file as matched an ignore pattern: Ssp-AAtu_046-Ex1-cssl.clmp.fp2_unprd.fq.gz
[2022-10-05 16:33:50,418] multiqc                                            [DEBUG  ]  Ignoring file as matched an ignore pattern: Ssp-AAtu_038-Ex1-cssl.clmp.fp2_fail.fq.gz
[2022-10-05 16:33:50,418] multiqc                                            [DEBUG  ]  Ignoring file as matched an ignore pattern: Ssp-AAtu_013-Ex1-cssl.clmp.fp2_unprd.fq.gz
[2022-10-05 16:33:50,418] multiqc                                            [DEBUG  ]  Ignoring file as matched an ignore pattern: Ssp-AAtu_017-Ex1-cssl.clmp.fp2_fail.fq.gz
[2022-10-05 16:33:50,418] multiqc                                            [DEBUG  ]  Ignoring file as matched an ignore pattern: Ssp-AAtu_034-Ex1-cssl.clmp.fp2_fail.fq.gz
[2022-10-05 16:33:50,418] multiqc                                            [DEBUG  ]  Ignoring file as matched an ignore pattern: Ssp-AAtu_021-Ex1-cssl.clmp.fp2_fail.fq.gz
[2022-10-05 16:33:50,418] multiqc                                            [DEBUG  ]  Ignoring file as matched an ignore pattern: Ssp-CGub_056-Ex1-cssl.clmp.fp2_unprd.fq.gz
[2022-10-05 16:33:50,418] multiqc                                            [DEBUG  ]  Ignoring file as matched an ignore pattern: Ssp-AAtu_048-Ex1-cssl.clmp.fp2_fail.fq.gz
[2022-10-05 16:33:50,418] multiqc                                            [DEBUG  ]  Ignoring file as matched an ignore pattern: Ssp-CGub_051-Ex1-cssl.clmp.fp2_fail.fq.gz
[2022-10-05 16:33:50,418] multiqc                                            [DEBUG  ]  Ignoring file as matched an ignore pattern: Ssp-AAtu_008-Ex1-cssl.clmp.fp2_fail.fq.gz
[2022-10-05 16:33:50,418] multiqc                                            [DEBUG  ]  Ignoring file as matched an ignore pattern: Ssp-CGub_053-Ex1-cssl.clmp.fp2_unprd.fq.gz
[2022-10-05 16:33:50,419] multiqc                                            [DEBUG  ]  Ignoring file as matched an ignore pattern: Ssp-CGub_035-Ex1-cssl.clmp.fp2_fail.fq.gz
[2022-10-05 16:33:50,419] multiqc                                            [DEBUG  ]  Ignoring file as matched an ignore pattern: Ssp-CGub_091-Ex1-cssl.clmp.fp2_unprd.fq.gz
[2022-10-05 16:33:50,419] multiqc                                            [DEBUG  ]  Ignoring file as matched an ignore pattern: Ssp-CGub_082-Ex1-cssl.clmp.fp2_unprd.fq.gz
[2022-10-05 16:33:50,419] multiqc                                            [DEBUG  ]  Ignoring file as matched an ignore pattern: Ssp-CGub_065-Ex1-cssl.clmp.fp2_fail.fq.gz
[2022-10-05 16:33:50,419] multiqc                                            [DEBUG  ]  Ignoring file as matched an ignore pattern: Ssp-AAtu_035-Ex1-cssl.clmp.fp2_fail.fq.gz
[2022-10-05 16:33:50,419] multiqc                                            [DEBUG  ]  Ignoring file as matched an ignore pattern: Ssp-AAtu_039-Ex1-cssl.clmp.fp2_unprd.fq.gz
[2022-10-05 16:33:50,419] multiqc                                            [DEBUG  ]  Ignoring file as matched an ignore pattern: Ssp-AAtu_005-Ex1-cssl.clmp.fp2_unprd.fq.gz
[2022-10-05 16:33:50,419] multiqc                                            [DEBUG  ]  Ignoring file as matched an ignore pattern: Ssp-CGub_096-Ex1-cssl.clmp.fp2_unprd.fq.gz
[2022-10-05 16:33:50,419] multiqc                                            [DEBUG  ]  Ignoring file as matched an ignore pattern: Ssp-CGub_095-Ex1-cssl.clmp.fp2_fail.fq.gz
[2022-10-05 16:33:50,419] multiqc                                            [DEBUG  ]  Ignoring file as matched an ignore pattern: Ssp-AAtu_016-Ex1-cssl.clmp.fp2_fail.fq.gz
[2022-10-05 16:33:50,419] multiqc                                            [DEBUG  ]  Ignoring file as matched an ignore pattern: Ssp-AAtu_045-Ex1-cssl.clmp.fp2_fail.fq.gz
[2022-10-05 16:33:50,419] multiqc                                            [DEBUG  ]  Ignoring file as matched an ignore pattern: Ssp-CGub_080-Ex1-cssl.clmp.fp2_unprd.fq.gz
[2022-10-05 16:33:50,419] multiqc                                            [DEBUG  ]  Ignoring file as matched an ignore pattern: Ssp-CGub_089-Ex1-cssl.clmp.fp2_fail.fq.gz
[2022-10-05 16:33:50,420] multiqc                                            [DEBUG  ]  Ignoring file as matched an ignore pattern: Ssp-AAtu_019-Ex1-cssl.clmp.fp2_unprd.fq.gz
[2022-10-05 16:33:50,420] multiqc                                            [DEBUG  ]  Ignoring file as matched an ignore pattern: Ssp-CGub_096-Ex1-cssl.clmp.fp2_fail.fq.gz
[2022-10-05 16:33:50,420] multiqc                                            [DEBUG  ]  Ignoring file as matched an ignore pattern: Ssp-CGub_030-Ex1-cssl.clmp.fp2_fail.fq.gz
[2022-10-05 16:33:50,420] multiqc                                            [DEBUG  ]  Ignoring file as matched an ignore pattern: Ssp-CGub_011-Ex1-cssl.clmp.fp2_fail.fq.gz
[2022-10-05 16:33:50,420] multiqc                                            [DEBUG  ]  Ignoring file as matched an ignore pattern: Ssp-AAtu_018-Ex1-cssl.clmp.fp2_fail.fq.gz
[2022-10-05 16:33:50,420] multiqc                                            [DEBUG  ]  Ignoring file as matched an ignore pattern: Ssp-AAtu_043-Ex1-cssl.clmp.fp2_unprd.fq.gz
[2022-10-05 16:33:50,420] multiqc                                            [DEBUG  ]  Ignoring file as matched an ignore pattern: Ssp-AAtu_035-Ex1-cssl.clmp.fp2_unprd.fq.gz
[2022-10-05 16:33:50,420] multiqc                                            [DEBUG  ]  Ignoring file as matched an ignore pattern: Ssp-AAtu_045-Ex1-cssl.clmp.fp2_unprd.fq.gz
[2022-10-05 16:33:50,420] multiqc                                            [DEBUG  ]  Ignoring file as matched an ignore pattern: Ssp-CGub_049-Ex1-cssl.clmp.fp2_fail.fq.gz
[2022-10-05 16:33:50,420] multiqc                                            [DEBUG  ]  Ignoring file as matched an ignore pattern: Ssp-CGub_031-Ex1-cssl.clmp.fp2_fail.fq.gz
[2022-10-05 16:33:50,420] multiqc                                            [DEBUG  ]  Ignoring file as matched an ignore pattern: Ssp-AAtu_051-Ex1-cssl.clmp.fp2_unprd.fq.gz
[2022-10-05 16:33:50,420] multiqc                                            [DEBUG  ]  Ignoring file as matched an ignore pattern: Ssp-CGub_052-Ex1-cssl.clmp.fp2_fail.fq.gz
[2022-10-05 16:33:50,421] multiqc                                            [DEBUG  ]  Ignoring file as matched an ignore pattern: Ssp-CGub_076-Ex1-cssl.clmp.fp2_fail.fq.gz
[2022-10-05 16:33:50,421] multiqc                                            [DEBUG  ]  Ignoring file as matched an ignore pattern: Ssp-AAtu_006-Ex1-cssl.clmp.fp2_unprd.fq.gz
[2022-10-05 16:33:50,421] multiqc                                            [DEBUG  ]  Ignoring file as matched an ignore pattern: Ssp-AAtu_030-Ex1-cssl.clmp.fp2_fail.fq.gz
[2022-10-05 16:33:50,421] multiqc                                            [DEBUG  ]  Ignoring file as matched an ignore pattern: Ssp-AAtu_039-Ex1-cssl.clmp.fp2_fail.fq.gz
[2022-10-05 16:33:50,421] multiqc                                            [DEBUG  ]  Ignoring file as matched an ignore pattern: Ssp-CGub_070-Ex1-cssl.clmp.fp2_fail.fq.gz
[2022-10-05 16:33:50,421] multiqc                                            [DEBUG  ]  Ignoring file as matched an ignore pattern: Ssp-AAtu_022-Ex1-cssl.clmp.fp2_unprd.fq.gz
[2022-10-05 16:33:50,421] multiqc                                            [DEBUG  ]  Ignoring file as matched an ignore pattern: Ssp-CGub_036-Ex1-cssl.clmp.fp2_unprd.fq.gz
[2022-10-05 16:33:50,421] multiqc                                            [DEBUG  ]  Ignoring file as matched an ignore pattern: Ssp-CGub_032-Ex1-cssl.clmp.fp2_fail.fq.gz
[2022-10-05 16:33:50,421] multiqc                                            [DEBUG  ]  Ignoring file as matched an ignore pattern: Ssp-CGub_009-Ex1-cssl.clmp.fp2_fail.fq.gz
[2022-10-05 16:33:50,421] multiqc                                            [DEBUG  ]  Ignoring file as matched an ignore pattern: Ssp-CGub_032-Ex1-cssl.clmp.fp2_unprd.fq.gz
[2022-10-05 16:33:50,421] multiqc                                            [DEBUG  ]  Ignoring file as matched an ignore pattern: Ssp-AAtu_023-Ex1-cssl.clmp.fp2_fail.fq.gz
[2022-10-05 16:33:50,421] multiqc                                            [DEBUG  ]  Ignoring file as matched an ignore pattern: Ssp-AAtu_020-Ex1-cssl.clmp.fp2_fail.fq.gz
[2022-10-05 16:33:50,421] multiqc                                            [DEBUG  ]  Ignoring file as matched an ignore pattern: Ssp-CGub_050-Ex1-cssl.clmp.fp2_fail.fq.gz
[2022-10-05 16:33:50,422] multiqc                                            [DEBUG  ]  Ignoring file as matched an ignore pattern: Ssp-CGub_080-Ex1-cssl.clmp.fp2_fail.fq.gz
[2022-10-05 16:33:50,422] multiqc                                            [DEBUG  ]  Ignoring file as matched an ignore pattern: Ssp-AAtu_015-Ex1-cssl.clmp.fp2_unprd.fq.gz
[2022-10-05 16:33:50,422] multiqc                                            [DEBUG  ]  Ignoring file as matched an ignore pattern: Ssp-AAtu_033-Ex1-cssl.clmp.fp2_unprd.fq.gz
[2022-10-05 16:33:50,422] multiqc                                            [DEBUG  ]  Ignoring file as matched an ignore pattern: Ssp-CGub_022-Ex1-cssl.clmp.fp2_fail.fq.gz
[2022-10-05 16:33:50,422] multiqc                                            [DEBUG  ]  Ignoring file as matched an ignore pattern: Ssp-CGub_058-Ex1-cssl.clmp.fp2_unprd.fq.gz
[2022-10-05 16:33:50,422] multiqc                                            [DEBUG  ]  Ignoring file as matched an ignore pattern: Ssp-CGub_042-Ex1-cssl.clmp.fp2_fail.fq.gz
[2022-10-05 16:33:50,422] multiqc                                            [DEBUG  ]  Ignoring file as matched an ignore pattern: Ssp-AAtu_038-Ex1-cssl.clmp.fp2_unprd.fq.gz
[2022-10-05 16:33:50,422] multiqc                                            [DEBUG  ]  Ignoring file as matched an ignore pattern: Ssp-AAtu_023-Ex1-cssl.clmp.fp2_unprd.fq.gz
[2022-10-05 16:33:50,422] multiqc                                            [DEBUG  ]  Ignoring file as matched an ignore pattern: Ssp-CGub_008-Ex1-cssl.clmp.fp2_fail.fq.gz
[2022-10-05 16:33:50,422] multiqc                                            [DEBUG  ]  Ignoring file as matched an ignore pattern: Ssp-AAtu_012-Ex1-cssl.clmp.fp2_unprd.fq.gz
[2022-10-05 16:33:50,422] multiqc                                            [DEBUG  ]  Ignoring file as matched an ignore pattern: Ssp-CGub_030-Ex1-cssl.clmp.fp2_unprd.fq.gz
[2022-10-05 16:33:50,422] multiqc                                            [DEBUG  ]  Ignoring file as matched an ignore pattern: Ssp-CGub_094-Ex1-cssl.clmp.fp2_fail.fq.gz
[2022-10-05 16:33:50,422] multiqc                                            [DEBUG  ]  Ignoring file as matched an ignore pattern: Ssp-AAtu_046-Ex1-cssl.clmp.fp2_fail.fq.gz
[2022-10-05 16:33:50,423] multiqc                                            [DEBUG  ]  Ignoring file as matched an ignore pattern: Ssp-AAtu_011-Ex1-cssl.clmp.fp2_fail.fq.gz
[2022-10-05 16:33:50,423] multiqc                                            [DEBUG  ]  Ignoring file as matched an ignore pattern: Ssp-AAtu_030-Ex1-cssl.clmp.fp2_unprd.fq.gz
[2022-10-05 16:33:50,423] multiqc                                            [DEBUG  ]  Ignoring file as matched an ignore pattern: Ssp-CGub_067-Ex1-cssl.clmp.fp2_unprd.fq.gz
[2022-10-05 16:33:50,423] multiqc                                            [DEBUG  ]  Ignoring file as matched an ignore pattern: Ssp-CGub_016-Ex1-cssl.clmp.fp2_unprd.fq.gz
[2022-10-05 16:33:50,423] multiqc                                            [DEBUG  ]  Ignoring file as matched an ignore pattern: Ssp-AAtu_037-Ex1-cssl.clmp.fp2_unprd.fq.gz
[2022-10-05 16:33:50,423] multiqc                                            [DEBUG  ]  Ignoring file as matched an ignore pattern: Ssp-AAtu_025-Ex1-cssl.clmp.fp2_fail.fq.gz
[2022-10-05 16:33:50,423] multiqc                                            [DEBUG  ]  Ignoring file as matched an ignore pattern: Ssp-CGub_004-Ex1-cssl.clmp.fp2_unprd.fq.gz
[2022-10-05 16:33:50,423] multiqc                                            [DEBUG  ]  Ignoring file as matched an ignore pattern: Ssp-CGub_082-Ex1-cssl.clmp.fp2_fail.fq.gz
[2022-10-05 16:33:50,423] multiqc                                            [DEBUG  ]  Ignoring file as matched an ignore pattern: Ssp-AAtu_015-Ex1-cssl.clmp.fp2_fail.fq.gz
[2022-10-05 16:33:50,423] multiqc                                            [DEBUG  ]  Ignoring file as matched an ignore pattern: Ssp-CGub_041-Ex1-cssl.clmp.fp2_fail.fq.gz
[2022-10-05 16:33:50,423] multiqc                                            [DEBUG  ]  Ignoring file as matched an ignore pattern: Ssp-CGub_089-Ex1-cssl.clmp.fp2_unprd.fq.gz
[2022-10-05 16:33:50,423] multiqc                                            [DEBUG  ]  Ignoring file as matched an ignore pattern: Ssp-CGub_085-Ex1-cssl.clmp.fp2_unprd.fq.gz
[2022-10-05 16:33:50,423] multiqc                                            [DEBUG  ]  Ignoring file as matched an ignore pattern: Ssp-CGub_016-Ex1-cssl.clmp.fp2_fail.fq.gz
[2022-10-05 16:33:50,424] multiqc                                            [DEBUG  ]  Ignoring file as matched an ignore pattern: Ssp-AAtu_049-Ex1-cssl.clmp.fp2_unprd.fq.gz
[2022-10-05 16:33:50,424] multiqc                                            [DEBUG  ]  Ignoring file as matched an ignore pattern: Ssp-CGub_015-Ex1-cssl.clmp.fp2_fail.fq.gz
[2022-10-05 16:33:50,424] multiqc                                            [DEBUG  ]  Ignoring file as matched an ignore pattern: Ssp-AAtu_014-Ex1-cssl.clmp.fp2_unprd.fq.gz
[2022-10-05 16:33:50,424] multiqc                                            [DEBUG  ]  Ignoring file as matched an ignore pattern: Ssp-CGub_055-Ex1-cssl.clmp.fp2_unprd.fq.gz
[2022-10-05 16:33:50,424] multiqc                                            [DEBUG  ]  Ignoring file as matched an ignore pattern: Ssp-CGub_014-Ex1-cssl.clmp.fp2_unprd.fq.gz
[2022-10-05 16:33:50,424] multiqc                                            [DEBUG  ]  Ignoring file as matched an ignore pattern: Ssp-CGub_073-Ex1-cssl.clmp.fp2_unprd.fq.gz
[2022-10-05 16:33:50,424] multiqc                                            [DEBUG  ]  Ignoring file as matched an ignore pattern: Ssp-AAtu_048-Ex1-cssl.clmp.fp2_unprd.fq.gz
[2022-10-05 16:33:50,424] multiqc                                            [DEBUG  ]  Ignoring file as matched an ignore pattern: Ssp-CGub_043-Ex1-cssl.clmp.fp2_unprd.fq.gz
[2022-10-05 16:33:50,424] multiqc                                            [DEBUG  ]  Ignoring file as matched an ignore pattern: Ssp-CGub_085-Ex1-cssl.clmp.fp2_fail.fq.gz
[2022-10-05 16:33:50,424] multiqc                                            [DEBUG  ]  Ignoring file as matched an ignore pattern: Ssp-CGub_051-Ex1-cssl.clmp.fp2_unprd.fq.gz
[2022-10-05 16:33:50,424] multiqc                                            [DEBUG  ]  Ignoring file as matched an ignore pattern: Ssp-CGub_056-Ex1-cssl.clmp.fp2_fail.fq.gz
[2022-10-05 16:33:50,424] multiqc                                            [DEBUG  ]  Ignoring file as matched an ignore pattern: Ssp-AAtu_025-Ex1-cssl.clmp.fp2_unprd.fq.gz
[2022-10-05 16:33:50,845] multiqc.plots.bargraph                             [DEBUG  ]  Using matplotlib version 3.1.2
[2022-10-05 16:33:50,846] multiqc.plots.linegraph                            [DEBUG  ]  Using matplotlib version 3.1.2
[2022-10-05 16:33:50,847] multiqc                                            [DEBUG  ]  No samples found: custom_content
[2022-10-05 16:33:50,851] multiqc                                            [DEBUG  ]  No samples found: conpair
[2022-10-05 16:33:50,856] multiqc                                            [DEBUG  ]  No samples found: peddy
[2022-10-05 16:33:50,861] multiqc                                            [DEBUG  ]  No samples found: somalier
[2022-10-05 16:33:50,865] multiqc                                            [DEBUG  ]  No samples found: methylQA
[2022-10-05 16:33:50,872] multiqc                                            [DEBUG  ]  No samples found: mosdepth
[2022-10-05 16:33:50,876] multiqc                                            [DEBUG  ]  No samples found: phantompeakqualtools
[2022-10-05 16:33:50,879] multiqc                                            [DEBUG  ]  No samples found: qualimap
[2022-10-05 16:33:50,884] multiqc                                            [DEBUG  ]  No samples found: preseq
[2022-10-05 16:33:50,888] multiqc                                            [DEBUG  ]  No samples found: quast
[2022-10-05 16:33:50,892] multiqc                                            [DEBUG  ]  No samples found: qorts
[2022-10-05 16:33:50,895] multiqc                                            [DEBUG  ]  No samples found: rna_seqc
[2022-10-05 16:33:50,899] multiqc                                            [DEBUG  ]  No samples found: rockhopper
[2022-10-05 16:33:50,903] multiqc                                            [DEBUG  ]  No samples found: rsem
[2022-10-05 16:33:50,908] multiqc                                            [DEBUG  ]  No samples found: rseqc
[2022-10-05 16:33:50,912] multiqc                                            [DEBUG  ]  No samples found: busco
[2022-10-05 16:33:50,916] multiqc                                            [DEBUG  ]  No samples found: goleft_indexcov
[2022-10-05 16:33:50,921] multiqc                                            [DEBUG  ]  No samples found: disambiguate
[2022-10-05 16:33:50,926] multiqc                                            [DEBUG  ]  No samples found: supernova
[2022-10-05 16:33:50,933] multiqc                                            [DEBUG  ]  No samples found: deeptools
[2022-10-05 16:33:50,937] multiqc                                            [DEBUG  ]  No samples found: sargasso
[2022-10-05 16:33:50,942] multiqc                                            [DEBUG  ]  No samples found: verifybamid
[2022-10-05 16:33:50,946] multiqc                                            [DEBUG  ]  No samples found: mirtrace
[2022-10-05 16:33:50,951] multiqc                                            [DEBUG  ]  No samples found: happy
[2022-10-05 16:33:50,956] multiqc                                            [DEBUG  ]  No samples found: mirtop
[2022-10-05 16:33:50,960] multiqc                                            [DEBUG  ]  No samples found: homer
[2022-10-05 16:33:50,964] multiqc                                            [DEBUG  ]  No samples found: macs2
[2022-10-05 16:33:50,968] multiqc                                            [DEBUG  ]  No samples found: theta2
[2022-10-05 16:33:50,972] multiqc                                            [DEBUG  ]  No samples found: snpeff
[2022-10-05 16:33:50,977] multiqc                                            [DEBUG  ]  No samples found: gatk
[2022-10-05 16:33:50,981] multiqc                                            [DEBUG  ]  No samples found: htseq
[2022-10-05 16:33:50,986] multiqc                                            [DEBUG  ]  No samples found: bcftools
[2022-10-05 16:33:50,990] multiqc                                            [DEBUG  ]  No samples found: featureCounts
[2022-10-05 16:33:50,994] multiqc                                            [DEBUG  ]  No samples found: fgbio
[2022-10-05 16:33:51,001] multiqc                                            [DEBUG  ]  No samples found: dragen
[2022-10-05 16:33:51,005] multiqc                                            [DEBUG  ]  No samples found: dedup
[2022-10-05 16:33:51,008] multiqc                                            [DEBUG  ]  No samples found: damageprofiler
[2022-10-05 16:33:51,020] multiqc                                            [DEBUG  ]  No samples found: biobambam2
[2022-10-05 16:33:51,024] multiqc                                            [DEBUG  ]  No samples found: mtnucratio
[2022-10-05 16:33:51,026] multiqc                                            [DEBUG  ]  No samples found: picard
[2022-10-05 16:33:51,030] multiqc                                            [DEBUG  ]  No samples found: prokka
[2022-10-05 16:33:51,035] multiqc                                            [DEBUG  ]  No samples found: samblaster
[2022-10-05 16:33:51,039] multiqc                                            [DEBUG  ]  No samples found: samtools
[2022-10-05 16:33:51,043] multiqc                                            [DEBUG  ]  No samples found: sexdeterrmine
[2022-10-05 16:33:51,047] multiqc                                            [DEBUG  ]  No samples found: bamtools
[2022-10-05 16:33:51,052] multiqc                                            [DEBUG  ]  No samples found: jellyfish
[2022-10-05 16:33:51,056] multiqc                                            [DEBUG  ]  No samples found: vcftools
[2022-10-05 16:33:51,061] multiqc                                            [DEBUG  ]  No samples found: longranger
[2022-10-05 16:33:51,066] multiqc                                            [DEBUG  ]  No samples found: stacks
[2022-10-05 16:33:51,070] multiqc                                            [DEBUG  ]  No samples found: varscan2
[2022-10-05 16:33:51,076] multiqc                                            [DEBUG  ]  No samples found: bbmap
[2022-10-05 16:33:51,081] multiqc                                            [DEBUG  ]  No samples found: bismark
[2022-10-05 16:33:51,085] multiqc                                            [DEBUG  ]  No samples found: biscuit
[2022-10-05 16:33:51,089] multiqc                                            [DEBUG  ]  No samples found: hicexplorer
[2022-10-05 16:33:51,093] multiqc                                            [DEBUG  ]  No samples found: hicup
[2022-10-05 16:33:51,097] multiqc                                            [DEBUG  ]  No samples found: hicpro
[2022-10-05 16:33:51,101] multiqc                                            [DEBUG  ]  No samples found: salmon
[2022-10-05 16:33:51,105] multiqc                                            [DEBUG  ]  No samples found: kallisto
[2022-10-05 16:33:51,109] multiqc                                            [DEBUG  ]  No samples found: slamdunk
[2022-10-05 16:33:51,113] multiqc                                            [DEBUG  ]  No samples found: star
[2022-10-05 16:33:51,117] multiqc                                            [DEBUG  ]  No samples found: hisat2
[2022-10-05 16:33:51,121] multiqc                                            [DEBUG  ]  No samples found: tophat
[2022-10-05 16:33:51,125] multiqc                                            [DEBUG  ]  No samples found: bowtie2
[2022-10-05 16:33:51,128] multiqc                                            [DEBUG  ]  No samples found: bowtie1
[2022-10-05 16:33:51,133] multiqc                                            [DEBUG  ]  No samples found: snpsplit
[2022-10-05 16:33:51,137] multiqc                                            [DEBUG  ]  No samples found: kat
[2022-10-05 16:33:51,140] multiqc                                            [DEBUG  ]  No samples found: leehom
[2022-10-05 16:33:51,144] multiqc                                            [DEBUG  ]  No samples found: adapterRemoval
[2022-10-05 16:33:51,148] multiqc                                            [DEBUG  ]  No samples found: clipandmerge
[2022-10-05 16:33:51,153] multiqc                                            [DEBUG  ]  No samples found: cutadapt
[2022-10-05 16:33:51,157] multiqc                                            [DEBUG  ]  No samples found: flexbar
[2022-10-05 16:33:51,162] multiqc                                            [DEBUG  ]  No samples found: kaiju
[2022-10-05 16:33:51,165] multiqc                                            [DEBUG  ]  No samples found: kraken
[2022-10-05 16:33:51,169] multiqc                                            [DEBUG  ]  No samples found: malt
[2022-10-05 16:33:51,173] multiqc                                            [DEBUG  ]  No samples found: trimmomatic
[2022-10-05 16:33:51,177] multiqc                                            [DEBUG  ]  No samples found: sickle
[2022-10-05 16:33:51,186] multiqc                                            [DEBUG  ]  No samples found: skewer
[2022-10-05 16:33:51,191] multiqc                                            [DEBUG  ]  No samples found: sortmerna
[2022-10-05 16:33:51,195] multiqc                                            [DEBUG  ]  No samples found: biobloomtools
[2022-10-05 16:33:51,200] multiqc                                            [DEBUG  ]  No samples found: fastq_screen
[2022-10-05 16:33:51,205] multiqc                                            [DEBUG  ]  No samples found: afterqc
[2022-10-05 16:33:51,852] multiqc.modules.fastp.fastp                        [INFO   ]  Found 98 reports
[2022-10-05 16:33:52,350] multiqc                                            [DEBUG  ]  No samples found: fastqc
[2022-10-05 16:33:52,354] multiqc                                            [DEBUG  ]  No samples found: pycoqc
[2022-10-05 16:33:52,358] multiqc                                            [DEBUG  ]  No samples found: minionqc
[2022-10-05 16:33:52,363] multiqc                                            [DEBUG  ]  No samples found: multivcfanalyzer
[2022-10-05 16:33:52,368] multiqc                                            [DEBUG  ]  No samples found: clusterflow
[2022-10-05 16:33:52,372] multiqc                                            [DEBUG  ]  No samples found: bcl2fastq
[2022-10-05 16:33:52,377] multiqc                                            [DEBUG  ]  No samples found: interop
[2022-10-05 16:33:52,380] multiqc                                            [DEBUG  ]  No samples found: ivar
[2022-10-05 16:33:52,384] multiqc                                            [DEBUG  ]  No samples found: flash
[2022-10-05 16:33:52,388] multiqc                                            [DEBUG  ]  No samples found: seqyclean
[2022-10-05 16:33:52,552] multiqc                                            [INFO   ]  Compressing plot data
[2022-10-05 16:34:01,222] multiqc                                            [INFO   ]  Report      : fq_fp1_clmp_fp2/2nd_fastp_report.html
[2022-10-05 16:34:01,222] multiqc                                            [INFO   ]  Data        : fq_fp1_clmp_fp2/2nd_fastp_report_data
[2022-10-05 16:34:01,222] multiqc                                            [DEBUG  ]  Moving data file from '/tmp/tmpnmw8idwe/multiqc_data' to '/home/e1garcia/shotgun_PIRE/pire_cssl_data_processing/siganus_spinus/fq_fp1_clmp_fp2/2nd_fastp_report_data'
[2022-10-05 16:34:02,180] multiqc                                            [INFO   ]  MultiQC complete
