[2022-11-16 09:45:28,091] multiqc                                            [DEBUG  ]  This is MultiQC v1.13
[2022-11-16 09:45:28,092] multiqc                                            [DEBUG  ]  Command used: /opt/conda/bin/multiqc -v -p -ip -f --data-dir --data-format tsv --filename 2nd_fastp_report --outdir fq_fp1_clmp_fp2 fq_fp1_clmp_fp2
[2022-11-16 09:45:28,666] multiqc                                            [DEBUG  ]  Latest MultiQC version is v1.13
[2022-11-16 09:45:28,667] multiqc                                            [DEBUG  ]  Working dir : /home/e1garcia/shotgun_PIRE/pire_cssl_data_processing/spratelloides_delicatulus
[2022-11-16 09:45:28,667] multiqc                                            [DEBUG  ]  Template    : default
[2022-11-16 09:45:28,667] multiqc                                            [DEBUG  ]  Running Python 3.9.12 (main, Aug 29 2022, 00:54:58)  [GCC 11.2.0]
[2022-11-16 09:45:28,668] multiqc                                            [DEBUG  ]  Analysing modules: custom_content, ccs, ngsderive, purple, conpair, lima, peddy, somalier, methylQA, mosdepth, phantompeakqualtools, qualimap, preseq, quast, qorts, rna_seqc, rockhopper, rsem, rseqc, busco, bustools, goleft_indexcov, gffcompare, disambiguate, supernova, deeptools, sargasso, verifybamid, mirtrace, happy, mirtop, sambamba, homer, hops, macs2, theta2, snpeff, gatk, htseq, bcftools, featureCounts, fgbio, dragen, dedup, pbmarkdup, damageprofiler, biobambam2, jcvi, mtnucratio, picard, vep, sentieon, prokka, qc3C, nanostat, samblaster, samtools, sexdeterrmine, eigenstratdatabasetools, bamtools, jellyfish, vcftools, longranger, stacks, varscan2, snippy, bbmap, bismark, biscuit, hicexplorer, hicup, hicpro, salmon, kallisto, slamdunk, star, hisat2, tophat, bowtie2, bowtie1, snpsplit, odgi, pangolin, kat, leehom, adapterRemoval, clipandmerge, cutadapt, flexbar, kaiju, kraken, malt, trimmomatic, sickle, skewer, sortmerna, biobloomtools, fastq_screen, afterqc, fastp, fastqc, pychopper, pycoqc, minionqc, multivcfanalyzer, clusterflow, checkqc, bcl2fastq, bclconvert, interop, ivar, flash, seqyclean, optitype, whatshap
[2022-11-16 09:45:28,669] multiqc                                            [DEBUG  ]  Using temporary directory for creating report: /tmp/tmpeccqikse
[2022-11-16 09:45:28,870] multiqc                                            [INFO   ]  Search path : /home/e1garcia/shotgun_PIRE/pire_cssl_data_processing/spratelloides_delicatulus/fq_fp1_clmp_fp2
[2022-11-16 09:46:50,788] multiqc                                            [DEBUG  ]  Summary of files that were skipped by the search: [skipped_module_specific_max_filesize: 1896] // [skipped_no_match: 1491] // [skipped_ignore_pattern: 1177]
[2022-11-16 09:46:51,226] multiqc.plots.bargraph                             [DEBUG  ]  Using matplotlib version 3.1.2
[2022-11-16 09:46:51,228] multiqc.plots.linegraph                            [DEBUG  ]  Using matplotlib version 3.1.2
[2022-11-16 09:46:51,229] multiqc                                            [DEBUG  ]  No samples found: custom_content
[2022-11-16 09:46:54,863] multiqc.modules.fastp.fastp                        [INFO   ]  Found 294 reports
[2022-11-16 09:48:13,105] multiqc                                            [INFO   ]  Compressing plot data
[2022-11-16 09:48:35,702] multiqc                                            [WARNING]  Deleting    : fq_fp1_clmp_fp2/2nd_fastp_report.html   (-f was specified)
[2022-11-16 09:48:35,711] multiqc                                            [WARNING]  Deleting    : fq_fp1_clmp_fp2/2nd_fastp_report_data   (-f was specified)
[2022-11-16 09:48:35,810] multiqc                                            [INFO   ]  Report      : fq_fp1_clmp_fp2/2nd_fastp_report.html
[2022-11-16 09:48:35,810] multiqc                                            [INFO   ]  Data        : fq_fp1_clmp_fp2/2nd_fastp_report_data
[2022-11-16 09:48:35,811] multiqc                                            [DEBUG  ]  Moving data file from '/tmp/tmpeccqikse/multiqc_data' to 'fq_fp1_clmp_fp2/2nd_fastp_report_data'
[2022-11-16 09:48:38,165] multiqc                                            [INFO   ]  Plots       : fq_fp1_clmp_fp2/2nd_fastp_report_plots
[2022-11-16 09:48:38,165] multiqc                                            [DEBUG  ]  Moving plots directory from '/tmp/tmpeccqikse/multiqc_plots' to 'fq_fp1_clmp_fp2/2nd_fastp_report_plots'
[2022-11-16 09:48:38,881] multiqc                                            [INFO   ]  MultiQC complete
