[M::bwa_idx_load_from_disk] read 0 ALT contigs
[M::process] read 358200 sequences (40605568 bp)...
[M::mem_pestat] # candidate unique pairs for (FF, FR, RF, RR): (8, 29498, 7, 10)
[M::mem_pestat] skip orientation FF as there are not enough pairs
[M::mem_pestat] analyzing insert size distribution for orientation FR...
[M::mem_pestat] (25, 50, 75) percentile: (59, 87, 119)
[M::mem_pestat] low and high boundaries for computing mean and std.dev: (1, 239)
[M::mem_pestat] mean and std.dev: (91.16, 44.37)
[M::mem_pestat] low and high boundaries for proper pairs: (1, 299)
[M::mem_pestat] skip orientation RF as there are not enough pairs
[M::mem_pestat] analyzing insert size distribution for orientation RR...
[M::mem_pestat] (25, 50, 75) percentile: (70, 70, 76)
[M::mem_pestat] low and high boundaries for computing mean and std.dev: (58, 88)
[M::mem_pestat] mean and std.dev: (71.44, 5.23)
[M::mem_pestat] low and high boundaries for proper pairs: (51, 94)
[M::mem_pestat] skip orientation RR
[M::mem_process_seqs] Processed 358200 reads in 107.525 CPU sec, 2.873 real sec
[main] Version: 0.7.17-r1188
[main] CMD: bwa mem -L 5 -t 40 -a -M -T 80 -A 1 -B 4 -O 6 -R @RG\tID:Ssp-AAtu_047-Ex1-cssl.clmp.fp2_repr\tSM:Ssp-AAtu_047-Ex1-cssl.clmp.fp2_repr\tPL:Illumina reference.ssl.Ssp-10NR-R1R2ORPH-decontam-noisolate.fasta Ssp-AAtu_047-Ex1-cssl.clmp.fp2_repr.R1.fq.gz Ssp-AAtu_047-Ex1-cssl.clmp.fp2_repr.R2.fq.gz
[main] Real time: 5.755 sec; CPU: 110.100 sec
