[M::bwa_idx_load_from_disk] read 0 ALT contigs
[M::process] read 2775754 sequences (400000043 bp)...
[M::mem_pestat] # candidate unique pairs for (FF, FR, RF, RR): (151, 1302769, 316, 149)
[M::mem_pestat] analyzing insert size distribution for orientation FF...
[M::mem_pestat] (25, 50, 75) percentile: (117, 165, 217)
[M::mem_pestat] low and high boundaries for computing mean and std.dev: (1, 417)
[M::mem_pestat] mean and std.dev: (169.23, 76.86)
[M::mem_pestat] low and high boundaries for proper pairs: (1, 517)
[M::mem_pestat] analyzing insert size distribution for orientation FR...
[M::mem_pestat] (25, 50, 75) percentile: (184, 244, 317)
[M::mem_pestat] low and high boundaries for computing mean and std.dev: (1, 583)
[M::mem_pestat] mean and std.dev: (254.14, 89.09)
[M::mem_pestat] low and high boundaries for proper pairs: (1, 716)
[M::mem_pestat] analyzing insert size distribution for orientation RF...
[M::mem_pestat] (25, 50, 75) percentile: (505, 1566, 1813)
[M::mem_pestat] low and high boundaries for computing mean and std.dev: (1, 4429)
[M::mem_pestat] mean and std.dev: (1161.51, 759.53)
[M::mem_pestat] low and high boundaries for proper pairs: (1, 5737)
[M::mem_pestat] analyzing insert size distribution for orientation RR...
[M::mem_pestat] (25, 50, 75) percentile: (102, 161, 231)
[M::mem_pestat] low and high boundaries for computing mean and std.dev: (1, 489)
[M::mem_pestat] mean and std.dev: (172.92, 84.06)
[M::mem_pestat] low and high boundaries for proper pairs: (1, 618)
[M::mem_pestat] skip orientation FF
[M::mem_pestat] skip orientation RF
[M::mem_pestat] skip orientation RR
[M::mem_process_seqs] Processed 2775754 reads in 1153.051 CPU sec, 40.852 real sec
[M::process] read 2774470 sequences (400000089 bp)...
[M::process] read 2775256 sequences (400000285 bp)...
[M::mem_pestat] # candidate unique pairs for (FF, FR, RF, RR): (145, 1311232, 170, 155)
[M::mem_pestat] analyzing insert size distribution for orientation FF...
[M::mem_pestat] (25, 50, 75) percentile: (104, 177, 242)
[M::mem_pestat] low and high boundaries for computing mean and std.dev: (1, 518)
[M::mem_pestat] mean and std.dev: (181.20, 88.34)
[M::mem_pestat] low and high boundaries for proper pairs: (1, 656)
[M::mem_pestat] analyzing insert size distribution for orientation FR...
[M::mem_pestat] (25, 50, 75) percentile: (184, 244, 317)
[M::mem_pestat] low and high boundaries for computing mean and std.dev: (1, 583)
[M::mem_pestat] mean and std.dev: (254.20, 89.12)
[M::mem_pestat] low and high boundaries for proper pairs: (1, 716)
[M::mem_pestat] analyzing insert size distribution for orientation RF...
[M::mem_pestat] (25, 50, 75) percentile: (149, 801, 1766)
[M::mem_pestat] low and high boundaries for computing mean and std.dev: (1, 5000)
[M::mem_pestat] mean and std.dev: (1032.74, 1002.70)
[M::mem_pestat] low and high boundaries for proper pairs: (1, 6617)
[M::mem_pestat] analyzing insert size distribution for orientation RR...
[M::mem_pestat] (25, 50, 75) percentile: (120, 190, 244)
[M::mem_pestat] low and high boundaries for computing mean and std.dev: (1, 492)
[M::mem_pestat] mean and std.dev: (191.24, 86.30)
[M::mem_pestat] low and high boundaries for proper pairs: (1, 616)
[M::mem_pestat] skip orientation FF
[M::mem_pestat] skip orientation RF
[M::mem_pestat] skip orientation RR
[M::mem_process_seqs] Processed 2774470 reads in 556.852 CPU sec, 15.718 real sec
[M::mem_pestat] # candidate unique pairs for (FF, FR, RF, RR): (146, 1311298, 112, 116)
[M::mem_pestat] analyzing insert size distribution for orientation FF...
[M::mem_pestat] (25, 50, 75) percentile: (121, 195, 267)
[M::mem_pestat] low and high boundaries for computing mean and std.dev: (1, 559)
[M::mem_pestat] mean and std.dev: (194.95, 92.14)
[M::mem_pestat] low and high boundaries for proper pairs: (1, 705)
[M::mem_pestat] analyzing insert size distribution for orientation FR...
[M::mem_pestat] (25, 50, 75) percentile: (184, 244, 317)
[M::mem_pestat] low and high boundaries for computing mean and std.dev: (1, 583)
[M::mem_pestat] mean and std.dev: (254.25, 89.16)
[M::mem_pestat] low and high boundaries for proper pairs: (1, 716)
[M::mem_pestat] analyzing insert size distribution for orientation RF...
[M::mem_pestat] (25, 50, 75) percentile: (251, 557, 1705)
[M::mem_pestat] low and high boundaries for computing mean and std.dev: (1, 4613)
[M::mem_pestat] mean and std.dev: (800.69, 849.26)
[M::mem_pestat] low and high boundaries for proper pairs: (1, 6067)
[M::mem_pestat] analyzing insert size distribution for orientation RR...
[M::mem_pestat] (25, 50, 75) percentile: (111, 161, 248)
[M::mem_pestat] low and high boundaries for computing mean and std.dev: (1, 522)
[M::mem_pestat] mean and std.dev: (177.12, 92.10)
[M::mem_pestat] low and high boundaries for proper pairs: (1, 659)
[M::mem_pestat] skip orientation FF
[M::mem_pestat] skip orientation RF
[M::mem_pestat] skip orientation RR
[M::mem_process_seqs] Processed 2775256 reads in 592.088 CPU sec, 17.405 real sec
[M::process] read 2775542 sequences (400000061 bp)...
[M::process] read 2775172 sequences (400000248 bp)...
[M::mem_pestat] # candidate unique pairs for (FF, FR, RF, RR): (139, 1312020, 239, 143)
[M::mem_pestat] analyzing insert size distribution for orientation FF...
[M::mem_pestat] (25, 50, 75) percentile: (106, 152, 211)
[M::mem_pestat] low and high boundaries for computing mean and std.dev: (1, 421)
[M::mem_pestat] mean and std.dev: (163.69, 81.92)
[M::mem_pestat] low and high boundaries for proper pairs: (1, 526)
[M::mem_pestat] analyzing insert size distribution for orientation FR...
[M::mem_pestat] (25, 50, 75) percentile: (184, 244, 317)
[M::mem_pestat] low and high boundaries for computing mean and std.dev: (1, 583)
[M::mem_pestat] mean and std.dev: (253.95, 89.10)
[M::mem_pestat] low and high boundaries for proper pairs: (1, 716)
[M::mem_pestat] analyzing insert size distribution for orientation RF...
[M::mem_pestat] (25, 50, 75) percentile: (729, 1749, 1823)
[M::mem_pestat] low and high boundaries for computing mean and std.dev: (1, 4011)
[M::mem_pestat] mean and std.dev: (1413.04, 766.85)
[M::mem_pestat] low and high boundaries for proper pairs: (1, 5105)
[M::mem_pestat] analyzing insert size distribution for orientation RR...
[M::mem_pestat] (25, 50, 75) percentile: (110, 156, 221)
[M::mem_pestat] low and high boundaries for computing mean and std.dev: (1, 443)
[M::mem_pestat] mean and std.dev: (167.64, 72.38)
[M::mem_pestat] low and high boundaries for proper pairs: (1, 554)
[M::mem_pestat] skip orientation FF
[M::mem_pestat] skip orientation RF
[M::mem_pestat] skip orientation RR
[M::mem_process_seqs] Processed 2775542 reads in 552.336 CPU sec, 15.183 real sec
[M::mem_pestat] # candidate unique pairs for (FF, FR, RF, RR): (144, 1313119, 274, 139)
[M::mem_pestat] analyzing insert size distribution for orientation FF...
[M::mem_pestat] (25, 50, 75) percentile: (108, 163, 226)
[M::mem_pestat] low and high boundaries for computing mean and std.dev: (1, 462)
[M::mem_pestat] mean and std.dev: (172.10, 92.60)
[M::mem_pestat] low and high boundaries for proper pairs: (1, 580)
[M::mem_pestat] analyzing insert size distribution for orientation FR...
[M::mem_pestat] (25, 50, 75) percentile: (184, 245, 318)
[M::mem_pestat] low and high boundaries for computing mean and std.dev: (1, 586)
[M::mem_pestat] mean and std.dev: (254.50, 89.23)
[M::mem_pestat] low and high boundaries for proper pairs: (1, 720)
[M::mem_pestat] analyzing insert size distribution for orientation RF...
[M::mem_pestat] (25, 50, 75) percentile: (410, 2418, 2933)
[M::mem_pestat] low and high boundaries for computing mean and std.dev: (1, 7979)
[M::mem_pestat] mean and std.dev: (2287.56, 1909.65)
[M::mem_pestat] low and high boundaries for proper pairs: (1, 10502)
[M::mem_pestat] analyzing insert size distribution for orientation RR...
[M::mem_pestat] (25, 50, 75) percentile: (126, 181, 246)
[M::mem_pestat] low and high boundaries for computing mean and std.dev: (1, 486)
[M::mem_pestat] mean and std.dev: (190.29, 85.22)
[M::mem_pestat] low and high boundaries for proper pairs: (1, 606)
[M::mem_pestat] skip orientation FF
[M::mem_pestat] skip orientation RF
[M::mem_pestat] skip orientation RR
[M::mem_process_seqs] Processed 2775172 reads in 568.642 CPU sec, 16.125 real sec
[M::process] read 2775068 sequences (400000054 bp)...
[M::process] read 2772576 sequences (400000166 bp)...
[M::mem_pestat] # candidate unique pairs for (FF, FR, RF, RR): (131, 1304355, 114, 120)
[M::mem_pestat] analyzing insert size distribution for orientation FF...
[M::mem_pestat] (25, 50, 75) percentile: (108, 156, 248)
[M::mem_pestat] low and high boundaries for computing mean and std.dev: (1, 528)
[M::mem_pestat] mean and std.dev: (174.61, 80.98)
[M::mem_pestat] low and high boundaries for proper pairs: (1, 668)
[M::mem_pestat] analyzing insert size distribution for orientation FR...
[M::mem_pestat] (25, 50, 75) percentile: (184, 244, 317)
[M::mem_pestat] low and high boundaries for computing mean and std.dev: (1, 583)
[M::mem_pestat] mean and std.dev: (253.97, 89.08)
[M::mem_pestat] low and high boundaries for proper pairs: (1, 716)
[M::mem_pestat] analyzing insert size distribution for orientation RF...
[M::mem_pestat] (25, 50, 75) percentile: (291, 794, 2571)
[M::mem_pestat] low and high boundaries for computing mean and std.dev: (1, 7131)
[M::mem_pestat] mean and std.dev: (1880.35, 2087.13)
[M::mem_pestat] low and high boundaries for proper pairs: (1, 10229)
[M::mem_pestat] analyzing insert size distribution for orientation RR...
[M::mem_pestat] (25, 50, 75) percentile: (117, 162, 229)
[M::mem_pestat] low and high boundaries for computing mean and std.dev: (1, 453)
[M::mem_pestat] mean and std.dev: (175.89, 85.01)
[M::mem_pestat] low and high boundaries for proper pairs: (1, 565)
[M::mem_pestat] skip orientation FF
[M::mem_pestat] skip orientation RF
[M::mem_pestat] skip orientation RR
[M::mem_process_seqs] Processed 2775068 reads in 571.750 CPU sec, 15.900 real sec
[M::mem_pestat] # candidate unique pairs for (FF, FR, RF, RR): (149, 1315076, 140, 155)
[M::mem_pestat] analyzing insert size distribution for orientation FF...
[M::mem_pestat] (25, 50, 75) percentile: (104, 145, 243)
[M::mem_pestat] low and high boundaries for computing mean and std.dev: (1, 521)
[M::mem_pestat] mean and std.dev: (165.01, 83.93)
[M::mem_pestat] low and high boundaries for proper pairs: (1, 660)
[M::mem_pestat] analyzing insert size distribution for orientation FR...
[M::mem_pestat] (25, 50, 75) percentile: (184, 244, 318)
[M::mem_pestat] low and high boundaries for computing mean and std.dev: (1, 586)
[M::mem_pestat] mean and std.dev: (254.32, 89.16)
[M::mem_pestat] low and high boundaries for proper pairs: (1, 720)
[M::mem_pestat] analyzing insert size distribution for orientation RF...
[M::mem_pestat] (25, 50, 75) percentile: (247, 531, 2262)
[M::mem_pestat] low and high boundaries for computing mean and std.dev: (1, 6292)
[M::mem_pestat] mean and std.dev: (1143.09, 1247.96)
[M::mem_pestat] low and high boundaries for proper pairs: (1, 8307)
[M::mem_pestat] analyzing insert size distribution for orientation RR...
[M::mem_pestat] (25, 50, 75) percentile: (115, 169, 230)
[M::mem_pestat] low and high boundaries for computing mean and std.dev: (1, 460)
[M::mem_pestat] mean and std.dev: (171.24, 67.77)
[M::mem_pestat] low and high boundaries for proper pairs: (1, 575)
[M::mem_pestat] skip orientation FF
[M::mem_pestat] skip orientation RF
[M::mem_pestat] skip orientation RR
[M::mem_process_seqs] Processed 2772576 reads in 553.156 CPU sec, 15.929 real sec
[M::process] read 2775622 sequences (400000257 bp)...
[M::process] read 2775542 sequences (400000112 bp)...
[M::mem_pestat] # candidate unique pairs for (FF, FR, RF, RR): (121, 1303076, 178, 136)
[M::mem_pestat] analyzing insert size distribution for orientation FF...
[M::mem_pestat] (25, 50, 75) percentile: (124, 173, 246)
[M::mem_pestat] low and high boundaries for computing mean and std.dev: (1, 490)
[M::mem_pestat] mean and std.dev: (188.08, 89.39)
[M::mem_pestat] low and high boundaries for proper pairs: (1, 612)
[M::mem_pestat] analyzing insert size distribution for orientation FR...
[M::mem_pestat] (25, 50, 75) percentile: (184, 245, 318)
[M::mem_pestat] low and high boundaries for computing mean and std.dev: (1, 586)
[M::mem_pestat] mean and std.dev: (254.63, 89.36)
[M::mem_pestat] low and high boundaries for proper pairs: (1, 720)
[M::mem_pestat] analyzing insert size distribution for orientation RF...
[M::mem_pestat] (25, 50, 75) percentile: (503, 1556, 2757)
[M::mem_pestat] low and high boundaries for computing mean and std.dev: (1, 7265)
[M::mem_pestat] mean and std.dev: (2077.13, 2067.31)
[M::mem_pestat] low and high boundaries for proper pairs: (1, 10346)
[M::mem_pestat] analyzing insert size distribution for orientation RR...
[M::mem_pestat] (25, 50, 75) percentile: (104, 169, 226)
[M::mem_pestat] low and high boundaries for computing mean and std.dev: (1, 470)
[M::mem_pestat] mean and std.dev: (174.78, 80.70)
[M::mem_pestat] low and high boundaries for proper pairs: (1, 592)
[M::mem_pestat] skip orientation FF
[M::mem_pestat] skip orientation RF
[M::mem_pestat] skip orientation RR
[M::mem_process_seqs] Processed 2775622 reads in 579.125 CPU sec, 16.613 real sec
[M::mem_pestat] # candidate unique pairs for (FF, FR, RF, RR): (126, 1307952, 190, 136)
[M::mem_pestat] analyzing insert size distribution for orientation FF...
[M::mem_pestat] (25, 50, 75) percentile: (99, 161, 243)
[M::mem_pestat] low and high boundaries for computing mean and std.dev: (1, 531)
[M::mem_pestat] mean and std.dev: (172.40, 90.99)
[M::mem_pestat] low and high boundaries for proper pairs: (1, 675)
[M::mem_pestat] analyzing insert size distribution for orientation FR...
[M::mem_pestat] (25, 50, 75) percentile: (184, 244, 317)
[M::mem_pestat] low and high boundaries for computing mean and std.dev: (1, 583)
[M::mem_pestat] mean and std.dev: (254.17, 89.30)
[M::mem_pestat] low and high boundaries for proper pairs: (1, 716)
[M::mem_pestat] analyzing insert size distribution for orientation RF...
[M::mem_pestat] (25, 50, 75) percentile: (341, 1595, 1900)
[M::mem_pestat] low and high boundaries for computing mean and std.dev: (1, 5018)
[M::mem_pestat] mean and std.dev: (1099.79, 909.07)
[M::mem_pestat] low and high boundaries for proper pairs: (1, 6577)
[M::mem_pestat] analyzing insert size distribution for orientation RR...
[M::mem_pestat] (25, 50, 75) percentile: (115, 154, 219)
[M::mem_pestat] low and high boundaries for computing mean and std.dev: (1, 427)
[M::mem_pestat] mean and std.dev: (164.50, 72.16)
[M::mem_pestat] low and high boundaries for proper pairs: (1, 531)
[M::mem_pestat] skip orientation FF
[M::mem_pestat] skip orientation RF
[M::mem_pestat] skip orientation RR
[M::mem_process_seqs] Processed 2775542 reads in 575.957 CPU sec, 16.498 real sec
[M::process] read 1876994 sequences (270626350 bp)...
[M::mem_pestat] # candidate unique pairs for (FF, FR, RF, RR): (100, 888343, 188, 109)
[M::mem_pestat] analyzing insert size distribution for orientation FF...
[M::mem_pestat] (25, 50, 75) percentile: (106, 157, 240)
[M::mem_pestat] low and high boundaries for computing mean and std.dev: (1, 508)
[M::mem_pestat] mean and std.dev: (172.96, 82.46)
[M::mem_pestat] low and high boundaries for proper pairs: (1, 642)
[M::mem_pestat] analyzing insert size distribution for orientation FR...
[M::mem_pestat] (25, 50, 75) percentile: (184, 244, 318)
[M::mem_pestat] low and high boundaries for computing mean and std.dev: (1, 586)
[M::mem_pestat] mean and std.dev: (254.25, 89.20)
[M::mem_pestat] low and high boundaries for proper pairs: (1, 720)
[M::mem_pestat] analyzing insert size distribution for orientation RF...
[M::mem_pestat] (25, 50, 75) percentile: (1640, 1891, 2452)
[M::mem_pestat] low and high boundaries for computing mean and std.dev: (16, 4076)
[M::mem_pestat] mean and std.dev: (1868.72, 707.34)
[M::mem_pestat] low and high boundaries for proper pairs: (1, 4888)
[M::mem_pestat] analyzing insert size distribution for orientation RR...
[M::mem_pestat] (25, 50, 75) percentile: (125, 193, 263)
[M::mem_pestat] low and high boundaries for computing mean and std.dev: (1, 539)
[M::mem_pestat] mean and std.dev: (189.85, 80.34)
[M::mem_pestat] low and high boundaries for proper pairs: (1, 677)
[M::mem_pestat] skip orientation FF
[M::mem_pestat] skip orientation RF
[M::mem_pestat] skip orientation RR
[M::mem_process_seqs] Processed 1876994 reads in 360.130 CPU sec, 9.715 real sec
[main] Version: 0.7.17-r1188
[main] CMD: bwa mem -L 5 -t 40 -a -M -T 80 -A 1 -B 4 -O 6 -R @RG\tID:Ssp-CGub_038-Ex1-cssl.clmp.fp2_repr\tSM:Ssp-CGub_038-Ex1-cssl.clmp.fp2_repr\tPL:Illumina reference.ssl.Ssp-10NR-R1R2ORPH-decontam-noisolate.fasta Ssp-CGub_038-Ex1-cssl.clmp.fp2_repr.R1.fq.gz Ssp-CGub_038-Ex1-cssl.clmp.fp2_repr.R2.fq.gz
[main] Real time: 234.613 sec; CPU: 6139.509 sec
