[M::bwa_idx_load_from_disk] read 0 ALT contigs
[M::process] read 2777548 sequences (400000055 bp)...
[M::mem_pestat] # candidate unique pairs for (FF, FR, RF, RR): (66, 1313573, 343, 73)
[M::mem_pestat] analyzing insert size distribution for orientation FF...
[M::mem_pestat] (25, 50, 75) percentile: (116, 171, 215)
[M::mem_pestat] low and high boundaries for computing mean and std.dev: (1, 413)
[M::mem_pestat] mean and std.dev: (168.55, 69.48)
[M::mem_pestat] low and high boundaries for proper pairs: (1, 512)
[M::mem_pestat] analyzing insert size distribution for orientation FR...
[M::mem_pestat] (25, 50, 75) percentile: (174, 224, 289)
[M::mem_pestat] low and high boundaries for computing mean and std.dev: (1, 519)
[M::mem_pestat] mean and std.dev: (236.88, 82.96)
[M::mem_pestat] low and high boundaries for proper pairs: (1, 634)
[M::mem_pestat] analyzing insert size distribution for orientation RF...
[M::mem_pestat] (25, 50, 75) percentile: (576, 1521, 1826)
[M::mem_pestat] low and high boundaries for computing mean and std.dev: (1, 4326)
[M::mem_pestat] mean and std.dev: (1243.79, 683.54)
[M::mem_pestat] low and high boundaries for proper pairs: (1, 5576)
[M::mem_pestat] analyzing insert size distribution for orientation RR...
[M::mem_pestat] (25, 50, 75) percentile: (96, 157, 236)
[M::mem_pestat] low and high boundaries for computing mean and std.dev: (1, 516)
[M::mem_pestat] mean and std.dev: (163.20, 76.53)
[M::mem_pestat] low and high boundaries for proper pairs: (1, 656)
[M::mem_pestat] skip orientation FF
[M::mem_pestat] skip orientation RF
[M::mem_pestat] skip orientation RR
[M::mem_process_seqs] Processed 2777548 reads in 935.512 CPU sec, 36.897 real sec
[M::process] read 2775712 sequences (400000043 bp)...
[M::process] read 2776336 sequences (400000176 bp)...
[M::mem_pestat] # candidate unique pairs for (FF, FR, RF, RR): (73, 1313380, 128, 76)
[M::mem_pestat] analyzing insert size distribution for orientation FF...
[M::mem_pestat] (25, 50, 75) percentile: (105, 140, 197)
[M::mem_pestat] low and high boundaries for computing mean and std.dev: (1, 381)
[M::mem_pestat] mean and std.dev: (156.42, 69.28)
[M::mem_pestat] low and high boundaries for proper pairs: (1, 473)
[M::mem_pestat] analyzing insert size distribution for orientation FR...
[M::mem_pestat] (25, 50, 75) percentile: (174, 224, 290)
[M::mem_pestat] low and high boundaries for computing mean and std.dev: (1, 522)
[M::mem_pestat] mean and std.dev: (237.13, 83.00)
[M::mem_pestat] low and high boundaries for proper pairs: (1, 638)
[M::mem_pestat] analyzing insert size distribution for orientation RF...
[M::mem_pestat] (25, 50, 75) percentile: (239, 953, 1554)
[M::mem_pestat] low and high boundaries for computing mean and std.dev: (1, 4184)
[M::mem_pestat] mean and std.dev: (834.86, 660.13)
[M::mem_pestat] low and high boundaries for proper pairs: (1, 5499)
[M::mem_pestat] analyzing insert size distribution for orientation RR...
[M::mem_pestat] (25, 50, 75) percentile: (116, 176, 198)
[M::mem_pestat] low and high boundaries for computing mean and std.dev: (1, 362)
[M::mem_pestat] mean and std.dev: (166.01, 78.39)
[M::mem_pestat] low and high boundaries for proper pairs: (1, 480)
[M::mem_pestat] skip orientation FF
[M::mem_pestat] skip orientation RF
[M::mem_pestat] skip orientation RR
[M::mem_process_seqs] Processed 2775712 reads in 477.936 CPU sec, 13.103 real sec
[M::mem_pestat] # candidate unique pairs for (FF, FR, RF, RR): (84, 1318184, 150, 58)
[M::mem_pestat] analyzing insert size distribution for orientation FF...
[M::mem_pestat] (25, 50, 75) percentile: (104, 138, 187)
[M::mem_pestat] low and high boundaries for computing mean and std.dev: (1, 353)
[M::mem_pestat] mean and std.dev: (145.20, 66.81)
[M::mem_pestat] low and high boundaries for proper pairs: (1, 436)
[M::mem_pestat] analyzing insert size distribution for orientation FR...
[M::mem_pestat] (25, 50, 75) percentile: (174, 224, 289)
[M::mem_pestat] low and high boundaries for computing mean and std.dev: (1, 519)
[M::mem_pestat] mean and std.dev: (236.74, 82.93)
[M::mem_pestat] low and high boundaries for proper pairs: (1, 634)
[M::mem_pestat] analyzing insert size distribution for orientation RF...
[M::mem_pestat] (25, 50, 75) percentile: (557, 1644, 2200)
[M::mem_pestat] low and high boundaries for computing mean and std.dev: (1, 5486)
[M::mem_pestat] mean and std.dev: (1425.82, 1037.91)
[M::mem_pestat] low and high boundaries for proper pairs: (1, 7129)
[M::mem_pestat] analyzing insert size distribution for orientation RR...
[M::mem_pestat] (25, 50, 75) percentile: (130, 157, 221)
[M::mem_pestat] low and high boundaries for computing mean and std.dev: (1, 403)
[M::mem_pestat] mean and std.dev: (162.67, 65.76)
[M::mem_pestat] low and high boundaries for proper pairs: (1, 494)
[M::mem_pestat] skip orientation FF
[M::mem_pestat] skip orientation RF
[M::mem_pestat] skip orientation RR
[M::mem_process_seqs] Processed 2776336 reads in 495.838 CPU sec, 14.967 real sec
[M::process] read 2777280 sequences (400000225 bp)...
[M::process] read 2776384 sequences (400000019 bp)...
[M::mem_pestat] # candidate unique pairs for (FF, FR, RF, RR): (61, 1315895, 161, 70)
[M::mem_pestat] analyzing insert size distribution for orientation FF...
[M::mem_pestat] (25, 50, 75) percentile: (89, 138, 179)
[M::mem_pestat] low and high boundaries for computing mean and std.dev: (1, 359)
[M::mem_pestat] mean and std.dev: (133.16, 58.65)
[M::mem_pestat] low and high boundaries for proper pairs: (1, 449)
[M::mem_pestat] analyzing insert size distribution for orientation FR...
[M::mem_pestat] (25, 50, 75) percentile: (174, 224, 290)
[M::mem_pestat] low and high boundaries for computing mean and std.dev: (1, 522)
[M::mem_pestat] mean and std.dev: (237.10, 83.12)
[M::mem_pestat] low and high boundaries for proper pairs: (1, 638)
[M::mem_pestat] analyzing insert size distribution for orientation RF...
[M::mem_pestat] (25, 50, 75) percentile: (318, 908, 2496)
[M::mem_pestat] low and high boundaries for computing mean and std.dev: (1, 6852)
[M::mem_pestat] mean and std.dev: (1583.66, 1809.95)
[M::mem_pestat] low and high boundaries for proper pairs: (1, 9030)
[M::mem_pestat] analyzing insert size distribution for orientation RR...
[M::mem_pestat] (25, 50, 75) percentile: (97, 146, 185)
[M::mem_pestat] low and high boundaries for computing mean and std.dev: (1, 361)
[M::mem_pestat] mean and std.dev: (140.09, 57.98)
[M::mem_pestat] low and high boundaries for proper pairs: (1, 449)
[M::mem_pestat] skip orientation FF
[M::mem_pestat] skip orientation RF
[M::mem_pestat] skip orientation RR
[M::mem_process_seqs] Processed 2777280 reads in 472.032 CPU sec, 12.943 real sec
[M::mem_pestat] # candidate unique pairs for (FF, FR, RF, RR): (58, 1310962, 161, 62)
[M::mem_pestat] analyzing insert size distribution for orientation FF...
[M::mem_pestat] (25, 50, 75) percentile: (119, 170, 218)
[M::mem_pestat] low and high boundaries for computing mean and std.dev: (1, 416)
[M::mem_pestat] mean and std.dev: (175.79, 78.31)
[M::mem_pestat] low and high boundaries for proper pairs: (1, 515)
[M::mem_pestat] analyzing insert size distribution for orientation FR...
[M::mem_pestat] (25, 50, 75) percentile: (174, 224, 289)
[M::mem_pestat] low and high boundaries for computing mean and std.dev: (1, 519)
[M::mem_pestat] mean and std.dev: (236.83, 82.96)
[M::mem_pestat] low and high boundaries for proper pairs: (1, 634)
[M::mem_pestat] analyzing insert size distribution for orientation RF...
[M::mem_pestat] (25, 50, 75) percentile: (488, 1025, 1532)
[M::mem_pestat] low and high boundaries for computing mean and std.dev: (1, 3620)
[M::mem_pestat] mean and std.dev: (810.31, 594.83)
[M::mem_pestat] low and high boundaries for proper pairs: (1, 4664)
[M::mem_pestat] analyzing insert size distribution for orientation RR...
[M::mem_pestat] (25, 50, 75) percentile: (82, 129, 171)
[M::mem_pestat] low and high boundaries for computing mean and std.dev: (1, 349)
[M::mem_pestat] mean and std.dev: (132.15, 61.39)
[M::mem_pestat] low and high boundaries for proper pairs: (1, 438)
[M::mem_pestat] skip orientation FF
[M::mem_pestat] skip orientation RF
[M::mem_pestat] skip orientation RR
[M::mem_process_seqs] Processed 2776384 reads in 519.997 CPU sec, 15.250 real sec
[M::process] read 2774764 sequences (400000132 bp)...
[M::process] read 2778340 sequences (400000282 bp)...
[M::mem_pestat] # candidate unique pairs for (FF, FR, RF, RR): (58, 1319674, 106, 71)
[M::mem_pestat] analyzing insert size distribution for orientation FF...
[M::mem_pestat] (25, 50, 75) percentile: (82, 136, 186)
[M::mem_pestat] low and high boundaries for computing mean and std.dev: (1, 394)
[M::mem_pestat] mean and std.dev: (135.37, 62.39)
[M::mem_pestat] low and high boundaries for proper pairs: (1, 498)
[M::mem_pestat] analyzing insert size distribution for orientation FR...
[M::mem_pestat] (25, 50, 75) percentile: (174, 224, 290)
[M::mem_pestat] low and high boundaries for computing mean and std.dev: (1, 522)
[M::mem_pestat] mean and std.dev: (237.10, 82.98)
[M::mem_pestat] low and high boundaries for proper pairs: (1, 638)
[M::mem_pestat] analyzing insert size distribution for orientation RF...
[M::mem_pestat] (25, 50, 75) percentile: (96, 423, 1514)
[M::mem_pestat] low and high boundaries for computing mean and std.dev: (1, 4350)
[M::mem_pestat] mean and std.dev: (727.22, 832.14)
[M::mem_pestat] low and high boundaries for proper pairs: (1, 5768)
[M::mem_pestat] analyzing insert size distribution for orientation RR...
[M::mem_pestat] (25, 50, 75) percentile: (108, 157, 208)
[M::mem_pestat] low and high boundaries for computing mean and std.dev: (1, 408)
[M::mem_pestat] mean and std.dev: (158.37, 66.60)
[M::mem_pestat] low and high boundaries for proper pairs: (1, 508)
[M::mem_pestat] skip orientation FF
[M::mem_pestat] skip orientation RF
[M::mem_pestat] skip orientation RR
[M::mem_process_seqs] Processed 2774764 reads in 467.681 CPU sec, 13.462 real sec
[M::mem_pestat] # candidate unique pairs for (FF, FR, RF, RR): (86, 1308324, 129, 81)
[M::mem_pestat] analyzing insert size distribution for orientation FF...
[M::mem_pestat] (25, 50, 75) percentile: (101, 150, 214)
[M::mem_pestat] low and high boundaries for computing mean and std.dev: (1, 440)
[M::mem_pestat] mean and std.dev: (161.99, 71.21)
[M::mem_pestat] low and high boundaries for proper pairs: (1, 553)
[M::mem_pestat] analyzing insert size distribution for orientation FR...
[M::mem_pestat] (25, 50, 75) percentile: (173, 224, 289)
[M::mem_pestat] low and high boundaries for computing mean and std.dev: (1, 521)
[M::mem_pestat] mean and std.dev: (236.62, 83.01)
[M::mem_pestat] low and high boundaries for proper pairs: (1, 637)
[M::mem_pestat] analyzing insert size distribution for orientation RF...
[M::mem_pestat] (25, 50, 75) percentile: (145, 970, 1717)
[M::mem_pestat] low and high boundaries for computing mean and std.dev: (1, 4861)
[M::mem_pestat] mean and std.dev: (986.92, 958.16)
[M::mem_pestat] low and high boundaries for proper pairs: (1, 6433)
[M::mem_pestat] analyzing insert size distribution for orientation RR...
[M::mem_pestat] (25, 50, 75) percentile: (95, 157, 212)
[M::mem_pestat] low and high boundaries for computing mean and std.dev: (1, 446)
[M::mem_pestat] mean and std.dev: (160.12, 72.60)
[M::mem_pestat] low and high boundaries for proper pairs: (1, 563)
[M::mem_pestat] skip orientation FF
[M::mem_pestat] skip orientation RF
[M::mem_pestat] skip orientation RR
[M::mem_process_seqs] Processed 2778340 reads in 518.767 CPU sec, 14.823 real sec
[M::process] read 2161230 sequences (311406250 bp)...
[M::mem_pestat] # candidate unique pairs for (FF, FR, RF, RR): (48, 1026456, 103, 48)
[M::mem_pestat] analyzing insert size distribution for orientation FF...
[M::mem_pestat] (25, 50, 75) percentile: (105, 158, 182)
[M::mem_pestat] low and high boundaries for computing mean and std.dev: (1, 336)
[M::mem_pestat] mean and std.dev: (145.77, 49.70)
[M::mem_pestat] low and high boundaries for proper pairs: (1, 413)
[M::mem_pestat] analyzing insert size distribution for orientation FR...
[M::mem_pestat] (25, 50, 75) percentile: (174, 224, 289)
[M::mem_pestat] low and high boundaries for computing mean and std.dev: (1, 519)
[M::mem_pestat] mean and std.dev: (236.79, 82.93)
[M::mem_pestat] low and high boundaries for proper pairs: (1, 634)
[M::mem_pestat] analyzing insert size distribution for orientation RF...
[M::mem_pestat] (25, 50, 75) percentile: (892, 1319, 1819)
[M::mem_pestat] low and high boundaries for computing mean and std.dev: (1, 3673)
[M::mem_pestat] mean and std.dev: (1135.40, 695.37)
[M::mem_pestat] low and high boundaries for proper pairs: (1, 4600)
[M::mem_pestat] analyzing insert size distribution for orientation RR...
[M::mem_pestat] (25, 50, 75) percentile: (94, 141, 210)
[M::mem_pestat] low and high boundaries for computing mean and std.dev: (1, 442)
[M::mem_pestat] mean and std.dev: (145.46, 70.64)
[M::mem_pestat] low and high boundaries for proper pairs: (1, 558)
[M::mem_pestat] skip orientation FF
[M::mem_pestat] skip orientation RF
[M::mem_pestat] skip orientation RR
[M::mem_process_seqs] Processed 2161230 reads in 352.411 CPU sec, 9.579 real sec
[main] Version: 0.7.17-r1188
[main] CMD: bwa mem -L 5 -t 40 -a -M -T 80 -A 1 -B 4 -O 6 -R @RG\tID:Ssp-CGub_043-Ex1-cssl.clmp.fp2_repr\tSM:Ssp-CGub_043-Ex1-cssl.clmp.fp2_repr\tPL:Illumina reference.ssl.Ssp-10NR-R1R2ORPH-decontam-noisolate.fasta Ssp-CGub_043-Ex1-cssl.clmp.fp2_repr.R1.fq.gz Ssp-CGub_043-Ex1-cssl.clmp.fp2_repr.R2.fq.gz
[main] Real time: 174.803 sec; CPU: 4297.289 sec
