[M::bwa_idx_load_from_disk] read 0 ALT contigs
[M::process] read 524092 sequences (56550910 bp)...
[M::mem_pestat] # candidate unique pairs for (FF, FR, RF, RR): (2, 54462, 17, 8)
[M::mem_pestat] skip orientation FF as there are not enough pairs
[M::mem_pestat] analyzing insert size distribution for orientation FR...
[M::mem_pestat] (25, 50, 75) percentile: (57, 81, 109)
[M::mem_pestat] low and high boundaries for computing mean and std.dev: (1, 213)
[M::mem_pestat] mean and std.dev: (84.47, 37.32)
[M::mem_pestat] low and high boundaries for proper pairs: (1, 265)
[M::mem_pestat] analyzing insert size distribution for orientation RF...
[M::mem_pestat] (25, 50, 75) percentile: (6, 24, 80)
[M::mem_pestat] low and high boundaries for computing mean and std.dev: (1, 228)
[M::mem_pestat] mean and std.dev: (34.75, 31.14)
[M::mem_pestat] low and high boundaries for proper pairs: (1, 302)
[M::mem_pestat] skip orientation RR as there are not enough pairs
[M::mem_pestat] skip orientation RF
[M::mem_process_seqs] Processed 524092 reads in 163.943 CPU sec, 4.578 real sec
[main] Version: 0.7.17-r1188
[main] CMD: bwa mem -L 5 -t 40 -a -M -T 80 -A 1 -B 4 -O 6 -R @RG\tID:Ssp-AAtu_008-Ex1-cssl.clmp.fp2_repr\tSM:Ssp-AAtu_008-Ex1-cssl.clmp.fp2_repr\tPL:Illumina reference.ssl.Ssp-10NR-R1R2ORPH-decontam-noisolate.fasta Ssp-AAtu_008-Ex1-cssl.clmp.fp2_repr.R1.fq.gz Ssp-AAtu_008-Ex1-cssl.clmp.fp2_repr.R2.fq.gz
[main] Real time: 7.915 sec; CPU: 166.955 sec
