[M::bwa_idx_load_from_disk] read 0 ALT contigs
[M::process] read 1634482 sequences (236523679 bp)...
[M::mem_pestat] # candidate unique pairs for (FF, FR, RF, RR): (119, 735924, 105, 131)
[M::mem_pestat] analyzing insert size distribution for orientation FF...
[M::mem_pestat] (25, 50, 75) percentile: (127, 170, 229)
[M::mem_pestat] low and high boundaries for computing mean and std.dev: (1, 433)
[M::mem_pestat] mean and std.dev: (181.85, 76.44)
[M::mem_pestat] low and high boundaries for proper pairs: (1, 535)
[M::mem_pestat] analyzing insert size distribution for orientation FR...
[M::mem_pestat] (25, 50, 75) percentile: (180, 236, 305)
[M::mem_pestat] low and high boundaries for computing mean and std.dev: (1, 555)
[M::mem_pestat] mean and std.dev: (246.83, 86.27)
[M::mem_pestat] low and high boundaries for proper pairs: (1, 680)
[M::mem_pestat] analyzing insert size distribution for orientation RF...
[M::mem_pestat] (25, 50, 75) percentile: (58, 388, 1591)
[M::mem_pestat] low and high boundaries for computing mean and std.dev: (1, 4657)
[M::mem_pestat] mean and std.dev: (698.45, 891.07)
[M::mem_pestat] low and high boundaries for proper pairs: (1, 6190)
[M::mem_pestat] analyzing insert size distribution for orientation RR...
[M::mem_pestat] (25, 50, 75) percentile: (116, 163, 219)
[M::mem_pestat] low and high boundaries for computing mean and std.dev: (1, 425)
[M::mem_pestat] mean and std.dev: (172.53, 76.74)
[M::mem_pestat] low and high boundaries for proper pairs: (1, 528)
[M::mem_pestat] skip orientation FF
[M::mem_pestat] skip orientation RF
[M::mem_pestat] skip orientation RR
[M::mem_process_seqs] Processed 1634482 reads in 382.147 CPU sec, 10.592 real sec
[main] Version: 0.7.17-r1188
[main] CMD: bwa mem -L 5 -t 40 -a -M -T 80 -A 1 -B 4 -O 6 -R @RG\tID:Ssp-CGub_015-Ex1-cssl.clmp.fp2_repr\tSM:Ssp-CGub_015-Ex1-cssl.clmp.fp2_repr\tPL:Illumina reference.ssl.Ssp-10NR-R1R2ORPH-decontam-noisolate.fasta Ssp-CGub_015-Ex1-cssl.clmp.fp2_repr.R1.fq.gz Ssp-CGub_015-Ex1-cssl.clmp.fp2_repr.R2.fq.gz
[main] Real time: 19.719 sec; CPU: 390.922 sec
