[M::bwa_idx_load_from_disk] read 0 ALT contigs
[M::process] read 72064 sequences (10135004 bp)...
[M::mem_pestat] # candidate unique pairs for (FF, FR, RF, RR): (0, 12698, 27, 3)
[M::mem_pestat] skip orientation FF as there are not enough pairs
[M::mem_pestat] analyzing insert size distribution for orientation FR...
[M::mem_pestat] (25, 50, 75) percentile: (149, 205, 276)
[M::mem_pestat] low and high boundaries for computing mean and std.dev: (1, 530)
[M::mem_pestat] mean and std.dev: (217.95, 91.64)
[M::mem_pestat] low and high boundaries for proper pairs: (1, 657)
[M::mem_pestat] analyzing insert size distribution for orientation RF...
[M::mem_pestat] (25, 50, 75) percentile: (34, 58, 132)
[M::mem_pestat] low and high boundaries for computing mean and std.dev: (1, 328)
[M::mem_pestat] mean and std.dev: (60.50, 54.56)
[M::mem_pestat] low and high boundaries for proper pairs: (1, 426)
[M::mem_pestat] skip orientation RR as there are not enough pairs
[M::mem_pestat] skip orientation RF
[M::mem_process_seqs] Processed 72064 reads in 25.368 CPU sec, 0.676 real sec
[main] Version: 0.7.17-r1188
[main] CMD: bwa mem -L 5 -t 40 -a -M -T 80 -A 1 -B 4 -O 6 -R @RG\tID:Ssp-CGub_057-Ex1-cssl.clmp.fp2_repr\tSM:Ssp-CGub_057-Ex1-cssl.clmp.fp2_repr\tPL:Illumina reference.ssl.Ssp-10NR-R1R2ORPH-decontam-noisolate.fasta Ssp-CGub_057-Ex1-cssl.clmp.fp2_repr.R1.fq.gz Ssp-CGub_057-Ex1-cssl.clmp.fp2_repr.R2.fq.gz
[main] Real time: 2.239 sec; CPU: 26.622 sec
