[M::bwa_idx_load_from_disk] read 0 ALT contigs
[M::process] read 2914644 sequences (400000261 bp)...
[M::mem_pestat] # candidate unique pairs for (FF, FR, RF, RR): (347, 1354487, 162, 313)
[M::mem_pestat] analyzing insert size distribution for orientation FF...
[M::mem_pestat] (25, 50, 75) percentile: (92, 141, 229)
[M::mem_pestat] low and high boundaries for computing mean and std.dev: (1, 503)
[M::mem_pestat] mean and std.dev: (162.32, 89.80)
[M::mem_pestat] low and high boundaries for proper pairs: (1, 640)
[M::mem_pestat] analyzing insert size distribution for orientation FR...
[M::mem_pestat] (25, 50, 75) percentile: (136, 180, 243)
[M::mem_pestat] low and high boundaries for computing mean and std.dev: (1, 457)
[M::mem_pestat] mean and std.dev: (195.91, 81.18)
[M::mem_pestat] low and high boundaries for proper pairs: (1, 564)
[M::mem_pestat] analyzing insert size distribution for orientation RF...
[M::mem_pestat] (25, 50, 75) percentile: (509, 1105, 1776)
[M::mem_pestat] low and high boundaries for computing mean and std.dev: (1, 4310)
[M::mem_pestat] mean and std.dev: (1066.34, 752.84)
[M::mem_pestat] low and high boundaries for proper pairs: (1, 5577)
[M::mem_pestat] analyzing insert size distribution for orientation RR...
[M::mem_pestat] (25, 50, 75) percentile: (100, 150, 223)
[M::mem_pestat] low and high boundaries for computing mean and std.dev: (1, 469)
[M::mem_pestat] mean and std.dev: (169.88, 94.46)
[M::mem_pestat] low and high boundaries for proper pairs: (1, 592)
[M::mem_pestat] skip orientation FF
[M::mem_pestat] skip orientation RF
[M::mem_pestat] skip orientation RR
[M::mem_process_seqs] Processed 2914644 reads in 1175.526 CPU sec, 37.620 real sec
[M::process] read 2915780 sequences (400000057 bp)...
[M::process] read 2914306 sequences (400000213 bp)...
[M::mem_pestat] # candidate unique pairs for (FF, FR, RF, RR): (356, 1355117, 157, 322)
[M::mem_pestat] analyzing insert size distribution for orientation FF...
[M::mem_pestat] (25, 50, 75) percentile: (99, 160, 238)
[M::mem_pestat] low and high boundaries for computing mean and std.dev: (1, 516)
[M::mem_pestat] mean and std.dev: (171.16, 88.46)
[M::mem_pestat] low and high boundaries for proper pairs: (1, 655)
[M::mem_pestat] analyzing insert size distribution for orientation FR...
[M::mem_pestat] (25, 50, 75) percentile: (136, 180, 243)
[M::mem_pestat] low and high boundaries for computing mean and std.dev: (1, 457)
[M::mem_pestat] mean and std.dev: (195.95, 81.23)
[M::mem_pestat] low and high boundaries for proper pairs: (1, 564)
[M::mem_pestat] analyzing insert size distribution for orientation RF...
[M::mem_pestat] (25, 50, 75) percentile: (360, 1077, 2637)
[M::mem_pestat] low and high boundaries for computing mean and std.dev: (1, 7191)
[M::mem_pestat] mean and std.dev: (1739.91, 1865.33)
[M::mem_pestat] low and high boundaries for proper pairs: (1, 9468)
[M::mem_pestat] analyzing insert size distribution for orientation RR...
[M::mem_pestat] (25, 50, 75) percentile: (104, 157, 219)
[M::mem_pestat] low and high boundaries for computing mean and std.dev: (1, 449)
[M::mem_pestat] mean and std.dev: (165.96, 78.80)
[M::mem_pestat] low and high boundaries for proper pairs: (1, 564)
[M::mem_pestat] skip orientation FF
[M::mem_pestat] skip orientation RF
[M::mem_pestat] skip orientation RR
[M::mem_process_seqs] Processed 2915780 reads in 638.796 CPU sec, 17.748 real sec
[M::mem_pestat] # candidate unique pairs for (FF, FR, RF, RR): (357, 1354643, 102, 333)
[M::mem_pestat] analyzing insert size distribution for orientation FF...
[M::mem_pestat] (25, 50, 75) percentile: (91, 143, 214)
[M::mem_pestat] low and high boundaries for computing mean and std.dev: (1, 460)
[M::mem_pestat] mean and std.dev: (157.79, 86.04)
[M::mem_pestat] low and high boundaries for proper pairs: (1, 583)
[M::mem_pestat] analyzing insert size distribution for orientation FR...
[M::mem_pestat] (25, 50, 75) percentile: (136, 180, 243)
[M::mem_pestat] low and high boundaries for computing mean and std.dev: (1, 457)
[M::mem_pestat] mean and std.dev: (196.05, 81.37)
[M::mem_pestat] low and high boundaries for proper pairs: (1, 564)
[M::mem_pestat] analyzing insert size distribution for orientation RF...
[M::mem_pestat] (25, 50, 75) percentile: (132, 825, 5012)
[M::mem_pestat] low and high boundaries for computing mean and std.dev: (1, 14772)
[M::mem_pestat] mean and std.dev: (2054.70, 2289.53)
[M::mem_pestat] low and high boundaries for proper pairs: (1, 19652)
[M::mem_pestat] analyzing insert size distribution for orientation RR...
[M::mem_pestat] (25, 50, 75) percentile: (108, 152, 228)
[M::mem_pestat] low and high boundaries for computing mean and std.dev: (1, 468)
[M::mem_pestat] mean and std.dev: (169.71, 83.19)
[M::mem_pestat] low and high boundaries for proper pairs: (1, 588)
[M::mem_pestat] skip orientation FF
[M::mem_pestat] skip orientation RF
[M::mem_pestat] skip orientation RR
[M::mem_process_seqs] Processed 2914306 reads in 684.436 CPU sec, 19.939 real sec
[M::process] read 2127902 sequences (291859078 bp)...
[M::mem_pestat] # candidate unique pairs for (FF, FR, RF, RR): (263, 990228, 65, 267)
[M::mem_pestat] analyzing insert size distribution for orientation FF...
[M::mem_pestat] (25, 50, 75) percentile: (91, 150, 227)
[M::mem_pestat] low and high boundaries for computing mean and std.dev: (1, 499)
[M::mem_pestat] mean and std.dev: (163.46, 88.31)
[M::mem_pestat] low and high boundaries for proper pairs: (1, 635)
[M::mem_pestat] analyzing insert size distribution for orientation FR...
[M::mem_pestat] (25, 50, 75) percentile: (136, 180, 242)
[M::mem_pestat] low and high boundaries for computing mean and std.dev: (1, 454)
[M::mem_pestat] mean and std.dev: (195.51, 80.97)
[M::mem_pestat] low and high boundaries for proper pairs: (1, 560)
[M::mem_pestat] analyzing insert size distribution for orientation RF...
[M::mem_pestat] (25, 50, 75) percentile: (177, 1030, 1904)
[M::mem_pestat] low and high boundaries for computing mean and std.dev: (1, 5358)
[M::mem_pestat] mean and std.dev: (1206.30, 1241.36)
[M::mem_pestat] low and high boundaries for proper pairs: (1, 7085)
[M::mem_pestat] analyzing insert size distribution for orientation RR...
[M::mem_pestat] (25, 50, 75) percentile: (117, 162, 244)
[M::mem_pestat] low and high boundaries for computing mean and std.dev: (1, 498)
[M::mem_pestat] mean and std.dev: (176.14, 84.27)
[M::mem_pestat] low and high boundaries for proper pairs: (1, 625)
[M::mem_pestat] skip orientation FF
[M::mem_pestat] skip orientation RF
[M::mem_pestat] skip orientation RR
[M::mem_process_seqs] Processed 2127902 reads in 446.750 CPU sec, 12.079 real sec
[main] Version: 0.7.17-r1188
[main] CMD: bwa mem -L 5 -t 40 -a -M -T 80 -A 1 -B 4 -O 6 -R @RG\tID:Ssp-CGub_016-Ex1-cssl.clmp.fp2_repr\tSM:Ssp-CGub_016-Ex1-cssl.clmp.fp2_repr\tPL:Illumina reference.ssl.Ssp-10NR-R1R2ORPH-decontam-noisolate.fasta Ssp-CGub_016-Ex1-cssl.clmp.fp2_repr.R1.fq.gz Ssp-CGub_016-Ex1-cssl.clmp.fp2_repr.R2.fq.gz
[main] Real time: 114.314 sec; CPU: 2982.703 sec
