[M::bwa_idx_load_from_disk] read 0 ALT contigs
[M::process] read 2880396 sequences (400000126 bp)...
[M::mem_pestat] # candidate unique pairs for (FF, FR, RF, RR): (539, 1325216, 130, 612)
[M::mem_pestat] analyzing insert size distribution for orientation FF...
[M::mem_pestat] (25, 50, 75) percentile: (95, 140, 218)
[M::mem_pestat] low and high boundaries for computing mean and std.dev: (1, 464)
[M::mem_pestat] mean and std.dev: (158.95, 84.06)
[M::mem_pestat] low and high boundaries for proper pairs: (1, 587)
[M::mem_pestat] analyzing insert size distribution for orientation FR...
[M::mem_pestat] (25, 50, 75) percentile: (143, 191, 257)
[M::mem_pestat] low and high boundaries for computing mean and std.dev: (1, 485)
[M::mem_pestat] mean and std.dev: (206.32, 84.15)
[M::mem_pestat] low and high boundaries for proper pairs: (1, 599)
[M::mem_pestat] analyzing insert size distribution for orientation RF...
[M::mem_pestat] (25, 50, 75) percentile: (329, 1018, 1754)
[M::mem_pestat] low and high boundaries for computing mean and std.dev: (1, 4604)
[M::mem_pestat] mean and std.dev: (1070.93, 939.22)
[M::mem_pestat] low and high boundaries for proper pairs: (1, 6029)
[M::mem_pestat] analyzing insert size distribution for orientation RR...
[M::mem_pestat] (25, 50, 75) percentile: (99, 147, 216)
[M::mem_pestat] low and high boundaries for computing mean and std.dev: (1, 450)
[M::mem_pestat] mean and std.dev: (161.24, 78.28)
[M::mem_pestat] low and high boundaries for proper pairs: (1, 567)
[M::mem_pestat] skip orientation FF
[M::mem_pestat] skip orientation RF
[M::mem_pestat] skip orientation RR
[M::mem_process_seqs] Processed 2880396 reads in 1115.595 CPU sec, 35.660 real sec
[M::process] read 2879950 sequences (400000076 bp)...
[M::process] read 609478 sequences (84631334 bp)...
[M::mem_pestat] # candidate unique pairs for (FF, FR, RF, RR): (510, 1321043, 127, 552)
[M::mem_pestat] analyzing insert size distribution for orientation FF...
[M::mem_pestat] (25, 50, 75) percentile: (92, 131, 191)
[M::mem_pestat] low and high boundaries for computing mean and std.dev: (1, 389)
[M::mem_pestat] mean and std.dev: (143.97, 69.45)
[M::mem_pestat] low and high boundaries for proper pairs: (1, 488)
[M::mem_pestat] analyzing insert size distribution for orientation FR...
[M::mem_pestat] (25, 50, 75) percentile: (143, 191, 257)
[M::mem_pestat] low and high boundaries for computing mean and std.dev: (1, 485)
[M::mem_pestat] mean and std.dev: (206.28, 84.11)
[M::mem_pestat] low and high boundaries for proper pairs: (1, 599)
[M::mem_pestat] analyzing insert size distribution for orientation RF...
[M::mem_pestat] (25, 50, 75) percentile: (223, 580, 1824)
[M::mem_pestat] low and high boundaries for computing mean and std.dev: (1, 5026)
[M::mem_pestat] mean and std.dev: (1069.07, 1200.54)
[M::mem_pestat] low and high boundaries for proper pairs: (1, 6627)
[M::mem_pestat] analyzing insert size distribution for orientation RR...
[M::mem_pestat] (25, 50, 75) percentile: (99, 137, 195)
[M::mem_pestat] low and high boundaries for computing mean and std.dev: (1, 387)
[M::mem_pestat] mean and std.dev: (152.62, 71.07)
[M::mem_pestat] low and high boundaries for proper pairs: (1, 483)
[M::mem_pestat] skip orientation FF
[M::mem_pestat] skip orientation RF
[M::mem_pestat] skip orientation RR
[M::mem_process_seqs] Processed 2879950 reads in 636.442 CPU sec, 17.270 real sec
[M::mem_pestat] # candidate unique pairs for (FF, FR, RF, RR): (116, 283143, 29, 118)
[M::mem_pestat] analyzing insert size distribution for orientation FF...
[M::mem_pestat] (25, 50, 75) percentile: (95, 140, 203)
[M::mem_pestat] low and high boundaries for computing mean and std.dev: (1, 419)
[M::mem_pestat] mean and std.dev: (156.30, 78.85)
[M::mem_pestat] low and high boundaries for proper pairs: (1, 527)
[M::mem_pestat] analyzing insert size distribution for orientation FR...
[M::mem_pestat] (25, 50, 75) percentile: (142, 191, 257)
[M::mem_pestat] low and high boundaries for computing mean and std.dev: (1, 487)
[M::mem_pestat] mean and std.dev: (206.01, 84.01)
[M::mem_pestat] low and high boundaries for proper pairs: (1, 602)
[M::mem_pestat] analyzing insert size distribution for orientation RF...
[M::mem_pestat] (25, 50, 75) percentile: (69, 645, 1944)
[M::mem_pestat] low and high boundaries for computing mean and std.dev: (1, 5694)
[M::mem_pestat] mean and std.dev: (1215.31, 1459.77)
[M::mem_pestat] low and high boundaries for proper pairs: (1, 7569)
[M::mem_pestat] analyzing insert size distribution for orientation RR...
[M::mem_pestat] (25, 50, 75) percentile: (100, 148, 215)
[M::mem_pestat] low and high boundaries for computing mean and std.dev: (1, 445)
[M::mem_pestat] mean and std.dev: (162.01, 80.82)
[M::mem_pestat] low and high boundaries for proper pairs: (1, 560)
[M::mem_pestat] skip orientation FF
[M::mem_pestat] skip orientation RF
[M::mem_pestat] skip orientation RR
[M::mem_process_seqs] Processed 609478 reads in 140.063 CPU sec, 4.048 real sec
[main] Version: 0.7.17-r1188
[main] CMD: bwa mem -L 5 -t 40 -a -M -T 80 -A 1 -B 4 -O 6 -R @RG\tID:Ssp-CGub_036-Ex1-cssl.clmp.fp2_repr\tSM:Ssp-CGub_036-Ex1-cssl.clmp.fp2_repr\tPL:Illumina reference.ssl.Ssp-10NR-R1R2ORPH-decontam-noisolate.fasta Ssp-CGub_036-Ex1-cssl.clmp.fp2_repr.R1.fq.gz Ssp-CGub_036-Ex1-cssl.clmp.fp2_repr.R2.fq.gz
[main] Real time: 79.137 sec; CPU: 1919.654 sec
