[M::bwa_idx_load_from_disk] read 0 ALT contigs
[M::process] read 1952992 sequences (242945688 bp)...
[M::mem_pestat] # candidate unique pairs for (FF, FR, RF, RR): (1, 132250, 2, 10)
[M::mem_pestat] skip orientation FF as there are not enough pairs
[M::mem_pestat] analyzing insert size distribution for orientation FR...
[M::mem_pestat] (25, 50, 75) percentile: (66, 102, 141)
[M::mem_pestat] low and high boundaries for computing mean and std.dev: (1, 291)
[M::mem_pestat] mean and std.dev: (106.32, 53.80)
[M::mem_pestat] low and high boundaries for proper pairs: (1, 366)
[M::mem_pestat] skip orientation RF as there are not enough pairs
[M::mem_pestat] analyzing insert size distribution for orientation RR...
[M::mem_pestat] (25, 50, 75) percentile: (99, 155, 155)
[M::mem_pestat] low and high boundaries for computing mean and std.dev: (1, 267)
[M::mem_pestat] mean and std.dev: (121.30, 35.20)
[M::mem_pestat] low and high boundaries for proper pairs: (1, 323)
[M::mem_pestat] skip orientation RR
[M::mem_process_seqs] Processed 1952992 reads in 574.502 CPU sec, 15.494 real sec
[main] Version: 0.7.17-r1188
[main] CMD: bwa mem -L 5 -t 40 -a -M -T 30 -A 1 -B 4 -O 6 -R @RG\tID:Tbi-ARos_007_Ex1b_L4_clmp.fp2_repr\tSM:Tbi-ARos_007_Ex1b_L4_clmp.fp2_repr\tPL:Illumina reference.ssl.Tbi-C_scaffolds_32R_spades_contam_R1R2ORPH_noisolate.fasta Tbi-ARos_007_Ex1b_L4_clmp.fp2_repr.R1.fq.gz Tbi-ARos_007_Ex1b_L4_clmp.fp2_repr.R2.fq.gz
[main] Real time: 25.701 sec; CPU: 583.835 sec
