[M::bwa_idx_load_from_disk] read 0 ALT contigs
[M::process] read 2840880 sequences (400000062 bp)...
[M::mem_pestat] # candidate unique pairs for (FF, FR, RF, RR): (127, 1178321, 159, 100)
[M::mem_pestat] analyzing insert size distribution for orientation FF...
[M::mem_pestat] (25, 50, 75) percentile: (166, 233, 307)
[M::mem_pestat] low and high boundaries for computing mean and std.dev: (1, 589)
[M::mem_pestat] mean and std.dev: (224.52, 111.16)
[M::mem_pestat] low and high boundaries for proper pairs: (1, 730)
[M::mem_pestat] analyzing insert size distribution for orientation FR...
[M::mem_pestat] (25, 50, 75) percentile: (162, 226, 313)
[M::mem_pestat] low and high boundaries for computing mean and std.dev: (1, 615)
[M::mem_pestat] mean and std.dev: (245.46, 106.12)
[M::mem_pestat] low and high boundaries for proper pairs: (1, 766)
[M::mem_pestat] analyzing insert size distribution for orientation RF...
[M::mem_pestat] (25, 50, 75) percentile: (148, 680, 4911)
[M::mem_pestat] low and high boundaries for computing mean and std.dev: (1, 14437)
[M::mem_pestat] mean and std.dev: (2200.17, 2538.11)
[M::mem_pestat] low and high boundaries for proper pairs: (1, 19200)
[M::mem_pestat] analyzing insert size distribution for orientation RR...
[M::mem_pestat] (25, 50, 75) percentile: (125, 191, 322)
[M::mem_pestat] low and high boundaries for computing mean and std.dev: (1, 716)
[M::mem_pestat] mean and std.dev: (210.88, 106.43)
[M::mem_pestat] low and high boundaries for proper pairs: (1, 913)
[M::mem_pestat] skip orientation FF
[M::mem_pestat] skip orientation RF
[M::mem_pestat] skip orientation RR
[M::mem_process_seqs] Processed 2840880 reads in 1018.839 CPU sec, 38.485 real sec
[M::process] read 2840502 sequences (400000052 bp)...
[M::process] read 2841314 sequences (400000124 bp)...
[M::mem_pestat] # candidate unique pairs for (FF, FR, RF, RR): (124, 1177392, 189, 134)
[M::mem_pestat] analyzing insert size distribution for orientation FF...
[M::mem_pestat] (25, 50, 75) percentile: (121, 204, 285)
[M::mem_pestat] low and high boundaries for computing mean and std.dev: (1, 613)
[M::mem_pestat] mean and std.dev: (207.95, 109.58)
[M::mem_pestat] low and high boundaries for proper pairs: (1, 777)
[M::mem_pestat] analyzing insert size distribution for orientation FR...
[M::mem_pestat] (25, 50, 75) percentile: (162, 226, 313)
[M::mem_pestat] low and high boundaries for computing mean and std.dev: (1, 615)
[M::mem_pestat] mean and std.dev: (245.57, 106.19)
[M::mem_pestat] low and high boundaries for proper pairs: (1, 766)
[M::mem_pestat] analyzing insert size distribution for orientation RF...
[M::mem_pestat] (25, 50, 75) percentile: (35, 271, 521)
[M::mem_pestat] low and high boundaries for computing mean and std.dev: (1, 1493)
[M::mem_pestat] mean and std.dev: (279.41, 279.55)
[M::mem_pestat] low and high boundaries for proper pairs: (1, 1979)
[M::mem_pestat] analyzing insert size distribution for orientation RR...
[M::mem_pestat] (25, 50, 75) percentile: (126, 200, 307)
[M::mem_pestat] low and high boundaries for computing mean and std.dev: (1, 669)
[M::mem_pestat] mean and std.dev: (213.31, 119.75)
[M::mem_pestat] low and high boundaries for proper pairs: (1, 850)
[M::mem_pestat] skip orientation FF
[M::mem_pestat] skip orientation RF
[M::mem_pestat] skip orientation RR
[M::mem_process_seqs] Processed 2840502 reads in 1057.100 CPU sec, 28.005 real sec
[M::process] read 2840456 sequences (400000128 bp)...
[M::mem_pestat] # candidate unique pairs for (FF, FR, RF, RR): (142, 1185287, 119, 146)
[M::mem_pestat] analyzing insert size distribution for orientation FF...
[M::mem_pestat] (25, 50, 75) percentile: (96, 214, 289)
[M::mem_pestat] low and high boundaries for computing mean and std.dev: (1, 675)
[M::mem_pestat] mean and std.dev: (201.18, 110.37)
[M::mem_pestat] low and high boundaries for proper pairs: (1, 868)
[M::mem_pestat] analyzing insert size distribution for orientation FR...
[M::mem_pestat] (25, 50, 75) percentile: (162, 226, 314)
[M::mem_pestat] low and high boundaries for computing mean and std.dev: (1, 618)
[M::mem_pestat] mean and std.dev: (245.68, 106.30)
[M::mem_pestat] low and high boundaries for proper pairs: (1, 770)
[M::mem_pestat] analyzing insert size distribution for orientation RF...
[M::mem_pestat] (25, 50, 75) percentile: (115, 564, 3352)
[M::mem_pestat] low and high boundaries for computing mean and std.dev: (1, 9826)
[M::mem_pestat] mean and std.dev: (1999.43, 2664.58)
[M::mem_pestat] low and high boundaries for proper pairs: (1, 13063)
[M::mem_pestat] analyzing insert size distribution for orientation RR...
[M::mem_pestat] (25, 50, 75) percentile: (70, 128, 200)
[M::mem_pestat] low and high boundaries for computing mean and std.dev: (1, 460)
[M::mem_pestat] mean and std.dev: (145.82, 105.96)
[M::mem_pestat] low and high boundaries for proper pairs: (1, 590)
[M::mem_pestat] skip orientation FF
[M::mem_pestat] skip orientation RF
[M::mem_pestat] skip orientation RR
[M::mem_process_seqs] Processed 2841314 reads in 1046.403 CPU sec, 27.997 real sec
[M::process] read 1750048 sequences (246527250 bp)...
[M::mem_pestat] # candidate unique pairs for (FF, FR, RF, RR): (144, 1183801, 172, 114)
[M::mem_pestat] analyzing insert size distribution for orientation FF...
[M::mem_pestat] (25, 50, 75) percentile: (99, 145, 249)
[M::mem_pestat] low and high boundaries for computing mean and std.dev: (1, 549)
[M::mem_pestat] mean and std.dev: (163.64, 100.79)
[M::mem_pestat] low and high boundaries for proper pairs: (1, 699)
[M::mem_pestat] analyzing insert size distribution for orientation FR...
[M::mem_pestat] (25, 50, 75) percentile: (162, 226, 313)
[M::mem_pestat] low and high boundaries for computing mean and std.dev: (1, 615)
[M::mem_pestat] mean and std.dev: (245.16, 105.90)
[M::mem_pestat] low and high boundaries for proper pairs: (1, 766)
[M::mem_pestat] analyzing insert size distribution for orientation RF...
[M::mem_pestat] (25, 50, 75) percentile: (71, 148, 588)
[M::mem_pestat] low and high boundaries for computing mean and std.dev: (1, 1622)
[M::mem_pestat] mean and std.dev: (295.73, 365.77)
[M::mem_pestat] low and high boundaries for proper pairs: (1, 2139)
[M::mem_pestat] analyzing insert size distribution for orientation RR...
[M::mem_pestat] (25, 50, 75) percentile: (82, 132, 214)
[M::mem_pestat] low and high boundaries for computing mean and std.dev: (1, 478)
[M::mem_pestat] mean and std.dev: (151.91, 95.09)
[M::mem_pestat] low and high boundaries for proper pairs: (1, 610)
[M::mem_pestat] skip orientation FF
[M::mem_pestat] skip orientation RF
[M::mem_pestat] skip orientation RR
[M::mem_process_seqs] Processed 2840456 reads in 1038.477 CPU sec, 27.717 real sec
[M::mem_pestat] # candidate unique pairs for (FF, FR, RF, RR): (96, 727303, 145, 114)
[M::mem_pestat] analyzing insert size distribution for orientation FF...
[M::mem_pestat] (25, 50, 75) percentile: (96, 137, 206)
[M::mem_pestat] low and high boundaries for computing mean and std.dev: (1, 426)
[M::mem_pestat] mean and std.dev: (157.43, 92.54)
[M::mem_pestat] low and high boundaries for proper pairs: (1, 536)
[M::mem_pestat] analyzing insert size distribution for orientation FR...
[M::mem_pestat] (25, 50, 75) percentile: (162, 226, 313)
[M::mem_pestat] low and high boundaries for computing mean and std.dev: (1, 615)
[M::mem_pestat] mean and std.dev: (245.21, 106.07)
[M::mem_pestat] low and high boundaries for proper pairs: (1, 766)
[M::mem_pestat] analyzing insert size distribution for orientation RF...
[M::mem_pestat] (25, 50, 75) percentile: (273, 482, 673)
[M::mem_pestat] low and high boundaries for computing mean and std.dev: (1, 1473)
[M::mem_pestat] mean and std.dev: (485.34, 285.46)
[M::mem_pestat] low and high boundaries for proper pairs: (1, 1873)
[M::mem_pestat] analyzing insert size distribution for orientation RR...
[M::mem_pestat] (25, 50, 75) percentile: (144, 249, 328)
[M::mem_pestat] low and high boundaries for computing mean and std.dev: (1, 696)
[M::mem_pestat] mean and std.dev: (231.25, 109.89)
[M::mem_pestat] low and high boundaries for proper pairs: (1, 880)
[M::mem_pestat] skip orientation FF
[M::mem_pestat] skip orientation RF
[M::mem_pestat] skip orientation RR
[M::mem_process_seqs] Processed 1750048 reads in 643.978 CPU sec, 18.030 real sec
[main] Version: 0.7.17-r1188
[main] CMD: bwa mem -L 5 -t 40 -a -M -T 30 -A 1 -B 4 -O 6 -R @RG\tID:Tbi-CJos_046_Ex1_L4_clmp.fp2_repr\tSM:Tbi-CJos_046_Ex1_L4_clmp.fp2_repr\tPL:Illumina reference.ssl.Tbi-C_scaffolds_32R_spades_contam_R1R2ORPH_noisolate.fasta Tbi-CJos_046_Ex1_L4_clmp.fp2_repr.R1.fq.gz Tbi-CJos_046_Ex1_L4_clmp.fp2_repr.R2.fq.gz
[main] Real time: 155.772 sec; CPU: 4822.043 sec
