[M::bwa_idx_load_from_disk] read 0 ALT contigs
[M::process] read 2865990 sequences (400000131 bp)...
[M::mem_pestat] # candidate unique pairs for (FF, FR, RF, RR): (201, 1191810, 94, 96)
[M::mem_pestat] analyzing insert size distribution for orientation FF...
[M::mem_pestat] (25, 50, 75) percentile: (100, 168, 336)
[M::mem_pestat] low and high boundaries for computing mean and std.dev: (1, 808)
[M::mem_pestat] mean and std.dev: (246.01, 190.50)
[M::mem_pestat] low and high boundaries for proper pairs: (1, 1044)
[M::mem_pestat] analyzing insert size distribution for orientation FR...
[M::mem_pestat] (25, 50, 75) percentile: (151, 203, 279)
[M::mem_pestat] low and high boundaries for computing mean and std.dev: (1, 535)
[M::mem_pestat] mean and std.dev: (222.12, 94.81)
[M::mem_pestat] low and high boundaries for proper pairs: (1, 663)
[M::mem_pestat] analyzing insert size distribution for orientation RF...
[M::mem_pestat] (25, 50, 75) percentile: (113, 376, 854)
[M::mem_pestat] low and high boundaries for computing mean and std.dev: (1, 2336)
[M::mem_pestat] mean and std.dev: (436.04, 450.36)
[M::mem_pestat] low and high boundaries for proper pairs: (1, 3077)
[M::mem_pestat] analyzing insert size distribution for orientation RR...
[M::mem_pestat] (25, 50, 75) percentile: (68, 110, 189)
[M::mem_pestat] low and high boundaries for computing mean and std.dev: (1, 431)
[M::mem_pestat] mean and std.dev: (130.34, 80.33)
[M::mem_pestat] low and high boundaries for proper pairs: (1, 552)
[M::mem_pestat] skip orientation FF
[M::mem_pestat] skip orientation RF
[M::mem_pestat] skip orientation RR
[M::mem_process_seqs] Processed 2865990 reads in 1854.910 CPU sec, 62.088 real sec
[M::process] read 2865966 sequences (400000039 bp)...
[M::process] read 2865380 sequences (400000262 bp)...
[M::mem_pestat] # candidate unique pairs for (FF, FR, RF, RR): (113, 1181752, 81, 146)
[M::mem_pestat] analyzing insert size distribution for orientation FF...
[M::mem_pestat] (25, 50, 75) percentile: (70, 137, 265)
[M::mem_pestat] low and high boundaries for computing mean and std.dev: (1, 655)
[M::mem_pestat] mean and std.dev: (174.45, 133.63)
[M::mem_pestat] low and high boundaries for proper pairs: (1, 850)
[M::mem_pestat] analyzing insert size distribution for orientation FR...
[M::mem_pestat] (25, 50, 75) percentile: (151, 203, 279)
[M::mem_pestat] low and high boundaries for computing mean and std.dev: (1, 535)
[M::mem_pestat] mean and std.dev: (222.17, 94.61)
[M::mem_pestat] low and high boundaries for proper pairs: (1, 663)
[M::mem_pestat] analyzing insert size distribution for orientation RF...
[M::mem_pestat] (25, 50, 75) percentile: (85, 310, 727)
[M::mem_pestat] low and high boundaries for computing mean and std.dev: (1, 2011)
[M::mem_pestat] mean and std.dev: (312.61, 272.02)
[M::mem_pestat] low and high boundaries for proper pairs: (1, 2653)
[M::mem_pestat] analyzing insert size distribution for orientation RR...
[M::mem_pestat] (25, 50, 75) percentile: (116, 181, 199)
[M::mem_pestat] low and high boundaries for computing mean and std.dev: (1, 365)
[M::mem_pestat] mean and std.dev: (157.15, 56.78)
[M::mem_pestat] low and high boundaries for proper pairs: (1, 448)
[M::mem_pestat] skip orientation FF
[M::mem_pestat] skip orientation RF
[M::mem_pestat] skip orientation RR
[M::mem_process_seqs] Processed 2865966 reads in 1045.218 CPU sec, 27.728 real sec
[M::mem_pestat] # candidate unique pairs for (FF, FR, RF, RR): (126, 1183789, 86, 141)
[M::mem_pestat] analyzing insert size distribution for orientation FF...
[M::mem_pestat] (25, 50, 75) percentile: (98, 132, 235)
[M::mem_pestat] low and high boundaries for computing mean and std.dev: (1, 509)
[M::mem_pestat] mean and std.dev: (163.87, 101.30)
[M::mem_pestat] low and high boundaries for proper pairs: (1, 646)
[M::mem_pestat] analyzing insert size distribution for orientation FR...
[M::mem_pestat] (25, 50, 75) percentile: (151, 203, 279)
[M::mem_pestat] low and high boundaries for computing mean and std.dev: (1, 535)
[M::mem_pestat] mean and std.dev: (222.22, 94.64)
[M::mem_pestat] low and high boundaries for proper pairs: (1, 663)
[M::mem_pestat] analyzing insert size distribution for orientation RF...
[M::mem_pestat] (25, 50, 75) percentile: (81, 708, 2608)
[M::mem_pestat] low and high boundaries for computing mean and std.dev: (1, 7662)
[M::mem_pestat] mean and std.dev: (1350.25, 1507.49)
[M::mem_pestat] low and high boundaries for proper pairs: (1, 10189)
[M::mem_pestat] analyzing insert size distribution for orientation RR...
[M::mem_pestat] (25, 50, 75) percentile: (84, 146, 206)
[M::mem_pestat] low and high boundaries for computing mean and std.dev: (1, 450)
[M::mem_pestat] mean and std.dev: (152.81, 87.31)
[M::mem_pestat] low and high boundaries for proper pairs: (1, 572)
[M::mem_pestat] skip orientation FF
[M::mem_pestat] skip orientation RF
[M::mem_pestat] skip orientation RR
[M::process] read 2868184 sequences (400000213 bp)...
[M::mem_process_seqs] Processed 2865380 reads in 1115.219 CPU sec, 30.067 real sec
[M::process] read 2864024 sequences (400000279 bp)...
[M::mem_pestat] # candidate unique pairs for (FF, FR, RF, RR): (115, 1193863, 105, 135)
[M::mem_pestat] analyzing insert size distribution for orientation FF...
[M::mem_pestat] (25, 50, 75) percentile: (121, 185, 314)
[M::mem_pestat] low and high boundaries for computing mean and std.dev: (1, 700)
[M::mem_pestat] mean and std.dev: (209.37, 130.85)
[M::mem_pestat] low and high boundaries for proper pairs: (1, 893)
[M::mem_pestat] analyzing insert size distribution for orientation FR...
[M::mem_pestat] (25, 50, 75) percentile: (151, 203, 279)
[M::mem_pestat] low and high boundaries for computing mean and std.dev: (1, 535)
[M::mem_pestat] mean and std.dev: (222.20, 94.80)
[M::mem_pestat] low and high boundaries for proper pairs: (1, 663)
[M::mem_pestat] analyzing insert size distribution for orientation RF...
[M::mem_pestat] (25, 50, 75) percentile: (63, 136, 617)
[M::mem_pestat] low and high boundaries for computing mean and std.dev: (1, 1725)
[M::mem_pestat] mean and std.dev: (405.37, 493.54)
[M::mem_pestat] low and high boundaries for proper pairs: (1, 2380)
[M::mem_pestat] analyzing insert size distribution for orientation RR...
[M::mem_pestat] (25, 50, 75) percentile: (97, 119, 265)
[M::mem_pestat] low and high boundaries for computing mean and std.dev: (1, 601)
[M::mem_pestat] mean and std.dev: (153.99, 110.80)
[M::mem_pestat] low and high boundaries for proper pairs: (1, 769)
[M::mem_pestat] skip orientation FF
[M::mem_pestat] skip orientation RF
[M::mem_pestat] skip orientation RR
[M::mem_process_seqs] Processed 2868184 reads in 1044.596 CPU sec, 28.276 real sec
[M::mem_pestat] # candidate unique pairs for (FF, FR, RF, RR): (169, 1194187, 100, 127)
[M::mem_pestat] analyzing insert size distribution for orientation FF...
[M::mem_pestat] (25, 50, 75) percentile: (125, 175, 231)
[M::mem_pestat] low and high boundaries for computing mean and std.dev: (1, 443)
[M::mem_pestat] mean and std.dev: (179.69, 81.76)
[M::mem_pestat] low and high boundaries for proper pairs: (1, 549)
[M::mem_pestat] analyzing insert size distribution for orientation FR...
[M::mem_pestat] (25, 50, 75) percentile: (151, 203, 279)
[M::mem_pestat] low and high boundaries for computing mean and std.dev: (1, 535)
[M::mem_pestat] mean and std.dev: (222.35, 94.48)
[M::mem_pestat] low and high boundaries for proper pairs: (1, 663)
[M::mem_pestat] analyzing insert size distribution for orientation RF...
[M::mem_pestat] (25, 50, 75) percentile: (45, 155, 583)
[M::mem_pestat] low and high boundaries for computing mean and std.dev: (1, 1659)
[M::mem_pestat] mean and std.dev: (223.62, 278.95)
[M::mem_pestat] low and high boundaries for proper pairs: (1, 2197)
[M::mem_pestat] analyzing insert size distribution for orientation RR...
[M::mem_pestat] (25, 50, 75) percentile: (104, 156, 212)
[M::mem_pestat] low and high boundaries for computing mean and std.dev: (1, 428)
[M::mem_pestat] mean and std.dev: (158.92, 81.60)
[M::mem_pestat] low and high boundaries for proper pairs: (1, 536)
[M::mem_pestat] skip orientation FF
[M::mem_pestat] skip orientation RF
[M::mem_pestat] skip orientation RR
[M::process] read 2867436 sequences (400000201 bp)...
[M::mem_process_seqs] Processed 2864024 reads in 1013.346 CPU sec, 27.069 real sec
[M::process] read 2473768 sequences (345293114 bp)...
[M::mem_pestat] # candidate unique pairs for (FF, FR, RF, RR): (126, 1190724, 112, 122)
[M::mem_pestat] analyzing insert size distribution for orientation FF...
[M::mem_pestat] (25, 50, 75) percentile: (98, 147, 210)
[M::mem_pestat] low and high boundaries for computing mean and std.dev: (1, 434)
[M::mem_pestat] mean and std.dev: (152.78, 73.28)
[M::mem_pestat] low and high boundaries for proper pairs: (1, 546)
[M::mem_pestat] analyzing insert size distribution for orientation FR...
[M::mem_pestat] (25, 50, 75) percentile: (151, 203, 279)
[M::mem_pestat] low and high boundaries for computing mean and std.dev: (1, 535)
[M::mem_pestat] mean and std.dev: (222.16, 94.80)
[M::mem_pestat] low and high boundaries for proper pairs: (1, 663)
[M::mem_pestat] analyzing insert size distribution for orientation RF...
[M::mem_pestat] (25, 50, 75) percentile: (118, 332, 3332)
[M::mem_pestat] low and high boundaries for computing mean and std.dev: (1, 9760)
[M::mem_pestat] mean and std.dev: (1391.26, 1631.41)
[M::mem_pestat] low and high boundaries for proper pairs: (1, 12974)
[M::mem_pestat] analyzing insert size distribution for orientation RR...
[M::mem_pestat] (25, 50, 75) percentile: (80, 163, 227)
[M::mem_pestat] low and high boundaries for computing mean and std.dev: (1, 521)
[M::mem_pestat] mean and std.dev: (163.54, 97.88)
[M::mem_pestat] low and high boundaries for proper pairs: (1, 668)
[M::mem_pestat] skip orientation FF
[M::mem_pestat] skip orientation RF
[M::mem_pestat] skip orientation RR
[M::mem_process_seqs] Processed 2867436 reads in 1054.952 CPU sec, 29.062 real sec
[M::mem_pestat] # candidate unique pairs for (FF, FR, RF, RR): (119, 1023433, 90, 101)
[M::mem_pestat] analyzing insert size distribution for orientation FF...
[M::mem_pestat] (25, 50, 75) percentile: (92, 144, 224)
[M::mem_pestat] low and high boundaries for computing mean and std.dev: (1, 488)
[M::mem_pestat] mean and std.dev: (156.66, 81.44)
[M::mem_pestat] low and high boundaries for proper pairs: (1, 620)
[M::mem_pestat] analyzing insert size distribution for orientation FR...
[M::mem_pestat] (25, 50, 75) percentile: (151, 203, 278)
[M::mem_pestat] low and high boundaries for computing mean and std.dev: (1, 532)
[M::mem_pestat] mean and std.dev: (221.75, 94.34)
[M::mem_pestat] low and high boundaries for proper pairs: (1, 659)
[M::mem_pestat] analyzing insert size distribution for orientation RF...
[M::mem_pestat] (25, 50, 75) percentile: (69, 146, 249)
[M::mem_pestat] low and high boundaries for computing mean and std.dev: (1, 609)
[M::mem_pestat] mean and std.dev: (154.54, 122.68)
[M::mem_pestat] low and high boundaries for proper pairs: (1, 789)
[M::mem_pestat] analyzing insert size distribution for orientation RR...
[M::mem_pestat] (25, 50, 75) percentile: (79, 166, 233)
[M::mem_pestat] low and high boundaries for computing mean and std.dev: (1, 541)
[M::mem_pestat] mean and std.dev: (173.80, 97.41)
[M::mem_pestat] low and high boundaries for proper pairs: (1, 695)
[M::mem_pestat] skip orientation FF
[M::mem_pestat] skip orientation RF
[M::mem_pestat] skip orientation RR
[M::mem_process_seqs] Processed 2473768 reads in 898.913 CPU sec, 24.369 real sec
[main] Version: 0.7.17-r1188
[main] CMD: bwa mem -L 5 -t 40 -a -M -T 30 -A 1 -B 4 -O 6 -R @RG\tID:Tbi-CJos_055_Ex1_L4_clmp.fp2_repr\tSM:Tbi-CJos_055_Ex1_L4_clmp.fp2_repr\tPL:Illumina reference.ssl.Tbi-C-500-R1R2ORPH-contam-noisolate.fasta Tbi-CJos_055_Ex1_L4_clmp.fp2_repr.R1.fq.gz Tbi-CJos_055_Ex1_L4_clmp.fp2_repr.R2.fq.gz
[main] Real time: 249.585 sec; CPU: 8050.655 sec
