[M::bwa_idx_load_from_disk] read 0 ALT contigs
[M::process] read 546996 sequences (60671270 bp)...
[M::mem_pestat] # candidate unique pairs for (FF, FR, RF, RR): (75, 191460, 5, 63)
[M::mem_pestat] analyzing insert size distribution for orientation FF...
[M::mem_pestat] (25, 50, 75) percentile: (37, 48, 63)
[M::mem_pestat] low and high boundaries for computing mean and std.dev: (1, 115)
[M::mem_pestat] mean and std.dev: (50.45, 23.11)
[M::mem_pestat] low and high boundaries for proper pairs: (1, 143)
[M::mem_pestat] analyzing insert size distribution for orientation FR...
[M::mem_pestat] (25, 50, 75) percentile: (86, 110, 139)
[M::mem_pestat] low and high boundaries for computing mean and std.dev: (1, 245)
[M::mem_pestat] mean and std.dev: (114.54, 38.85)
[M::mem_pestat] low and high boundaries for proper pairs: (1, 298)
[M::mem_pestat] skip orientation RF as there are not enough pairs
[M::mem_pestat] analyzing insert size distribution for orientation RR...
[M::mem_pestat] (25, 50, 75) percentile: (47, 65, 128)
[M::mem_pestat] low and high boundaries for computing mean and std.dev: (1, 290)
[M::mem_pestat] mean and std.dev: (81.00, 40.77)
[M::mem_pestat] low and high boundaries for proper pairs: (1, 371)
[M::mem_pestat] skip orientation FF
[M::mem_pestat] skip orientation RR
[M::mem_process_seqs] Processed 546996 reads in 208.456 CPU sec, 5.615 real sec
[main] Version: 0.7.17-r1188
[main] CMD: bwa mem -L 5 -t 40 -a -M -T 30 -A 1 -B 4 -O 6 -R @RG\tID:Tbi-ARos_020_Ex1b_L4_clmp.fp2_repr\tSM:Tbi-ARos_020_Ex1b_L4_clmp.fp2_repr\tPL:Illumina reference.ssl.Tbi-C_scaffolds_32R_spades_contam_R1R2ORPH_noisolate.fasta Tbi-ARos_020_Ex1b_L4_clmp.fp2_repr.R1.fq.gz Tbi-ARos_020_Ex1b_L4_clmp.fp2_repr.R2.fq.gz
[main] Real time: 9.949 sec; CPU: 211.917 sec
