[M::bwa_idx_load_from_disk] read 0 ALT contigs
[M::process] read 2840814 sequences (400000209 bp)...
[M::mem_pestat] # candidate unique pairs for (FF, FR, RF, RR): (196, 1187549, 125, 98)
[M::mem_pestat] analyzing insert size distribution for orientation FF...
[M::mem_pestat] (25, 50, 75) percentile: (101, 248, 292)
[M::mem_pestat] low and high boundaries for computing mean and std.dev: (1, 674)
[M::mem_pestat] mean and std.dev: (211.66, 111.98)
[M::mem_pestat] low and high boundaries for proper pairs: (1, 865)
[M::mem_pestat] analyzing insert size distribution for orientation FR...
[M::mem_pestat] (25, 50, 75) percentile: (158, 218, 299)
[M::mem_pestat] low and high boundaries for computing mean and std.dev: (1, 581)
[M::mem_pestat] mean and std.dev: (236.66, 101.18)
[M::mem_pestat] low and high boundaries for proper pairs: (1, 722)
[M::mem_pestat] analyzing insert size distribution for orientation RF...
[M::mem_pestat] (25, 50, 75) percentile: (68, 129, 403)
[M::mem_pestat] low and high boundaries for computing mean and std.dev: (1, 1073)
[M::mem_pestat] mean and std.dev: (180.06, 183.59)
[M::mem_pestat] low and high boundaries for proper pairs: (1, 1408)
[M::mem_pestat] analyzing insert size distribution for orientation RR...
[M::mem_pestat] (25, 50, 75) percentile: (111, 153, 232)
[M::mem_pestat] low and high boundaries for computing mean and std.dev: (1, 474)
[M::mem_pestat] mean and std.dev: (178.35, 107.13)
[M::mem_pestat] low and high boundaries for proper pairs: (1, 607)
[M::mem_pestat] skip orientation FF
[M::mem_pestat] skip orientation RF
[M::mem_pestat] skip orientation RR
[M::mem_process_seqs] Processed 2840814 reads in 1864.137 CPU sec, 60.194 real sec
[M::process] read 2841462 sequences (400000244 bp)...
[M::process] read 2840194 sequences (400000093 bp)...
[M::mem_pestat] # candidate unique pairs for (FF, FR, RF, RR): (151, 1175050, 134, 99)
[M::mem_pestat] analyzing insert size distribution for orientation FF...
[M::mem_pestat] (25, 50, 75) percentile: (119, 185, 252)
[M::mem_pestat] low and high boundaries for computing mean and std.dev: (1, 518)
[M::mem_pestat] mean and std.dev: (182.91, 98.84)
[M::mem_pestat] low and high boundaries for proper pairs: (1, 651)
[M::mem_pestat] analyzing insert size distribution for orientation FR...
[M::mem_pestat] (25, 50, 75) percentile: (159, 218, 300)
[M::mem_pestat] low and high boundaries for computing mean and std.dev: (1, 582)
[M::mem_pestat] mean and std.dev: (237.37, 101.39)
[M::mem_pestat] low and high boundaries for proper pairs: (1, 723)
[M::mem_pestat] analyzing insert size distribution for orientation RF...
[M::mem_pestat] (25, 50, 75) percentile: (68, 284, 919)
[M::mem_pestat] low and high boundaries for computing mean and std.dev: (1, 2621)
[M::mem_pestat] mean and std.dev: (417.14, 468.01)
[M::mem_pestat] low and high boundaries for proper pairs: (1, 3472)
[M::mem_pestat] analyzing insert size distribution for orientation RR...
[M::mem_pestat] (25, 50, 75) percentile: (102, 183, 277)
[M::mem_pestat] low and high boundaries for computing mean and std.dev: (1, 627)
[M::mem_pestat] mean and std.dev: (196.20, 117.34)
[M::mem_pestat] low and high boundaries for proper pairs: (1, 802)
[M::mem_pestat] skip orientation FF
[M::mem_pestat] skip orientation RF
[M::mem_pestat] skip orientation RR
[M::mem_process_seqs] Processed 2841462 reads in 1063.549 CPU sec, 28.552 real sec
[M::mem_pestat] # candidate unique pairs for (FF, FR, RF, RR): (117, 1177201, 77, 124)
[M::mem_pestat] analyzing insert size distribution for orientation FF...
[M::mem_pestat] (25, 50, 75) percentile: (113, 198, 270)
[M::mem_pestat] low and high boundaries for computing mean and std.dev: (1, 584)
[M::mem_pestat] mean and std.dev: (191.98, 98.46)
[M::mem_pestat] low and high boundaries for proper pairs: (1, 741)
[M::mem_pestat] analyzing insert size distribution for orientation FR...
[M::mem_pestat] (25, 50, 75) percentile: (159, 218, 300)
[M::mem_pestat] low and high boundaries for computing mean and std.dev: (1, 582)
[M::mem_pestat] mean and std.dev: (237.10, 101.53)
[M::mem_pestat] low and high boundaries for proper pairs: (1, 723)
[M::mem_pestat] analyzing insert size distribution for orientation RF...
[M::mem_pestat] (25, 50, 75) percentile: (30, 184, 435)
[M::mem_pestat] low and high boundaries for computing mean and std.dev: (1, 1245)
[M::mem_pestat] mean and std.dev: (232.13, 270.88)
[M::mem_pestat] low and high boundaries for proper pairs: (1, 1650)
[M::mem_pestat] analyzing insert size distribution for orientation RR...
[M::mem_pestat] (25, 50, 75) percentile: (139, 203, 297)
[M::mem_pestat] low and high boundaries for computing mean and std.dev: (1, 613)
[M::mem_pestat] mean and std.dev: (212.40, 107.97)
[M::mem_pestat] low and high boundaries for proper pairs: (1, 771)
[M::mem_pestat] skip orientation FF
[M::mem_pestat] skip orientation RF
[M::mem_pestat] skip orientation RR
[M::process] read 2841066 sequences (400000227 bp)...
[M::mem_process_seqs] Processed 2840194 reads in 1086.915 CPU sec, 29.569 real sec
[M::process] read 2842476 sequences (400000000 bp)...
[M::mem_pestat] # candidate unique pairs for (FF, FR, RF, RR): (141, 1197402, 114, 92)
[M::mem_pestat] analyzing insert size distribution for orientation FF...
[M::mem_pestat] (25, 50, 75) percentile: (123, 177, 211)
[M::mem_pestat] low and high boundaries for computing mean and std.dev: (1, 387)
[M::mem_pestat] mean and std.dev: (160.27, 73.45)
[M::mem_pestat] low and high boundaries for proper pairs: (1, 475)
[M::mem_pestat] analyzing insert size distribution for orientation FR...
[M::mem_pestat] (25, 50, 75) percentile: (159, 218, 300)
[M::mem_pestat] low and high boundaries for computing mean and std.dev: (1, 582)
[M::mem_pestat] mean and std.dev: (237.30, 101.66)
[M::mem_pestat] low and high boundaries for proper pairs: (1, 723)
[M::mem_pestat] analyzing insert size distribution for orientation RF...
[M::mem_pestat] (25, 50, 75) percentile: (76, 184, 407)
[M::mem_pestat] low and high boundaries for computing mean and std.dev: (1, 1069)
[M::mem_pestat] mean and std.dev: (219.83, 210.37)
[M::mem_pestat] low and high boundaries for proper pairs: (1, 1400)
[M::mem_pestat] analyzing insert size distribution for orientation RR...
[M::mem_pestat] (25, 50, 75) percentile: (102, 166, 294)
[M::mem_pestat] low and high boundaries for computing mean and std.dev: (1, 678)
[M::mem_pestat] mean and std.dev: (187.59, 111.25)
[M::mem_pestat] low and high boundaries for proper pairs: (1, 870)
[M::mem_pestat] skip orientation FF
[M::mem_pestat] skip orientation RF
[M::mem_pestat] skip orientation RR
[M::mem_process_seqs] Processed 2841066 reads in 1002.266 CPU sec, 26.824 real sec
[M::mem_pestat] # candidate unique pairs for (FF, FR, RF, RR): (154, 1183498, 133, 128)
[M::mem_pestat] analyzing insert size distribution for orientation FF...
[M::mem_pestat] (25, 50, 75) percentile: (114, 198, 276)
[M::mem_pestat] low and high boundaries for computing mean and std.dev: (1, 600)
[M::mem_pestat] mean and std.dev: (210.38, 112.25)
[M::mem_pestat] low and high boundaries for proper pairs: (1, 762)
[M::mem_pestat] analyzing insert size distribution for orientation FR...
[M::mem_pestat] (25, 50, 75) percentile: (159, 217, 299)
[M::mem_pestat] low and high boundaries for computing mean and std.dev: (1, 579)
[M::mem_pestat] mean and std.dev: (236.80, 101.24)
[M::mem_pestat] low and high boundaries for proper pairs: (1, 719)
[M::mem_pestat] analyzing insert size distribution for orientation RF...
[M::mem_pestat] (25, 50, 75) percentile: (76, 181, 1291)
[M::mem_pestat] low and high boundaries for computing mean and std.dev: (1, 3721)
[M::mem_pestat] mean and std.dev: (532.39, 635.55)
[M::mem_pestat] low and high boundaries for proper pairs: (1, 4936)
[M::mem_pestat] analyzing insert size distribution for orientation RR...
[M::mem_pestat] (25, 50, 75) percentile: (134, 194, 238)
[M::mem_pestat] low and high boundaries for computing mean and std.dev: (1, 446)
[M::mem_pestat] mean and std.dev: (185.69, 90.77)
[M::mem_pestat] low and high boundaries for proper pairs: (1, 550)
[M::mem_pestat] skip orientation FF
[M::mem_pestat] skip orientation RF
[M::mem_pestat] skip orientation RR
[M::process] read 2842576 sequences (400000274 bp)...
[M::mem_process_seqs] Processed 2842476 reads in 1040.914 CPU sec, 28.113 real sec
[M::mem_pestat] # candidate unique pairs for (FF, FR, RF, RR): (214, 1187027, 109, 102)
[M::mem_pestat] analyzing insert size distribution for orientation FF...
[M::mem_pestat] (25, 50, 75) percentile: (133, 175, 247)
[M::mem_pestat] low and high boundaries for computing mean and std.dev: (1, 475)
[M::mem_pestat] mean and std.dev: (192.38, 85.95)
[M::mem_pestat] low and high boundaries for proper pairs: (1, 589)
[M::mem_pestat] analyzing insert size distribution for orientation FR...
[M::mem_pestat] (25, 50, 75) percentile: (158, 217, 299)
[M::mem_pestat] low and high boundaries for computing mean and std.dev: (1, 581)
[M::mem_pestat] mean and std.dev: (236.68, 101.35)
[M::mem_pestat] low and high boundaries for proper pairs: (1, 722)
[M::mem_pestat] analyzing insert size distribution for orientation RF...
[M::mem_pestat] (25, 50, 75) percentile: (22, 76, 349)
[M::mem_pestat] low and high boundaries for computing mean and std.dev: (1, 1003)
[M::mem_pestat] mean and std.dev: (134.65, 183.77)
[M::mem_pestat] low and high boundaries for proper pairs: (1, 1330)
[M::mem_pestat] analyzing insert size distribution for orientation RR...
[M::mem_pestat] (25, 50, 75) percentile: (90, 143, 237)
[M::mem_pestat] low and high boundaries for computing mean and std.dev: (1, 531)
[M::mem_pestat] mean and std.dev: (169.82, 102.05)
[M::mem_pestat] low and high boundaries for proper pairs: (1, 678)
[M::mem_pestat] skip orientation FF
[M::mem_pestat] skip orientation RF
[M::mem_pestat] skip orientation RR
[M::process] read 2841084 sequences (400000162 bp)...
[M::mem_process_seqs] Processed 2842576 reads in 1043.327 CPU sec, 28.411 real sec
[M::process] read 521268 sequences (73424978 bp)...
[M::mem_pestat] # candidate unique pairs for (FF, FR, RF, RR): (96, 1180843, 120, 106)
[M::mem_pestat] analyzing insert size distribution for orientation FF...
[M::mem_pestat] (25, 50, 75) percentile: (114, 173, 309)
[M::mem_pestat] low and high boundaries for computing mean and std.dev: (1, 699)
[M::mem_pestat] mean and std.dev: (211.05, 139.21)
[M::mem_pestat] low and high boundaries for proper pairs: (1, 894)
[M::mem_pestat] analyzing insert size distribution for orientation FR...
[M::mem_pestat] (25, 50, 75) percentile: (159, 218, 299)
[M::mem_pestat] low and high boundaries for computing mean and std.dev: (1, 579)
[M::mem_pestat] mean and std.dev: (236.89, 101.24)
[M::mem_pestat] low and high boundaries for proper pairs: (1, 719)
[M::mem_pestat] analyzing insert size distribution for orientation RF...
[M::mem_pestat] (25, 50, 75) percentile: (74, 485, 1296)
[M::mem_pestat] low and high boundaries for computing mean and std.dev: (1, 3740)
[M::mem_pestat] mean and std.dev: (688.56, 682.15)
[M::mem_pestat] low and high boundaries for proper pairs: (1, 4962)
[M::mem_pestat] analyzing insert size distribution for orientation RR...
[M::mem_pestat] (25, 50, 75) percentile: (139, 199, 290)
[M::mem_pestat] low and high boundaries for computing mean and std.dev: (1, 592)
[M::mem_pestat] mean and std.dev: (206.64, 113.05)
[M::mem_pestat] low and high boundaries for proper pairs: (1, 743)
[M::mem_pestat] skip orientation FF
[M::mem_pestat] skip orientation RF
[M::mem_pestat] skip orientation RR
[M::mem_process_seqs] Processed 2841084 reads in 1032.889 CPU sec, 27.764 real sec
[M::mem_pestat] # candidate unique pairs for (FF, FR, RF, RR): (30, 219234, 13, 16)
[M::mem_pestat] analyzing insert size distribution for orientation FF...
[M::mem_pestat] (25, 50, 75) percentile: (62, 108, 257)
[M::mem_pestat] low and high boundaries for computing mean and std.dev: (1, 647)
[M::mem_pestat] mean and std.dev: (145.70, 91.12)
[M::mem_pestat] low and high boundaries for proper pairs: (1, 842)
[M::mem_pestat] analyzing insert size distribution for orientation FR...
[M::mem_pestat] (25, 50, 75) percentile: (158, 217, 299)
[M::mem_pestat] low and high boundaries for computing mean and std.dev: (1, 581)
[M::mem_pestat] mean and std.dev: (236.73, 101.51)
[M::mem_pestat] low and high boundaries for proper pairs: (1, 722)
[M::mem_pestat] analyzing insert size distribution for orientation RF...
[M::mem_pestat] (25, 50, 75) percentile: (55, 66, 807)
[M::mem_pestat] low and high boundaries for computing mean and std.dev: (1, 2311)
[M::mem_pestat] mean and std.dev: (325.75, 585.37)
[M::mem_pestat] low and high boundaries for proper pairs: (1, 3063)
[M::mem_pestat] analyzing insert size distribution for orientation RR...
[M::mem_pestat] (25, 50, 75) percentile: (106, 160, 182)
[M::mem_pestat] low and high boundaries for computing mean and std.dev: (1, 334)
[M::mem_pestat] mean and std.dev: (133.57, 49.66)
[M::mem_pestat] low and high boundaries for proper pairs: (1, 410)
[M::mem_pestat] skip orientation FF
[M::mem_pestat] skip orientation RF
[M::mem_pestat] skip orientation RR
[M::mem_process_seqs] Processed 521268 reads in 190.055 CPU sec, 5.397 real sec
[main] Version: 0.7.17-r1188
[main] CMD: bwa mem -L 5 -t 40 -a -M -T 30 -A 1 -B 4 -O 6 -R @RG\tID:Tbi-CJos_043_Ex1_L4_clmp.fp2_repr\tSM:Tbi-CJos_043_Ex1_L4_clmp.fp2_repr\tPL:Illumina reference.ssl.Tbi-C-500-R1R2ORPH-contam-noisolate.fasta Tbi-CJos_043_Ex1_L4_clmp.fp2_repr.R1.fq.gz Tbi-CJos_043_Ex1_L4_clmp.fp2_repr.R2.fq.gz
[main] Real time: 257.600 sec; CPU: 8347.128 sec
