[M::bwa_idx_load_from_disk] read 0 ALT contigs
[M::process] read 2840594 sequences (400000200 bp)...
[M::mem_pestat] # candidate unique pairs for (FF, FR, RF, RR): (91, 1190760, 101, 86)
[M::mem_pestat] analyzing insert size distribution for orientation FF...
[M::mem_pestat] (25, 50, 75) percentile: (127, 242, 288)
[M::mem_pestat] low and high boundaries for computing mean and std.dev: (1, 610)
[M::mem_pestat] mean and std.dev: (213.83, 105.09)
[M::mem_pestat] low and high boundaries for proper pairs: (1, 771)
[M::mem_pestat] analyzing insert size distribution for orientation FR...
[M::mem_pestat] (25, 50, 75) percentile: (160, 221, 304)
[M::mem_pestat] low and high boundaries for computing mean and std.dev: (1, 592)
[M::mem_pestat] mean and std.dev: (239.92, 102.30)
[M::mem_pestat] low and high boundaries for proper pairs: (1, 736)
[M::mem_pestat] analyzing insert size distribution for orientation RF...
[M::mem_pestat] (25, 50, 75) percentile: (107, 143, 570)
[M::mem_pestat] low and high boundaries for computing mean and std.dev: (1, 1496)
[M::mem_pestat] mean and std.dev: (311.65, 293.08)
[M::mem_pestat] low and high boundaries for proper pairs: (1, 1959)
[M::mem_pestat] analyzing insert size distribution for orientation RR...
[M::mem_pestat] (25, 50, 75) percentile: (111, 199, 234)
[M::mem_pestat] low and high boundaries for computing mean and std.dev: (1, 480)
[M::mem_pestat] mean and std.dev: (180.06, 90.87)
[M::mem_pestat] low and high boundaries for proper pairs: (1, 603)
[M::mem_pestat] skip orientation FF
[M::mem_pestat] skip orientation RF
[M::mem_pestat] skip orientation RR
[M::mem_process_seqs] Processed 2840594 reads in 1883.721 CPU sec, 61.573 real sec
[M::process] read 2840638 sequences (400000127 bp)...
[M::process] read 2840936 sequences (400000071 bp)...
[M::mem_pestat] # candidate unique pairs for (FF, FR, RF, RR): (136, 1184169, 110, 101)
[M::mem_pestat] analyzing insert size distribution for orientation FF...
[M::mem_pestat] (25, 50, 75) percentile: (111, 156, 281)
[M::mem_pestat] low and high boundaries for computing mean and std.dev: (1, 621)
[M::mem_pestat] mean and std.dev: (181.00, 91.97)
[M::mem_pestat] low and high boundaries for proper pairs: (1, 791)
[M::mem_pestat] analyzing insert size distribution for orientation FR...
[M::mem_pestat] (25, 50, 75) percentile: (161, 222, 304)
[M::mem_pestat] low and high boundaries for computing mean and std.dev: (1, 590)
[M::mem_pestat] mean and std.dev: (240.43, 102.42)
[M::mem_pestat] low and high boundaries for proper pairs: (1, 733)
[M::mem_pestat] analyzing insert size distribution for orientation RF...
[M::mem_pestat] (25, 50, 75) percentile: (48, 210, 570)
[M::mem_pestat] low and high boundaries for computing mean and std.dev: (1, 1614)
[M::mem_pestat] mean and std.dev: (271.30, 304.85)
[M::mem_pestat] low and high boundaries for proper pairs: (1, 2136)
[M::mem_pestat] analyzing insert size distribution for orientation RR...
[M::mem_pestat] (25, 50, 75) percentile: (115, 166, 215)
[M::mem_pestat] low and high boundaries for computing mean and std.dev: (1, 415)
[M::mem_pestat] mean and std.dev: (167.54, 84.53)
[M::mem_pestat] low and high boundaries for proper pairs: (1, 515)
[M::mem_pestat] skip orientation FF
[M::mem_pestat] skip orientation RF
[M::mem_pestat] skip orientation RR
[M::mem_process_seqs] Processed 2840638 reads in 1021.922 CPU sec, 26.692 real sec
[M::mem_pestat] # candidate unique pairs for (FF, FR, RF, RR): (123, 1178557, 147, 130)
[M::mem_pestat] analyzing insert size distribution for orientation FF...
[M::mem_pestat] (25, 50, 75) percentile: (128, 185, 277)
[M::mem_pestat] low and high boundaries for computing mean and std.dev: (1, 575)
[M::mem_pestat] mean and std.dev: (193.45, 98.78)
[M::mem_pestat] low and high boundaries for proper pairs: (1, 724)
[M::mem_pestat] analyzing insert size distribution for orientation FR...
[M::mem_pestat] (25, 50, 75) percentile: (161, 221, 304)
[M::mem_pestat] low and high boundaries for computing mean and std.dev: (1, 590)
[M::mem_pestat] mean and std.dev: (240.14, 102.36)
[M::mem_pestat] low and high boundaries for proper pairs: (1, 733)
[M::mem_pestat] analyzing insert size distribution for orientation RF...
[M::mem_pestat] (25, 50, 75) percentile: (110, 413, 620)
[M::mem_pestat] low and high boundaries for computing mean and std.dev: (1, 1640)
[M::mem_pestat] mean and std.dev: (378.22, 337.56)
[M::mem_pestat] low and high boundaries for proper pairs: (1, 2150)
[M::mem_pestat] analyzing insert size distribution for orientation RR...
[M::mem_pestat] (25, 50, 75) percentile: (130, 187, 289)
[M::mem_pestat] low and high boundaries for computing mean and std.dev: (1, 607)
[M::mem_pestat] mean and std.dev: (203.56, 112.78)
[M::mem_pestat] low and high boundaries for proper pairs: (1, 766)
[M::mem_pestat] skip orientation FF
[M::mem_pestat] skip orientation RF
[M::mem_pestat] skip orientation RR
[M::mem_process_seqs] Processed 2840936 reads in 1124.838 CPU sec, 30.329 real sec
[M::process] read 2844040 sequences (400000052 bp)...
[M::process] read 2840406 sequences (400000098 bp)...
[M::mem_pestat] # candidate unique pairs for (FF, FR, RF, RR): (115, 1188936, 245, 120)
[M::mem_pestat] analyzing insert size distribution for orientation FF...
[M::mem_pestat] (25, 50, 75) percentile: (114, 181, 282)
[M::mem_pestat] low and high boundaries for computing mean and std.dev: (1, 618)
[M::mem_pestat] mean and std.dev: (186.80, 108.52)
[M::mem_pestat] low and high boundaries for proper pairs: (1, 786)
[M::mem_pestat] analyzing insert size distribution for orientation FR...
[M::mem_pestat] (25, 50, 75) percentile: (160, 221, 304)
[M::mem_pestat] low and high boundaries for computing mean and std.dev: (1, 592)
[M::mem_pestat] mean and std.dev: (239.80, 102.47)
[M::mem_pestat] low and high boundaries for proper pairs: (1, 736)
[M::mem_pestat] analyzing insert size distribution for orientation RF...
[M::mem_pestat] (25, 50, 75) percentile: (165, 315, 942)
[M::mem_pestat] low and high boundaries for computing mean and std.dev: (1, 2496)
[M::mem_pestat] mean and std.dev: (455.86, 376.04)
[M::mem_pestat] low and high boundaries for proper pairs: (1, 3273)
[M::mem_pestat] analyzing insert size distribution for orientation RR...
[M::mem_pestat] (25, 50, 75) percentile: (139, 228, 256)
[M::mem_pestat] low and high boundaries for computing mean and std.dev: (1, 490)
[M::mem_pestat] mean and std.dev: (199.17, 87.35)
[M::mem_pestat] low and high boundaries for proper pairs: (1, 607)
[M::mem_pestat] skip orientation FF
[M::mem_pestat] skip orientation RF
[M::mem_pestat] skip orientation RR
[M::mem_process_seqs] Processed 2844040 reads in 1053.466 CPU sec, 28.290 real sec
[M::mem_pestat] # candidate unique pairs for (FF, FR, RF, RR): (115, 1192170, 121, 144)
[M::mem_pestat] analyzing insert size distribution for orientation FF...
[M::mem_pestat] (25, 50, 75) percentile: (98, 166, 270)
[M::mem_pestat] low and high boundaries for computing mean and std.dev: (1, 614)
[M::mem_pestat] mean and std.dev: (182.22, 111.79)
[M::mem_pestat] low and high boundaries for proper pairs: (1, 786)
[M::mem_pestat] analyzing insert size distribution for orientation FR...
[M::mem_pestat] (25, 50, 75) percentile: (161, 221, 304)
[M::mem_pestat] low and high boundaries for computing mean and std.dev: (1, 590)
[M::mem_pestat] mean and std.dev: (239.98, 102.33)
[M::mem_pestat] low and high boundaries for proper pairs: (1, 733)
[M::mem_pestat] analyzing insert size distribution for orientation RF...
[M::mem_pestat] (25, 50, 75) percentile: (172, 396, 677)
[M::mem_pestat] low and high boundaries for computing mean and std.dev: (1, 1687)
[M::mem_pestat] mean and std.dev: (473.64, 388.71)
[M::mem_pestat] low and high boundaries for proper pairs: (1, 2192)
[M::mem_pestat] analyzing insert size distribution for orientation RR...
[M::mem_pestat] (25, 50, 75) percentile: (131, 208, 316)
[M::mem_pestat] low and high boundaries for computing mean and std.dev: (1, 686)
[M::mem_pestat] mean and std.dev: (217.89, 114.96)
[M::mem_pestat] low and high boundaries for proper pairs: (1, 871)
[M::mem_pestat] skip orientation FF
[M::mem_pestat] skip orientation RF
[M::mem_pestat] skip orientation RR
[M::process] read 2840568 sequences (400000178 bp)...
[M::mem_process_seqs] Processed 2840406 reads in 1015.244 CPU sec, 27.169 real sec
[M::process] read 2109586 sequences (297077280 bp)...
[M::mem_pestat] # candidate unique pairs for (FF, FR, RF, RR): (143, 1186402, 126, 98)
[M::mem_pestat] analyzing insert size distribution for orientation FF...
[M::mem_pestat] (25, 50, 75) percentile: (123, 185, 263)
[M::mem_pestat] low and high boundaries for computing mean and std.dev: (1, 543)
[M::mem_pestat] mean and std.dev: (192.38, 94.97)
[M::mem_pestat] low and high boundaries for proper pairs: (1, 683)
[M::mem_pestat] analyzing insert size distribution for orientation FR...
[M::mem_pestat] (25, 50, 75) percentile: (160, 221, 303)
[M::mem_pestat] low and high boundaries for computing mean and std.dev: (1, 589)
[M::mem_pestat] mean and std.dev: (239.54, 102.12)
[M::mem_pestat] low and high boundaries for proper pairs: (1, 732)
[M::mem_pestat] analyzing insert size distribution for orientation RF...
[M::mem_pestat] (25, 50, 75) percentile: (127, 277, 1022)
[M::mem_pestat] low and high boundaries for computing mean and std.dev: (1, 2812)
[M::mem_pestat] mean and std.dev: (486.09, 500.39)
[M::mem_pestat] low and high boundaries for proper pairs: (1, 3707)
[M::mem_pestat] analyzing insert size distribution for orientation RR...
[M::mem_pestat] (25, 50, 75) percentile: (99, 169, 276)
[M::mem_pestat] low and high boundaries for computing mean and std.dev: (1, 630)
[M::mem_pestat] mean and std.dev: (185.60, 115.82)
[M::mem_pestat] low and high boundaries for proper pairs: (1, 807)
[M::mem_pestat] skip orientation FF
[M::mem_pestat] skip orientation RF
[M::mem_pestat] skip orientation RR
[M::mem_process_seqs] Processed 2840568 reads in 1049.410 CPU sec, 28.675 real sec
[M::mem_pestat] # candidate unique pairs for (FF, FR, RF, RR): (86, 880389, 69, 78)
[M::mem_pestat] analyzing insert size distribution for orientation FF...
[M::mem_pestat] (25, 50, 75) percentile: (128, 192, 324)
[M::mem_pestat] low and high boundaries for computing mean and std.dev: (1, 716)
[M::mem_pestat] mean and std.dev: (211.27, 111.60)
[M::mem_pestat] low and high boundaries for proper pairs: (1, 912)
[M::mem_pestat] analyzing insert size distribution for orientation FR...
[M::mem_pestat] (25, 50, 75) percentile: (161, 221, 303)
[M::mem_pestat] low and high boundaries for computing mean and std.dev: (1, 587)
[M::mem_pestat] mean and std.dev: (239.83, 102.31)
[M::mem_pestat] low and high boundaries for proper pairs: (1, 729)
[M::mem_pestat] analyzing insert size distribution for orientation RF...
[M::mem_pestat] (25, 50, 75) percentile: (98, 201, 754)
[M::mem_pestat] low and high boundaries for computing mean and std.dev: (1, 2066)
[M::mem_pestat] mean and std.dev: (359.23, 410.89)
[M::mem_pestat] low and high boundaries for proper pairs: (1, 2722)
[M::mem_pestat] analyzing insert size distribution for orientation RR...
[M::mem_pestat] (25, 50, 75) percentile: (109, 176, 295)
[M::mem_pestat] low and high boundaries for computing mean and std.dev: (1, 667)
[M::mem_pestat] mean and std.dev: (195.39, 106.53)
[M::mem_pestat] low and high boundaries for proper pairs: (1, 853)
[M::mem_pestat] skip orientation FF
[M::mem_pestat] skip orientation RF
[M::mem_pestat] skip orientation RR
[M::mem_process_seqs] Processed 2109586 reads in 771.573 CPU sec, 21.044 real sec
[main] Version: 0.7.17-r1188
[main] CMD: bwa mem -L 5 -t 40 -a -M -T 30 -A 1 -B 4 -O 6 -R @RG\tID:Tbi-CJos_059_Ex1_L4_clmp.fp2_repr\tSM:Tbi-CJos_059_Ex1_L4_clmp.fp2_repr\tPL:Illumina reference.ssl.Tbi-C-500-R1R2ORPH-contam-noisolate.fasta Tbi-CJos_059_Ex1_L4_clmp.fp2_repr.R1.fq.gz Tbi-CJos_059_Ex1_L4_clmp.fp2_repr.R2.fq.gz
[main] Real time: 246.223 sec; CPU: 7948.467 sec
