[M::bwa_idx_load_from_disk] read 0 ALT contigs
[M::process] read 1924482 sequences (216343144 bp)...
[M::mem_pestat] # candidate unique pairs for (FF, FR, RF, RR): (379, 735355, 4, 229)
[M::mem_pestat] analyzing insert size distribution for orientation FF...
[M::mem_pestat] (25, 50, 75) percentile: (53, 57, 96)
[M::mem_pestat] low and high boundaries for computing mean and std.dev: (1, 182)
[M::mem_pestat] mean and std.dev: (75.00, 38.75)
[M::mem_pestat] low and high boundaries for proper pairs: (1, 230)
[M::mem_pestat] analyzing insert size distribution for orientation FR...
[M::mem_pestat] (25, 50, 75) percentile: (91, 116, 147)
[M::mem_pestat] low and high boundaries for computing mean and std.dev: (1, 259)
[M::mem_pestat] mean and std.dev: (120.40, 41.22)
[M::mem_pestat] low and high boundaries for proper pairs: (1, 315)
[M::mem_pestat] skip orientation RF as there are not enough pairs
[M::mem_pestat] analyzing insert size distribution for orientation RR...
[M::mem_pestat] (25, 50, 75) percentile: (30, 49, 81)
[M::mem_pestat] low and high boundaries for computing mean and std.dev: (1, 183)
[M::mem_pestat] mean and std.dev: (58.77, 33.60)
[M::mem_pestat] low and high boundaries for proper pairs: (1, 234)
[M::mem_pestat] skip orientation FF
[M::mem_pestat] skip orientation RR
[M::mem_process_seqs] Processed 1924482 reads in 807.541 CPU sec, 21.566 real sec
[main] Version: 0.7.17-r1188
[main] CMD: bwa mem -L 5 -t 40 -a -M -T 30 -A 1 -B 4 -O 6 -R @RG\tID:Tbi-ARos_002_Ex1b_L4_clmp.fp2_repr\tSM:Tbi-ARos_002_Ex1b_L4_clmp.fp2_repr\tPL:Illumina reference.ssl.Tbi-C-500-R1R2ORPH-contam-noisolate.fasta Tbi-ARos_002_Ex1b_L4_clmp.fp2_repr.R1.fq.gz Tbi-ARos_002_Ex1b_L4_clmp.fp2_repr.R2.fq.gz
[main] Real time: 41.202 sec; CPU: 826.176 sec
