[M::bwa_idx_load_from_disk] read 0 ALT contigs
[M::process] read 2847714 sequences (400000147 bp)...
[M::mem_pestat] # candidate unique pairs for (FF, FR, RF, RR): (89, 1175689, 95, 87)
[M::mem_pestat] analyzing insert size distribution for orientation FF...
[M::mem_pestat] (25, 50, 75) percentile: (110, 180, 235)
[M::mem_pestat] low and high boundaries for computing mean and std.dev: (1, 485)
[M::mem_pestat] mean and std.dev: (169.87, 87.39)
[M::mem_pestat] low and high boundaries for proper pairs: (1, 610)
[M::mem_pestat] analyzing insert size distribution for orientation FR...
[M::mem_pestat] (25, 50, 75) percentile: (159, 216, 295)
[M::mem_pestat] low and high boundaries for computing mean and std.dev: (1, 567)
[M::mem_pestat] mean and std.dev: (234.65, 99.06)
[M::mem_pestat] low and high boundaries for proper pairs: (1, 703)
[M::mem_pestat] analyzing insert size distribution for orientation RF...
[M::mem_pestat] (25, 50, 75) percentile: (63, 390, 968)
[M::mem_pestat] low and high boundaries for computing mean and std.dev: (1, 2778)
[M::mem_pestat] mean and std.dev: (451.41, 514.08)
[M::mem_pestat] low and high boundaries for proper pairs: (1, 3683)
[M::mem_pestat] analyzing insert size distribution for orientation RR...
[M::mem_pestat] (25, 50, 75) percentile: (101, 151, 190)
[M::mem_pestat] low and high boundaries for computing mean and std.dev: (1, 368)
[M::mem_pestat] mean and std.dev: (151.71, 66.17)
[M::mem_pestat] low and high boundaries for proper pairs: (1, 457)
[M::mem_pestat] skip orientation FF
[M::mem_pestat] skip orientation RF
[M::mem_pestat] skip orientation RR
[M::mem_process_seqs] Processed 2847714 reads in 996.954 CPU sec, 37.613 real sec
[M::process] read 2846768 sequences (400000008 bp)...
[M::process] read 2848162 sequences (400000282 bp)...
[M::mem_pestat] # candidate unique pairs for (FF, FR, RF, RR): (135, 1173950, 121, 96)
[M::mem_pestat] analyzing insert size distribution for orientation FF...
[M::mem_pestat] (25, 50, 75) percentile: (74, 170, 258)
[M::mem_pestat] low and high boundaries for computing mean and std.dev: (1, 626)
[M::mem_pestat] mean and std.dev: (168.72, 109.40)
[M::mem_pestat] low and high boundaries for proper pairs: (1, 810)
[M::mem_pestat] analyzing insert size distribution for orientation FR...
[M::mem_pestat] (25, 50, 75) percentile: (159, 216, 295)
[M::mem_pestat] low and high boundaries for computing mean and std.dev: (1, 567)
[M::mem_pestat] mean and std.dev: (234.75, 99.18)
[M::mem_pestat] low and high boundaries for proper pairs: (1, 703)
[M::mem_pestat] analyzing insert size distribution for orientation RF...
[M::mem_pestat] (25, 50, 75) percentile: (36, 188, 898)
[M::mem_pestat] low and high boundaries for computing mean and std.dev: (1, 2622)
[M::mem_pestat] mean and std.dev: (372.41, 539.95)
[M::mem_pestat] low and high boundaries for proper pairs: (1, 3484)
[M::mem_pestat] analyzing insert size distribution for orientation RR...
[M::mem_pestat] (25, 50, 75) percentile: (94, 162, 225)
[M::mem_pestat] low and high boundaries for computing mean and std.dev: (1, 487)
[M::mem_pestat] mean and std.dev: (171.75, 90.37)
[M::mem_pestat] low and high boundaries for proper pairs: (1, 618)
[M::mem_pestat] skip orientation FF
[M::mem_pestat] skip orientation RF
[M::mem_pestat] skip orientation RR
[M::mem_process_seqs] Processed 2846768 reads in 1051.416 CPU sec, 27.877 real sec
[M::process] read 2847544 sequences (400000064 bp)...
[M::mem_pestat] # candidate unique pairs for (FF, FR, RF, RR): (126, 1183672, 186, 136)
[M::mem_pestat] analyzing insert size distribution for orientation FF...
[M::mem_pestat] (25, 50, 75) percentile: (109, 230, 280)
[M::mem_pestat] low and high boundaries for computing mean and std.dev: (1, 622)
[M::mem_pestat] mean and std.dev: (202.30, 120.28)
[M::mem_pestat] low and high boundaries for proper pairs: (1, 793)
[M::mem_pestat] analyzing insert size distribution for orientation FR...
[M::mem_pestat] (25, 50, 75) percentile: (159, 216, 295)
[M::mem_pestat] low and high boundaries for computing mean and std.dev: (1, 567)
[M::mem_pestat] mean and std.dev: (234.57, 99.20)
[M::mem_pestat] low and high boundaries for proper pairs: (1, 703)
[M::mem_pestat] analyzing insert size distribution for orientation RF...
[M::mem_pestat] (25, 50, 75) percentile: (50, 127, 441)
[M::mem_pestat] low and high boundaries for computing mean and std.dev: (1, 1223)
[M::mem_pestat] mean and std.dev: (210.47, 255.50)
[M::mem_pestat] low and high boundaries for proper pairs: (1, 1614)
[M::mem_pestat] analyzing insert size distribution for orientation RR...
[M::mem_pestat] (25, 50, 75) percentile: (110, 163, 241)
[M::mem_pestat] low and high boundaries for computing mean and std.dev: (1, 503)
[M::mem_pestat] mean and std.dev: (184.50, 104.62)
[M::mem_pestat] low and high boundaries for proper pairs: (1, 634)
[M::mem_pestat] skip orientation FF
[M::mem_pestat] skip orientation RF
[M::mem_pestat] skip orientation RR
[M::mem_process_seqs] Processed 2848162 reads in 1037.330 CPU sec, 27.927 real sec
[M::process] read 1817764 sequences (255477458 bp)...
[M::mem_pestat] # candidate unique pairs for (FF, FR, RF, RR): (184, 1180947, 89, 70)
[M::mem_pestat] analyzing insert size distribution for orientation FF...
[M::mem_pestat] (25, 50, 75) percentile: (126, 195, 258)
[M::mem_pestat] low and high boundaries for computing mean and std.dev: (1, 522)
[M::mem_pestat] mean and std.dev: (178.37, 80.55)
[M::mem_pestat] low and high boundaries for proper pairs: (1, 654)
[M::mem_pestat] analyzing insert size distribution for orientation FR...
[M::mem_pestat] (25, 50, 75) percentile: (159, 216, 295)
[M::mem_pestat] low and high boundaries for computing mean and std.dev: (1, 567)
[M::mem_pestat] mean and std.dev: (234.60, 99.00)
[M::mem_pestat] low and high boundaries for proper pairs: (1, 703)
[M::mem_pestat] analyzing insert size distribution for orientation RF...
[M::mem_pestat] (25, 50, 75) percentile: (86, 302, 719)
[M::mem_pestat] low and high boundaries for computing mean and std.dev: (1, 1985)
[M::mem_pestat] mean and std.dev: (396.05, 378.55)
[M::mem_pestat] low and high boundaries for proper pairs: (1, 2618)
[M::mem_pestat] analyzing insert size distribution for orientation RR...
[M::mem_pestat] (25, 50, 75) percentile: (113, 156, 228)
[M::mem_pestat] low and high boundaries for computing mean and std.dev: (1, 458)
[M::mem_pestat] mean and std.dev: (173.57, 85.88)
[M::mem_pestat] low and high boundaries for proper pairs: (1, 573)
[M::mem_pestat] skip orientation FF
[M::mem_pestat] skip orientation RF
[M::mem_pestat] skip orientation RR
[M::mem_process_seqs] Processed 2847544 reads in 1031.778 CPU sec, 27.753 real sec
[M::mem_pestat] # candidate unique pairs for (FF, FR, RF, RR): (67, 753529, 73, 58)
[M::mem_pestat] analyzing insert size distribution for orientation FF...
[M::mem_pestat] (25, 50, 75) percentile: (81, 142, 221)
[M::mem_pestat] low and high boundaries for computing mean and std.dev: (1, 501)
[M::mem_pestat] mean and std.dev: (148.78, 83.40)
[M::mem_pestat] low and high boundaries for proper pairs: (1, 641)
[M::mem_pestat] analyzing insert size distribution for orientation FR...
[M::mem_pestat] (25, 50, 75) percentile: (159, 216, 295)
[M::mem_pestat] low and high boundaries for computing mean and std.dev: (1, 567)
[M::mem_pestat] mean and std.dev: (234.72, 99.02)
[M::mem_pestat] low and high boundaries for proper pairs: (1, 703)
[M::mem_pestat] analyzing insert size distribution for orientation RF...
[M::mem_pestat] (25, 50, 75) percentile: (150, 301, 530)
[M::mem_pestat] low and high boundaries for computing mean and std.dev: (1, 1290)
[M::mem_pestat] mean and std.dev: (296.71, 243.91)
[M::mem_pestat] low and high boundaries for proper pairs: (1, 1670)
[M::mem_pestat] analyzing insert size distribution for orientation RR...
[M::mem_pestat] (25, 50, 75) percentile: (91, 158, 314)
[M::mem_pestat] low and high boundaries for computing mean and std.dev: (1, 760)
[M::mem_pestat] mean and std.dev: (193.12, 131.45)
[M::mem_pestat] low and high boundaries for proper pairs: (1, 983)
[M::mem_pestat] skip orientation FF
[M::mem_pestat] skip orientation RF
[M::mem_pestat] skip orientation RR
[M::mem_process_seqs] Processed 1817764 reads in 665.452 CPU sec, 18.763 real sec
[main] Version: 0.7.17-r1188
[main] CMD: bwa mem -L 5 -t 40 -a -M -T 30 -A 1 -B 4 -O 6 -R @RG\tID:Tbi-CJos_060_Ex1_L4_clmp.fp2_repr\tSM:Tbi-CJos_060_Ex1_L4_clmp.fp2_repr\tPL:Illumina reference.ssl.Tbi-C_scaffolds_32R_spades_contam_R1R2ORPH_noisolate.fasta Tbi-CJos_060_Ex1_L4_clmp.fp2_repr.R1.fq.gz Tbi-CJos_060_Ex1_L4_clmp.fp2_repr.R2.fq.gz
[main] Real time: 154.428 sec; CPU: 4798.297 sec
