
Sat May 21 17:01:33 EDT 2022

BAMDIR=/scratch/r3clark/taeniamia_zosterophora/mkBAM
OUTDIR=/scratch/r3clark/taeniamia_zosterophora/mkBAM
BAMPATTERN=-RG.bam
SPECIES=Tzo

Running samtools coverage and stats
/bin/bash: /scratch/r3clark/taeniamia_zosterophora/mkBAM/Tzo-AMvi_001_Ex1_L4_clmp.fp2_repr.ssl.Tzo-C-0402G-R1R2-contam-noisolate-RG.cvg: Permission denied
/bin/bash: /scratch/r3clark/taeniamia_zosterophora/mkBAM/Tzo-AMvi_002_Ex1_L4_clmp.fp2_repr.ssl.Tzo-C-0402G-R1R2-contam-noisolate-RG.cvg: Permission denied
/bin/bash: /scratch/r3clark/taeniamia_zosterophora/mkBAM/Tzo-AMvi_003_Ex1_L4_clmp.fp2_repr.ssl.Tzo-C-0402G-R1R2-contam-noisolate-RG.cvg: Permission denied
/bin/bash: /scratch/r3clark/taeniamia_zosterophora/mkBAM/Tzo-AMvi_004_Ex1_L4_clmp.fp2_repr.ssl.Tzo-C-0402G-R1R2-contam-noisolate-RG.cvg: Permission denied
/bin/bash: /scratch/r3clark/taeniamia_zosterophora/mkBAM/Tzo-AMvi_005_Ex1_L4_clmp.fp2_repr.ssl.Tzo-C-0402G-R1R2-contam-noisolate-RG.cvg: Permission denied
/bin/bash: /scratch/r3clark/taeniamia_zosterophora/mkBAM/Tzo-AMvi_006_Ex1_L4_clmp.fp2_repr.ssl.Tzo-C-0402G-R1R2-contam-noisolate-RG.cvg: Permission denied
/bin/bash: /scratch/r3clark/taeniamia_zosterophora/mkBAM/Tzo-AMvi_007_Ex1_L4_clmp.fp2_repr.ssl.Tzo-C-0402G-R1R2-contam-noisolate-RG.cvg: Permission denied
/bin/bash: /scratch/r3clark/taeniamia_zosterophora/mkBAM/Tzo-AMvi_008_Ex1_L4_clmp.fp2_repr.ssl.Tzo-C-0402G-R1R2-contam-noisolate-RG.cvg: Permission denied
/bin/bash: /scratch/r3clark/taeniamia_zosterophora/mkBAM/Tzo-AMvi_009_Ex1_L4_clmp.fp2_repr.ssl.Tzo-C-0402G-R1R2-contam-noisolate-RG.cvg: Permission denied
/bin/bash: /scratch/r3clark/taeniamia_zosterophora/mkBAM/Tzo-AMvi_010_Ex1_L4_clmp.fp2_repr.ssl.Tzo-C-0402G-R1R2-contam-noisolate-RG.cvg: Permission denied
/bin/bash: /scratch/r3clark/taeniamia_zosterophora/mkBAM/Tzo-AMvi_011_Ex1_L4_clmp.fp2_repr.ssl.Tzo-C-0402G-R1R2-contam-noisolate-RG.cvg: Permission denied
/bin/bash: /scratch/r3clark/taeniamia_zosterophora/mkBAM/Tzo-AMvi_012_Ex1_L4_clmp.fp2_repr.ssl.Tzo-C-0402G-R1R2-contam-noisolate-RG.cvg: Permission denied
/bin/bash: /scratch/r3clark/taeniamia_zosterophora/mkBAM/Tzo-AMvi_013_Ex1_L4_clmp.fp2_repr.ssl.Tzo-C-0402G-R1R2-contam-noisolate-RG.cvg: Permission denied
/bin/bash: /scratch/r3clark/taeniamia_zosterophora/mkBAM/Tzo-AMvi_014_Ex1_L4_clmp.fp2_repr.ssl.Tzo-C-0402G-R1R2-contam-noisolate-RG.cvg: Permission denied
/bin/bash: /scratch/r3clark/taeniamia_zosterophora/mkBAM/Tzo-AMvi_015_Ex1_L4_clmp.fp2_repr.ssl.Tzo-C-0402G-R1R2-contam-noisolate-RG.cvg: Permission denied
/bin/bash: /scratch/r3clark/taeniamia_zosterophora/mkBAM/Tzo-AMvi_016_Ex1_L4_clmp.fp2_repr.ssl.Tzo-C-0402G-R1R2-contam-noisolate-RG.cvg: Permission denied
/bin/bash: /scratch/r3clark/taeniamia_zosterophora/mkBAM/Tzo-AMvi_017_Ex1_L4_clmp.fp2_repr.ssl.Tzo-C-0402G-R1R2-contam-noisolate-RG.cvg: Permission denied
/bin/bash: /scratch/r3clark/taeniamia_zosterophora/mkBAM/Tzo-AMvi_018_Ex1_L4_clmp.fp2_repr.ssl.Tzo-C-0402G-R1R2-contam-noisolate-RG.cvg: Permission denied
/bin/bash: /scratch/r3clark/taeniamia_zosterophora/mkBAM/Tzo-AMvi_019_Ex1_L4_clmp.fp2_repr.ssl.Tzo-C-0402G-R1R2-contam-noisolate-RG.cvg: Permission denied
/bin/bash: /scratch/r3clark/taeniamia_zosterophora/mkBAM/Tzo-AMvi_020_Ex1_L4_clmp.fp2_repr.ssl.Tzo-C-0402G-R1R2-contam-noisolate-RG.cvg: Permission denied
/bin/bash: /scratch/r3clark/taeniamia_zosterophora/mkBAM/Tzo-AMvi_021_Ex1_L4_clmp.fp2_repr.ssl.Tzo-C-0402G-R1R2-contam-noisolate-RG.cvg: Permission denied
/bin/bash: /scratch/r3clark/taeniamia_zosterophora/mkBAM/Tzo-AMvi_022_Ex1_L4_clmp.fp2_repr.ssl.Tzo-C-0402G-R1R2-contam-noisolate-RG.cvg: Permission denied
/bin/bash: /scratch/r3clark/taeniamia_zosterophora/mkBAM/Tzo-AMvi_023_Ex1_L4_clmp.fp2_repr.ssl.Tzo-C-0402G-R1R2-contam-noisolate-RG.cvg: Permission denied
/bin/bash: /scratch/r3clark/taeniamia_zosterophora/mkBAM/Tzo-AMvi_024_Ex1_L4_clmp.fp2_repr.ssl.Tzo-C-0402G-R1R2-contam-noisolate-RG.cvg: Permission denied
/bin/bash: /scratch/r3clark/taeniamia_zosterophora/mkBAM/Tzo-AMvi_025_Ex1_L4_clmp.fp2_repr.ssl.Tzo-C-0402G-R1R2-contam-noisolate-RG.cvg: Permission denied
/bin/bash: /scratch/r3clark/taeniamia_zosterophora/mkBAM/Tzo-AMvi_026_Ex1_L4_clmp.fp2_repr.ssl.Tzo-C-0402G-R1R2-contam-noisolate-RG.cvg: Permission denied
/bin/bash: /scratch/r3clark/taeniamia_zosterophora/mkBAM/Tzo-AMvi_027_Ex1_L4_clmp.fp2_repr.ssl.Tzo-C-0402G-R1R2-contam-noisolate-RG.cvg: Permission denied
/bin/bash: /scratch/r3clark/taeniamia_zosterophora/mkBAM/Tzo-AMvi_028_Ex1_L4_clmp.fp2_repr.ssl.Tzo-C-0402G-R1R2-contam-noisolate-RG.cvg: Permission denied
/bin/bash: /scratch/r3clark/taeniamia_zosterophora/mkBAM/Tzo-AMvi_029_Ex1_L4_clmp.fp2_repr.ssl.Tzo-C-0402G-R1R2-contam-noisolate-RG.cvg: Permission denied
/bin/bash: /scratch/r3clark/taeniamia_zosterophora/mkBAM/Tzo-AMvi_030_Ex1_L4_clmp.fp2_repr.ssl.Tzo-C-0402G-R1R2-contam-noisolate-RG.cvg: Permission denied
/bin/bash: /scratch/r3clark/taeniamia_zosterophora/mkBAM/Tzo-AMvi_031_Ex1_L4_clmp.fp2_repr.ssl.Tzo-C-0402G-R1R2-contam-noisolate-RG.cvg: Permission denied
/bin/bash: /scratch/r3clark/taeniamia_zosterophora/mkBAM/Tzo-AMvi_032_Ex1_L4_clmp.fp2_repr.ssl.Tzo-C-0402G-R1R2-contam-noisolate-RG.cvg: Permission denied
/bin/bash: /scratch/r3clark/taeniamia_zosterophora/mkBAM/Tzo-AMvi_033_Ex1_L4_clmp.fp2_repr.ssl.Tzo-C-0402G-R1R2-contam-noisolate-RG.cvg: Permission denied
/bin/bash: /scratch/r3clark/taeniamia_zosterophora/mkBAM/Tzo-AMvi_034_Ex1_L4_clmp.fp2_repr.ssl.Tzo-C-0402G-R1R2-contam-noisolate-RG.cvg: Permission denied
/bin/bash: /scratch/r3clark/taeniamia_zosterophora/mkBAM/Tzo-AMvi_035_Ex1_L4_clmp.fp2_repr.ssl.Tzo-C-0402G-R1R2-contam-noisolate-RG.cvg: Permission denied
/bin/bash: /scratch/r3clark/taeniamia_zosterophora/mkBAM/Tzo-AMvi_036_Ex1_L4_clmp.fp2_repr.ssl.Tzo-C-0402G-R1R2-contam-noisolate-RG.cvg: Permission denied
/bin/bash: /scratch/r3clark/taeniamia_zosterophora/mkBAM/Tzo-AMvi_037_Ex1_L4_clmp.fp2_repr.ssl.Tzo-C-0402G-R1R2-contam-noisolate-RG.cvg: Permission denied
/bin/bash: /scratch/r3clark/taeniamia_zosterophora/mkBAM/Tzo-AMvi_038_Ex1_L4_clmp.fp2_repr.ssl.Tzo-C-0402G-R1R2-contam-noisolate-RG.cvg: Permission denied
/bin/bash: /scratch/r3clark/taeniamia_zosterophora/mkBAM/Tzo-AMvi_039_Ex1_L4_clmp.fp2_repr.ssl.Tzo-C-0402G-R1R2-contam-noisolate-RG.cvg: Permission denied
/bin/bash: /scratch/r3clark/taeniamia_zosterophora/mkBAM/Tzo-AMvi_040_Ex1_L4_clmp.fp2_repr.ssl.Tzo-C-0402G-R1R2-contam-noisolate-RG.cvg: Permission denied
/bin/bash: /scratch/r3clark/taeniamia_zosterophora/mkBAM/Tzo-AMvi_041_Ex1_L4_clmp.fp2_repr.ssl.Tzo-C-0402G-R1R2-contam-noisolate-RG.cvg: Permission denied
/bin/bash: /scratch/r3clark/taeniamia_zosterophora/mkBAM/Tzo-AMvi_042_Ex1_L4_clmp.fp2_repr.ssl.Tzo-C-0402G-R1R2-contam-noisolate-RG.cvg: Permission denied
/bin/bash: /scratch/r3clark/taeniamia_zosterophora/mkBAM/Tzo-AMvi_044_Ex1_L4_clmp.fp2_repr.ssl.Tzo-C-0402G-R1R2-contam-noisolate-RG.cvg: Permission denied
/bin/bash: /scratch/r3clark/taeniamia_zosterophora/mkBAM/Tzo-AMvi_045_Ex1_L4_clmp.fp2_repr.ssl.Tzo-C-0402G-R1R2-contam-noisolate-RG.cvg: Permission denied
/bin/bash: /scratch/r3clark/taeniamia_zosterophora/mkBAM/Tzo-AMvi_046_Ex1_L4_clmp.fp2_repr.ssl.Tzo-C-0402G-R1R2-contam-noisolate-RG.cvg: Permission denied
/bin/bash: /scratch/r3clark/taeniamia_zosterophora/mkBAM/Tzo-AMvi_047_Ex1_L4_clmp.fp2_repr.ssl.Tzo-C-0402G-R1R2-contam-noisolate-RG.cvg: Permission denied
/bin/bash: /scratch/r3clark/taeniamia_zosterophora/mkBAM/Tzo-AMvi_048_Ex1_L4_clmp.fp2_repr.ssl.Tzo-C-0402G-R1R2-contam-noisolate-RG.cvg: Permission denied
/bin/bash: /scratch/r3clark/taeniamia_zosterophora/mkBAM/Tzo-CMvi_006-Ex1_L4_clmp.fp2_repr.ssl.Tzo-C-0402G-R1R2-contam-noisolate-RG.cvg: Permission denied
/bin/bash: /scratch/r3clark/taeniamia_zosterophora/mkBAM/Tzo-CMvi_007-Ex1_L4_clmp.fp2_repr.ssl.Tzo-C-0402G-R1R2-contam-noisolate-RG.cvg: Permission denied
/bin/bash: /scratch/r3clark/taeniamia_zosterophora/mkBAM/Tzo-CMvi_011-Ex1_L4_clmp.fp2_repr.ssl.Tzo-C-0402G-R1R2-contam-noisolate-RG.cvg: Permission denied
/bin/bash: /scratch/r3clark/taeniamia_zosterophora/mkBAM/Tzo-CMvi_012-Ex1_L4_clmp.fp2_repr.ssl.Tzo-C-0402G-R1R2-contam-noisolate-RG.cvg: Permission denied
/bin/bash: /scratch/r3clark/taeniamia_zosterophora/mkBAM/Tzo-CMvi_013-Ex1_L4_clmp.fp2_repr.ssl.Tzo-C-0402G-R1R2-contam-noisolate-RG.cvg: Permission denied
/bin/bash: /scratch/r3clark/taeniamia_zosterophora/mkBAM/Tzo-CMvi_015-Ex1_L4_clmp.fp2_repr.ssl.Tzo-C-0402G-R1R2-contam-noisolate-RG.cvg: Permission denied
/bin/bash: /scratch/r3clark/taeniamia_zosterophora/mkBAM/Tzo-CMvi_016-Ex1_L4_clmp.fp2_repr.ssl.Tzo-C-0402G-R1R2-contam-noisolate-RG.cvg: Permission denied
/bin/bash: /scratch/r3clark/taeniamia_zosterophora/mkBAM/Tzo-CMvi_018-Ex1_L4_clmp.fp2_repr.ssl.Tzo-C-0402G-R1R2-contam-noisolate-RG.cvg: Permission denied
/bin/bash: /scratch/r3clark/taeniamia_zosterophora/mkBAM/Tzo-CMvi_020-Ex1_L4_clmp.fp2_repr.ssl.Tzo-C-0402G-R1R2-contam-noisolate-RG.cvg: Permission denied
/bin/bash: /scratch/r3clark/taeniamia_zosterophora/mkBAM/Tzo-CMvi_027-Ex1_L4_clmp.fp2_repr.ssl.Tzo-C-0402G-R1R2-contam-noisolate-RG.cvg: Permission denied
/bin/bash: /scratch/r3clark/taeniamia_zosterophora/mkBAM/Tzo-CMvi_029-Ex1_L4_clmp.fp2_repr.ssl.Tzo-C-0402G-R1R2-contam-noisolate-RG.cvg: Permission denied
/bin/bash: /scratch/r3clark/taeniamia_zosterophora/mkBAM/Tzo-CMvi_030-Ex1_L4_clmp.fp2_repr.ssl.Tzo-C-0402G-R1R2-contam-noisolate-RG.cvg: Permission denied
/bin/bash: /scratch/r3clark/taeniamia_zosterophora/mkBAM/Tzo-CMvi_031-Ex1_L4_clmp.fp2_repr.ssl.Tzo-C-0402G-R1R2-contam-noisolate-RG.cvg: Permission denied
/bin/bash: /scratch/r3clark/taeniamia_zosterophora/mkBAM/Tzo-CMvi_033-Ex1_L4_clmp.fp2_repr.ssl.Tzo-C-0402G-R1R2-contam-noisolate-RG.cvg: Permission denied
/bin/bash: /scratch/r3clark/taeniamia_zosterophora/mkBAM/Tzo-CMvi_035-Ex1_L4_clmp.fp2_repr.ssl.Tzo-C-0402G-R1R2-contam-noisolate-RG.cvg: Permission denied
/bin/bash: /scratch/r3clark/taeniamia_zosterophora/mkBAM/Tzo-CMvi_038-Ex1_L4_clmp.fp2_repr.ssl.Tzo-C-0402G-R1R2-contam-noisolate-RG.cvg: Permission denied
/bin/bash: /scratch/r3clark/taeniamia_zosterophora/mkBAM/Tzo-CMvi_040-Ex1_L4_clmp.fp2_repr.ssl.Tzo-C-0402G-R1R2-contam-noisolate-RG.cvg: Permission denied
/bin/bash: /scratch/r3clark/taeniamia_zosterophora/mkBAM/Tzo-CMvi_041-Ex1_L4_clmp.fp2_repr.ssl.Tzo-C-0402G-R1R2-contam-noisolate-RG.cvg: Permission denied
/bin/bash: /scratch/r3clark/taeniamia_zosterophora/mkBAM/Tzo-CMvi_042-Ex1_L4_clmp.fp2_repr.ssl.Tzo-C-0402G-R1R2-contam-noisolate-RG.cvg: Permission denied
/bin/bash: /scratch/r3clark/taeniamia_zosterophora/mkBAM/Tzo-CMvi_044-Ex1_L4_clmp.fp2_repr.ssl.Tzo-C-0402G-R1R2-contam-noisolate-RG.cvg: Permission denied
/bin/bash: /scratch/r3clark/taeniamia_zosterophora/mkBAM/Tzo-CMvi_045-Ex1_L4_clmp.fp2_repr.ssl.Tzo-C-0402G-R1R2-contam-noisolate-RG.cvg: Permission denied
/bin/bash: /scratch/r3clark/taeniamia_zosterophora/mkBAM/Tzo-CMvi_046-Ex1_L4_clmp.fp2_repr.ssl.Tzo-C-0402G-R1R2-contam-noisolate-RG.cvg: Permission denied
/bin/bash: /scratch/r3clark/taeniamia_zosterophora/mkBAM/Tzo-CMvi_047-Ex1_L4_clmp.fp2_repr.ssl.Tzo-C-0402G-R1R2-contam-noisolate-RG.cvg: Permission denied
/bin/bash: /scratch/r3clark/taeniamia_zosterophora/mkBAM/Tzo-CMvi_048-Ex1_L4_clmp.fp2_repr.ssl.Tzo-C-0402G-R1R2-contam-noisolate-RG.cvg: Permission denied
/bin/bash: /scratch/r3clark/taeniamia_zosterophora/mkBAM/Tzo-CMvi_049-Ex1_L4_clmp.fp2_repr.ssl.Tzo-C-0402G-R1R2-contam-noisolate-RG.cvg: Permission denied
/bin/bash: /scratch/r3clark/taeniamia_zosterophora/mkBAM/Tzo-CMvi_050-Ex1_L4_clmp.fp2_repr.ssl.Tzo-C-0402G-R1R2-contam-noisolate-RG.cvg: Permission denied
/bin/bash: /scratch/r3clark/taeniamia_zosterophora/mkBAM/Tzo-CMvi_051-Ex1_L4_clmp.fp2_repr.ssl.Tzo-C-0402G-R1R2-contam-noisolate-RG.cvg: Permission denied
/bin/bash: /scratch/r3clark/taeniamia_zosterophora/mkBAM/Tzo-CMvi_052-Ex1_L4_clmp.fp2_repr.ssl.Tzo-C-0402G-R1R2-contam-noisolate-RG.cvg: Permission denied
/bin/bash: /scratch/r3clark/taeniamia_zosterophora/mkBAM/Tzo-CMvi_053-Ex1_L4_clmp.fp2_repr.ssl.Tzo-C-0402G-R1R2-contam-noisolate-RG.cvg: Permission denied
/bin/bash: /scratch/r3clark/taeniamia_zosterophora/mkBAM/Tzo-CMvi_054-Ex1_L4_clmp.fp2_repr.ssl.Tzo-C-0402G-R1R2-contam-noisolate-RG.cvg: Permission denied
/bin/bash: /scratch/r3clark/taeniamia_zosterophora/mkBAM/Tzo-CMvi_057-Ex1_L4_clmp.fp2_repr.ssl.Tzo-C-0402G-R1R2-contam-noisolate-RG.cvg: Permission denied
/bin/bash: /scratch/r3clark/taeniamia_zosterophora/mkBAM/Tzo-CMvi_058-Ex1_L4_clmp.fp2_repr.ssl.Tzo-C-0402G-R1R2-contam-noisolate-RG.cvg: Permission denied
/bin/bash: /scratch/r3clark/taeniamia_zosterophora/mkBAM/Tzo-CMvi_061-Ex1_L4_clmp.fp2_repr.ssl.Tzo-C-0402G-R1R2-contam-noisolate-RG.cvg: Permission denied
/bin/bash: /scratch/r3clark/taeniamia_zosterophora/mkBAM/Tzo-CMvi_063-Ex1_L4_clmp.fp2_repr.ssl.Tzo-C-0402G-R1R2-contam-noisolate-RG.cvg: Permission denied
/bin/bash: /scratch/r3clark/taeniamia_zosterophora/mkBAM/Tzo-CMvi_064-Ex1_L4_clmp.fp2_repr.ssl.Tzo-C-0402G-R1R2-contam-noisolate-RG.cvg: Permission denied
/bin/bash: /scratch/r3clark/taeniamia_zosterophora/mkBAM/Tzo-CMvi_065-Ex1_L4_clmp.fp2_repr.ssl.Tzo-C-0402G-R1R2-contam-noisolate-RG.cvg: Permission denied
/bin/bash: /scratch/r3clark/taeniamia_zosterophora/mkBAM/Tzo-CMvi_066-Ex1_L4_clmp.fp2_repr.ssl.Tzo-C-0402G-R1R2-contam-noisolate-RG.cvg: Permission denied
/bin/bash: /scratch/r3clark/taeniamia_zosterophora/mkBAM/Tzo-CMvi_067-Ex1_L4_clmp.fp2_repr.ssl.Tzo-C-0402G-R1R2-contam-noisolate-RG.cvg: Permission denied
/bin/bash: /scratch/r3clark/taeniamia_zosterophora/mkBAM/Tzo-CMvi_068-Ex1_L4_clmp.fp2_repr.ssl.Tzo-C-0402G-R1R2-contam-noisolate-RG.cvg: Permission denied
/bin/bash: /scratch/r3clark/taeniamia_zosterophora/mkBAM/Tzo-CMvi_069-Ex1_L4_clmp.fp2_repr.ssl.Tzo-C-0402G-R1R2-contam-noisolate-RG.cvg: Permission denied
/bin/bash: /scratch/r3clark/taeniamia_zosterophora/mkBAM/Tzo-CMvi_070-Ex1_L4_clmp.fp2_repr.ssl.Tzo-C-0402G-R1R2-contam-noisolate-RG.cvg: Permission denied
/bin/bash: /scratch/r3clark/taeniamia_zosterophora/mkBAM/Tzo-CMvi_075-Ex1_L4_clmp.fp2_repr.ssl.Tzo-C-0402G-R1R2-contam-noisolate-RG.cvg: Permission denied
/bin/bash: /scratch/r3clark/taeniamia_zosterophora/mkBAM/Tzo-CMvi_076-Ex1_L4_clmp.fp2_repr.ssl.Tzo-C-0402G-R1R2-contam-noisolate-RG.cvg: Permission denied
/bin/bash: /scratch/r3clark/taeniamia_zosterophora/mkBAM/Tzo-CMvi_077-Ex1_L4_clmp.fp2_repr.ssl.Tzo-C-0402G-R1R2-contam-noisolate-RG.cvg: Permission denied
/bin/bash: /scratch/r3clark/taeniamia_zosterophora/mkBAM/Tzo-CMvi_078-Ex1_L4_clmp.fp2_repr.ssl.Tzo-C-0402G-R1R2-contam-noisolate-RG.cvg: Permission denied
/bin/bash: /scratch/r3clark/taeniamia_zosterophora/mkBAM/Tzo-CMvi_079-Ex1_L4_clmp.fp2_repr.ssl.Tzo-C-0402G-R1R2-contam-noisolate-RG.cvg: Permission denied
/bin/bash: /scratch/r3clark/taeniamia_zosterophora/mkBAM/Tzo-CMvi_081-Ex1_L4_clmp.fp2_repr.ssl.Tzo-C-0402G-R1R2-contam-noisolate-RG.cvg: Permission denied
/bin/bash: /scratch/r3clark/taeniamia_zosterophora/mkBAM/Tzo-CMvi_082-Ex1_L4_clmp.fp2_repr.ssl.Tzo-C-0402G-R1R2-contam-noisolate-RG.cvg: Permission denied
/bin/bash: /scratch/r3clark/taeniamia_zosterophora/mkBAM/Tzo-CMvi_083-Ex1_L4_clmp.fp2_repr.ssl.Tzo-C-0402G-R1R2-contam-noisolate-RG.cvg: Permission denied
/bin/bash: /scratch/r3clark/taeniamia_zosterophora/mkBAM/Tzo-CMvi_087-Ex1_L4_clmp.fp2_repr.ssl.Tzo-C-0402G-R1R2-contam-noisolate-RG.cvg: Permission denied
/bin/bash: /scratch/r3clark/taeniamia_zosterophora/mkBAM/Tzo-CMvi_088-Ex1_L4_clmp.fp2_repr.ssl.Tzo-C-0402G-R1R2-contam-noisolate-RG.cvg: Permission denied
/bin/bash: /scratch/r3clark/taeniamia_zosterophora/mkBAM/Tzo-CMvi_089-Ex1_L4_clmp.fp2_repr.ssl.Tzo-C-0402G-R1R2-contam-noisolate-RG.cvg: Permission denied
/bin/bash: /scratch/r3clark/taeniamia_zosterophora/mkBAM/Tzo-CMvi_090-Ex1_L4_clmp.fp2_repr.ssl.Tzo-C-0402G-R1R2-contam-noisolate-RG.cvg: Permission denied
/bin/bash: /scratch/r3clark/taeniamia_zosterophora/mkBAM/Tzo-CMvi_091-Ex1_L4_clmp.fp2_repr.ssl.Tzo-C-0402G-R1R2-contam-noisolate-RG.cvg: Permission denied
/bin/bash: /scratch/r3clark/taeniamia_zosterophora/mkBAM/Tzo-CMvi_094-Ex1_L4_clmp.fp2_repr.ssl.Tzo-C-0402G-R1R2-contam-noisolate-RG.cvg: Permission denied
Calculating summary stats
/var/spool/slurmd/job684844/slurm_script: line 90: /scratch/r3clark/taeniamia_zosterophora/mkBAM/out_Tzo_ReadStats.tsv: Permission denied

Summary Completed. Out file=/scratch/r3clark/taeniamia_zosterophora/mkBAM/out_Tzo_ReadStats.tsv
sed: can't read /scratch/r3clark/taeniamia_zosterophora/mkBAM/out_Tzo_ReadStats.tsv: No such file or directory

Processed files
/scratch/r3clark/taeniamia_zosterophora/mkBAM/Tzo-AMvi_001_Ex1_L4_clmp.fp2_repr.ssl.Tzo-C-0402G-R1R2-contam-noisolate-RG.bam
/scratch/r3clark/taeniamia_zosterophora/mkBAM/Tzo-AMvi_002_Ex1_L4_clmp.fp2_repr.ssl.Tzo-C-0402G-R1R2-contam-noisolate-RG.bam
/scratch/r3clark/taeniamia_zosterophora/mkBAM/Tzo-AMvi_003_Ex1_L4_clmp.fp2_repr.ssl.Tzo-C-0402G-R1R2-contam-noisolate-RG.bam
/scratch/r3clark/taeniamia_zosterophora/mkBAM/Tzo-AMvi_004_Ex1_L4_clmp.fp2_repr.ssl.Tzo-C-0402G-R1R2-contam-noisolate-RG.bam
/scratch/r3clark/taeniamia_zosterophora/mkBAM/Tzo-AMvi_005_Ex1_L4_clmp.fp2_repr.ssl.Tzo-C-0402G-R1R2-contam-noisolate-RG.bam
/scratch/r3clark/taeniamia_zosterophora/mkBAM/Tzo-AMvi_006_Ex1_L4_clmp.fp2_repr.ssl.Tzo-C-0402G-R1R2-contam-noisolate-RG.bam
/scratch/r3clark/taeniamia_zosterophora/mkBAM/Tzo-AMvi_007_Ex1_L4_clmp.fp2_repr.ssl.Tzo-C-0402G-R1R2-contam-noisolate-RG.bam
/scratch/r3clark/taeniamia_zosterophora/mkBAM/Tzo-AMvi_008_Ex1_L4_clmp.fp2_repr.ssl.Tzo-C-0402G-R1R2-contam-noisolate-RG.bam
/scratch/r3clark/taeniamia_zosterophora/mkBAM/Tzo-AMvi_009_Ex1_L4_clmp.fp2_repr.ssl.Tzo-C-0402G-R1R2-contam-noisolate-RG.bam
/scratch/r3clark/taeniamia_zosterophora/mkBAM/Tzo-AMvi_010_Ex1_L4_clmp.fp2_repr.ssl.Tzo-C-0402G-R1R2-contam-noisolate-RG.bam
/scratch/r3clark/taeniamia_zosterophora/mkBAM/Tzo-AMvi_011_Ex1_L4_clmp.fp2_repr.ssl.Tzo-C-0402G-R1R2-contam-noisolate-RG.bam
/scratch/r3clark/taeniamia_zosterophora/mkBAM/Tzo-AMvi_012_Ex1_L4_clmp.fp2_repr.ssl.Tzo-C-0402G-R1R2-contam-noisolate-RG.bam
/scratch/r3clark/taeniamia_zosterophora/mkBAM/Tzo-AMvi_013_Ex1_L4_clmp.fp2_repr.ssl.Tzo-C-0402G-R1R2-contam-noisolate-RG.bam
/scratch/r3clark/taeniamia_zosterophora/mkBAM/Tzo-AMvi_014_Ex1_L4_clmp.fp2_repr.ssl.Tzo-C-0402G-R1R2-contam-noisolate-RG.bam
/scratch/r3clark/taeniamia_zosterophora/mkBAM/Tzo-AMvi_015_Ex1_L4_clmp.fp2_repr.ssl.Tzo-C-0402G-R1R2-contam-noisolate-RG.bam
/scratch/r3clark/taeniamia_zosterophora/mkBAM/Tzo-AMvi_016_Ex1_L4_clmp.fp2_repr.ssl.Tzo-C-0402G-R1R2-contam-noisolate-RG.bam
/scratch/r3clark/taeniamia_zosterophora/mkBAM/Tzo-AMvi_017_Ex1_L4_clmp.fp2_repr.ssl.Tzo-C-0402G-R1R2-contam-noisolate-RG.bam
/scratch/r3clark/taeniamia_zosterophora/mkBAM/Tzo-AMvi_018_Ex1_L4_clmp.fp2_repr.ssl.Tzo-C-0402G-R1R2-contam-noisolate-RG.bam
/scratch/r3clark/taeniamia_zosterophora/mkBAM/Tzo-AMvi_019_Ex1_L4_clmp.fp2_repr.ssl.Tzo-C-0402G-R1R2-contam-noisolate-RG.bam
/scratch/r3clark/taeniamia_zosterophora/mkBAM/Tzo-AMvi_020_Ex1_L4_clmp.fp2_repr.ssl.Tzo-C-0402G-R1R2-contam-noisolate-RG.bam
/scratch/r3clark/taeniamia_zosterophora/mkBAM/Tzo-AMvi_021_Ex1_L4_clmp.fp2_repr.ssl.Tzo-C-0402G-R1R2-contam-noisolate-RG.bam
/scratch/r3clark/taeniamia_zosterophora/mkBAM/Tzo-AMvi_022_Ex1_L4_clmp.fp2_repr.ssl.Tzo-C-0402G-R1R2-contam-noisolate-RG.bam
/scratch/r3clark/taeniamia_zosterophora/mkBAM/Tzo-AMvi_023_Ex1_L4_clmp.fp2_repr.ssl.Tzo-C-0402G-R1R2-contam-noisolate-RG.bam
/scratch/r3clark/taeniamia_zosterophora/mkBAM/Tzo-AMvi_024_Ex1_L4_clmp.fp2_repr.ssl.Tzo-C-0402G-R1R2-contam-noisolate-RG.bam
/scratch/r3clark/taeniamia_zosterophora/mkBAM/Tzo-AMvi_025_Ex1_L4_clmp.fp2_repr.ssl.Tzo-C-0402G-R1R2-contam-noisolate-RG.bam
/scratch/r3clark/taeniamia_zosterophora/mkBAM/Tzo-AMvi_026_Ex1_L4_clmp.fp2_repr.ssl.Tzo-C-0402G-R1R2-contam-noisolate-RG.bam
/scratch/r3clark/taeniamia_zosterophora/mkBAM/Tzo-AMvi_027_Ex1_L4_clmp.fp2_repr.ssl.Tzo-C-0402G-R1R2-contam-noisolate-RG.bam
/scratch/r3clark/taeniamia_zosterophora/mkBAM/Tzo-AMvi_028_Ex1_L4_clmp.fp2_repr.ssl.Tzo-C-0402G-R1R2-contam-noisolate-RG.bam
/scratch/r3clark/taeniamia_zosterophora/mkBAM/Tzo-AMvi_029_Ex1_L4_clmp.fp2_repr.ssl.Tzo-C-0402G-R1R2-contam-noisolate-RG.bam
/scratch/r3clark/taeniamia_zosterophora/mkBAM/Tzo-AMvi_030_Ex1_L4_clmp.fp2_repr.ssl.Tzo-C-0402G-R1R2-contam-noisolate-RG.bam
/scratch/r3clark/taeniamia_zosterophora/mkBAM/Tzo-AMvi_031_Ex1_L4_clmp.fp2_repr.ssl.Tzo-C-0402G-R1R2-contam-noisolate-RG.bam
/scratch/r3clark/taeniamia_zosterophora/mkBAM/Tzo-AMvi_032_Ex1_L4_clmp.fp2_repr.ssl.Tzo-C-0402G-R1R2-contam-noisolate-RG.bam
/scratch/r3clark/taeniamia_zosterophora/mkBAM/Tzo-AMvi_033_Ex1_L4_clmp.fp2_repr.ssl.Tzo-C-0402G-R1R2-contam-noisolate-RG.bam
/scratch/r3clark/taeniamia_zosterophora/mkBAM/Tzo-AMvi_034_Ex1_L4_clmp.fp2_repr.ssl.Tzo-C-0402G-R1R2-contam-noisolate-RG.bam
/scratch/r3clark/taeniamia_zosterophora/mkBAM/Tzo-AMvi_035_Ex1_L4_clmp.fp2_repr.ssl.Tzo-C-0402G-R1R2-contam-noisolate-RG.bam
/scratch/r3clark/taeniamia_zosterophora/mkBAM/Tzo-AMvi_036_Ex1_L4_clmp.fp2_repr.ssl.Tzo-C-0402G-R1R2-contam-noisolate-RG.bam
/scratch/r3clark/taeniamia_zosterophora/mkBAM/Tzo-AMvi_037_Ex1_L4_clmp.fp2_repr.ssl.Tzo-C-0402G-R1R2-contam-noisolate-RG.bam
/scratch/r3clark/taeniamia_zosterophora/mkBAM/Tzo-AMvi_038_Ex1_L4_clmp.fp2_repr.ssl.Tzo-C-0402G-R1R2-contam-noisolate-RG.bam
/scratch/r3clark/taeniamia_zosterophora/mkBAM/Tzo-AMvi_039_Ex1_L4_clmp.fp2_repr.ssl.Tzo-C-0402G-R1R2-contam-noisolate-RG.bam
/scratch/r3clark/taeniamia_zosterophora/mkBAM/Tzo-AMvi_040_Ex1_L4_clmp.fp2_repr.ssl.Tzo-C-0402G-R1R2-contam-noisolate-RG.bam
/scratch/r3clark/taeniamia_zosterophora/mkBAM/Tzo-AMvi_041_Ex1_L4_clmp.fp2_repr.ssl.Tzo-C-0402G-R1R2-contam-noisolate-RG.bam
/scratch/r3clark/taeniamia_zosterophora/mkBAM/Tzo-AMvi_042_Ex1_L4_clmp.fp2_repr.ssl.Tzo-C-0402G-R1R2-contam-noisolate-RG.bam
/scratch/r3clark/taeniamia_zosterophora/mkBAM/Tzo-AMvi_044_Ex1_L4_clmp.fp2_repr.ssl.Tzo-C-0402G-R1R2-contam-noisolate-RG.bam
/scratch/r3clark/taeniamia_zosterophora/mkBAM/Tzo-AMvi_045_Ex1_L4_clmp.fp2_repr.ssl.Tzo-C-0402G-R1R2-contam-noisolate-RG.bam
/scratch/r3clark/taeniamia_zosterophora/mkBAM/Tzo-AMvi_046_Ex1_L4_clmp.fp2_repr.ssl.Tzo-C-0402G-R1R2-contam-noisolate-RG.bam
/scratch/r3clark/taeniamia_zosterophora/mkBAM/Tzo-AMvi_047_Ex1_L4_clmp.fp2_repr.ssl.Tzo-C-0402G-R1R2-contam-noisolate-RG.bam
/scratch/r3clark/taeniamia_zosterophora/mkBAM/Tzo-AMvi_048_Ex1_L4_clmp.fp2_repr.ssl.Tzo-C-0402G-R1R2-contam-noisolate-RG.bam
/scratch/r3clark/taeniamia_zosterophora/mkBAM/Tzo-CMvi_006-Ex1_L4_clmp.fp2_repr.ssl.Tzo-C-0402G-R1R2-contam-noisolate-RG.bam
/scratch/r3clark/taeniamia_zosterophora/mkBAM/Tzo-CMvi_007-Ex1_L4_clmp.fp2_repr.ssl.Tzo-C-0402G-R1R2-contam-noisolate-RG.bam
/scratch/r3clark/taeniamia_zosterophora/mkBAM/Tzo-CMvi_011-Ex1_L4_clmp.fp2_repr.ssl.Tzo-C-0402G-R1R2-contam-noisolate-RG.bam
/scratch/r3clark/taeniamia_zosterophora/mkBAM/Tzo-CMvi_012-Ex1_L4_clmp.fp2_repr.ssl.Tzo-C-0402G-R1R2-contam-noisolate-RG.bam
/scratch/r3clark/taeniamia_zosterophora/mkBAM/Tzo-CMvi_013-Ex1_L4_clmp.fp2_repr.ssl.Tzo-C-0402G-R1R2-contam-noisolate-RG.bam
/scratch/r3clark/taeniamia_zosterophora/mkBAM/Tzo-CMvi_015-Ex1_L4_clmp.fp2_repr.ssl.Tzo-C-0402G-R1R2-contam-noisolate-RG.bam
/scratch/r3clark/taeniamia_zosterophora/mkBAM/Tzo-CMvi_016-Ex1_L4_clmp.fp2_repr.ssl.Tzo-C-0402G-R1R2-contam-noisolate-RG.bam
/scratch/r3clark/taeniamia_zosterophora/mkBAM/Tzo-CMvi_018-Ex1_L4_clmp.fp2_repr.ssl.Tzo-C-0402G-R1R2-contam-noisolate-RG.bam
/scratch/r3clark/taeniamia_zosterophora/mkBAM/Tzo-CMvi_020-Ex1_L4_clmp.fp2_repr.ssl.Tzo-C-0402G-R1R2-contam-noisolate-RG.bam
/scratch/r3clark/taeniamia_zosterophora/mkBAM/Tzo-CMvi_027-Ex1_L4_clmp.fp2_repr.ssl.Tzo-C-0402G-R1R2-contam-noisolate-RG.bam
/scratch/r3clark/taeniamia_zosterophora/mkBAM/Tzo-CMvi_029-Ex1_L4_clmp.fp2_repr.ssl.Tzo-C-0402G-R1R2-contam-noisolate-RG.bam
/scratch/r3clark/taeniamia_zosterophora/mkBAM/Tzo-CMvi_030-Ex1_L4_clmp.fp2_repr.ssl.Tzo-C-0402G-R1R2-contam-noisolate-RG.bam
/scratch/r3clark/taeniamia_zosterophora/mkBAM/Tzo-CMvi_031-Ex1_L4_clmp.fp2_repr.ssl.Tzo-C-0402G-R1R2-contam-noisolate-RG.bam
/scratch/r3clark/taeniamia_zosterophora/mkBAM/Tzo-CMvi_033-Ex1_L4_clmp.fp2_repr.ssl.Tzo-C-0402G-R1R2-contam-noisolate-RG.bam
/scratch/r3clark/taeniamia_zosterophora/mkBAM/Tzo-CMvi_035-Ex1_L4_clmp.fp2_repr.ssl.Tzo-C-0402G-R1R2-contam-noisolate-RG.bam
/scratch/r3clark/taeniamia_zosterophora/mkBAM/Tzo-CMvi_038-Ex1_L4_clmp.fp2_repr.ssl.Tzo-C-0402G-R1R2-contam-noisolate-RG.bam
/scratch/r3clark/taeniamia_zosterophora/mkBAM/Tzo-CMvi_040-Ex1_L4_clmp.fp2_repr.ssl.Tzo-C-0402G-R1R2-contam-noisolate-RG.bam
/scratch/r3clark/taeniamia_zosterophora/mkBAM/Tzo-CMvi_041-Ex1_L4_clmp.fp2_repr.ssl.Tzo-C-0402G-R1R2-contam-noisolate-RG.bam
/scratch/r3clark/taeniamia_zosterophora/mkBAM/Tzo-CMvi_042-Ex1_L4_clmp.fp2_repr.ssl.Tzo-C-0402G-R1R2-contam-noisolate-RG.bam
/scratch/r3clark/taeniamia_zosterophora/mkBAM/Tzo-CMvi_044-Ex1_L4_clmp.fp2_repr.ssl.Tzo-C-0402G-R1R2-contam-noisolate-RG.bam
/scratch/r3clark/taeniamia_zosterophora/mkBAM/Tzo-CMvi_045-Ex1_L4_clmp.fp2_repr.ssl.Tzo-C-0402G-R1R2-contam-noisolate-RG.bam
/scratch/r3clark/taeniamia_zosterophora/mkBAM/Tzo-CMvi_046-Ex1_L4_clmp.fp2_repr.ssl.Tzo-C-0402G-R1R2-contam-noisolate-RG.bam
/scratch/r3clark/taeniamia_zosterophora/mkBAM/Tzo-CMvi_047-Ex1_L4_clmp.fp2_repr.ssl.Tzo-C-0402G-R1R2-contam-noisolate-RG.bam
/scratch/r3clark/taeniamia_zosterophora/mkBAM/Tzo-CMvi_048-Ex1_L4_clmp.fp2_repr.ssl.Tzo-C-0402G-R1R2-contam-noisolate-RG.bam
/scratch/r3clark/taeniamia_zosterophora/mkBAM/Tzo-CMvi_049-Ex1_L4_clmp.fp2_repr.ssl.Tzo-C-0402G-R1R2-contam-noisolate-RG.bam
/scratch/r3clark/taeniamia_zosterophora/mkBAM/Tzo-CMvi_050-Ex1_L4_clmp.fp2_repr.ssl.Tzo-C-0402G-R1R2-contam-noisolate-RG.bam
/scratch/r3clark/taeniamia_zosterophora/mkBAM/Tzo-CMvi_051-Ex1_L4_clmp.fp2_repr.ssl.Tzo-C-0402G-R1R2-contam-noisolate-RG.bam
/scratch/r3clark/taeniamia_zosterophora/mkBAM/Tzo-CMvi_052-Ex1_L4_clmp.fp2_repr.ssl.Tzo-C-0402G-R1R2-contam-noisolate-RG.bam
/scratch/r3clark/taeniamia_zosterophora/mkBAM/Tzo-CMvi_053-Ex1_L4_clmp.fp2_repr.ssl.Tzo-C-0402G-R1R2-contam-noisolate-RG.bam
/scratch/r3clark/taeniamia_zosterophora/mkBAM/Tzo-CMvi_054-Ex1_L4_clmp.fp2_repr.ssl.Tzo-C-0402G-R1R2-contam-noisolate-RG.bam
/scratch/r3clark/taeniamia_zosterophora/mkBAM/Tzo-CMvi_057-Ex1_L4_clmp.fp2_repr.ssl.Tzo-C-0402G-R1R2-contam-noisolate-RG.bam
/scratch/r3clark/taeniamia_zosterophora/mkBAM/Tzo-CMvi_058-Ex1_L4_clmp.fp2_repr.ssl.Tzo-C-0402G-R1R2-contam-noisolate-RG.bam
/scratch/r3clark/taeniamia_zosterophora/mkBAM/Tzo-CMvi_061-Ex1_L4_clmp.fp2_repr.ssl.Tzo-C-0402G-R1R2-contam-noisolate-RG.bam
/scratch/r3clark/taeniamia_zosterophora/mkBAM/Tzo-CMvi_063-Ex1_L4_clmp.fp2_repr.ssl.Tzo-C-0402G-R1R2-contam-noisolate-RG.bam
/scratch/r3clark/taeniamia_zosterophora/mkBAM/Tzo-CMvi_064-Ex1_L4_clmp.fp2_repr.ssl.Tzo-C-0402G-R1R2-contam-noisolate-RG.bam
/scratch/r3clark/taeniamia_zosterophora/mkBAM/Tzo-CMvi_065-Ex1_L4_clmp.fp2_repr.ssl.Tzo-C-0402G-R1R2-contam-noisolate-RG.bam
/scratch/r3clark/taeniamia_zosterophora/mkBAM/Tzo-CMvi_066-Ex1_L4_clmp.fp2_repr.ssl.Tzo-C-0402G-R1R2-contam-noisolate-RG.bam
/scratch/r3clark/taeniamia_zosterophora/mkBAM/Tzo-CMvi_067-Ex1_L4_clmp.fp2_repr.ssl.Tzo-C-0402G-R1R2-contam-noisolate-RG.bam
/scratch/r3clark/taeniamia_zosterophora/mkBAM/Tzo-CMvi_068-Ex1_L4_clmp.fp2_repr.ssl.Tzo-C-0402G-R1R2-contam-noisolate-RG.bam
/scratch/r3clark/taeniamia_zosterophora/mkBAM/Tzo-CMvi_069-Ex1_L4_clmp.fp2_repr.ssl.Tzo-C-0402G-R1R2-contam-noisolate-RG.bam
/scratch/r3clark/taeniamia_zosterophora/mkBAM/Tzo-CMvi_070-Ex1_L4_clmp.fp2_repr.ssl.Tzo-C-0402G-R1R2-contam-noisolate-RG.bam
/scratch/r3clark/taeniamia_zosterophora/mkBAM/Tzo-CMvi_075-Ex1_L4_clmp.fp2_repr.ssl.Tzo-C-0402G-R1R2-contam-noisolate-RG.bam
/scratch/r3clark/taeniamia_zosterophora/mkBAM/Tzo-CMvi_076-Ex1_L4_clmp.fp2_repr.ssl.Tzo-C-0402G-R1R2-contam-noisolate-RG.bam
/scratch/r3clark/taeniamia_zosterophora/mkBAM/Tzo-CMvi_077-Ex1_L4_clmp.fp2_repr.ssl.Tzo-C-0402G-R1R2-contam-noisolate-RG.bam
/scratch/r3clark/taeniamia_zosterophora/mkBAM/Tzo-CMvi_078-Ex1_L4_clmp.fp2_repr.ssl.Tzo-C-0402G-R1R2-contam-noisolate-RG.bam
/scratch/r3clark/taeniamia_zosterophora/mkBAM/Tzo-CMvi_079-Ex1_L4_clmp.fp2_repr.ssl.Tzo-C-0402G-R1R2-contam-noisolate-RG.bam
/scratch/r3clark/taeniamia_zosterophora/mkBAM/Tzo-CMvi_081-Ex1_L4_clmp.fp2_repr.ssl.Tzo-C-0402G-R1R2-contam-noisolate-RG.bam
/scratch/r3clark/taeniamia_zosterophora/mkBAM/Tzo-CMvi_082-Ex1_L4_clmp.fp2_repr.ssl.Tzo-C-0402G-R1R2-contam-noisolate-RG.bam
/scratch/r3clark/taeniamia_zosterophora/mkBAM/Tzo-CMvi_083-Ex1_L4_clmp.fp2_repr.ssl.Tzo-C-0402G-R1R2-contam-noisolate-RG.bam
/scratch/r3clark/taeniamia_zosterophora/mkBAM/Tzo-CMvi_087-Ex1_L4_clmp.fp2_repr.ssl.Tzo-C-0402G-R1R2-contam-noisolate-RG.bam
/scratch/r3clark/taeniamia_zosterophora/mkBAM/Tzo-CMvi_088-Ex1_L4_clmp.fp2_repr.ssl.Tzo-C-0402G-R1R2-contam-noisolate-RG.bam
/scratch/r3clark/taeniamia_zosterophora/mkBAM/Tzo-CMvi_089-Ex1_L4_clmp.fp2_repr.ssl.Tzo-C-0402G-R1R2-contam-noisolate-RG.bam
/scratch/r3clark/taeniamia_zosterophora/mkBAM/Tzo-CMvi_090-Ex1_L4_clmp.fp2_repr.ssl.Tzo-C-0402G-R1R2-contam-noisolate-RG.bam
/scratch/r3clark/taeniamia_zosterophora/mkBAM/Tzo-CMvi_091-Ex1_L4_clmp.fp2_repr.ssl.Tzo-C-0402G-R1R2-contam-noisolate-RG.bam
/scratch/r3clark/taeniamia_zosterophora/mkBAM/Tzo-CMvi_094-Ex1_L4_clmp.fp2_repr.ssl.Tzo-C-0402G-R1R2-contam-noisolate-RG.bam
