[M::bwa_idx_load_from_disk] read 0 ALT contigs
[M::process] read 2815600 sequences (218871311 bp)...
[M::mem_pestat] # candidate unique pairs for (FF, FR, RF, RR): (7, 424043, 7, 14)
[M::mem_pestat] skip orientation FF as there are not enough pairs
[M::mem_pestat] analyzing insert size distribution for orientation FR...
[M::mem_pestat] (25, 50, 75) percentile: (51, 66, 81)
[M::mem_pestat] low and high boundaries for computing mean and std.dev: (1, 141)
[M::mem_pestat] mean and std.dev: (67.01, 21.96)
[M::mem_pestat] low and high boundaries for proper pairs: (1, 171)
[M::mem_pestat] skip orientation RF as there are not enough pairs
[M::mem_pestat] analyzing insert size distribution for orientation RR...
[M::mem_pestat] (25, 50, 75) percentile: (32, 57, 112)
[M::mem_pestat] low and high boundaries for computing mean and std.dev: (1, 272)
[M::mem_pestat] mean and std.dev: (48.45, 24.60)
[M::mem_pestat] low and high boundaries for proper pairs: (1, 352)
[M::mem_pestat] skip orientation RR
[M::mem_process_seqs] Processed 2815600 reads in 764.168 CPU sec, 45.737 real sec
[main] Version: 0.7.17-r1188
[main] CMD: bwa mem -L 5 -t 40 -a -M -T 24 -A 1 -B 4 -O 6 -R @RG\tID:Sgr-AMvi_074-Ex1-cssl.clmp.fp2_repr\tSM:Sgr-AMvi_074-Ex1-cssl.clmp.fp2_repr\tPL:Illumina reference.ssl.Sgr-libC.fasta Sgr-AMvi_074-Ex1-cssl.clmp.fp2_repr.R1.fq.gz Sgr-AMvi_074-Ex1-cssl.clmp.fp2_repr.R2.fq.gz
[main] Real time: 59.268 sec; CPU: 775.259 sec
