[M::bwa_idx_load_from_disk] read 0 ALT contigs
[M::process] read 5157934 sequences (400000064 bp)...
[M::process] read 785868 sequences (61851782 bp)...
[M::mem_pestat] # candidate unique pairs for (FF, FR, RF, RR): (17, 811152, 5, 39)
[M::mem_pestat] analyzing insert size distribution for orientation FF...
[M::mem_pestat] (25, 50, 75) percentile: (23, 35, 50)
[M::mem_pestat] low and high boundaries for computing mean and std.dev: (1, 104)
[M::mem_pestat] mean and std.dev: (34.60, 12.11)
[M::mem_pestat] low and high boundaries for proper pairs: (1, 131)
[M::mem_pestat] analyzing insert size distribution for orientation FR...
[M::mem_pestat] (25, 50, 75) percentile: (52, 67, 82)
[M::mem_pestat] low and high boundaries for computing mean and std.dev: (1, 142)
[M::mem_pestat] mean and std.dev: (67.59, 21.96)
[M::mem_pestat] low and high boundaries for proper pairs: (1, 172)
[M::mem_pestat] skip orientation RF as there are not enough pairs
[M::mem_pestat] analyzing insert size distribution for orientation RR...
[M::mem_pestat] (25, 50, 75) percentile: (29, 39, 50)
[M::mem_pestat] low and high boundaries for computing mean and std.dev: (1, 92)
[M::mem_pestat] mean and std.dev: (40.54, 17.54)
[M::mem_pestat] low and high boundaries for proper pairs: (1, 113)
[M::mem_pestat] skip orientation FF
[M::mem_pestat] skip orientation RR
[M::mem_process_seqs] Processed 5157934 reads in 1384.694 CPU sec, 77.438 real sec
[M::mem_pestat] # candidate unique pairs for (FF, FR, RF, RR): (3, 121451, 0, 4)
[M::mem_pestat] skip orientation FF as there are not enough pairs
[M::mem_pestat] analyzing insert size distribution for orientation FR...
[M::mem_pestat] (25, 50, 75) percentile: (52, 67, 82)
[M::mem_pestat] low and high boundaries for computing mean and std.dev: (1, 142)
[M::mem_pestat] mean and std.dev: (67.73, 22.00)
[M::mem_pestat] low and high boundaries for proper pairs: (1, 172)
[M::mem_pestat] skip orientation RF as there are not enough pairs
[M::mem_pestat] skip orientation RR as there are not enough pairs
[M::mem_process_seqs] Processed 785868 reads in 220.504 CPU sec, 7.760 real sec
[main] Version: 0.7.17-r1188
[main] CMD: bwa mem -L 5 -t 40 -a -M -T 24 -A 1 -B 4 -O 6 -R @RG\tID:Sgr-AMvi_061-Ex1-cssl.clmp.fp2_repr\tSM:Sgr-AMvi_061-Ex1-cssl.clmp.fp2_repr\tPL:Illumina reference.ssl.Sgr-libC.fasta Sgr-AMvi_061-Ex1-cssl.clmp.fp2_repr.R1.fq.gz Sgr-AMvi_061-Ex1-cssl.clmp.fp2_repr.R2.fq.gz
[main] Real time: 107.024 sec; CPU: 1626.774 sec
