[M::bwa_idx_load_from_disk] read 0 ALT contigs
[M::process] read 3968328 sequences (400000070 bp)...
[M::mem_pestat] # candidate unique pairs for (FF, FR, RF, RR): (122, 459651, 22, 123)
[M::mem_pestat] analyzing insert size distribution for orientation FF...
[M::mem_pestat] (25, 50, 75) percentile: (31, 50, 79)
[M::mem_pestat] low and high boundaries for computing mean and std.dev: (1, 175)
[M::mem_pestat] mean and std.dev: (54.33, 39.40)
[M::mem_pestat] low and high boundaries for proper pairs: (1, 223)
[M::mem_pestat] analyzing insert size distribution for orientation FR...
[M::mem_pestat] (25, 50, 75) percentile: (57, 76, 98)
[M::mem_pestat] low and high boundaries for computing mean and std.dev: (1, 180)
[M::mem_pestat] mean and std.dev: (78.45, 30.34)
[M::mem_pestat] low and high boundaries for proper pairs: (1, 221)
[M::mem_pestat] analyzing insert size distribution for orientation RF...
[M::mem_pestat] (25, 50, 75) percentile: (31, 165, 190)
[M::mem_pestat] low and high boundaries for computing mean and std.dev: (1, 508)
[M::mem_pestat] mean and std.dev: (114.45, 81.04)
[M::mem_pestat] low and high boundaries for proper pairs: (1, 667)
[M::mem_pestat] analyzing insert size distribution for orientation RR...
[M::mem_pestat] (25, 50, 75) percentile: (27, 45, 70)
[M::mem_pestat] low and high boundaries for computing mean and std.dev: (1, 156)
[M::mem_pestat] mean and std.dev: (46.83, 30.26)
[M::mem_pestat] low and high boundaries for proper pairs: (1, 199)
[M::mem_pestat] skip orientation FF
[M::mem_pestat] skip orientation RF
[M::mem_pestat] skip orientation RR
[M::mem_process_seqs] Processed 3968328 reads in 1251.063 CPU sec, 67.771 real sec
[M::process] read 3256390 sequences (337893175 bp)...
[M::mem_pestat] # candidate unique pairs for (FF, FR, RF, RR): (76, 347301, 17, 81)
[M::mem_pestat] analyzing insert size distribution for orientation FF...
[M::mem_pestat] (25, 50, 75) percentile: (32, 46, 79)
[M::mem_pestat] low and high boundaries for computing mean and std.dev: (1, 173)
[M::mem_pestat] mean and std.dev: (50.41, 30.77)
[M::mem_pestat] low and high boundaries for proper pairs: (1, 220)
[M::mem_pestat] analyzing insert size distribution for orientation FR...
[M::mem_pestat] (25, 50, 75) percentile: (57, 77, 98)
[M::mem_pestat] low and high boundaries for computing mean and std.dev: (1, 180)
[M::mem_pestat] mean and std.dev: (78.90, 30.66)
[M::mem_pestat] low and high boundaries for proper pairs: (1, 221)
[M::mem_pestat] analyzing insert size distribution for orientation RF...
[M::mem_pestat] (25, 50, 75) percentile: (113, 165, 192)
[M::mem_pestat] low and high boundaries for computing mean and std.dev: (1, 350)
[M::mem_pestat] mean and std.dev: (136.13, 58.88)
[M::mem_pestat] low and high boundaries for proper pairs: (1, 429)
[M::mem_pestat] analyzing insert size distribution for orientation RR...
[M::mem_pestat] (25, 50, 75) percentile: (20, 39, 69)
[M::mem_pestat] low and high boundaries for computing mean and std.dev: (1, 167)
[M::mem_pestat] mean and std.dev: (44.83, 31.09)
[M::mem_pestat] low and high boundaries for proper pairs: (1, 216)
[M::mem_pestat] skip orientation FF
[M::mem_pestat] skip orientation RF
[M::mem_pestat] skip orientation RR
[M::mem_process_seqs] Processed 3256390 reads in 1025.314 CPU sec, 38.850 real sec
[main] Version: 0.7.17-r1188
[main] CMD: bwa mem -L 5 -t 40 -a -M -T 24 -A 1 -B 4 -O 6 -R @RG\tID:Sgr-AMvi_011-Ex1-cssl.clmp.fp2_repr\tSM:Sgr-AMvi_011-Ex1-cssl.clmp.fp2_repr\tPL:Illumina reference.ssl.Sgr-libC.fasta Sgr-AMvi_011-Ex1-cssl.clmp.fp2_repr.R1.fq.gz Sgr-AMvi_011-Ex1-cssl.clmp.fp2_repr.R2.fq.gz
[main] Real time: 129.978 sec; CPU: 2303.018 sec
