[M::bwa_idx_load_from_disk] read 0 ALT contigs
[M::process] read 4475628 sequences (378837354 bp)...
[M::mem_pestat] # candidate unique pairs for (FF, FR, RF, RR): (24, 656329, 6, 34)
[M::mem_pestat] analyzing insert size distribution for orientation FF...
[M::mem_pestat] (25, 50, 75) percentile: (29, 48, 59)
[M::mem_pestat] low and high boundaries for computing mean and std.dev: (1, 119)
[M::mem_pestat] mean and std.dev: (44.73, 22.13)
[M::mem_pestat] low and high boundaries for proper pairs: (1, 149)
[M::mem_pestat] analyzing insert size distribution for orientation FR...
[M::mem_pestat] (25, 50, 75) percentile: (55, 72, 89)
[M::mem_pestat] low and high boundaries for computing mean and std.dev: (1, 157)
[M::mem_pestat] mean and std.dev: (72.75, 24.88)
[M::mem_pestat] low and high boundaries for proper pairs: (1, 191)
[M::mem_pestat] skip orientation RF as there are not enough pairs
[M::mem_pestat] analyzing insert size distribution for orientation RR...
[M::mem_pestat] (25, 50, 75) percentile: (28, 43, 53)
[M::mem_pestat] low and high boundaries for computing mean and std.dev: (1, 103)
[M::mem_pestat] mean and std.dev: (44.82, 20.13)
[M::mem_pestat] low and high boundaries for proper pairs: (1, 128)
[M::mem_pestat] skip orientation FF
[M::mem_pestat] skip orientation RR
[M::mem_process_seqs] Processed 4475628 reads in 1411.666 CPU sec, 81.121 real sec
[main] Version: 0.7.17-r1188
[main] CMD: bwa mem -L 5 -t 40 -a -M -T 24 -A 1 -B 4 -O 6 -R @RG\tID:Sgr-AMvi_068-Ex1-cssl.clmp.fp2_repr\tSM:Sgr-AMvi_068-Ex1-cssl.clmp.fp2_repr\tPL:Illumina reference.ssl.Sgr-libC.fasta Sgr-AMvi_068-Ex1-cssl.clmp.fp2_repr.R1.fq.gz Sgr-AMvi_068-Ex1-cssl.clmp.fp2_repr.R2.fq.gz
[main] Real time: 101.233 sec; CPU: 1429.873 sec
