[M::bwa_idx_load_from_disk] read 0 ALT contigs
[M::process] read 4453234 sequences (359667179 bp)...
[M::mem_pestat] # candidate unique pairs for (FF, FR, RF, RR): (53, 603818, 14, 80)
[M::mem_pestat] analyzing insert size distribution for orientation FF...
[M::mem_pestat] (25, 50, 75) percentile: (24, 35, 45)
[M::mem_pestat] low and high boundaries for computing mean and std.dev: (1, 87)
[M::mem_pestat] mean and std.dev: (34.31, 13.28)
[M::mem_pestat] low and high boundaries for proper pairs: (1, 108)
[M::mem_pestat] analyzing insert size distribution for orientation FR...
[M::mem_pestat] (25, 50, 75) percentile: (52, 68, 83)
[M::mem_pestat] low and high boundaries for computing mean and std.dev: (1, 145)
[M::mem_pestat] mean and std.dev: (68.24, 23.15)
[M::mem_pestat] low and high boundaries for proper pairs: (1, 176)
[M::mem_pestat] analyzing insert size distribution for orientation RF...
[M::mem_pestat] (25, 50, 75) percentile: (39, 137, 191)
[M::mem_pestat] low and high boundaries for computing mean and std.dev: (1, 495)
[M::mem_pestat] mean and std.dev: (120.31, 108.65)
[M::mem_pestat] low and high boundaries for proper pairs: (1, 647)
[M::mem_pestat] analyzing insert size distribution for orientation RR...
[M::mem_pestat] (25, 50, 75) percentile: (33, 42, 56)
[M::mem_pestat] low and high boundaries for computing mean and std.dev: (1, 102)
[M::mem_pestat] mean and std.dev: (43.35, 15.57)
[M::mem_pestat] low and high boundaries for proper pairs: (1, 125)
[M::mem_pestat] skip orientation FF
[M::mem_pestat] skip orientation RF
[M::mem_pestat] skip orientation RR
[M::mem_process_seqs] Processed 4453234 reads in 1324.244 CPU sec, 76.651 real sec
[main] Version: 0.7.17-r1188
[main] CMD: bwa mem -L 5 -t 40 -a -M -T 24 -A 1 -B 4 -O 6 -R @RG\tID:Sgr-AMvi_062-Ex1-cssl.clmp.fp2_repr\tSM:Sgr-AMvi_062-Ex1-cssl.clmp.fp2_repr\tPL:Illumina reference.ssl.Sgr-libC.fasta Sgr-AMvi_062-Ex1-cssl.clmp.fp2_repr.R1.fq.gz Sgr-AMvi_062-Ex1-cssl.clmp.fp2_repr.R2.fq.gz
[main] Real time: 96.257 sec; CPU: 1341.999 sec
