[M::bwa_idx_load_from_disk] read 0 ALT contigs
[M::process] read 4536198 sequences (400000028 bp)...
[M::mem_pestat] # candidate unique pairs for (FF, FR, RF, RR): (30, 688367, 15, 44)
[M::mem_pestat] analyzing insert size distribution for orientation FF...
[M::mem_pestat] (25, 50, 75) percentile: (31, 42, 78)
[M::mem_pestat] low and high boundaries for computing mean and std.dev: (1, 172)
[M::mem_pestat] mean and std.dev: (46.42, 24.81)
[M::mem_pestat] low and high boundaries for proper pairs: (1, 219)
[M::mem_pestat] analyzing insert size distribution for orientation FR...
[M::mem_pestat] (25, 50, 75) percentile: (56, 74, 92)
[M::mem_pestat] low and high boundaries for computing mean and std.dev: (1, 164)
[M::mem_pestat] mean and std.dev: (74.95, 27.21)
[M::mem_pestat] low and high boundaries for proper pairs: (1, 200)
[M::mem_pestat] analyzing insert size distribution for orientation RF...
[M::mem_pestat] (25, 50, 75) percentile: (38, 51, 438)
[M::mem_pestat] low and high boundaries for computing mean and std.dev: (1, 1238)
[M::mem_pestat] mean and std.dev: (146.31, 195.48)
[M::mem_pestat] low and high boundaries for proper pairs: (1, 1638)
[M::mem_pestat] analyzing insert size distribution for orientation RR...
[M::mem_pestat] (25, 50, 75) percentile: (22, 34, 59)
[M::mem_pestat] low and high boundaries for computing mean and std.dev: (1, 133)
[M::mem_pestat] mean and std.dev: (34.50, 19.71)
[M::mem_pestat] low and high boundaries for proper pairs: (1, 170)
[M::mem_pestat] skip orientation FF
[M::mem_pestat] skip orientation RF
[M::mem_pestat] skip orientation RR
[M::mem_process_seqs] Processed 4536198 reads in 1512.528 CPU sec, 81.325 real sec
[M::process] read 4468274 sequences (400000002 bp)...
[M::process] read 1017244 sequences (89960384 bp)...
[M::mem_pestat] # candidate unique pairs for (FF, FR, RF, RR): (41, 655215, 14, 48)
[M::mem_pestat] analyzing insert size distribution for orientation FF...
[M::mem_pestat] (25, 50, 75) percentile: (24, 34, 52)
[M::mem_pestat] low and high boundaries for computing mean and std.dev: (1, 108)
[M::mem_pestat] mean and std.dev: (31.91, 18.75)
[M::mem_pestat] low and high boundaries for proper pairs: (1, 136)
[M::mem_pestat] analyzing insert size distribution for orientation FR...
[M::mem_pestat] (25, 50, 75) percentile: (56, 74, 93)
[M::mem_pestat] low and high boundaries for computing mean and std.dev: (1, 167)
[M::mem_pestat] mean and std.dev: (75.11, 27.49)
[M::mem_pestat] low and high boundaries for proper pairs: (1, 204)
[M::mem_pestat] analyzing insert size distribution for orientation RF...
[M::mem_pestat] (25, 50, 75) percentile: (27, 32, 40)
[M::mem_pestat] low and high boundaries for computing mean and std.dev: (1, 66)
[M::mem_pestat] mean and std.dev: (31.62, 9.80)
[M::mem_pestat] low and high boundaries for proper pairs: (1, 79)
[M::mem_pestat] analyzing insert size distribution for orientation RR...
[M::mem_pestat] (25, 50, 75) percentile: (24, 48, 106)
[M::mem_pestat] low and high boundaries for computing mean and std.dev: (1, 270)
[M::mem_pestat] mean and std.dev: (39.89, 28.24)
[M::mem_pestat] low and high boundaries for proper pairs: (1, 352)
[M::mem_pestat] skip orientation FF
[M::mem_pestat] skip orientation RF
[M::mem_pestat] skip orientation RR
[M::mem_process_seqs] Processed 4468274 reads in 1454.715 CPU sec, 65.958 real sec
[M::mem_pestat] # candidate unique pairs for (FF, FR, RF, RR): (8, 154955, 1, 7)
[M::mem_pestat] skip orientation FF as there are not enough pairs
[M::mem_pestat] analyzing insert size distribution for orientation FR...
[M::mem_pestat] (25, 50, 75) percentile: (56, 74, 92)
[M::mem_pestat] low and high boundaries for computing mean and std.dev: (1, 164)
[M::mem_pestat] mean and std.dev: (74.88, 27.18)
[M::mem_pestat] low and high boundaries for proper pairs: (1, 200)
[M::mem_pestat] skip orientation RF as there are not enough pairs
[M::mem_pestat] skip orientation RR as there are not enough pairs
[M::mem_process_seqs] Processed 1017244 reads in 338.651 CPU sec, 11.750 real sec
[main] Version: 0.7.17-r1188
[main] CMD: bwa mem -L 5 -t 40 -a -M -T 24 -A 1 -B 4 -O 6 -R @RG\tID:Sgr-AJol_056-Ex1-cssl.clmp.fp2_repr\tSM:Sgr-AJol_056-Ex1-cssl.clmp.fp2_repr\tPL:Illumina reference.ssl.Sgr-libC.fasta Sgr-AJol_056-Ex1-cssl.clmp.fp2_repr.R1.fq.gz Sgr-AJol_056-Ex1-cssl.clmp.fp2_repr.R2.fq.gz
[main] Real time: 185.715 sec; CPU: 3338.260 sec
