[M::bwa_idx_load_from_disk] read 0 ALT contigs
[M::process] read 4028518 sequences (400000179 bp)...
[M::mem_pestat] # candidate unique pairs for (FF, FR, RF, RR): (98, 416067, 58, 82)
[M::mem_pestat] analyzing insert size distribution for orientation FF...
[M::mem_pestat] (25, 50, 75) percentile: (29, 52, 63)
[M::mem_pestat] low and high boundaries for computing mean and std.dev: (1, 131)
[M::mem_pestat] mean and std.dev: (49.66, 24.26)
[M::mem_pestat] low and high boundaries for proper pairs: (1, 165)
[M::mem_pestat] analyzing insert size distribution for orientation FR...
[M::mem_pestat] (25, 50, 75) percentile: (55, 75, 96)
[M::mem_pestat] low and high boundaries for computing mean and std.dev: (1, 178)
[M::mem_pestat] mean and std.dev: (77.38, 29.89)
[M::mem_pestat] low and high boundaries for proper pairs: (1, 219)
[M::mem_pestat] analyzing insert size distribution for orientation RF...
[M::mem_pestat] (25, 50, 75) percentile: (120, 127, 198)
[M::mem_pestat] low and high boundaries for computing mean and std.dev: (1, 354)
[M::mem_pestat] mean and std.dev: (140.95, 55.79)
[M::mem_pestat] low and high boundaries for proper pairs: (1, 432)
[M::mem_pestat] analyzing insert size distribution for orientation RR...
[M::mem_pestat] (25, 50, 75) percentile: (36, 56, 68)
[M::mem_pestat] low and high boundaries for computing mean and std.dev: (1, 132)
[M::mem_pestat] mean and std.dev: (51.64, 24.46)
[M::mem_pestat] low and high boundaries for proper pairs: (1, 164)
[M::mem_pestat] skip orientation FF
[M::mem_pestat] skip orientation RF
[M::mem_pestat] skip orientation RR
[M::mem_process_seqs] Processed 4028518 reads in 1781.443 CPU sec, 106.148 real sec
[M::process] read 3746516 sequences (400000180 bp)...
[M::process] read 3407142 sequences (400000264 bp)...
[M::mem_pestat] # candidate unique pairs for (FF, FR, RF, RR): (59, 380310, 80, 40)
[M::mem_pestat] analyzing insert size distribution for orientation FF...
[M::mem_pestat] (25, 50, 75) percentile: (25, 39, 68)
[M::mem_pestat] low and high boundaries for computing mean and std.dev: (1, 154)
[M::mem_pestat] mean and std.dev: (48.21, 36.84)
[M::mem_pestat] low and high boundaries for proper pairs: (1, 197)
[M::mem_pestat] analyzing insert size distribution for orientation FR...
[M::mem_pestat] (25, 50, 75) percentile: (59, 77, 96)
[M::mem_pestat] low and high boundaries for computing mean and std.dev: (1, 170)
[M::mem_pestat] mean and std.dev: (77.97, 26.45)
[M::mem_pestat] low and high boundaries for proper pairs: (1, 207)
[M::mem_pestat] analyzing insert size distribution for orientation RF...
[M::mem_pestat] (25, 50, 75) percentile: (120, 120, 136)
[M::mem_pestat] low and high boundaries for computing mean and std.dev: (88, 168)
[M::mem_pestat] mean and std.dev: (122.10, 9.15)
[M::mem_pestat] low and high boundaries for proper pairs: (72, 184)
[M::mem_pestat] analyzing insert size distribution for orientation RR...
[M::mem_pestat] (25, 50, 75) percentile: (29, 41, 78)
[M::mem_pestat] low and high boundaries for computing mean and std.dev: (1, 176)
[M::mem_pestat] mean and std.dev: (49.05, 34.64)
[M::mem_pestat] low and high boundaries for proper pairs: (1, 225)
[M::mem_pestat] skip orientation FF
[M::mem_pestat] skip orientation RF
[M::mem_pestat] skip orientation RR
[M::mem_process_seqs] Processed 3746516 reads in 1376.382 CPU sec, 44.917 real sec
[M::mem_pestat] # candidate unique pairs for (FF, FR, RF, RR): (21, 131521, 16, 16)
[M::mem_pestat] analyzing insert size distribution for orientation FF...
[M::mem_pestat] (25, 50, 75) percentile: (21, 35, 91)
[M::mem_pestat] low and high boundaries for computing mean and std.dev: (1, 231)
[M::mem_pestat] mean and std.dev: (50.71, 40.29)
[M::mem_pestat] low and high boundaries for proper pairs: (1, 301)
[M::mem_pestat] analyzing insert size distribution for orientation FR...
[M::mem_pestat] (25, 50, 75) percentile: (49, 69, 94)
[M::mem_pestat] low and high boundaries for computing mean and std.dev: (1, 184)
[M::mem_pestat] mean and std.dev: (72.51, 30.16)
[M::mem_pestat] low and high boundaries for proper pairs: (1, 229)
[M::mem_pestat] analyzing insert size distribution for orientation RF...
[M::mem_pestat] (25, 50, 75) percentile: (110, 120, 351)
[M::mem_pestat] low and high boundaries for computing mean and std.dev: (1, 833)
[M::mem_pestat] mean and std.dev: (206.06, 169.82)
[M::mem_pestat] low and high boundaries for proper pairs: (1, 1074)
[M::mem_pestat] analyzing insert size distribution for orientation RR...
[M::mem_pestat] (25, 50, 75) percentile: (19, 39, 68)
[M::mem_pestat] low and high boundaries for computing mean and std.dev: (1, 166)
[M::mem_pestat] mean and std.dev: (38.50, 22.49)
[M::mem_pestat] low and high boundaries for proper pairs: (1, 215)
[M::mem_pestat] skip orientation FF
[M::mem_pestat] skip orientation RF
[M::mem_pestat] skip orientation RR
[M::mem_process_seqs] Processed 3407142 reads in 1201.330 CPU sec, 40.412 real sec
[M::process] read 3134188 sequences (313893408 bp)...
[M::mem_pestat] # candidate unique pairs for (FF, FR, RF, RR): (60, 323013, 45, 48)
[M::mem_pestat] analyzing insert size distribution for orientation FF...
[M::mem_pestat] (25, 50, 75) percentile: (26, 42, 77)
[M::mem_pestat] low and high boundaries for computing mean and std.dev: (1, 179)
[M::mem_pestat] mean and std.dev: (48.12, 29.84)
[M::mem_pestat] low and high boundaries for proper pairs: (1, 230)
[M::mem_pestat] analyzing insert size distribution for orientation FR...
[M::mem_pestat] (25, 50, 75) percentile: (55, 74, 96)
[M::mem_pestat] low and high boundaries for computing mean and std.dev: (1, 178)
[M::mem_pestat] mean and std.dev: (76.70, 29.40)
[M::mem_pestat] low and high boundaries for proper pairs: (1, 219)
[M::mem_pestat] analyzing insert size distribution for orientation RF...
[M::mem_pestat] (25, 50, 75) percentile: (110, 120, 191)
[M::mem_pestat] low and high boundaries for computing mean and std.dev: (1, 353)
[M::mem_pestat] mean and std.dev: (129.98, 61.66)
[M::mem_pestat] low and high boundaries for proper pairs: (1, 434)
[M::mem_pestat] analyzing insert size distribution for orientation RR...
[M::mem_pestat] (25, 50, 75) percentile: (30, 52, 71)
[M::mem_pestat] low and high boundaries for computing mean and std.dev: (1, 153)
[M::mem_pestat] mean and std.dev: (46.38, 26.26)
[M::mem_pestat] low and high boundaries for proper pairs: (1, 194)
[M::mem_pestat] skip orientation FF
[M::mem_pestat] skip orientation RF
[M::mem_pestat] skip orientation RR
[M::mem_process_seqs] Processed 3134188 reads in 1298.330 CPU sec, 44.119 real sec
[main] Version: 0.7.17-r1188
[main] CMD: bwa mem -L 5 -t 40 -a -M -T 24 -A 1 -B 4 -O 6 -R @RG\tID:Sgr-AMvi_039-Ex1-cssl.clmp.fp2_repr\tSM:Sgr-AMvi_039-Ex1-cssl.clmp.fp2_repr\tPL:Illumina reference.ssl.Sgr-libC.fasta Sgr-AMvi_039-Ex1-cssl.clmp.fp2_repr.R1.fq.gz Sgr-AMvi_039-Ex1-cssl.clmp.fp2_repr.R2.fq.gz
[main] Real time: 260.550 sec; CPU: 5686.341 sec
