[M::bwa_idx_load_from_disk] read 0 ALT contigs
[M::process] read 3845242 sequences (400000085 bp)...
[M::mem_pestat] # candidate unique pairs for (FF, FR, RF, RR): (148, 379387, 13, 147)
[M::mem_pestat] analyzing insert size distribution for orientation FF...
[M::mem_pestat] (25, 50, 75) percentile: (28, 51, 76)
[M::mem_pestat] low and high boundaries for computing mean and std.dev: (1, 172)
[M::mem_pestat] mean and std.dev: (50.14, 29.89)
[M::mem_pestat] low and high boundaries for proper pairs: (1, 220)
[M::mem_pestat] analyzing insert size distribution for orientation FR...
[M::mem_pestat] (25, 50, 75) percentile: (56, 76, 98)
[M::mem_pestat] low and high boundaries for computing mean and std.dev: (1, 182)
[M::mem_pestat] mean and std.dev: (78.05, 30.81)
[M::mem_pestat] low and high boundaries for proper pairs: (1, 224)
[M::mem_pestat] analyzing insert size distribution for orientation RF...
[M::mem_pestat] (25, 50, 75) percentile: (41, 44, 191)
[M::mem_pestat] low and high boundaries for computing mean and std.dev: (1, 491)
[M::mem_pestat] mean and std.dev: (69.25, 61.34)
[M::mem_pestat] low and high boundaries for proper pairs: (1, 641)
[M::mem_pestat] analyzing insert size distribution for orientation RR...
[M::mem_pestat] (25, 50, 75) percentile: (30, 55, 74)
[M::mem_pestat] low and high boundaries for computing mean and std.dev: (1, 162)
[M::mem_pestat] mean and std.dev: (52.12, 30.11)
[M::mem_pestat] low and high boundaries for proper pairs: (1, 206)
[M::mem_pestat] skip orientation FF
[M::mem_pestat] skip orientation RF
[M::mem_pestat] skip orientation RR
[M::mem_process_seqs] Processed 3845242 reads in 1169.703 CPU sec, 69.350 real sec
[M::process] read 3776090 sequences (400000162 bp)...
[M::process] read 1643474 sequences (183512842 bp)...
[M::mem_pestat] # candidate unique pairs for (FF, FR, RF, RR): (162, 343159, 24, 136)
[M::mem_pestat] analyzing insert size distribution for orientation FF...
[M::mem_pestat] (25, 50, 75) percentile: (28, 59, 103)
[M::mem_pestat] low and high boundaries for computing mean and std.dev: (1, 253)
[M::mem_pestat] mean and std.dev: (59.93, 38.18)
[M::mem_pestat] low and high boundaries for proper pairs: (1, 328)
[M::mem_pestat] analyzing insert size distribution for orientation FR...
[M::mem_pestat] (25, 50, 75) percentile: (56, 76, 98)
[M::mem_pestat] low and high boundaries for computing mean and std.dev: (1, 182)
[M::mem_pestat] mean and std.dev: (78.31, 31.16)
[M::mem_pestat] low and high boundaries for proper pairs: (1, 224)
[M::mem_pestat] analyzing insert size distribution for orientation RF...
[M::mem_pestat] (25, 50, 75) percentile: (42, 64, 157)
[M::mem_pestat] low and high boundaries for computing mean and std.dev: (1, 387)
[M::mem_pestat] mean and std.dev: (88.05, 76.78)
[M::mem_pestat] low and high boundaries for proper pairs: (1, 502)
[M::mem_pestat] analyzing insert size distribution for orientation RR...
[M::mem_pestat] (25, 50, 75) percentile: (37, 56, 78)
[M::mem_pestat] low and high boundaries for computing mean and std.dev: (1, 160)
[M::mem_pestat] mean and std.dev: (55.30, 31.36)
[M::mem_pestat] low and high boundaries for proper pairs: (1, 201)
[M::mem_pestat] skip orientation FF
[M::mem_pestat] skip orientation RF
[M::mem_pestat] skip orientation RR
[M::mem_process_seqs] Processed 3776090 reads in 1143.027 CPU sec, 44.530 real sec
[M::mem_pestat] # candidate unique pairs for (FF, FR, RF, RR): (67, 127063, 28, 41)
[M::mem_pestat] analyzing insert size distribution for orientation FF...
[M::mem_pestat] (25, 50, 75) percentile: (31, 56, 110)
[M::mem_pestat] low and high boundaries for computing mean and std.dev: (1, 268)
[M::mem_pestat] mean and std.dev: (62.46, 49.28)
[M::mem_pestat] low and high boundaries for proper pairs: (1, 347)
[M::mem_pestat] analyzing insert size distribution for orientation FR...
[M::mem_pestat] (25, 50, 75) percentile: (58, 78, 101)
[M::mem_pestat] low and high boundaries for computing mean and std.dev: (1, 187)
[M::mem_pestat] mean and std.dev: (79.92, 31.62)
[M::mem_pestat] low and high boundaries for proper pairs: (1, 230)
[M::mem_pestat] analyzing insert size distribution for orientation RF...
[M::mem_pestat] (25, 50, 75) percentile: (118, 172, 191)
[M::mem_pestat] low and high boundaries for computing mean and std.dev: (1, 337)
[M::mem_pestat] mean and std.dev: (145.11, 62.45)
[M::mem_pestat] low and high boundaries for proper pairs: (1, 410)
[M::mem_pestat] analyzing insert size distribution for orientation RR...
[M::mem_pestat] (25, 50, 75) percentile: (32, 48, 66)
[M::mem_pestat] low and high boundaries for computing mean and std.dev: (1, 134)
[M::mem_pestat] mean and std.dev: (47.29, 23.80)
[M::mem_pestat] low and high boundaries for proper pairs: (1, 168)
[M::mem_pestat] skip orientation FF
[M::mem_pestat] skip orientation RF
[M::mem_pestat] skip orientation RR
[M::mem_process_seqs] Processed 1643474 reads in 509.070 CPU sec, 22.999 real sec
[main] Version: 0.7.17-r1188
[main] CMD: bwa mem -L 5 -t 40 -a -M -T 24 -A 1 -B 4 -O 6 -R @RG\tID:Sgr-AMvi_009-Ex1-cssl.clmp.fp2_repr\tSM:Sgr-AMvi_009-Ex1-cssl.clmp.fp2_repr\tPL:Illumina reference.ssl.Sgr-libC.fasta Sgr-AMvi_009-Ex1-cssl.clmp.fp2_repr.R1.fq.gz Sgr-AMvi_009-Ex1-cssl.clmp.fp2_repr.R2.fq.gz
[main] Real time: 163.056 sec; CPU: 2852.250 sec
