[M::bwa_idx_load_from_disk] read 0 ALT contigs
[M::process] read 1834486 sequences (152914690 bp)...
[M::mem_pestat] # candidate unique pairs for (FF, FR, RF, RR): (10, 230604, 2, 3)
[M::mem_pestat] analyzing insert size distribution for orientation FF...
[M::mem_pestat] (25, 50, 75) percentile: (34, 50, 546)
[M::mem_pestat] low and high boundaries for computing mean and std.dev: (1, 1570)
[M::mem_pestat] mean and std.dev: (243.30, 253.50)
[M::mem_pestat] low and high boundaries for proper pairs: (1, 2082)
[M::mem_pestat] analyzing insert size distribution for orientation FR...
[M::mem_pestat] (25, 50, 75) percentile: (52, 68, 86)
[M::mem_pestat] low and high boundaries for computing mean and std.dev: (1, 154)
[M::mem_pestat] mean and std.dev: (69.99, 25.63)
[M::mem_pestat] low and high boundaries for proper pairs: (1, 188)
[M::mem_pestat] skip orientation RF as there are not enough pairs
[M::mem_pestat] skip orientation RR as there are not enough pairs
[M::mem_pestat] skip orientation FF
[M::mem_process_seqs] Processed 1834486 reads in 571.856 CPU sec, 34.722 real sec
[main] Version: 0.7.17-r1188
[main] CMD: bwa mem -L 5 -t 40 -a -M -T 24 -A 1 -B 4 -O 6 -R @RG\tID:Sgr-APal_002-Ex1-cssl.clmp.fp2_repr\tSM:Sgr-APal_002-Ex1-cssl.clmp.fp2_repr\tPL:Illumina reference.ssl.Sgr-libC.fasta Sgr-APal_002-Ex1-cssl.clmp.fp2_repr.R1.fq.gz Sgr-APal_002-Ex1-cssl.clmp.fp2_repr.R2.fq.gz
[main] Real time: 44.935 sec; CPU: 579.966 sec
