

  /// MultiQC 🔍 | v1.13

[2022-11-16 09:32:46,416] multiqc                                            [DEBUG  ]  This is MultiQC v1.13
[2022-11-16 09:32:46,417] multiqc                                            [DEBUG  ]  Command used: /opt/conda/bin/multiqc -v -p -ip -f --data-dir --data-format tsv --filename fastq_screen_report --outdir fq_fp1_clmp_fp2_fqscrn fq_fp1_clmp_fp2_fqscrn
[2022-11-16 09:32:46,999] multiqc                                            [DEBUG  ]  Latest MultiQC version is v1.13
[2022-11-16 09:32:46,999] multiqc                                            [DEBUG  ]  Working dir : /home/e1garcia/shotgun_PIRE/pire_cssl_data_processing/salarias_fasciatus
[2022-11-16 09:32:46,999] multiqc                                            [DEBUG  ]  Template    : default
[2022-11-16 09:32:46,999] multiqc                                            [DEBUG  ]  Running Python 3.9.12 (main, Aug 29 2022, 00:54:58)  [GCC 11.2.0]
[2022-11-16 09:32:47,000] multiqc                                            [DEBUG  ]  Analysing modules: custom_content, ccs, ngsderive, purple, conpair, lima, peddy, somalier, methylQA, mosdepth, phantompeakqualtools, qualimap, preseq, quast, qorts, rna_seqc, rockhopper, rsem, rseqc, busco, bustools, goleft_indexcov, gffcompare, disambiguate, supernova, deeptools, sargasso, verifybamid, mirtrace, happy, mirtop, sambamba, homer, hops, macs2, theta2, snpeff, gatk, htseq, bcftools, featureCounts, fgbio, dragen, dedup, pbmarkdup, damageprofiler, biobambam2, jcvi, mtnucratio, picard, vep, sentieon, prokka, qc3C, nanostat, samblaster, samtools, sexdeterrmine, eigenstratdatabasetools, bamtools, jellyfish, vcftools, longranger, stacks, varscan2, snippy, bbmap, bismark, biscuit, hicexplorer, hicup, hicpro, salmon, kallisto, slamdunk, star, hisat2, tophat, bowtie2, bowtie1, snpsplit, odgi, pangolin, kat, leehom, adapterRemoval, clipandmerge, cutadapt, flexbar, kaiju, kraken, malt, trimmomatic, sickle, skewer, sortmerna, biobloomtools, fastq_screen, afterqc, fastp, fastqc, pychopper, pycoqc, minionqc, multivcfanalyzer, clusterflow, checkqc, bcl2fastq, bclconvert, interop, ivar, flash, seqyclean, optitype, whatshap
[2022-11-16 09:32:47,001] multiqc                                            [DEBUG  ]  Using temporary directory for creating report: /tmp/tmpmf68ixcv
[2022-11-16 09:32:47,198] multiqc                                            [INFO   ]  Search path : /home/e1garcia/shotgun_PIRE/pire_cssl_data_processing/salarias_fasciatus/fq_fp1_clmp_fp2_fqscrn
|         searching | ━━━━━━━━━━━━━━━━━━━━━━━━━━━━━━━━━━━━━━━━ 100% 823/823  
[2022-11-16 09:34:41,366] multiqc                                            [DEBUG  ]  Summary of files that were skipped by the search: [skipped_module_specific_max_filesize: 2151] // [skipped_no_match: 658] // [skipped_ignore_pattern: 326]
[2022-11-16 09:34:41,931] multiqc.plots.bargraph                             [DEBUG  ]  Using matplotlib version 3.1.2
[2022-11-16 09:34:41,933] multiqc.plots.linegraph                            [DEBUG  ]  Using matplotlib version 3.1.2
[2022-11-16 09:34:41,962] multiqc.modules.custom_content.custom_content      [INFO   ]  fqscrn: Found 1 sample (html)
[2022-11-16 09:34:42,337] multiqc.modules.fastq_screen.fastq_screen          [INFO   ]  Found 162 reports
[2022-11-16 09:35:04,908] multiqc                                            [INFO   ]  Compressing plot data
[2022-11-16 09:35:04,952] multiqc                                            [INFO   ]  Report      : fq_fp1_clmp_fp2_fqscrn/fastq_screen_report.html
[2022-11-16 09:35:04,952] multiqc                                            [INFO   ]  Data        : fq_fp1_clmp_fp2_fqscrn/fastq_screen_report_data
[2022-11-16 09:35:04,952] multiqc                                            [DEBUG  ]  Moving data file from '/tmp/tmpmf68ixcv/multiqc_data' to 'fq_fp1_clmp_fp2_fqscrn/fastq_screen_report_data'
[2022-11-16 09:35:04,980] multiqc                                            [INFO   ]  Plots       : fq_fp1_clmp_fp2_fqscrn/fastq_screen_report_plots
[2022-11-16 09:35:04,980] multiqc                                            [DEBUG  ]  Moving plots directory from '/tmp/tmpmf68ixcv/multiqc_plots' to 'fq_fp1_clmp_fp2_fqscrn/fastq_screen_report_plots'
[2022-11-16 09:35:05,216] multiqc                                            [INFO   ]  MultiQC complete
