

  /// MultiQC 🔍 | v1.13

[2022-11-16 09:32:43,908] multiqc                                            [DEBUG  ]  This is MultiQC v1.13
[2022-11-16 09:32:43,908] multiqc                                            [DEBUG  ]  Command used: /opt/conda/bin/multiqc -v -p -ip -f --data-dir --data-format tsv --filename fqc_raw_report --outdir raw_fq_capture raw_fq_capture
[2022-11-16 09:32:44,426] multiqc                                            [DEBUG  ]  Latest MultiQC version is v1.13
[2022-11-16 09:32:44,427] multiqc                                            [DEBUG  ]  Working dir : /home/e1garcia/shotgun_PIRE/pire_cssl_data_processing/salarias_fasciatus
[2022-11-16 09:32:44,427] multiqc                                            [DEBUG  ]  Template    : default
[2022-11-16 09:32:44,428] multiqc                                            [DEBUG  ]  Running Python 3.9.12 (main, Aug 29 2022, 00:54:58)  [GCC 11.2.0]
[2022-11-16 09:32:44,429] multiqc                                            [DEBUG  ]  Analysing modules: custom_content, ccs, ngsderive, purple, conpair, lima, peddy, somalier, methylQA, mosdepth, phantompeakqualtools, qualimap, preseq, quast, qorts, rna_seqc, rockhopper, rsem, rseqc, busco, bustools, goleft_indexcov, gffcompare, disambiguate, supernova, deeptools, sargasso, verifybamid, mirtrace, happy, mirtop, sambamba, homer, hops, macs2, theta2, snpeff, gatk, htseq, bcftools, featureCounts, fgbio, dragen, dedup, pbmarkdup, damageprofiler, biobambam2, jcvi, mtnucratio, picard, vep, sentieon, prokka, qc3C, nanostat, samblaster, samtools, sexdeterrmine, eigenstratdatabasetools, bamtools, jellyfish, vcftools, longranger, stacks, varscan2, snippy, bbmap, bismark, biscuit, hicexplorer, hicup, hicpro, salmon, kallisto, slamdunk, star, hisat2, tophat, bowtie2, bowtie1, snpsplit, odgi, pangolin, kat, leehom, adapterRemoval, clipandmerge, cutadapt, flexbar, kaiju, kraken, malt, trimmomatic, sickle, skewer, sortmerna, biobloomtools, fastq_screen, afterqc, fastp, fastqc, pychopper, pycoqc, minionqc, multivcfanalyzer, clusterflow, checkqc, bcl2fastq, bclconvert, interop, ivar, flash, seqyclean, optitype, whatshap
[2022-11-16 09:32:44,429] multiqc                                            [DEBUG  ]  Using temporary directory for creating report: /tmp/tmp3o2avh1n
[2022-11-16 09:32:44,639] multiqc                                            [INFO   ]  Search path : /home/e1garcia/shotgun_PIRE/pire_cssl_data_processing/salarias_fasciatus/raw_fq_capture
|         searching | ━━━━━━━━━━━━━━━━━━━━━━━━━━━━━━━━━━━━━━━━ 100% 507/507  
[2022-11-16 09:33:09,067] multiqc                                            [DEBUG  ]  Summary of files that were skipped by the search: [skipped_module_specific_max_filesize: 1069] // [skipped_no_match: 345] // [skipped_ignore_pattern: 163]
[2022-11-16 09:33:09,511] multiqc.plots.bargraph                             [DEBUG  ]  Using matplotlib version 3.1.2
[2022-11-16 09:33:09,513] multiqc.plots.linegraph                            [DEBUG  ]  Using matplotlib version 3.1.2
[2022-11-16 09:33:09,513] multiqc                                            [DEBUG  ]  No samples found: custom_content
[2022-11-16 09:33:34,913] multiqc.modules.fastqc.fastqc                      [INFO   ]  Found 162 reports
[2022-11-16 09:34:02,508] multiqc                                            [INFO   ]  Compressing plot data
[2022-11-16 09:34:05,119] multiqc                                            [INFO   ]  Report      : raw_fq_capture/fqc_raw_report.html
[2022-11-16 09:34:05,119] multiqc                                            [INFO   ]  Data        : raw_fq_capture/fqc_raw_report_data
[2022-11-16 09:34:05,120] multiqc                                            [DEBUG  ]  Moving data file from '/tmp/tmp3o2avh1n/multiqc_data' to 'raw_fq_capture/fqc_raw_report_data'
[2022-11-16 09:34:05,292] multiqc                                            [INFO   ]  Plots       : raw_fq_capture/fqc_raw_report_plots
[2022-11-16 09:34:05,293] multiqc                                            [DEBUG  ]  Moving plots directory from '/tmp/tmp3o2avh1n/multiqc_plots' to 'raw_fq_capture/fqc_raw_report_plots'
[2022-11-16 09:34:05,605] multiqc                                            [INFO   ]  MultiQC complete
