[M::bwa_idx_load_from_disk] read 0 ALT contigs
[M::process] read 3132286 sequences (373648130 bp)...
[M::mem_pestat] # candidate unique pairs for (FF, FR, RF, RR): (167, 682188, 161, 151)
[M::mem_pestat] analyzing insert size distribution for orientation FF...
[M::mem_pestat] (25, 50, 75) percentile: (70, 102, 150)
[M::mem_pestat] low and high boundaries for computing mean and std.dev: (1, 310)
[M::mem_pestat] mean and std.dev: (101.42, 43.08)
[M::mem_pestat] low and high boundaries for proper pairs: (1, 390)
[M::mem_pestat] analyzing insert size distribution for orientation FR...
[M::mem_pestat] (25, 50, 75) percentile: (104, 137, 179)
[M::mem_pestat] low and high boundaries for computing mean and std.dev: (1, 329)
[M::mem_pestat] mean and std.dev: (144.41, 56.21)
[M::mem_pestat] low and high boundaries for proper pairs: (1, 404)
[M::mem_pestat] analyzing insert size distribution for orientation RF...
[M::mem_pestat] (25, 50, 75) percentile: (18, 43, 360)
[M::mem_pestat] low and high boundaries for computing mean and std.dev: (1, 1044)
[M::mem_pestat] mean and std.dev: (80.43, 120.94)
[M::mem_pestat] low and high boundaries for proper pairs: (1, 1386)
[M::mem_pestat] analyzing insert size distribution for orientation RR...
[M::mem_pestat] (25, 50, 75) percentile: (71, 82, 112)
[M::mem_pestat] low and high boundaries for computing mean and std.dev: (1, 194)
[M::mem_pestat] mean and std.dev: (76.52, 22.11)
[M::mem_pestat] low and high boundaries for proper pairs: (1, 235)
[M::mem_pestat] skip orientation FF
[M::mem_pestat] skip orientation RF
[M::mem_pestat] skip orientation RR
[M::mem_process_seqs] Processed 3132286 reads in 3272.789 CPU sec, 84.326 real sec
[main] Version: 0.7.17-r1188
[main] CMD: bwa mem -L 5 -t 40 -a -M -T 66 -A 1 -B 4 -O 6 -R @RG\tID:Sgr-CMvi_064-Ex1-cssl.clmp.fp2\tSM:Sgr-CMvi_064-Ex1-cssl.clmp.fp2\tPL:Illumina reference.ssl.Sgr-SgC0072C-contam-R1R2-noIsolate-fromPROBES.fasta Sgr-CMvi_064-Ex1-cssl.clmp.fp2.R1.fq.gz Sgr-CMvi_064-Ex1-cssl.clmp.fp2.R2.fq.gz
[main] Real time: 100.265 sec; CPU: 3287.233 sec
