[M::bwa_idx_load_from_disk] read 0 ALT contigs
[M::process] read 2935574 sequences (344433276 bp)...
[M::mem_pestat] # candidate unique pairs for (FF, FR, RF, RR): (138, 263596, 44, 142)
[M::mem_pestat] analyzing insert size distribution for orientation FF...
[M::mem_pestat] (25, 50, 75) percentile: (47, 112, 112)
[M::mem_pestat] low and high boundaries for computing mean and std.dev: (1, 242)
[M::mem_pestat] mean and std.dev: (90.21, 36.99)
[M::mem_pestat] low and high boundaries for proper pairs: (1, 307)
[M::mem_pestat] analyzing insert size distribution for orientation FR...
[M::mem_pestat] (25, 50, 75) percentile: (80, 112, 154)
[M::mem_pestat] low and high boundaries for computing mean and std.dev: (1, 302)
[M::mem_pestat] mean and std.dev: (118.53, 55.29)
[M::mem_pestat] low and high boundaries for proper pairs: (1, 376)
[M::mem_pestat] analyzing insert size distribution for orientation RF...
[M::mem_pestat] (25, 50, 75) percentile: (163, 420, 6775)
[M::mem_pestat] low and high boundaries for computing mean and std.dev: (1, 19999)
[M::mem_pestat] mean and std.dev: (2672.48, 3026.42)
[M::mem_pestat] low and high boundaries for proper pairs: (1, 26611)
[M::mem_pestat] analyzing insert size distribution for orientation RR...
[M::mem_pestat] (25, 50, 75) percentile: (63, 75, 166)
[M::mem_pestat] low and high boundaries for computing mean and std.dev: (1, 372)
[M::mem_pestat] mean and std.dev: (80.28, 46.74)
[M::mem_pestat] low and high boundaries for proper pairs: (1, 475)
[M::mem_pestat] skip orientation FF
[M::mem_pestat] skip orientation RF
[M::mem_pestat] skip orientation RR
[M::mem_process_seqs] Processed 2935574 reads in 4105.740 CPU sec, 105.581 real sec
[main] Version: 0.7.17-r1188
[main] CMD: bwa mem -L 5 -t 40 -a -M -T 66 -A 1 -B 4 -O 6 -R @RG\tID:Sgr-CJol_094-Ex1-cssl.clmp.fp2\tSM:Sgr-CJol_094-Ex1-cssl.clmp.fp2\tPL:Illumina reference.ssl.Sgr-SgC0072C-contam-R1R2-noIsolate-fromPROBES.fasta Sgr-CJol_094-Ex1-cssl.clmp.fp2.R1.fq.gz Sgr-CJol_094-Ex1-cssl.clmp.fp2.R2.fq.gz
[main] Real time: 120.639 sec; CPU: 4119.276 sec
