[M::bwa_idx_load_from_disk] read 0 ALT contigs
[M::process] read 3254614 sequences (383370525 bp)...
[M::mem_pestat] # candidate unique pairs for (FF, FR, RF, RR): (145, 291156, 53, 118)
[M::mem_pestat] analyzing insert size distribution for orientation FF...
[M::mem_pestat] (25, 50, 75) percentile: (121, 137, 540)
[M::mem_pestat] low and high boundaries for computing mean and std.dev: (1, 1378)
[M::mem_pestat] mean and std.dev: (338.44, 298.12)
[M::mem_pestat] low and high boundaries for proper pairs: (1, 1797)
[M::mem_pestat] analyzing insert size distribution for orientation FR...
[M::mem_pestat] (25, 50, 75) percentile: (82, 118, 163)
[M::mem_pestat] low and high boundaries for computing mean and std.dev: (1, 325)
[M::mem_pestat] mean and std.dev: (125.59, 61.09)
[M::mem_pestat] low and high boundaries for proper pairs: (1, 406)
[M::mem_pestat] analyzing insert size distribution for orientation RF...
[M::mem_pestat] (25, 50, 75) percentile: (63, 191, 1347)
[M::mem_pestat] low and high boundaries for computing mean and std.dev: (1, 3915)
[M::mem_pestat] mean and std.dev: (411.45, 496.21)
[M::mem_pestat] low and high boundaries for proper pairs: (1, 5199)
[M::mem_pestat] analyzing insert size distribution for orientation RR...
[M::mem_pestat] (25, 50, 75) percentile: (459, 459, 1230)
[M::mem_pestat] low and high boundaries for computing mean and std.dev: (1, 2772)
[M::mem_pestat] mean and std.dev: (639.90, 374.52)
[M::mem_pestat] low and high boundaries for proper pairs: (1, 3543)
[M::mem_pestat] skip orientation FF
[M::mem_pestat] skip orientation RF
[M::mem_pestat] skip orientation RR
[M::mem_process_seqs] Processed 3254614 reads in 4690.005 CPU sec, 121.159 real sec
[main] Version: 0.7.17-r1188
[main] CMD: bwa mem -L 5 -t 40 -a -M -T 66 -A 1 -B 4 -O 6 -R @RG\tID:Sgr-CMas_019-Ex1-cssl.clmp.fp2\tSM:Sgr-CMas_019-Ex1-cssl.clmp.fp2\tPL:Illumina reference.ssl.Sgr-SgC0072C-contam-R1R2-noIsolate-fromPROBES.fasta Sgr-CMas_019-Ex1-cssl.clmp.fp2.R1.fq.gz Sgr-CMas_019-Ex1-cssl.clmp.fp2.R2.fq.gz
[main] Real time: 137.616 sec; CPU: 4704.885 sec
