[M::bwa_idx_load_from_disk] read 0 ALT contigs
[M::process] read 2644812 sequences (309193762 bp)...
[M::mem_pestat] # candidate unique pairs for (FF, FR, RF, RR): (20, 249198, 154, 31)
[M::mem_pestat] analyzing insert size distribution for orientation FF...
[M::mem_pestat] (25, 50, 75) percentile: (566, 566, 566)
[M::mem_pestat] low and high boundaries for computing mean and std.dev: (566, 566)
[M::mem_pestat] mean and std.dev: (566.00, 0.00)
[M::mem_pestat] low and high boundaries for proper pairs: (566, 566)
[M::mem_pestat] analyzing insert size distribution for orientation FR...
[M::mem_pestat] (25, 50, 75) percentile: (80, 117, 163)
[M::mem_pestat] low and high boundaries for computing mean and std.dev: (1, 329)
[M::mem_pestat] mean and std.dev: (125.22, 62.18)
[M::mem_pestat] low and high boundaries for proper pairs: (1, 412)
[M::mem_pestat] analyzing insert size distribution for orientation RF...
[M::mem_pestat] (25, 50, 75) percentile: (191, 7125, 7125)
[M::mem_pestat] low and high boundaries for computing mean and std.dev: (1, 20993)
[M::mem_pestat] mean and std.dev: (5029.82, 3042.84)
[M::mem_pestat] low and high boundaries for proper pairs: (1, 27927)
[M::mem_pestat] analyzing insert size distribution for orientation RR...
[M::mem_pestat] (25, 50, 75) percentile: (172, 542, 542)
[M::mem_pestat] low and high boundaries for computing mean and std.dev: (1, 1282)
[M::mem_pestat] mean and std.dev: (372.55, 193.41)
[M::mem_pestat] low and high boundaries for proper pairs: (1, 1652)
[M::mem_pestat] skip orientation FF
[M::mem_pestat] skip orientation RF
[M::mem_pestat] skip orientation RR
[M::mem_process_seqs] Processed 2644812 reads in 3479.463 CPU sec, 88.874 real sec
[main] Version: 0.7.17-r1188
[main] CMD: bwa mem -L 5 -t 40 -a -M -T 66 -A 1 -B 4 -O 6 -R @RG\tID:Sgr-CJol_093-Ex1-cssl.clmp.fp2\tSM:Sgr-CJol_093-Ex1-cssl.clmp.fp2\tPL:Illumina reference.ssl.Sgr-SgC0072C-contam-R1R2-noIsolate-fromPROBES.fasta Sgr-CJol_093-Ex1-cssl.clmp.fp2.R1.fq.gz Sgr-CJol_093-Ex1-cssl.clmp.fp2.R2.fq.gz
[main] Real time: 102.726 sec; CPU: 3491.730 sec
