[M::bwa_idx_load_from_disk] read 0 ALT contigs
[M::process] read 3196806 sequences (400000095 bp)...
[M::process] read 667564 sequences (83677647 bp)...
[M::mem_pestat] # candidate unique pairs for (FF, FR, RF, RR): (95, 638782, 245, 161)
[M::mem_pestat] analyzing insert size distribution for orientation FF...
[M::mem_pestat] (25, 50, 75) percentile: (166, 233, 234)
[M::mem_pestat] low and high boundaries for computing mean and std.dev: (30, 370)
[M::mem_pestat] mean and std.dev: (175.83, 63.09)
[M::mem_pestat] low and high boundaries for proper pairs: (1, 438)
[M::mem_pestat] analyzing insert size distribution for orientation FR...
[M::mem_pestat] (25, 50, 75) percentile: (124, 165, 228)
[M::mem_pestat] low and high boundaries for computing mean and std.dev: (1, 436)
[M::mem_pestat] mean and std.dev: (182.27, 80.49)
[M::mem_pestat] low and high boundaries for proper pairs: (1, 540)
[M::mem_pestat] analyzing insert size distribution for orientation RF...
[M::mem_pestat] (25, 50, 75) percentile: (68, 412, 2195)
[M::mem_pestat] low and high boundaries for computing mean and std.dev: (1, 6449)
[M::mem_pestat] mean and std.dev: (1002.43, 1205.36)
[M::mem_pestat] low and high boundaries for proper pairs: (1, 8576)
[M::mem_pestat] analyzing insert size distribution for orientation RR...
[M::mem_pestat] (25, 50, 75) percentile: (84, 89, 179)
[M::mem_pestat] low and high boundaries for computing mean and std.dev: (1, 369)
[M::mem_pestat] mean and std.dev: (118.78, 50.81)
[M::mem_pestat] low and high boundaries for proper pairs: (1, 464)
[M::mem_pestat] skip orientation FF
[M::mem_pestat] skip orientation RF
[M::mem_pestat] skip orientation RR
[M::mem_process_seqs] Processed 3196806 reads in 3937.562 CPU sec, 105.070 real sec
[M::mem_pestat] # candidate unique pairs for (FF, FR, RF, RR): (2, 126361, 147, 41)
[M::mem_pestat] skip orientation FF as there are not enough pairs
[M::mem_pestat] analyzing insert size distribution for orientation FR...
[M::mem_pestat] (25, 50, 75) percentile: (123, 164, 226)
[M::mem_pestat] low and high boundaries for computing mean and std.dev: (1, 432)
[M::mem_pestat] mean and std.dev: (180.41, 78.86)
[M::mem_pestat] low and high boundaries for proper pairs: (1, 535)
[M::mem_pestat] analyzing insert size distribution for orientation RF...
[M::mem_pestat] (25, 50, 75) percentile: (22, 34, 352)
[M::mem_pestat] low and high boundaries for computing mean and std.dev: (1, 1012)
[M::mem_pestat] mean and std.dev: (111.08, 193.42)
[M::mem_pestat] low and high boundaries for proper pairs: (1, 1342)
[M::mem_pestat] analyzing insert size distribution for orientation RR...
[M::mem_pestat] (25, 50, 75) percentile: (178, 179, 179)
[M::mem_pestat] low and high boundaries for computing mean and std.dev: (176, 181)
[M::mem_pestat] mean and std.dev: (178.90, 0.47)
[M::mem_pestat] low and high boundaries for proper pairs: (175, 182)
[M::mem_pestat] skip orientation RF
[M::mem_pestat] skip orientation RR
[M::mem_process_seqs] Processed 667564 reads in 886.662 CPU sec, 24.152 real sec
[main] Version: 0.7.17-r1188
[main] CMD: bwa mem -L 5 -t 40 -a -M -T 66 -A 1 -B 4 -O 6 -R @RG\tID:Sgr-CMvi_089-Ex1-cssl.clmp.fp2\tSM:Sgr-CMvi_089-Ex1-cssl.clmp.fp2\tPL:Illumina reference.ssl.Sgr-SgC0072C-contam-R1R2-noIsolate-fromPROBES.fasta Sgr-CMvi_089-Ex1-cssl.clmp.fp2.R1.fq.gz Sgr-CMvi_089-Ex1-cssl.clmp.fp2.R2.fq.gz
[main] Real time: 141.362 sec; CPU: 4836.157 sec
