[M::bwa_idx_load_from_disk] read 0 ALT contigs
[M::process] read 334070 sequences (39399127 bp)...
[M::mem_pestat] # candidate unique pairs for (FF, FR, RF, RR): (2, 54826, 28, 17)
[M::mem_pestat] skip orientation FF as there are not enough pairs
[M::mem_pestat] analyzing insert size distribution for orientation FR...
[M::mem_pestat] (25, 50, 75) percentile: (99, 133, 176)
[M::mem_pestat] low and high boundaries for computing mean and std.dev: (1, 330)
[M::mem_pestat] mean and std.dev: (141.15, 59.26)
[M::mem_pestat] low and high boundaries for proper pairs: (1, 407)
[M::mem_pestat] analyzing insert size distribution for orientation RF...
[M::mem_pestat] (25, 50, 75) percentile: (39, 39, 86)
[M::mem_pestat] low and high boundaries for computing mean and std.dev: (1, 180)
[M::mem_pestat] mean and std.dev: (51.25, 37.90)
[M::mem_pestat] low and high boundaries for proper pairs: (1, 227)
[M::mem_pestat] analyzing insert size distribution for orientation RR...
[M::mem_pestat] (25, 50, 75) percentile: (44, 85, 115)
[M::mem_pestat] low and high boundaries for computing mean and std.dev: (1, 257)
[M::mem_pestat] mean and std.dev: (79.07, 46.06)
[M::mem_pestat] low and high boundaries for proper pairs: (1, 328)
[M::mem_pestat] skip orientation RF
[M::mem_pestat] skip orientation RR
[M::mem_process_seqs] Processed 334070 reads in 446.944 CPU sec, 11.623 real sec
[main] Version: 0.7.17-r1188
[main] CMD: bwa mem -L 5 -t 40 -a -M -T 66 -A 1 -B 4 -O 6 -R @RG\tID:Sgr-CMvi_083-Ex1-cssl.clmp.fp2\tSM:Sgr-CMvi_083-Ex1-cssl.clmp.fp2\tPL:Illumina reference.ssl.Sgr-SgC0072C-contam-R1R2-noIsolate-fromPROBES.fasta Sgr-CMvi_083-Ex1-cssl.clmp.fp2.R1.fq.gz Sgr-CMvi_083-Ex1-cssl.clmp.fp2.R2.fq.gz
[main] Real time: 16.136 sec; CPU: 449.936 sec
