[M::bwa_idx_load_from_disk] read 0 ALT contigs
[M::process] read 2005774 sequences (251580021 bp)...
[M::mem_pestat] # candidate unique pairs for (FF, FR, RF, RR): (30, 423184, 224, 55)
[M::mem_pestat] analyzing insert size distribution for orientation FF...
[M::mem_pestat] (25, 50, 75) percentile: (71, 99, 2025)
[M::mem_pestat] low and high boundaries for computing mean and std.dev: (1, 5933)
[M::mem_pestat] mean and std.dev: (764.90, 926.72)
[M::mem_pestat] low and high boundaries for proper pairs: (1, 7887)
[M::mem_pestat] analyzing insert size distribution for orientation FR...
[M::mem_pestat] (25, 50, 75) percentile: (122, 161, 219)
[M::mem_pestat] low and high boundaries for computing mean and std.dev: (1, 413)
[M::mem_pestat] mean and std.dev: (175.41, 74.94)
[M::mem_pestat] low and high boundaries for proper pairs: (1, 510)
[M::mem_pestat] analyzing insert size distribution for orientation RF...
[M::mem_pestat] (25, 50, 75) percentile: (10, 10, 22)
[M::mem_pestat] low and high boundaries for computing mean and std.dev: (1, 46)
[M::mem_pestat] mean and std.dev: (12.65, 6.79)
[M::mem_pestat] low and high boundaries for proper pairs: (1, 58)
[M::mem_pestat] analyzing insert size distribution for orientation RR...
[M::mem_pestat] (25, 50, 75) percentile: (105, 198, 214)
[M::mem_pestat] low and high boundaries for computing mean and std.dev: (1, 432)
[M::mem_pestat] mean and std.dev: (181.80, 73.65)
[M::mem_pestat] low and high boundaries for proper pairs: (1, 541)
[M::mem_pestat] skip orientation FF
[M::mem_pestat] skip orientation RF
[M::mem_pestat] skip orientation RR
[M::mem_process_seqs] Processed 2005774 reads in 2189.501 CPU sec, 56.501 real sec
[main] Version: 0.7.17-r1188
[main] CMD: bwa mem -L 5 -t 40 -a -M -T 66 -A 1 -B 4 -O 6 -R @RG\tID:Sgr-CMvi_049-Ex1-cssl.clmp.fp2\tSM:Sgr-CMvi_049-Ex1-cssl.clmp.fp2\tPL:Illumina reference.ssl.Sgr-SgC0072C-contam-R1R2-noIsolate-fromPROBES.fasta Sgr-CMvi_049-Ex1-cssl.clmp.fp2.R1.fq.gz Sgr-CMvi_049-Ex1-cssl.clmp.fp2.R2.fq.gz
[main] Real time: 68.067 sec; CPU: 2199.561 sec
