[M::bwa_idx_load_from_disk] read 0 ALT contigs
[M::process] read 885076 sequences (108944774 bp)...
[M::mem_pestat] # candidate unique pairs for (FF, FR, RF, RR): (9, 163231, 53, 56)
[M::mem_pestat] skip orientation FF as there are not enough pairs
[M::mem_pestat] analyzing insert size distribution for orientation FR...
[M::mem_pestat] (25, 50, 75) percentile: (118, 159, 223)
[M::mem_pestat] low and high boundaries for computing mean and std.dev: (1, 433)
[M::mem_pestat] mean and std.dev: (176.19, 81.29)
[M::mem_pestat] low and high boundaries for proper pairs: (1, 538)
[M::mem_pestat] analyzing insert size distribution for orientation RF...
[M::mem_pestat] (25, 50, 75) percentile: (21, 870, 3270)
[M::mem_pestat] low and high boundaries for computing mean and std.dev: (1, 9768)
[M::mem_pestat] mean and std.dev: (1446.74, 1664.79)
[M::mem_pestat] low and high boundaries for proper pairs: (1, 13017)
[M::mem_pestat] analyzing insert size distribution for orientation RR...
[M::mem_pestat] (25, 50, 75) percentile: (130, 246, 246)
[M::mem_pestat] low and high boundaries for computing mean and std.dev: (1, 478)
[M::mem_pestat] mean and std.dev: (209.80, 61.20)
[M::mem_pestat] low and high boundaries for proper pairs: (1, 594)
[M::mem_pestat] skip orientation RF
[M::mem_pestat] skip orientation RR
[M::mem_process_seqs] Processed 885076 reads in 1087.238 CPU sec, 28.167 real sec
[main] Version: 0.7.17-r1188
[main] CMD: bwa mem -L 5 -t 40 -a -M -T 66 -A 1 -B 4 -O 6 -R @RG\tID:Sgr-CMvi_065-Ex1-cssl.clmp.fp2\tSM:Sgr-CMvi_065-Ex1-cssl.clmp.fp2\tPL:Illumina reference.ssl.Sgr-SgC0072C-contam-R1R2-noIsolate-fromPROBES.fasta Sgr-CMvi_065-Ex1-cssl.clmp.fp2.R1.fq.gz Sgr-CMvi_065-Ex1-cssl.clmp.fp2.R2.fq.gz
[main] Real time: 35.254 sec; CPU: 1092.812 sec
