[2022-11-23 12:12:52,833] multiqc                                            [DEBUG  ]  This is MultiQC v1.13
[2022-11-23 12:12:52,834] multiqc                                            [DEBUG  ]  Command used: /opt/conda/bin/multiqc -v -p -ip -f --data-dir --data-format tsv --filename 1st_fastp_report --outdir fq_fp1 fq_fp1
[2022-11-23 12:12:53,379] multiqc                                            [DEBUG  ]  Latest MultiQC version is v1.13
[2022-11-23 12:12:53,379] multiqc                                            [DEBUG  ]  Working dir : /home/e1garcia/shotgun_PIRE/pire_cssl_data_processing/halichoeres_miniatus
[2022-11-23 12:12:53,379] multiqc                                            [DEBUG  ]  Template    : default
[2022-11-23 12:12:53,379] multiqc                                            [DEBUG  ]  Running Python 3.9.12 (main, Aug 29 2022, 00:54:58)  [GCC 11.2.0]
[2022-11-23 12:12:53,380] multiqc                                            [DEBUG  ]  Analysing modules: custom_content, ccs, ngsderive, purple, conpair, lima, peddy, somalier, methylQA, mosdepth, phantompeakqualtools, qualimap, preseq, quast, qorts, rna_seqc, rockhopper, rsem, rseqc, busco, bustools, goleft_indexcov, gffcompare, disambiguate, supernova, deeptools, sargasso, verifybamid, mirtrace, happy, mirtop, sambamba, homer, hops, macs2, theta2, snpeff, gatk, htseq, bcftools, featureCounts, fgbio, dragen, dedup, pbmarkdup, damageprofiler, biobambam2, jcvi, mtnucratio, picard, vep, sentieon, prokka, qc3C, nanostat, samblaster, samtools, sexdeterrmine, eigenstratdatabasetools, bamtools, jellyfish, vcftools, longranger, stacks, varscan2, snippy, bbmap, bismark, biscuit, hicexplorer, hicup, hicpro, salmon, kallisto, slamdunk, star, hisat2, tophat, bowtie2, bowtie1, snpsplit, odgi, pangolin, kat, leehom, adapterRemoval, clipandmerge, cutadapt, flexbar, kaiju, kraken, malt, trimmomatic, sickle, skewer, sortmerna, biobloomtools, fastq_screen, afterqc, fastp, fastqc, pychopper, pycoqc, minionqc, multivcfanalyzer, clusterflow, checkqc, bcl2fastq, bclconvert, interop, ivar, flash, seqyclean, optitype, whatshap
[2022-11-23 12:12:53,380] multiqc                                            [DEBUG  ]  Using temporary directory for creating report: /tmp/tmpt99fa5oh
[2022-11-23 12:12:53,527] multiqc                                            [INFO   ]  Search path : /home/e1garcia/shotgun_PIRE/pire_cssl_data_processing/halichoeres_miniatus/fq_fp1
[2022-11-23 12:13:22,383] multiqc                                            [DEBUG  ]  Summary of files that were skipped by the search: [skipped_module_specific_max_filesize: 1353] // [skipped_no_match: 941] // [skipped_ignore_pattern: 749]
[2022-11-23 12:13:22,746] multiqc.plots.bargraph                             [DEBUG  ]  Using matplotlib version 3.1.2
[2022-11-23 12:13:22,748] multiqc.plots.linegraph                            [DEBUG  ]  Using matplotlib version 3.1.2
[2022-11-23 12:13:22,749] multiqc                                            [DEBUG  ]  No samples found: custom_content
[2022-11-23 12:13:22,754] multiqc.modules.snippy.snippy                      [INFO   ]  Found 1 reports
[2022-11-23 12:13:22,754] multiqc.plots.bargraph                             [WARNING]  Tried to make bar plot, but had no data: snippy_variants
[2022-11-23 12:13:24,161] multiqc.modules.fastp.fastp                        [INFO   ]  Found 187 reports
[2022-11-23 12:14:15,827] multiqc                                            [INFO   ]  Compressing plot data
[2022-11-23 12:14:30,146] multiqc                                            [WARNING]  Deleting    : fq_fp1/1st_fastp_report.html   (-f was specified)
[2022-11-23 12:14:30,154] multiqc                                            [WARNING]  Deleting    : fq_fp1/1st_fastp_report_data   (-f was specified)
[2022-11-23 12:14:30,172] multiqc                                            [INFO   ]  Report      : fq_fp1/1st_fastp_report.html
[2022-11-23 12:14:30,172] multiqc                                            [INFO   ]  Data        : fq_fp1/1st_fastp_report_data
[2022-11-23 12:14:30,172] multiqc                                            [DEBUG  ]  Moving data file from '/tmp/tmpt99fa5oh/multiqc_data' to 'fq_fp1/1st_fastp_report_data'
[2022-11-23 12:14:31,591] multiqc                                            [INFO   ]  Plots       : fq_fp1/1st_fastp_report_plots
[2022-11-23 12:14:31,591] multiqc                                            [DEBUG  ]  Moving plots directory from '/tmp/tmpt99fa5oh/multiqc_plots' to 'fq_fp1/1st_fastp_report_plots'
[2022-11-23 12:14:31,999] multiqc                                            [INFO   ]  MultiQC complete
