[M::bwa_idx_load_from_disk] read 0 ALT contigs
[M::process] read 4413140 sequences (400000034 bp)...
[M::mem_pestat] # candidate unique pairs for (FF, FR, RF, RR): (46, 661027, 14, 63)
[M::mem_pestat] analyzing insert size distribution for orientation FF...
[M::mem_pestat] (25, 50, 75) percentile: (26, 33, 42)
[M::mem_pestat] low and high boundaries for computing mean and std.dev: (1, 74)
[M::mem_pestat] mean and std.dev: (33.30, 12.74)
[M::mem_pestat] low and high boundaries for proper pairs: (1, 90)
[M::mem_pestat] analyzing insert size distribution for orientation FR...
[M::mem_pestat] (25, 50, 75) percentile: (57, 76, 95)
[M::mem_pestat] low and high boundaries for computing mean and std.dev: (1, 171)
[M::mem_pestat] mean and std.dev: (77.08, 27.92)
[M::mem_pestat] low and high boundaries for proper pairs: (1, 209)
[M::mem_pestat] analyzing insert size distribution for orientation RF...
[M::mem_pestat] (25, 50, 75) percentile: (21, 40, 106)
[M::mem_pestat] low and high boundaries for computing mean and std.dev: (1, 276)
[M::mem_pestat] mean and std.dev: (53.33, 61.02)
[M::mem_pestat] low and high boundaries for proper pairs: (1, 361)
[M::mem_pestat] analyzing insert size distribution for orientation RR...
[M::mem_pestat] (25, 50, 75) percentile: (26, 39, 98)
[M::mem_pestat] low and high boundaries for computing mean and std.dev: (1, 242)
[M::mem_pestat] mean and std.dev: (46.30, 32.38)
[M::mem_pestat] low and high boundaries for proper pairs: (1, 314)
[M::mem_pestat] skip orientation FF
[M::mem_pestat] skip orientation RF
[M::mem_pestat] skip orientation RR
[M::mem_process_seqs] Processed 4413140 reads in 1557.045 CPU sec, 483.915 real sec
[M::process] read 2622046 sequences (243820501 bp)...
[M::mem_pestat] # candidate unique pairs for (FF, FR, RF, RR): (28, 365968, 8, 35)
[M::mem_pestat] analyzing insert size distribution for orientation FF...
[M::mem_pestat] (25, 50, 75) percentile: (24, 33, 65)
[M::mem_pestat] low and high boundaries for computing mean and std.dev: (1, 147)
[M::mem_pestat] mean and std.dev: (36.58, 19.55)
[M::mem_pestat] low and high boundaries for proper pairs: (1, 188)
[M::mem_pestat] analyzing insert size distribution for orientation FR...
[M::mem_pestat] (25, 50, 75) percentile: (58, 76, 95)
[M::mem_pestat] low and high boundaries for computing mean and std.dev: (1, 169)
[M::mem_pestat] mean and std.dev: (77.19, 28.08)
[M::mem_pestat] low and high boundaries for proper pairs: (1, 206)
[M::mem_pestat] skip orientation RF as there are not enough pairs
[M::mem_pestat] analyzing insert size distribution for orientation RR...
[M::mem_pestat] (25, 50, 75) percentile: (23, 42, 122)
[M::mem_pestat] low and high boundaries for computing mean and std.dev: (1, 320)
[M::mem_pestat] mean and std.dev: (55.28, 42.86)
[M::mem_pestat] low and high boundaries for proper pairs: (1, 419)
[M::mem_pestat] skip orientation FF
[M::mem_pestat] skip orientation RR
[M::mem_process_seqs] Processed 2622046 reads in 903.743 CPU sec, 55.320 real sec
[main] Version: 0.7.17-r1188
[main] CMD: bwa mem -L 5 -t 40 -a -M -T 48 -A 1 -B 4 -O 6 -R @RG\tID:Sgr-AJol_059-Ex1-cssl.clmp.fp2_repr\tSM:Sgr-AJol_059-Ex1-cssl.clmp.fp2_repr\tPL:Illumina reference.ssl.Sgr-SgC0072C-contam-R1R2-noIsolate-fromPROBES.fasta Sgr-AJol_059-Ex1-cssl.clmp.fp2_repr.R1.fq.gz Sgr-AJol_059-Ex1-cssl.clmp.fp2_repr.R2.fq.gz
[main] Real time: 571.443 sec; CPU: 2482.353 sec
