[M::bwa_idx_load_from_disk] read 0 ALT contigs
[M::process] read 4610046 sequences (397865766 bp)...
[M::mem_pestat] # candidate unique pairs for (FF, FR, RF, RR): (27, 703792, 9, 10)
[M::mem_pestat] analyzing insert size distribution for orientation FF...
[M::mem_pestat] (25, 50, 75) percentile: (26, 38, 287)
[M::mem_pestat] low and high boundaries for computing mean and std.dev: (1, 809)
[M::mem_pestat] mean and std.dev: (159.59, 219.44)
[M::mem_pestat] low and high boundaries for proper pairs: (1, 1070)
[M::mem_pestat] analyzing insert size distribution for orientation FR...
[M::mem_pestat] (25, 50, 75) percentile: (55, 72, 89)
[M::mem_pestat] low and high boundaries for computing mean and std.dev: (1, 157)
[M::mem_pestat] mean and std.dev: (73.17, 25.80)
[M::mem_pestat] low and high boundaries for proper pairs: (1, 191)
[M::mem_pestat] skip orientation RF as there are not enough pairs
[M::mem_pestat] analyzing insert size distribution for orientation RR...
[M::mem_pestat] (25, 50, 75) percentile: (13, 64, 84)
[M::mem_pestat] low and high boundaries for computing mean and std.dev: (1, 226)
[M::mem_pestat] mean and std.dev: (40.00, 30.78)
[M::mem_pestat] low and high boundaries for proper pairs: (1, 297)
[M::mem_pestat] skip orientation FF
[M::mem_pestat] skip orientation RR
[M::mem_process_seqs] Processed 4610046 reads in 1508.182 CPU sec, 425.188 real sec
[main] Version: 0.7.17-r1188
[main] CMD: bwa mem -L 5 -t 40 -a -M -T 48 -A 1 -B 4 -O 6 -R @RG\tID:Sgr-AJol_021-Ex1-cssl.clmp.fp2_repr\tSM:Sgr-AJol_021-Ex1-cssl.clmp.fp2_repr\tPL:Illumina reference.ssl.Sgr-SgC0072C-contam-R1R2-noIsolate-fromPROBES.fasta Sgr-AJol_021-Ex1-cssl.clmp.fp2_repr.R1.fq.gz Sgr-AJol_021-Ex1-cssl.clmp.fp2_repr.R2.fq.gz
[main] Real time: 451.696 sec; CPU: 1525.958 sec
