[M::bwa_idx_load_from_disk] read 0 ALT contigs
[M::process] read 4280554 sequences (400000003 bp)...
[M::mem_pestat] # candidate unique pairs for (FF, FR, RF, RR): (42, 630002, 12, 33)
[M::mem_pestat] analyzing insert size distribution for orientation FF...
[M::mem_pestat] (25, 50, 75) percentile: (26, 37, 57)
[M::mem_pestat] low and high boundaries for computing mean and std.dev: (1, 119)
[M::mem_pestat] mean and std.dev: (35.06, 17.78)
[M::mem_pestat] low and high boundaries for proper pairs: (1, 150)
[M::mem_pestat] analyzing insert size distribution for orientation FR...
[M::mem_pestat] (25, 50, 75) percentile: (58, 78, 97)
[M::mem_pestat] low and high boundaries for computing mean and std.dev: (1, 175)
[M::mem_pestat] mean and std.dev: (78.82, 29.02)
[M::mem_pestat] low and high boundaries for proper pairs: (1, 214)
[M::mem_pestat] analyzing insert size distribution for orientation RF...
[M::mem_pestat] (25, 50, 75) percentile: (27, 41, 196)
[M::mem_pestat] low and high boundaries for computing mean and std.dev: (1, 534)
[M::mem_pestat] mean and std.dev: (69.91, 68.92)
[M::mem_pestat] low and high boundaries for proper pairs: (1, 703)
[M::mem_pestat] analyzing insert size distribution for orientation RR...
[M::mem_pestat] (25, 50, 75) percentile: (29, 51, 90)
[M::mem_pestat] low and high boundaries for computing mean and std.dev: (1, 212)
[M::mem_pestat] mean and std.dev: (44.46, 22.39)
[M::mem_pestat] low and high boundaries for proper pairs: (1, 273)
[M::mem_pestat] skip orientation FF
[M::mem_pestat] skip orientation RF
[M::mem_pestat] skip orientation RR
[M::mem_process_seqs] Processed 4280554 reads in 1613.802 CPU sec, 482.373 real sec
[M::process] read 2086124 sequences (199645581 bp)...
[M::mem_pestat] # candidate unique pairs for (FF, FR, RF, RR): (12, 287198, 4, 19)
[M::mem_pestat] analyzing insert size distribution for orientation FF...
[M::mem_pestat] (25, 50, 75) percentile: (29, 41, 74)
[M::mem_pestat] low and high boundaries for computing mean and std.dev: (1, 164)
[M::mem_pestat] mean and std.dev: (37.40, 18.85)
[M::mem_pestat] low and high boundaries for proper pairs: (1, 209)
[M::mem_pestat] analyzing insert size distribution for orientation FR...
[M::mem_pestat] (25, 50, 75) percentile: (58, 78, 98)
[M::mem_pestat] low and high boundaries for computing mean and std.dev: (1, 178)
[M::mem_pestat] mean and std.dev: (79.04, 29.30)
[M::mem_pestat] low and high boundaries for proper pairs: (1, 218)
[M::mem_pestat] skip orientation RF as there are not enough pairs
[M::mem_pestat] analyzing insert size distribution for orientation RR...
[M::mem_pestat] (25, 50, 75) percentile: (28, 56, 545)
[M::mem_pestat] low and high boundaries for computing mean and std.dev: (1, 1579)
[M::mem_pestat] mean and std.dev: (182.11, 225.18)
[M::mem_pestat] low and high boundaries for proper pairs: (1, 2096)
[M::mem_pestat] skip orientation FF
[M::mem_pestat] skip orientation RR
[M::mem_process_seqs] Processed 2086124 reads in 777.818 CPU sec, 47.418 real sec
[main] Version: 0.7.17-r1188
[main] CMD: bwa mem -L 5 -t 40 -a -M -T 48 -A 1 -B 4 -O 6 -R @RG\tID:Sgr-AJol_076-Ex1-cssl.clmp.fp2_repr\tSM:Sgr-AJol_076-Ex1-cssl.clmp.fp2_repr\tPL:Illumina reference.ssl.Sgr-SgC0072C-contam-R1R2-noIsolate-fromPROBES.fasta Sgr-AJol_076-Ex1-cssl.clmp.fp2_repr.R1.fq.gz Sgr-AJol_076-Ex1-cssl.clmp.fp2_repr.R2.fq.gz
[main] Real time: 553.588 sec; CPU: 2410.199 sec
