****                   ADMIXTURE Version 1.3.0                  ****
****                    Copyright 2008-2015                     ****
****           David Alexander, Suyash Shringarpure,            ****
****                John  Novembre, Ken Lange                   ****
****                                                            ****
****                 Please cite our paper!                     ****
****   Information at www.genetics.ucla.edu/software/admixture  ****

Cross-validation will be performed.  Folds=5.
Random seed: 43
Point estimation method: Block relaxation algorithm
Convergence acceleration algorithm: QuasiNewton, 3 secant conditions
Point estimation will terminate when objective function delta < 0.0001
Estimation of standard errors disabled; will compute point estimates only.
Size of G: 410x23803
Performing five EM steps to prime main algorithm
1 (EM) 	Elapsed: 3.7	Loglikelihood: -6.36052e+06	(delta): 5.40181e+06
2 (EM) 	Elapsed: 3.699	Loglikelihood: -6.14446e+06	(delta): 216065
3 (EM) 	Elapsed: 3.697	Loglikelihood: -6.11092e+06	(delta): 33542.3
4 (EM) 	Elapsed: 3.697	Loglikelihood: -6.09042e+06	(delta): 20498.6
5 (EM) 	Elapsed: 3.698	Loglikelihood: -6.07214e+06	(delta): 18278
Initial loglikelihood: -6.07214e+06
Starting main algorithm
1 (QN/Block) 	Elapsed: 11.793	Loglikelihood: -5.20552e+06	(delta): 866623
2 (QN/Block) 	Elapsed: 11.804	Loglikelihood: -5.10642e+06	(delta): 99092.1
3 (QN/Block) 	Elapsed: 12.229	Loglikelihood: -5.05833e+06	(delta): 48093.5
4 (QN/Block) 	Elapsed: 12.215	Loglikelihood: -5.02864e+06	(delta): 29690.1
5 (QN/Block) 	Elapsed: 12.594	Loglikelihood: -5.01646e+06	(delta): 12181.2
6 (QN/Block) 	Elapsed: 12.189	Loglikelihood: -5.01018e+06	(delta): 6273.95
7 (QN/Block) 	Elapsed: 12.186	Loglikelihood: -5.00617e+06	(delta): 4018.78
8 (QN/Block) 	Elapsed: 12.177	Loglikelihood: -5.00371e+06	(delta): 2459.26
9 (QN/Block) 	Elapsed: 12.166	Loglikelihood: -5.00204e+06	(delta): 1662.35
10 (QN/Block) 	Elapsed: 12.173	Loglikelihood: -5.00088e+06	(delta): 1161.73
11 (QN/Block) 	Elapsed: 12.171	Loglikelihood: -5.0001e+06	(delta): 779.121
12 (QN/Block) 	Elapsed: 12.374	Loglikelihood: -4.99944e+06	(delta): 665.472
13 (QN/Block) 	Elapsed: 12.153	Loglikelihood: -4.99901e+06	(delta): 429.795
14 (QN/Block) 	Elapsed: 12.165	Loglikelihood: -4.99871e+06	(delta): 299.909
15 (QN/Block) 	Elapsed: 12.163	Loglikelihood: -4.99845e+06	(delta): 256.254
16 (QN/Block) 	Elapsed: 12.164	Loglikelihood: -4.99825e+06	(delta): 197.451
17 (QN/Block) 	Elapsed: 12.154	Loglikelihood: -4.9981e+06	(delta): 157.618
18 (QN/Block) 	Elapsed: 12.163	Loglikelihood: -4.99801e+06	(delta): 83.3255
19 (QN/Block) 	Elapsed: 12.162	Loglikelihood: -4.99794e+06	(delta): 72.9574
20 (QN/Block) 	Elapsed: 12.161	Loglikelihood: -4.99788e+06	(delta): 60.2483
21 (QN/Block) 	Elapsed: 12.154	Loglikelihood: -4.99782e+06	(delta): 57.1454
22 (QN/Block) 	Elapsed: 12.161	Loglikelihood: -4.99778e+06	(delta): 43.4658
23 (QN/Block) 	Elapsed: 12.162	Loglikelihood: -4.99777e+06	(delta): 10.428
24 (QN/Block) 	Elapsed: 12.772	Loglikelihood: -4.99776e+06	(delta): 5.02784
25 (QN/Block) 	Elapsed: 12.155	Loglikelihood: -4.99775e+06	(delta): 14.3806
26 (QN/Block) 	Elapsed: 12.164	Loglikelihood: -4.99773e+06	(delta): 16.0732
27 (QN/Block) 	Elapsed: 12.164	Loglikelihood: -4.99772e+06	(delta): 14.2697
28 (QN/Block) 	Elapsed: 12.164	Loglikelihood: -4.99771e+06	(delta): 12.2859
29 (QN/Block) 	Elapsed: 12.761	Loglikelihood: -4.9977e+06	(delta): 6.05194
30 (QN/Block) 	Elapsed: 12.77	Loglikelihood: -4.99769e+06	(delta): 6.63903
31 (QN/Block) 	Elapsed: 12.365	Loglikelihood: -4.99769e+06	(delta): 3.18086
32 (QN/Block) 	Elapsed: 12.77	Loglikelihood: -4.99769e+06	(delta): 1.6418
33 (QN/Block) 	Elapsed: 12.766	Loglikelihood: -4.99769e+06	(delta): 1.16209
34 (QN/Block) 	Elapsed: 12.771	Loglikelihood: -4.99769e+06	(delta): 1.25686
35 (QN/Block) 	Elapsed: 12.771	Loglikelihood: -4.99769e+06	(delta): 1.2757
36 (QN/Block) 	Elapsed: 12.365	Loglikelihood: -4.99768e+06	(delta): 1.86519
37 (QN/Block) 	Elapsed: 12.763	Loglikelihood: -4.99768e+06	(delta): 1.21741
38 (QN/Block) 	Elapsed: 12.771	Loglikelihood: -4.99768e+06	(delta): 0.759413
39 (QN/Block) 	Elapsed: 12.768	Loglikelihood: -4.99768e+06	(delta): 2.4826
40 (QN/Block) 	Elapsed: 12.766	Loglikelihood: -4.99767e+06	(delta): 9.72802
41 (QN/Block) 	Elapsed: 12.76	Loglikelihood: -4.99766e+06	(delta): 8.85692
42 (QN/Block) 	Elapsed: 12.56	Loglikelihood: -4.99766e+06	(delta): 1.98363
43 (QN/Block) 	Elapsed: 12.16	Loglikelihood: -4.99766e+06	(delta): 1.08832
44 (QN/Block) 	Elapsed: 12.16	Loglikelihood: -4.99766e+06	(delta): 3.19621
45 (QN/Block) 	Elapsed: 12.162	Loglikelihood: -4.99765e+06	(delta): 4.03053
46 (QN/Block) 	Elapsed: 12.164	Loglikelihood: -4.99765e+06	(delta): 5.88991
47 (QN/Block) 	Elapsed: 12.763	Loglikelihood: -4.99764e+06	(delta): 2.91695
48 (QN/Block) 	Elapsed: 12.774	Loglikelihood: -4.99764e+06	(delta): 1.62766
49 (QN/Block) 	Elapsed: 12.761	Loglikelihood: -4.99764e+06	(delta): 3.14692
50 (QN/Block) 	Elapsed: 12.77	Loglikelihood: -4.99763e+06	(delta): 8.83986
51 (QN/Block) 	Elapsed: 12.763	Loglikelihood: -4.99761e+06	(delta): 21.2861
52 (QN/Block) 	Elapsed: 12.772	Loglikelihood: -4.99757e+06	(delta): 33.7951
53 (QN/Block) 	Elapsed: 12.762	Loglikelihood: -4.99755e+06	(delta): 27.1024
54 (QN/Block) 	Elapsed: 12.564	Loglikelihood: -4.99753e+06	(delta): 17.2063
55 (QN/Block) 	Elapsed: 12.76	Loglikelihood: -4.99751e+06	(delta): 17.9381
56 (QN/Block) 	Elapsed: 12.565	Loglikelihood: -4.99749e+06	(delta): 23.9845
57 (QN/Block) 	Elapsed: 12.762	Loglikelihood: -4.99745e+06	(delta): 32.4746
58 (QN/Block) 	Elapsed: 12.163	Loglikelihood: -4.99744e+06	(delta): 11.8763
59 (QN/Block) 	Elapsed: 12.151	Loglikelihood: -4.99743e+06	(delta): 8.78796
60 (QN/Block) 	Elapsed: 12.159	Loglikelihood: -4.99743e+06	(delta): 3.88997
61 (QN/Block) 	Elapsed: 12.153	Loglikelihood: -4.99742e+06	(delta): 7.8965
62 (QN/Block) 	Elapsed: 12.161	Loglikelihood: -4.99741e+06	(delta): 11.7047
63 (QN/Block) 	Elapsed: 12.154	Loglikelihood: -4.99741e+06	(delta): 5.6966
64 (QN/Block) 	Elapsed: 12.768	Loglikelihood: -4.9974e+06	(delta): 3.76374
65 (QN/Block) 	Elapsed: 12.152	Loglikelihood: -4.9974e+06	(delta): 4.91233
66 (QN/Block) 	Elapsed: 12.366	Loglikelihood: -4.99739e+06	(delta): 9.79113
67 (QN/Block) 	Elapsed: 12.164	Loglikelihood: -4.99738e+06	(delta): 11.0717
68 (QN/Block) 	Elapsed: 12.169	Loglikelihood: -4.99737e+06	(delta): 6.95712
69 (QN/Block) 	Elapsed: 12.159	Loglikelihood: -4.99736e+06	(delta): 4.29762
70 (QN/Block) 	Elapsed: 12.372	Loglikelihood: -4.99736e+06	(delta): 2.70546
71 (QN/Block) 	Elapsed: 12.764	Loglikelihood: -4.99736e+06	(delta): 1.06666
72 (QN/Block) 	Elapsed: 12.769	Loglikelihood: -4.99736e+06	(delta): 1.20584
73 (QN/Block) 	Elapsed: 12.76	Loglikelihood: -4.99736e+06	(delta): 1.33509
74 (QN/Block) 	Elapsed: 12.771	Loglikelihood: -4.99736e+06	(delta): 0.225776
75 (QN/Block) 	Elapsed: 12.56	Loglikelihood: -4.99736e+06	(delta): 0.396753
76 (QN/Block) 	Elapsed: 12.774	Loglikelihood: -4.99736e+06	(delta): 0.436176
77 (QN/Block) 	Elapsed: 12.558	Loglikelihood: -4.99736e+06	(delta): 0.359454
78 (QN/Block) 	Elapsed: 12.767	Loglikelihood: -4.99736e+06	(delta): 0.586617
79 (QN/Block) 	Elapsed: 12.759	Loglikelihood: -4.99736e+06	(delta): 0.505866
80 (QN/Block) 	Elapsed: 12.77	Loglikelihood: -4.99736e+06	(delta): 0.0220415
81 (QN/Block) 	Elapsed: 12.355	Loglikelihood: -4.99736e+06	(delta): 0.0136213
82 (QN/Block) 	Elapsed: 12.153	Loglikelihood: -4.99736e+06	(delta): 0.017494
83 (QN/Block) 	Elapsed: 12.153	Loglikelihood: -4.99736e+06	(delta): 0.00911751
84 (QN/Block) 	Elapsed: 12.162	Loglikelihood: -4.99736e+06	(delta): 0.0152981
85 (QN/Block) 	Elapsed: 12.194	Loglikelihood: -4.99736e+06	(delta): 0.0597539
86 (QN/Block) 	Elapsed: 12.196	Loglikelihood: -4.99736e+06	(delta): 0.0943639
87 (QN/Block) 	Elapsed: 12.172	Loglikelihood: -4.99735e+06	(delta): 0.321496
88 (QN/Block) 	Elapsed: 12.17	Loglikelihood: -4.99735e+06	(delta): 0.456558
89 (QN/Block) 	Elapsed: 12.162	Loglikelihood: -4.99735e+06	(delta): 0.401665
90 (QN/Block) 	Elapsed: 12.372	Loglikelihood: -4.99735e+06	(delta): 0.191886
91 (QN/Block) 	Elapsed: 12.768	Loglikelihood: -4.99735e+06	(delta): 0.172704
92 (QN/Block) 	Elapsed: 12.162	Loglikelihood: -4.99735e+06	(delta): 0.0141253
93 (QN/Block) 	Elapsed: 12.773	Loglikelihood: -4.99735e+06	(delta): 0.0177616
94 (QN/Block) 	Elapsed: 12.16	Loglikelihood: -4.99735e+06	(delta): 0.00270455
95 (QN/Block) 	Elapsed: 12.163	Loglikelihood: -4.99735e+06	(delta): 0.00029484
96 (QN/Block) 	Elapsed: 12.163	Loglikelihood: -4.99735e+06	(delta): 4.85955e-05
Summary: 
Converged in 96 iterations (1229.82 sec)
Loglikelihood: -4997353.706021
Fst divergences between estimated populations: 
	Pop0	Pop1	Pop2	Pop3	Pop4	Pop5	Pop6	Pop7	Pop8	Pop9	Pop10	Pop11	Pop12	
Pop0	
Pop1	0.293	
Pop2	0.024	0.296	
Pop3	0.045	0.300	0.039	
Pop4	0.040	0.291	0.020	0.047	
Pop5	0.043	0.294	0.038	0.043	0.043	
Pop6	0.044	0.297	0.038	0.044	0.042	0.023	
Pop7	0.220	0.300	0.224	0.221	0.226	0.216	0.220	
Pop8	0.205	0.286	0.208	0.207	0.211	0.201	0.205	0.030	
Pop9	0.209	0.293	0.208	0.212	0.210	0.207	0.211	0.033	0.021	
Pop10	0.273	0.361	0.272	0.276	0.272	0.270	0.274	0.138	0.123	0.116	
Pop11	0.216	0.298	0.216	0.220	0.218	0.215	0.219	0.044	0.032	0.023	0.125	
Pop12	0.195	0.283	0.196	0.201	0.199	0.195	0.200	0.110	0.092	0.090	0.153	0.100	
Pop13	0.189	0.283	0.189	0.194	0.193	0.189	0.194	0.115	0.097	0.095	0.159	0.105	0.019	
CV error (K=14): 0.23711
Writing output files.
