****                   ADMIXTURE Version 1.3.0                  ****
****                    Copyright 2008-2015                     ****
****           David Alexander, Suyash Shringarpure,            ****
****                John  Novembre, Ken Lange                   ****
****                                                            ****
****                 Please cite our paper!                     ****
****   Information at www.genetics.ucla.edu/software/admixture  ****

Cross-validation will be performed.  Folds=5.
Random seed: 43
Point estimation method: Block relaxation algorithm
Convergence acceleration algorithm: QuasiNewton, 3 secant conditions
Point estimation will terminate when objective function delta < 0.0001
Estimation of standard errors disabled; will compute point estimates only.
Size of G: 410x23803
Performing five EM steps to prime main algorithm
1 (EM) 	Elapsed: 0.774	Loglikelihood: -6.41682e+06	(delta): 6.30452e+06
2 (EM) 	Elapsed: 0.774	Loglikelihood: -6.20329e+06	(delta): 213531
3 (EM) 	Elapsed: 0.774	Loglikelihood: -6.1511e+06	(delta): 52194.3
4 (EM) 	Elapsed: 0.774	Loglikelihood: -6.11936e+06	(delta): 31735.1
5 (EM) 	Elapsed: 0.774	Loglikelihood: -6.09612e+06	(delta): 23239.9
Initial loglikelihood: -6.09612e+06
Starting main algorithm
1 (QN/Block) 	Elapsed: 1.955	Loglikelihood: -5.42607e+06	(delta): 670048
2 (QN/Block) 	Elapsed: 1.957	Loglikelihood: -5.2815e+06	(delta): 144569
3 (QN/Block) 	Elapsed: 2.193	Loglikelihood: -5.19642e+06	(delta): 85085
4 (QN/Block) 	Elapsed: 2.191	Loglikelihood: -5.15712e+06	(delta): 39294.2
5 (QN/Block) 	Elapsed: 2.305	Loglikelihood: -5.14456e+06	(delta): 12568.2
6 (QN/Block) 	Elapsed: 2.188	Loglikelihood: -5.14002e+06	(delta): 4533.83
7 (QN/Block) 	Elapsed: 2.187	Loglikelihood: -5.13865e+06	(delta): 1371.36
8 (QN/Block) 	Elapsed: 2.301	Loglikelihood: -5.13795e+06	(delta): 703.258
9 (QN/Block) 	Elapsed: 2.186	Loglikelihood: -5.13755e+06	(delta): 396.614
10 (QN/Block) 	Elapsed: 2.303	Loglikelihood: -5.1373e+06	(delta): 253.075
11 (QN/Block) 	Elapsed: 2.186	Loglikelihood: -5.13709e+06	(delta): 204.829
12 (QN/Block) 	Elapsed: 2.188	Loglikelihood: -5.13698e+06	(delta): 117.595
13 (QN/Block) 	Elapsed: 2.3	Loglikelihood: -5.13684e+06	(delta): 137.836
14 (QN/Block) 	Elapsed: 2.528	Loglikelihood: -5.13678e+06	(delta): 56.7755
15 (QN/Block) 	Elapsed: 2.186	Loglikelihood: -5.13675e+06	(delta): 35.3361
16 (QN/Block) 	Elapsed: 2.186	Loglikelihood: -5.13672e+06	(delta): 22.9991
17 (QN/Block) 	Elapsed: 2.186	Loglikelihood: -5.13671e+06	(delta): 10.563
18 (QN/Block) 	Elapsed: 2.186	Loglikelihood: -5.13671e+06	(delta): 5.3267
19 (QN/Block) 	Elapsed: 2.186	Loglikelihood: -5.13671e+06	(delta): 1.95711
20 (QN/Block) 	Elapsed: 2.186	Loglikelihood: -5.1367e+06	(delta): 0.901408
21 (QN/Block) 	Elapsed: 2.185	Loglikelihood: -5.1367e+06	(delta): 0.334476
22 (QN/Block) 	Elapsed: 2.299	Loglikelihood: -5.1367e+06	(delta): 0.160581
23 (QN/Block) 	Elapsed: 2.185	Loglikelihood: -5.1367e+06	(delta): 0.140049
24 (QN/Block) 	Elapsed: 2.186	Loglikelihood: -5.1367e+06	(delta): 0.0319356
25 (QN/Block) 	Elapsed: 2.185	Loglikelihood: -5.1367e+06	(delta): 0.0043118
26 (QN/Block) 	Elapsed: 2.186	Loglikelihood: -5.1367e+06	(delta): 0.00120202
27 (QN/Block) 	Elapsed: 2.185	Loglikelihood: -5.1367e+06	(delta): 4.05023e-05
Summary: 
Converged in 27 iterations (67.375 sec)
Loglikelihood: -5136703.498965
Fst divergences between estimated populations: 
	Pop0	Pop1	Pop2	
Pop0	
Pop1	0.085	
Pop2	0.200	0.185	
Pop3	0.025	0.097	0.205	
CV error (K=4): 0.21099
Writing output files.
