[M::bwa_idx_load_from_disk] read 0 ALT contigs
[M::process] read 3421514 sequences (400000143 bp)...
[M::process] read 348608 sequences (40642377 bp)...
[M::mem_pestat] # candidate unique pairs for (FF, FR, RF, RR): (302, 952064, 670, 298)
[M::mem_pestat] analyzing insert size distribution for orientation FF...
[M::mem_pestat] (25, 50, 75) percentile: (81, 81, 95)
[M::mem_pestat] low and high boundaries for computing mean and std.dev: (53, 123)
[M::mem_pestat] mean and std.dev: (86.77, 10.22)
[M::mem_pestat] low and high boundaries for proper pairs: (39, 137)
[M::mem_pestat] analyzing insert size distribution for orientation FR...
[M::mem_pestat] (25, 50, 75) percentile: (92, 121, 159)
[M::mem_pestat] low and high boundaries for computing mean and std.dev: (1, 293)
[M::mem_pestat] mean and std.dev: (127.99, 49.86)
[M::mem_pestat] low and high boundaries for proper pairs: (1, 360)
[M::mem_pestat] analyzing insert size distribution for orientation RF...
[M::mem_pestat] (25, 50, 75) percentile: (116, 142, 190)
[M::mem_pestat] low and high boundaries for computing mean and std.dev: (1, 338)
[M::mem_pestat] mean and std.dev: (115.90, 69.65)
[M::mem_pestat] low and high boundaries for proper pairs: (1, 412)
[M::mem_pestat] analyzing insert size distribution for orientation RR...
[M::mem_pestat] (25, 50, 75) percentile: (59, 76, 123)
[M::mem_pestat] low and high boundaries for computing mean and std.dev: (1, 251)
[M::mem_pestat] mean and std.dev: (81.57, 38.71)
[M::mem_pestat] low and high boundaries for proper pairs: (1, 315)
[M::mem_pestat] skip orientation FF
[M::mem_pestat] skip orientation RF
[M::mem_pestat] skip orientation RR
[M::mem_process_seqs] Processed 3421514 reads in 2653.287 CPU sec, 71.957 real sec
[M::mem_pestat] # candidate unique pairs for (FF, FR, RF, RR): (13, 97536, 23, 43)
[M::mem_pestat] analyzing insert size distribution for orientation FF...
[M::mem_pestat] (25, 50, 75) percentile: (86, 278, 281)
[M::mem_pestat] low and high boundaries for computing mean and std.dev: (1, 671)
[M::mem_pestat] mean and std.dev: (184.69, 105.68)
[M::mem_pestat] low and high boundaries for proper pairs: (1, 866)
[M::mem_pestat] analyzing insert size distribution for orientation FR...
[M::mem_pestat] (25, 50, 75) percentile: (92, 121, 160)
[M::mem_pestat] low and high boundaries for computing mean and std.dev: (1, 296)
[M::mem_pestat] mean and std.dev: (128.67, 50.75)
[M::mem_pestat] low and high boundaries for proper pairs: (1, 364)
[M::mem_pestat] analyzing insert size distribution for orientation RF...
[M::mem_pestat] (25, 50, 75) percentile: (145, 160, 200)
[M::mem_pestat] low and high boundaries for computing mean and std.dev: (35, 310)
[M::mem_pestat] mean and std.dev: (138.33, 52.47)
[M::mem_pestat] low and high boundaries for proper pairs: (1, 365)
[M::mem_pestat] analyzing insert size distribution for orientation RR...
[M::mem_pestat] (25, 50, 75) percentile: (87, 87, 111)
[M::mem_pestat] low and high boundaries for computing mean and std.dev: (39, 159)
[M::mem_pestat] mean and std.dev: (92.39, 22.18)
[M::mem_pestat] low and high boundaries for proper pairs: (4, 183)
[M::mem_pestat] skip orientation FF
[M::mem_pestat] skip orientation RF
[M::mem_pestat] skip orientation RR
[M::mem_process_seqs] Processed 348608 reads in 249.610 CPU sec, 6.928 real sec
[main] Version: 0.7.17-r1188
[main] CMD: bwa mem -L 5 -t 40 -a -M -T 80 -A 1 -B 4 -O 6 -R @RG\tID:Hmi-ABas_024-Ex1-12B.clmp.fp2_repr\tSM:Hmi-ABas_024-Ex1-12B.clmp.fp2_repr\tPL:Illumina reference.ssl.Hmi-C-0451B-R1R2-contam-noIsolate.fasta Hmi-ABas_024-Ex1-12B.clmp.fp2_repr.R1.fq.gz Hmi-ABas_024-Ex1-12B.clmp.fp2_repr.R2.fq.gz
[main] Real time: 98.870 sec; CPU: 2922.458 sec
