[M::bwa_idx_load_from_disk] read 0 ALT contigs
[M::process] read 3424722 sequences (400000065 bp)...
[M::process] read 837458 sequences (97308834 bp)...
[M::mem_pestat] # candidate unique pairs for (FF, FR, RF, RR): (279, 903752, 170, 276)
[M::mem_pestat] analyzing insert size distribution for orientation FF...
[M::mem_pestat] (25, 50, 75) percentile: (27, 69, 87)
[M::mem_pestat] low and high boundaries for computing mean and std.dev: (1, 207)
[M::mem_pestat] mean and std.dev: (66.34, 41.14)
[M::mem_pestat] low and high boundaries for proper pairs: (1, 267)
[M::mem_pestat] analyzing insert size distribution for orientation FR...
[M::mem_pestat] (25, 50, 75) percentile: (93, 122, 157)
[M::mem_pestat] low and high boundaries for computing mean and std.dev: (1, 285)
[M::mem_pestat] mean and std.dev: (127.53, 47.46)
[M::mem_pestat] low and high boundaries for proper pairs: (1, 349)
[M::mem_pestat] analyzing insert size distribution for orientation RF...
[M::mem_pestat] (25, 50, 75) percentile: (90, 160, 197)
[M::mem_pestat] low and high boundaries for computing mean and std.dev: (1, 411)
[M::mem_pestat] mean and std.dev: (144.89, 55.84)
[M::mem_pestat] low and high boundaries for proper pairs: (1, 518)
[M::mem_pestat] analyzing insert size distribution for orientation RR...
[M::mem_pestat] (25, 50, 75) percentile: (38, 104, 250)
[M::mem_pestat] low and high boundaries for computing mean and std.dev: (1, 674)
[M::mem_pestat] mean and std.dev: (135.59, 104.09)
[M::mem_pestat] low and high boundaries for proper pairs: (1, 886)
[M::mem_pestat] skip orientation FF
[M::mem_pestat] skip orientation RF
[M::mem_pestat] skip orientation RR
[M::mem_process_seqs] Processed 3424722 reads in 3849.942 CPU sec, 108.035 real sec
[M::mem_pestat] # candidate unique pairs for (FF, FR, RF, RR): (37, 233554, 6, 60)
[M::mem_pestat] analyzing insert size distribution for orientation FF...
[M::mem_pestat] (25, 50, 75) percentile: (27, 57, 145)
[M::mem_pestat] low and high boundaries for computing mean and std.dev: (1, 381)
[M::mem_pestat] mean and std.dev: (82.32, 71.78)
[M::mem_pestat] low and high boundaries for proper pairs: (1, 499)
[M::mem_pestat] analyzing insert size distribution for orientation FR...
[M::mem_pestat] (25, 50, 75) percentile: (93, 122, 157)
[M::mem_pestat] low and high boundaries for computing mean and std.dev: (1, 285)
[M::mem_pestat] mean and std.dev: (127.10, 47.12)
[M::mem_pestat] low and high boundaries for proper pairs: (1, 349)
[M::mem_pestat] skip orientation RF as there are not enough pairs
[M::mem_pestat] analyzing insert size distribution for orientation RR...
[M::mem_pestat] (25, 50, 75) percentile: (11, 37, 104)
[M::mem_pestat] low and high boundaries for computing mean and std.dev: (1, 290)
[M::mem_pestat] mean and std.dev: (65.14, 80.25)
[M::mem_pestat] low and high boundaries for proper pairs: (1, 386)
[M::mem_pestat] skip orientation FF
[M::mem_pestat] skip orientation RR
[M::mem_process_seqs] Processed 837458 reads in 712.048 CPU sec, 19.672 real sec
[main] Version: 0.7.17-r1188
[main] CMD: bwa mem -L 5 -t 40 -a -M -T 80 -A 1 -B 4 -O 6 -R @RG\tID:Hmi-ABas_006-Ex1-06A.clmp.fp2_repr\tSM:Hmi-ABas_006-Ex1-06A.clmp.fp2_repr\tPL:Illumina reference.ssl.Hmi-C-0451B-R1R2-contam-noIsolate.fasta Hmi-ABas_006-Ex1-06A.clmp.fp2_repr.R1.fq.gz Hmi-ABas_006-Ex1-06A.clmp.fp2_repr.R2.fq.gz
[main] Real time: 145.354 sec; CPU: 4579.104 sec
