[M::bwa_idx_load_from_disk] read 0 ALT contigs
[M::process] read 1179608 sequences (132748278 bp)...
[M::mem_pestat] # candidate unique pairs for (FF, FR, RF, RR): (149, 360865, 13, 129)
[M::mem_pestat] analyzing insert size distribution for orientation FF...
[M::mem_pestat] (25, 50, 75) percentile: (37, 37, 69)
[M::mem_pestat] low and high boundaries for computing mean and std.dev: (1, 133)
[M::mem_pestat] mean and std.dev: (49.49, 20.48)
[M::mem_pestat] low and high boundaries for proper pairs: (1, 165)
[M::mem_pestat] analyzing insert size distribution for orientation FR...
[M::mem_pestat] (25, 50, 75) percentile: (88, 114, 147)
[M::mem_pestat] low and high boundaries for computing mean and std.dev: (1, 265)
[M::mem_pestat] mean and std.dev: (119.74, 43.66)
[M::mem_pestat] low and high boundaries for proper pairs: (1, 324)
[M::mem_pestat] analyzing insert size distribution for orientation RF...
[M::mem_pestat] (25, 50, 75) percentile: (153, 167, 225)
[M::mem_pestat] low and high boundaries for computing mean and std.dev: (9, 369)
[M::mem_pestat] mean and std.dev: (172.62, 49.31)
[M::mem_pestat] low and high boundaries for proper pairs: (1, 441)
[M::mem_pestat] analyzing insert size distribution for orientation RR...
[M::mem_pestat] (25, 50, 75) percentile: (58, 107, 107)
[M::mem_pestat] low and high boundaries for computing mean and std.dev: (1, 205)
[M::mem_pestat] mean and std.dev: (84.69, 28.41)
[M::mem_pestat] low and high boundaries for proper pairs: (1, 254)
[M::mem_pestat] skip orientation FF
[M::mem_pestat] skip orientation RF
[M::mem_pestat] skip orientation RR
[M::mem_process_seqs] Processed 1179608 reads in 943.479 CPU sec, 24.807 real sec
[main] Version: 0.7.17-r1188
[main] CMD: bwa mem -L 5 -t 40 -a -M -T 80 -A 1 -B 4 -O 6 -R @RG\tID:Hmi-ABas_003-Ex1-03A.clmp.fp2_repr\tSM:Hmi-ABas_003-Ex1-03A.clmp.fp2_repr\tPL:Illumina reference.ssl.Hmi-C-0451B-R1R2-contam-noIsolate.fasta Hmi-ABas_003-Ex1-03A.clmp.fp2_repr.R1.fq.gz Hmi-ABas_003-Ex1-03A.clmp.fp2_repr.R2.fq.gz
[main] Real time: 36.073 sec; CPU: 951.726 sec
