[M::bwa_idx_load_from_disk] read 0 ALT contigs
[M::process] read 4556504 sequences (400000042 bp)...
[M::mem_pestat] # candidate unique pairs for (FF, FR, RF, RR): (43, 705067, 14, 49)
[M::mem_pestat] analyzing insert size distribution for orientation FF...
[M::mem_pestat] (25, 50, 75) percentile: (19, 35, 516)
[M::mem_pestat] low and high boundaries for computing mean and std.dev: (1, 1510)
[M::mem_pestat] mean and std.dev: (141.76, 211.73)
[M::mem_pestat] low and high boundaries for proper pairs: (1, 2007)
[M::mem_pestat] analyzing insert size distribution for orientation FR...
[M::mem_pestat] (25, 50, 75) percentile: (56, 74, 92)
[M::mem_pestat] low and high boundaries for computing mean and std.dev: (1, 164)
[M::mem_pestat] mean and std.dev: (74.87, 26.65)
[M::mem_pestat] low and high boundaries for proper pairs: (1, 200)
[M::mem_pestat] analyzing insert size distribution for orientation RF...
[M::mem_pestat] (25, 50, 75) percentile: (24, 85, 170)
[M::mem_pestat] low and high boundaries for computing mean and std.dev: (1, 462)
[M::mem_pestat] mean and std.dev: (90.92, 93.94)
[M::mem_pestat] low and high boundaries for proper pairs: (1, 608)
[M::mem_pestat] analyzing insert size distribution for orientation RR...
[M::mem_pestat] (25, 50, 75) percentile: (25, 34, 59)
[M::mem_pestat] low and high boundaries for computing mean and std.dev: (1, 127)
[M::mem_pestat] mean and std.dev: (37.74, 23.92)
[M::mem_pestat] low and high boundaries for proper pairs: (1, 161)
[M::mem_pestat] skip orientation FF
[M::mem_pestat] skip orientation RF
[M::mem_pestat] skip orientation RR
[M::mem_process_seqs] Processed 4556504 reads in 1528.758 CPU sec, 83.643 real sec
[M::process] read 4551250 sequences (400000072 bp)...
[M::process] read 4512294 sequences (400000121 bp)...
[M::mem_pestat] # candidate unique pairs for (FF, FR, RF, RR): (33, 705372, 13, 48)
[M::mem_pestat] analyzing insert size distribution for orientation FF...
[M::mem_pestat] (25, 50, 75) percentile: (29, 42, 516)
[M::mem_pestat] low and high boundaries for computing mean and std.dev: (1, 1490)
[M::mem_pestat] mean and std.dev: (167.31, 215.84)
[M::mem_pestat] low and high boundaries for proper pairs: (1, 1977)
[M::mem_pestat] analyzing insert size distribution for orientation FR...
[M::mem_pestat] (25, 50, 75) percentile: (56, 74, 92)
[M::mem_pestat] low and high boundaries for computing mean and std.dev: (1, 164)
[M::mem_pestat] mean and std.dev: (74.90, 26.66)
[M::mem_pestat] low and high boundaries for proper pairs: (1, 200)
[M::mem_pestat] analyzing insert size distribution for orientation RF...
[M::mem_pestat] (25, 50, 75) percentile: (25, 59, 383)
[M::mem_pestat] low and high boundaries for computing mean and std.dev: (1, 1099)
[M::mem_pestat] mean and std.dev: (137.17, 148.25)
[M::mem_pestat] low and high boundaries for proper pairs: (1, 1457)
[M::mem_pestat] analyzing insert size distribution for orientation RR...
[M::mem_pestat] (25, 50, 75) percentile: (20, 38, 63)
[M::mem_pestat] low and high boundaries for computing mean and std.dev: (1, 149)
[M::mem_pestat] mean and std.dev: (31.55, 21.19)
[M::mem_pestat] low and high boundaries for proper pairs: (1, 192)
[M::mem_pestat] skip orientation FF
[M::mem_pestat] skip orientation RF
[M::mem_pestat] skip orientation RR
[M::mem_process_seqs] Processed 4551250 reads in 1517.179 CPU sec, 69.392 real sec
[M::mem_pestat] # candidate unique pairs for (FF, FR, RF, RR): (38, 687793, 7, 38)
[M::mem_pestat] analyzing insert size distribution for orientation FF...
[M::mem_pestat] (25, 50, 75) percentile: (26, 45, 113)
[M::mem_pestat] low and high boundaries for computing mean and std.dev: (1, 287)
[M::mem_pestat] mean and std.dev: (47.03, 32.42)
[M::mem_pestat] low and high boundaries for proper pairs: (1, 374)
[M::mem_pestat] analyzing insert size distribution for orientation FR...
[M::mem_pestat] (25, 50, 75) percentile: (56, 74, 92)
[M::mem_pestat] low and high boundaries for computing mean and std.dev: (1, 164)
[M::mem_pestat] mean and std.dev: (74.83, 26.68)
[M::mem_pestat] low and high boundaries for proper pairs: (1, 200)
[M::mem_pestat] skip orientation RF as there are not enough pairs
[M::mem_pestat] analyzing insert size distribution for orientation RR...
[M::mem_pestat] (25, 50, 75) percentile: (23, 44, 90)
[M::mem_pestat] low and high boundaries for computing mean and std.dev: (1, 224)
[M::mem_pestat] mean and std.dev: (47.45, 33.08)
[M::mem_pestat] low and high boundaries for proper pairs: (1, 291)
[M::mem_pestat] skip orientation FF
[M::mem_pestat] skip orientation RR
[M::mem_process_seqs] Processed 4512294 reads in 1493.205 CPU sec, 62.164 real sec
[M::process] read 4204186 sequences (381457886 bp)...
[M::mem_pestat] # candidate unique pairs for (FF, FR, RF, RR): (33, 597308, 19, 37)
[M::mem_pestat] analyzing insert size distribution for orientation FF...
[M::mem_pestat] (25, 50, 75) percentile: (21, 33, 46)
[M::mem_pestat] low and high boundaries for computing mean and std.dev: (1, 96)
[M::mem_pestat] mean and std.dev: (33.24, 13.89)
[M::mem_pestat] low and high boundaries for proper pairs: (1, 121)
[M::mem_pestat] analyzing insert size distribution for orientation FR...
[M::mem_pestat] (25, 50, 75) percentile: (56, 74, 92)
[M::mem_pestat] low and high boundaries for computing mean and std.dev: (1, 164)
[M::mem_pestat] mean and std.dev: (75.12, 26.86)
[M::mem_pestat] low and high boundaries for proper pairs: (1, 200)
[M::mem_pestat] analyzing insert size distribution for orientation RF...
[M::mem_pestat] (25, 50, 75) percentile: (90, 152, 262)
[M::mem_pestat] low and high boundaries for computing mean and std.dev: (1, 606)
[M::mem_pestat] mean and std.dev: (118.20, 70.90)
[M::mem_pestat] low and high boundaries for proper pairs: (1, 778)
[M::mem_pestat] analyzing insert size distribution for orientation RR...
[M::mem_pestat] (25, 50, 75) percentile: (22, 33, 49)
[M::mem_pestat] low and high boundaries for computing mean and std.dev: (1, 103)
[M::mem_pestat] mean and std.dev: (34.06, 20.92)
[M::mem_pestat] low and high boundaries for proper pairs: (1, 130)
[M::mem_pestat] skip orientation FF
[M::mem_pestat] skip orientation RF
[M::mem_pestat] skip orientation RR
[M::mem_process_seqs] Processed 4204186 reads in 1368.701 CPU sec, 61.548 real sec
[main] Version: 0.7.17-r1188
[main] CMD: bwa mem -L 5 -t 40 -a -M -T 24 -A 1 -B 4 -O 6 -R @RG\tID:Sgr-AJol_067-Ex1-cssl.clmp.fp2_repr\tSM:Sgr-AJol_067-Ex1-cssl.clmp.fp2_repr\tPL:Illumina reference.ssl.Sgr-libC.fasta Sgr-AJol_067-Ex1-cssl.clmp.fp2_repr.R1.fq.gz Sgr-AJol_067-Ex1-cssl.clmp.fp2_repr.R2.fq.gz
[main] Real time: 315.565 sec; CPU: 5955.865 sec
