[M::bwa_idx_load_from_disk] read 0 ALT contigs
[M::process] read 4742520 sequences (400000068 bp)...
[M::mem_pestat] # candidate unique pairs for (FF, FR, RF, RR): (42, 713456, 9, 36)
[M::mem_pestat] analyzing insert size distribution for orientation FF...
[M::mem_pestat] (25, 50, 75) percentile: (22, 31, 41)
[M::mem_pestat] low and high boundaries for computing mean and std.dev: (1, 79)
[M::mem_pestat] mean and std.dev: (29.94, 13.13)
[M::mem_pestat] low and high boundaries for proper pairs: (1, 98)
[M::mem_pestat] analyzing insert size distribution for orientation FR...
[M::mem_pestat] (25, 50, 75) percentile: (54, 71, 89)
[M::mem_pestat] low and high boundaries for computing mean and std.dev: (1, 159)
[M::mem_pestat] mean and std.dev: (72.40, 26.02)
[M::mem_pestat] low and high boundaries for proper pairs: (1, 194)
[M::mem_pestat] skip orientation RF as there are not enough pairs
[M::mem_pestat] analyzing insert size distribution for orientation RR...
[M::mem_pestat] (25, 50, 75) percentile: (21, 41, 523)
[M::mem_pestat] low and high boundaries for computing mean and std.dev: (1, 1527)
[M::mem_pestat] mean and std.dev: (162.86, 227.46)
[M::mem_pestat] low and high boundaries for proper pairs: (1, 2029)
[M::mem_pestat] skip orientation FF
[M::mem_pestat] skip orientation RR
[M::mem_process_seqs] Processed 4742520 reads in 1500.030 CPU sec, 91.443 real sec
[M::process] read 3785360 sequences (325123304 bp)...
[M::mem_pestat] # candidate unique pairs for (FF, FR, RF, RR): (22, 549441, 13, 24)
[M::mem_pestat] analyzing insert size distribution for orientation FF...
[M::mem_pestat] (25, 50, 75) percentile: (22, 34, 58)
[M::mem_pestat] low and high boundaries for computing mean and std.dev: (1, 130)
[M::mem_pestat] mean and std.dev: (35.89, 21.02)
[M::mem_pestat] low and high boundaries for proper pairs: (1, 166)
[M::mem_pestat] analyzing insert size distribution for orientation FR...
[M::mem_pestat] (25, 50, 75) percentile: (54, 71, 89)
[M::mem_pestat] low and high boundaries for computing mean and std.dev: (1, 159)
[M::mem_pestat] mean and std.dev: (72.51, 26.20)
[M::mem_pestat] low and high boundaries for proper pairs: (1, 194)
[M::mem_pestat] analyzing insert size distribution for orientation RF...
[M::mem_pestat] (25, 50, 75) percentile: (44, 150, 247)
[M::mem_pestat] low and high boundaries for computing mean and std.dev: (1, 653)
[M::mem_pestat] mean and std.dev: (112.18, 71.94)
[M::mem_pestat] low and high boundaries for proper pairs: (1, 856)
[M::mem_pestat] analyzing insert size distribution for orientation RR...
[M::mem_pestat] (25, 50, 75) percentile: (28, 42, 483)
[M::mem_pestat] low and high boundaries for computing mean and std.dev: (1, 1393)
[M::mem_pestat] mean and std.dev: (200.08, 237.02)
[M::mem_pestat] low and high boundaries for proper pairs: (1, 1848)
[M::mem_pestat] skip orientation FF
[M::mem_pestat] skip orientation RF
[M::mem_pestat] skip orientation RR
[M::mem_process_seqs] Processed 3785360 reads in 1173.979 CPU sec, 40.607 real sec
[main] Version: 0.7.17-r1188
[main] CMD: bwa mem -L 5 -t 40 -a -M -T 24 -A 1 -B 4 -O 6 -R @RG\tID:Sgr-AJol_032-Ex1-cssl.clmp.fp2_repr\tSM:Sgr-AJol_032-Ex1-cssl.clmp.fp2_repr\tPL:Illumina reference.ssl.Sgr-libC.fasta Sgr-AJol_032-Ex1-cssl.clmp.fp2_repr.R1.fq.gz Sgr-AJol_032-Ex1-cssl.clmp.fp2_repr.R2.fq.gz
[main] Real time: 155.732 sec; CPU: 2701.375 sec
