[M::bwa_idx_load_from_disk] read 0 ALT contigs
[M::process] read 4512800 sequences (400000090 bp)...
[M::mem_pestat] # candidate unique pairs for (FF, FR, RF, RR): (174, 1258254, 8, 144)
[M::mem_pestat] analyzing insert size distribution for orientation FF...
[M::mem_pestat] (25, 50, 75) percentile: (24, 36, 50)
[M::mem_pestat] low and high boundaries for computing mean and std.dev: (1, 102)
[M::mem_pestat] mean and std.dev: (39.57, 21.35)
[M::mem_pestat] low and high boundaries for proper pairs: (1, 128)
[M::mem_pestat] analyzing insert size distribution for orientation FR...
[M::mem_pestat] (25, 50, 75) percentile: (67, 81, 99)
[M::mem_pestat] low and high boundaries for computing mean and std.dev: (3, 163)
[M::mem_pestat] mean and std.dev: (84.16, 24.48)
[M::mem_pestat] low and high boundaries for proper pairs: (1, 195)
[M::mem_pestat] skip orientation RF as there are not enough pairs
[M::mem_pestat] analyzing insert size distribution for orientation RR...
[M::mem_pestat] (25, 50, 75) percentile: (28, 37, 54)
[M::mem_pestat] low and high boundaries for computing mean and std.dev: (1, 106)
[M::mem_pestat] mean and std.dev: (40.16, 21.25)
[M::mem_pestat] low and high boundaries for proper pairs: (1, 132)
[M::mem_pestat] skip orientation FF
[M::mem_pestat] skip orientation RR
[M::mem_process_seqs] Processed 4512800 reads in 1353.636 CPU sec, 78.142 real sec
[M::process] read 4079750 sequences (362692905 bp)...
[M::mem_pestat] # candidate unique pairs for (FF, FR, RF, RR): (149, 1135066, 11, 122)
[M::mem_pestat] analyzing insert size distribution for orientation FF...
[M::mem_pestat] (25, 50, 75) percentile: (22, 33, 50)
[M::mem_pestat] low and high boundaries for computing mean and std.dev: (1, 106)
[M::mem_pestat] mean and std.dev: (37.23, 21.38)
[M::mem_pestat] low and high boundaries for proper pairs: (1, 134)
[M::mem_pestat] analyzing insert size distribution for orientation FR...
[M::mem_pestat] (25, 50, 75) percentile: (67, 81, 100)
[M::mem_pestat] low and high boundaries for computing mean and std.dev: (1, 166)
[M::mem_pestat] mean and std.dev: (84.35, 24.73)
[M::mem_pestat] low and high boundaries for proper pairs: (1, 199)
[M::mem_pestat] analyzing insert size distribution for orientation RF...
[M::mem_pestat] (25, 50, 75) percentile: (19, 61, 138)
[M::mem_pestat] low and high boundaries for computing mean and std.dev: (1, 376)
[M::mem_pestat] mean and std.dev: (75.91, 62.55)
[M::mem_pestat] low and high boundaries for proper pairs: (1, 495)
[M::mem_pestat] analyzing insert size distribution for orientation RR...
[M::mem_pestat] (25, 50, 75) percentile: (27, 40, 51)
[M::mem_pestat] low and high boundaries for computing mean and std.dev: (1, 99)
[M::mem_pestat] mean and std.dev: (40.25, 20.47)
[M::mem_pestat] low and high boundaries for proper pairs: (1, 123)
[M::mem_pestat] skip orientation FF
[M::mem_pestat] skip orientation RF
[M::mem_pestat] skip orientation RR
[M::mem_process_seqs] Processed 4079750 reads in 1207.194 CPU sec, 51.830 real sec
[main] Version: 0.7.17-r1188
[main] CMD: bwa mem -L 5 -t 40 -a -M -T 24 -A 1 -B 4 -O 6 -R @RG\tID:Sgr-AJol_046-Ex1-cssl.clmp.fp2_repr\tSM:Sgr-AJol_046-Ex1-cssl.clmp.fp2_repr\tPL:Illumina reference.ssl.Sgr-libC.fasta Sgr-AJol_046-Ex1-cssl.clmp.fp2_repr.R1.fq.gz Sgr-AJol_046-Ex1-cssl.clmp.fp2_repr.R2.fq.gz
[main] Real time: 155.099 sec; CPU: 2590.080 sec
