[M::bwa_idx_load_from_disk] read 0 ALT contigs
[M::process] read 1947962 sequences (236270877 bp)...
[M::mem_pestat] # candidate unique pairs for (FF, FR, RF, RR): (44, 287369, 70, 23)
[M::mem_pestat] analyzing insert size distribution for orientation FF...
[M::mem_pestat] (25, 50, 75) percentile: (148, 148, 577)
[M::mem_pestat] low and high boundaries for computing mean and std.dev: (1, 1435)
[M::mem_pestat] mean and std.dev: (224.79, 198.48)
[M::mem_pestat] low and high boundaries for proper pairs: (1, 1864)
[M::mem_pestat] analyzing insert size distribution for orientation FR...
[M::mem_pestat] (25, 50, 75) percentile: (82, 122, 172)
[M::mem_pestat] low and high boundaries for computing mean and std.dev: (1, 352)
[M::mem_pestat] mean and std.dev: (131.20, 66.95)
[M::mem_pestat] low and high boundaries for proper pairs: (1, 442)
[M::mem_pestat] analyzing insert size distribution for orientation RF...
[M::mem_pestat] (25, 50, 75) percentile: (103, 527, 3273)
[M::mem_pestat] low and high boundaries for computing mean and std.dev: (1, 9613)
[M::mem_pestat] mean and std.dev: (1709.26, 2016.41)
[M::mem_pestat] low and high boundaries for proper pairs: (1, 12783)
[M::mem_pestat] analyzing insert size distribution for orientation RR...
[M::mem_pestat] (25, 50, 75) percentile: (87, 88, 147)
[M::mem_pestat] low and high boundaries for computing mean and std.dev: (1, 267)
[M::mem_pestat] mean and std.dev: (78.33, 36.00)
[M::mem_pestat] low and high boundaries for proper pairs: (1, 327)
[M::mem_pestat] skip orientation FF
[M::mem_pestat] skip orientation RF
[M::mem_pestat] skip orientation RR
[M::mem_process_seqs] Processed 1947962 reads in 1149.595 CPU sec, 143.169 real sec
[main] Version: 0.7.17-r1188
[main] CMD: bwa mem -L 5 -t 40 -a -M -T 30 -A 1 -B 4 -O 6 -R @RG\tID:Sgr-CJol_041-Ex1-cssl.clmp.fp2_repr\tSM:Sgr-CJol_041-Ex1-cssl.clmp.fp2_repr\tPL:Illumina reference.ssl.Sgr-libC.fasta Sgr-CJol_041-Ex1-cssl.clmp.fp2_repr.R1.fq.gz Sgr-CJol_041-Ex1-cssl.clmp.fp2_repr.R2.fq.gz
[main] Real time: 156.507 sec; CPU: 1160.198 sec
