[M::bwa_idx_load_from_disk] read 0 ALT contigs
[M::process] read 894078 sequences (113806766 bp)...
[M::mem_pestat] # candidate unique pairs for (FF, FR, RF, RR): (26, 130432, 58, 9)
[M::mem_pestat] analyzing insert size distribution for orientation FF...
[M::mem_pestat] (25, 50, 75) percentile: (156, 156, 156)
[M::mem_pestat] low and high boundaries for computing mean and std.dev: (156, 156)
[M::mem_pestat] mean and std.dev: (156.00, 0.00)
[M::mem_pestat] low and high boundaries for proper pairs: (156, 156)
[M::mem_pestat] analyzing insert size distribution for orientation FR...
[M::mem_pestat] (25, 50, 75) percentile: (92, 138, 202)
[M::mem_pestat] low and high boundaries for computing mean and std.dev: (1, 422)
[M::mem_pestat] mean and std.dev: (154.07, 84.82)
[M::mem_pestat] low and high boundaries for proper pairs: (1, 532)
[M::mem_pestat] analyzing insert size distribution for orientation RF...
[M::mem_pestat] (25, 50, 75) percentile: (191, 999, 1357)
[M::mem_pestat] low and high boundaries for computing mean and std.dev: (1, 3689)
[M::mem_pestat] mean and std.dev: (756.08, 515.65)
[M::mem_pestat] low and high boundaries for proper pairs: (1, 4855)
[M::mem_pestat] skip orientation RR as there are not enough pairs
[M::mem_pestat] skip orientation FF
[M::mem_pestat] skip orientation RF
[M::mem_process_seqs] Processed 894078 reads in 572.458 CPU sec, 66.869 real sec
[main] Version: 0.7.17-r1188
[main] CMD: bwa mem -L 5 -t 40 -a -M -T 30 -A 1 -B 4 -O 6 -R @RG\tID:Sgr-CMas_007-Ex1-cssl.clmp.fp2_repr\tSM:Sgr-CMas_007-Ex1-cssl.clmp.fp2_repr\tPL:Illumina reference.ssl.Sgr-libC.fasta Sgr-CMas_007-Ex1-cssl.clmp.fp2_repr.R1.fq.gz Sgr-CMas_007-Ex1-cssl.clmp.fp2_repr.R2.fq.gz
[main] Real time: 75.022 sec; CPU: 578.600 sec
