[M::bwa_idx_load_from_disk] read 0 ALT contigs
[M::process] read 1737908 sequences (206886829 bp)...
[M::mem_pestat] # candidate unique pairs for (FF, FR, RF, RR): (145, 271477, 131, 86)
[M::mem_pestat] analyzing insert size distribution for orientation FF...
[M::mem_pestat] (25, 50, 75) percentile: (291, 2257, 2257)
[M::mem_pestat] low and high boundaries for computing mean and std.dev: (1, 6189)
[M::mem_pestat] mean and std.dev: (1636.81, 940.24)
[M::mem_pestat] low and high boundaries for proper pairs: (1, 8155)
[M::mem_pestat] analyzing insert size distribution for orientation FR...
[M::mem_pestat] (25, 50, 75) percentile: (79, 116, 162)
[M::mem_pestat] low and high boundaries for computing mean and std.dev: (1, 328)
[M::mem_pestat] mean and std.dev: (124.15, 62.12)
[M::mem_pestat] low and high boundaries for proper pairs: (1, 411)
[M::mem_pestat] analyzing insert size distribution for orientation RF...
[M::mem_pestat] (25, 50, 75) percentile: (194, 807, 1260)
[M::mem_pestat] low and high boundaries for computing mean and std.dev: (1, 3392)
[M::mem_pestat] mean and std.dev: (719.42, 464.65)
[M::mem_pestat] low and high boundaries for proper pairs: (1, 4458)
[M::mem_pestat] analyzing insert size distribution for orientation RR...
[M::mem_pestat] (25, 50, 75) percentile: (510, 510, 539)
[M::mem_pestat] low and high boundaries for computing mean and std.dev: (452, 597)
[M::mem_pestat] mean and std.dev: (524.52, 14.82)
[M::mem_pestat] low and high boundaries for proper pairs: (423, 626)
[M::mem_pestat] skip orientation FF
[M::mem_pestat] skip orientation RF
[M::mem_pestat] skip orientation RR
[M::mem_process_seqs] Processed 1737908 reads in 967.816 CPU sec, 125.385 real sec
[main] Version: 0.7.17-r1188
[main] CMD: bwa mem -L 5 -t 40 -a -M -T 30 -A 1 -B 4 -O 6 -R @RG\tID:Sgr-CJol_035-Ex1-cssl.clmp.fp2_repr\tSM:Sgr-CJol_035-Ex1-cssl.clmp.fp2_repr\tPL:Illumina reference.ssl.Sgr-libC.fasta Sgr-CJol_035-Ex1-cssl.clmp.fp2_repr.R1.fq.gz Sgr-CJol_035-Ex1-cssl.clmp.fp2_repr.R2.fq.gz
[main] Real time: 137.698 sec; CPU: 977.180 sec
