[M::bwa_idx_load_from_disk] read 0 ALT contigs
[M::process] read 3284712 sequences (400000193 bp)...
[M::mem_pestat] # candidate unique pairs for (FF, FR, RF, RR): (277, 899562, 180, 242)
[M::mem_pestat] analyzing insert size distribution for orientation FF...
[M::mem_pestat] (25, 50, 75) percentile: (79, 79, 84)
[M::mem_pestat] low and high boundaries for computing mean and std.dev: (69, 94)
[M::mem_pestat] mean and std.dev: (80.68, 2.63)
[M::mem_pestat] low and high boundaries for proper pairs: (64, 99)
[M::mem_pestat] analyzing insert size distribution for orientation FR...
[M::mem_pestat] (25, 50, 75) percentile: (103, 137, 179)
[M::mem_pestat] low and high boundaries for computing mean and std.dev: (1, 331)
[M::mem_pestat] mean and std.dev: (144.51, 57.41)
[M::mem_pestat] low and high boundaries for proper pairs: (1, 407)
[M::mem_pestat] analyzing insert size distribution for orientation RF...
[M::mem_pestat] (25, 50, 75) percentile: (146, 169, 180)
[M::mem_pestat] low and high boundaries for computing mean and std.dev: (78, 248)
[M::mem_pestat] mean and std.dev: (160.41, 30.94)
[M::mem_pestat] low and high boundaries for proper pairs: (37, 284)
[M::mem_pestat] analyzing insert size distribution for orientation RR...
[M::mem_pestat] (25, 50, 75) percentile: (112, 112, 131)
[M::mem_pestat] low and high boundaries for computing mean and std.dev: (74, 169)
[M::mem_pestat] mean and std.dev: (120.57, 22.30)
[M::mem_pestat] low and high boundaries for proper pairs: (31, 210)
[M::mem_pestat] skip orientation FF
[M::mem_pestat] skip orientation RF
[M::mem_pestat] skip orientation RR
[M::process] read 3255198 sequences (397503294 bp)...
[M::mem_process_seqs] Processed 3284712 reads in 5947.762 CPU sec, 189.446 real sec
[M::mem_pestat] # candidate unique pairs for (FF, FR, RF, RR): (100, 930794, 50, 167)
[M::mem_pestat] analyzing insert size distribution for orientation FF...
[M::mem_pestat] (25, 50, 75) percentile: (79, 84, 122)
[M::mem_pestat] low and high boundaries for computing mean and std.dev: (1, 208)
[M::mem_pestat] mean and std.dev: (95.32, 30.64)
[M::mem_pestat] low and high boundaries for proper pairs: (1, 251)
[M::mem_pestat] analyzing insert size distribution for orientation FR...
[M::mem_pestat] (25, 50, 75) percentile: (103, 137, 179)
[M::mem_pestat] low and high boundaries for computing mean and std.dev: (1, 331)
[M::mem_pestat] mean and std.dev: (144.49, 57.20)
[M::mem_pestat] low and high boundaries for proper pairs: (1, 407)
[M::mem_pestat] analyzing insert size distribution for orientation RF...
[M::mem_pestat] (25, 50, 75) percentile: (54, 149, 205)
[M::mem_pestat] low and high boundaries for computing mean and std.dev: (1, 507)
[M::mem_pestat] mean and std.dev: (154.67, 107.39)
[M::mem_pestat] low and high boundaries for proper pairs: (1, 658)
[M::mem_pestat] analyzing insert size distribution for orientation RR...
[M::mem_pestat] (25, 50, 75) percentile: (78, 112, 168)
[M::mem_pestat] low and high boundaries for computing mean and std.dev: (1, 348)
[M::mem_pestat] mean and std.dev: (141.49, 82.81)
[M::mem_pestat] low and high boundaries for proper pairs: (1, 473)
[M::mem_pestat] skip orientation FF
[M::mem_pestat] skip orientation RF
[M::mem_pestat] skip orientation RR
[M::mem_process_seqs] Processed 3255198 reads in 2575.127 CPU sec, 67.535 real sec
[main] Version: 0.7.17-r1188
[main] CMD: bwa mem -L 5 -t 40 -a -M -T 80 -A 1 -B 4 -O 6 -R @RG\tID:Hmi-AMac_048-Ex1-11F.clmp.fp2_repr\tSM:Hmi-AMac_048-Ex1-11F.clmp.fp2_repr\tPL:Illumina reference.ssl.Hmi-C-0451B-R1R2-contam-noIsolate.fasta Hmi-AMac_048-Ex1-11F.clmp.fp2_repr.R1.fq.gz Hmi-AMac_048-Ex1-11F.clmp.fp2_repr.R2.fq.gz
[main] Real time: 275.673 sec; CPU: 8541.147 sec
