[M::bwa_idx_load_from_disk] read 0 ALT contigs
[M::process] read 2859130 sequences (344622836 bp)...
[M::mem_pestat] # candidate unique pairs for (FF, FR, RF, RR): (34, 784371, 760, 35)
[M::mem_pestat] analyzing insert size distribution for orientation FF...
[M::mem_pestat] (25, 50, 75) percentile: (50, 89, 181)
[M::mem_pestat] low and high boundaries for computing mean and std.dev: (1, 443)
[M::mem_pestat] mean and std.dev: (112.27, 72.53)
[M::mem_pestat] low and high boundaries for proper pairs: (1, 574)
[M::mem_pestat] analyzing insert size distribution for orientation FR...
[M::mem_pestat] (25, 50, 75) percentile: (100, 133, 175)
[M::mem_pestat] low and high boundaries for computing mean and std.dev: (1, 325)
[M::mem_pestat] mean and std.dev: (141.33, 56.56)
[M::mem_pestat] low and high boundaries for proper pairs: (1, 400)
[M::mem_pestat] analyzing insert size distribution for orientation RF...
[M::mem_pestat] (25, 50, 75) percentile: (111, 149, 184)
[M::mem_pestat] low and high boundaries for computing mean and std.dev: (1, 330)
[M::mem_pestat] mean and std.dev: (140.26, 54.13)
[M::mem_pestat] low and high boundaries for proper pairs: (1, 403)
[M::mem_pestat] analyzing insert size distribution for orientation RR...
[M::mem_pestat] (25, 50, 75) percentile: (51, 76, 121)
[M::mem_pestat] low and high boundaries for computing mean and std.dev: (1, 261)
[M::mem_pestat] mean and std.dev: (90.46, 48.96)
[M::mem_pestat] low and high boundaries for proper pairs: (1, 331)
[M::mem_pestat] skip orientation FF
[M::mem_pestat] skip orientation RF
[M::mem_pestat] skip orientation RR
[M::mem_process_seqs] Processed 2859130 reads in 2336.036 CPU sec, 60.279 real sec
[main] Version: 0.7.17-r1188
[main] CMD: bwa mem -L 5 -t 40 -a -M -T 80 -A 1 -B 4 -O 6 -R @RG\tID:Hmi-ABas_022-Ex1-10B.clmp.fp2_repr\tSM:Hmi-ABas_022-Ex1-10B.clmp.fp2_repr\tPL:Illumina reference.ssl.Hmi-C-0451B-R1R2-contam-noIsolate.fasta Hmi-ABas_022-Ex1-10B.clmp.fp2_repr.R1.fq.gz Hmi-ABas_022-Ex1-10B.clmp.fp2_repr.R2.fq.gz
[main] Real time: 79.270 sec; CPU: 2351.998 sec
