[M::bwa_idx_load_from_disk] read 0 ALT contigs
[M::process] read 3327338 sequences (400000065 bp)...
[M::process] read 3036490 sequences (366008741 bp)...
[M::mem_pestat] # candidate unique pairs for (FF, FR, RF, RR): (106, 885623, 125, 389)
[M::mem_pestat] analyzing insert size distribution for orientation FF...
[M::mem_pestat] (25, 50, 75) percentile: (42, 65, 94)
[M::mem_pestat] low and high boundaries for computing mean and std.dev: (1, 198)
[M::mem_pestat] mean and std.dev: (71.26, 39.18)
[M::mem_pestat] low and high boundaries for proper pairs: (1, 250)
[M::mem_pestat] analyzing insert size distribution for orientation FR...
[M::mem_pestat] (25, 50, 75) percentile: (100, 131, 169)
[M::mem_pestat] low and high boundaries for computing mean and std.dev: (1, 307)
[M::mem_pestat] mean and std.dev: (137.48, 51.97)
[M::mem_pestat] low and high boundaries for proper pairs: (1, 376)
[M::mem_pestat] analyzing insert size distribution for orientation RF...
[M::mem_pestat] (25, 50, 75) percentile: (96, 161, 216)
[M::mem_pestat] low and high boundaries for computing mean and std.dev: (1, 456)
[M::mem_pestat] mean and std.dev: (173.61, 99.60)
[M::mem_pestat] low and high boundaries for proper pairs: (1, 576)
[M::mem_pestat] analyzing insert size distribution for orientation RR...
[M::mem_pestat] (25, 50, 75) percentile: (90, 90, 98)
[M::mem_pestat] low and high boundaries for computing mean and std.dev: (74, 114)
[M::mem_pestat] mean and std.dev: (93.58, 6.25)
[M::mem_pestat] low and high boundaries for proper pairs: (66, 122)
[M::mem_pestat] skip orientation FF
[M::mem_pestat] skip orientation RF
[M::mem_pestat] skip orientation RR
[M::mem_process_seqs] Processed 3327338 reads in 5501.031 CPU sec, 173.512 real sec
[M::mem_pestat] # candidate unique pairs for (FF, FR, RF, RR): (186, 835166, 46, 433)
[M::mem_pestat] analyzing insert size distribution for orientation FF...
[M::mem_pestat] (25, 50, 75) percentile: (42, 115, 115)
[M::mem_pestat] low and high boundaries for computing mean and std.dev: (1, 261)
[M::mem_pestat] mean and std.dev: (92.46, 40.84)
[M::mem_pestat] low and high boundaries for proper pairs: (1, 334)
[M::mem_pestat] analyzing insert size distribution for orientation FR...
[M::mem_pestat] (25, 50, 75) percentile: (100, 131, 169)
[M::mem_pestat] low and high boundaries for computing mean and std.dev: (1, 307)
[M::mem_pestat] mean and std.dev: (137.29, 51.87)
[M::mem_pestat] low and high boundaries for proper pairs: (1, 376)
[M::mem_pestat] analyzing insert size distribution for orientation RF...
[M::mem_pestat] (25, 50, 75) percentile: (157, 305, 2361)
[M::mem_pestat] low and high boundaries for computing mean and std.dev: (1, 6769)
[M::mem_pestat] mean and std.dev: (844.61, 968.46)
[M::mem_pestat] low and high boundaries for proper pairs: (1, 8973)
[M::mem_pestat] analyzing insert size distribution for orientation RR...
[M::mem_pestat] (25, 50, 75) percentile: (79, 79, 93)
[M::mem_pestat] low and high boundaries for computing mean and std.dev: (51, 121)
[M::mem_pestat] mean and std.dev: (85.42, 9.40)
[M::mem_pestat] low and high boundaries for proper pairs: (37, 135)
[M::mem_pestat] skip orientation FF
[M::mem_pestat] skip orientation RF
[M::mem_pestat] skip orientation RR
[M::mem_process_seqs] Processed 3036490 reads in 2244.609 CPU sec, 60.012 real sec
[main] Version: 0.7.17-r1188
[main] CMD: bwa mem -L 5 -t 40 -a -M -T 80 -A 1 -B 4 -O 6 -R @RG\tID:Hmi-ABas_038-Ex1-02D.clmp.fp2_repr\tSM:Hmi-ABas_038-Ex1-02D.clmp.fp2_repr\tPL:Illumina reference.ssl.Hmi-C-0451B-R1R2-contam-noIsolate.fasta Hmi-ABas_038-Ex1-02D.clmp.fp2_repr.R1.fq.gz Hmi-ABas_038-Ex1-02D.clmp.fp2_repr.R2.fq.gz
[main] Real time: 251.588 sec; CPU: 7763.200 sec
