[M::bwa_idx_load_from_disk] read 0 ALT contigs
[M::process] read 3305058 sequences (400000044 bp)...
[M::process] read 1426046 sequences (172140954 bp)...
[M::mem_pestat] # candidate unique pairs for (FF, FR, RF, RR): (259, 994621, 940, 108)
[M::mem_pestat] analyzing insert size distribution for orientation FF...
[M::mem_pestat] (25, 50, 75) percentile: (98, 98, 98)
[M::mem_pestat] low and high boundaries for computing mean and std.dev: (98, 98)
[M::mem_pestat] mean and std.dev: (98.00, 0.00)
[M::mem_pestat] low and high boundaries for proper pairs: (98, 98)
[M::mem_pestat] analyzing insert size distribution for orientation FR...
[M::mem_pestat] (25, 50, 75) percentile: (102, 133, 170)
[M::mem_pestat] low and high boundaries for computing mean and std.dev: (1, 306)
[M::mem_pestat] mean and std.dev: (139.03, 50.20)
[M::mem_pestat] low and high boundaries for proper pairs: (1, 374)
[M::mem_pestat] analyzing insert size distribution for orientation RF...
[M::mem_pestat] (25, 50, 75) percentile: (135, 160, 195)
[M::mem_pestat] low and high boundaries for computing mean and std.dev: (15, 315)
[M::mem_pestat] mean and std.dev: (156.14, 51.40)
[M::mem_pestat] low and high boundaries for proper pairs: (1, 375)
[M::mem_pestat] analyzing insert size distribution for orientation RR...
[M::mem_pestat] (25, 50, 75) percentile: (37, 81, 146)
[M::mem_pestat] low and high boundaries for computing mean and std.dev: (1, 364)
[M::mem_pestat] mean and std.dev: (92.96, 64.31)
[M::mem_pestat] low and high boundaries for proper pairs: (1, 473)
[M::mem_pestat] skip orientation FF
[M::mem_pestat] skip orientation RF
[M::mem_pestat] skip orientation RR
[M::mem_process_seqs] Processed 3305058 reads in 3766.901 CPU sec, 114.623 real sec
[M::mem_pestat] # candidate unique pairs for (FF, FR, RF, RR): (24, 447431, 233, 49)
[M::mem_pestat] analyzing insert size distribution for orientation FF...
[M::mem_pestat] (25, 50, 75) percentile: (98, 197, 267)
[M::mem_pestat] low and high boundaries for computing mean and std.dev: (1, 605)
[M::mem_pestat] mean and std.dev: (174.71, 90.23)
[M::mem_pestat] low and high boundaries for proper pairs: (1, 774)
[M::mem_pestat] analyzing insert size distribution for orientation FR...
[M::mem_pestat] (25, 50, 75) percentile: (102, 133, 171)
[M::mem_pestat] low and high boundaries for computing mean and std.dev: (1, 309)
[M::mem_pestat] mean and std.dev: (139.47, 50.67)
[M::mem_pestat] low and high boundaries for proper pairs: (1, 378)
[M::mem_pestat] analyzing insert size distribution for orientation RF...
[M::mem_pestat] (25, 50, 75) percentile: (110, 149, 190)
[M::mem_pestat] low and high boundaries for computing mean and std.dev: (1, 350)
[M::mem_pestat] mean and std.dev: (134.63, 63.87)
[M::mem_pestat] low and high boundaries for proper pairs: (1, 430)
[M::mem_pestat] analyzing insert size distribution for orientation RR...
[M::mem_pestat] (25, 50, 75) percentile: (38, 77, 100)
[M::mem_pestat] low and high boundaries for computing mean and std.dev: (1, 224)
[M::mem_pestat] mean and std.dev: (80.98, 47.72)
[M::mem_pestat] low and high boundaries for proper pairs: (1, 286)
[M::mem_pestat] skip orientation FF
[M::mem_pestat] skip orientation RF
[M::mem_pestat] skip orientation RR
[M::mem_process_seqs] Processed 1426046 reads in 881.142 CPU sec, 24.638 real sec
[main] Version: 0.7.17-r1188
[main] CMD: bwa mem -L 5 -t 40 -a -M -T 80 -A 1 -B 4 -O 6 -R @RG\tID:Hmi-AMac_031-Ex1-06E.clmp.fp2_repr\tSM:Hmi-AMac_031-Ex1-06E.clmp.fp2_repr\tPL:Illumina reference.ssl.Hmi-C-0451B-R1R2-contam-noIsolate.fasta Hmi-AMac_031-Ex1-06E.clmp.fp2_repr.R1.fq.gz Hmi-AMac_031-Ex1-06E.clmp.fp2_repr.R2.fq.gz
[main] Real time: 154.706 sec; CPU: 4663.048 sec
