[M::bwa_idx_load_from_disk] read 0 ALT contigs
[M::process] read 2303884 sequences (284960239 bp)...
[M::mem_pestat] # candidate unique pairs for (FF, FR, RF, RR): (859, 809017, 8, 197)
[M::mem_pestat] analyzing insert size distribution for orientation FF...
[M::mem_pestat] (25, 50, 75) percentile: (42, 117, 117)
[M::mem_pestat] low and high boundaries for computing mean and std.dev: (1, 267)
[M::mem_pestat] mean and std.dev: (84.94, 40.87)
[M::mem_pestat] low and high boundaries for proper pairs: (1, 342)
[M::mem_pestat] analyzing insert size distribution for orientation FR...
[M::mem_pestat] (25, 50, 75) percentile: (112, 138, 170)
[M::mem_pestat] low and high boundaries for computing mean and std.dev: (1, 286)
[M::mem_pestat] mean and std.dev: (143.19, 44.96)
[M::mem_pestat] low and high boundaries for proper pairs: (1, 344)
[M::mem_pestat] skip orientation RF as there are not enough pairs
[M::mem_pestat] analyzing insert size distribution for orientation RR...
[M::mem_pestat] (25, 50, 75) percentile: (28, 66, 74)
[M::mem_pestat] low and high boundaries for computing mean and std.dev: (1, 166)
[M::mem_pestat] mean and std.dev: (57.44, 23.69)
[M::mem_pestat] low and high boundaries for proper pairs: (1, 212)
[M::mem_pestat] skip orientation FF
[M::mem_pestat] skip orientation RR
[M::mem_process_seqs] Processed 2303884 reads in 1258.496 CPU sec, 32.966 real sec
[main] Version: 0.7.17-r1188
[main] CMD: bwa mem -L 5 -t 40 -a -M -T 80 -A 1 -B 4 -O 6 -R @RG\tID:Hmi-CPar_027-Ex1-10A.clmp.fp2_repr\tSM:Hmi-CPar_027-Ex1-10A.clmp.fp2_repr\tPL:Illumina reference.ssl.Hmi-C-0451B-R1R2-contam-noIsolate.fasta Hmi-CPar_027-Ex1-10A.clmp.fp2_repr.R1.fq.gz Hmi-CPar_027-Ex1-10A.clmp.fp2_repr.R2.fq.gz
[main] Real time: 49.351 sec; CPU: 1271.837 sec
