[M::bwa_idx_load_from_disk] read 0 ALT contigs
[M::process] read 3566010 sequences (400000047 bp)...
[M::process] read 404578 sequences (45282441 bp)...
[M::mem_pestat] # candidate unique pairs for (FF, FR, RF, RR): (96, 1092464, 124, 113)
[M::mem_pestat] analyzing insert size distribution for orientation FF...
[M::mem_pestat] (25, 50, 75) percentile: (66, 80, 80)
[M::mem_pestat] low and high boundaries for computing mean and std.dev: (38, 108)
[M::mem_pestat] mean and std.dev: (75.62, 9.45)
[M::mem_pestat] low and high boundaries for proper pairs: (24, 122)
[M::mem_pestat] analyzing insert size distribution for orientation FR...
[M::mem_pestat] (25, 50, 75) percentile: (87, 113, 146)
[M::mem_pestat] low and high boundaries for computing mean and std.dev: (1, 264)
[M::mem_pestat] mean and std.dev: (118.35, 43.32)
[M::mem_pestat] low and high boundaries for proper pairs: (1, 323)
[M::mem_pestat] analyzing insert size distribution for orientation RF...
[M::mem_pestat] (25, 50, 75) percentile: (137, 137, 186)
[M::mem_pestat] low and high boundaries for computing mean and std.dev: (39, 284)
[M::mem_pestat] mean and std.dev: (156.49, 34.18)
[M::mem_pestat] low and high boundaries for proper pairs: (1, 333)
[M::mem_pestat] analyzing insert size distribution for orientation RR...
[M::mem_pestat] (25, 50, 75) percentile: (43, 46, 66)
[M::mem_pestat] low and high boundaries for computing mean and std.dev: (1, 112)
[M::mem_pestat] mean and std.dev: (48.14, 19.42)
[M::mem_pestat] low and high boundaries for proper pairs: (1, 135)
[M::mem_pestat] skip orientation FF
[M::mem_pestat] skip orientation RF
[M::mem_pestat] skip orientation RR
[M::mem_process_seqs] Processed 3566010 reads in 2387.975 CPU sec, 65.345 real sec
[M::mem_pestat] # candidate unique pairs for (FF, FR, RF, RR): (3, 124679, 14, 13)
[M::mem_pestat] skip orientation FF as there are not enough pairs
[M::mem_pestat] analyzing insert size distribution for orientation FR...
[M::mem_pestat] (25, 50, 75) percentile: (87, 113, 145)
[M::mem_pestat] low and high boundaries for computing mean and std.dev: (1, 261)
[M::mem_pestat] mean and std.dev: (118.07, 43.02)
[M::mem_pestat] low and high boundaries for proper pairs: (1, 319)
[M::mem_pestat] analyzing insert size distribution for orientation RF...
[M::mem_pestat] (25, 50, 75) percentile: (124, 137, 186)
[M::mem_pestat] low and high boundaries for computing mean and std.dev: (1, 310)
[M::mem_pestat] mean and std.dev: (148.57, 34.17)
[M::mem_pestat] low and high boundaries for proper pairs: (1, 372)
[M::mem_pestat] analyzing insert size distribution for orientation RR...
[M::mem_pestat] (25, 50, 75) percentile: (43, 46, 128)
[M::mem_pestat] low and high boundaries for computing mean and std.dev: (1, 298)
[M::mem_pestat] mean and std.dev: (72.54, 46.08)
[M::mem_pestat] low and high boundaries for proper pairs: (1, 383)
[M::mem_pestat] skip orientation RF
[M::mem_pestat] skip orientation RR
[M::mem_process_seqs] Processed 404578 reads in 261.214 CPU sec, 7.282 real sec
[main] Version: 0.7.17-r1188
[main] CMD: bwa mem -L 5 -t 40 -a -M -T 80 -A 1 -B 4 -O 6 -R @RG\tID:Hmi-AMac_016-Ex1-03H.clmp.fp2_repr\tSM:Hmi-AMac_016-Ex1-03H.clmp.fp2_repr\tPL:Illumina reference.ssl.Hmi-C-0451B-R1R2-contam-noIsolate.fasta Hmi-AMac_016-Ex1-03H.clmp.fp2_repr.R1.fq.gz Hmi-AMac_016-Ex1-03H.clmp.fp2_repr.R2.fq.gz
[main] Real time: 92.414 sec; CPU: 2668.561 sec
