[M::bwa_idx_load_from_disk] read 0 ALT contigs
[M::process] read 2516198 sequences (293602305 bp)...
[M::mem_pestat] # candidate unique pairs for (FF, FR, RF, RR): (181, 741023, 480, 483)
[M::mem_pestat] analyzing insert size distribution for orientation FF...
[M::mem_pestat] (25, 50, 75) percentile: (25, 29, 45)
[M::mem_pestat] low and high boundaries for computing mean and std.dev: (1, 85)
[M::mem_pestat] mean and std.dev: (30.76, 15.56)
[M::mem_pestat] low and high boundaries for proper pairs: (1, 105)
[M::mem_pestat] analyzing insert size distribution for orientation FR...
[M::mem_pestat] (25, 50, 75) percentile: (93, 122, 157)
[M::mem_pestat] low and high boundaries for computing mean and std.dev: (1, 285)
[M::mem_pestat] mean and std.dev: (127.96, 47.52)
[M::mem_pestat] low and high boundaries for proper pairs: (1, 349)
[M::mem_pestat] analyzing insert size distribution for orientation RF...
[M::mem_pestat] (25, 50, 75) percentile: (110, 144, 186)
[M::mem_pestat] low and high boundaries for computing mean and std.dev: (1, 338)
[M::mem_pestat] mean and std.dev: (140.34, 42.17)
[M::mem_pestat] low and high boundaries for proper pairs: (1, 414)
[M::mem_pestat] analyzing insert size distribution for orientation RR...
[M::mem_pestat] (25, 50, 75) percentile: (38, 43, 292)
[M::mem_pestat] low and high boundaries for computing mean and std.dev: (1, 800)
[M::mem_pestat] mean and std.dev: (121.18, 116.47)
[M::mem_pestat] low and high boundaries for proper pairs: (1, 1054)
[M::mem_pestat] skip orientation FF
[M::mem_pestat] skip orientation RF
[M::mem_pestat] skip orientation RR
[M::mem_process_seqs] Processed 2516198 reads in 1843.435 CPU sec, 47.857 real sec
[main] Version: 0.7.17-r1188
[main] CMD: bwa mem -L 5 -t 40 -a -M -T 80 -A 1 -B 4 -O 6 -R @RG\tID:Hmi-AMac_025-Ex1-12H.clmp.fp2_repr\tSM:Hmi-AMac_025-Ex1-12H.clmp.fp2_repr\tPL:Illumina reference.ssl.Hmi-C-0451B-R1R2-contam-noIsolate.fasta Hmi-AMac_025-Ex1-12H.clmp.fp2_repr.R1.fq.gz Hmi-AMac_025-Ex1-12H.clmp.fp2_repr.R2.fq.gz
[main] Real time: 65.490 sec; CPU: 1858.042 sec
