[M::bwa_idx_load_from_disk] read 0 ALT contigs
[M::process] read 3309026 sequences (400000050 bp)...
[M::process] read 1695630 sequences (205039684 bp)...
[M::mem_pestat] # candidate unique pairs for (FF, FR, RF, RR): (197, 920227, 406, 273)
[M::mem_pestat] analyzing insert size distribution for orientation FF...
[M::mem_pestat] (25, 50, 75) percentile: (48, 67, 104)
[M::mem_pestat] low and high boundaries for computing mean and std.dev: (1, 216)
[M::mem_pestat] mean and std.dev: (74.99, 39.71)
[M::mem_pestat] low and high boundaries for proper pairs: (1, 272)
[M::mem_pestat] analyzing insert size distribution for orientation FR...
[M::mem_pestat] (25, 50, 75) percentile: (102, 135, 178)
[M::mem_pestat] low and high boundaries for computing mean and std.dev: (1, 330)
[M::mem_pestat] mean and std.dev: (143.00, 57.53)
[M::mem_pestat] low and high boundaries for proper pairs: (1, 406)
[M::mem_pestat] analyzing insert size distribution for orientation RF...
[M::mem_pestat] (25, 50, 75) percentile: (97, 151, 174)
[M::mem_pestat] low and high boundaries for computing mean and std.dev: (1, 328)
[M::mem_pestat] mean and std.dev: (143.25, 44.41)
[M::mem_pestat] low and high boundaries for proper pairs: (1, 405)
[M::mem_pestat] analyzing insert size distribution for orientation RR...
[M::mem_pestat] (25, 50, 75) percentile: (46, 85, 141)
[M::mem_pestat] low and high boundaries for computing mean and std.dev: (1, 331)
[M::mem_pestat] mean and std.dev: (92.38, 43.31)
[M::mem_pestat] low and high boundaries for proper pairs: (1, 426)
[M::mem_pestat] skip orientation FF
[M::mem_pestat] skip orientation RF
[M::mem_pestat] skip orientation RR
[M::mem_process_seqs] Processed 3309026 reads in 4218.087 CPU sec, 127.104 real sec
[M::mem_pestat] # candidate unique pairs for (FF, FR, RF, RR): (70, 480343, 171, 157)
[M::mem_pestat] analyzing insert size distribution for orientation FF...
[M::mem_pestat] (25, 50, 75) percentile: (31, 67, 110)
[M::mem_pestat] low and high boundaries for computing mean and std.dev: (1, 268)
[M::mem_pestat] mean and std.dev: (73.82, 44.66)
[M::mem_pestat] low and high boundaries for proper pairs: (1, 347)
[M::mem_pestat] analyzing insert size distribution for orientation FR...
[M::mem_pestat] (25, 50, 75) percentile: (102, 135, 178)
[M::mem_pestat] low and high boundaries for computing mean and std.dev: (1, 330)
[M::mem_pestat] mean and std.dev: (143.15, 57.74)
[M::mem_pestat] low and high boundaries for proper pairs: (1, 406)
[M::mem_pestat] analyzing insert size distribution for orientation RF...
[M::mem_pestat] (25, 50, 75) percentile: (97, 97, 148)
[M::mem_pestat] low and high boundaries for computing mean and std.dev: (1, 250)
[M::mem_pestat] mean and std.dev: (111.17, 33.41)
[M::mem_pestat] low and high boundaries for proper pairs: (1, 301)
[M::mem_pestat] analyzing insert size distribution for orientation RR...
[M::mem_pestat] (25, 50, 75) percentile: (46, 86, 141)
[M::mem_pestat] low and high boundaries for computing mean and std.dev: (1, 331)
[M::mem_pestat] mean and std.dev: (96.11, 45.56)
[M::mem_pestat] low and high boundaries for proper pairs: (1, 426)
[M::mem_pestat] skip orientation FF
[M::mem_pestat] skip orientation RF
[M::mem_pestat] skip orientation RR
[M::mem_process_seqs] Processed 1695630 reads in 1313.283 CPU sec, 36.192 real sec
[main] Version: 0.7.17-r1188
[main] CMD: bwa mem -L 5 -t 40 -a -M -T 80 -A 1 -B 4 -O 6 -R @RG\tID:Hmi-ABas_013-Ex1-01B.clmp.fp2_repr\tSM:Hmi-ABas_013-Ex1-01B.clmp.fp2_repr\tPL:Illumina reference.ssl.Hmi-C-0451B-R1R2-contam-noIsolate.fasta Hmi-ABas_013-Ex1-01B.clmp.fp2_repr.R1.fq.gz Hmi-ABas_013-Ex1-01B.clmp.fp2_repr.R2.fq.gz
[main] Real time: 179.228 sec; CPU: 5546.904 sec
