[M::bwa_idx_load_from_disk] read 0 ALT contigs
[M::process] read 98104 sequences (11999673 bp)...
[M::mem_pestat] # candidate unique pairs for (FF, FR, RF, RR): (375, 31422, 0, 0)
[M::mem_pestat] analyzing insert size distribution for orientation FF...
[M::mem_pestat] (25, 50, 75) percentile: (252, 252, 252)
[M::mem_pestat] low and high boundaries for computing mean and std.dev: (252, 252)
[M::mem_pestat] mean and std.dev: (252.00, 0.00)
[M::mem_pestat] low and high boundaries for proper pairs: (252, 252)
[M::mem_pestat] analyzing insert size distribution for orientation FR...
[M::mem_pestat] (25, 50, 75) percentile: (107, 136, 172)
[M::mem_pestat] low and high boundaries for computing mean and std.dev: (1, 302)
[M::mem_pestat] mean and std.dev: (140.23, 50.10)
[M::mem_pestat] low and high boundaries for proper pairs: (1, 367)
[M::mem_pestat] skip orientation RF as there are not enough pairs
[M::mem_pestat] skip orientation RR as there are not enough pairs
[M::mem_pestat] skip orientation FF
[M::mem_process_seqs] Processed 98104 reads in 81.721 CPU sec, 2.150 real sec
[main] Version: 0.7.17-r1188
[main] CMD: bwa mem -L 5 -t 40 -a -M -T 80 -A 1 -B 4 -O 6 -R @RG\tID:Hmi-CPar_020-Ex1-12A.clmp.fp2_repr\tSM:Hmi-CPar_020-Ex1-12A.clmp.fp2_repr\tPL:Illumina reference.ssl.Hmi-C-0451B-R1R2-contam-noIsolate.fasta Hmi-CPar_020-Ex1-12A.clmp.fp2_repr.R1.fq.gz Hmi-CPar_020-Ex1-12A.clmp.fp2_repr.R2.fq.gz
[main] Real time: 8.471 sec; CPU: 85.007 sec
