[M::bwa_idx_load_from_disk] read 0 ALT contigs
[M::process] read 3380168 sequences (400000160 bp)...
[M::process] read 1185468 sequences (139915595 bp)...
[M::mem_pestat] # candidate unique pairs for (FF, FR, RF, RR): (179, 1005636, 176, 135)
[M::mem_pestat] analyzing insert size distribution for orientation FF...
[M::mem_pestat] (25, 50, 75) percentile: (32, 55, 93)
[M::mem_pestat] low and high boundaries for computing mean and std.dev: (1, 215)
[M::mem_pestat] mean and std.dev: (64.01, 38.40)
[M::mem_pestat] low and high boundaries for proper pairs: (1, 276)
[M::mem_pestat] analyzing insert size distribution for orientation FR...
[M::mem_pestat] (25, 50, 75) percentile: (96, 125, 161)
[M::mem_pestat] low and high boundaries for computing mean and std.dev: (1, 291)
[M::mem_pestat] mean and std.dev: (131.23, 48.59)
[M::mem_pestat] low and high boundaries for proper pairs: (1, 356)
[M::mem_pestat] analyzing insert size distribution for orientation RF...
[M::mem_pestat] (25, 50, 75) percentile: (89, 164, 178)
[M::mem_pestat] low and high boundaries for computing mean and std.dev: (1, 356)
[M::mem_pestat] mean and std.dev: (139.90, 46.69)
[M::mem_pestat] low and high boundaries for proper pairs: (1, 445)
[M::mem_pestat] analyzing insert size distribution for orientation RR...
[M::mem_pestat] (25, 50, 75) percentile: (29, 51, 90)
[M::mem_pestat] low and high boundaries for computing mean and std.dev: (1, 212)
[M::mem_pestat] mean and std.dev: (63.31, 45.36)
[M::mem_pestat] low and high boundaries for proper pairs: (1, 273)
[M::mem_pestat] skip orientation FF
[M::mem_pestat] skip orientation RF
[M::mem_pestat] skip orientation RR
[M::mem_process_seqs] Processed 3380168 reads in 3498.242 CPU sec, 102.076 real sec
[M::mem_pestat] # candidate unique pairs for (FF, FR, RF, RR): (88, 362108, 163, 59)
[M::mem_pestat] analyzing insert size distribution for orientation FF...
[M::mem_pestat] (25, 50, 75) percentile: (33, 54, 77)
[M::mem_pestat] low and high boundaries for computing mean and std.dev: (1, 165)
[M::mem_pestat] mean and std.dev: (62.74, 33.96)
[M::mem_pestat] low and high boundaries for proper pairs: (1, 209)
[M::mem_pestat] analyzing insert size distribution for orientation FR...
[M::mem_pestat] (25, 50, 75) percentile: (96, 126, 162)
[M::mem_pestat] low and high boundaries for computing mean and std.dev: (1, 294)
[M::mem_pestat] mean and std.dev: (131.72, 48.96)
[M::mem_pestat] low and high boundaries for proper pairs: (1, 360)
[M::mem_pestat] analyzing insert size distribution for orientation RF...
[M::mem_pestat] (25, 50, 75) percentile: (145, 145, 145)
[M::mem_pestat] low and high boundaries for computing mean and std.dev: (145, 145)
[M::mem_pestat] mean and std.dev: (145.00, 0.00)
[M::mem_pestat] low and high boundaries for proper pairs: (145, 145)
[M::mem_pestat] analyzing insert size distribution for orientation RR...
[M::mem_pestat] (25, 50, 75) percentile: (63, 81, 103)
[M::mem_pestat] low and high boundaries for computing mean and std.dev: (1, 183)
[M::mem_pestat] mean and std.dev: (84.17, 39.43)
[M::mem_pestat] low and high boundaries for proper pairs: (1, 242)
[M::mem_pestat] skip orientation FF
[M::mem_pestat] skip orientation RF
[M::mem_pestat] skip orientation RR
[M::mem_process_seqs] Processed 1185468 reads in 821.235 CPU sec, 23.174 real sec
[main] Version: 0.7.17-r1188
[main] CMD: bwa mem -L 5 -t 40 -a -M -T 80 -A 1 -B 4 -O 6 -R @RG\tID:Hmi-ABas_046-Ex1-10D.clmp.fp2_repr\tSM:Hmi-ABas_046-Ex1-10D.clmp.fp2_repr\tPL:Illumina reference.ssl.Hmi-C-0451B-R1R2-contam-noIsolate.fasta Hmi-ABas_046-Ex1-10D.clmp.fp2_repr.R1.fq.gz Hmi-ABas_046-Ex1-10D.clmp.fp2_repr.R2.fq.gz
[main] Real time: 141.721 sec; CPU: 4335.539 sec
