[M::bwa_idx_load_from_disk] read 0 ALT contigs
[M::process] read 3714002 sequences (400000116 bp)...
[M::process] read 444462 sequences (47625180 bp)...
[M::mem_pestat] # candidate unique pairs for (FF, FR, RF, RR): (950, 953442, 158, 1014)
[M::mem_pestat] analyzing insert size distribution for orientation FF...
[M::mem_pestat] (25, 50, 75) percentile: (26, 41, 54)
[M::mem_pestat] low and high boundaries for computing mean and std.dev: (1, 110)
[M::mem_pestat] mean and std.dev: (39.81, 19.52)
[M::mem_pestat] low and high boundaries for proper pairs: (1, 138)
[M::mem_pestat] analyzing insert size distribution for orientation FR...
[M::mem_pestat] (25, 50, 75) percentile: (78, 102, 135)
[M::mem_pestat] low and high boundaries for computing mean and std.dev: (1, 249)
[M::mem_pestat] mean and std.dev: (108.22, 41.50)
[M::mem_pestat] low and high boundaries for proper pairs: (1, 306)
[M::mem_pestat] analyzing insert size distribution for orientation RF...
[M::mem_pestat] (25, 50, 75) percentile: (303, 817, 817)
[M::mem_pestat] low and high boundaries for computing mean and std.dev: (1, 1845)
[M::mem_pestat] mean and std.dev: (674.89, 364.87)
[M::mem_pestat] low and high boundaries for proper pairs: (1, 2359)
[M::mem_pestat] analyzing insert size distribution for orientation RR...
[M::mem_pestat] (25, 50, 75) percentile: (31, 38, 51)
[M::mem_pestat] low and high boundaries for computing mean and std.dev: (1, 91)
[M::mem_pestat] mean and std.dev: (39.66, 18.20)
[M::mem_pestat] low and high boundaries for proper pairs: (1, 112)
[M::mem_pestat] skip orientation FF
[M::mem_pestat] skip orientation RF
[M::mem_pestat] skip orientation RR
[M::mem_process_seqs] Processed 3714002 reads in 3086.141 CPU sec, 84.000 real sec
[M::mem_pestat] # candidate unique pairs for (FF, FR, RF, RR): (97, 116043, 11, 204)
[M::mem_pestat] analyzing insert size distribution for orientation FF...
[M::mem_pestat] (25, 50, 75) percentile: (32, 46, 59)
[M::mem_pestat] low and high boundaries for computing mean and std.dev: (1, 113)
[M::mem_pestat] mean and std.dev: (44.90, 21.47)
[M::mem_pestat] low and high boundaries for proper pairs: (1, 140)
[M::mem_pestat] analyzing insert size distribution for orientation FR...
[M::mem_pestat] (25, 50, 75) percentile: (79, 102, 135)
[M::mem_pestat] low and high boundaries for computing mean and std.dev: (1, 247)
[M::mem_pestat] mean and std.dev: (108.22, 41.38)
[M::mem_pestat] low and high boundaries for proper pairs: (1, 303)
[M::mem_pestat] analyzing insert size distribution for orientation RF...
[M::mem_pestat] (25, 50, 75) percentile: (817, 817, 1381)
[M::mem_pestat] low and high boundaries for computing mean and std.dev: (1, 2509)
[M::mem_pestat] mean and std.dev: (852.80, 349.13)
[M::mem_pestat] low and high boundaries for proper pairs: (1, 3073)
[M::mem_pestat] analyzing insert size distribution for orientation RR...
[M::mem_pestat] (25, 50, 75) percentile: (18, 38, 137)
[M::mem_pestat] low and high boundaries for computing mean and std.dev: (1, 375)
[M::mem_pestat] mean and std.dev: (62.75, 49.28)
[M::mem_pestat] low and high boundaries for proper pairs: (1, 494)
[M::mem_pestat] skip orientation FF
[M::mem_pestat] skip orientation RF
[M::mem_pestat] skip orientation RR
[M::mem_process_seqs] Processed 444462 reads in 350.492 CPU sec, 9.820 real sec
[main] Version: 0.7.17-r1188
[main] CMD: bwa mem -L 5 -t 40 -a -M -T 80 -A 1 -B 4 -O 6 -R @RG\tID:Hmi-ABas_004-Ex1-04A.clmp.fp2_repr\tSM:Hmi-ABas_004-Ex1-04A.clmp.fp2_repr\tPL:Illumina reference.ssl.Hmi-C-0451B-R1R2-contam-noIsolate.fasta Hmi-ABas_004-Ex1-04A.clmp.fp2_repr.R1.fq.gz Hmi-ABas_004-Ex1-04A.clmp.fp2_repr.R2.fq.gz
[main] Real time: 114.400 sec; CPU: 3456.757 sec
