[M::bwa_idx_load_from_disk] read 0 ALT contigs
[M::process] read 3282482 sequences (400000193 bp)...
[M::process] read 1982198 sequences (241918118 bp)...
[M::mem_pestat] # candidate unique pairs for (FF, FR, RF, RR): (86, 932637, 189, 76)
[M::mem_pestat] analyzing insert size distribution for orientation FF...
[M::mem_pestat] (25, 50, 75) percentile: (56, 69, 90)
[M::mem_pestat] low and high boundaries for computing mean and std.dev: (1, 158)
[M::mem_pestat] mean and std.dev: (74.75, 38.41)
[M::mem_pestat] low and high boundaries for proper pairs: (1, 228)
[M::mem_pestat] analyzing insert size distribution for orientation FR...
[M::mem_pestat] (25, 50, 75) percentile: (104, 137, 177)
[M::mem_pestat] low and high boundaries for computing mean and std.dev: (1, 323)
[M::mem_pestat] mean and std.dev: (143.29, 54.07)
[M::mem_pestat] low and high boundaries for proper pairs: (1, 396)
[M::mem_pestat] analyzing insert size distribution for orientation RF...
[M::mem_pestat] (25, 50, 75) percentile: (142, 165, 190)
[M::mem_pestat] low and high boundaries for computing mean and std.dev: (46, 286)
[M::mem_pestat] mean and std.dev: (158.05, 39.55)
[M::mem_pestat] low and high boundaries for proper pairs: (1, 334)
[M::mem_pestat] analyzing insert size distribution for orientation RR...
[M::mem_pestat] (25, 50, 75) percentile: (59, 93, 111)
[M::mem_pestat] low and high boundaries for computing mean and std.dev: (1, 215)
[M::mem_pestat] mean and std.dev: (85.09, 34.93)
[M::mem_pestat] low and high boundaries for proper pairs: (1, 267)
[M::mem_pestat] skip orientation FF
[M::mem_pestat] skip orientation RF
[M::mem_pestat] skip orientation RR
[M::mem_process_seqs] Processed 3282482 reads in 4709.077 CPU sec, 146.299 real sec
[M::mem_pestat] # candidate unique pairs for (FF, FR, RF, RR): (47, 566047, 201, 140)
[M::mem_pestat] analyzing insert size distribution for orientation FF...
[M::mem_pestat] (25, 50, 75) percentile: (42, 58, 90)
[M::mem_pestat] low and high boundaries for computing mean and std.dev: (1, 186)
[M::mem_pestat] mean and std.dev: (62.22, 30.45)
[M::mem_pestat] low and high boundaries for proper pairs: (1, 234)
[M::mem_pestat] analyzing insert size distribution for orientation FR...
[M::mem_pestat] (25, 50, 75) percentile: (103, 136, 177)
[M::mem_pestat] low and high boundaries for computing mean and std.dev: (1, 325)
[M::mem_pestat] mean and std.dev: (143.15, 54.42)
[M::mem_pestat] low and high boundaries for proper pairs: (1, 399)
[M::mem_pestat] analyzing insert size distribution for orientation RF...
[M::mem_pestat] (25, 50, 75) percentile: (111, 111, 169)
[M::mem_pestat] low and high boundaries for computing mean and std.dev: (1, 285)
[M::mem_pestat] mean and std.dev: (116.61, 51.47)
[M::mem_pestat] low and high boundaries for proper pairs: (1, 343)
[M::mem_pestat] analyzing insert size distribution for orientation RR...
[M::mem_pestat] (25, 50, 75) percentile: (93, 148, 148)
[M::mem_pestat] low and high boundaries for computing mean and std.dev: (1, 258)
[M::mem_pestat] mean and std.dev: (124.76, 38.20)
[M::mem_pestat] low and high boundaries for proper pairs: (1, 313)
[M::mem_pestat] skip orientation FF
[M::mem_pestat] skip orientation RF
[M::mem_pestat] skip orientation RR
[M::mem_process_seqs] Processed 1982198 reads in 1501.634 CPU sec, 40.419 real sec
[main] Version: 0.7.17-r1188
[main] CMD: bwa mem -L 5 -t 40 -a -M -T 80 -A 1 -B 4 -O 6 -R @RG\tID:Hmi-AMac_032-Ex1-07E.clmp.fp2_repr\tSM:Hmi-AMac_032-Ex1-07E.clmp.fp2_repr\tPL:Illumina reference.ssl.Hmi-C-0451B-R1R2-contam-noIsolate.fasta Hmi-AMac_032-Ex1-07E.clmp.fp2_repr.R1.fq.gz Hmi-AMac_032-Ex1-07E.clmp.fp2_repr.R2.fq.gz
[main] Real time: 202.562 sec; CPU: 6226.142 sec
