[M::bwa_idx_load_from_disk] read 0 ALT contigs
[M::process] read 51206 sequences (6485285 bp)...
[M::mem_pestat] # candidate unique pairs for (FF, FR, RF, RR): (27, 16835, 0, 0)
[M::mem_pestat] analyzing insert size distribution for orientation FF...
[M::mem_pestat] (25, 50, 75) percentile: (64, 64, 64)
[M::mem_pestat] low and high boundaries for computing mean and std.dev: (64, 64)
[M::mem_pestat] mean and std.dev: (64.00, 0.00)
[M::mem_pestat] low and high boundaries for proper pairs: (64, 64)
[M::mem_pestat] analyzing insert size distribution for orientation FR...
[M::mem_pestat] (25, 50, 75) percentile: (119, 145, 192)
[M::mem_pestat] low and high boundaries for computing mean and std.dev: (1, 338)
[M::mem_pestat] mean and std.dev: (160.14, 62.47)
[M::mem_pestat] low and high boundaries for proper pairs: (1, 411)
[M::mem_pestat] skip orientation RF as there are not enough pairs
[M::mem_pestat] skip orientation RR as there are not enough pairs
[M::mem_pestat] skip orientation FF
[M::mem_process_seqs] Processed 51206 reads in 36.938 CPU sec, 0.968 real sec
[main] Version: 0.7.17-r1188
[main] CMD: bwa mem -L 5 -t 40 -a -M -T 80 -A 1 -B 4 -O 6 -R @RG\tID:Hmi-CBas_043-Ex1-05A.clmp.fp2_repr\tSM:Hmi-CBas_043-Ex1-05A.clmp.fp2_repr\tPL:Illumina reference.ssl.Hmi-C-0451B-R1R2-contam-noIsolate.fasta Hmi-CBas_043-Ex1-05A.clmp.fp2_repr.R1.fq.gz Hmi-CBas_043-Ex1-05A.clmp.fp2_repr.R2.fq.gz
[main] Real time: 7.209 sec; CPU: 40.200 sec
