****                   ADMIXTURE Version 1.3.0                  ****
****                    Copyright 2008-2015                     ****
****           David Alexander, Suyash Shringarpure,            ****
****                John  Novembre, Ken Lange                   ****
****                                                            ****
****                 Please cite our paper!                     ****
****   Information at www.genetics.ucla.edu/software/admixture  ****

Cross-validation will be performed.  Folds=5.
Random seed: 43
Point estimation method: Block relaxation algorithm
Convergence acceleration algorithm: QuasiNewton, 3 secant conditions
Point estimation will terminate when objective function delta < 0.0001
Estimation of standard errors disabled; will compute point estimates only.
Size of G: 81x18403
Performing five EM steps to prime main algorithm
1 (EM) 	Elapsed: 0.045	Loglikelihood: -933336	(delta): 1.46966e+06
2 (EM) 	Elapsed: 0.044	Loglikelihood: -901172	(delta): 32163.6
3 (EM) 	Elapsed: 0.043	Loglikelihood: -892959	(delta): 8212.79
4 (EM) 	Elapsed: 0.043	Loglikelihood: -889109	(delta): 3850.73
5 (EM) 	Elapsed: 0.043	Loglikelihood: -887191	(delta): 1917.24
Initial loglikelihood: -887191
Starting main algorithm
1 (QN/Block) 	Elapsed: 0.129	Loglikelihood: -883583	(delta): 3608.32
2 (QN/Block) 	Elapsed: 0.125	Loglikelihood: -882614	(delta): 968.86
3 (QN/Block) 	Elapsed: 0.17	Loglikelihood: -881503	(delta): 1111.55
4 (QN/Block) 	Elapsed: 0.181	Loglikelihood: -880378	(delta): 1124.71
5 (QN/Block) 	Elapsed: 0.175	Loglikelihood: -879343	(delta): 1034.67
6 (QN/Block) 	Elapsed: 0.166	Loglikelihood: -878340	(delta): 1003.1
7 (QN/Block) 	Elapsed: 0.177	Loglikelihood: -877636	(delta): 704.129
8 (QN/Block) 	Elapsed: 0.178	Loglikelihood: -876910	(delta): 726.243
9 (QN/Block) 	Elapsed: 0.156	Loglikelihood: -876646	(delta): 263.427
10 (QN/Block) 	Elapsed: 0.152	Loglikelihood: -876503	(delta): 143.464
11 (QN/Block) 	Elapsed: 0.159	Loglikelihood: -876401	(delta): 102.126
12 (QN/Block) 	Elapsed: 0.154	Loglikelihood: -876365	(delta): 36.1037
13 (QN/Block) 	Elapsed: 0.189	Loglikelihood: -876345	(delta): 20.0418
14 (QN/Block) 	Elapsed: 0.154	Loglikelihood: -876328	(delta): 16.1559
15 (QN/Block) 	Elapsed: 0.153	Loglikelihood: -876325	(delta): 3.84308
16 (QN/Block) 	Elapsed: 0.148	Loglikelihood: -876318	(delta): 6.50837
17 (QN/Block) 	Elapsed: 0.149	Loglikelihood: -876309	(delta): 9.41307
18 (QN/Block) 	Elapsed: 0.147	Loglikelihood: -876304	(delta): 4.18647
19 (QN/Block) 	Elapsed: 0.148	Loglikelihood: -876304	(delta): 0.641487
20 (QN/Block) 	Elapsed: 0.147	Loglikelihood: -876304	(delta): 0.0688885
21 (QN/Block) 	Elapsed: 0.159	Loglikelihood: -876304	(delta): 0.00633055
22 (QN/Block) 	Elapsed: 0.165	Loglikelihood: -876304	(delta): 0.000134814
23 (QN/Block) 	Elapsed: 0.143	Loglikelihood: -876304	(delta): 3.12625e-05
Summary: 
Converged in 23 iterations (4.19 sec)
Loglikelihood: -876303.753834
Fst divergences between estimated populations: 
	Pop0	
Pop0	
Pop1	0.083	
CV error (K=2): 0.44763
Writing output files.
