


fltrVCF.bash v4.4 -- a script to filter vcf files repeatably

Dependencies required for fltrVCF to be fully functional:
	R
		tidyverse
		gridExtra
	vcftools
	vcflib
	samtools
	perl
	mawk
	parallel
	rad_haplotyper.pl https://github.com/cbirdlab/rad_haplotyper.git
	filter_hwe_by_pop_HPC

Mon Apr 17 11:26:52 EDT 2023 Reading options from command line:

	Settings File:            config.fltr.ind.cssl.mono

Mon Apr 17 11:26:52 EDT 2023 Reading options from config file and setting defaults
	SETTINGS are being loaded from file: 'config.fltr.ind.cssl.mono'
	Filters are set to '01 02 04 14 05 16 04 13 05 16 17'
	CutoffCode is set to '.ssl.Lle-C-3NR-R1R2ORPH-contam-noIsolate'
	BAM_PATH is set to '/home/e1garcia/shotgun_PIRE/pire_cssl_data_processing/leiognathus_leuciscus/mkVCF_monomorphic'
	SCRIPT_PATH is set to '/home/e1garcia/shotgun_PIRE/pire_cssl_data_processing/scripts/fltrVCF/scripts'
	VCF_FILE is set to '/home/e1garcia/shotgun_PIRE/pire_cssl_data_processing/leiognathus_leuciscus/mkVCF_monomorphic/TotalRawSNPs.ssl.Lle-C-3NR-R1R2ORPH-contam-noIsolate.vcf'
	Bed file is set to '/home/e1garcia/shotgun_PIRE/pire_cssl_data_processing/leiognathus_leuciscus/mkBAM/mapped.ssl.Lle-C-3NR-R1R2ORPH-contam-noIsolate.bed'
	Reference genome is set to '/home/e1garcia/shotgun_PIRE/pire_cssl_data_processing/leiognathus_leuciscus/mkBAM/reference.ssl.Lle-C-3NR-R1R2ORPH-contam-noIsolate.fasta'
	PopMap is set to '/home/e1garcia/shotgun_PIRE/pire_cssl_data_processing/leiognathus_leuciscus/mkBAM/popmap.ssl.Lle-C-3NR-R1R2ORPH-contam-noIsolate'
	HWE_SCRIPT is set to '/home/e1garcia/shotgun_PIRE/pire_cssl_data_processing/scripts/fltrVCF/filter_hwe_by_pop_HPC.pl'
	RADHAP_SCRIPT is set to '/home/e1garcia/shotgun_PIRE/pire_cssl_data_processing/scripts/rad_haplotyper/rad_haplotyper.pl'
	Output file prefix is set to 'Lle.mono'
	The number of threads is set to '40'
	-P not set by user. Only filters that natively support parallelization will be run in parallel.
	/home/e1garcia/shotgun_PIRE/pire_cssl_data_processing/leiognathus_leuciscus/mkVCF_monomorphic/TotalRawSNPs.ssl.Lle-C-3NR-R1R2ORPH-contam-noIsolate.vcf will be used for serial processing.

Mon Apr 17 11:26:53 EDT 2023 Getting universal chromosome/contig prefix ...
          Querying /home/e1garcia/shotgun_PIRE/pire_cssl_data_processing/leiognathus_leuciscus/mkVCF_monomorphic/TotalRawSNPs.ssl.Lle-C-3NR-R1R2ORPH-contam-noIsolate.vcf ...
          Prefix: NODE
          It is assumed that all values in the CHROM column of vcf begin with NODE
          If this is not the case, then fltrVCF will not work properly.
          The prefix is used to count SNPs/variants, contigs, etc and is used in some filters.

Mon Apr 17 11:26:53 EDT 2023  reading variables into MAIN

Mon Apr 17 11:26:53 EDT 2023 ---------------------------FILTER01: Remove sites with Y < alleles < X -----------------------------
     vcftools --vcf /home/e1garcia/shotgun_PIRE/pire_cssl_data_processing/leiognathus_leuciscus/mkVCF_monomorphic/TotalRawSNPs.ssl.Lle-C-3NR-R1R2ORPH-contam-noIsolate.vcf --min-alleles 1 --max-alleles 1 --recode --recode-INFO-all --out Lle.mono.ssl.Lle-C-3NR-R1R2ORPH-contam-noIsolate.Fltr01.1.recode.vcf 2> /dev/null
	Sites remaining:	149426058
	Contigs remaining:	45361


Mon Apr 17 14:10:17 EDT 2023 ---------------------------FILTER02: Remove Sites with Indels -----------------------------
     vcftools --vcf Lle.mono.ssl.Lle-C-3NR-R1R2ORPH-contam-noIsolate.Fltr01.1.recode.vcf --remove-indels --recode --recode-INFO-all --out Lle.mono.ssl.Lle-C-3NR-R1R2ORPH-contam-noIsolate.Fltr02.2.recode.vcf 2> /dev/null
	Sites remaining:	149423232
	Contigs remaining:	45361


Mon Apr 17 16:39:59 EDT 2023 ---------------------------FILTER04: Remove Sites With Mean Depth of Coverage < min-meanDP -----------------------------
                                                                                                                        
                                        Histogram of mean depth per site before FILTER04                                
                                                                                                                        
     1.2e+08 +------------------------------------------------------------------------------------------------------+   
             |                +                +                 +                +                +                |   
             |                                         'sitedepthmeanbefore' using (bin($1,binwidth)):(1.0) ******* |   
             |                                                                                                      |   
       1e+08 |-+                                                                                                  +-|   
             |                                                                                                      |   
             |                                                                                                      |   
             |                                                                                                      |   
       8e+07 |-+                                                                                                  +-|   
             |                                                                                                      |   
             |                                                                                                      |   
       6e+07 |-+                                                                                                  +-|   
             |                                                                                                      |   
             |                                                                                                      |   
             |                                                                                                      |   
       4e+07 |-+                                                                                                  +-|   
             |                                                                                                      |   
             |                                                                                                      |   
             |                                                                                                      |   
       2e+07 |-+                                                                                                  +-|   
             |                                                                                                      |   
             |                                                                                                      |   
             |                +                +                 +                +                +                |   
           0 +------------------------------------------------------------------------------------------------------+   
             0               500              1000              1500             2000             2500             3000 
                                                           Mean Depth                                                   
                                                                                                                        
                                                                                                                        
                                     Scatter plot of mean depth per site before FILTER04.                               
                                                                                                                        
     3000 +---------------------------------------------------------------------------------------------------------+   
          |            +             +            +            +            +             +            +            |   
          |                                                                           'sitedepthmeanbefore'    *    |   
          |                                                                                                         |   
     2500 |-+                                                                                                     +-|   
          |                                                                                                         |   
          |                                                                                                         |   
          |                                                                                                         |   
     2000 |-+                                                                                                     +-|   
          |                                                                                                         |   
          |                                                                                                         |   
     1500 |-+                                                                                                     +-|   
          |                                                                                                         |   
          |                                                                                                         |   
          |                                                                                                         |   
     1000 |-+                                                                                                     +-|   
          |                                                                                                         |   
          |                                                                                                         |   
          |                                                                                                         |   
      500 |-+                                                                                                     +-|   
          |                                                                                                         |   
          |                                                                                                         |   
          |            +             +            +            +            +             +            +            |   
        0 +---------------------------------------------------------------------------------------------------------+   
          0          2e+07         4e+07        6e+07        8e+07        1e+08        1.2e+08      1.4e+08      1.6e+08
                                                             Site                                                       
                                                                                                                        
                                                                                                                        
                            Scatter plot of depth variance vs mean depth per site before FILTER04.                      
                                                                                                                        
     7e+06 +--------------------------------------------------------------------------------------------------------+   
           |                 +                +                 +                +                 +                |   
           |                                                                          'meandepthVSvariance**   *    |   
     6e+06 |-+                                                                                          ***       +-|   
           |                                                                                          **            |   
           |                                                                                       ****             |   
           |                                                                                     * ***              |   
     5e+06 |-+                                                                                 ****               +-|   
           |                                                                                **  **                  |   
           |                                                                             ***  *                     |   
     4e+06 |-+                                                                         **  **                     +-|   
           |                                                                      * **  **                          |   
           |                                                                   ***    **                            |   
     3e+06 |-+                                                             *  *   ***                             +-|   
           |                                                            ** *     *                                  |   
           |                                     **                 ** *   ****                 **                  |   
     2e+06 |-+                                 **               ****    * **               *******                +-|   
           |                                ****        ***  **     ***                *** *****                    |   
           |                              ******   ****** *    * **             ****** *****                        |   
           |                ***      *****************     ****         * *****   **   *                            |   
     1e+06 |-+           *****   **************************        ** **   * *****                                +-|   
           |         *****   ******************  * *     * * ********* **                                           |   
           |    **********************************************  +                +                 +                |   
         0 +--------------------------------------------------------------------------------------------------------+   
           0                500              1000              1500             2000              2500             3000 
                                                          Mean Depth                                                    
                                                                                                                        
     vcftools --vcf Lle.mono.ssl.Lle-C-3NR-R1R2ORPH-contam-noIsolate.Fltr02.2.recode.vcf --min-meanDP 5 --recode --recode-INFO-all --out Lle.mono.ssl.Lle-C-3NR-R1R2ORPH-contam-noIsolate.Fltr04.3.recode.vcf 2> /dev/null
	Sites remaining:	1826041
	Contigs remaining:	7896


Mon Apr 17 18:34:24 EDT 2023 ---------------------------FILTER14: If individual's genotype has DP < X, convert to missing data -----------------------------
                                                                                                                        
                                          Histogram of genotype depth before FILTER14                                   
                                                                                                                        
     8e+07 +--------------------------------------------------------------------------------------------------------+   
           |                    +                    +                    +                    +                    |   
           |*****                                      'genotypedepthbefore' using (bin($1,binwidth)):(1.0) ******* |   
     7e+07 |-+  *                                                                                                 +-|   
           |    *                                                                                                   |   
           |    *                                                                                                   |   
     6e+07 |-+  *                                                                                                 +-|   
           |    *                                                                                                   |   
           |    *                                                                                                   |   
     5e+07 |-+  *                                                                                                 +-|   
           |    *                                                                                                   |   
     4e+07 |-+  *                                                                                                 +-|   
           |    *******                                                                                             |   
           |    *     *                                                                                             |   
     3e+07 |-+  *     *                                                                                           +-|   
           |    *     *                                                                                             |   
           |    *     ******                                                                                        |   
     2e+07 |-+  *     *    *                                                                                      +-|   
           |    *     *    *                                                                                        |   
           |    *     *    ******                                                                                   |   
     1e+07 |-+  *     *    *    ******                                                                            +-|   
           |    *     *    *    *    ************                                                                   |   
           |    *     *    *    *    *     *    *******************************************    +                    |   
         0 +--------------------------------------------------------------------------------------------------------+   
           0                    20                   40                   60                   80                  100  
                                                             Depth                                                      
                                                                                                                        
                                                                                                                        
                                    Scatter plot of mean depth per site before FILTER14.                                
                                                                                                                        
     100 +----------------------------------------------------------------------------------------------------------+   
         |          *         +                     +                    +                     +                    |   
         |          **                                                                'genotypedepthbefore'    *    |   
         |           *                                                                                              |   
         |           **                                                                                             |   
      80 |-+          **                                                                                          +-|   
         |             *                                                                                            |   
         |             **                                                                                           |   
         |              **                                                                                          |   
      60 |-+             **                                                                                       +-|   
         |                **                                                                                        |   
         |                 **                                                                                       |   
 Depth   |                  **                                                                                      |   
         |                   **                                                                                     |   
      40 |-+                  ***                                                                                 +-|   
         |                      ***                                                                                 |   
         |                        ***                                                                               |   
         |                          *****                                                                           |   
      20 |-+                            *****                                                                     +-|   
         |                                  ******                                                                  |   
         |                                       **********                                                         |   
         |                                                *************                                             |   
         |                    +                     +                 ******************       +                    |   
       0 +----------------------------------------------------------------------------------------------------------+   
         0                  5e+07                 1e+08               1.5e+08                2e+08               2.5e+08
                                                          Genotype                                                      
                                                                                                                        
     vcftools --vcf Lle.mono.ssl.Lle-C-3NR-R1R2ORPH-contam-noIsolate.Fltr04.3.recode.vcf --minDP 10 --recode --recode-INFO-all --out Lle.mono.ssl.Lle-C-3NR-R1R2ORPH-contam-noIsolate.Fltr14.4.recode.vcf 2> /dev/null | vcffixup -
	Sites remaining:	1826041
	Contigs remaining:	7896


Mon Apr 17 19:07:29 EDT 2023 ---------------------------FILTER05: Remove sites called in <X proportion of individuals -----------------------------
                                                                                                                        
                                    Histogram of the proportion of genotypes that are missing                           
                                                                                                                        
     350000 +-------------------------------------------------------------------------------------------------------+   
            |                    +                    +                   +                    +                    |   
            |*****                                         'sitemissingness' using (bin($1,binwidth)):(1.0) ******* |   
     300000 |-+  *                                                                                                +-|   
            |    *                                                                                                  |   
            |    *                                                                                                  |   
            |    *                                                                        ******                    |   
     250000 |-+  *                                                                        *    *                  +-|   
            |    *                                                                        *    ******               |   
            |    *                                                                        *    *    *               |   
     200000 |-+  *                                                                        *    *    *             +-|   
            |    *                                                                        *    *    *               |   
            |    *                                                                        *    *    *               |   
     150000 |-+  *                                                                        *    *    *             +-|   
            |    *                                                                   ******    *    *               |   
            |    *                                                                   *    *    *    *               |   
     100000 |-+  *                                                              ******    *    *    *             +-|   
            |    *                                                        *******    *    *    *    *               |   
            |    *                    ******                              *     *    *    *    *    *               |   
            |    ******          ******    ************    ****************     *    *    *    *    *               |   
      50000 |-+  *    ************    *    *    *     ******    *    *    *     *    *    *    *    *******       +-|   
            |    *    *     *    *    *    *    *     *    *    *    *    *     *    *    *    *    *     *         |   
            |    *    *     *    *    *    *    *     *    *    *    *    *     *    *    *    *    *     *         |   
          0 +-------------------------------------------------------------------------------------------------------+   
            0                   0.2                  0.4                 0.6                  0.8                   1   
                                                       Proportion Missing                                               
                                                                                                                        
                                                                                                                        
                                Scatter plot of the proportion of genotypes that are missing.                           
                                                                                                                        
       1 +----------------------------------------------------------------------------------------------------------+   
         |          +         +          +          +          +         +          +          +         +          |   
     0.9 |-+                                                                              'sitemissingness'    *  +-|   
         |***                                                                                                       |   
         |  *************                                                                                           |   
     0.8 |-+            ***********                                                                               +-|   
         |                        **********                                                                        |   
     0.7 |-+                               ******                                                                 +-|   
         |                                      *****                                                               |   
     0.6 |-+                                        *****                                                         +-|   
         |                                              ****                                                        |   
     0.5 |-+                                               ****                                                   +-|   
         |                                                    ****                                                  |   
         |                                                       ***                                                |   
     0.4 |-+                                                       ***                                            +-|   
         |                                                           ****                                           |   
     0.3 |-+                                                            ****                                      +-|   
         |                                                                 *****                                    |   
     0.2 |-+                                                                   ****                               +-|   
         |                                                                        ***                               |   
         |                                                                          ***                             |   
     0.1 |-+                                                                          ****                        +-|   
         |          +         +          +          +          +         +          +    ********        +          |   
       0 +----------------------------------------------------------------------------------------------------------+   
         0        200000    400000     600000     800000     1e+06    1.2e+06    1.4e+06    1.6e+06   1.8e+06     2e+06 
                                                            Site                                                        
                                                                                                                        
     vcftools --vcf Lle.mono.ssl.Lle-C-3NR-R1R2ORPH-contam-noIsolate.Fltr14.4.recode.vcf --max-missing 0.55 --recode --recode-INFO-all --out Lle.mono.ssl.Lle-C-3NR-R1R2ORPH-contam-noIsolate.Fltr05.5.recode.vcf 2> /dev/null
	Sites remaining:	778022
	Contigs remaining:	3294


Mon Apr 17 19:09:25 EDT 2023 ---------------------------FILTER16: Remove Individuals|Libraries with Too Much Missing Data-----------------------------
                                                                                                                        
             Histogram of % missing data per individual|library before filter. Bars to the left are desireable.         
                                                                                                                        
     12 +-----------------------------------------------------------------------------------------------------------+   
        |                     +                    +                     +                    +                     |   
        |    **                                               'totalmissing' using (bin($1,binwidth)):(1.0) ******* |   
        |    **                                                                                                     |   
     10 |-+  ****                                                                                                 +-|   
        |    ** *                                                                                                   |   
        |   *** **                                                                                                  |   
        |   *** **                                                                                                  |   
      8 |*+**** **                                                                                                +-|   
        |* **** **                                                                                                  |   
        |* **** **                                                                                                  |   
      6 |****** ***                                                                                               +-|   
        |****** ***                                                                                                 |   
        |****** ****                     ***                                                                        |   
        |****** ****                     * *                                                                        |   
      4 |****** **** **                 ** *                                                                      +-|   
        |****** **** **                 ** *                                                                        |   
        |****** **** **              ***** ***   ***                                                                |   
        |****** **** **              * *** ***   * *                                                                |   
      2 |****** ****************    ** *** **** ** *                                                              +-|   
        |****** ******* *   *  *    ** *** **** ** *                                                                |   
        |****** ******* *   *  ******* *** ******* ********************************************                     |   
        |****** ******* *   * +* * *** *** ******* * *  *  *             + *              * * *                     |   
      0 +-----------------------------------------------------------------------------------------------------------+   
        0                    0.2                  0.4                   0.6                  0.8                    1   
                                                     % missing genotypes                                                
                                                                                                                        
                                                                                                                        
                                   Scatter plot of % missing data per individual|library.                               
                                                                                                                        
       1 +----------------------------------------------------------------------------------------------------------+   
         |                +               +                +               +                +                +      |   
         |                                                                                      'imiss.dat'    *    |   
         |                                                                                                          |   
         |                                                                                                          |   
     0.8 |**                                                                                                      +-|   
         | *                                                                                                        |   
         |                                                                                                          |   
         |                                                                                                          |   
     0.6 |-+                                                                                                      +-|   
         |                                                                                                          |   
         |                                                                                                          |   
         |  **                                                                                                      |   
         |    *                                                                                                     |   
     0.4 |-+   *****                                                                                              +-|   
         |          *******                                                                                         |   
         |                **********                                                                                |   
         |                          ******                                                                          |   
     0.2 |-+                             ***                                                                      +-|   
         |                                  **                                                                      |   
         |                                   ********                                                               |   
         |                                           *********************                                          |   
         |                +               +                +              *******************************    +      |   
       0 +----------------------------------------------------------------------------------------------------------+   
         0                20              40               60              80              100              120         
                                                         Individual                                                     
                                                                                                                        
 3 individuals|libraries with too much missing data:
INDV
Lle-AHam_008.clmp.fp2_repr
Lle-AHam_013.clmp.fp2_repr
Lle-CNas_063.clmp.fp2_repr
     vcftools --vcf Lle.mono.ssl.Lle-C-3NR-R1R2ORPH-contam-noIsolate.Fltr05.5.recode.vcf --remove Lle.mono.ssl.Lle-C-3NR-R1R2ORPH-contam-noIsolate.Fltr16.6.lowDP-2.indv --recode --recode-INFO-all --out Lle.mono.ssl.Lle-C-3NR-R1R2ORPH-contam-noIsolate.Fltr16.6.recode.vcf 2> /dev/null | vcffixup -
	Sites remaining:	778022
	Contigs remaining:	3294


 Individuals|Libraries Remaining Per Sample
     30 Lle-AHam
     95 Lle-CNas

Mon Apr 17 19:11:09 EDT 2023 ---------------------------FILTER04: Remove Sites With Mean Depth of Coverage < min-meanDP -----------------------------
                                                                                                                        
                                       Histogram of mean depth per site before FILTER04                                 
                                                                                                                        
     25000 +--------------------------------------------------------------------------------------------------------+   
           |*                +                +                 +                +                 +                |   
           |*                                          'sitedepthmeanbefore' using (bin($1,binwidth)):(1.0) ******* |   
           |*                                                                                                       |   
           |*                                                                                                       |   
     20000 |*+                                                                                                    +-|   
           |*                                                                                                       |   
           |*                                                                                                       |   
           |*                                                                                                       |   
     15000 |*+                                                                                                    +-|   
           |*                                                                                                       |   
           |*                                                                                                       |   
           |*                                                                                                       |   
           |*                                                                                                       |   
     10000 |*+                                                                                                    +-|   
           |*                                                                                                       |   
           |*                                                                                                       |   
           |*                                                                                                       |   
      5000 |**                                                                                                    +-|   
           |**                                                                                                      |   
           |***                                                                                                     |   
           |****                                                                                                    |   
           |*********        +                +                 +                +                 +                |   
         0 +--------------------------------------------------------------------------------------------------------+   
           0                500              1000              1500             2000              2500             3000 
                                                          Mean Depth                                                    
                                                                                                                        
                                                                                                                        
                                     Scatter plot of mean depth per site before FILTER04.                               
                                                                                                                        
     3000 +---------------------------------------------------------------------------------------------------------+   
          |            +             +            +            +            +             +            +            |   
          |                                                                           'sitedepthmeanbefore'    *    |   
          |                                                                                                         |   
     2500 |-+                                                                                                     +-|   
          |                                                                                                         |   
          |                                                                                                         |   
          |                                                                                                         |   
     2000 |-+                                                                                                     +-|   
          |                                                                                                         |   
          |                                                                                                         |   
     1500 |-+                                                                                                     +-|   
          |                                                                                                         |   
          |                                                                                                         |   
          |                                                                                                         |   
     1000 |-+                                                                                                     +-|   
          |                                                                                                         |   
          |                                                                                                         |   
          |                                                                                                         |   
      500 |*+                                                                                                     +-|   
          |**                                                                                                       |   
          | **********                                                                                              |   
          |          *****************************+            +            +             +            +            |   
        0 +---------------------------------------------------------------------------------------------------------+   
          0          100000        200000       300000       400000       500000        600000       700000       800000
                                                             Site                                                       
                                                                                                                        
                                                                                                                        
                            Scatter plot of depth variance vs mean depth per site before FILTER04.                      
                                                                                                                        
     7e+06 +--------------------------------------------------------------------------------------------------------+   
           |                 +                +                 +                +                 +                |   
           |                                                                          'meandepthVSvariance' ** *    |   
     6e+06 |-+                                                                                            ***     +-|   
           |                                                                                            **          |   
           |                                                                                         ****           |   
           |                                                                                       *****            |   
     5e+06 |-+                                                                                   ** *             +-|   
           |                                                                                  **  **                |   
           |                                                                               **   *                   |   
     4e+06 |-+                                                                           ** ***                   +-|   
           |                                                                        ** *  **                        |   
           |                                                                     ***   **                           |   
     3e+06 |-+                                                               * *   ***                            +-|   
           |                                                             ****      *                                |   
           |                                     ***                 ****    ****                                   |   
     2e+06 |-+                                 ***               ** *    * ***                 * ***              +-|   
           |                                 ***         ***  **     ***                  *********                 |   
           |                               *****    ****** *      **              **** ** *****                     |   
           |                ***       *****************     *** *          **** *    *  **                          |   
     1e+06 |-+           *****    **************************        **  **    **** **                             +-|   
           |         *****   *******************  * *     * * ** * *** ** * **                                      |   
           |    *********************************************** **               +                 +                |   
         0 +--------------------------------------------------------------------------------------------------------+   
           0                500              1000              1500             2000              2500             3000 
                                                          Mean Depth                                                    
                                                                                                                        
     vcftools --vcf Lle.mono.ssl.Lle-C-3NR-R1R2ORPH-contam-noIsolate.Fltr16.6.recode.vcf --min-meanDP 15 --recode --recode-INFO-all --out Lle.mono.ssl.Lle-C-3NR-R1R2ORPH-contam-noIsolate.Fltr04.7.recode.vcf 2> /dev/null
	Sites remaining:	701647
	Contigs remaining:	3100


Mon Apr 17 19:12:24 EDT 2023 ---------------------------FILTER13: Remove sites with mean DP greater than X  -----------------------------
                                                                                                                        
                                        Histogram of mean depth per site before filter                                  
                                                                                                                        
     25000 +--------------------------------------------------------------------------------------------------------+   
           |*                +                +                 +                +                 +                |   
           |*                                       'meandepthpersitebefore' using (bin($1,binwidth)):(1.0) ******* |   
           |*                                                                                                       |   
           |*                                                                                                       |   
     20000 |*+                                                                                                    +-|   
           |*                                                                                                       |   
           |*                                                                                                       |   
           |*                                                                                                       |   
     15000 |*+                                                                                                    +-|   
           |*                                                                                                       |   
           |*                                                                                                       |   
           |*                                                                                                       |   
           |*                                                                                                       |   
     10000 |*+                                                                                                    +-|   
           |*                                                                                                       |   
           |*                                                                                                       |   
           |*                                                                                                       |   
      5000 |**                                                                                                    +-|   
           |**                                                                                                      |   
           |**                                                                                                      |   
           |****                                                                                                    |   
           |*********        +                +                 +                +                 +                |   
         0 +--------------------------------------------------------------------------------------------------------+   
           0                500              1000              1500             2000              2500             3000 
                                                          Mean Depth                                                    
                                                                                                                        
     vcftools --vcf Lle.mono.ssl.Lle-C-3NR-R1R2ORPH-contam-noIsolate.Fltr04.7.recode.vcf --max-meanDP 200 --recode --recode-INFO-all --out Lle.mono.ssl.Lle-C-3NR-R1R2ORPH-contam-noIsolate.Fltr13.8.recode.vcf 2> /dev/null
	Sites remaining:	624901
	Contigs remaining:	3100


Mon Apr 17 19:13:25 EDT 2023 ---------------------------FILTER05: Remove sites called in <X proportion of individuals -----------------------------
                                                                                                                        
                                    Histogram of the proportion of genotypes that are missing                           
                                                                                                                        
     300000 +-------------------------------------------------------------------------------------------------------+   
            |                    +                    +                   +                    +                    |   
            |*****                                         'sitemissingness' using (bin($1,binwidth)):(1.0) ******* |   
            |    *                                                                                                  |   
     250000 |-+  *                                                                                                +-|   
            |    *                                                                                                  |   
            |    *                                                                                                  |   
            |    *                                                                                                  |   
     200000 |-+  *                                                                                                +-|   
            |    *                                                                                                  |   
            |    *                                                                                                  |   
     150000 |-+  *                                                                                                +-|   
            |    *                                                                                                  |   
            |    *                                                                                                  |   
            |    *                                                                                                  |   
     100000 |-+  *                                                                                                +-|   
            |    *                                                                                                  |   
            |    *               ******                                                                             |   
            |    *               *    ******                                                                        |   
      50000 |-+  ******     ******    *    *                                                                      +-|   
            |    *    *******    *    *    ******                                                                   |   
            |    *    *     *    *    *    *    *                                                                   |   
            |    *    *     *    *    *    *    ************              +                    +                    |   
          0 +-------------------------------------------------------------------------------------------------------+   
            0                   0.2                  0.4                 0.6                  0.8                   1   
                                                       Proportion Missing                                               
                                                                                                                        
                                                                                                                        
                                 Scatter plot of the proportion of genotypes that are missing.                          
                                                                                                                        
      0.5 +---------------------------------------------------------------------------------------------------------+   
          |              +              +              +               +              +              +              |   
     0.45 |-+                                                                             'sitemissingness'    *  +-|   
          |*                                                                                                        |   
          |*                                                                                                        |   
      0.4 |**                                                                                                     +-|   
          | ***                                                                                                     |   
     0.35 |-+ **                                                                                                  +-|   
          |    ****                                                                                                 |   
      0.3 |-+     *****                                                                                           +-|   
          |           ******                                                                                        |   
     0.25 |-+              *****                                                                                  +-|   
          |                    *******                                                                              |   
          |                          ******                                                                         |   
      0.2 |-+                             ***                                                                     +-|   
          |                                 *****                                                                   |   
     0.15 |-+                                   *****                                                             +-|   
          |                                         ****                                                            |   
      0.1 |-+                                          ***                                                        +-|   
          |                                              ****                                                       |   
          |                                                 *****                                                   |   
     0.05 |-+                                                   ****                                              +-|   
          |              +              +              +           ********           +              +              |   
        0 +---------------------------------------------------------------------------------------------------------+   
          0            100000         200000         300000          400000         500000         600000         700000
                                                             Site                                                       
                                                                                                                        
     vcftools --vcf Lle.mono.ssl.Lle-C-3NR-R1R2ORPH-contam-noIsolate.Fltr13.8.recode.vcf --max-missing 0.8 --recode --recode-INFO-all --out Lle.mono.ssl.Lle-C-3NR-R1R2ORPH-contam-noIsolate.Fltr05.9.recode.vcf 2> /dev/null
	Sites remaining:	415746
	Contigs remaining:	2391


Mon Apr 17 19:14:13 EDT 2023 ---------------------------FILTER16: Remove Individuals|Libraries with Too Much Missing Data-----------------------------
                                                                                                                        
             Histogram of % missing data per individual|library before filter. Bars to the left are desireable.         
                                                                                                                        
     45 +-----------------------------------------------------------------------------------------------------------+   
        |                     +                    +                     +                    +                     |   
        |*                                                    'totalmissing' using (bin($1,binwidth)):(1.0) ******* |   
     40 |*+                                                                                                       +-|   
        |*                                                                                                          |   
     35 |*+                                                                                                       +-|   
        |*                                                                                                          |   
        |*                                                                                                          |   
     30 |**                                                                                                       +-|   
        |**                                                                                                         |   
     25 |**                                                                                                       +-|   
        |**                                                                                                         |   
        |**                                                                                                         |   
     20 |**                                                                                                       +-|   
        |**                                                                                                         |   
     15 |**                                                                                                       +-|   
        |**                                                                                                         |   
        |**                                                                                                         |   
     10 |***                                                                                                      +-|   
        |***                                                                                                        |   
      5 |***    ** ****                                                                                           +-|   
        |****   ***** **                                                                                            |   
        |********* ** *********************        +                     +                    +                     |   
      0 +-----------------------------------------------------------------------------------------------------------+   
        0                    0.2                  0.4                   0.6                  0.8                    1   
                                                     % missing genotypes                                                
                                                                                                                        
                                                                                                                        
                                   Scatter plot of % missing data per individual|library.                               
                                                                                                                        
       1 +----------------------------------------------------------------------------------------------------------+   
         |                +                +                +                +                +                +    |   
         |                                                                                      'imiss.dat'    *    |   
         |                                                                                                          |   
         |                                                                                                          |   
     0.8 |-+                                                                                                      +-|   
         |                                                                                                          |   
         |                                                                                                          |   
         |                                                                                                          |   
     0.6 |-+                                                                                                      +-|   
         |                                                                                                          |   
         |                                                                                                          |   
         |                                                                                                          |   
         |                                                                                                          |   
     0.4 |-+                                                                                                      +-|   
         |                                                                                                          |   
         |**                                                                                                        |   
         |                                                                                                          |   
     0.2 |-+***                                                                                                   +-|   
         |     ******                                                                                               |   
         |           *********                                                                                      |   
         |                   ***********                                                                            |   
         |                +             **************      +                +                +                +    |   
       0 +----------------------------------------------------------------------------------------------------------+   
         0                20               40               60               80              100              120       
                                                         Individual                                                     
                                                                                                                        
 5 individuals|libraries with too much missing data:
INDV
Lle-AHam_016.clmp.fp2_repr
Lle-AHam_020.clmp.fp2_repr
Lle-AHam_025.clmp.fp2_repr
Lle-AHam_028.clmp.fp2_repr
Lle-CNas_043.clmp.fp2_repr
     vcftools --vcf Lle.mono.ssl.Lle-C-3NR-R1R2ORPH-contam-noIsolate.Fltr05.9.recode.vcf --remove Lle.mono.ssl.Lle-C-3NR-R1R2ORPH-contam-noIsolate.Fltr16.10.lowDP-2.indv --recode --recode-INFO-all --out Lle.mono.ssl.Lle-C-3NR-R1R2ORPH-contam-noIsolate.Fltr16.10.recode.vcf 2> /dev/null | vcffixup -
	Sites remaining:	415746
	Contigs remaining:	2391


 Individuals|Libraries Remaining Per Sample
     26 Lle-AHam
     94 Lle-CNas

Mon Apr 17 19:15:13 EDT 2023 ---------------------------FILTER17: Remove sites with data missing for too many individuals|libraries in a population -----------------------------
     Using PopMap File: /home/e1garcia/shotgun_PIRE/pire_cssl_data_processing/leiognathus_leuciscus/mkBAM/popmap.ssl.Lle-C-3NR-R1R2ORPH-contam-noIsolate
     vcftools --vcf Lle.mono.ssl.Lle-C-3NR-R1R2ORPH-contam-noIsolate.Fltr16.10.recode.vcf --exclude-positions Lle.mono.ssl.Lle-C-3NR-R1R2ORPH-contam-noIsolate.Fltr17.11.badloci --recode --recode-INFO-all --out Lle.mono.ssl.Lle-C-3NR-R1R2ORPH-contam-noIsolate.Fltr17.11.recode.vcf 2> /dev/null
	Sites remaining:	375401
	Contigs remaining:	2334


Mon Apr 17 19:17:34 EDT 2023  --------------------------- Filtering complete! ---------------------------

