
FILES=Lle-AHam_00*RG.bam
REF=reference.ssl.Lle-C-3NR-R1R2ORPH-contam-noIsolate.fasta
WARNING: Alignment contains a large number of reference sequences (148075)!
  This may lead to excessive memory/disk usage.
  Consider using --merge-reference-sequences

	Reading from 'Lle-AHam_008.clmp.fp2_repr.ssl.Lle-C-3NR-R1R2ORPH-contam-noIsolate-RG.bam'
	Writing results to 'results_Lle-AHam_008.clmp.fp2_repr.ssl.Lle-C-3NR-R1R2ORPH-contam-noIsolate-RG/'
Started with the command: /opt/mapdamage2/bin/mapDamage -i Lle-AHam_008.clmp.fp2_repr.ssl.Lle-C-3NR-R1R2ORPH-contam-noIsolate-RG.bam -r reference.ssl.Lle-C-3NR-R1R2ORPH-contam-noIsolate.fasta
Traceback (most recent call last):
  File "/opt/mapdamage2/bin/mapDamage", line 371, in <module>
    sys.exit(main())
  File "/opt/mapdamage2/bin/mapDamage", line 342, in main
    mapdamage.rscript.plot(options)
  File "/opt/mapdamage2/lib/python3.7/site-packages/mapdamage/rscript.py", line 36, in plot
    code = subprocess.call(list(map(str, call)))
  File "/opt/mapdamage2/lib/python3.7/subprocess.py", line 339, in call
    with Popen(*popenargs, **kwargs) as p:
  File "/opt/mapdamage2/lib/python3.7/subprocess.py", line 800, in __init__
    restore_signals, start_new_session)
  File "/opt/mapdamage2/lib/python3.7/subprocess.py", line 1482, in _execute_child
    restore_signals, start_new_session, preexec_fn)
OSError: [Errno 12] Cannot allocate memory
WARNING: Alignment contains a large number of reference sequences (148075)!
  This may lead to excessive memory/disk usage.
  Consider using --merge-reference-sequences

	Reading from 'Lle-AHam_004.clmp.fp2_repr.ssl.Lle-C-3NR-R1R2ORPH-contam-noIsolate-RG.bam'
	Writing results to 'results_Lle-AHam_004.clmp.fp2_repr.ssl.Lle-C-3NR-R1R2ORPH-contam-noIsolate-RG/'
Started with the command: /opt/mapdamage2/bin/mapDamage -i Lle-AHam_004.clmp.fp2_repr.ssl.Lle-C-3NR-R1R2ORPH-contam-noIsolate-RG.bam -r reference.ssl.Lle-C-3NR-R1R2ORPH-contam-noIsolate.fasta
Traceback (most recent call last):
  File "/opt/mapdamage2/bin/mapDamage", line 371, in <module>
    sys.exit(main())
  File "/opt/mapdamage2/bin/mapDamage", line 342, in main
    mapdamage.rscript.plot(options)
  File "/opt/mapdamage2/lib/python3.7/site-packages/mapdamage/rscript.py", line 36, in plot
    code = subprocess.call(list(map(str, call)))
  File "/opt/mapdamage2/lib/python3.7/subprocess.py", line 339, in call
    with Popen(*popenargs, **kwargs) as p:
  File "/opt/mapdamage2/lib/python3.7/subprocess.py", line 800, in __init__
    restore_signals, start_new_session)
  File "/opt/mapdamage2/lib/python3.7/subprocess.py", line 1482, in _execute_child
    restore_signals, start_new_session, preexec_fn)
OSError: [Errno 12] Cannot allocate memory
WARNING: Alignment contains a large number of reference sequences (148075)!
  This may lead to excessive memory/disk usage.
  Consider using --merge-reference-sequences

	Reading from 'Lle-AHam_005.clmp.fp2_repr.ssl.Lle-C-3NR-R1R2ORPH-contam-noIsolate-RG.bam'
	Writing results to 'results_Lle-AHam_005.clmp.fp2_repr.ssl.Lle-C-3NR-R1R2ORPH-contam-noIsolate-RG/'
Started with the command: /opt/mapdamage2/bin/mapDamage -i Lle-AHam_005.clmp.fp2_repr.ssl.Lle-C-3NR-R1R2ORPH-contam-noIsolate-RG.bam -r reference.ssl.Lle-C-3NR-R1R2ORPH-contam-noIsolate.fasta
Traceback (most recent call last):
  File "/opt/mapdamage2/bin/mapDamage", line 371, in <module>
    sys.exit(main())
  File "/opt/mapdamage2/bin/mapDamage", line 342, in main
    mapdamage.rscript.plot(options)
  File "/opt/mapdamage2/lib/python3.7/site-packages/mapdamage/rscript.py", line 36, in plot
    code = subprocess.call(list(map(str, call)))
  File "/opt/mapdamage2/lib/python3.7/subprocess.py", line 339, in call
    with Popen(*popenargs, **kwargs) as p:
  File "/opt/mapdamage2/lib/python3.7/subprocess.py", line 800, in __init__
    restore_signals, start_new_session)
  File "/opt/mapdamage2/lib/python3.7/subprocess.py", line 1482, in _execute_child
    restore_signals, start_new_session, preexec_fn)
OSError: [Errno 12] Cannot allocate memory
Starting grid search, starting from random values
Adjusting the proposal variance iteration  1  
Adjusting the proposal variance iteration  2  
Adjusting the proposal variance iteration  3  
Adjusting the proposal variance iteration  4  
Adjusting the proposal variance iteration  5  
Adjusting the proposal variance iteration  6  
Adjusting the proposal variance iteration  7  
Adjusting the proposal variance iteration  8  
Adjusting the proposal variance iteration  9  
Adjusting the proposal variance iteration  10  
Done burning, starting the iterations
Done with the iterations, finishing up
Writing and plotting to files
WARNING: Alignment contains a large number of reference sequences (148075)!
  This may lead to excessive memory/disk usage.
  Consider using --merge-reference-sequences

	Reading from 'Lle-AHam_007.clmp.fp2_repr.ssl.Lle-C-3NR-R1R2ORPH-contam-noIsolate-RG.bam'
	Writing results to 'results_Lle-AHam_007.clmp.fp2_repr.ssl.Lle-C-3NR-R1R2ORPH-contam-noIsolate-RG/'
pdf results_Lle-AHam_007.clmp.fp2_repr.ssl.Lle-C-3NR-R1R2ORPH-contam-noIsolate-RG/Fragmisincorporation_plot.pdf generated
Started with the command: /opt/mapdamage2/bin/mapDamage -i Lle-AHam_007.clmp.fp2_repr.ssl.Lle-C-3NR-R1R2ORPH-contam-noIsolate-RG.bam -r reference.ssl.Lle-C-3NR-R1R2ORPH-contam-noIsolate.fasta
No length distributions are available, plotting length distribution only works for single-end reads
Performing Bayesian estimates
Warning messages:
1: package ‘inline’ was built under R version 4.0.2 
2: package ‘gam’ was built under R version 4.0.2 
Successful run
Starting grid search, starting from random values
Adjusting the proposal variance iteration  1  
Adjusting the proposal variance iteration  2  
Adjusting the proposal variance iteration  3  
Adjusting the proposal variance iteration  4  
Adjusting the proposal variance iteration  5  
Adjusting the proposal variance iteration  6  
Adjusting the proposal variance iteration  7  
Adjusting the proposal variance iteration  8  
Adjusting the proposal variance iteration  9  
Adjusting the proposal variance iteration  10  
Done burning, starting the iterations
Done with the iterations, finishing up
Writing and plotting to files
WARNING: Alignment contains a large number of reference sequences (148075)!
  This may lead to excessive memory/disk usage.
  Consider using --merge-reference-sequences

	Reading from 'Lle-AHam_001.clmp.fp2_repr.ssl.Lle-C-3NR-R1R2ORPH-contam-noIsolate-RG.bam'
	Writing results to 'results_Lle-AHam_001.clmp.fp2_repr.ssl.Lle-C-3NR-R1R2ORPH-contam-noIsolate-RG/'
pdf results_Lle-AHam_001.clmp.fp2_repr.ssl.Lle-C-3NR-R1R2ORPH-contam-noIsolate-RG/Fragmisincorporation_plot.pdf generated
Started with the command: /opt/mapdamage2/bin/mapDamage -i Lle-AHam_001.clmp.fp2_repr.ssl.Lle-C-3NR-R1R2ORPH-contam-noIsolate-RG.bam -r reference.ssl.Lle-C-3NR-R1R2ORPH-contam-noIsolate.fasta
No length distributions are available, plotting length distribution only works for single-end reads
Performing Bayesian estimates
Warning messages:
1: package ‘inline’ was built under R version 4.0.2 
2: package ‘gam’ was built under R version 4.0.2 
Successful run
Starting grid search, starting from random values
Adjusting the proposal variance iteration  1  
Adjusting the proposal variance iteration  2  
Adjusting the proposal variance iteration  3  
Adjusting the proposal variance iteration  4  
Adjusting the proposal variance iteration  5  
Adjusting the proposal variance iteration  6  
Adjusting the proposal variance iteration  7  
Adjusting the proposal variance iteration  8  
Adjusting the proposal variance iteration  9  
Adjusting the proposal variance iteration  10  
Done burning, starting the iterations
Done with the iterations, finishing up
Writing and plotting to files
WARNING: Alignment contains a large number of reference sequences (148075)!
  This may lead to excessive memory/disk usage.
  Consider using --merge-reference-sequences

	Reading from 'Lle-AHam_009.clmp.fp2_repr.ssl.Lle-C-3NR-R1R2ORPH-contam-noIsolate-RG.bam'
	Writing results to 'results_Lle-AHam_009.clmp.fp2_repr.ssl.Lle-C-3NR-R1R2ORPH-contam-noIsolate-RG/'
pdf results_Lle-AHam_009.clmp.fp2_repr.ssl.Lle-C-3NR-R1R2ORPH-contam-noIsolate-RG/Fragmisincorporation_plot.pdf generated
Started with the command: /opt/mapdamage2/bin/mapDamage -i Lle-AHam_009.clmp.fp2_repr.ssl.Lle-C-3NR-R1R2ORPH-contam-noIsolate-RG.bam -r reference.ssl.Lle-C-3NR-R1R2ORPH-contam-noIsolate.fasta
No length distributions are available, plotting length distribution only works for single-end reads
Performing Bayesian estimates
Warning messages:
1: package ‘inline’ was built under R version 4.0.2 
2: package ‘gam’ was built under R version 4.0.2 
Successful run
Starting grid search, starting from random values
Adjusting the proposal variance iteration  1  
Adjusting the proposal variance iteration  2  
Adjusting the proposal variance iteration  3  
Adjusting the proposal variance iteration  4  
Adjusting the proposal variance iteration  5  
Adjusting the proposal variance iteration  6  
Adjusting the proposal variance iteration  7  
Adjusting the proposal variance iteration  8  
Adjusting the proposal variance iteration  9  
Adjusting the proposal variance iteration  10  
Done burning, starting the iterations
Done with the iterations, finishing up
Writing and plotting to files
WARNING: Alignment contains a large number of reference sequences (148075)!
  This may lead to excessive memory/disk usage.
  Consider using --merge-reference-sequences

	Reading from 'Lle-AHam_002.clmp.fp2_repr.ssl.Lle-C-3NR-R1R2ORPH-contam-noIsolate-RG.bam'
	Writing results to 'results_Lle-AHam_002.clmp.fp2_repr.ssl.Lle-C-3NR-R1R2ORPH-contam-noIsolate-RG/'
pdf results_Lle-AHam_002.clmp.fp2_repr.ssl.Lle-C-3NR-R1R2ORPH-contam-noIsolate-RG/Fragmisincorporation_plot.pdf generated
Started with the command: /opt/mapdamage2/bin/mapDamage -i Lle-AHam_002.clmp.fp2_repr.ssl.Lle-C-3NR-R1R2ORPH-contam-noIsolate-RG.bam -r reference.ssl.Lle-C-3NR-R1R2ORPH-contam-noIsolate.fasta
No length distributions are available, plotting length distribution only works for single-end reads
Performing Bayesian estimates
Warning messages:
1: package ‘inline’ was built under R version 4.0.2 
2: package ‘gam’ was built under R version 4.0.2 
Successful run
Starting grid search, starting from random values
Adjusting the proposal variance iteration  1  
Adjusting the proposal variance iteration  2  
Adjusting the proposal variance iteration  3  
Adjusting the proposal variance iteration  4  
Adjusting the proposal variance iteration  5  
Adjusting the proposal variance iteration  6  
Adjusting the proposal variance iteration  7  
Adjusting the proposal variance iteration  8  
Adjusting the proposal variance iteration  9  
Adjusting the proposal variance iteration  10  
Done burning, starting the iterations
Done with the iterations, finishing up
Writing and plotting to files
WARNING: Alignment contains a large number of reference sequences (148075)!
  This may lead to excessive memory/disk usage.
  Consider using --merge-reference-sequences

	Reading from 'Lle-AHam_003.clmp.fp2_repr.ssl.Lle-C-3NR-R1R2ORPH-contam-noIsolate-RG.bam'
	Writing results to 'results_Lle-AHam_003.clmp.fp2_repr.ssl.Lle-C-3NR-R1R2ORPH-contam-noIsolate-RG/'
pdf results_Lle-AHam_003.clmp.fp2_repr.ssl.Lle-C-3NR-R1R2ORPH-contam-noIsolate-RG/Fragmisincorporation_plot.pdf generated
Started with the command: /opt/mapdamage2/bin/mapDamage -i Lle-AHam_003.clmp.fp2_repr.ssl.Lle-C-3NR-R1R2ORPH-contam-noIsolate-RG.bam -r reference.ssl.Lle-C-3NR-R1R2ORPH-contam-noIsolate.fasta
No length distributions are available, plotting length distribution only works for single-end reads
Performing Bayesian estimates
Warning messages:
1: package ‘inline’ was built under R version 4.0.2 
2: package ‘gam’ was built under R version 4.0.2 
Successful run
Starting grid search, starting from random values
Adjusting the proposal variance iteration  1  
Adjusting the proposal variance iteration  2  
Adjusting the proposal variance iteration  3  
Adjusting the proposal variance iteration  4  
Adjusting the proposal variance iteration  5  
Adjusting the proposal variance iteration  6  
Adjusting the proposal variance iteration  7  
Adjusting the proposal variance iteration  8  
Adjusting the proposal variance iteration  9  
Adjusting the proposal variance iteration  10  
Done burning, starting the iterations
Done with the iterations, finishing up
Writing and plotting to files
WARNING: Alignment contains a large number of reference sequences (148075)!
  This may lead to excessive memory/disk usage.
  Consider using --merge-reference-sequences

	Reading from 'Lle-AHam_006.clmp.fp2_repr.ssl.Lle-C-3NR-R1R2ORPH-contam-noIsolate-RG.bam'
	Writing results to 'results_Lle-AHam_006.clmp.fp2_repr.ssl.Lle-C-3NR-R1R2ORPH-contam-noIsolate-RG/'
pdf results_Lle-AHam_006.clmp.fp2_repr.ssl.Lle-C-3NR-R1R2ORPH-contam-noIsolate-RG/Fragmisincorporation_plot.pdf generated
Started with the command: /opt/mapdamage2/bin/mapDamage -i Lle-AHam_006.clmp.fp2_repr.ssl.Lle-C-3NR-R1R2ORPH-contam-noIsolate-RG.bam -r reference.ssl.Lle-C-3NR-R1R2ORPH-contam-noIsolate.fasta
No length distributions are available, plotting length distribution only works for single-end reads
Performing Bayesian estimates
Warning messages:
1: package ‘inline’ was built under R version 4.0.2 
2: package ‘gam’ was built under R version 4.0.2 
Successful run
