[M::bwa_idx_load_from_disk] read 0 ALT contigs
[M::process] read 2916502 sequences (358936723 bp)...
[M::mem_pestat] # candidate unique pairs for (FF, FR, RF, RR): (27, 278048, 70, 129)
[M::mem_pestat] analyzing insert size distribution for orientation FF...
[M::mem_pestat] (25, 50, 75) percentile: (64, 331, 331)
[M::mem_pestat] low and high boundaries for computing mean and std.dev: (1, 865)
[M::mem_pestat] mean and std.dev: (238.74, 146.65)
[M::mem_pestat] low and high boundaries for proper pairs: (1, 1132)
[M::mem_pestat] analyzing insert size distribution for orientation FR...
[M::mem_pestat] (25, 50, 75) percentile: (94, 133, 185)
[M::mem_pestat] low and high boundaries for computing mean and std.dev: (1, 367)
[M::mem_pestat] mean and std.dev: (142.59, 69.61)
[M::mem_pestat] low and high boundaries for proper pairs: (1, 458)
[M::mem_pestat] analyzing insert size distribution for orientation RF...
[M::mem_pestat] (25, 50, 75) percentile: (90, 235, 287)
[M::mem_pestat] low and high boundaries for computing mean and std.dev: (1, 681)
[M::mem_pestat] mean and std.dev: (208.85, 126.28)
[M::mem_pestat] low and high boundaries for proper pairs: (1, 878)
[M::mem_pestat] analyzing insert size distribution for orientation RR...
[M::mem_pestat] (25, 50, 75) percentile: (95, 113, 131)
[M::mem_pestat] low and high boundaries for computing mean and std.dev: (23, 203)
[M::mem_pestat] mean and std.dev: (114.44, 22.11)
[M::mem_pestat] low and high boundaries for proper pairs: (1, 239)
[M::mem_pestat] skip orientation FF
[M::mem_pestat] skip orientation RF
[M::mem_pestat] skip orientation RR
[M::mem_process_seqs] Processed 2916502 reads in 3875.193 CPU sec, 173.323 real sec
[main] Version: 0.7.17-r1188
[main] CMD: bwa mem -L 5 -t 40 -a -M -T 50 -A 1 -B 4 -O 6 -R @RG\tID:Sgr-CJol_036-Ex1-cssl.clmp.fp2\tSM:Sgr-CJol_036-Ex1-cssl.clmp.fp2\tPL:Illumina reference.ssl.Sgr-libC.fasta Sgr-CJol_036-Ex1-cssl.clmp.fp2.R1.fq.gz Sgr-CJol_036-Ex1-cssl.clmp.fp2.R2.fq.gz
[main] Real time: 189.370 sec; CPU: 3889.653 sec
