[M::bwa_idx_load_from_disk] read 0 ALT contigs
[M::process] read 3137760 sequences (362763602 bp)...
[M::mem_pestat] # candidate unique pairs for (FF, FR, RF, RR): (50, 305045, 72, 131)
[M::mem_pestat] analyzing insert size distribution for orientation FF...
[M::mem_pestat] (25, 50, 75) percentile: (29, 496, 496)
[M::mem_pestat] low and high boundaries for computing mean and std.dev: (1, 1430)
[M::mem_pestat] mean and std.dev: (313.42, 221.70)
[M::mem_pestat] low and high boundaries for proper pairs: (1, 1897)
[M::mem_pestat] analyzing insert size distribution for orientation FR...
[M::mem_pestat] (25, 50, 75) percentile: (78, 113, 159)
[M::mem_pestat] low and high boundaries for computing mean and std.dev: (1, 321)
[M::mem_pestat] mean and std.dev: (121.38, 60.08)
[M::mem_pestat] low and high boundaries for proper pairs: (1, 402)
[M::mem_pestat] analyzing insert size distribution for orientation RF...
[M::mem_pestat] (25, 50, 75) percentile: (33, 191, 4080)
[M::mem_pestat] low and high boundaries for computing mean and std.dev: (1, 12174)
[M::mem_pestat] mean and std.dev: (1553.29, 2089.97)
[M::mem_pestat] low and high boundaries for proper pairs: (1, 16221)
[M::mem_pestat] analyzing insert size distribution for orientation RR...
[M::mem_pestat] (25, 50, 75) percentile: (135, 464, 555)
[M::mem_pestat] low and high boundaries for computing mean and std.dev: (1, 1395)
[M::mem_pestat] mean and std.dev: (352.98, 213.60)
[M::mem_pestat] low and high boundaries for proper pairs: (1, 1815)
[M::mem_pestat] skip orientation FF
[M::mem_pestat] skip orientation RF
[M::mem_pestat] skip orientation RR
[M::mem_process_seqs] Processed 3137760 reads in 3826.330 CPU sec, 171.747 real sec
[main] Version: 0.7.17-r1188
[main] CMD: bwa mem -L 5 -t 40 -a -M -T 50 -A 1 -B 4 -O 6 -R @RG\tID:Sgr-CJol_008-Ex1-cssl.clmp.fp2\tSM:Sgr-CJol_008-Ex1-cssl.clmp.fp2\tPL:Illumina reference.ssl.Sgr-libC.fasta Sgr-CJol_008-Ex1-cssl.clmp.fp2.R1.fq.gz Sgr-CJol_008-Ex1-cssl.clmp.fp2.R2.fq.gz
[main] Real time: 188.254 sec; CPU: 3841.047 sec
