[M::bwa_idx_load_from_disk] read 0 ALT contigs
[M::process] read 2154968 sequences (252654057 bp)...
[M::mem_pestat] # candidate unique pairs for (FF, FR, RF, RR): (17, 156358, 71, 6)
[M::mem_pestat] analyzing insert size distribution for orientation FF...
[M::mem_pestat] (25, 50, 75) percentile: (196, 271, 1747)
[M::mem_pestat] low and high boundaries for computing mean and std.dev: (1, 4849)
[M::mem_pestat] mean and std.dev: (862.94, 745.01)
[M::mem_pestat] low and high boundaries for proper pairs: (1, 6400)
[M::mem_pestat] analyzing insert size distribution for orientation FR...
[M::mem_pestat] (25, 50, 75) percentile: (80, 119, 166)
[M::mem_pestat] low and high boundaries for computing mean and std.dev: (1, 338)
[M::mem_pestat] mean and std.dev: (127.71, 64.69)
[M::mem_pestat] low and high boundaries for proper pairs: (1, 424)
[M::mem_pestat] analyzing insert size distribution for orientation RF...
[M::mem_pestat] (25, 50, 75) percentile: (56, 191, 1483)
[M::mem_pestat] low and high boundaries for computing mean and std.dev: (1, 4337)
[M::mem_pestat] mean and std.dev: (569.56, 629.43)
[M::mem_pestat] low and high boundaries for proper pairs: (1, 5764)
[M::mem_pestat] skip orientation RR as there are not enough pairs
[M::mem_pestat] skip orientation FF
[M::mem_pestat] skip orientation RF
[M::mem_process_seqs] Processed 2154968 reads in 3154.449 CPU sec, 140.499 real sec
[main] Version: 0.7.17-r1188
[main] CMD: bwa mem -L 5 -t 40 -a -M -T 50 -A 1 -B 4 -O 6 -R @RG\tID:Sgr-CJol_078-Ex1-cssl.clmp.fp2\tSM:Sgr-CJol_078-Ex1-cssl.clmp.fp2\tPL:Illumina reference.ssl.Sgr-libC.fasta Sgr-CJol_078-Ex1-cssl.clmp.fp2.R1.fq.gz Sgr-CJol_078-Ex1-cssl.clmp.fp2.R2.fq.gz
[main] Real time: 153.104 sec; CPU: 3165.242 sec
