[M::bwa_idx_load_from_disk] read 0 ALT contigs
[M::process] read 3224044 sequences (400000297 bp)...
[M::mem_pestat] # candidate unique pairs for (FF, FR, RF, RR): (122, 309412, 79, 129)
[M::mem_pestat] analyzing insert size distribution for orientation FF...
[M::mem_pestat] (25, 50, 75) percentile: (147, 309, 337)
[M::mem_pestat] low and high boundaries for computing mean and std.dev: (1, 717)
[M::mem_pestat] mean and std.dev: (286.11, 139.88)
[M::mem_pestat] low and high boundaries for proper pairs: (1, 907)
[M::mem_pestat] analyzing insert size distribution for orientation FR...
[M::mem_pestat] (25, 50, 75) percentile: (94, 138, 197)
[M::mem_pestat] low and high boundaries for computing mean and std.dev: (1, 403)
[M::mem_pestat] mean and std.dev: (150.81, 78.43)
[M::mem_pestat] low and high boundaries for proper pairs: (1, 506)
[M::mem_pestat] analyzing insert size distribution for orientation RF...
[M::mem_pestat] (25, 50, 75) percentile: (60, 130, 4447)
[M::mem_pestat] low and high boundaries for computing mean and std.dev: (1, 13221)
[M::mem_pestat] mean and std.dev: (2317.94, 2913.00)
[M::mem_pestat] low and high boundaries for proper pairs: (1, 17608)
[M::mem_pestat] analyzing insert size distribution for orientation RR...
[M::mem_pestat] (25, 50, 75) percentile: (260, 561, 1977)
[M::mem_pestat] low and high boundaries for computing mean and std.dev: (1, 5411)
[M::mem_pestat] mean and std.dev: (778.69, 733.91)
[M::mem_pestat] low and high boundaries for proper pairs: (1, 7128)
[M::mem_pestat] skip orientation FF
[M::mem_pestat] skip orientation RF
[M::mem_pestat] skip orientation RR
[M::process] read 1705628 sequences (213067401 bp)...
[M::mem_process_seqs] Processed 3224044 reads in 4091.509 CPU sec, 186.129 real sec
