stty: standard input: Inappropriate ioctl for device

Inactive Modules:
  1) binutils     2) icc/19     3) libstdcxx/4     4) pcre     5) xz

The following have been reloaded with a version change:
  1) R/3.5 => R/4.0.0



fltrVCF.bash v4.4 -- a script to filter vcf files repeatably

Dependencies required for fltrVCF to be fully functional:
	R
		tidyverse
		gridExtra
	vcftools
	vcflib
	samtools
	perl
	mawk
	parallel
	rad_haplotyper.pl https://github.com/cbirdlab/rad_haplotyper.git
	filter_hwe_by_pop_HPC

Thu Jul 29 15:36:43 EDT 2021 Reading options from command line:

	Settings File:            config.fltr.ind.cssl.c1

Thu Jul 29 15:36:43 EDT 2021 Reading options from config file and setting defaults
	SETTINGS are being loaded from file: 'config.fltr.ind.cssl.c1'
	Filters are set to '01 02 03 04 14 07 05 16 15 06 11 09 10 04 13 05 17 16 07 18'
	CutoffCode is set to '.rad.RAW-6-6'
	BAM_PATH is set to '/home/r3clark/PIRE/pire_cssl_data_processing/atherinomorus_endrachtensis/mkVCF_monomorphic'
	SCRIPT_PATH is set to '../../scripts/fltrVCF/scripts'
	VCF_FILE is set to '/home/r3clark/PIRE/pire_cssl_data_processing/atherinomorus_endrachtensis/mkBAM/TotalRawSNPs.rad.RAW-6-6.vcf'
	Bed file is set to '/home/r3clark/PIRE/pire_cssl_data_processing/atherinomorus_endrachtensis/mkBAM/mapped.rad.RAW-6-6.bed'
	Reference genome is set to '/home/r3clark/PIRE/pire_cssl_data_processing/atherinomorus_endrachtensis/mkBAM/reference.rad.RAW-6-6.fasta'
	PopMap is set to '/home/r3clark/PIRE/pire_cssl_data_processing/atherinomorus_endrachtensis/mkBAM/popmap.rad.RAW-6-6'
	HWE_SCRIPT is set to '../../scripts/fltrVCF/filter_hwe_by_pop_HPC.pl'
	RADHAP_SCRIPT is set to '../../scripts/rad_haplotyper/rad_haplotyper.pl'
	Output file prefix is set to 'Aen.C'
	The number of threads is set to '32'
	-P not set by user. Only filters that natively support parallelization will be run in parallel.
	/home/r3clark/PIRE/pire_cssl_data_processing/atherinomorus_endrachtensis/mkBAM/TotalRawSNPs.rad.RAW-6-6.vcf will be used for serial processing.

Thu Jul 29 15:36:43 EDT 2021 Getting universal chromosome/contig prefix ...
          Querying /home/r3clark/PIRE/pire_cssl_data_processing/atherinomorus_endrachtensis/mkBAM/TotalRawSNPs.rad.RAW-6-6.vcf ...
          Prefix: dDocent
          It is assumed that all values in the CHROM column of vcf begin with dDocent
          If this is not the case, then fltrVCF will not work properly.
          The prefix is used to count SNPs/variants, contigs, etc and is used in some filters.

Thu Jul 29 15:36:43 EDT 2021  reading variables into MAIN

Thu Jul 29 15:36:43 EDT 2021 ---------------------------FILTER01: Remove sites with Y < alleles < X -----------------------------
     vcftools --vcf /home/r3clark/PIRE/pire_cssl_data_processing/atherinomorus_endrachtensis/mkBAM/TotalRawSNPs.rad.RAW-6-6.vcf --min-alleles 2 --max-alleles 2 --recode --recode-INFO-all --out Aen.C.rad.RAW-6-6.Fltr01.1.recode.vcf 2> /dev/null
	Sites remaining:	0
	Contigs remaining:	0


Thu Jul 29 15:36:43 EDT 2021 ---------------------------FILTER02: Remove Sites with Indels -----------------------------
     vcftools --vcf Aen.C.rad.RAW-6-6.Fltr01.1.recode.vcf --remove-indels --recode --recode-INFO-all --out Aen.C.rad.RAW-6-6.Fltr02.2.recode.vcf 2> /dev/null
	Sites remaining:	0
	Contigs remaining:	0


Thu Jul 29 15:36:43 EDT 2021 ---------------------------FILTER03: Remove Sites with QUAL < minQ -----------------------------
../../scripts/fltrVCF/fltrVCF.bash: line 408: gnuplot: command not found
../../scripts/fltrVCF/fltrVCF.bash: line 426: gnuplot: command not found
     vcftools --vcf Aen.C.rad.RAW-6-6.Fltr02.2.recode.vcf --minQ 20 --recode --recode-INFO-all --out Aen.C.rad.RAW-6-6.Fltr03.3.recode.vcf 2> /dev/null
	Sites remaining:	0
	Contigs remaining:	0


Thu Jul 29 15:36:43 EDT 2021 ---------------------------FILTER04: Remove Sites With Mean Depth of Coverage < min-meanDP -----------------------------
cut: Aen.C.rad.RAW-6-6.Fltr04.4.ldepth.mean: No such file or directory
cut: Aen.C.rad.RAW-6-6.Fltr04.4.ldepth.mean: No such file or directory
../../scripts/fltrVCF/fltrVCF.bash: line 461: gnuplot: command not found
../../scripts/fltrVCF/fltrVCF.bash: line 476: gnuplot: command not found
../../scripts/fltrVCF/fltrVCF.bash: line 487: gnuplot: command not found
     vcftools --vcf Aen.C.rad.RAW-6-6.Fltr03.3.recode.vcf --min-meanDP 10 --recode --recode-INFO-all --out Aen.C.rad.RAW-6-6.Fltr04.4.recode.vcf 2> /dev/null
	Sites remaining:	0
	Contigs remaining:	0


Thu Jul 29 15:36:43 EDT 2021 ---------------------------FILTER14: If individual's genotype has DP < X, convert to missing data -----------------------------
cut: Aen.C.rad.RAW-6-6.Fltr14.5.gdepth: No such file or directory
../../scripts/fltrVCF/fltrVCF.bash: line 774: parallel: command not found
../../scripts/fltrVCF/fltrVCF.bash: line 776: gnuplot: command not found
../../scripts/fltrVCF/fltrVCF.bash: line 791: gnuplot: command not found
     vcftools --vcf Aen.C.rad.RAW-6-6.Fltr04.4.recode.vcf --minDP 10 --recode --recode-INFO-all --out Aen.C.rad.RAW-6-6.Fltr14.5.recode.vcf 2> /dev/null | vcffixup -
../../scripts/fltrVCF/fltrVCF.bash: line 1710: parallel: command not found
	Sites remaining:	0
	Contigs remaining:	0


Thu Jul 29 15:36:43 EDT 2021 ---------------------------FILTER07: Remove sites with Alternate Allele Count <=X -----------------------------
     vcffixup Aen.C.rad.RAW-6-6.Fltr14.5.recode.vcf | vcffilter -s -f "AC > 0 & AN - AC > 0"  > Aen.C.rad.RAW-6-6.Fltr07.6.vcf
../../scripts/fltrVCF/fltrVCF.bash: line 1767: parallel: command not found
	Sites remaining:	0
	Contigs remaining:	0

Thu Jul 29 15:36:43 EDT 2021 ---------------------------FILTER05: Remove sites called in <X proportion of individuals -----------------------------
cut: Aen.C.rad.RAW-6-6.Fltr05.7.lmiss: No such file or directory
../../scripts/fltrVCF/fltrVCF.bash: line 516: gnuplot: command not found
../../scripts/fltrVCF/fltrVCF.bash: line 530: gnuplot: command not found
     vcftools --vcf Aen.C.rad.RAW-6-6.Fltr07.6.vcf --max-missing 0.5 --recode --recode-INFO-all --out Aen.C.rad.RAW-6-6.Fltr05.7.recode.vcf 2> /dev/null
	Sites remaining:	0
	Contigs remaining:	0


Thu Jul 29 15:36:43 EDT 2021 ---------------------------FILTER16: Remove Individuals|Libraries with Too Much Missing Data-----------------------------
../../scripts/fltrVCF/fltrVCF.bash: line 835: mawk: command not found
../../scripts/fltrVCF/fltrVCF.bash: line 839: gnuplot: command not found
../../scripts/fltrVCF/fltrVCF.bash: line 855: gnuplot: command not found
../../scripts/fltrVCF/fltrVCF.bash: line 872: mawk: command not found
 0 individuals|libraries with too much missing data:
     vcftools --vcf Aen.C.rad.RAW-6-6.Fltr05.7.recode.vcf --remove Aen.C.rad.RAW-6-6.Fltr16.8.lowDP-2.indv --recode --recode-INFO-all --out Aen.C.rad.RAW-6-6.Fltr16.8.recode.vcf 2> /dev/null | vcffixup -
../../scripts/fltrVCF/fltrVCF.bash: line 1710: parallel: command not found
	Sites remaining:	0
	Contigs remaining:	0


 Individuals|Libraries Remaining Per Sample

Thu Jul 29 15:36:43 EDT 2021 ---------------------------FILTER15: Remove sites with maf > minor allele frequency > max-maf -----------------------------
     vcftools --vcf Aen.C.rad.RAW-6-6.Fltr16.8.recode.vcf --maf 0 --max-maf 1 --recode --recode-INFO-all --out Aen.C.rad.RAW-6-6.Fltr15.9.recode.vcf 2> /dev/null
	Sites remaining:	0
	Contigs remaining:	0


Thu Jul 29 15:36:43 EDT 2021 ---------------------------FILTER06: Remove sites with Average Allele Balance deviating too far from 0.5 while keeping those with AB=0  -----------------------------
../../scripts/fltrVCF/fltrVCF.bash: line 555: vcf-query: command not found
../../scripts/fltrVCF/fltrVCF.bash: line 558: gnuplot: command not found
../../scripts/fltrVCF/fltrVCF.bash: line 572: gnuplot: command not found
     vcffixup Aen.C.rad.RAW-6-6.Fltr15.9.recode.vcf | vcffilter -s -f "AB > 0.375 & AB < 0.625 | AB = 0"  > Aen.C.rad.RAW-6-6.Fltr06.10.vcf
../../scripts/fltrVCF/fltrVCF.bash: line 1767: parallel: command not found
	Sites remaining:	0
	Contigs remaining:	0

Thu Jul 29 15:36:43 EDT 2021 ---------------------------FILTER11: Remove sites with Quality/DP ratio < X -----------------------------
     vcffilter -s -f "QUAL / DP > 0.2" Aen.C.rad.RAW-6-6.Fltr06.10.vcf > Aen.C.rad.RAW-6-6.Fltr11.11.vcf
../../scripts/fltrVCF/fltrVCF.bash: line 1771: parallel: command not found
	Sites remaining:	0
	Contigs remaining:	0

Thu Jul 29 15:36:43 EDT 2021 ---------------------------FILTER09: Remove sites with low/high ratio of mean mapping quality of alt to ref -----------------------------
     vcffilter -s -f "MQM / MQMR > 0.75 & MQM / MQMR < 1.33333" Aen.C.rad.RAW-6-6.Fltr11.11.vcf > Aen.C.rad.RAW-6-6.Fltr09.12.vcf
../../scripts/fltrVCF/fltrVCF.bash: line 1771: parallel: command not found
	Sites remaining:	0
	Contigs remaining:	0

Thu Jul 29 15:36:43 EDT 2021 ---------------------------FILTER10: Remove sites with one allele only supported by reads not properly paired -----------------------------
     vcffilter -s -f "PAIRED > 0.05 & PAIREDR > 0.05 & PAIREDR / PAIRED < 1.75 & PAIREDR / PAIRED > 0.25 | PAIRED < 0.05 & PAIREDR < 0.05" Aen.C.rad.RAW-6-6.Fltr09.12.vcf > Aen.C.rad.RAW-6-6.Fltr10.13.vcf
../../scripts/fltrVCF/fltrVCF.bash: line 1771: parallel: command not found
	Sites remaining:	0
	Contigs remaining:	0

Thu Jul 29 15:36:43 EDT 2021 ---------------------------FILTER04: Remove Sites With Mean Depth of Coverage < min-meanDP -----------------------------
cut: Aen.C.rad.RAW-6-6.Fltr04.14.ldepth.mean: No such file or directory
cut: Aen.C.rad.RAW-6-6.Fltr04.14.ldepth.mean: No such file or directory
../../scripts/fltrVCF/fltrVCF.bash: line 461: gnuplot: command not found
../../scripts/fltrVCF/fltrVCF.bash: line 476: gnuplot: command not found
../../scripts/fltrVCF/fltrVCF.bash: line 487: gnuplot: command not found
     vcftools --vcf Aen.C.rad.RAW-6-6.Fltr10.13.vcf --min-meanDP 20 --recode --recode-INFO-all --out Aen.C.rad.RAW-6-6.Fltr04.14.recode.vcf 2> /dev/null
	Sites remaining:	0
	Contigs remaining:	0


Thu Jul 29 15:36:43 EDT 2021 ---------------------------FILTER13: Remove sites with mean DP greater than X  -----------------------------
cut: Aen.C.rad.RAW-6-6.Fltr13.15.ldepth: No such file or directory
../../scripts/fltrVCF/fltrVCF.bash: line 705: mawk: command not found
../../scripts/fltrVCF/fltrVCF.bash: line 705: mawk: command not found
../../scripts/fltrVCF/fltrVCF.bash: line 708: gnuplot: command not found
     vcftools --vcf Aen.C.rad.RAW-6-6.Fltr04.14.recode.vcf --max-meanDP 250 --recode --recode-INFO-all --out Aen.C.rad.RAW-6-6.Fltr13.15.recode.vcf 2> /dev/null
	Sites remaining:	0
	Contigs remaining:	0


Thu Jul 29 15:36:44 EDT 2021 ---------------------------FILTER05: Remove sites called in <X proportion of individuals -----------------------------
cut: Aen.C.rad.RAW-6-6.Fltr05.16.lmiss: No such file or directory
../../scripts/fltrVCF/fltrVCF.bash: line 516: gnuplot: command not found
../../scripts/fltrVCF/fltrVCF.bash: line 530: gnuplot: command not found
     vcftools --vcf Aen.C.rad.RAW-6-6.Fltr13.15.recode.vcf --max-missing 0.8 --recode --recode-INFO-all --out Aen.C.rad.RAW-6-6.Fltr05.16.recode.vcf 2> /dev/null
	Sites remaining:	0
	Contigs remaining:	0


Thu Jul 29 15:36:44 EDT 2021 ---------------------------FILTER17: Remove sites with data missing for too many individuals|libraries in a population -----------------------------
     Using PopMap File: /home/r3clark/PIRE/pire_cssl_data_processing/atherinomorus_endrachtensis/mkBAM/popmap.rad.RAW-6-6
../../scripts/fltrVCF/fltrVCF.bash: line 933: mawk: command not found
../../scripts/fltrVCF/fltrVCF.bash: line 948: parallel: command not found
../../scripts/fltrVCF/fltrVCF.bash: line 973: mawk: command not found
../../scripts/fltrVCF/fltrVCF.bash: line 973: mawk: command not found
cat: Aen.C.rad.RAW-6-6.Fltr17.17.*.lmiss: No such file or directory
     vcftools --vcf Aen.C.rad.RAW-6-6.Fltr05.16.recode.vcf --exclude-positions Aen.C.rad.RAW-6-6.Fltr17.17.badloci --recode --recode-INFO-all --out Aen.C.rad.RAW-6-6.Fltr17.17.recode.vcf 2> /dev/null
	Sites remaining:	0
	Contigs remaining:	0

../../scripts/fltrVCF/fltrVCF.bash: line 978: parallel: command not found

Thu Jul 29 15:36:44 EDT 2021 ---------------------------FILTER16: Remove Individuals|Libraries with Too Much Missing Data-----------------------------
../../scripts/fltrVCF/fltrVCF.bash: line 835: mawk: command not found
../../scripts/fltrVCF/fltrVCF.bash: line 839: gnuplot: command not found
../../scripts/fltrVCF/fltrVCF.bash: line 855: gnuplot: command not found
../../scripts/fltrVCF/fltrVCF.bash: line 872: mawk: command not found
 0 individuals|libraries with too much missing data:
     vcftools --vcf Aen.C.rad.RAW-6-6.Fltr17.17.recode.vcf --remove Aen.C.rad.RAW-6-6.Fltr16.18.lowDP-2.indv --recode --recode-INFO-all --out Aen.C.rad.RAW-6-6.Fltr16.18.recode.vcf 2> /dev/null | vcffixup -
../../scripts/fltrVCF/fltrVCF.bash: line 1710: parallel: command not found
	Sites remaining:	0
	Contigs remaining:	0


 Individuals|Libraries Remaining Per Sample

Thu Jul 29 15:36:44 EDT 2021 ---------------------------FILTER07: Remove sites with Alternate Allele Count <=X -----------------------------
     vcffixup Aen.C.rad.RAW-6-6.Fltr16.18.recode.vcf | vcffilter -s -f "AC > 0 & AN - AC > 0"  > Aen.C.rad.RAW-6-6.Fltr07.19.vcf
../../scripts/fltrVCF/fltrVCF.bash: line 1767: parallel: command not found
	Sites remaining:	0
	Contigs remaining:	0

Thu Jul 29 15:36:44 EDT 2021 ---------------------------FILTER18: Remove sites not in HWE p<X) -----------------------------
../../scripts/fltrVCF/filter_hwe_by_pop_HPC.pl: Perl lib version (5.28.2) doesn't match executable '/usr/bin/perl' version (5.16.3) at /cm/shared/applications/perl/5.28.2/lib/5.28.2/x86_64-linux-thread-multi/Config.pm line 62.
Compilation failed in require at /cm/shared/applications/perl/5.28.2/lib/5.28.2/Pod/Usage.pm line 20.
BEGIN failed--compilation aborted at /cm/shared/applications/perl/5.28.2/lib/5.28.2/Pod/Usage.pm line 20.
Compilation failed in require at ../../scripts/fltrVCF/filter_hwe_by_pop_HPC.pl line 8.
BEGIN failed--compilation aborted at ../../scripts/fltrVCF/filter_hwe_by_pop_HPC.pl line 8.

	Sites remaining:	../../scripts/fltrVCF/fltrVCF.bash: line 1000: mawk: command not found
0
	Contigs remaining:	../../scripts/fltrVCF/fltrVCF.bash: line 1001: mawk: command not found
0
	Sites remaining:	grep: Aen.C.rad.RAW-6-6.Fltr18.20.HWE.recode.vcf: No such file or directory
0
	Contigs remaining:	grep: Aen.C.rad.RAW-6-6.Fltr18.20.HWE.recode.vcf: No such file or directory
0

Thu Jul 29 15:36:44 EDT 2021  --------------------------- Filtering complete! ---------------------------

