


fltrVCF.bash v4.4 -- a script to filter vcf files repeatably

Dependencies required for fltrVCF to be fully functional:
	R
		tidyverse
		gridExtra
	vcftools
	vcflib
	samtools
	perl
	mawk
	parallel
	rad_haplotyper.pl https://github.com/cbirdlab/rad_haplotyper.git
	filter_hwe_by_pop_HPC

Mon May 16 13:10:43 EDT 2022 Reading options from command line:

	Settings File:            config.fltr.ind.cssl.poly

Mon May 16 13:10:43 EDT 2022 Reading options from config file and setting defaults
	SETTINGS are being loaded from file: 'config.fltr.ind.cssl.poly'
	Filters are set to '01 02 03 04 14 07 05 16 15 11 09 10 04 13 05 16 07 18 17'
	CutoffCode is set to '.rad.RAW-6-6'
	BAM_PATH is set to '/scratch/r3clark/PIRE-Aen-Ham/mkVCF_monomorphic'
	SCRIPT_PATH is set to '/home/r3clark/PIRE/pire_cssl_data_processing/scripts/fltrVCF/scripts'
	VCF_FILE is set to '/scratch/r3clark/PIRE-Aen-Ham/mkVCF_monomorphic/TotalRawSNPs.rad.RAW-6-6.diploid.rename.vcf'
	Bed file is set to '/scratch/r3clark/PIRE-Aen-Ham/mkVCF_monomorphic/mapped.rad.RAW-6-6.bed'
	Reference genome is set to '/scratch/r3clark/PIRE-Aen-Ham/mkVCF_monomorphic/reference.rad.RAW-6-6.fasta'
	PopMap is set to '/home/r3clark/PIRE/pire_cssl_data_processing/atherinomorus_endrachtensis/filterVCF/popmap.rad.RAW-6-6.HWEsplit'
	HWE_SCRIPT is set to '/home/r3clark/PIRE/pire_cssl_data_processing/scripts/fltrVCF/filter_hwe_by_pop_HPC.pl'
	RADHAP_SCRIPT is set to '/home/r3clark/PIRE/pire_cssl_data_processing/scripts/rad_haplotyper/rad_haplotyper.pl'
	Output file prefix is set to 'aen.poly'
	The number of threads is set to '40'
	-P not set by user. Only filters that natively support parallelization will be run in parallel.
	/scratch/r3clark/PIRE-Aen-Ham/mkVCF_monomorphic/TotalRawSNPs.rad.RAW-6-6.diploid.rename.vcf will be used for serial processing.

Mon May 16 13:10:43 EDT 2022 Getting universal chromosome/contig prefix ...
          Querying /scratch/r3clark/PIRE-Aen-Ham/mkVCF_monomorphic/TotalRawSNPs.rad.RAW-6-6.diploid.rename.vcf ...
          Prefix: dDocent
          It is assumed that all values in the CHROM column of vcf begin with dDocent
          If this is not the case, then fltrVCF will not work properly.
          The prefix is used to count SNPs/variants, contigs, etc and is used in some filters.

Mon May 16 13:10:44 EDT 2022  reading variables into MAIN

Mon May 16 13:10:44 EDT 2022 ---------------------------FILTER01: Remove sites with Y < alleles < X -----------------------------
     vcftools --vcf /scratch/r3clark/PIRE-Aen-Ham/mkVCF_monomorphic/TotalRawSNPs.rad.RAW-6-6.diploid.rename.vcf --min-alleles 2 --max-alleles 2 --recode --recode-INFO-all --out aen.poly.rad.RAW-6-6.Fltr01.1.recode.vcf 2> /dev/null
	Sites remaining:	135181
	Contigs remaining:	2929


Mon May 16 13:11:33 EDT 2022 ---------------------------FILTER02: Remove Sites with Indels -----------------------------
     vcftools --vcf aen.poly.rad.RAW-6-6.Fltr01.1.recode.vcf --remove-indels --recode --recode-INFO-all --out aen.poly.rad.RAW-6-6.Fltr02.2.recode.vcf 2> /dev/null
	Sites remaining:	130716
	Contigs remaining:	2929


Mon May 16 13:11:45 EDT 2022 ---------------------------FILTER03: Remove Sites with QUAL < minQ -----------------------------
                                                                                                                        
                                               Histogram of QUAL before FILTER03                                        
                                                                                                                        
     25000 +--------------------------------------------------------------------------------------------------------+   
           | *                  +                    +                    +                    +                    |   
           | *                                                  'QUALbefore' using (bin($1,binwidth)):(1.0) ******* |   
           | *                                                                                                      |   
           | *                                                                                                      |   
     20000 |-*                                                                                                    +-|   
           | *                                                                                                      |   
           | *                                                                                                      |   
           | *                                                                                                      |   
     15000 |-*                                                                                                    +-|   
           | *                                                                                                      |   
           | *                                                                                                      |   
           | *                                                                                                      |   
           | *                                                                                                      |   
     10000 |-*                                                                                                    +-|   
           | *                                                                                                      |   
           | *                                                                                                      |   
           | *                                                                                                      |   
      5000 |-*                                                                                                    +-|   
           | *                                                                                                      |   
           | *****                                                                                                  |   
           | * * ****************                                                                                   |   
           | * * * *  * * * * * *************************************************              +                    |   
         0 +--------------------------------------------------------------------------------------------------------+   
           0                   100                  200                  300                  400                  500  
                                    QUAL ~ Phred-Scaled Probality of Zero Alternate Alleles                             
                                                                                                                        
                                                                                                                        
                                               Scatter plot of QUAL per site.                                           
                                                                                                                        
     500 +----------------------------------------------------------------------------------------------------------+   
         |              +               +           ** +              +              +               +              |   
         |                                           *                                         'QUALbefore'    *    |   
         |                                           **                                                             |   
         |                                            **                                                            |   
     400 |-+                                           *                                                          +-|   
         |                                             **                                                           |   
         |                                              **                                                          |   
         |                                               **                                                         |   
     300 |-+                                              **                                                      +-|   
         |                                                 **                                                       |   
         |                                                  **                                                      |   
         |                                                   **                                                     |   
         |                                                    ***                                                   |   
     200 |-+                                                    **                                                +-|   
         |                                                       ***                                                |   
         |                                                         ***                                              |   
         |                                                           ***                                            |   
     100 |-+                                                           ****                                       +-|   
         |                                                                ****                                      |   
         |                                                                   ****                                   |   
         |                                                                      ******                              |   
         |              +               +              +              +              ******          +              |   
       0 +----------------------------------------------------------------------------------------------------------+   
         0            20000           40000          60000          80000          100000          120000         140000
                                                            Site                                                        
                                                                                                                        
     vcftools --vcf aen.poly.rad.RAW-6-6.Fltr02.2.recode.vcf --minQ 20 --recode --recode-INFO-all --out aen.poly.rad.RAW-6-6.Fltr03.3.recode.vcf 2> /dev/null
	Sites remaining:	102746
	Contigs remaining:	2929


Mon May 16 13:12:01 EDT 2022 ---------------------------FILTER04: Remove Sites With Mean Depth of Coverage < min-meanDP -----------------------------
                                                                                                                        
                                       Histogram of mean depth per site before FILTER04                                 
                                                                                                                        
     4500 +---------------------------------------------------------------------------------------------------------+   
          |          +         +          +         +          +          +         +          +         +          |   
          |*                                           'sitedepthmeanbefore' using (bin($1,binwidth)):(1.0) ******* |   
     4000 |*+                                                                                                     +-|   
          |*                                                                                                        |   
     3500 |*+                                                                                                     +-|   
          |*                                                                                                        |   
          |*                                                                                                        |   
     3000 |*+                                                                                                     +-|   
          |*                                                                                                        |   
     2500 |*+                                                                                                     +-|   
          |*                                                                                                        |   
          |*                                                                                                        |   
     2000 |*+                                                                                                     +-|   
          |**                                                                                                       |   
     1500 |**                                                                                                     +-|   
          |***                                                                                                      |   
          |****                                                                                                     |   
     1000 |******                                                                                                 +-|   
          |********                                                                                                 |   
      500 |*******************                                                                                    +-|   
          |**************************                                                                               |   
          |***********************************      +          +          +         +          +         +          |   
        0 +---------------------------------------------------------------------------------------------------------+   
          0          50       100        150       200        250        300       350        400       450        500  
                                                          Mean Depth                                                    
                                                                                                                        
                                                                                                                        
                                    Scatter plot of mean depth per site before FILTER04.                                
                                                                                                                        
     500 +----------------------------------------------------------------------------------------------------------+   
         |                 +                 +                 +                +                 +                 |   
     450 |-+                                                                          'sitedepthmeanbefore'    *  +-|   
         |                                                                                                          |   
         |                                                                                                          |   
     400 |-+                                                                                                      +-|   
         |                                                                                                          |   
     350 |-+                                                                                                      +-|   
         |                                                                                                          |   
     300 |-+                                                                                                      +-|   
         |                                                                                                          |   
     250 |-+                                                                                                      +-|   
         |                                                                                                          |   
         |*                                                                                                         |   
     200 |*+                                                                                                      +-|   
         |***                                                                                                       |   
     150 |-+***                                                                                                   +-|   
         |    ******                                                                                                |   
     100 |-+       *********                                                                                      +-|   
         |                 **********                                                                               |   
         |                          ************                                                                    |   
      50 |-+                                   **************                                                     +-|   
         |                 +                 +              *********************                 +                 |   
       0 +----------------------------------------------------------------------------------------------------------+   
         0               20000             40000             60000            80000             100000            120000
                                                            Site                                                        
                                                                                                                        
                                                                                                                        
                             Scatter plot of depth variance vs mean depth per site before FILTER04.                     
                                                                                                                        
     250000 +-------------------------------------------------------------------------------------------------------+   
            |         +          +         +          +         +       * +          +         +          +         |   
            |                                                                         'meandepthVSvariance'    *    |   
            |                                                        *                                              |   
            |                                                       *                                               |   
     200000 |-+                                                                                                   +-|   
            |                                                                **                                     |   
            |                                                 *                                                     |   
            |                                                 *                                   * *               |   
     150000 |-+                                                                                *  *               +-|   
            |                                                       *                         * **         ****     |   
            |                                                      *                                     ** **      |   
            |                                                                           ** *          *****         |   
            |                                                            *  **       *         *  ******            |   
     100000 |-+                                   *         * *                  * *       *    *                 +-|   
            |                                  ***    ****  *              * * **         **                        |   
            |                                   *   ** *                 *  *     *  *** *   *  ***     *       **  |   
            |                              *      * **  *           * ************ ***********                      |   
      50000 |-+                         **     ***  *        *    * *********** *****  ***    *  *** *** *        +-|   
            |                         **** ****** * ** * * ** ************** *****       * *  ***   *               |   
            |                      ********** *************************** ****  ** *  ** *                          |   
            |                 ****************************************** ****                                       |   
            |      ******************************************** +         +          +         +          +         |   
          0 +-------------------------------------------------------------------------------------------------------+   
            0         50        100       150        200       250       300        350       400        450       500  
                                                           Mean Depth                                                   
                                                                                                                        
     vcftools --vcf aen.poly.rad.RAW-6-6.Fltr03.3.recode.vcf --min-meanDP 10 --recode --recode-INFO-all --out aen.poly.rad.RAW-6-6.Fltr04.4.recode.vcf 2> /dev/null
	Sites remaining:	77514
	Contigs remaining:	2929


Mon May 16 13:12:15 EDT 2022 ---------------------------FILTER14: If individual's genotype has DP < X, convert to missing data -----------------------------
                                                                                                                        
                                           Histogram of genotype depth before FILTER14                                  
                                                                                                                        
       3e+06 +------------------------------------------------------------------------------------------------------+   
             |                    +                   +                    +                   +                    |   
             |                                         'genotypedepthbefore' using (bin($1,binwidth)):(1.0) ******* |   
             |*****                                                                                                 |   
     2.5e+06 |-+  *                                                                                               +-|   
             |    *                                                                                                 |   
             |    *                                                                                                 |   
             |    *                                                                                                 |   
       2e+06 |-+  *                                                                                               +-|   
             |    *                                                                                                 |   
             |    *                                                                                                 |   
     1.5e+06 |-+  *                                                                                               +-|   
             |    *                                                                                                 |   
             |    *                                                                                                 |   
             |    *                                                                                                 |   
       1e+06 |-+  *                                                                                               +-|   
             |    *                                                                                                 |   
             |    ******                                                                                            |   
             |    *    ************                                                                                 |   
      500000 |-+  *    *    *     ***********                                                                     +-|   
             |    *    *    *     *    *    ***********                                                             |   
             |    *    *    *     *    *    *    *    ********************************                              |   
             |    *    *    *     *    *    *    *    *    *     *    *    *    *    *******************************|   
           0 +------------------------------------------------------------------------------------------------------+   
             0                    20                  40                   60                  80                  100  
                                                              Depth                                                     
                                                                                                                        
                                                                                                                        
                                    Scatter plot of mean depth per site before FILTER14.                                
                                                                                                                        
     100 +----------------------------------------------------------------------------------------------------------+   
         |              +       **      +              +              +              +               +              |   
         |                       **                                                   'genotypedepthbefore'    *    |   
         |                        **                                                                                |   
         |                         **                                                                               |   
      80 |-+                        **                                                                            +-|   
         |                           ***                                                                            |   
         |                             **                                                                           |   
         |                              **                                                                          |   
      60 |-+                             ***                                                                      +-|   
         |                                 **                                                                       |   
         |                                  ***                                                                     |   
 Depth   |                                    ***                                                                   |   
         |                                      ***                                                                 |   
      40 |-+                                      ***                                                             +-|   
         |                                          ****                                                            |   
         |                                             ***                                                          |   
         |                                               *****                                                      |   
      20 |-+                                                 *****                                                +-|   
         |                                                       *****                                              |   
         |                                                           ******                                         |   
         |                                                                *****                                     |   
         |              +               +              +              +       *******+               +              |   
       0 +----------------------------------------------------------------------------------------------------------+   
         0            2e+06           4e+06          6e+06          8e+06          1e+07          1.2e+07        1.4e+07
                                                          Genotype                                                      
                                                                                                                        
     vcftools --vcf aen.poly.rad.RAW-6-6.Fltr04.4.recode.vcf --minDP 10 --recode --recode-INFO-all --out aen.poly.rad.RAW-6-6.Fltr14.5.recode.vcf 2> /dev/null | vcffixup -
	Sites remaining:	77514
	Contigs remaining:	2929


Mon May 16 13:14:03 EDT 2022 ---------------------------FILTER07: Remove sites with Alternate Allele Count <=X -----------------------------
     vcffixup aen.poly.rad.RAW-6-6.Fltr14.5.recode.vcf | vcffilter -s -f "AC > 0 & AN - AC > 0"  > aen.poly.rad.RAW-6-6.Fltr07.6.vcf
	Sites remaining:	69801
	Contigs remaining:	2929

Mon May 16 13:14:16 EDT 2022 ---------------------------FILTER05: Remove sites called in <X proportion of individuals -----------------------------
                                                                                                                        
                                   Histogram of the proportion of genotypes that are missing                            
                                                                                                                        
     16000 +--------------------------------------------------------------------------------------------------------+   
           |                    +                    +                    +                    +                    |   
           |                    ******                     'sitemissingness' using (bin($1,binwidth)):(1.0) ******* |   
     14000 |-+                  *    *                                                                            +-|   
           |                    *    *          ******                                                              |   
           |                    *    *          *    *                                                              |   
     12000 |-+                  *    *          *    *                                                            +-|   
           |                    *    *          *    *                                                              |   
           |                    *    *          *    *                                                              |   
     10000 |-+             ******    *          *    *                                                            +-|   
           |               *    *    *******    *    *                                                              |   
      8000 |-+             *    *    *     *    *    *                                                            +-|   
           |               *    *    *     *    *    *                                                              |   
           |               *    *    *     ******    *                                                              |   
      6000 |-+             *    *    *     *    *    *                                                            +-|   
           |               *    *    *     *    *    ******                                                         |   
           |          ******    *    *     *    *    *    *                                                         |   
      4000 |-+        *    *    *    *     *    *    *    *                                                       +-|   
           |          *    *    *    *     *    *    *    *                                                         |   
           |          *    *    *    *     *    *    *    *                                                         |   
      2000 |-+  *******    *    *    *     *    *    *    *                                                       +-|   
           |*****     *    *    *    *     *    *    *    *******                                                   |   
           |    *     *    *    *    *     *    *    *    *     ******    +                    +                    |   
         0 +--------------------------------------------------------------------------------------------------------+   
           0                   0.2                  0.4                  0.6                  0.8                   1   
                                                      Proportion Missing                                                
                                                                                                                        
                                                                                                                        
                                Scatter plot of the proportion of genotypes that are missing.                           
                                                                                                                        
     0.8 +----------------------------------------------------------------------------------------------------------+   
         |              +               +              +              +              +               +              |   
         |                                                                                'sitemissingness'    *    |   
     0.7 |-+                                                                                                      +-|   
         |                                                                                                          |   
         |*                                                                                                         |   
     0.6 |*+                                                                                                      +-|   
         |*                                                                                                         |   
         |**                                                                                                        |   
     0.5 |-**                                                                                                     +-|   
         |  ***                                                                                                     |   
     0.4 |-+  *********                                                                                           +-|   
         |            ******************                                                                            |   
         |                             ********                                                                     |   
     0.3 |-+                                  *********                                                           +-|   
         |                                            *********                                                     |   
         |                                                    **************                                        |   
     0.2 |-+                                                               *****************                      +-|   
         |                                                                                 ************             |   
         |                                                                                            ********      |   
     0.1 |-+                                                                                                 **** +-|   
         |                                                                                                      *** |   
         |              +               +              +              +              +               +            **|   
       0 +----------------------------------------------------------------------------------------------------------+   
         0            10000           20000          30000          40000          50000           60000          70000 
                                                            Site                                                        
                                                                                                                        
     vcftools --vcf aen.poly.rad.RAW-6-6.Fltr07.6.vcf --max-missing 0.75 --recode --recode-INFO-all --out aen.poly.rad.RAW-6-6.Fltr05.7.recode.vcf 2> /dev/null
	Sites remaining:	32117
	Contigs remaining:	2924


Mon May 16 13:14:24 EDT 2022 ---------------------------FILTER16: Remove Individuals|Libraries with Too Much Missing Data-----------------------------
                                                                                                                        
             Histogram of % missing data per individual|library before filter. Bars to the left are desireable.         
                                                                                                                        
     70 +-----------------------------------------------------------------------------------------------------------+   
        |                     +                    +                     +                    +                     |   
        |                                                     'totalmissing' using (bin($1,binwidth)):(1.0) ******* |   
     60 |*+                                                                                                       +-|   
        |*                                                                                                          |   
        |*                                                                                                          |   
        |*                                                                                                          |   
     50 |*+                                                                                                       +-|   
        |*                                                                                                          |   
        |*                                                                                                          |   
     40 |*+                                                                                                       +-|   
        |*                                                                                                          |   
        |*                                                                                                          |   
     30 |*+                                                                                                       +-|   
        |**                                                                                                         |   
        |**                                                                                                         |   
     20 |**                                                                                                       +-|   
        |**                                                                                                         |   
        |**                                                                                                         |   
        |***                                                                                                        |   
     10 |***                                                                                                      +-|   
        |***                                                                                                        |   
        |*****  ****     ******                  ****                    +        ****        +      ********   **  |   
      0 +-----------------------------------------------------------------------------------------------------------+   
        0                    0.2                  0.4                   0.6                  0.8                    1   
                                                     % missing genotypes                                                
                                                                                                                        
                                                                                                                        
                                   Scatter plot of % missing data per individual|library.                               
                                                                                                                        
       1 +----------------------------------------------------------------------------------------------------------+   
         |  ****       +            +             +             +             +            +             +          |   
         |      ****                                                                            'imiss.dat'    *    |   
         |         ***                                                                                              |   
         |           ***                                                                                            |   
     0.8 |-+                                                                                                      +-|   
         |             *                                                                                            |   
         |              **                                                                                          |   
         |               **                                                                                         |   
     0.6 |-+               *                                                                                      +-|   
         |                  *                                                                                       |   
         |                                                                                                          |   
         |                                                                                                          |   
         |                   ***                                                                                    |   
     0.4 |-+                    **                                                                                +-|   
         |                        *                                                                                 |   
         |                        ***                                                                               |   
         |                                                                                                          |   
     0.2 |-+                        *                                                                             +-|   
         |                           **                                                                             |   
         |                            ****                                                                          |   
         |                               *****                                                                      |   
         |             +            +        ***********        +             +            +             +          |   
       0 +----------------------------------------------------------------------------------------------------------+   
         0             20           40            60            80           100          120           140             
                                                         Individual                                                     
                                                                                                                        
 17 individuals|libraries with too much missing data:
INDV
Aen-AHam_004-AeA01004-L1-fp1-clmp-fp2-fqscrn-repr
Aen-AHam_005-AeA01005-L1-fp1-clmp-fp2-fqscrn-repr
Aen-AHam_010-AeA01010-L1-fp1-clmp-fp2-fqscrn-repr
Aen-AHam_016-AeA01016-L1-fp1-clmp-fp2-fqscrn-repr
Aen-AHam_020-AeA01020-L1-fp1-clmp-fp2-fqscrn-repr
Aen-AHam_021-AeA01021-L1-fp1-clmp-fp2-fqscrn-repr
Aen-AHam_023-AeA01023-L1-fp1-clmp-fp2-fqscrn-repr
Aen-AHam_029-AeA01029-L1-fp1-clmp-fp2-fqscrn-repr
Aen-AHam_031-AeA01031-L1-fp1-clmp-fp2-fqscrn-repr
Aen-AHam_032-AeA01032-L1-fp1-clmp-fp2-fqscrn-repr
Aen-AHam_036-AeA01036-L1-fp1-clmp-fp2-fqscrn-repr
Aen-AHam_037-AeA01037-L1-fp1-clmp-fp2-fqscrn-repr
Aen-AHam_038-AeA01038-L1-fp1-clmp-fp2-fqscrn-repr
Aen-AHam_040-AeA01040-L1-fp1-clmp-fp2-fqscrn-repr
Aen-AHam_043-AeA01043-L1-fp1-clmp-fp2-fqscrn-repr
Aen-AHam_053-AeA01053-L1-fp1-clmp-fp2-fqscrn-repr
Aen-AHam_057-AeA01057-L1-fp1-clmp-fp2-fqscrn-repr
     vcftools --vcf aen.poly.rad.RAW-6-6.Fltr05.7.recode.vcf --remove aen.poly.rad.RAW-6-6.Fltr16.8.lowDP-2.indv --recode --recode-INFO-all --out aen.poly.rad.RAW-6-6.Fltr16.8.recode.vcf 2> /dev/null | vcffixup -
	Sites remaining:	32117
	Contigs remaining:	2924


 Individuals|Libraries Remaining Per Sample
     43 Aen-AHam
     95 Aen-Cbat

Mon May 16 13:14:33 EDT 2022 ---------------------------FILTER15: Remove sites with maf > minor allele frequency > max-maf -----------------------------
     vcftools --vcf aen.poly.rad.RAW-6-6.Fltr16.8.recode.vcf --maf 0 --max-maf 1 --recode --recode-INFO-all --out aen.poly.rad.RAW-6-6.Fltr15.9.recode.vcf 2> /dev/null
	Sites remaining:	32117
	Contigs remaining:	2924


Mon May 16 13:14:36 EDT 2022 ---------------------------FILTER11: Remove sites with Quality/DP ratio < X -----------------------------
     vcffilter -s -f "QUAL / DP > 0.002" aen.poly.rad.RAW-6-6.Fltr15.9.recode.vcf > aen.poly.rad.RAW-6-6.Fltr11.10.vcf
	Sites remaining:	31573
	Contigs remaining:	2922

Mon May 16 13:14:39 EDT 2022 ---------------------------FILTER09: Remove sites with low/high ratio of mean mapping quality of alt to ref -----------------------------
     vcffilter -s -f "MQM / MQMR > 0.75 & MQM / MQMR < 1.33333" aen.poly.rad.RAW-6-6.Fltr11.10.vcf > aen.poly.rad.RAW-6-6.Fltr09.11.vcf
	Sites remaining:	30489
	Contigs remaining:	2914

Mon May 16 13:14:43 EDT 2022 ---------------------------FILTER10: Remove sites with one allele only supported by reads not properly paired -----------------------------
     vcffilter -s -f "PAIRED > 0.05 & PAIREDR > 0.05 & PAIREDR / PAIRED < 1.75 & PAIREDR / PAIRED > 0.25 | PAIRED < 0.05 & PAIREDR < 0.05" aen.poly.rad.RAW-6-6.Fltr09.11.vcf > aen.poly.rad.RAW-6-6.Fltr10.12.vcf
	Sites remaining:	18334
	Contigs remaining:	2478

Mon May 16 13:14:45 EDT 2022 ---------------------------FILTER04: Remove Sites With Mean Depth of Coverage < min-meanDP -----------------------------
                                                                                                                        
                                      Histogram of mean depth per site before FILTER04                                  
                                                                                                                        
     250 +----------------------------------------------------------------------------------------------------------+   
         |                 +                 +                 +                +                 +                 |   
         |   **                                        'sitedepthmeanbefore' using (bin($1,binwidth)):(1.0) ******* |   
         |   **                                                                                                     |   
         |   ***                                                                                                    |   
     200 |-+ ***                                                                                                  +-|   
         |   ****                                                                                                   |   
         |   ****                                                                                                   |   
         |   ****                                                                                                   |   
     150 |-+ ****                                                                                                 +-|   
         |   **** ***       *                                                                                       |   
         |   *************  * *                                                                                     |   
         |   *******************                                                                                    |   
         |   ********************                                                                                   |   
     100 |-+ *********************                                                                                +-|   
         |   ***********************                                                                                |   
         |   ************************                                                                               |   
         |   ************************ **                                                                            |   
      50 |-+****************************                                                                          +-|   
         |  *****************************                                                                           |   
         |  *********************************                                                                       |   
         |  *************************************                                                                   |   
         |  ****************************************** **      **               +                 +                 |   
       0 +----------------------------------------------------------------------------------------------------------+   
         0                100               200               300              400               500               600  
                                                         Mean Depth                                                     
                                                                                                                        
                                                                                                                        
                                    Scatter plot of mean depth per site before FILTER04.                                
                                                                                                                        
     600 +----------------------------------------------------------------------------------------------------------+   
         |          +         +          +          +          +         +          +          +         +          |   
         |                                                                            'sitedepthmeanbefore'    *    |   
         |                                                                                                          |   
     500 |-+                                                                                                      +-|   
         |                                                                                                          |   
         |                                                                                                          |   
         |                                                                                                          |   
     400 |-+                                                                                                      +-|   
         |                                                                                                          |   
         |*                                                                                                         |   
     300 |*+                                                                                                      +-|   
         |*                                                                                                         |   
         |**                                                                                                        |   
         | **                                                                                                       |   
     200 |-+***                                                                                                   +-|   
         |    *****                                                                                                 |   
         |        *********                                                                                         |   
         |                *************                                                                             |   
     100 |-+                          *****************                                                           +-|   
         |                                            *****************                                             |   
         |                                                            *******************                           |   
         |          +         +          +          +          +         +          +   ********************        |   
       0 +----------------------------------------------------------------------------------------------------------+   
         0         2000      4000       6000       8000      10000     12000      14000      16000     18000      20000 
                                                            Site                                                        
                                                                                                                        
                                                                                                                        
                             Scatter plot of depth variance vs mean depth per site before FILTER04.                     
                                                                                                                        
     300000 +-------------------------------------------------------------------------------------------------------+   
            |                +                 +                +                +                 +                |   
            |                                                                         'meandepthVSvariance'    *    |   
            |                                                     *                                                 |   
     250000 |-+                                                                                                   +-|   
            |                                                  *                                                    |   
            |                                                                                                       |   
            |                                                                                                       |   
     200000 |-+                                                       *                                           +-|   
            |                                            *                                                          |   
            |                                                                                                       |   
     150000 |-+                                                                              *                    +-|   
            |                                                  *                                                    |   
            |                                                                                     * *               |   
            |                                                       *                *         **  ** *             |   
     100000 |-+                               *        * *                               *   * *   *              +-|   
            |                               **    ****               *  **           *       *                      |   
            |                                   ** **                          * *** *                              |   
            |                           *                    *  *  ***  *****  *  * *  *  ***                       |   
      50000 |-+                    ****  ******  *  *       * **  *** ***********   *****                 *       +-|   
            |                    * ** **** * *******  ** ********* **********       *   *  **** * *                 |   
            |               *********** *** **************************** ***  * ***  *   **                         |   
            |      *  * ***************************************** ***  **        +                 +                |   
          0 +-------------------------------------------------------------------------------------------------------+   
            0               100               200              300              400               500              600  
                                                           Mean Depth                                                   
                                                                                                                        
     vcftools --vcf aen.poly.rad.RAW-6-6.Fltr10.12.vcf --min-meanDP 15 --recode --recode-INFO-all --out aen.poly.rad.RAW-6-6.Fltr04.13.recode.vcf 2> /dev/null
	Sites remaining:	18334
	Contigs remaining:	2478


Mon May 16 13:14:49 EDT 2022 ---------------------------FILTER13: Remove sites with mean DP greater than X  -----------------------------
                                                                                                                        
                                       Histogram of mean depth per site before filter                                   
                                                                                                                        
     250 +----------------------------------------------------------------------------------------------------------+   
         |                 +                 +                 +                +                 +                 |   
         |                                          'meandepthpersitebefore' using (bin($1,binwidth)):(1.0) ******* |   
         |    **                                                                                                    |   
         |   ***                                                                                                    |   
     200 |-+ ***                                                                                                  +-|   
         |   ****                                                                                                   |   
         |   ****                                                                                                   |   
         |   ****                                                                                                   |   
     150 |-+ ******                                                                                               +-|   
         |   *******        *                                                                                       |   
         |   *****************                                                                                      |   
         |   *******************                                                                                    |   
         |   ********************                                                                                   |   
     100 |-+ *********************                                                                                +-|   
         |   ***********************                                                                                |   
         |   ***********************                                                                                |   
         |  ************************* *                                                                             |   
      50 |-+*****************************                                                                         +-|   
         |  *****************************                                                                           |   
         |  ******************************* *                                                                       |   
         |  *************************************                                                                   |   
         |  ******************************************         **               +                 +                 |   
       0 +----------------------------------------------------------------------------------------------------------+   
         0                100               200               300              400               500               600  
                                                         Mean Depth                                                     
                                                                                                                        
     vcftools --vcf aen.poly.rad.RAW-6-6.Fltr04.13.recode.vcf --max-meanDP 200 --recode --recode-INFO-all --out aen.poly.rad.RAW-6-6.Fltr13.14.recode.vcf 2> /dev/null
	Sites remaining:	17566
	Contigs remaining:	2468


Mon May 16 13:14:52 EDT 2022 ---------------------------FILTER05: Remove sites called in <X proportion of individuals -----------------------------
                                                                                                                        
                                   Histogram of the proportion of genotypes that are missing                            
                                                                                                                        
     7000 +---------------------------------------------------------------------------------------------------------+   
          |          ******    +                    +                     +                    +                    |   
          |          *    *                                'sitemissingness' using (bin($1,binwidth)):(1.0) ******* |   
     6000 |-+        *    *                                                                                       +-|   
          |    *******    *                                                                                         |   
          |    *     *    *                                                                                         |   
          |    *     *    *                                                                                         |   
     5000 |-+  *     *    *                                                                                       +-|   
          |    *     *    *                                                                                         |   
          |    *     *    *                                                                                         |   
     4000 |*****     *    *                                                                                       +-|   
          |    *     *    *                                                                                         |   
          |    *     *    *                                                                                         |   
     3000 |-+  *     *    *                                                                                       +-|   
          |    *     *    *                                                                                         |   
          |    *     *    *                                                                                         |   
     2000 |-+  *     *    *                                                                                       +-|   
          |    *     *    *                                                                                         |   
          |    *     *    *                                                                                         |   
          |    *     *    *                                                                                         |   
     1000 |-+  *     *    ******                                                                                  +-|   
          |    *     *    *    *                                                                                    |   
          |    *     *    *    *                    +                     +                    +                    |   
        0 +---------------------------------------------------------------------------------------------------------+   
          0                   0.2                  0.4                   0.6                  0.8                   1   
                                                      Proportion Missing                                                
                                                                                                                        
                                                                                                                        
                                 Scatter plot of the proportion of genotypes that are missing.                          
                                                                                                                        
      0.3 +---------------------------------------------------------------------------------------------------------+   
          |           +           +          +           +           +           +          +           +           |   
          |                                                                               'sitemissingness'    *    |   
          |                                                                                                         |   
     0.25 |-+                                                                                                     +-|   
          |                                                                                                         |   
          |                                                                                                         |   
          |                                                                                                         |   
      0.2 |-+                                                                                                     +-|   
          |                                                                                                         |   
          |*                                                                                                        |   
     0.15 |******                                                                                                 +-|   
          |     *************                                                                                       |   
          |                 ******                                                                                  |   
          |                      *************                                                                      |   
      0.1 |-+                                ************                                                         +-|   
          |                                             ************                                                |   
          |                                                        ***********                                      |   
          |                                                                  *****                                  |   
     0.05 |-+                                                                    **********                       +-|   
          |                                                                               ********                  |   
          |                                                                                      *********          |   
          |           +           +          +           +           +           +          +           +*******    |   
        0 +---------------------------------------------------------------------------------------------------------+   
          0          2000        4000       6000        8000       10000       12000      14000       16000       18000 
                                                             Site                                                       
                                                                                                                        
     vcftools --vcf aen.poly.rad.RAW-6-6.Fltr13.14.recode.vcf --max-missing 0.8 --recode --recode-INFO-all --out aen.poly.rad.RAW-6-6.Fltr05.15.recode.vcf 2> /dev/null
	Sites remaining:	17536
	Contigs remaining:	2466


Mon May 16 13:14:56 EDT 2022 ---------------------------FILTER16: Remove Individuals|Libraries with Too Much Missing Data-----------------------------
                                                                                                                        
             Histogram of % missing data per individual|library before filter. Bars to the left are desireable.         
                                                                                                                        
     60 +-----------------------------------------------------------------------------------------------------------+   
        |*                    +                    +                     +                    +                     |   
        |*                                                    'totalmissing' using (bin($1,binwidth)):(1.0) ******* |   
        |*                                                                                                          |   
     50 |*+                                                                                                       +-|   
        |*                                                                                                          |   
        |*                                                                                                          |   
        |*                                                                                                          |   
     40 |*+                                                                                                       +-|   
        |*                                                                                                          |   
        |*                                                                                                          |   
     30 |*+                                                                                                       +-|   
        |**                                                                                                         |   
        |**                                                                                                         |   
        |**                                                                                                         |   
     20 |**                                                                                                       +-|   
        |**                                                                                                         |   
        |**                                                                                                         |   
        |**                                                                                                         |   
     10 |***                                                                                                      +-|   
        |****                                                                                                       |   
        |****                                                                                                       |   
        |****   ****    ******+     *******      **********************  +      ****          +                     |   
      0 +-----------------------------------------------------------------------------------------------------------+   
        0                    0.2                  0.4                   0.6                  0.8                    1   
                                                     % missing genotypes                                                
                                                                                                                        
                                                                                                                        
                                   Scatter plot of % missing data per individual|library.                               
                                                                                                                        
       1 +----------------------------------------------------------------------------------------------------------+   
         |              +               +              +               +              +              +              |   
         |                                                                                      'imiss.dat'    *    |   
         |                                                                                                          |   
         |                                                                                                          |   
     0.8 |-+                                                                                                      +-|   
         |                                                                                                          |   
         |**                                                                                                        |   
         |  *                                                                                                       |   
     0.6 |-+ **                                                                                                   +-|   
         |    **                                                                                                    |   
         |                                                                                                          |   
         |                                                                                                          |   
         |      **                                                                                                  |   
     0.4 |-+     *****                                                                                            +-|   
         |            *                                                                                             |   
         |             *                                                                                            |   
         |              *                                                                                           |   
     0.2 |-+            *                                                                                         +-|   
         |               **                                                                                         |   
         |                 ***                                                                                      |   
         |                    ****                                                                                  |   
         |              +         **************       +               +              +              +              |   
       0 +----------------------------------------------------------------------------------------------------------+   
         0              20              40             60              80            100            120                 
                                                         Individual                                                     
                                                                                                                        
 8 individuals|libraries with too much missing data:
INDV
Aen-AHam_011-AeA01011-L1-fp1-clmp-fp2-fqscrn-repr
Aen-AHam_018-AeA01018-L1-fp1-clmp-fp2-fqscrn-repr
Aen-AHam_024-AeA01024-L1-fp1-clmp-fp2-fqscrn-repr
Aen-AHam_027-AeA01027-L1-fp1-clmp-fp2-fqscrn-repr
Aen-AHam_046-AeA01046-L1-fp1-clmp-fp2-fqscrn-repr
Aen-AHam_052-AeA01052-L1-fp1-clmp-fp2-fqscrn-repr
Aen-AHam_058-AeA01058-L1-fp1-clmp-fp2-fqscrn-repr
Aen-AHam_059-AeA01059-L1-fp1-clmp-fp2-fqscrn-repr
     vcftools --vcf aen.poly.rad.RAW-6-6.Fltr05.15.recode.vcf --remove aen.poly.rad.RAW-6-6.Fltr16.16.lowDP-2.indv --recode --recode-INFO-all --out aen.poly.rad.RAW-6-6.Fltr16.16.recode.vcf 2> /dev/null | vcffixup -
	Sites remaining:	17536
	Contigs remaining:	2466


 Individuals|Libraries Remaining Per Sample
     35 Aen-AHam
     95 Aen-Cbat

Mon May 16 13:15:02 EDT 2022 ---------------------------FILTER07: Remove sites with Alternate Allele Count <=X -----------------------------
     vcffixup aen.poly.rad.RAW-6-6.Fltr16.16.recode.vcf | vcffilter -s -f "AC > 0 & AN - AC > 0"  > aen.poly.rad.RAW-6-6.Fltr07.17.vcf
	Sites remaining:	17223
	Contigs remaining:	2455

Mon May 16 13:15:07 EDT 2022 ---------------------------FILTER18: Remove sites not in HWE p<X) -----------------------------
Processing population: Aen-AHam-A (60 inds)
Processing population: Aen-Cbat-A (92 inds)
Processing population: Aen-Cbat-B (3 inds)
Outputting results of HWE test for filtered loci to 'filtered.hwe'
Kept 14397 of a possible 17223 loci (filtered 2826 loci)

	Sites remaining:	14397
	Contigs remaining:	2444
	Sites remaining:	14397
	Contigs remaining:	2444

Mon May 16 13:15:18 EDT 2022 ---------------------------FILTER17: Remove sites with data missing for too many individuals|libraries in a population -----------------------------
     Using PopMap File: /home/r3clark/PIRE/pire_cssl_data_processing/atherinomorus_endrachtensis/filterVCF/popmap.rad.RAW-6-6.HWEsplit
     vcftools --vcf aen.poly.rad.RAW-6-6.Fltr18.18.HWE.recode.vcf --exclude-positions aen.poly.rad.RAW-6-6.Fltr17.19.badloci --recode --recode-INFO-all --out aen.poly.rad.RAW-6-6.Fltr17.19.recode.vcf 2> /dev/null
	Sites remaining:	9684
	Contigs remaining:	1792


Mon May 16 13:15:46 EDT 2022  --------------------------- Filtering complete! ---------------------------

