

fltrVCF.bash v4.4 -- a script to filter vcf files repeatably

Dependencies required for fltrVCF to be fully functional:
	R
		tidyverse
		gridExtra
	vcftools
	vcflib
	samtools
	perl
	mawk
	parallel
	rad_haplotyper.pl https://github.com/cbirdlab/rad_haplotyper.git
	filter_hwe_by_pop_HPC

Mon Nov 8 10:50:28 EST 2021 Reading options from command line:

	Settings File:            config.fltr.ind.cssl.postAB_HD

Mon Nov 8 10:50:28 EST 2021 Reading options from config file and setting defaults
	SETTINGS are being loaded from file: 'config.fltr.ind.cssl.postAB_HD'
	Filters are set to '11 09 10 04 13 05 17 16 07 18 17'
	CutoffCode is set to '.rad.RAW-6-6'
	BAM_PATH is set to '/home/r3clark/PIRE/pire_cssl_data_processing/atherinomorus_endrachtensis/mkBAM'
	SCRIPT_PATH is set to '../../../scripts/fltrVCF/scripts'
	VCF_FILE is set to '/home/r3clark/PIRE/pire_cssl_data_processing/atherinomorus_endrachtensis/filterVCF_forAB/postAB_filter_zscore2.5_both/Fltr15.9.greenlistHD2.5.vcf'
	Bed file is set to '/home/r3clark/PIRE/pire_cssl_data_processing/atherinomorus_endrachtensis/mkBAM/mapped.rad.RAW-6-6.bed'
	Reference genome is set to '/home/r3clark/PIRE/pire_cssl_data_processing/atherinomorus_endrachtensis/mkBAM/reference.rad.RAW-6-6.fasta'
	PopMap is set to '/home/r3clark/PIRE/pire_cssl_data_processing/atherinomorus_endrachtensis/mkBAM/popmap.rad.RAW-6-6'
	HWE_SCRIPT is set to '../../../scripts/fltrVCF/filter_hwe_by_pop_HPC.pl'
	RADHAP_SCRIPT is set to '../../../scripts/rad_haplotyper/rad_haplotyper.pl'
	Output file prefix is set to 'Aen.postAB_HD2.5'
	The number of threads is set to '32'
	-P not set by user. Only filters that natively support parallelization will be run in parallel.
	/home/r3clark/PIRE/pire_cssl_data_processing/atherinomorus_endrachtensis/filterVCF_forAB/postAB_filter_zscore2.5_both/Fltr15.9.greenlistHD2.5.vcf will be used for serial processing.

Mon Nov 8 10:50:28 EST 2021 Getting universal chromosome/contig prefix ...
          Querying /home/r3clark/PIRE/pire_cssl_data_processing/atherinomorus_endrachtensis/filterVCF_forAB/postAB_filter_zscore2.5_both/Fltr15.9.greenlistHD2.5.vcf ...
          Prefix: dDocent
          It is assumed that all values in the CHROM column of vcf begin with dDocent
          If this is not the case, then fltrVCF will not work properly.
          The prefix is used to count SNPs/variants, contigs, etc and is used in some filters.

Mon Nov 8 10:50:28 EST 2021  reading variables into MAIN

Mon Nov 8 10:50:28 EST 2021 ---------------------------FILTER11: Remove sites with Quality/DP ratio < X -----------------------------
     vcffilter -s -f "QUAL / DP > 0.002" /home/r3clark/PIRE/pire_cssl_data_processing/atherinomorus_endrachtensis/filterVCF_forAB/postAB_filter_zscore2.5_both/Fltr15.9.greenlistHD2.5.vcf > Aen.postAB_HD2.5.rad.RAW-6-6.Fltr11.1.vcf
	Sites remaining:	9082
	Contigs remaining:	2903

Mon Nov 8 10:50:32 EST 2021 ---------------------------FILTER09: Remove sites with low/high ratio of mean mapping quality of alt to ref -----------------------------
     vcffilter -s -f "MQM / MQMR > 0.75 & MQM / MQMR < 1.33333" Aen.postAB_HD2.5.rad.RAW-6-6.Fltr11.1.vcf > Aen.postAB_HD2.5.rad.RAW-6-6.Fltr09.2.vcf
	Sites remaining:	8841
	Contigs remaining:	2845

Mon Nov 8 10:50:35 EST 2021 ---------------------------FILTER10: Remove sites with one allele only supported by reads not properly paired -----------------------------
     vcffilter -s -f "PAIRED > 0.05 & PAIREDR > 0.05 & PAIREDR / PAIRED < 1.75 & PAIREDR / PAIRED > 0.25 | PAIRED < 0.05 & PAIREDR < 0.05" Aen.postAB_HD2.5.rad.RAW-6-6.Fltr09.2.vcf > Aen.postAB_HD2.5.rad.RAW-6-6.Fltr10.3.vcf
	Sites remaining:	4593
	Contigs remaining:	1949

Mon Nov 8 10:50:37 EST 2021 ---------------------------FILTER04: Remove Sites With Mean Depth of Coverage < min-meanDP -----------------------------
                                                                                                                        
                                      Histogram of mean depth per site before FILTER04                                  
                                                                                                                        
     60 +-----------------------------------------------------------------------------------------------------------+   
        |           +           +  **       +           +           +           +           +           +           |   
        |                   ****   **                  'sitedepthmeanbefore' using (bin($1,binwidth)):(1.0) ******* |   
        |                   **********                                                                              |   
     50 |-+               *************                                                                           +-|   
        |                **************                                                                             |   
        |               ***************                                                                             |   
        |               ***************                                                                             |   
     40 |-+             ***************  *                                                                        +-|   
        |               ***************  *                                                                          |   
        |               ******************                                                                          |   
     30 |-+            ********************  *                                                                    +-|   
        |             *********************  *                                                                      |   
        |            *************************                                                                      |   
        |            *************************                                                                      |   
     20 |-+         **************************                                                                    +-|   
        |    ** *  ****************************                                                                     |   
        |    ****  ******************************                                                                   |   
        |    **************************************                                                                 |   
     10 |-+  **************************************  *                                                            +-|   
        |    *******************************************                                                            |   
        |   *********************************************   *                                                       |   
        |   *************************************************  * ***** ***      +           +          *****        |   
      0 +-----------------------------------------------------------------------------------------------------------+   
        0           50         100         150         200         250         300         350         400         450  
                                                         Mean Depth                                                     
                                                                                                                        
                                                                                                                        
                                    Scatter plot of mean depth per site before FILTER04.                                
                                                                                                                        
     450 +----------------------------------------------------------------------------------------------------------+   
         |          +         +          +          +          +         +          +          +         +          |   
         |                                                                            'sitedepthmeanbefore'    *    |   
     400 |-+                                                                                                      +-|   
         |                                                                                                          |   
     350 |-+                                                                                                      +-|   
         |                                                                                                          |   
         |                                                                                                          |   
     300 |-+                                                                                                      +-|   
         |                                                                                                          |   
     250 |-+                                                                                                      +-|   
         |*                                                                                                         |   
         |*                                                                                                         |   
     200 |***                                                                                                     +-|   
         |  ****                                                                                                    |   
     150 |-+   *********                                                                                          +-|   
         |             ************                                                                                 |   
         |                        ********************                                                              |   
     100 |-+                                         *********************                                        +-|   
         |                                                               ******************                         |   
      50 |-+                                                                              **********              +-|   
         |                                                                                         *******          |   
         |          +         +          +          +          +         +          +          +         ***        |   
       0 +----------------------------------------------------------------------------------------------------------+   
         0         500       1000       1500       2000       2500      3000       3500       4000      4500       5000 
                                                            Site                                                        
                                                                                                                        
                                                                                                                        
                             Scatter plot of depth variance vs mean depth per site before FILTER04.                     
                                                                                                                        
     250000 +-------------------------------------------------------------------------------------------------------+   
            |           +          +           +          +           +          +           +          +           |   
            |                                                                         'meandepthVSvariance'    *    |   
            |                                                                                                       |   
            |                                                              *                                        |   
     200000 |-+                                                                                                   +-|   
            |                                                                                                       |   
            |                                                                                                       |   
            |                                                                                                       |   
     150000 |-+                                                                                                   +-|   
            |                                                                                                       |   
            |                                                                                                       |   
            |                                                                                      *            *   |   
            |                                                                                                       |   
     100000 |-+                                                  *                                                +-|   
            |                                               * *                   *                                 |   
            |                                             *                                              *          |   
            |                                                             *    *         *            *             |   
      50000 |-+                                                                                                   +-|   
            |                            *        *           *  *    *  **                              *    *     |   
            |                          *                *    *****    **               *       *                    |   
            |                         ** ***     **************         **                                          |   
            |       *   * ********************************+**    *    +          +           +          +           |   
          0 +-------------------------------------------------------------------------------------------------------+   
            0           50        100         150        200         250        300         350        400         450  
                                                           Mean Depth                                                   
                                                                                                                        
     vcftools --vcf Aen.postAB_HD2.5.rad.RAW-6-6.Fltr10.3.vcf --min-meanDP 10 --recode --recode-INFO-all --out Aen.postAB_HD2.5.rad.RAW-6-6.Fltr04.4.recode.vcf 2> /dev/null
	Sites remaining:	4593
	Contigs remaining:	1949


Mon Nov 8 10:50:41 EST 2021 ---------------------------FILTER13: Remove sites with mean DP greater than X  -----------------------------
                                                                                                                        
                                       Histogram of mean depth per site before filter                                   
                                                                                                                        
     70 +-----------------------------------------------------------------------------------------------------------+   
        |           +          *+           +           +           +           +           +           +           |   
        |                      *                    'meandepthpersitebefore' using (bin($1,binwidth)):(1.0) ******* |   
     60 |-+               *   ***                                                                                 +-|   
        |                 *** ***                                                                                   |   
        |               * *** *****                                                                                 |   
        |               * **********                                                                                |   
     50 |-+             * ***********                                                                             +-|   
        |               * ************ *                                                                            |   
        |               ************** *                                                                            |   
     40 |-+            *************** *                                                                          +-|   
        |             ******************                                                                            |   
        |             *******************                                                                           |   
     30 |-+           ******************* **                                                                      +-|   
        |           ********************* **                                                                        |   
        |           ************************ *                                                                      |   
     20 |-+         **************************                                                                    +-|   
        |    *  * ****************************                                                                      |   
        |    **** ****************************                                                                      |   
        |    **********************************  *                                                                  |   
     10 |-+  ***************************************                                                              +-|   
        |   ******************************************* *                                                           |   
        |   *************************************************    ** ****        +           +          *****        |   
      0 +-----------------------------------------------------------------------------------------------------------+   
        0           50         100         150         200         250         300         350         400         450  
                                                         Mean Depth                                                     
                                                                                                                        
     vcftools --vcf Aen.postAB_HD2.5.rad.RAW-6-6.Fltr04.4.recode.vcf --max-meanDP 200 --recode --recode-INFO-all --out Aen.postAB_HD2.5.rad.RAW-6-6.Fltr13.5.recode.vcf 2> /dev/null
	Sites remaining:	4539
	Contigs remaining:	1935


Mon Nov 8 10:50:43 EST 2021 ---------------------------FILTER05: Remove sites called in <X proportion of individuals -----------------------------
                                                                                                                        
                                   Histogram of the proportion of genotypes that are missing                            
                                                                                                                        
     3000 +---------------------------------------------------------------------------------------------------------+   
          |                    +                    +                     +                    +                    |   
          |                                                'sitemissingness' using (bin($1,binwidth)):(1.0) ******* |   
          |    *******                                                                                              |   
     2500 |-+  *     *                                                                                            +-|   
          |    *     *                                                                                              |   
          |    *     *                                                                                              |   
          |    *     *                                                                                              |   
     2000 |-+  *     *                                                                                            +-|   
          |    *     *                                                                                              |   
          |*****     *                                                                                              |   
     1500 |-+  *     *                                                                                            +-|   
          |    *     *                                                                                              |   
          |    *     *                                                                                              |   
          |    *     *                                                                                              |   
     1000 |-+  *     *                                                                                            +-|   
          |    *     *                                                                                              |   
          |    *     *                                                                                              |   
          |    *     *                                                                                              |   
      500 |-+  *     *                                                                                            +-|   
          |    *     *                                                                                              |   
          |    *     *                                                                                              |   
          |    *     ***       +                    +                     +                    +                    |   
        0 +---------------------------------------------------------------------------------------------------------+   
          0                   0.2                  0.4                   0.6                  0.8                   1   
                                                      Proportion Missing                                                
                                                                                                                        
                                                                                                                        
                                 Scatter plot of the proportion of genotypes that are missing.                          
                                                                                                                        
     0.14 +---------------------------------------------------------------------------------------------------------+   
          |          +         +          +         +          +          +         +          +         +          |   
          |                                                                               'sitemissingness'    *    |   
     0.12 |-+                                                                                                     +-|   
          |*                                                                                                        |   
          |**                                                                                                       |   
          | ***                                                                                                     |   
      0.1 |-+ ****                                                                                                +-|   
          |      *****                                                                                              |   
          |          *******                                                                                        |   
     0.08 |-+              ********                                                                               +-|   
          |                       **********                                                                        |   
          |                                **********                                                               |   
     0.06 |-+                                       ***********                                                   +-|   
          |                                                                                                         |   
          |                                                   *********                                             |   
     0.04 |-+                                                         *********                                   +-|   
          |                                                                   ********                              |   
          |                                                                          ******                         |   
          |                                                                               *****                     |   
     0.02 |-+                                                                                 *****               +-|   
          |                                                                                       ****              |   
          |          +         +          +         +          +          +         +          +     *** +          |   
        0 +---------------------------------------------------------------------------------------------------------+   
          0         500       1000       1500      2000       2500       3000      3500       4000      4500       5000 
                                                             Site                                                       
                                                                                                                        
     vcftools --vcf Aen.postAB_HD2.5.rad.RAW-6-6.Fltr13.5.recode.vcf --max-missing 0.75 --recode --recode-INFO-all --out Aen.postAB_HD2.5.rad.RAW-6-6.Fltr05.6.recode.vcf 2> /dev/null
	Sites remaining:	4539
	Contigs remaining:	1935


Mon Nov 8 10:50:46 EST 2021 ---------------------------FILTER17: Remove sites with data missing for too many individuals|libraries in a population -----------------------------
     Using PopMap File: /home/r3clark/PIRE/pire_cssl_data_processing/atherinomorus_endrachtensis/mkBAM/popmap.rad.RAW-6-6
     vcftools --vcf Aen.postAB_HD2.5.rad.RAW-6-6.Fltr05.6.recode.vcf --exclude-positions Aen.postAB_HD2.5.rad.RAW-6-6.Fltr17.7.badloci --recode --recode-INFO-all --out Aen.postAB_HD2.5.rad.RAW-6-6.Fltr17.7.recode.vcf 2> /dev/null
	Sites remaining:	4539
	Contigs remaining:	1935


Mon Nov 8 10:50:49 EST 2021 ---------------------------FILTER16: Remove Individuals|Libraries with Too Much Missing Data-----------------------------
                                                                                                                        
             Histogram of % missing data per individual|library before filter. Bars to the left are desireable.         
                                                                                                                        
     120 +----------------------------------------------------------------------------------------------------------+   
         |*                   +                     +                    +                     +                    |   
         |*                                                   'totalmissing' using (bin($1,binwidth)):(1.0) ******* |   
         |*                                                                                                         |   
     100 |*+                                                                                                      +-|   
         |*                                                                                                         |   
         |*                                                                                                         |   
         |*                                                                                                         |   
      80 |*+                                                                                                      +-|   
         |*                                                                                                         |   
         |*                                                                                                         |   
      60 |*+                                                                                                      +-|   
         |*                                                                                                         |   
         |*                                                                                                         |   
         |*                                                                                                         |   
      40 |*+                                                                                                      +-|   
         |*                                                                                                         |   
         |*                                                                                                         |   
         |*                                                                                                         |   
      20 |*+                                                                                                      +-|   
         |*                                                                                                         |   
         |*                                                                                                         |   
         |*******             +                  ****                    +                     +                    |   
       0 +----------------------------------------------------------------------------------------------------------+   
         0                   0.2                   0.4                  0.6                   0.8                   1   
                                                     % missing genotypes                                                
                                                                                                                        
                                                                                                                        
                                   Scatter plot of % missing data per individual|library.                               
                                                                                                                        
       1 +----------------------------------------------------------------------------------------------------------+   
         |             +            +             +             +             +            +             +          |   
         |                                                                                      'imiss.dat'    *    |   
         |                                                                                                          |   
         |                                                                                                          |   
     0.8 |-+                                                                                                      +-|   
         |*                                                                                                         |   
         |                                                                                                          |   
         |                                                                                                          |   
     0.6 |*+                                                                                                      +-|   
         | **                                                                                                       |   
         |  *                                                                                                       |   
         |   *                                                                                                      |   
         |    *                                                                                                     |   
     0.4 |-+  ***                                                                                                 +-|   
         |       *                                                                                                  |   
         |       ***                                                                                                |   
         |         ***                                                                                              |   
     0.2 |-+         **                                                                                           +-|   
         |             *                                                                                            |   
         |             *                                                                                            |   
         |              ***                                                                                         |   
         |             +   ******   +             +             +             +            +             +          |   
       0 +----------------------------------------------------------------------------------------------------------+   
         0             20           40            60            80           100          120           140             
                                                         Individual                                                     
                                                                                                                        
 0 individuals|libraries with too much missing data:
INDV
     vcftools --vcf Aen.postAB_HD2.5.rad.RAW-6-6.Fltr17.7.recode.vcf --remove Aen.postAB_HD2.5.rad.RAW-6-6.Fltr16.8.lowDP-2.indv --recode --recode-INFO-all --out Aen.postAB_HD2.5.rad.RAW-6-6.Fltr16.8.recode.vcf 2> /dev/null | vcffixup -
	Sites remaining:	4539
	Contigs remaining:	1935


 Individuals|Libraries Remaining Per Sample
     60 Aen-AHam
     95 Aen-Cbat

Mon Nov 8 10:50:54 EST 2021 ---------------------------FILTER07: Remove sites with Alternate Allele Count <=X -----------------------------
     vcffixup Aen.postAB_HD2.5.rad.RAW-6-6.Fltr16.8.recode.vcf | vcffilter -s -f "AC > 0 & AN - AC > 0"  > Aen.postAB_HD2.5.rad.RAW-6-6.Fltr07.9.vcf
	Sites remaining:	4539
	Contigs remaining:	1935

Mon Nov 8 10:50:59 EST 2021 ---------------------------FILTER18: Remove sites not in HWE p<X) -----------------------------
Processing population: Aen-AHam (60 inds)
Processing population: Aen-Cbat (95 inds)
Outputting results of HWE test for filtered loci to 'filtered.hwe'
Kept 3335 of a possible 4539 loci (filtered 1204 loci)

	Sites remaining:	3335
	Contigs remaining:	1723
	Sites remaining:	3335
	Contigs remaining:	1723

Mon Nov 8 10:51:03 EST 2021 ---------------------------FILTER17: Remove sites with data missing for too many individuals|libraries in a population -----------------------------
     Using PopMap File: /home/r3clark/PIRE/pire_cssl_data_processing/atherinomorus_endrachtensis/mkBAM/popmap.rad.RAW-6-6
     vcftools --vcf Aen.postAB_HD2.5.rad.RAW-6-6.Fltr18.10.HWE.recode.vcf --exclude-positions Aen.postAB_HD2.5.rad.RAW-6-6.Fltr17.11.badloci --recode --recode-INFO-all --out Aen.postAB_HD2.5.rad.RAW-6-6.Fltr17.11.recode.vcf 2> /dev/null
	Sites remaining:	3335
	Contigs remaining:	1723


Mon Nov 8 10:51:05 EST 2021  --------------------------- Filtering complete! ---------------------------

