
The following have been reloaded with a version change:
  1) ddocent/2.9.4 => ddocent/2.7.8



fltrVCF.bash v4.4 -- a script to filter vcf files repeatably

Dependencies required for fltrVCF to be fully functional:
	R
		tidyverse
		gridExtra
	vcftools
	vcflib
	samtools
	perl
	mawk
	parallel
	rad_haplotyper.pl https://github.com/cbirdlab/rad_haplotyper.git
	filter_hwe_by_pop_HPC

Thu Dec 7 15:34:50 EST 2023 Reading options from command line:

	Settings File:            config.fltr.ind.cssl.postAB_HD

Thu Dec 7 15:34:50 EST 2023 Reading options from config file and setting defaults
	SETTINGS are being loaded from file: 'config.fltr.ind.cssl.postAB_HD'
	Filters are set to '11 09 10 04 13 05 16 07'
	CutoffCode is set to '.rad.RAW-6-6-rescaled'
	BAM_PATH is set to '/home/e1garcia/shotgun_PIRE/pire_cssl_data_processing/atherinomorus_endrachtensis/mkBAM'
	SCRIPT_PATH is set to '../../scripts/fltrVCF/scripts'
	VCF_FILE is set to 'Fltr15.9.greenlist.vcf'
	Bed file is set to '/home/e1garcia/shotgun_PIRE/pire_cssl_data_processing/atherinomorus_endrachtensis/mkBAM/mapped.rad.RAW-6-6-rescaled.bed'
	Reference genome is set to '/home/e1garcia/shotgun_PIRE/pire_cssl_data_processing/atherinomorus_endrachtensis/mkBAM/reference.rad.RAW-6-6-rescaled.fasta'
	PopMap is set to '/home/e1garcia/shotgun_PIRE/pire_cssl_data_processing/atherinomorus_endrachtensis/mkBAM/popmap.rad.RAW-6-6-rescaled'
	HWE_SCRIPT is set to '../../scripts/fltrVCF/filter_hwe_by_pop_HPC.pl'
	RADHAP_SCRIPT is set to '../../scripts/rad_haplotyper/rad_haplotyper.pl'
	Output file prefix is set to 'Aen.postAB_HD2.5'
	The number of threads is set to '32'
	-P not set by user. Only filters that natively support parallelization will be run in parallel.
	Fltr15.9.greenlist.vcf will be used for serial processing.

Thu Dec 7 15:34:51 EST 2023 Getting universal chromosome/contig prefix ...
          Querying Fltr15.9.greenlist.vcf ...
          Prefix: dDocent
          It is assumed that all values in the CHROM column of vcf begin with dDocent
          If this is not the case, then fltrVCF will not work properly.
          The prefix is used to count SNPs/variants, contigs, etc and is used in some filters.

Thu Dec 7 15:34:51 EST 2023  reading variables into MAIN

Thu Dec 7 15:34:51 EST 2023 ---------------------------FILTER11: Remove sites with Quality/DP ratio < X -----------------------------
     vcffilter -s -f "QUAL / DP > 0.02" Fltr15.9.greenlist.vcf > Aen.postAB_HD2.5.rad.RAW-6-6-rescaled.Fltr11.1.vcf
	Sites remaining:	23070
	Contigs remaining:	2728

Thu Dec 7 15:34:57 EST 2023 ---------------------------FILTER09: Remove sites with low/high ratio of mean mapping quality of alt to ref -----------------------------
     vcffilter -s -f "MQM / MQMR > 0.75 & MQM / MQMR < 1.33333" Aen.postAB_HD2.5.rad.RAW-6-6-rescaled.Fltr11.1.vcf > Aen.postAB_HD2.5.rad.RAW-6-6-rescaled.Fltr09.2.vcf
	Sites remaining:	22596
	Contigs remaining:	2699

Thu Dec 7 15:35:02 EST 2023 ---------------------------FILTER10: Remove sites with one allele only supported by reads not properly paired -----------------------------
     vcffilter -s -f "PAIRED > 0.05 & PAIREDR > 0.05 & PAIREDR / PAIRED < 1.75 & PAIREDR / PAIRED > 0.25 | PAIRED < 0.05 & PAIREDR < 0.05" Aen.postAB_HD2.5.rad.RAW-6-6-rescaled.Fltr09.2.vcf > Aen.postAB_HD2.5.rad.RAW-6-6-rescaled.Fltr10.3.vcf
	Sites remaining:	16451
	Contigs remaining:	2372

Thu Dec 7 15:35:05 EST 2023 ---------------------------FILTER04: Remove Sites With Mean Depth of Coverage < min-meanDP -----------------------------
                                                                                                                        
                                      Histogram of mean depth per site before FILTER04                                  
                                                                                                                        
     500 +----------------------------------------------------------------------------------------------------------+   
         |  **                +                     +                    +                     +                    |   
     450 |-+**                                         'sitedepthmeanbefore' using (bin($1,binwidth)):(1.0) *******-|   
         |  ***                                                                                                     |   
         |  ***                                                                                                     |   
     400 |-+****                                                                                                  +-|   
         |  ****                                                                                                    |   
     350 |-+*****                                                                                                 +-|   
         |  *****                                                                                                   |   
     300 |-+*******                                                                                               +-|   
         |  *******                                                                                                 |   
     250 |-+********                                                                                              +-|   
         |  **********                                                                                              |   
         |  ***********                                                                                             |   
     200 |-+*********** *                                                                                         +-|   
         |  **************                                                                                          |   
     150 |-+*****************                                                                                     +-|   
         |  **********************                                                                                  |   
     100 |-+*************************                                                                             +-|   
         |  ********************************* **                                                                    |   
         |  ****************************************** ***                                                          |   
      50 |-+******************************************************                                                +-|   
         |  *****************************************************************   *              +                    |   
       0 +----------------------------------------------------------------------------------------------------------+   
         0                    50                   100                  150                   200                  250  
                                                         Mean Depth                                                     
                                                                                                                        
                                                                                                                        
                                    Scatter plot of mean depth per site before FILTER04.                                
                                                                                                                        
     250 +----------------------------------------------------------------------------------------------------------+   
         |           +           +           +           +          +           +           +           +           |   
         |                                                                            'sitedepthmeanbefore'    *    |   
         |                                                                                                          |   
         |                                                                                                          |   
     200 |-+                                                                                                      +-|   
         |                                                                                                          |   
         |*                                                                                                         |   
         |*                                                                                                         |   
     150 |**                                                                                                      +-|   
         | **                                                                                                       |   
         |  ***                                                                                                     |   
         |    ****                                                                                                  |   
         |       ****                                                                                               |   
     100 |-+        *****                                                                                         +-|   
         |              *****                                                                                       |   
         |                  ******                                                                                  |   
         |                       *******                                                                            |   
      50 |-+                           ********                                                                   +-|   
         |                                    ***********                                                           |   
         |                                              *************                                               |   
         |                                                          ******************                              |   
         |           +           +           +           +          +           +    ***********************        |   
       0 +----------------------------------------------------------------------------------------------------------+   
         0          2000        4000        6000        8000      10000       12000       14000       16000       18000 
                                                            Site                                                        
                                                                                                                        
                                                                                                                        
                            Scatter plot of depth variance vs mean depth per site before FILTER04.                      
                                                                                                                        
     30000 +--------------------------------------------------------------------------------------------------------+   
           |                    +                    +                    +                    +                    |   
           |                                                                          'meandepthVSvarianc*'    *    |   
           |                                                                                            *           |   
     25000 |-+                                                                                                    +-|   
           |                                                                                      ***               |   
           |                                                                                    * **       **       |   
           |                                                                                 ***                    |   
     20000 |-+                                                                            ** ** *                 +-|   
           |                                                                           *******                      |   
           |                                                                        * ******  *                     |   
     15000 |-+                                                                    ********                        +-|   
           |                                                                   *******                              |   
           |                                                               ***********                              |   
           |                                                          *********** *                                 |   
     10000 |-+                                                   *************   *                                +-|   
           |                                                    **********                                          |   
           |                                        *       ************       *                                    |   
           |                                           ************ **            *                                 |   
      5000 |-+                                   *****************     *                                          +-|   
           |                               *********************                                                    |   
           |                         **********************   *                                                     |   
           |             * ******************************                 +                    +                    |   
         0 +--------------------------------------------------------------------------------------------------------+   
           0                    50                  100                  150                  200                  250  
                                                          Mean Depth                                                    
                                                                                                                        
     vcftools --vcf Aen.postAB_HD2.5.rad.RAW-6-6-rescaled.Fltr10.3.vcf --min-meanDP 5 --recode --recode-INFO-all --out Aen.postAB_HD2.5.rad.RAW-6-6-rescaled.Fltr04.4.recode.vcf 2> /dev/null
	Sites remaining:	16451
	Contigs remaining:	2372


Thu Dec 7 15:35:12 EST 2023 ---------------------------FILTER13: Remove sites with mean DP greater than X  -----------------------------
                                                                                                                        
                                       Histogram of mean depth per site before filter                                   
                                                                                                                        
     700 +----------------------------------------------------------------------------------------------------------+   
         |                    +                     +                    +                     +                    |   
         |                                          'meandepthpersitebefore' using (bin($1,binwidth)):(1.0) ******* |   
     600 |-+*                                                                                                     +-|   
         |  *                                                                                                       |   
         |  **                                                                                                      |   
         |  ***                                                                                                     |   
     500 |-+***                                                                                                   +-|   
         |  ***                                                                                                     |   
         | ****                                                                                                     |   
     400 |-*****                                                                                                  +-|   
         | *****                                                                                                    |   
         | ******                                                                                                   |   
     300 |-*******                                                                                                +-|   
         | ********                                                                                                 |   
         | ***********                                                                                              |   
     200 |-***********                                                                                            +-|   
         | *************                                                                                            |   
         | *****************                                                                                        |   
         | *********************  **                                                                                |   
     100 |-******************************    **                                                                   +-|   
         | ***********************************************                                                          |   
         | **************************************************************+                     +                    |   
       0 +----------------------------------------------------------------------------------------------------------+   
         0                    50                   100                  150                   200                  250  
                                                         Mean Depth                                                     
                                                                                                                        
     vcftools --vcf Aen.postAB_HD2.5.rad.RAW-6-6-rescaled.Fltr04.4.recode.vcf --max-meanDP 400 --recode --recode-INFO-all --out Aen.postAB_HD2.5.rad.RAW-6-6-rescaled.Fltr13.5.recode.vcf 2> /dev/null
	Sites remaining:	16451
	Contigs remaining:	2372


Thu Dec 7 15:35:17 EST 2023 ---------------------------FILTER05: Remove sites called in <X proportion of individuals -----------------------------
                                                                                                                        
                                   Histogram of the proportion of genotypes that are missing                            
                                                                                                                        
     4000 +---------------------------------------------------------------------------------------------------------+   
          |                    +     ******         +                     +                    +                    |   
          |                          *    *                'sitemissingness' using (bin($1,binwidth)):(1.0) ******* |   
     3500 |-+                        *    *                                                                       +-|   
          |                    *******    *                                                                         |   
          |                    *     *    *                                                                         |   
     3000 |-+                  *     *    *                                                                       +-|   
          |                    *     *    *                                                                         |   
          |                    *     *    *                                                                         |   
     2500 |*****               *     *    *                                                                       +-|   
          |    *******         *     *    *                                                                         |   
     2000 |-+  *     *         *     *    *                                                                       +-|   
          |    *     *         *     *    *                                                                         |   
          |    *     ***********     *    *                                                                         |   
     1500 |-+  *     *    *    *     *    *                                                                       +-|   
          |    *     *    *    *     *    *                                                                         |   
          |    *     *    *    *     *    *                                                                         |   
     1000 |-+  *     *    *    *     *    ******                                                                  +-|   
          |    *     *    *    *     *    *    *                                                                    |   
          |    *     *    *    *     *    *    *                                                                    |   
      500 |-+  *     *    *    *     *    *    *                                                                  +-|   
          |    *     *    *    *     *    *    *                                                                    |   
          |    *     *    *    *     *    *    *    +                     +                    +                    |   
        0 +---------------------------------------------------------------------------------------------------------+   
          0                   0.2                  0.4                   0.6                  0.8                   1   
                                                      Proportion Missing                                                
                                                                                                                        
                                                                                                                        
                                 Scatter plot of the proportion of genotypes that are missing.                          
                                                                                                                        
     0.45 +---------------------------------------------------------------------------------------------------------+   
          |           +           +          +           +           +           +          +           +           |   
          |                                                                               'sitemissingness'    *    |   
      0.4 |-+                                                                                                     +-|   
          |                                                                                                         |   
     0.35 |-+                                                                                                     +-|   
          |*                                                                                                        |   
          |******                                                                                                   |   
      0.3 |-+   **********                                                                                        +-|   
          |              ********                                                                                   |   
     0.25 |-+                   ***********                                                                       +-|   
          |                               **********                                                                |   
          |                                        *******                                                          |   
      0.2 |-+                                            ******                                                   +-|   
          |                                                   *****                                                 |   
     0.15 |-+                                                     ****                                            +-|   
          |                                                          *****                                          |   
          |                                                              ******                                     |   
      0.1 |-+                                                                 *****                               +-|   
          |                                                                       *******                           |   
     0.05 |-+                                                                           *****                     +-|   
          |                                                                                 ********                |   
          |           +           +          +           +           +           +          +      *******          |   
        0 +---------------------------------------------------------------------------------------------------------+   
          0          2000        4000       6000        8000       10000       12000      14000       16000       18000 
                                                             Site                                                       
                                                                                                                        
     vcftools --vcf Aen.postAB_HD2.5.rad.RAW-6-6-rescaled.Fltr13.5.recode.vcf --max-missing 0.55 --recode --recode-INFO-all --out Aen.postAB_HD2.5.rad.RAW-6-6-rescaled.Fltr05.6.recode.vcf 2> /dev/null
	Sites remaining:	16451
	Contigs remaining:	2372


Thu Dec 7 15:35:22 EST 2023 ---------------------------FILTER16: Remove Individuals|Libraries with Too Much Missing Data-----------------------------
                                                                                                                        
             Histogram of % missing data per individual|library before filter. Bars to the left are desireable.         
                                                                                                                        
     100 +----------------------------------------------------------------------------------------------------------+   
         |                    +                     +                    +                     +                    |   
      90 |*****                                               'totalmissing' using (bin($1,binwidth)):(1.0) *******-|   
         |    *                                                                                                     |   
         |    *                                                                                                     |   
      80 |-+  *                                                                                                   +-|   
         |    *                                                                                                     |   
      70 |-+  *                                                                                                   +-|   
         |    *                                                                                                     |   
      60 |-+  *                                                                                                   +-|   
         |    *                                                                                                     |   
      50 |-+  *                                                                                                   +-|   
         |    *                                                                                                     |   
         |    *                                                                                                     |   
      40 |-+  *                                                                                                   +-|   
         |    *                                                                                                     |   
      30 |-+  *                                                                                                   +-|   
         |    *                                                                                                     |   
      20 |-+  *                                                                                                   +-|   
         |    *                                                                                                     |   
         |    *                                                                                                     |   
      10 |-+  *                                                                                                   +-|   
         |    *               +                     +   **              *****                  +                    |   
       0 +----------------------------------------------------------------------------------------------------------+   
         0                   0.2                   0.4                  0.6                   0.8                   1   
                                                     % missing genotypes                                                
                                                                                                                        
                                                                                                                        
                                   Scatter plot of % missing data per individual|library.                               
                                                                                                                        
       1 +----------------------------------------------------------------------------------------------------------+   
         |              +              +             +              +              +              +             +   |   
         |                                                                                      'imiss.dat'    *    |   
         |                                                                                                          |   
         |           **                                                                                             |   
     0.8 |-+           **                                                                                         +-|   
         |               *                                                                                          |   
         |                **                                                                                        |   
         |                  ***                                                                                     |   
     0.6 |-+                  ***                                                                                 +-|   
         |                       ****                                                                               |   
         |                          **                                                                              |   
         |                            **                                                                            |   
         |                             *******                                                                      |   
     0.4 |-+                                  **                                                                  +-|   
         |                                     *****                                                                |   
         |                                          ***                                                             |   
         |                                             **                                                           |   
     0.2 |-+                                                                                                      +-|   
         |                                                                                                          |   
         |                                               **                                                         |   
         |                                                *                                                         |   
         |              +              +             +              +              +              +             +   |   
       0 +----------------------------------------------------------------------------------------------------------+   
         0              20             40            60             80            100            120           140      
                                                         Individual                                                     
                                                                                                                        
 13 individuals|libraries with too much missing data:
INDV
Aen-AHam_010-AeA01010_CKDL210012719-1a-AK3905-AK4971_HF5TCDSX2_L1_clmp_fp2_repr
Aen-AHam_011-AeA01011_CKDL210012719-1a-AK3905-AK1864_HF5TCDSX2_L1_clmp_fp2_repr
Aen-AHam_016-AeA01016_CKDL210012719-1a-AK3905-7UDI246_HF5TCDSX2_L1_clmp_fp2_repr
Aen-AHam_018-AeA01018_CKDL210012719-1a-AK7761-AK4971_HF5TCDSX2_L1_clmp_fp2_repr
Aen-AHam_020-AeA01020_CKDL210012719-1a-AK7761-AK7558_HF5TCDSX2_L1_clmp_fp2_repr
Aen-AHam_023-AeA01023_CKDL210012719-1a-AK7761-GC12_HF5TCDSX2_L1_clmp_fp2_repr
Aen-AHam_024-AeA01024_CKDL210012719-1a-AK7761-7UDI246_HF5TCDSX2_L1_clmp_fp2_repr
Aen-AHam_032-AeA01032_CKDL210012719-1a-5UDI298-7UDI246_HF5TCDSX2_L1_clmp_fp2_repr
Aen-AHam_043-AeA01043_CKDL210012719-1a-AK8410-AK1864_HF5TCDSX2_L1_clmp_fp2_repr
Aen-AHam_046-AeA01046_CKDL210012719-1a-AK8410-AK2587_HF5TCDSX2_L1_clmp_fp2_repr
Aen-AHam_052-AeA01052_CKDL210012719-1a-AK8587-AK7558_HF5TCDSX2_L1_clmp_fp2_repr
Aen-AHam_058-AeA01058_CKDL210012719-1a-AK7759-AK4971_HF5TCDSX2_L1_clmp_fp2_repr
Aen-AHam_059-AeA01059_CKDL210012719-1a-AK7759-AK1864_HF5TCDSX2_L1_clmp_fp2_repr
     vcftools --vcf Aen.postAB_HD2.5.rad.RAW-6-6-rescaled.Fltr05.6.recode.vcf --remove Aen.postAB_HD2.5.rad.RAW-6-6-rescaled.Fltr16.7.lowDP-2.indv --recode --recode-INFO-all --out Aen.postAB_HD2.5.rad.RAW-6-6-rescaled.Fltr16.7.recode.vcf 2> /dev/null | vcffixup -
	Sites remaining:	16451
	Contigs remaining:	2372


 Individuals|Libraries Remaining Per Sample
     36 Aen-AHam
     95 Aen-Cbat

Thu Dec 7 15:35:31 EST 2023 ---------------------------FILTER07: Remove sites with Alternate Allele Count <=X -----------------------------
     vcffixup Aen.postAB_HD2.5.rad.RAW-6-6-rescaled.Fltr16.7.recode.vcf | vcffilter -s -f "AC > 0 & AN - AC > 0"  > Aen.postAB_HD2.5.rad.RAW-6-6-rescaled.Fltr07.8.vcf
	Sites remaining:	16448
	Contigs remaining:	2370

Thu Dec 7 15:35:38 EST 2023  --------------------------- Filtering complete! ---------------------------

