[M::bwa_idx_load_from_disk] read 0 ALT contigs
[M::process] read 4667844 sequences (400000145 bp)...
[M::mem_pestat] # candidate unique pairs for (FF, FR, RF, RR): (8, 598444, 7, 14)
[M::mem_pestat] skip orientation FF as there are not enough pairs
[M::mem_pestat] analyzing insert size distribution for orientation FR...
[M::mem_pestat] (25, 50, 75) percentile: (54, 71, 88)
[M::mem_pestat] low and high boundaries for computing mean and std.dev: (1, 156)
[M::mem_pestat] mean and std.dev: (71.84, 25.47)
[M::mem_pestat] low and high boundaries for proper pairs: (1, 190)
[M::mem_pestat] skip orientation RF as there are not enough pairs
[M::mem_pestat] analyzing insert size distribution for orientation RR...
[M::mem_pestat] (25, 50, 75) percentile: (24, 31, 494)
[M::mem_pestat] low and high boundaries for computing mean and std.dev: (1, 1434)
[M::mem_pestat] mean and std.dev: (171.43, 227.96)
[M::mem_pestat] low and high boundaries for proper pairs: (1, 1904)
[M::mem_pestat] skip orientation RR
[M::mem_process_seqs] Processed 4667844 reads in 5593.460 CPU sec, 241.564 real sec
[M::process] read 4657562 sequences (400000083 bp)...
[M::process] read 4678298 sequences (400000026 bp)...
[M::mem_pestat] # candidate unique pairs for (FF, FR, RF, RR): (6, 585446, 9, 12)
[M::mem_pestat] skip orientation FF as there are not enough pairs
[M::mem_pestat] analyzing insert size distribution for orientation FR...
[M::mem_pestat] (25, 50, 75) percentile: (54, 71, 88)
[M::mem_pestat] low and high boundaries for computing mean and std.dev: (1, 156)
[M::mem_pestat] mean and std.dev: (71.93, 25.48)
[M::mem_pestat] low and high boundaries for proper pairs: (1, 190)
[M::mem_pestat] skip orientation RF as there are not enough pairs
[M::mem_pestat] analyzing insert size distribution for orientation RR...
[M::mem_pestat] (25, 50, 75) percentile: (54, 134, 550)
[M::mem_pestat] low and high boundaries for computing mean and std.dev: (1, 1542)
[M::mem_pestat] mean and std.dev: (232.58, 230.97)
[M::mem_pestat] low and high boundaries for proper pairs: (1, 2038)
[M::mem_pestat] skip orientation RR
[M::mem_process_seqs] Processed 4657562 reads in 3763.862 CPU sec, 126.656 real sec
[M::process] read 4637388 sequences (400000144 bp)...
[M::mem_pestat] # candidate unique pairs for (FF, FR, RF, RR): (6, 541955, 10, 18)
[M::mem_pestat] skip orientation FF as there are not enough pairs
[M::mem_pestat] analyzing insert size distribution for orientation FR...
[M::mem_pestat] (25, 50, 75) percentile: (54, 71, 88)
[M::mem_pestat] low and high boundaries for computing mean and std.dev: (1, 156)
[M::mem_pestat] mean and std.dev: (71.94, 25.56)
[M::mem_pestat] low and high boundaries for proper pairs: (1, 190)
[M::mem_pestat] analyzing insert size distribution for orientation RF...
[M::mem_pestat] (25, 50, 75) percentile: (34, 85, 124)
[M::mem_pestat] low and high boundaries for computing mean and std.dev: (1, 304)
[M::mem_pestat] mean and std.dev: (73.33, 41.73)
[M::mem_pestat] low and high boundaries for proper pairs: (1, 394)
[M::mem_pestat] analyzing insert size distribution for orientation RR...
[M::mem_pestat] (25, 50, 75) percentile: (29, 536, 536)
[M::mem_pestat] low and high boundaries for computing mean and std.dev: (1, 1550)
[M::mem_pestat] mean and std.dev: (328.17, 245.69)
[M::mem_pestat] low and high boundaries for proper pairs: (1, 2057)
[M::mem_pestat] skip orientation RF
[M::mem_pestat] skip orientation RR
[M::mem_process_seqs] Processed 4678298 reads in 5006.017 CPU sec, 177.353 real sec
[M::process] read 2907836 sequences (250409890 bp)...
[M::mem_pestat] # candidate unique pairs for (FF, FR, RF, RR): (15, 575524, 13, 10)
[M::mem_pestat] analyzing insert size distribution for orientation FF...
[M::mem_pestat] (25, 50, 75) percentile: (27, 33, 51)
[M::mem_pestat] low and high boundaries for computing mean and std.dev: (1, 99)
[M::mem_pestat] mean and std.dev: (37.36, 19.46)
[M::mem_pestat] low and high boundaries for proper pairs: (1, 123)
[M::mem_pestat] analyzing insert size distribution for orientation FR...
[M::mem_pestat] (25, 50, 75) percentile: (54, 71, 88)
[M::mem_pestat] low and high boundaries for computing mean and std.dev: (1, 156)
[M::mem_pestat] mean and std.dev: (71.98, 25.58)
[M::mem_pestat] low and high boundaries for proper pairs: (1, 190)
[M::mem_pestat] analyzing insert size distribution for orientation RF...
[M::mem_pestat] (25, 50, 75) percentile: (111, 212, 1175)
[M::mem_pestat] low and high boundaries for computing mean and std.dev: (1, 3303)
[M::mem_pestat] mean and std.dev: (353.45, 402.21)
[M::mem_pestat] low and high boundaries for proper pairs: (1, 4367)
[M::mem_pestat] analyzing insert size distribution for orientation RR...
[M::mem_pestat] (25, 50, 75) percentile: (26, 39, 49)
[M::mem_pestat] low and high boundaries for computing mean and std.dev: (1, 95)
[M::mem_pestat] mean and std.dev: (33.75, 11.64)
[M::mem_pestat] low and high boundaries for proper pairs: (1, 118)
[M::mem_pestat] skip orientation FF
[M::mem_pestat] skip orientation RF
[M::mem_pestat] skip orientation RR
[M::mem_process_seqs] Processed 4637388 reads in 3139.170 CPU sec, 94.918 real sec
[M::mem_pestat] # candidate unique pairs for (FF, FR, RF, RR): (8, 359403, 10, 6)
[M::mem_pestat] skip orientation FF as there are not enough pairs
[M::mem_pestat] analyzing insert size distribution for orientation FR...
[M::mem_pestat] (25, 50, 75) percentile: (54, 71, 88)
[M::mem_pestat] low and high boundaries for computing mean and std.dev: (1, 156)
[M::mem_pestat] mean and std.dev: (71.77, 25.49)
[M::mem_pestat] low and high boundaries for proper pairs: (1, 190)
[M::mem_pestat] analyzing insert size distribution for orientation RF...
[M::mem_pestat] (25, 50, 75) percentile: (138, 216, 648)
[M::mem_pestat] low and high boundaries for computing mean and std.dev: (1, 1668)
[M::mem_pestat] mean and std.dev: (333.80, 311.00)
[M::mem_pestat] low and high boundaries for proper pairs: (1, 2178)
[M::mem_pestat] skip orientation RR as there are not enough pairs
[M::mem_pestat] skip orientation RF
[M::mem_process_seqs] Processed 2907836 reads in 2057.625 CPU sec, 65.666 real sec
[main] Version: 0.7.17-r1188
[main] CMD: bwa mem -L 5 -t 40 -a -M -T 36 -A 1 -B 4 -O 6 -R @RG\tID:Sgr-AJol_052-Ex1-cssl.clmp.fp2\tSM:Sgr-AJol_052-Ex1-cssl.clmp.fp2\tPL:Illumina reference.ssl.Sgr-libC.fasta Sgr-AJol_052-Ex1-cssl.clmp.fp2.R1.fq.gz Sgr-AJol_052-Ex1-cssl.clmp.fp2.R2.fq.gz
[main] Real time: 731.274 sec; CPU: 19589.199 sec
