[M::bwa_idx_load_from_disk] read 0 ALT contigs
[M::process] read 4313452 sequences (400000213 bp)...
[M::mem_pestat] # candidate unique pairs for (FF, FR, RF, RR): (19, 457350, 6, 35)
[M::mem_pestat] analyzing insert size distribution for orientation FF...
[M::mem_pestat] (25, 50, 75) percentile: (25, 41, 191)
[M::mem_pestat] low and high boundaries for computing mean and std.dev: (1, 523)
[M::mem_pestat] mean and std.dev: (69.12, 97.43)
[M::mem_pestat] low and high boundaries for proper pairs: (1, 689)
[M::mem_pestat] analyzing insert size distribution for orientation FR...
[M::mem_pestat] (25, 50, 75) percentile: (58, 76, 96)
[M::mem_pestat] low and high boundaries for computing mean and std.dev: (1, 172)
[M::mem_pestat] mean and std.dev: (77.71, 28.56)
[M::mem_pestat] low and high boundaries for proper pairs: (1, 210)
[M::mem_pestat] skip orientation RF as there are not enough pairs
[M::mem_pestat] analyzing insert size distribution for orientation RR...
[M::mem_pestat] (25, 50, 75) percentile: (33, 70, 524)
[M::mem_pestat] low and high boundaries for computing mean and std.dev: (1, 1506)
[M::mem_pestat] mean and std.dev: (272.20, 247.18)
[M::mem_pestat] low and high boundaries for proper pairs: (1, 1997)
[M::mem_pestat] skip orientation FF
[M::mem_pestat] skip orientation RR
[M::mem_process_seqs] Processed 4313452 reads in 8366.242 CPU sec, 356.282 real sec
[M::process] read 4311730 sequences (400000152 bp)...
[M::process] read 4369024 sequences (400000053 bp)...
[M::mem_pestat] # candidate unique pairs for (FF, FR, RF, RR): (31, 454041, 7, 36)
[M::mem_pestat] analyzing insert size distribution for orientation FF...
[M::mem_pestat] (25, 50, 75) percentile: (30, 44, 537)
[M::mem_pestat] low and high boundaries for computing mean and std.dev: (1, 1551)
[M::mem_pestat] mean and std.dev: (185.77, 231.64)
[M::mem_pestat] low and high boundaries for proper pairs: (1, 2058)
[M::mem_pestat] analyzing insert size distribution for orientation FR...
[M::mem_pestat] (25, 50, 75) percentile: (58, 76, 96)
[M::mem_pestat] low and high boundaries for computing mean and std.dev: (1, 172)
[M::mem_pestat] mean and std.dev: (77.80, 28.57)
[M::mem_pestat] low and high boundaries for proper pairs: (1, 210)
[M::mem_pestat] skip orientation RF as there are not enough pairs
[M::mem_pestat] analyzing insert size distribution for orientation RR...
[M::mem_pestat] (25, 50, 75) percentile: (44, 362, 538)
[M::mem_pestat] low and high boundaries for computing mean and std.dev: (1, 1526)
[M::mem_pestat] mean and std.dev: (283.53, 244.39)
[M::mem_pestat] low and high boundaries for proper pairs: (1, 2020)
[M::mem_pestat] skip orientation FF
[M::mem_pestat] skip orientation RR
[M::mem_process_seqs] Processed 4311730 reads in 5064.684 CPU sec, 165.670 real sec
[M::process] read 3845992 sequences (363199545 bp)...
[M::mem_pestat] # candidate unique pairs for (FF, FR, RF, RR): (26, 368007, 9, 24)
[M::mem_pestat] analyzing insert size distribution for orientation FF...
[M::mem_pestat] (25, 50, 75) percentile: (23, 78, 491)
[M::mem_pestat] low and high boundaries for computing mean and std.dev: (1, 1427)
[M::mem_pestat] mean and std.dev: (196.19, 228.39)
[M::mem_pestat] low and high boundaries for proper pairs: (1, 1895)
[M::mem_pestat] analyzing insert size distribution for orientation FR...
[M::mem_pestat] (25, 50, 75) percentile: (58, 76, 96)
[M::mem_pestat] low and high boundaries for computing mean and std.dev: (1, 172)
[M::mem_pestat] mean and std.dev: (77.74, 28.64)
[M::mem_pestat] low and high boundaries for proper pairs: (1, 210)
[M::mem_pestat] skip orientation RF as there are not enough pairs
[M::mem_pestat] analyzing insert size distribution for orientation RR...
[M::mem_pestat] (25, 50, 75) percentile: (38, 363, 562)
[M::mem_pestat] low and high boundaries for computing mean and std.dev: (1, 1610)
[M::mem_pestat] mean and std.dev: (293.96, 250.35)
[M::mem_pestat] low and high boundaries for proper pairs: (1, 2134)
[M::mem_pestat] skip orientation FF
[M::mem_pestat] skip orientation RR
[M::mem_process_seqs] Processed 4369024 reads in 7940.769 CPU sec, 286.213 real sec
[M::mem_pestat] # candidate unique pairs for (FF, FR, RF, RR): (20, 378447, 8, 18)
[M::mem_pestat] analyzing insert size distribution for orientation FF...
[M::mem_pestat] (25, 50, 75) percentile: (17, 34, 57)
[M::mem_pestat] low and high boundaries for computing mean and std.dev: (1, 137)
[M::mem_pestat] mean and std.dev: (34.56, 20.73)
[M::mem_pestat] low and high boundaries for proper pairs: (1, 177)
[M::mem_pestat] analyzing insert size distribution for orientation FR...
[M::mem_pestat] (25, 50, 75) percentile: (58, 77, 96)
[M::mem_pestat] low and high boundaries for computing mean and std.dev: (1, 172)
[M::mem_pestat] mean and std.dev: (78.02, 28.77)
[M::mem_pestat] low and high boundaries for proper pairs: (1, 210)
[M::mem_pestat] skip orientation RF as there are not enough pairs
[M::mem_pestat] analyzing insert size distribution for orientation RR...
[M::mem_pestat] (25, 50, 75) percentile: (28, 60, 554)
[M::mem_pestat] low and high boundaries for computing mean and std.dev: (1, 1606)
[M::mem_pestat] mean and std.dev: (253.83, 251.82)
[M::mem_pestat] low and high boundaries for proper pairs: (1, 2132)
[M::mem_pestat] skip orientation FF
[M::mem_pestat] skip orientation RR
[M::mem_process_seqs] Processed 3845992 reads in 3924.015 CPU sec, 121.863 real sec
[main] Version: 0.7.17-r1188
[main] CMD: bwa mem -L 5 -t 40 -a -M -T 36 -A 1 -B 4 -O 6 -R @RG\tID:Sgr-AJol_071-Ex1-cssl.clmp.fp2\tSM:Sgr-AJol_071-Ex1-cssl.clmp.fp2\tPL:Illumina reference.ssl.Sgr-libC.fasta Sgr-AJol_071-Ex1-cssl.clmp.fp2.R1.fq.gz Sgr-AJol_071-Ex1-cssl.clmp.fp2.R2.fq.gz
[main] Real time: 954.142 sec; CPU: 25320.329 sec
