[M::bwa_idx_load_from_disk] read 0 ALT contigs
[M::process] read 4604452 sequences (400000111 bp)...
[M::mem_pestat] # candidate unique pairs for (FF, FR, RF, RR): (10, 566604, 9, 13)
[M::mem_pestat] analyzing insert size distribution for orientation FF...
[M::mem_pestat] (25, 50, 75) percentile: (18, 27, 42)
[M::mem_pestat] low and high boundaries for computing mean and std.dev: (1, 90)
[M::mem_pestat] mean and std.dev: (23.00, 10.79)
[M::mem_pestat] low and high boundaries for proper pairs: (1, 114)
[M::mem_pestat] analyzing insert size distribution for orientation FR...
[M::mem_pestat] (25, 50, 75) percentile: (54, 71, 88)
[M::mem_pestat] low and high boundaries for computing mean and std.dev: (1, 156)
[M::mem_pestat] mean and std.dev: (72.18, 25.81)
[M::mem_pestat] low and high boundaries for proper pairs: (1, 190)
[M::mem_pestat] skip orientation RF as there are not enough pairs
[M::mem_pestat] analyzing insert size distribution for orientation RR...
[M::mem_pestat] (25, 50, 75) percentile: (29, 53, 553)
[M::mem_pestat] low and high boundaries for computing mean and std.dev: (1, 1601)
[M::mem_pestat] mean and std.dev: (212.54, 240.97)
[M::mem_pestat] low and high boundaries for proper pairs: (1, 2125)
[M::mem_pestat] skip orientation FF
[M::mem_pestat] skip orientation RR
[M::mem_process_seqs] Processed 4604452 reads in 6270.611 CPU sec, 269.225 real sec
[M::process] read 4593596 sequences (400000007 bp)...
[M::process] read 4570208 sequences (400000053 bp)...
[M::mem_pestat] # candidate unique pairs for (FF, FR, RF, RR): (18, 508915, 6, 21)
[M::mem_pestat] analyzing insert size distribution for orientation FF...
[M::mem_pestat] (25, 50, 75) percentile: (28, 519, 566)
[M::mem_pestat] low and high boundaries for computing mean and std.dev: (1, 1642)
[M::mem_pestat] mean and std.dev: (278.06, 294.59)
[M::mem_pestat] low and high boundaries for proper pairs: (1, 2180)
[M::mem_pestat] analyzing insert size distribution for orientation FR...
[M::mem_pestat] (25, 50, 75) percentile: (54, 71, 88)
[M::mem_pestat] low and high boundaries for computing mean and std.dev: (1, 156)
[M::mem_pestat] mean and std.dev: (72.21, 25.78)
[M::mem_pestat] low and high boundaries for proper pairs: (1, 190)
[M::mem_pestat] skip orientation RF as there are not enough pairs
[M::mem_pestat] analyzing insert size distribution for orientation RR...
[M::mem_pestat] (25, 50, 75) percentile: (27, 67, 552)
[M::mem_pestat] low and high boundaries for computing mean and std.dev: (1, 1602)
[M::mem_pestat] mean and std.dev: (257.62, 251.51)
[M::mem_pestat] low and high boundaries for proper pairs: (1, 2127)
[M::mem_pestat] skip orientation FF
[M::mem_pestat] skip orientation RR
[M::mem_process_seqs] Processed 4593596 reads in 5449.136 CPU sec, 195.560 real sec
[M::process] read 1091954 sequences (96658835 bp)...
[M::mem_pestat] # candidate unique pairs for (FF, FR, RF, RR): (8, 540031, 11, 16)
[M::mem_pestat] skip orientation FF as there are not enough pairs
[M::mem_pestat] analyzing insert size distribution for orientation FR...
[M::mem_pestat] (25, 50, 75) percentile: (54, 71, 89)
[M::mem_pestat] low and high boundaries for computing mean and std.dev: (1, 159)
[M::mem_pestat] mean and std.dev: (72.36, 25.99)
[M::mem_pestat] low and high boundaries for proper pairs: (1, 194)
[M::mem_pestat] analyzing insert size distribution for orientation RF...
[M::mem_pestat] (25, 50, 75) percentile: (29, 45, 152)
[M::mem_pestat] low and high boundaries for computing mean and std.dev: (1, 398)
[M::mem_pestat] mean and std.dev: (50.11, 44.64)
[M::mem_pestat] low and high boundaries for proper pairs: (1, 521)
[M::mem_pestat] analyzing insert size distribution for orientation RR...
[M::mem_pestat] (25, 50, 75) percentile: (48, 271, 271)
[M::mem_pestat] low and high boundaries for computing mean and std.dev: (1, 717)
[M::mem_pestat] mean and std.dev: (219.12, 189.03)
[M::mem_pestat] low and high boundaries for proper pairs: (1, 975)
[M::mem_pestat] skip orientation RF
[M::mem_pestat] skip orientation RR
[M::mem_process_seqs] Processed 4570208 reads in 3440.312 CPU sec, 106.575 real sec
[M::mem_pestat] # candidate unique pairs for (FF, FR, RF, RR): (3, 119662, 1, 6)
[M::mem_pestat] skip orientation FF as there are not enough pairs
[M::mem_pestat] analyzing insert size distribution for orientation FR...
[M::mem_pestat] (25, 50, 75) percentile: (54, 71, 88)
[M::mem_pestat] low and high boundaries for computing mean and std.dev: (1, 156)
[M::mem_pestat] mean and std.dev: (72.10, 25.71)
[M::mem_pestat] low and high boundaries for proper pairs: (1, 190)
[M::mem_pestat] skip orientation RF as there are not enough pairs
[M::mem_pestat] skip orientation RR as there are not enough pairs
[M::mem_process_seqs] Processed 1091954 reads in 996.190 CPU sec, 32.122 real sec
[main] Version: 0.7.17-r1188
[main] CMD: bwa mem -L 5 -t 40 -a -M -T 36 -A 1 -B 4 -O 6 -R @RG\tID:Sgr-AJol_016-Ex1-cssl.clmp.fp2\tSM:Sgr-AJol_016-Ex1-cssl.clmp.fp2\tPL:Illumina reference.ssl.Sgr-libC.fasta Sgr-AJol_016-Ex1-cssl.clmp.fp2.R1.fq.gz Sgr-AJol_016-Ex1-cssl.clmp.fp2.R2.fq.gz
[main] Real time: 626.608 sec; CPU: 16181.898 sec
