[M::bwa_idx_load_from_disk] read 0 ALT contigs
[M::process] read 4345180 sequences (400000136 bp)...
[M::mem_pestat] # candidate unique pairs for (FF, FR, RF, RR): (47, 915074, 4, 55)
[M::mem_pestat] analyzing insert size distribution for orientation FF...
[M::mem_pestat] (25, 50, 75) percentile: (32, 39, 47)
[M::mem_pestat] low and high boundaries for computing mean and std.dev: (2, 77)
[M::mem_pestat] mean and std.dev: (38.79, 13.56)
[M::mem_pestat] low and high boundaries for proper pairs: (1, 93)
[M::mem_pestat] analyzing insert size distribution for orientation FR...
[M::mem_pestat] (25, 50, 75) percentile: (69, 83, 101)
[M::mem_pestat] low and high boundaries for computing mean and std.dev: (5, 165)
[M::mem_pestat] mean and std.dev: (85.92, 24.57)
[M::mem_pestat] low and high boundaries for proper pairs: (1, 197)
[M::mem_pestat] skip orientation RF as there are not enough pairs
[M::mem_pestat] analyzing insert size distribution for orientation RR...
[M::mem_pestat] (25, 50, 75) percentile: (32, 45, 83)
[M::mem_pestat] low and high boundaries for computing mean and std.dev: (1, 185)
[M::mem_pestat] mean and std.dev: (54.65, 28.11)
[M::mem_pestat] low and high boundaries for proper pairs: (1, 236)
[M::mem_pestat] skip orientation FF
[M::mem_pestat] skip orientation RR
[M::mem_process_seqs] Processed 4345180 reads in 7952.533 CPU sec, 332.194 real sec
[M::process] read 4327326 sequences (400000089 bp)...
[M::process] read 4383038 sequences (400000000 bp)...
[M::mem_pestat] # candidate unique pairs for (FF, FR, RF, RR): (59, 854560, 9, 67)
[M::mem_pestat] analyzing insert size distribution for orientation FF...
[M::mem_pestat] (25, 50, 75) percentile: (27, 39, 59)
[M::mem_pestat] low and high boundaries for computing mean and std.dev: (1, 123)
[M::mem_pestat] mean and std.dev: (44.58, 23.57)
[M::mem_pestat] low and high boundaries for proper pairs: (1, 155)
[M::mem_pestat] analyzing insert size distribution for orientation FR...
[M::mem_pestat] (25, 50, 75) percentile: (69, 84, 101)
[M::mem_pestat] low and high boundaries for computing mean and std.dev: (5, 165)
[M::mem_pestat] mean and std.dev: (86.01, 24.56)
[M::mem_pestat] low and high boundaries for proper pairs: (1, 197)
[M::mem_pestat] skip orientation RF as there are not enough pairs
[M::mem_pestat] analyzing insert size distribution for orientation RR...
[M::mem_pestat] (25, 50, 75) percentile: (36, 46, 68)
[M::mem_pestat] low and high boundaries for computing mean and std.dev: (1, 132)
[M::mem_pestat] mean and std.dev: (51.49, 20.96)
[M::mem_pestat] low and high boundaries for proper pairs: (1, 164)
[M::mem_pestat] skip orientation FF
[M::mem_pestat] skip orientation RR
[M::mem_process_seqs] Processed 4327326 reads in 5674.814 CPU sec, 191.376 real sec
[M::process] read 4323352 sequences (400000091 bp)...
[M::mem_pestat] # candidate unique pairs for (FF, FR, RF, RR): (47, 746086, 12, 44)
[M::mem_pestat] analyzing insert size distribution for orientation FF...
[M::mem_pestat] (25, 50, 75) percentile: (21, 37, 50)
[M::mem_pestat] low and high boundaries for computing mean and std.dev: (1, 108)
[M::mem_pestat] mean and std.dev: (34.57, 17.19)
[M::mem_pestat] low and high boundaries for proper pairs: (1, 137)
[M::mem_pestat] analyzing insert size distribution for orientation FR...
[M::mem_pestat] (25, 50, 75) percentile: (69, 83, 101)
[M::mem_pestat] low and high boundaries for computing mean and std.dev: (5, 165)
[M::mem_pestat] mean and std.dev: (85.97, 24.51)
[M::mem_pestat] low and high boundaries for proper pairs: (1, 197)
[M::mem_pestat] analyzing insert size distribution for orientation RF...
[M::mem_pestat] (25, 50, 75) percentile: (116, 151, 1155)
[M::mem_pestat] low and high boundaries for computing mean and std.dev: (1, 3233)
[M::mem_pestat] mean and std.dev: (345.27, 401.25)
[M::mem_pestat] low and high boundaries for proper pairs: (1, 4272)
[M::mem_pestat] analyzing insert size distribution for orientation RR...
[M::mem_pestat] (25, 50, 75) percentile: (37, 54, 90)
[M::mem_pestat] low and high boundaries for computing mean and std.dev: (1, 196)
[M::mem_pestat] mean and std.dev: (56.27, 25.77)
[M::mem_pestat] low and high boundaries for proper pairs: (1, 249)
[M::mem_pestat] skip orientation FF
[M::mem_pestat] skip orientation RF
[M::mem_pestat] skip orientation RR
[M::mem_process_seqs] Processed 4383038 reads in 7394.470 CPU sec, 256.472 real sec
[M::process] read 761156 sequences (70565022 bp)...
[M::mem_pestat] # candidate unique pairs for (FF, FR, RF, RR): (65, 871869, 6, 73)
[M::mem_pestat] analyzing insert size distribution for orientation FF...
[M::mem_pestat] (25, 50, 75) percentile: (32, 37, 51)
[M::mem_pestat] low and high boundaries for computing mean and std.dev: (1, 89)
[M::mem_pestat] mean and std.dev: (38.82, 18.09)
[M::mem_pestat] low and high boundaries for proper pairs: (1, 111)
[M::mem_pestat] analyzing insert size distribution for orientation FR...
[M::mem_pestat] (25, 50, 75) percentile: (69, 84, 101)
[M::mem_pestat] low and high boundaries for computing mean and std.dev: (5, 165)
[M::mem_pestat] mean and std.dev: (86.03, 24.58)
[M::mem_pestat] low and high boundaries for proper pairs: (1, 197)
[M::mem_pestat] skip orientation RF as there are not enough pairs
[M::mem_pestat] analyzing insert size distribution for orientation RR...
[M::mem_pestat] (25, 50, 75) percentile: (29, 53, 80)
[M::mem_pestat] low and high boundaries for computing mean and std.dev: (1, 182)
[M::mem_pestat] mean and std.dev: (52.90, 29.08)
[M::mem_pestat] low and high boundaries for proper pairs: (1, 233)
[M::mem_pestat] skip orientation FF
[M::mem_pestat] skip orientation RR
[M::mem_process_seqs] Processed 4323352 reads in 4429.671 CPU sec, 136.969 real sec
[M::mem_pestat] # candidate unique pairs for (FF, FR, RF, RR): (7, 131469, 3, 9)
[M::mem_pestat] skip orientation FF as there are not enough pairs
[M::mem_pestat] analyzing insert size distribution for orientation FR...
[M::mem_pestat] (25, 50, 75) percentile: (69, 84, 101)
[M::mem_pestat] low and high boundaries for computing mean and std.dev: (5, 165)
[M::mem_pestat] mean and std.dev: (86.13, 24.63)
[M::mem_pestat] low and high boundaries for proper pairs: (1, 197)
[M::mem_pestat] skip orientation RF as there are not enough pairs
[M::mem_pestat] skip orientation RR as there are not enough pairs
[M::mem_process_seqs] Processed 761156 reads in 966.864 CPU sec, 30.598 real sec
[main] Version: 0.7.17-r1188
[main] CMD: bwa mem -L 5 -t 40 -a -M -T 36 -A 1 -B 4 -O 6 -R @RG\tID:Sgr-AJol_050-Ex1-cssl.clmp.fp2\tSM:Sgr-AJol_050-Ex1-cssl.clmp.fp2\tPL:Illumina reference.ssl.Sgr-libC.fasta Sgr-AJol_050-Ex1-cssl.clmp.fp2.R1.fq.gz Sgr-AJol_050-Ex1-cssl.clmp.fp2.R2.fq.gz
[main] Real time: 971.158 sec; CPU: 26442.947 sec
