


fltrVCF.bash v4.4 -- a script to filter vcf files repeatably

Dependencies required for fltrVCF to be fully functional:
	R
		tidyverse
		gridExtra
	vcftools
	vcflib
	samtools
	perl
	mawk
	parallel
	rad_haplotyper.pl https://github.com/cbirdlab/rad_haplotyper.git
	filter_hwe_by_pop_HPC

Fri May 20 13:18:01 EDT 2022 Reading options from command line:

	Settings File:            config.fltr.ind.cssl.mono.postAB_HD

Fri May 20 13:18:01 EDT 2022 Reading options from config file and setting defaults
	SETTINGS are being loaded from file: 'config.fltr.ind.cssl.mono.postAB_HD'
	Filters are set to '04 13 05 16 17'
	CutoffCode is set to '.rad.RAW-6-6'
	BAM_PATH is set to '/scratch/r3clark/PIRE-Aen-Ham/mkVCF_monomorphic'
	SCRIPT_PATH is set to '/home/r3clark/PIRE/pire_cssl_data_processing/scripts/fltrVCF/scripts'
	VCF_FILE is set to '/scratch/r3clark/PIRE-Aen-Ham/mkVCF_monomorphic/aen.mono.rad.RAW-6-6.Fltr16.6.recode.diploid.vcf'
	Bed file is set to '/home/r3clark/PIRE/pire_cssl_data_processing/atherinomorus_endrachtensis/mkVCF_monomorphic/mapped.rad.RAW-6-6.bed'
	Reference genome is set to '/scratch/r3clark/PIRE-Aen-Ham/mkVCF_monomorphic/reference.rad.RAW-6-6.fasta'
	PopMap is set to '/scratch/r3clark/PIRE-Aen-Ham/mkVCF_monomorphic/polymorphic_filter/popmap.rad.RAW-6-6.HWEsplit'
	HWE_SCRIPT is set to '/home/r3clark/PIRE/pire_cssl_data_processing/scripts/fltrVCF/filter_hwe_by_pop_HPC.pl'
	RADHAP_SCRIPT is set to '/home/r3clark/PIRE/pire_cssl_data_processing/scripts/rad_haplotyper/rad_haplotyper.pl'
	Output file prefix is set to 'aen.mono'
	The number of threads is set to '40'
	-P not set by user. Only filters that natively support parallelization will be run in parallel.
	/scratch/r3clark/PIRE-Aen-Ham/mkVCF_monomorphic/aen.mono.rad.RAW-6-6.Fltr16.6.recode.diploid.vcf will be used for serial processing.

Fri May 20 13:18:02 EDT 2022 Getting universal chromosome/contig prefix ...
          Querying /scratch/r3clark/PIRE-Aen-Ham/mkVCF_monomorphic/aen.mono.rad.RAW-6-6.Fltr16.6.recode.diploid.vcf ...
          Prefix: dDocent
          It is assumed that all values in the CHROM column of vcf begin with dDocent
          If this is not the case, then fltrVCF will not work properly.
          The prefix is used to count SNPs/variants, contigs, etc and is used in some filters.

Fri May 20 13:18:02 EDT 2022  reading variables into MAIN

Fri May 20 13:18:02 EDT 2022 ---------------------------FILTER04: Remove Sites With Mean Depth of Coverage < min-meanDP -----------------------------
                                                                                                                        
                                      Histogram of mean depth per site before FILTER04                                  
                                                                                                                        
     500 +----------------------------------------------------------------------------------------------------------+   
         |              +               +              +              +              +               +              |   
     450 |-+                        * *                'sitedepthmeanbefore' using (bin($1,binwidth)):(1.0) *******-|   
         |                         *****                                                                            |   
         |                        ********                                                                          |   
     400 |-+                     ************                                                                     +-|   
         |                       *************                                                                      |   
     350 |-+                     *************                                                                    +-|   
         |                     ***************                                                                      |   
     300 |-+                   ***************                                                                    +-|   
         |                     *****************                                                                    |   
     250 |-+                  ******************                                                                  +-|   
         |                   **********************                                                                 |   
         |                   *************************                                                              |   
     200 |-+               ***************************                                                            +-|   
         |                 ***************************                                                              |   
     150 |-+               *****************************                                                          +-|   
         |                ******************************                                                            |   
     100 |-+              ********************************                                                        +-|   
         |               **********************************  *                                                      |   
         |              ***************************************                                                     |   
      50 |-+          *******************************************                                                 +-|   
         |     *     ******************************************************          +               +              |   
       0 +----------------------------------------------------------------------------------------------------------+   
         0              50             100            150            200            250             300            350  
                                                         Mean Depth                                                     
                                                                                                                        
                                                                                                                        
                                    Scatter plot of mean depth per site before FILTER04.                                
                                                                                                                        
     350 +----------------------------------------------------------------------------------------------------------+   
         |              +               +              +              +              +               +              |   
         |                                                                            'sitedepthmeanbefore'    *    |   
     300 |-+                                                                                                      +-|   
         |                                                                                                          |   
         |                                                                                                          |   
         |                                                                                                          |   
     250 |-+                                                                                                      +-|   
         |                                                                                                          |   
         |*                                                                                                         |   
     200 |**                                                                                                      +-|   
         | **                                                                                                       |   
         |  ****                                                                                                    |   
     150 |-+   *******                                                                                            +-|   
         |           **********                                                                                     |   
         |                    **************                                                                        |   
     100 |-+                               *******************                                                    +-|   
         |                                                   ********************                                   |   
         |                                                                      *****************                   |   
         |                                                                                      *********           |   
      50 |-+                                                                                            ***       +-|   
         |                                                                                                *         |   
         |              +               +              +              +              +               +    *         |   
       0 +----------------------------------------------------------------------------------------------------------+   
         0             5000           10000          15000          20000          25000           30000          35000 
                                                            Site                                                        
                                                                                                                        
                                                                                                                        
                            Scatter plot of depth variance vs mean depth per site before FILTER04.                      
                                                                                                                        
     90000 +--------------------------------------------------------------------------------------------------------+   
           |              +              +              +              +              +              +      ****    |   
           |                                                                          'meandepthVSvarianc***** *    |   
     80000 |-+                                                                                         ** ***     +-|   
           |                                                                                        ** ***          |   
     70000 |-+                                                                                   *** **           +-|   
           |                                                                                   *** **               |   
           |                                                                               ***  ***                 |   
     60000 |-+                                                                           *** ** *                 +-|   
           |                                                                           **   **                      |   
     50000 |-+                                                                     * ** ***                       +-|   
           |                                                                     ** ***                             |   
           |                                                                  * *** *                               |   
     40000 |-+                                                                 ***                                +-|   
           |                                                               ****                                     |   
     30000 |-+                                                        * ***                                       +-|   
           |                                                        ***                                             |   
           |                                                 ****        *****                                      |   
     20000 |-+                                           ****      *********                                      +-|   
           |                                       *****    ************                                            |   
     10000 |-+                               ************************                                             +-|   
           |                            *********************** **********                                          |   
           |              +   **************************************   +              +              +              |   
         0 +--------------------------------------------------------------------------------------------------------+   
           0              50            100            150            200            250            300            350  
                                                          Mean Depth                                                    
                                                                                                                        
     vcftools --vcf /scratch/r3clark/PIRE-Aen-Ham/mkVCF_monomorphic/aen.mono.rad.RAW-6-6.Fltr16.6.recode.diploid.vcf --min-meanDP 10 --recode --recode-INFO-all --out aen.mono.rad.RAW-6-6.Fltr04.1.recode.vcf 2> /dev/null
	Sites remaining:	31722
	Contigs remaining:	553


Fri May 20 13:18:07 EDT 2022 ---------------------------FILTER13: Remove sites with mean DP greater than X  -----------------------------
                                                                                                                        
                                       Histogram of mean depth per site before filter                                   
                                                                                                                        
     500 +----------------------------------------------------------------------------------------------------------+   
         |              +            ** +              +              +              +               +              |   
     450 |-+                       ****             'meandepthpersitebefore' using (bin($1,binwidth)):(1.0) *******-|   
         |                        ***** *                                                                           |   
         |                        ***********                                                                       |   
     400 |-+                     ************                                                                     +-|   
         |                       ************                                                                       |   
     350 |-+                    *************                                                                     +-|   
         |                     **************                                                                       |   
     300 |-+                  ***************                                                                     +-|   
         |                    ****************                                                                      |   
     250 |-+                 *******************                                                                  +-|   
         |                   ********************* *                                                                |   
         |                  *************************                                                               |   
     200 |-+               **************************                                                             +-|   
         |                ****************************                                                              |   
     150 |-+              ****************************                                                            +-|   
         |                ******************************                                                            |   
     100 |-+             *********************************                                                        +-|   
         |              ************************************                                                        |   
         |             ***************************************                                                      |   
      50 |-+          *******************************************                                                 +-|   
         |          ********************************************************         +               +              |   
       0 +----------------------------------------------------------------------------------------------------------+   
         0              50             100            150            200            250             300            350  
                                                         Mean Depth                                                     
                                                                                                                        
     vcftools --vcf aen.mono.rad.RAW-6-6.Fltr04.1.recode.vcf --max-meanDP 200 --recode --recode-INFO-all --out aen.mono.rad.RAW-6-6.Fltr13.2.recode.vcf 2> /dev/null
	Sites remaining:	31425
	Contigs remaining:	553


Fri May 20 13:18:12 EDT 2022 ---------------------------FILTER05: Remove sites called in <X proportion of individuals -----------------------------
                                                                                                                        
                                   Histogram of the proportion of genotypes that are missing                            
                                                                                                                        
     20000 +--------------------------------------------------------------------------------------------------------+   
           |                    +                    +                    +                    +                    |   
     18000 |-+        ******                               'sitemissingness' using (bin($1,binwidth)):(1.0) *******-|   
           |          *    *                                                                                        |   
           |          *    *                                                                                        |   
     16000 |-+        *    *                                                                                      +-|   
           |          *    *                                                                                        |   
     14000 |-+        *    *                                                                                      +-|   
           |          *    *                                                                                        |   
     12000 |-+        *    *                                                                                      +-|   
           |          *    *                                                                                        |   
     10000 |-+        *    *                                                                                      +-|   
           |          *    *                                                                                        |   
           |          *    *                                                                                        |   
      8000 |-+        *    *                                                                                      +-|   
           |          *    ***                                                                                      |   
      6000 |-+        *    * *                                                                                    +-|   
           |    *******    * *                                                                                      |   
      4000 |-+  *     *    * *                                                                                    +-|   
           |    *     *    * *                                                                                      |   
           |    *     *    * *                                                                                      |   
      2000 |-+  *     *    * *                                                                                    +-|   
           |    *     *    * *  +                    +                    +                    +                    |   
         0 +--------------------------------------------------------------------------------------------------------+   
           0                   0.2                  0.4                  0.6                  0.8                   1   
                                                      Proportion Missing                                                
                                                                                                                        
                                                                                                                        
                                 Scatter plot of the proportion of genotypes that are missing.                          
                                                                                                                        
     0.18 +---------------------------------------------------------------------------------------------------------+   
          |              +              +              +               +              +              +              |   
          |                                                                               'sitemissingness'    *    |   
     0.16 |***********                                                                                            +-|   
          |          ************                                                                                   |   
     0.14 |-+                   ************                                                                      +-|   
          |                                ********************                                                     |   
          |                                                   *********                                             |   
     0.12 |-+                                                         ********                                    +-|   
          |                                                                  *******                                |   
      0.1 |-+                                                                      ******                         +-|   
          |                                                                             *****                       |   
          |                                                                                 *****                   |   
     0.08 |-+                                                                                   ***               +-|   
          |                                                                                       ***               |   
     0.06 |-+                                                                                       ***           +-|   
          |                                                                                           **            |   
          |                                                                                            **           |   
     0.04 |-+                                                                                           **        +-|   
          |                                                                                              *          |   
     0.02 |-+                                                                                            *        +-|   
          |                                                                                              *          |   
          |              +              +              +               +              +              +              |   
        0 +---------------------------------------------------------------------------------------------------------+   
          0             5000          10000          15000           20000          25000          30000          35000 
                                                             Site                                                       
                                                                                                                        
     vcftools --vcf aen.mono.rad.RAW-6-6.Fltr13.2.recode.vcf --max-missing 0.75 --recode --recode-INFO-all --out aen.mono.rad.RAW-6-6.Fltr05.3.recode.vcf 2> /dev/null
	Sites remaining:	31425
	Contigs remaining:	553


Fri May 20 13:18:17 EDT 2022 ---------------------------FILTER16: Remove Individuals|Libraries with Too Much Missing Data-----------------------------
                                                                                                                        
             Histogram of % missing data per individual|library before filter. Bars to the left are desireable.         
                                                                                                                        
     100 +----------------------------------------------------------------------------------------------------------+   
         |*                   +                     +                    +                     +                    |   
      90 |*+                                                  'totalmissing' using (bin($1,binwidth)):(1.0) *******-|   
         |*                                                                                                         |   
         |*                                                                                                         |   
      80 |*+                                                                                                      +-|   
         |*                                                                                                         |   
      70 |*+                                                                                                      +-|   
         |*                                                                                                         |   
      60 |*+                                                                                                      +-|   
         |*                                                                                                         |   
      50 |*+                                                                                                      +-|   
         |*                                                                                                         |   
         |*                                                                                                         |   
      40 |*+                                                                                                      +-|   
         |*                                                                                                         |   
      30 |*+                                                                                                      +-|   
         |*                                                                                                         |   
      20 |*+                                                                                                      +-|   
         |*                                                                                                         |   
         |*                                                                                                         |   
      10 |*+                                                                                                      +-|   
         |***                 +                     +                    +                     +                    |   
       0 +----------------------------------------------------------------------------------------------------------+   
         0                   0.2                   0.4                  0.6                   0.8                   1   
                                                     % missing genotypes                                                
                                                                                                                        
                                                                                                                        
                                   Scatter plot of % missing data per individual|library.                               
                                                                                                                        
       1 +----------------------------------------------------------------------------------------------------------+   
         |    *         +               +              +              +              +               +              |   
         |    ****                                                                              'imiss.dat'    *    |   
         |       *                                                                                                  |   
         |        *                                                                                                 |   
     0.8 |-+       *                                                                                              +-|   
         |                                                                                                          |   
         |          *                                                                                               |   
         |          *****                                                                                           |   
     0.6 |-+                                                                                                      +-|   
         |              *                                                                                           |   
         |               **                                                                                         |   
         |                                                                                                          |   
         |                                                                                                          |   
     0.4 |-+               *                                                                                      +-|   
         |                 **                                                                                       |   
         |                   **                                                                                     |   
         |                     **                                                                                   |   
     0.2 |-+                     **                                                                               +-|   
         |                         ***                                                                              |   
         |                           **                                                                             |   
         |                             **                                                                           |   
         |              +               ****           +              +              +               +              |   
       0 +----------------------------------------------------------------------------------------------------------+   
         0              20              40             60             80            100             120            140  
                                                         Individual                                                     
                                                                                                                        
 7 individuals|libraries with too much missing data:
INDV
Aen-AHam_011-AeA01011-L1-fp1-clmp-fp2-fqscrn-repr
Aen-AHam_024-AeA01024-L1-fp1-clmp-fp2-fqscrn-repr
Aen-AHam_032-AeA01032-L1-fp1-clmp-fp2-fqscrn-repr
Aen-AHam_046-AeA01046-L1-fp1-clmp-fp2-fqscrn-repr
Aen-AHam_052-AeA01052-L1-fp1-clmp-fp2-fqscrn-repr
Aen-AHam_058-AeA01058-L1-fp1-clmp-fp2-fqscrn-repr
Aen-AHam_059-AeA01059-L1-fp1-clmp-fp2-fqscrn-repr
     vcftools --vcf aen.mono.rad.RAW-6-6.Fltr05.3.recode.vcf --remove aen.mono.rad.RAW-6-6.Fltr16.4.lowDP-2.indv --recode --recode-INFO-all --out aen.mono.rad.RAW-6-6.Fltr16.4.recode.vcf 2> /dev/null | vcffixup -
	Sites remaining:	31425
	Contigs remaining:	553


 Individuals|Libraries Remaining Per Sample
     37 Aen-AHam
     95 Aen-Cbat

Fri May 20 13:18:25 EDT 2022 ---------------------------FILTER17: Remove sites with data missing for too many individuals|libraries in a population -----------------------------
     Using PopMap File: /scratch/r3clark/PIRE-Aen-Ham/mkVCF_monomorphic/polymorphic_filter/popmap.rad.RAW-6-6.HWEsplit
mawk: cannot open /scratch/r3clark/PIRE-Aen-Ham/mkVCF_monomorphic/polymorphic_filter/popmap.rad.RAW-6-6.HWEsplit (No such file or directory)
cat: 'aen.mono.rad.RAW-6-6.Fltr17.5.*.lmiss': No such file or directory
     vcftools --vcf aen.mono.rad.RAW-6-6.Fltr16.4.recode.vcf --exclude-positions aen.mono.rad.RAW-6-6.Fltr17.5.badloci --recode --recode-INFO-all --out aen.mono.rad.RAW-6-6.Fltr17.5.recode.vcf 2> /dev/null
	Sites remaining:	31425
	Contigs remaining:	553


Fri May 20 13:18:29 EDT 2022  --------------------------- Filtering complete! ---------------------------

