[M::bwa_idx_load_from_disk] read 0 ALT contigs
[M::process] read 4178352 sequences (400000023 bp)...
[M::mem_pestat] # candidate unique pairs for (FF, FR, RF, RR): (135, 461078, 28, 135)
[M::mem_pestat] analyzing insert size distribution for orientation FF...
[M::mem_pestat] (25, 50, 75) percentile: (25, 37, 61)
[M::mem_pestat] low and high boundaries for computing mean and std.dev: (1, 133)
[M::mem_pestat] mean and std.dev: (44.41, 28.11)
[M::mem_pestat] low and high boundaries for proper pairs: (1, 169)
[M::mem_pestat] analyzing insert size distribution for orientation FR...
[M::mem_pestat] (25, 50, 75) percentile: (56, 75, 95)
[M::mem_pestat] low and high boundaries for computing mean and std.dev: (1, 173)
[M::mem_pestat] mean and std.dev: (76.41, 29.14)
[M::mem_pestat] low and high boundaries for proper pairs: (1, 212)
[M::mem_pestat] analyzing insert size distribution for orientation RF...
[M::mem_pestat] (25, 50, 75) percentile: (45, 97, 1041)
[M::mem_pestat] low and high boundaries for computing mean and std.dev: (1, 3033)
[M::mem_pestat] mean and std.dev: (367.86, 433.81)
[M::mem_pestat] low and high boundaries for proper pairs: (1, 4029)
[M::mem_pestat] analyzing insert size distribution for orientation RR...
[M::mem_pestat] (25, 50, 75) percentile: (22, 39, 63)
[M::mem_pestat] low and high boundaries for computing mean and std.dev: (1, 145)
[M::mem_pestat] mean and std.dev: (42.94, 30.16)
[M::mem_pestat] low and high boundaries for proper pairs: (1, 186)
[M::mem_pestat] skip orientation FF
[M::mem_pestat] skip orientation RF
[M::mem_pestat] skip orientation RR
[M::mem_process_seqs] Processed 4178352 reads in 2467.015 CPU sec, 91.531 real sec
[M::process] read 4122876 sequences (400000015 bp)...
[M::process] read 2546178 sequences (259110557 bp)...
[M::mem_pestat] # candidate unique pairs for (FF, FR, RF, RR): (128, 435441, 18, 133)
[M::mem_pestat] analyzing insert size distribution for orientation FF...
[M::mem_pestat] (25, 50, 75) percentile: (19, 42, 63)
[M::mem_pestat] low and high boundaries for computing mean and std.dev: (1, 151)
[M::mem_pestat] mean and std.dev: (44.54, 31.57)
[M::mem_pestat] low and high boundaries for proper pairs: (1, 195)
[M::mem_pestat] analyzing insert size distribution for orientation FR...
[M::mem_pestat] (25, 50, 75) percentile: (56, 75, 95)
[M::mem_pestat] low and high boundaries for computing mean and std.dev: (1, 173)
[M::mem_pestat] mean and std.dev: (76.28, 29.22)
[M::mem_pestat] low and high boundaries for proper pairs: (1, 212)
[M::mem_pestat] analyzing insert size distribution for orientation RF...
[M::mem_pestat] (25, 50, 75) percentile: (21, 38, 138)
[M::mem_pestat] low and high boundaries for computing mean and std.dev: (1, 372)
[M::mem_pestat] mean and std.dev: (82.41, 100.92)
[M::mem_pestat] low and high boundaries for proper pairs: (1, 489)
[M::mem_pestat] analyzing insert size distribution for orientation RR...
[M::mem_pestat] (25, 50, 75) percentile: (18, 38, 61)
[M::mem_pestat] low and high boundaries for computing mean and std.dev: (1, 147)
[M::mem_pestat] mean and std.dev: (40.45, 30.01)
[M::mem_pestat] low and high boundaries for proper pairs: (1, 190)
[M::mem_pestat] skip orientation FF
[M::mem_pestat] skip orientation RF
[M::mem_pestat] skip orientation RR
[M::mem_process_seqs] Processed 4122876 reads in 1223.646 CPU sec, 32.118 real sec
[M::mem_pestat] # candidate unique pairs for (FF, FR, RF, RR): (66, 214863, 9, 62)
[M::mem_pestat] analyzing insert size distribution for orientation FF...
[M::mem_pestat] (25, 50, 75) percentile: (26, 40, 65)
[M::mem_pestat] low and high boundaries for computing mean and std.dev: (1, 143)
[M::mem_pestat] mean and std.dev: (47.22, 29.37)
[M::mem_pestat] low and high boundaries for proper pairs: (1, 182)
[M::mem_pestat] analyzing insert size distribution for orientation FR...
[M::mem_pestat] (25, 50, 75) percentile: (56, 75, 95)
[M::mem_pestat] low and high boundaries for computing mean and std.dev: (1, 173)
[M::mem_pestat] mean and std.dev: (76.06, 29.38)
[M::mem_pestat] low and high boundaries for proper pairs: (1, 212)
[M::mem_pestat] skip orientation RF as there are not enough pairs
[M::mem_pestat] analyzing insert size distribution for orientation RR...
[M::mem_pestat] (25, 50, 75) percentile: (11, 35, 67)
[M::mem_pestat] low and high boundaries for computing mean and std.dev: (1, 179)
[M::mem_pestat] mean and std.dev: (43.93, 40.32)
[M::mem_pestat] low and high boundaries for proper pairs: (1, 235)
[M::mem_pestat] skip orientation FF
[M::mem_pestat] skip orientation RR
[M::mem_process_seqs] Processed 2546178 reads in 709.247 CPU sec, 20.334 real sec
[main] Version: 0.7.17-r1188
[main] CMD: bwa mem -L 30,5 -t 40 -a -M -T 50 -A 1 -B 6 -O 10 -R @RG\tID:Sgr-AMvi_004-Ex1-cssl.clmp.fp2_repr\tSM:Sgr-AMvi_004-Ex1-cssl.clmp.fp2_repr\tPL:Illumina reference.ssl.SgC0072C_contam_R1R2_noIsolate.fasta Sgr-AMvi_004-Ex1-cssl.clmp.fp2_repr.R1.fq.gz Sgr-AMvi_004-Ex1-cssl.clmp.fp2_repr.R2.fq.gz
[main] Real time: 165.682 sec; CPU: 4425.223 sec
