[M::bwa_idx_load_from_disk] read 0 ALT contigs
[M::process] read 4632450 sequences (400000254 bp)...
[M::mem_pestat] # candidate unique pairs for (FF, FR, RF, RR): (35, 642640, 17, 29)
[M::mem_pestat] analyzing insert size distribution for orientation FF...
[M::mem_pestat] (25, 50, 75) percentile: (40, 44, 94)
[M::mem_pestat] low and high boundaries for computing mean and std.dev: (1, 202)
[M::mem_pestat] mean and std.dev: (52.06, 31.17)
[M::mem_pestat] low and high boundaries for proper pairs: (1, 256)
[M::mem_pestat] analyzing insert size distribution for orientation FR...
[M::mem_pestat] (25, 50, 75) percentile: (55, 74, 92)
[M::mem_pestat] low and high boundaries for computing mean and std.dev: (1, 166)
[M::mem_pestat] mean and std.dev: (74.74, 27.84)
[M::mem_pestat] low and high boundaries for proper pairs: (1, 203)
[M::mem_pestat] analyzing insert size distribution for orientation RF...
[M::mem_pestat] (25, 50, 75) percentile: (21, 51, 1023)
[M::mem_pestat] low and high boundaries for computing mean and std.dev: (1, 3027)
[M::mem_pestat] mean and std.dev: (129.00, 260.87)
[M::mem_pestat] low and high boundaries for proper pairs: (1, 4029)
[M::mem_pestat] analyzing insert size distribution for orientation RR...
[M::mem_pestat] (25, 50, 75) percentile: (26, 35, 81)
[M::mem_pestat] low and high boundaries for computing mean and std.dev: (1, 191)
[M::mem_pestat] mean and std.dev: (40.92, 27.47)
[M::mem_pestat] low and high boundaries for proper pairs: (1, 246)
[M::mem_pestat] skip orientation FF
[M::mem_pestat] skip orientation RF
[M::mem_pestat] skip orientation RR
[M::mem_process_seqs] Processed 4632450 reads in 2823.554 CPU sec, 103.294 real sec
[M::process] read 4001308 sequences (353040463 bp)...
[M::mem_pestat] # candidate unique pairs for (FF, FR, RF, RR): (23, 524416, 8, 10)
[M::mem_pestat] analyzing insert size distribution for orientation FF...
[M::mem_pestat] (25, 50, 75) percentile: (28, 40, 71)
[M::mem_pestat] low and high boundaries for computing mean and std.dev: (1, 157)
[M::mem_pestat] mean and std.dev: (47.00, 28.15)
[M::mem_pestat] low and high boundaries for proper pairs: (1, 200)
[M::mem_pestat] analyzing insert size distribution for orientation FR...
[M::mem_pestat] (25, 50, 75) percentile: (55, 74, 92)
[M::mem_pestat] low and high boundaries for computing mean and std.dev: (1, 166)
[M::mem_pestat] mean and std.dev: (74.57, 27.88)
[M::mem_pestat] low and high boundaries for proper pairs: (1, 203)
[M::mem_pestat] skip orientation RF as there are not enough pairs
[M::mem_pestat] analyzing insert size distribution for orientation RR...
[M::mem_pestat] (25, 50, 75) percentile: (50, 67, 563)
[M::mem_pestat] low and high boundaries for computing mean and std.dev: (1, 1589)
[M::mem_pestat] mean and std.dev: (208.50, 236.37)
[M::mem_pestat] low and high boundaries for proper pairs: (1, 2102)
[M::mem_pestat] skip orientation FF
[M::mem_pestat] skip orientation RR
[M::mem_process_seqs] Processed 4001308 reads in 1232.560 CPU sec, 34.242 real sec
[main] Version: 0.7.17-r1188
[main] CMD: bwa mem -L 30,5 -t 40 -a -M -T 50 -A 1 -B 6 -O 10 -R @RG\tID:Sgr-AJol_085-Ex1-cssl.clmp.fp2_repr\tSM:Sgr-AJol_085-Ex1-cssl.clmp.fp2_repr\tPL:Illumina reference.ssl.SgC0072C_contam_R1R2_noIsolate.fasta Sgr-AJol_085-Ex1-cssl.clmp.fp2_repr.R1.fq.gz Sgr-AJol_085-Ex1-cssl.clmp.fp2_repr.R2.fq.gz
[main] Real time: 159.973 sec; CPU: 4080.327 sec
