[M::bwa_idx_load_from_disk] read 0 ALT contigs
[M::process] read 3049432 sequences (380255741 bp)...
[M::mem_pestat] # candidate unique pairs for (FF, FR, RF, RR): (96, 418754, 121, 143)
[M::mem_pestat] analyzing insert size distribution for orientation FF...
[M::mem_pestat] (25, 50, 75) percentile: (59, 156, 482)
[M::mem_pestat] low and high boundaries for computing mean and std.dev: (1, 1328)
[M::mem_pestat] mean and std.dev: (270.46, 231.54)
[M::mem_pestat] low and high boundaries for proper pairs: (1, 1751)
[M::mem_pestat] analyzing insert size distribution for orientation FR...
[M::mem_pestat] (25, 50, 75) percentile: (83, 131, 195)
[M::mem_pestat] low and high boundaries for computing mean and std.dev: (1, 419)
[M::mem_pestat] mean and std.dev: (146.14, 84.90)
[M::mem_pestat] low and high boundaries for proper pairs: (1, 531)
[M::mem_pestat] analyzing insert size distribution for orientation RF...
[M::mem_pestat] (25, 50, 75) percentile: (43, 547, 4204)
[M::mem_pestat] low and high boundaries for computing mean and std.dev: (1, 12526)
[M::mem_pestat] mean and std.dev: (2375.01, 2916.17)
[M::mem_pestat] low and high boundaries for proper pairs: (1, 16687)
[M::mem_pestat] analyzing insert size distribution for orientation RR...
[M::mem_pestat] (25, 50, 75) percentile: (141, 240, 299)
[M::mem_pestat] low and high boundaries for computing mean and std.dev: (1, 615)
[M::mem_pestat] mean and std.dev: (230.69, 126.94)
[M::mem_pestat] low and high boundaries for proper pairs: (1, 773)
[M::mem_pestat] skip orientation FF
[M::mem_pestat] skip orientation RF
[M::mem_pestat] skip orientation RR
[M::mem_process_seqs] Processed 3049432 reads in 1841.750 CPU sec, 48.490 real sec
[main] Version: 0.7.17-r1188
[main] CMD: bwa mem -L 30,5 -t 40 -a -M -T 50 -A 1 -B 6 -O 10 -R @RG\tID:Sgr-CMas_015-Ex1-cssl.clmp.fp2_repr\tSM:Sgr-CMas_015-Ex1-cssl.clmp.fp2_repr\tPL:Illumina reference.ssl.SgC0072C_contam_R1R2_noIsolate.fasta Sgr-CMas_015-Ex1-cssl.clmp.fp2_repr.R1.fq.gz Sgr-CMas_015-Ex1-cssl.clmp.fp2_repr.R2.fq.gz
[main] Real time: 66.239 sec; CPU: 1857.890 sec
