[M::bwa_idx_load_from_disk] read 0 ALT contigs
[M::process] read 2097830 sequences (270205805 bp)...
[M::mem_pestat] # candidate unique pairs for (FF, FR, RF, RR): (81, 618136, 176, 157)
[M::mem_pestat] analyzing insert size distribution for orientation FF...
[M::mem_pestat] (25, 50, 75) percentile: (88, 166, 914)
[M::mem_pestat] low and high boundaries for computing mean and std.dev: (1, 2566)
[M::mem_pestat] mean and std.dev: (367.14, 405.01)
[M::mem_pestat] low and high boundaries for proper pairs: (1, 3392)
[M::mem_pestat] analyzing insert size distribution for orientation FR...
[M::mem_pestat] (25, 50, 75) percentile: (123, 163, 227)
[M::mem_pestat] low and high boundaries for computing mean and std.dev: (1, 435)
[M::mem_pestat] mean and std.dev: (181.31, 80.99)
[M::mem_pestat] low and high boundaries for proper pairs: (1, 539)
[M::mem_pestat] analyzing insert size distribution for orientation RF...
[M::mem_pestat] (25, 50, 75) percentile: (35, 377, 2245)
[M::mem_pestat] low and high boundaries for computing mean and std.dev: (1, 6665)
[M::mem_pestat] mean and std.dev: (1103.40, 1218.46)
[M::mem_pestat] low and high boundaries for proper pairs: (1, 8875)
[M::mem_pestat] analyzing insert size distribution for orientation RR...
[M::mem_pestat] (25, 50, 75) percentile: (89, 179, 179)
[M::mem_pestat] low and high boundaries for computing mean and std.dev: (1, 359)
[M::mem_pestat] mean and std.dev: (142.70, 46.44)
[M::mem_pestat] low and high boundaries for proper pairs: (1, 449)
[M::mem_pestat] skip orientation FF
[M::mem_pestat] skip orientation RF
[M::mem_pestat] skip orientation RR
[M::mem_process_seqs] Processed 2097830 reads in 957.710 CPU sec, 25.574 real sec
[main] Version: 0.7.17-r1188
[main] CMD: bwa mem -L 30,5 -t 40 -a -M -T 50 -A 1 -B 6 -O 10 -R @RG\tID:Sgr-CMvi_089-Ex1-cssl.clmp.fp2_repr\tSM:Sgr-CMvi_089-Ex1-cssl.clmp.fp2_repr\tPL:Illumina reference.ssl.SgC0072C_contam_R1R2_noIsolate.fasta Sgr-CMvi_089-Ex1-cssl.clmp.fp2_repr.R1.fq.gz Sgr-CMvi_089-Ex1-cssl.clmp.fp2_repr.R2.fq.gz
[main] Real time: 39.389 sec; CPU: 969.980 sec
