[M::bwa_idx_load_from_disk] read 0 ALT contigs
[M::process] read 2741716 sequences (356216905 bp)...
[M::mem_pestat] # candidate unique pairs for (FF, FR, RF, RR): (429, 787446, 279, 155)
[M::mem_pestat] analyzing insert size distribution for orientation FF...
[M::mem_pestat] (25, 50, 75) percentile: (164, 173, 190)
[M::mem_pestat] low and high boundaries for computing mean and std.dev: (112, 242)
[M::mem_pestat] mean and std.dev: (179.98, 21.76)
[M::mem_pestat] low and high boundaries for proper pairs: (86, 268)
[M::mem_pestat] analyzing insert size distribution for orientation FR...
[M::mem_pestat] (25, 50, 75) percentile: (125, 166, 236)
[M::mem_pestat] low and high boundaries for computing mean and std.dev: (1, 458)
[M::mem_pestat] mean and std.dev: (187.98, 86.81)
[M::mem_pestat] low and high boundaries for proper pairs: (1, 569)
[M::mem_pestat] analyzing insert size distribution for orientation RF...
[M::mem_pestat] (25, 50, 75) percentile: (19, 213, 256)
[M::mem_pestat] low and high boundaries for computing mean and std.dev: (1, 730)
[M::mem_pestat] mean and std.dev: (142.25, 125.12)
[M::mem_pestat] low and high boundaries for proper pairs: (1, 967)
[M::mem_pestat] analyzing insert size distribution for orientation RR...
[M::mem_pestat] (25, 50, 75) percentile: (150, 253, 285)
[M::mem_pestat] low and high boundaries for computing mean and std.dev: (1, 555)
[M::mem_pestat] mean and std.dev: (221.86, 77.59)
[M::mem_pestat] low and high boundaries for proper pairs: (1, 690)
[M::mem_pestat] skip orientation FF
[M::mem_pestat] skip orientation RF
[M::mem_pestat] skip orientation RR
[M::mem_process_seqs] Processed 2741716 reads in 1251.005 CPU sec, 33.127 real sec
[main] Version: 0.7.17-r1188
[main] CMD: bwa mem -L 30,5 -t 40 -a -M -T 50 -A 1 -B 6 -O 10 -R @RG\tID:Sgr-CMvi_033-Ex1-cssl.clmp.fp2_repr\tSM:Sgr-CMvi_033-Ex1-cssl.clmp.fp2_repr\tPL:Illumina reference.ssl.SgC0072C_contam_R1R2_noIsolate.fasta Sgr-CMvi_033-Ex1-cssl.clmp.fp2_repr.R1.fq.gz Sgr-CMvi_033-Ex1-cssl.clmp.fp2_repr.R2.fq.gz
[main] Real time: 50.182 sec; CPU: 1266.403 sec
