[M::bwa_idx_load_from_disk] read 0 ALT contigs
[M::process] read 4246294 sequences (348122688 bp)...
[M::mem_pestat] # candidate unique pairs for (FF, FR, RF, RR): (13, 592178, 16, 8)
[M::mem_pestat] analyzing insert size distribution for orientation FF...
[M::mem_pestat] (25, 50, 75) percentile: (38, 46, 92)
[M::mem_pestat] low and high boundaries for computing mean and std.dev: (1, 200)
[M::mem_pestat] mean and std.dev: (65.23, 48.88)
[M::mem_pestat] low and high boundaries for proper pairs: (1, 261)
[M::mem_pestat] analyzing insert size distribution for orientation FR...
[M::mem_pestat] (25, 50, 75) percentile: (54, 72, 89)
[M::mem_pestat] low and high boundaries for computing mean and std.dev: (1, 159)
[M::mem_pestat] mean and std.dev: (72.24, 25.39)
[M::mem_pestat] low and high boundaries for proper pairs: (1, 194)
[M::mem_pestat] analyzing insert size distribution for orientation RF...
[M::mem_pestat] (25, 50, 75) percentile: (24, 41, 70)
[M::mem_pestat] low and high boundaries for computing mean and std.dev: (1, 162)
[M::mem_pestat] mean and std.dev: (44.87, 33.86)
[M::mem_pestat] low and high boundaries for proper pairs: (1, 208)
[M::mem_pestat] skip orientation RR as there are not enough pairs
[M::mem_pestat] skip orientation FF
[M::mem_pestat] skip orientation RF
[M::mem_process_seqs] Processed 4246294 reads in 1319.384 CPU sec, 35.609 real sec
[main] Version: 0.7.17-r1188
[main] CMD: bwa mem -L 30,5 -t 40 -a -M -T 50 -A 1 -B 6 -O 10 -R @RG\tID:Sgr-AMvi_067-Ex1-cssl.clmp.fp2_repr\tSM:Sgr-AMvi_067-Ex1-cssl.clmp.fp2_repr\tPL:Illumina reference.ssl.SgC0072C_contam_R1R2_noIsolate.fasta Sgr-AMvi_067-Ex1-cssl.clmp.fp2_repr.R1.fq.gz Sgr-AMvi_067-Ex1-cssl.clmp.fp2_repr.R2.fq.gz
[main] Real time: 54.548 sec; CPU: 1336.728 sec
