[M::bwa_idx_load_from_disk] read 0 ALT contigs
[M::process] read 4276138 sequences (400000007 bp)...
[M::mem_pestat] # candidate unique pairs for (FF, FR, RF, RR): (8, 637260, 29, 11)
[M::mem_pestat] skip orientation FF as there are not enough pairs
[M::mem_pestat] analyzing insert size distribution for orientation FR...
[M::mem_pestat] (25, 50, 75) percentile: (58, 79, 100)
[M::mem_pestat] low and high boundaries for computing mean and std.dev: (1, 184)
[M::mem_pestat] mean and std.dev: (79.75, 30.57)
[M::mem_pestat] low and high boundaries for proper pairs: (1, 226)
[M::mem_pestat] analyzing insert size distribution for orientation RF...
[M::mem_pestat] (25, 50, 75) percentile: (14, 24, 41)
[M::mem_pestat] low and high boundaries for computing mean and std.dev: (1, 95)
[M::mem_pestat] mean and std.dev: (22.48, 10.49)
[M::mem_pestat] low and high boundaries for proper pairs: (1, 122)
[M::mem_pestat] analyzing insert size distribution for orientation RR...
[M::mem_pestat] (25, 50, 75) percentile: (117, 538, 567)
[M::mem_pestat] low and high boundaries for computing mean and std.dev: (1, 1467)
[M::mem_pestat] mean and std.dev: (371.50, 261.96)
[M::mem_pestat] low and high boundaries for proper pairs: (1, 1917)
[M::mem_pestat] skip orientation RF
[M::mem_pestat] skip orientation RR
[M::mem_process_seqs] Processed 4276138 reads in 2728.739 CPU sec, 100.030 real sec
[M::process] read 4273270 sequences (400000120 bp)...
[M::process] read 4206318 sequences (400000047 bp)...
[M::mem_pestat] # candidate unique pairs for (FF, FR, RF, RR): (15, 637559, 28, 14)
[M::mem_pestat] analyzing insert size distribution for orientation FF...
[M::mem_pestat] (25, 50, 75) percentile: (120, 265, 529)
[M::mem_pestat] low and high boundaries for computing mean and std.dev: (1, 1347)
[M::mem_pestat] mean and std.dev: (305.00, 207.07)
[M::mem_pestat] low and high boundaries for proper pairs: (1, 1756)
[M::mem_pestat] analyzing insert size distribution for orientation FR...
[M::mem_pestat] (25, 50, 75) percentile: (58, 79, 99)
[M::mem_pestat] low and high boundaries for computing mean and std.dev: (1, 181)
[M::mem_pestat] mean and std.dev: (79.65, 30.43)
[M::mem_pestat] low and high boundaries for proper pairs: (1, 222)
[M::mem_pestat] analyzing insert size distribution for orientation RF...
[M::mem_pestat] (25, 50, 75) percentile: (20, 33, 315)
[M::mem_pestat] low and high boundaries for computing mean and std.dev: (1, 905)
[M::mem_pestat] mean and std.dev: (89.28, 148.71)
[M::mem_pestat] low and high boundaries for proper pairs: (1, 1200)
[M::mem_pestat] analyzing insert size distribution for orientation RR...
[M::mem_pestat] (25, 50, 75) percentile: (440, 528, 552)
[M::mem_pestat] low and high boundaries for computing mean and std.dev: (216, 776)
[M::mem_pestat] mean and std.dev: (533.36, 31.86)
[M::mem_pestat] low and high boundaries for proper pairs: (104, 888)
[M::mem_pestat] skip orientation FF
[M::mem_pestat] skip orientation RF
[M::mem_pestat] skip orientation RR
[M::mem_process_seqs] Processed 4273270 reads in 1417.165 CPU sec, 37.812 real sec
[M::process] read 1725266 sequences (161848375 bp)...
[M::mem_pestat] # candidate unique pairs for (FF, FR, RF, RR): (5, 597937, 13, 7)
[M::mem_pestat] skip orientation FF as there are not enough pairs
[M::mem_pestat] analyzing insert size distribution for orientation FR...
[M::mem_pestat] (25, 50, 75) percentile: (58, 79, 99)
[M::mem_pestat] low and high boundaries for computing mean and std.dev: (1, 181)
[M::mem_pestat] mean and std.dev: (79.61, 30.57)
[M::mem_pestat] low and high boundaries for proper pairs: (1, 222)
[M::mem_pestat] analyzing insert size distribution for orientation RF...
[M::mem_pestat] (25, 50, 75) percentile: (13, 22, 69)
[M::mem_pestat] low and high boundaries for computing mean and std.dev: (1, 181)
[M::mem_pestat] mean and std.dev: (37.23, 36.00)
[M::mem_pestat] low and high boundaries for proper pairs: (1, 237)
[M::mem_pestat] skip orientation RR as there are not enough pairs
[M::mem_pestat] skip orientation RF
[M::mem_process_seqs] Processed 4206318 reads in 1390.777 CPU sec, 37.279 real sec
[M::mem_pestat] # candidate unique pairs for (FF, FR, RF, RR): (7, 256647, 14, 7)
[M::mem_pestat] skip orientation FF as there are not enough pairs
[M::mem_pestat] analyzing insert size distribution for orientation FR...
[M::mem_pestat] (25, 50, 75) percentile: (58, 79, 100)
[M::mem_pestat] low and high boundaries for computing mean and std.dev: (1, 184)
[M::mem_pestat] mean and std.dev: (79.70, 30.58)
[M::mem_pestat] low and high boundaries for proper pairs: (1, 226)
[M::mem_pestat] analyzing insert size distribution for orientation RF...
[M::mem_pestat] (25, 50, 75) percentile: (20, 40, 92)
[M::mem_pestat] low and high boundaries for computing mean and std.dev: (1, 236)
[M::mem_pestat] mean and std.dev: (59.57, 55.45)
[M::mem_pestat] low and high boundaries for proper pairs: (1, 308)
[M::mem_pestat] skip orientation RR as there are not enough pairs
[M::mem_pestat] skip orientation RF
[M::mem_process_seqs] Processed 1725266 reads in 596.269 CPU sec, 17.037 real sec
[main] Version: 0.7.17-r1188
[main] CMD: bwa mem -L 30,5 -t 40 -a -M -T 50 -A 1 -B 6 -O 10 -R @RG\tID:Sgr-AMvi_079-Ex1-cssl.clmp.fp2_repr\tSM:Sgr-AMvi_079-Ex1-cssl.clmp.fp2_repr\tPL:Illumina reference.ssl.SgC0072C_contam_R1R2_noIsolate.fasta Sgr-AMvi_079-Ex1-cssl.clmp.fp2_repr.R1.fq.gz Sgr-AMvi_079-Ex1-cssl.clmp.fp2_repr.R2.fq.gz
[main] Real time: 216.321 sec; CPU: 6161.024 sec
