[M::bwa_idx_load_from_disk] read 0 ALT contigs
[M::process] read 4049284 sequences (400000037 bp)...
[M::mem_pestat] # candidate unique pairs for (FF, FR, RF, RR): (107, 401422, 10, 70)
[M::mem_pestat] analyzing insert size distribution for orientation FF...
[M::mem_pestat] (25, 50, 75) percentile: (35, 48, 79)
[M::mem_pestat] low and high boundaries for computing mean and std.dev: (1, 167)
[M::mem_pestat] mean and std.dev: (52.04, 28.32)
[M::mem_pestat] low and high boundaries for proper pairs: (1, 211)
[M::mem_pestat] analyzing insert size distribution for orientation FR...
[M::mem_pestat] (25, 50, 75) percentile: (56, 77, 98)
[M::mem_pestat] low and high boundaries for computing mean and std.dev: (1, 182)
[M::mem_pestat] mean and std.dev: (78.46, 30.95)
[M::mem_pestat] low and high boundaries for proper pairs: (1, 224)
[M::mem_pestat] analyzing insert size distribution for orientation RF...
[M::mem_pestat] (25, 50, 75) percentile: (16, 42, 103)
[M::mem_pestat] low and high boundaries for computing mean and std.dev: (1, 277)
[M::mem_pestat] mean and std.dev: (67.70, 71.70)
[M::mem_pestat] low and high boundaries for proper pairs: (1, 364)
[M::mem_pestat] analyzing insert size distribution for orientation RR...
[M::mem_pestat] (25, 50, 75) percentile: (27, 44, 67)
[M::mem_pestat] low and high boundaries for computing mean and std.dev: (1, 147)
[M::mem_pestat] mean and std.dev: (47.71, 29.74)
[M::mem_pestat] low and high boundaries for proper pairs: (1, 187)
[M::mem_pestat] skip orientation FF
[M::mem_pestat] skip orientation RF
[M::mem_pestat] skip orientation RR
[M::mem_process_seqs] Processed 4049284 reads in 2819.750 CPU sec, 102.279 real sec
[M::process] read 2581058 sequences (277495586 bp)...
[M::mem_pestat] # candidate unique pairs for (FF, FR, RF, RR): (51, 166482, 4, 48)
[M::mem_pestat] analyzing insert size distribution for orientation FF...
[M::mem_pestat] (25, 50, 75) percentile: (35, 79, 104)
[M::mem_pestat] low and high boundaries for computing mean and std.dev: (1, 242)
[M::mem_pestat] mean and std.dev: (61.89, 35.07)
[M::mem_pestat] low and high boundaries for proper pairs: (1, 311)
[M::mem_pestat] analyzing insert size distribution for orientation FR...
[M::mem_pestat] (25, 50, 75) percentile: (54, 76, 98)
[M::mem_pestat] low and high boundaries for computing mean and std.dev: (1, 186)
[M::mem_pestat] mean and std.dev: (77.13, 31.81)
[M::mem_pestat] low and high boundaries for proper pairs: (1, 230)
[M::mem_pestat] skip orientation RF as there are not enough pairs
[M::mem_pestat] analyzing insert size distribution for orientation RR...
[M::mem_pestat] (25, 50, 75) percentile: (36, 53, 106)
[M::mem_pestat] low and high boundaries for computing mean and std.dev: (1, 246)
[M::mem_pestat] mean and std.dev: (64.34, 43.91)
[M::mem_pestat] low and high boundaries for proper pairs: (1, 316)
[M::mem_pestat] skip orientation FF
[M::mem_pestat] skip orientation RR
[M::mem_process_seqs] Processed 2581058 reads in 777.948 CPU sec, 21.780 real sec
[main] Version: 0.7.17-r1188
[main] CMD: bwa mem -L 30,5 -t 40 -a -M -T 50 -A 1 -B 6 -O 10 -R @RG\tID:Sgr-AMvi_032-Ex1-cssl.clmp.fp2_repr\tSM:Sgr-AMvi_032-Ex1-cssl.clmp.fp2_repr\tPL:Illumina reference.ssl.SgC0072C_contam_R1R2_noIsolate.fasta Sgr-AMvi_032-Ex1-cssl.clmp.fp2_repr.R1.fq.gz Sgr-AMvi_032-Ex1-cssl.clmp.fp2_repr.R2.fq.gz
[main] Real time: 143.269 sec; CPU: 3616.697 sec
