[M::bwa_idx_load_from_disk] read 0 ALT contigs
[M::process] read 1722596 sequences (216497625 bp)...
[M::mem_pestat] # candidate unique pairs for (FF, FR, RF, RR): (92, 244935, 70, 29)
[M::mem_pestat] analyzing insert size distribution for orientation FF...
[M::mem_pestat] (25, 50, 75) percentile: (71, 72, 161)
[M::mem_pestat] low and high boundaries for computing mean and std.dev: (1, 341)
[M::mem_pestat] mean and std.dev: (73.50, 34.81)
[M::mem_pestat] low and high boundaries for proper pairs: (1, 431)
[M::mem_pestat] analyzing insert size distribution for orientation FR...
[M::mem_pestat] (25, 50, 75) percentile: (86, 132, 186)
[M::mem_pestat] low and high boundaries for computing mean and std.dev: (1, 386)
[M::mem_pestat] mean and std.dev: (141.80, 75.94)
[M::mem_pestat] low and high boundaries for proper pairs: (1, 486)
[M::mem_pestat] analyzing insert size distribution for orientation RF...
[M::mem_pestat] (25, 50, 75) percentile: (41, 243, 4655)
[M::mem_pestat] low and high boundaries for computing mean and std.dev: (1, 13883)
[M::mem_pestat] mean and std.dev: (1972.51, 2817.74)
[M::mem_pestat] low and high boundaries for proper pairs: (1, 18497)
[M::mem_pestat] analyzing insert size distribution for orientation RR...
[M::mem_pestat] (25, 50, 75) percentile: (199, 233, 550)
[M::mem_pestat] low and high boundaries for computing mean and std.dev: (1, 1252)
[M::mem_pestat] mean and std.dev: (333.04, 188.58)
[M::mem_pestat] low and high boundaries for proper pairs: (1, 1603)
[M::mem_pestat] skip orientation FF
[M::mem_pestat] skip orientation RF
[M::mem_pestat] skip orientation RR
[M::mem_process_seqs] Processed 1722596 reads in 1067.939 CPU sec, 28.427 real sec
[main] Version: 0.7.17-r1188
[main] CMD: bwa mem -L 30,5 -t 40 -a -M -T 50 -A 1 -B 6 -O 10 -R @RG\tID:Sgr-CMas_002-Ex1-cssl.clmp.fp2_repr\tSM:Sgr-CMas_002-Ex1-cssl.clmp.fp2_repr\tPL:Illumina reference.ssl.SgC0072C_contam_R1R2_noIsolate.fasta Sgr-CMas_002-Ex1-cssl.clmp.fp2_repr.R1.fq.gz Sgr-CMas_002-Ex1-cssl.clmp.fp2_repr.R2.fq.gz
[main] Real time: 40.298 sec; CPU: 1078.265 sec
