[M::bwa_idx_load_from_disk] read 0 ALT contigs
[M::process] read 1313394 sequences (157666689 bp)...
[M::mem_pestat] # candidate unique pairs for (FF, FR, RF, RR): (27, 196276, 62, 5)
[M::mem_pestat] analyzing insert size distribution for orientation FF...
[M::mem_pestat] (25, 50, 75) percentile: (125, 534, 568)
[M::mem_pestat] low and high boundaries for computing mean and std.dev: (1, 1454)
[M::mem_pestat] mean and std.dev: (381.21, 215.61)
[M::mem_pestat] low and high boundaries for proper pairs: (1, 1897)
[M::mem_pestat] analyzing insert size distribution for orientation FR...
[M::mem_pestat] (25, 50, 75) percentile: (77, 114, 157)
[M::mem_pestat] low and high boundaries for computing mean and std.dev: (1, 317)
[M::mem_pestat] mean and std.dev: (119.69, 60.07)
[M::mem_pestat] low and high boundaries for proper pairs: (1, 397)
[M::mem_pestat] analyzing insert size distribution for orientation RF...
[M::mem_pestat] (25, 50, 75) percentile: (51, 221, 221)
[M::mem_pestat] low and high boundaries for computing mean and std.dev: (1, 561)
[M::mem_pestat] mean and std.dev: (166.27, 109.59)
[M::mem_pestat] low and high boundaries for proper pairs: (1, 731)
[M::mem_pestat] skip orientation RR as there are not enough pairs
[M::mem_pestat] skip orientation FF
[M::mem_pestat] skip orientation RF
[M::mem_process_seqs] Processed 1313394 reads in 742.150 CPU sec, 19.644 real sec
[main] Version: 0.7.17-r1188
[main] CMD: bwa mem -L 30,5 -t 40 -a -M -T 50 -A 1 -B 6 -O 10 -R @RG\tID:Sgr-CMas_010-Ex1-cssl.clmp.fp2_repr\tSM:Sgr-CMas_010-Ex1-cssl.clmp.fp2_repr\tPL:Illumina reference.ssl.SgC0072C_contam_R1R2_noIsolate.fasta Sgr-CMas_010-Ex1-cssl.clmp.fp2_repr.R1.fq.gz Sgr-CMas_010-Ex1-cssl.clmp.fp2_repr.R2.fq.gz
[main] Real time: 29.397 sec; CPU: 750.365 sec
