[M::bwa_idx_load_from_disk] read 0 ALT contigs
[M::process] read 3890418 sequences (400000012 bp)...
[M::mem_pestat] # candidate unique pairs for (FF, FR, RF, RR): (138, 394532, 19, 115)
[M::mem_pestat] analyzing insert size distribution for orientation FF...
[M::mem_pestat] (25, 50, 75) percentile: (36, 48, 72)
[M::mem_pestat] low and high boundaries for computing mean and std.dev: (1, 144)
[M::mem_pestat] mean and std.dev: (55.40, 33.49)
[M::mem_pestat] low and high boundaries for proper pairs: (1, 189)
[M::mem_pestat] analyzing insert size distribution for orientation FR...
[M::mem_pestat] (25, 50, 75) percentile: (57, 79, 101)
[M::mem_pestat] low and high boundaries for computing mean and std.dev: (1, 189)
[M::mem_pestat] mean and std.dev: (80.49, 32.51)
[M::mem_pestat] low and high boundaries for proper pairs: (1, 233)
[M::mem_pestat] analyzing insert size distribution for orientation RF...
[M::mem_pestat] (25, 50, 75) percentile: (16, 24, 49)
[M::mem_pestat] low and high boundaries for computing mean and std.dev: (1, 115)
[M::mem_pestat] mean and std.dev: (26.18, 17.60)
[M::mem_pestat] low and high boundaries for proper pairs: (1, 148)
[M::mem_pestat] analyzing insert size distribution for orientation RR...
[M::mem_pestat] (25, 50, 75) percentile: (24, 46, 82)
[M::mem_pestat] low and high boundaries for computing mean and std.dev: (1, 198)
[M::mem_pestat] mean and std.dev: (54.87, 46.61)
[M::mem_pestat] low and high boundaries for proper pairs: (1, 256)
[M::mem_pestat] skip orientation FF
[M::mem_pestat] skip orientation RF
[M::mem_pestat] skip orientation RR
[M::mem_process_seqs] Processed 3890418 reads in 2541.313 CPU sec, 91.569 real sec
[M::process] read 3875734 sequences (400000002 bp)...
[M::process] read 3729626 sequences (400000107 bp)...
[M::mem_pestat] # candidate unique pairs for (FF, FR, RF, RR): (135, 394491, 17, 119)
[M::mem_pestat] analyzing insert size distribution for orientation FF...
[M::mem_pestat] (25, 50, 75) percentile: (27, 39, 56)
[M::mem_pestat] low and high boundaries for computing mean and std.dev: (1, 114)
[M::mem_pestat] mean and std.dev: (40.44, 25.20)
[M::mem_pestat] low and high boundaries for proper pairs: (1, 143)
[M::mem_pestat] analyzing insert size distribution for orientation FR...
[M::mem_pestat] (25, 50, 75) percentile: (58, 79, 101)
[M::mem_pestat] low and high boundaries for computing mean and std.dev: (1, 187)
[M::mem_pestat] mean and std.dev: (80.49, 32.45)
[M::mem_pestat] low and high boundaries for proper pairs: (1, 230)
[M::mem_pestat] analyzing insert size distribution for orientation RF...
[M::mem_pestat] (25, 50, 75) percentile: (18, 31, 113)
[M::mem_pestat] low and high boundaries for computing mean and std.dev: (1, 303)
[M::mem_pestat] mean and std.dev: (54.75, 64.19)
[M::mem_pestat] low and high boundaries for proper pairs: (1, 398)
[M::mem_pestat] analyzing insert size distribution for orientation RR...
[M::mem_pestat] (25, 50, 75) percentile: (31, 55, 160)
[M::mem_pestat] low and high boundaries for computing mean and std.dev: (1, 418)
[M::mem_pestat] mean and std.dev: (52.20, 44.11)
[M::mem_pestat] low and high boundaries for proper pairs: (1, 547)
[M::mem_pestat] skip orientation FF
[M::mem_pestat] skip orientation RF
[M::mem_pestat] skip orientation RR
[M::mem_process_seqs] Processed 3875734 reads in 1316.375 CPU sec, 34.763 real sec
[M::mem_pestat] # candidate unique pairs for (FF, FR, RF, RR): (109, 301582, 12, 89)
[M::mem_pestat] analyzing insert size distribution for orientation FF...
[M::mem_pestat] (25, 50, 75) percentile: (27, 43, 70)
[M::mem_pestat] low and high boundaries for computing mean and std.dev: (1, 156)
[M::mem_pestat] mean and std.dev: (45.24, 27.37)
[M::mem_pestat] low and high boundaries for proper pairs: (1, 199)
[M::mem_pestat] analyzing insert size distribution for orientation FR...
[M::mem_pestat] (25, 50, 75) percentile: (56, 78, 101)
[M::mem_pestat] low and high boundaries for computing mean and std.dev: (1, 191)
[M::mem_pestat] mean and std.dev: (79.83, 33.05)
[M::mem_pestat] low and high boundaries for proper pairs: (1, 236)
[M::mem_pestat] analyzing insert size distribution for orientation RF...
[M::mem_pestat] (25, 50, 75) percentile: (37, 45, 370)
[M::mem_pestat] low and high boundaries for computing mean and std.dev: (1, 1036)
[M::mem_pestat] mean and std.dev: (205.50, 299.05)
[M::mem_pestat] low and high boundaries for proper pairs: (1, 1402)
[M::mem_pestat] analyzing insert size distribution for orientation RR...
[M::mem_pestat] (25, 50, 75) percentile: (17, 38, 82)
[M::mem_pestat] low and high boundaries for computing mean and std.dev: (1, 212)
[M::mem_pestat] mean and std.dev: (46.36, 32.87)
[M::mem_pestat] low and high boundaries for proper pairs: (1, 277)
[M::mem_pestat] skip orientation FF
[M::mem_pestat] skip orientation RF
[M::mem_pestat] skip orientation RR
[M::process] read 2651584 sequences (301341577 bp)...
[M::mem_process_seqs] Processed 3729626 reads in 1164.703 CPU sec, 30.963 real sec
[M::mem_pestat] # candidate unique pairs for (FF, FR, RF, RR): (50, 163357, 6, 43)
[M::mem_pestat] analyzing insert size distribution for orientation FF...
[M::mem_pestat] (25, 50, 75) percentile: (24, 43, 56)
[M::mem_pestat] low and high boundaries for computing mean and std.dev: (1, 120)
[M::mem_pestat] mean and std.dev: (39.92, 20.53)
[M::mem_pestat] low and high boundaries for proper pairs: (1, 152)
[M::mem_pestat] analyzing insert size distribution for orientation FR...
[M::mem_pestat] (25, 50, 75) percentile: (56, 78, 101)
[M::mem_pestat] low and high boundaries for computing mean and std.dev: (1, 191)
[M::mem_pestat] mean and std.dev: (79.42, 33.12)
[M::mem_pestat] low and high boundaries for proper pairs: (1, 236)
[M::mem_pestat] skip orientation RF as there are not enough pairs
[M::mem_pestat] analyzing insert size distribution for orientation RR...
[M::mem_pestat] (25, 50, 75) percentile: (23, 60, 81)
[M::mem_pestat] low and high boundaries for computing mean and std.dev: (1, 197)
[M::mem_pestat] mean and std.dev: (52.29, 31.35)
[M::mem_pestat] low and high boundaries for proper pairs: (1, 255)
[M::mem_pestat] skip orientation FF
[M::mem_pestat] skip orientation RR
[M::mem_process_seqs] Processed 2651584 reads in 763.860 CPU sec, 21.874 real sec
[main] Version: 0.7.17-r1188
[main] CMD: bwa mem -L 30,5 -t 40 -a -M -T 50 -A 1 -B 6 -O 10 -R @RG\tID:Sgr-AMvi_044-Ex1-cssl.clmp.fp2_repr\tSM:Sgr-AMvi_044-Ex1-cssl.clmp.fp2_repr\tPL:Illumina reference.ssl.SgC0072C_contam_R1R2_noIsolate.fasta Sgr-AMvi_044-Ex1-cssl.clmp.fp2_repr.R1.fq.gz Sgr-AMvi_044-Ex1-cssl.clmp.fp2_repr.R2.fq.gz
[main] Real time: 201.116 sec; CPU: 5811.489 sec
