[M::bwa_idx_load_from_disk] read 0 ALT contigs
[M::process] read 4123516 sequences (400000109 bp)...
[M::mem_pestat] # candidate unique pairs for (FF, FR, RF, RR): (126, 554457, 21, 86)
[M::mem_pestat] analyzing insert size distribution for orientation FF...
[M::mem_pestat] (25, 50, 75) percentile: (31, 54, 78)
[M::mem_pestat] low and high boundaries for computing mean and std.dev: (1, 172)
[M::mem_pestat] mean and std.dev: (54.88, 35.78)
[M::mem_pestat] low and high boundaries for proper pairs: (1, 219)
[M::mem_pestat] analyzing insert size distribution for orientation FR...
[M::mem_pestat] (25, 50, 75) percentile: (58, 79, 103)
[M::mem_pestat] low and high boundaries for computing mean and std.dev: (1, 193)
[M::mem_pestat] mean and std.dev: (81.72, 33.35)
[M::mem_pestat] low and high boundaries for proper pairs: (1, 238)
[M::mem_pestat] analyzing insert size distribution for orientation RF...
[M::mem_pestat] (25, 50, 75) percentile: (32, 45, 57)
[M::mem_pestat] low and high boundaries for computing mean and std.dev: (1, 107)
[M::mem_pestat] mean and std.dev: (41.79, 19.87)
[M::mem_pestat] low and high boundaries for proper pairs: (1, 132)
[M::mem_pestat] analyzing insert size distribution for orientation RR...
[M::mem_pestat] (25, 50, 75) percentile: (33, 54, 91)
[M::mem_pestat] low and high boundaries for computing mean and std.dev: (1, 207)
[M::mem_pestat] mean and std.dev: (60.72, 47.74)
[M::mem_pestat] low and high boundaries for proper pairs: (1, 265)
[M::mem_pestat] skip orientation FF
[M::mem_pestat] skip orientation RF
[M::mem_pestat] skip orientation RR
[M::mem_process_seqs] Processed 4123516 reads in 2917.560 CPU sec, 105.855 real sec
[M::process] read 4067672 sequences (400000038 bp)...
[M::process] read 2386198 sequences (247428746 bp)...
[M::mem_pestat] # candidate unique pairs for (FF, FR, RF, RR): (88, 521757, 32, 77)
[M::mem_pestat] analyzing insert size distribution for orientation FF...
[M::mem_pestat] (25, 50, 75) percentile: (33, 51, 81)
[M::mem_pestat] low and high boundaries for computing mean and std.dev: (1, 177)
[M::mem_pestat] mean and std.dev: (54.15, 29.51)
[M::mem_pestat] low and high boundaries for proper pairs: (1, 225)
[M::mem_pestat] analyzing insert size distribution for orientation FR...
[M::mem_pestat] (25, 50, 75) percentile: (58, 79, 103)
[M::mem_pestat] low and high boundaries for computing mean and std.dev: (1, 193)
[M::mem_pestat] mean and std.dev: (81.54, 33.43)
[M::mem_pestat] low and high boundaries for proper pairs: (1, 238)
[M::mem_pestat] analyzing insert size distribution for orientation RF...
[M::mem_pestat] (25, 50, 75) percentile: (16, 27, 52)
[M::mem_pestat] low and high boundaries for computing mean and std.dev: (1, 124)
[M::mem_pestat] mean and std.dev: (25.58, 15.98)
[M::mem_pestat] low and high boundaries for proper pairs: (1, 160)
[M::mem_pestat] analyzing insert size distribution for orientation RR...
[M::mem_pestat] (25, 50, 75) percentile: (32, 53, 106)
[M::mem_pestat] low and high boundaries for computing mean and std.dev: (1, 254)
[M::mem_pestat] mean and std.dev: (60.32, 43.87)
[M::mem_pestat] low and high boundaries for proper pairs: (1, 328)
[M::mem_pestat] skip orientation FF
[M::mem_pestat] skip orientation RF
[M::mem_pestat] skip orientation RR
[M::mem_process_seqs] Processed 4067672 reads in 1459.934 CPU sec, 38.560 real sec
[M::mem_pestat] # candidate unique pairs for (FF, FR, RF, RR): (43, 248411, 10, 45)
[M::mem_pestat] analyzing insert size distribution for orientation FF...
[M::mem_pestat] (25, 50, 75) percentile: (28, 45, 73)
[M::mem_pestat] low and high boundaries for computing mean and std.dev: (1, 163)
[M::mem_pestat] mean and std.dev: (47.56, 29.39)
[M::mem_pestat] low and high boundaries for proper pairs: (1, 208)
[M::mem_pestat] analyzing insert size distribution for orientation FR...
[M::mem_pestat] (25, 50, 75) percentile: (57, 79, 103)
[M::mem_pestat] low and high boundaries for computing mean and std.dev: (1, 195)
[M::mem_pestat] mean and std.dev: (81.20, 33.72)
[M::mem_pestat] low and high boundaries for proper pairs: (1, 241)
[M::mem_pestat] analyzing insert size distribution for orientation RF...
[M::mem_pestat] (25, 50, 75) percentile: (22, 25, 37)
[M::mem_pestat] low and high boundaries for computing mean and std.dev: (1, 67)
[M::mem_pestat] mean and std.dev: (24.00, 5.87)
[M::mem_pestat] low and high boundaries for proper pairs: (1, 82)
[M::mem_pestat] analyzing insert size distribution for orientation RR...
[M::mem_pestat] (25, 50, 75) percentile: (24, 52, 93)
[M::mem_pestat] low and high boundaries for computing mean and std.dev: (1, 231)
[M::mem_pestat] mean and std.dev: (63.86, 51.53)
[M::mem_pestat] low and high boundaries for proper pairs: (1, 300)
[M::mem_pestat] skip orientation FF
[M::mem_pestat] skip orientation RF
[M::mem_pestat] skip orientation RR
[M::mem_process_seqs] Processed 2386198 reads in 811.591 CPU sec, 23.192 real sec
[main] Version: 0.7.17-r1188
[main] CMD: bwa mem -L 30,5 -t 40 -a -M -T 50 -A 1 -B 6 -O 10 -R @RG\tID:Sgr-AMvi_003-Ex1-cssl.clmp.fp2_repr\tSM:Sgr-AMvi_003-Ex1-cssl.clmp.fp2_repr\tPL:Illumina reference.ssl.SgC0072C_contam_R1R2_noIsolate.fasta Sgr-AMvi_003-Ex1-cssl.clmp.fp2_repr.R1.fq.gz Sgr-AMvi_003-Ex1-cssl.clmp.fp2_repr.R2.fq.gz
[main] Real time: 188.709 sec; CPU: 5212.424 sec
