[M::bwa_idx_load_from_disk] read 0 ALT contigs
[M::process] read 4742520 sequences (400000068 bp)...
[M::mem_pestat] # candidate unique pairs for (FF, FR, RF, RR): (36, 687334, 19, 40)
[M::mem_pestat] analyzing insert size distribution for orientation FF...
[M::mem_pestat] (25, 50, 75) percentile: (26, 36, 59)
[M::mem_pestat] low and high boundaries for computing mean and std.dev: (1, 125)
[M::mem_pestat] mean and std.dev: (37.26, 19.21)
[M::mem_pestat] low and high boundaries for proper pairs: (1, 158)
[M::mem_pestat] analyzing insert size distribution for orientation FR...
[M::mem_pestat] (25, 50, 75) percentile: (55, 73, 91)
[M::mem_pestat] low and high boundaries for computing mean and std.dev: (1, 163)
[M::mem_pestat] mean and std.dev: (73.94, 26.79)
[M::mem_pestat] low and high boundaries for proper pairs: (1, 199)
[M::mem_pestat] analyzing insert size distribution for orientation RF...
[M::mem_pestat] (25, 50, 75) percentile: (15, 26, 68)
[M::mem_pestat] low and high boundaries for computing mean and std.dev: (1, 174)
[M::mem_pestat] mean and std.dev: (30.25, 24.52)
[M::mem_pestat] low and high boundaries for proper pairs: (1, 227)
[M::mem_pestat] analyzing insert size distribution for orientation RR...
[M::mem_pestat] (25, 50, 75) percentile: (27, 39, 523)
[M::mem_pestat] low and high boundaries for computing mean and std.dev: (1, 1515)
[M::mem_pestat] mean and std.dev: (161.43, 222.14)
[M::mem_pestat] low and high boundaries for proper pairs: (1, 2011)
[M::mem_pestat] skip orientation FF
[M::mem_pestat] skip orientation RF
[M::mem_pestat] skip orientation RR
[M::mem_process_seqs] Processed 4742520 reads in 2864.833 CPU sec, 106.442 real sec
[M::process] read 3785360 sequences (325123304 bp)...
[M::mem_pestat] # candidate unique pairs for (FF, FR, RF, RR): (28, 524455, 11, 23)
[M::mem_pestat] analyzing insert size distribution for orientation FF...
[M::mem_pestat] (25, 50, 75) percentile: (28, 38, 58)
[M::mem_pestat] low and high boundaries for computing mean and std.dev: (1, 118)
[M::mem_pestat] mean and std.dev: (39.42, 18.61)
[M::mem_pestat] low and high boundaries for proper pairs: (1, 148)
[M::mem_pestat] analyzing insert size distribution for orientation FR...
[M::mem_pestat] (25, 50, 75) percentile: (55, 73, 91)
[M::mem_pestat] low and high boundaries for computing mean and std.dev: (1, 163)
[M::mem_pestat] mean and std.dev: (73.94, 26.89)
[M::mem_pestat] low and high boundaries for proper pairs: (1, 199)
[M::mem_pestat] analyzing insert size distribution for orientation RF...
[M::mem_pestat] (25, 50, 75) percentile: (18, 27, 42)
[M::mem_pestat] low and high boundaries for computing mean and std.dev: (1, 90)
[M::mem_pestat] mean and std.dev: (26.30, 13.10)
[M::mem_pestat] low and high boundaries for proper pairs: (1, 114)
[M::mem_pestat] analyzing insert size distribution for orientation RR...
[M::mem_pestat] (25, 50, 75) percentile: (34, 46, 483)
[M::mem_pestat] low and high boundaries for computing mean and std.dev: (1, 1381)
[M::mem_pestat] mean and std.dev: (180.52, 215.49)
[M::mem_pestat] low and high boundaries for proper pairs: (1, 1830)
[M::mem_pestat] skip orientation FF
[M::mem_pestat] skip orientation RF
[M::mem_pestat] skip orientation RR
[M::mem_process_seqs] Processed 3785360 reads in 1144.498 CPU sec, 33.236 real sec
[main] Version: 0.7.17-r1188
[main] CMD: bwa mem -L 30,5 -t 40 -a -M -T 50 -A 1 -B 6 -O 10 -R @RG\tID:Sgr-AJol_032-Ex1-cssl.clmp.fp2_repr\tSM:Sgr-AJol_032-Ex1-cssl.clmp.fp2_repr\tPL:Illumina reference.ssl.SgC0072C_contam_R1R2_noIsolate.fasta Sgr-AJol_032-Ex1-cssl.clmp.fp2_repr.R1.fq.gz Sgr-AJol_032-Ex1-cssl.clmp.fp2_repr.R2.fq.gz
[main] Real time: 160.715 sec; CPU: 4031.446 sec
