[M::bwa_idx_load_from_disk] read 0 ALT contigs
[M::process] read 3043526 sequences (383411600 bp)...
[M::mem_pestat] # candidate unique pairs for (FF, FR, RF, RR): (254, 428350, 119, 51)
[M::mem_pestat] analyzing insert size distribution for orientation FF...
[M::mem_pestat] (25, 50, 75) percentile: (316, 2090, 2090)
[M::mem_pestat] low and high boundaries for computing mean and std.dev: (1, 5638)
[M::mem_pestat] mean and std.dev: (1525.62, 838.83)
[M::mem_pestat] low and high boundaries for proper pairs: (1, 7412)
[M::mem_pestat] analyzing insert size distribution for orientation FR...
[M::mem_pestat] (25, 50, 75) percentile: (86, 132, 192)
[M::mem_pestat] low and high boundaries for computing mean and std.dev: (1, 404)
[M::mem_pestat] mean and std.dev: (145.32, 81.12)
[M::mem_pestat] low and high boundaries for proper pairs: (1, 510)
[M::mem_pestat] analyzing insert size distribution for orientation RF...
[M::mem_pestat] (25, 50, 75) percentile: (31, 576, 3869)
[M::mem_pestat] low and high boundaries for computing mean and std.dev: (1, 11545)
[M::mem_pestat] mean and std.dev: (1846.67, 2129.72)
[M::mem_pestat] low and high boundaries for proper pairs: (1, 15383)
[M::mem_pestat] analyzing insert size distribution for orientation RR...
[M::mem_pestat] (25, 50, 75) percentile: (95, 96, 454)
[M::mem_pestat] low and high boundaries for computing mean and std.dev: (1, 1172)
[M::mem_pestat] mean and std.dev: (207.98, 188.89)
[M::mem_pestat] low and high boundaries for proper pairs: (1, 1531)
[M::mem_pestat] skip orientation FF
[M::mem_pestat] skip orientation RF
[M::mem_pestat] skip orientation RR
[M::mem_process_seqs] Processed 3043526 reads in 1861.006 CPU sec, 49.620 real sec
[main] Version: 0.7.17-r1188
[main] CMD: bwa mem -L 30,5 -t 40 -a -M -T 50 -A 1 -B 6 -O 10 -R @RG\tID:Sgr-CMas_034-Ex1-cssl.clmp.fp2_repr\tSM:Sgr-CMas_034-Ex1-cssl.clmp.fp2_repr\tPL:Illumina reference.ssl.SgC0072C_contam_R1R2_noIsolate.fasta Sgr-CMas_034-Ex1-cssl.clmp.fp2_repr.R1.fq.gz Sgr-CMas_034-Ex1-cssl.clmp.fp2_repr.R2.fq.gz
[main] Real time: 67.248 sec; CPU: 1876.912 sec
