[M::bwa_idx_load_from_disk] read 0 ALT contigs
[M::process] read 2808280 sequences (353966939 bp)...
[M::mem_pestat] # candidate unique pairs for (FF, FR, RF, RR): (68, 397163, 122, 93)
[M::mem_pestat] analyzing insert size distribution for orientation FF...
[M::mem_pestat] (25, 50, 75) percentile: (115, 315, 891)
[M::mem_pestat] low and high boundaries for computing mean and std.dev: (1, 2443)
[M::mem_pestat] mean and std.dev: (510.62, 414.35)
[M::mem_pestat] low and high boundaries for proper pairs: (1, 3219)
[M::mem_pestat] analyzing insert size distribution for orientation FR...
[M::mem_pestat] (25, 50, 75) percentile: (86, 133, 195)
[M::mem_pestat] low and high boundaries for computing mean and std.dev: (1, 413)
[M::mem_pestat] mean and std.dev: (147.09, 83.09)
[M::mem_pestat] low and high boundaries for proper pairs: (1, 522)
[M::mem_pestat] analyzing insert size distribution for orientation RF...
[M::mem_pestat] (25, 50, 75) percentile: (88, 1019, 6664)
[M::mem_pestat] low and high boundaries for computing mean and std.dev: (1, 19816)
[M::mem_pestat] mean and std.dev: (2779.84, 3101.14)
[M::mem_pestat] low and high boundaries for proper pairs: (1, 26392)
[M::mem_pestat] analyzing insert size distribution for orientation RR...
[M::mem_pestat] (25, 50, 75) percentile: (53, 162, 383)
[M::mem_pestat] low and high boundaries for computing mean and std.dev: (1, 1043)
[M::mem_pestat] mean and std.dev: (225.56, 157.69)
[M::mem_pestat] low and high boundaries for proper pairs: (1, 1373)
[M::mem_pestat] skip orientation FF
[M::mem_pestat] skip orientation RF
[M::mem_pestat] skip orientation RR
[M::mem_process_seqs] Processed 2808280 reads in 1743.677 CPU sec, 46.290 real sec
[main] Version: 0.7.17-r1188
[main] CMD: bwa mem -L 30,5 -t 40 -a -M -T 50 -A 1 -B 6 -O 10 -R @RG\tID:Sgr-CMas_016-Ex1-cssl.clmp.fp2_repr\tSM:Sgr-CMas_016-Ex1-cssl.clmp.fp2_repr\tPL:Illumina reference.ssl.SgC0072C_contam_R1R2_noIsolate.fasta Sgr-CMas_016-Ex1-cssl.clmp.fp2_repr.R1.fq.gz Sgr-CMas_016-Ex1-cssl.clmp.fp2_repr.R2.fq.gz
[main] Real time: 62.429 sec; CPU: 1758.131 sec
