[M::bwa_idx_load_from_disk] read 0 ALT contigs
[M::process] read 4530646 sequences (400000155 bp)...
[M::mem_pestat] # candidate unique pairs for (FF, FR, RF, RR): (21, 664058, 17, 11)
[M::mem_pestat] analyzing insert size distribution for orientation FF...
[M::mem_pestat] (25, 50, 75) percentile: (42, 79, 115)
[M::mem_pestat] low and high boundaries for computing mean and std.dev: (1, 261)
[M::mem_pestat] mean and std.dev: (74.32, 37.90)
[M::mem_pestat] low and high boundaries for proper pairs: (1, 334)
[M::mem_pestat] analyzing insert size distribution for orientation FR...
[M::mem_pestat] (25, 50, 75) percentile: (57, 76, 94)
[M::mem_pestat] low and high boundaries for computing mean and std.dev: (1, 168)
[M::mem_pestat] mean and std.dev: (76.16, 28.02)
[M::mem_pestat] low and high boundaries for proper pairs: (1, 205)
[M::mem_pestat] analyzing insert size distribution for orientation RF...
[M::mem_pestat] (25, 50, 75) percentile: (21, 33, 80)
[M::mem_pestat] low and high boundaries for computing mean and std.dev: (1, 198)
[M::mem_pestat] mean and std.dev: (41.87, 45.15)
[M::mem_pestat] low and high boundaries for proper pairs: (1, 257)
[M::mem_pestat] analyzing insert size distribution for orientation RR...
[M::mem_pestat] (25, 50, 75) percentile: (24, 50, 734)
[M::mem_pestat] low and high boundaries for computing mean and std.dev: (1, 2154)
[M::mem_pestat] mean and std.dev: (344.90, 470.19)
[M::mem_pestat] low and high boundaries for proper pairs: (1, 2864)
[M::mem_pestat] skip orientation FF
[M::mem_pestat] skip orientation RF
[M::mem_pestat] skip orientation RR
[M::mem_process_seqs] Processed 4530646 reads in 2722.660 CPU sec, 99.102 real sec
[M::process] read 4522058 sequences (400000201 bp)...
[M::process] read 3002650 sequences (267525380 bp)...
[M::mem_pestat] # candidate unique pairs for (FF, FR, RF, RR): (8, 659998, 17, 15)
[M::mem_pestat] skip orientation FF as there are not enough pairs
[M::mem_pestat] analyzing insert size distribution for orientation FR...
[M::mem_pestat] (25, 50, 75) percentile: (57, 76, 94)
[M::mem_pestat] low and high boundaries for computing mean and std.dev: (1, 168)
[M::mem_pestat] mean and std.dev: (76.13, 28.01)
[M::mem_pestat] low and high boundaries for proper pairs: (1, 205)
[M::mem_pestat] analyzing insert size distribution for orientation RF...
[M::mem_pestat] (25, 50, 75) percentile: (23, 51, 107)
[M::mem_pestat] low and high boundaries for computing mean and std.dev: (1, 275)
[M::mem_pestat] mean and std.dev: (54.07, 49.60)
[M::mem_pestat] low and high boundaries for proper pairs: (1, 359)
[M::mem_pestat] analyzing insert size distribution for orientation RR...
[M::mem_pestat] (25, 50, 75) percentile: (32, 54, 538)
[M::mem_pestat] low and high boundaries for computing mean and std.dev: (1, 1550)
[M::mem_pestat] mean and std.dev: (242.60, 238.56)
[M::mem_pestat] low and high boundaries for proper pairs: (1, 2056)
[M::mem_pestat] skip orientation RF
[M::mem_pestat] skip orientation RR
[M::mem_process_seqs] Processed 4522058 reads in 1403.694 CPU sec, 37.585 real sec
[M::mem_pestat] # candidate unique pairs for (FF, FR, RF, RR): (16, 431112, 15, 11)
[M::mem_pestat] analyzing insert size distribution for orientation FF...
[M::mem_pestat] (25, 50, 75) percentile: (37, 42, 53)
[M::mem_pestat] low and high boundaries for computing mean and std.dev: (5, 85)
[M::mem_pestat] mean and std.dev: (41.14, 15.24)
[M::mem_pestat] low and high boundaries for proper pairs: (1, 102)
[M::mem_pestat] analyzing insert size distribution for orientation FR...
[M::mem_pestat] (25, 50, 75) percentile: (57, 76, 94)
[M::mem_pestat] low and high boundaries for computing mean and std.dev: (1, 168)
[M::mem_pestat] mean and std.dev: (76.11, 28.16)
[M::mem_pestat] low and high boundaries for proper pairs: (1, 205)
[M::mem_pestat] analyzing insert size distribution for orientation RF...
[M::mem_pestat] (25, 50, 75) percentile: (16, 26, 58)
[M::mem_pestat] low and high boundaries for computing mean and std.dev: (1, 142)
[M::mem_pestat] mean and std.dev: (31.54, 20.42)
[M::mem_pestat] low and high boundaries for proper pairs: (1, 184)
[M::mem_pestat] analyzing insert size distribution for orientation RR...
[M::mem_pestat] (25, 50, 75) percentile: (31, 53, 308)
[M::mem_pestat] low and high boundaries for computing mean and std.dev: (1, 862)
[M::mem_pestat] mean and std.dev: (204.55, 203.29)
[M::mem_pestat] low and high boundaries for proper pairs: (1, 1139)
[M::mem_pestat] skip orientation FF
[M::mem_pestat] skip orientation RF
[M::mem_pestat] skip orientation RR
[M::mem_process_seqs] Processed 3002650 reads in 944.005 CPU sec, 26.847 real sec
[main] Version: 0.7.17-r1188
[main] CMD: bwa mem -L 30,5 -t 40 -a -M -T 50 -A 1 -B 6 -O 10 -R @RG\tID:Sgr-AJol_028-Ex1-cssl.clmp.fp2_repr\tSM:Sgr-AJol_028-Ex1-cssl.clmp.fp2_repr\tPL:Illumina reference.ssl.SgC0072C_contam_R1R2_noIsolate.fasta Sgr-AJol_028-Ex1-cssl.clmp.fp2_repr.R1.fq.gz Sgr-AJol_028-Ex1-cssl.clmp.fp2_repr.R2.fq.gz
[main] Real time: 188.972 sec; CPU: 5100.244 sec
