[M::bwa_idx_load_from_disk] read 0 ALT contigs
[M::process] read 3118994 sequences (400000197 bp)...
[M::process] read 425256 sequences (54542594 bp)...
[M::mem_pestat] # candidate unique pairs for (FF, FR, RF, RR): (304, 904525, 557, 349)
[M::mem_pestat] analyzing insert size distribution for orientation FF...
[M::mem_pestat] (25, 50, 75) percentile: (63, 63, 155)
[M::mem_pestat] low and high boundaries for computing mean and std.dev: (1, 339)
[M::mem_pestat] mean and std.dev: (96.69, 50.36)
[M::mem_pestat] low and high boundaries for proper pairs: (1, 431)
[M::mem_pestat] analyzing insert size distribution for orientation FR...
[M::mem_pestat] (25, 50, 75) percentile: (120, 160, 219)
[M::mem_pestat] low and high boundaries for computing mean and std.dev: (1, 417)
[M::mem_pestat] mean and std.dev: (175.02, 76.42)
[M::mem_pestat] low and high boundaries for proper pairs: (1, 516)
[M::mem_pestat] analyzing insert size distribution for orientation RF...
[M::mem_pestat] (25, 50, 75) percentile: (4, 13, 77)
[M::mem_pestat] low and high boundaries for computing mean and std.dev: (1, 223)
[M::mem_pestat] mean and std.dev: (21.89, 33.64)
[M::mem_pestat] low and high boundaries for proper pairs: (1, 296)
[M::mem_pestat] analyzing insert size distribution for orientation RR...
[M::mem_pestat] (25, 50, 75) percentile: (76, 76, 173)
[M::mem_pestat] low and high boundaries for computing mean and std.dev: (1, 367)
[M::mem_pestat] mean and std.dev: (107.77, 58.57)
[M::mem_pestat] low and high boundaries for proper pairs: (1, 464)
[M::mem_pestat] skip orientation FF
[M::mem_pestat] skip orientation RF
[M::mem_pestat] skip orientation RR
[M::mem_process_seqs] Processed 3118994 reads in 1586.493 CPU sec, 47.194 real sec
[M::mem_pestat] # candidate unique pairs for (FF, FR, RF, RR): (87, 126796, 43, 32)
[M::mem_pestat] analyzing insert size distribution for orientation FF...
[M::mem_pestat] (25, 50, 75) percentile: (163, 172, 172)
[M::mem_pestat] low and high boundaries for computing mean and std.dev: (145, 190)
[M::mem_pestat] mean and std.dev: (168.63, 5.35)
[M::mem_pestat] low and high boundaries for proper pairs: (136, 199)
[M::mem_pestat] analyzing insert size distribution for orientation FR...
[M::mem_pestat] (25, 50, 75) percentile: (120, 162, 220)
[M::mem_pestat] low and high boundaries for computing mean and std.dev: (1, 420)
[M::mem_pestat] mean and std.dev: (176.22, 77.86)
[M::mem_pestat] low and high boundaries for proper pairs: (1, 520)
[M::mem_pestat] analyzing insert size distribution for orientation RF...
[M::mem_pestat] (25, 50, 75) percentile: (22, 26, 900)
[M::mem_pestat] low and high boundaries for computing mean and std.dev: (1, 2656)
[M::mem_pestat] mean and std.dev: (324.74, 427.69)
[M::mem_pestat] low and high boundaries for proper pairs: (1, 3534)
[M::mem_pestat] analyzing insert size distribution for orientation RR...
[M::mem_pestat] (25, 50, 75) percentile: (41, 75, 118)
[M::mem_pestat] low and high boundaries for computing mean and std.dev: (1, 272)
[M::mem_pestat] mean and std.dev: (80.16, 44.69)
[M::mem_pestat] low and high boundaries for proper pairs: (1, 349)
[M::mem_pestat] skip orientation FF
[M::mem_pestat] skip orientation RF
[M::mem_pestat] skip orientation RR
[M::mem_process_seqs] Processed 425256 reads in 192.985 CPU sec, 5.653 real sec
[main] Version: 0.7.17-r1188
[main] CMD: bwa mem -L 30,5 -t 40 -a -M -T 50 -A 1 -B 6 -O 10 -R @RG\tID:Sgr-CMvi_017-Ex1-cssl.clmp.fp2_repr\tSM:Sgr-CMvi_017-Ex1-cssl.clmp.fp2_repr\tPL:Illumina reference.ssl.SgC0072C_contam_R1R2_noIsolate.fasta Sgr-CMvi_017-Ex1-cssl.clmp.fp2_repr.R1.fq.gz Sgr-CMvi_017-Ex1-cssl.clmp.fp2_repr.R2.fq.gz
[main] Real time: 70.618 sec; CPU: 1796.985 sec
