[M::bwa_idx_load_from_disk] read 0 ALT contigs
[M::process] read 835116 sequences (98281428 bp)...
[M::mem_pestat] # candidate unique pairs for (FF, FR, RF, RR): (27, 176370, 3, 10)
[M::mem_pestat] analyzing insert size distribution for orientation FF...
[M::mem_pestat] (25, 50, 75) percentile: (19, 52, 53)
[M::mem_pestat] low and high boundaries for computing mean and std.dev: (1, 121)
[M::mem_pestat] mean and std.dev: (44.30, 27.17)
[M::mem_pestat] low and high boundaries for proper pairs: (1, 155)
[M::mem_pestat] analyzing insert size distribution for orientation FR...
[M::mem_pestat] (25, 50, 75) percentile: (86, 112, 143)
[M::mem_pestat] low and high boundaries for computing mean and std.dev: (1, 257)
[M::mem_pestat] mean and std.dev: (115.81, 42.95)
[M::mem_pestat] low and high boundaries for proper pairs: (1, 314)
[M::mem_pestat] skip orientation RF as there are not enough pairs
[M::mem_pestat] analyzing insert size distribution for orientation RR...
[M::mem_pestat] (25, 50, 75) percentile: (50, 69, 76)
[M::mem_pestat] low and high boundaries for computing mean and std.dev: (1, 128)
[M::mem_pestat] mean and std.dev: (67.70, 18.98)
[M::mem_pestat] low and high boundaries for proper pairs: (1, 154)
[M::mem_pestat] skip orientation FF
[M::mem_pestat] skip orientation RR
[M::mem_process_seqs] Processed 835116 reads in 358.368 CPU sec, 9.727 real sec
[main] Version: 0.7.17-r1188
[main] CMD: bwa mem -L 5 -t 40 -a -M -T 30 -A 1 -B 4 -O 6 -R @RG\tID:Tbi-ARos_004_Ex1b_L4_clmp.fp2_repr\tSM:Tbi-ARos_004_Ex1b_L4_clmp.fp2_repr\tPL:Illumina reference.ssl.Tbi-C-500-R1R2ORPH-contam-noisolate.fasta Tbi-ARos_004_Ex1b_L4_clmp.fp2_repr.R1.fq.gz Tbi-ARos_004_Ex1b_L4_clmp.fp2_repr.R2.fq.gz
[main] Real time: 19.712 sec; CPU: 367.100 sec
