[M::bwa_idx_load_from_disk] read 0 ALT contigs
[M::process] read 2106316 sequences (235591782 bp)...
[M::mem_pestat] # candidate unique pairs for (FF, FR, RF, RR): (554, 703931, 22, 500)
[M::mem_pestat] analyzing insert size distribution for orientation FF...
[M::mem_pestat] (25, 50, 75) percentile: (42, 61, 91)
[M::mem_pestat] low and high boundaries for computing mean and std.dev: (1, 189)
[M::mem_pestat] mean and std.dev: (71.17, 38.38)
[M::mem_pestat] low and high boundaries for proper pairs: (1, 238)
[M::mem_pestat] analyzing insert size distribution for orientation FR...
[M::mem_pestat] (25, 50, 75) percentile: (87, 112, 142)
[M::mem_pestat] low and high boundaries for computing mean and std.dev: (1, 252)
[M::mem_pestat] mean and std.dev: (116.25, 39.81)
[M::mem_pestat] low and high boundaries for proper pairs: (1, 307)
[M::mem_pestat] analyzing insert size distribution for orientation RF...
[M::mem_pestat] (25, 50, 75) percentile: (38, 113, 113)
[M::mem_pestat] low and high boundaries for computing mean and std.dev: (1, 263)
[M::mem_pestat] mean and std.dev: (88.91, 35.27)
[M::mem_pestat] low and high boundaries for proper pairs: (1, 338)
[M::mem_pestat] analyzing insert size distribution for orientation RR...
[M::mem_pestat] (25, 50, 75) percentile: (52, 68, 108)
[M::mem_pestat] low and high boundaries for computing mean and std.dev: (1, 220)
[M::mem_pestat] mean and std.dev: (78.49, 40.18)
[M::mem_pestat] low and high boundaries for proper pairs: (1, 276)
[M::mem_pestat] skip orientation FF
[M::mem_pestat] skip orientation RF
[M::mem_pestat] skip orientation RR
[M::mem_process_seqs] Processed 2106316 reads in 778.008 CPU sec, 20.754 real sec
[main] Version: 0.7.17-r1188
[main] CMD: bwa mem -L 5 -t 40 -a -M -T 30 -A 1 -B 4 -O 6 -R @RG\tID:Tbi-ARos_030_Ex1b_L4_clmp.fp2_repr\tSM:Tbi-ARos_030_Ex1b_L4_clmp.fp2_repr\tPL:Illumina reference.ssl.Tbi-C-500-R1R2ORPH-contam-noisolate.fasta Tbi-ARos_030_Ex1b_L4_clmp.fp2_repr.R1.fq.gz Tbi-ARos_030_Ex1b_L4_clmp.fp2_repr.R2.fq.gz
[main] Real time: 43.865 sec; CPU: 800.098 sec
