[M::bwa_idx_load_from_disk] read 0 ALT contigs
[M::process] read 692728 sequences (82089460 bp)...
[M::mem_pestat] # candidate unique pairs for (FF, FR, RF, RR): (169, 151582, 16, 132)
[M::mem_pestat] analyzing insert size distribution for orientation FF...
[M::mem_pestat] (25, 50, 75) percentile: (44, 66, 110)
[M::mem_pestat] low and high boundaries for computing mean and std.dev: (1, 242)
[M::mem_pestat] mean and std.dev: (73.16, 38.20)
[M::mem_pestat] low and high boundaries for proper pairs: (1, 308)
[M::mem_pestat] analyzing insert size distribution for orientation FR...
[M::mem_pestat] (25, 50, 75) percentile: (87, 116, 152)
[M::mem_pestat] low and high boundaries for computing mean and std.dev: (1, 282)
[M::mem_pestat] mean and std.dev: (121.31, 48.06)
[M::mem_pestat] low and high boundaries for proper pairs: (1, 347)
[M::mem_pestat] analyzing insert size distribution for orientation RF...
[M::mem_pestat] (25, 50, 75) percentile: (154, 154, 284)
[M::mem_pestat] low and high boundaries for computing mean and std.dev: (1, 544)
[M::mem_pestat] mean and std.dev: (164.00, 34.64)
[M::mem_pestat] low and high boundaries for proper pairs: (1, 674)
[M::mem_pestat] analyzing insert size distribution for orientation RR...
[M::mem_pestat] (25, 50, 75) percentile: (54, 74, 119)
[M::mem_pestat] low and high boundaries for computing mean and std.dev: (1, 249)
[M::mem_pestat] mean and std.dev: (89.98, 50.14)
[M::mem_pestat] low and high boundaries for proper pairs: (1, 314)
[M::mem_pestat] skip orientation FF
[M::mem_pestat] skip orientation RF
[M::mem_pestat] skip orientation RR
[M::mem_process_seqs] Processed 692728 reads in 513.924 CPU sec, 13.590 real sec
[main] Version: 0.7.17-r1188
[main] CMD: bwa mem -L 5 -t 40 -a -M -T 30 -A 1 -B 4 -O 6 -R @RG\tID:Tbi-ARos_018_Ex1b_L4_clmp.fp2_repr\tSM:Tbi-ARos_018_Ex1b_L4_clmp.fp2_repr\tPL:Illumina reference.ssl.Tbi-C-500-R1R2ORPH-contam-noisolate.fasta Tbi-ARos_018_Ex1b_L4_clmp.fp2_repr.R1.fq.gz Tbi-ARos_018_Ex1b_L4_clmp.fp2_repr.R2.fq.gz
[main] Real time: 22.252 sec; CPU: 521.672 sec
