[M::bwa_idx_load_from_disk] read 0 ALT contigs
[M::process] read 638332 sequences (74968886 bp)...
[M::mem_pestat] # candidate unique pairs for (FF, FR, RF, RR): (82, 219529, 22, 141)
[M::mem_pestat] analyzing insert size distribution for orientation FF...
[M::mem_pestat] (25, 50, 75) percentile: (80, 123, 140)
[M::mem_pestat] low and high boundaries for computing mean and std.dev: (1, 260)
[M::mem_pestat] mean and std.dev: (114.21, 39.40)
[M::mem_pestat] low and high boundaries for proper pairs: (1, 320)
[M::mem_pestat] analyzing insert size distribution for orientation FR...
[M::mem_pestat] (25, 50, 75) percentile: (94, 122, 155)
[M::mem_pestat] low and high boundaries for computing mean and std.dev: (1, 277)
[M::mem_pestat] mean and std.dev: (126.72, 45.11)
[M::mem_pestat] low and high boundaries for proper pairs: (1, 338)
[M::mem_pestat] analyzing insert size distribution for orientation RF...
[M::mem_pestat] (25, 50, 75) percentile: (11, 11, 11)
[M::mem_pestat] low and high boundaries for computing mean and std.dev: (11, 11)
[M::mem_pestat] mean and std.dev: (11.00, 0.00)
[M::mem_pestat] low and high boundaries for proper pairs: (11, 11)
[M::mem_pestat] analyzing insert size distribution for orientation RR...
[M::mem_pestat] (25, 50, 75) percentile: (56, 92, 109)
[M::mem_pestat] low and high boundaries for computing mean and std.dev: (1, 215)
[M::mem_pestat] mean and std.dev: (83.32, 31.54)
[M::mem_pestat] low and high boundaries for proper pairs: (1, 268)
[M::mem_pestat] skip orientation FF
[M::mem_pestat] skip orientation RF
[M::mem_pestat] skip orientation RR
[M::mem_process_seqs] Processed 638332 reads in 269.056 CPU sec, 7.322 real sec
[main] Version: 0.7.17-r1188
[main] CMD: bwa mem -L 5 -t 40 -a -M -T 30 -A 1 -B 4 -O 6 -R @RG\tID:Tbi-ARos_025_Ex1b_L4_clmp.fp2_repr\tSM:Tbi-ARos_025_Ex1b_L4_clmp.fp2_repr\tPL:Illumina reference.ssl.Tbi-C-500-R1R2ORPH-contam-noisolate.fasta Tbi-ARos_025_Ex1b_L4_clmp.fp2_repr.R1.fq.gz Tbi-ARos_025_Ex1b_L4_clmp.fp2_repr.R2.fq.gz
[main] Real time: 14.722 sec; CPU: 275.549 sec
