****                   ADMIXTURE Version 1.3.0                  ****
****                    Copyright 2008-2015                     ****
****           David Alexander, Suyash Shringarpure,            ****
****                John  Novembre, Ken Lange                   ****
****                                                            ****
****                 Please cite our paper!                     ****
****   Information at www.genetics.ucla.edu/software/admixture  ****

Cross-validation will be performed.  Folds=5.
Random seed: 43
Point estimation method: Block relaxation algorithm
Convergence acceleration algorithm: QuasiNewton, 3 secant conditions
Point estimation will terminate when objective function delta < 0.0001
Estimation of standard errors disabled; will compute point estimates only.
Size of G: 125x45577
Performing five EM steps to prime main algorithm
1 (EM) 	Elapsed: 0.251	Loglikelihood: -2.933e+06	(delta): 5.69511e+06
2 (EM) 	Elapsed: 0.246	Loglikelihood: -2.79079e+06	(delta): 142214
3 (EM) 	Elapsed: 0.249	Loglikelihood: -2.75956e+06	(delta): 31222.6
4 (EM) 	Elapsed: 0.251	Loglikelihood: -2.74216e+06	(delta): 17406.9
5 (EM) 	Elapsed: 0.267	Loglikelihood: -2.73038e+06	(delta): 11771.7
Initial loglikelihood: -2.73038e+06
Starting main algorithm
1 (QN/Block) 	Elapsed: 0.724	Loglikelihood: -2.4444e+06	(delta): 285985
2 (QN/Block) 	Elapsed: 0.643	Loglikelihood: -2.32428e+06	(delta): 120121
3 (QN/Block) 	Elapsed: 0.736	Loglikelihood: -2.27108e+06	(delta): 53199.6
4 (QN/Block) 	Elapsed: 0.819	Loglikelihood: -2.24879e+06	(delta): 22289.5
5 (QN/Block) 	Elapsed: 0.857	Loglikelihood: -2.23848e+06	(delta): 10306.7
6 (QN/Block) 	Elapsed: 0.741	Loglikelihood: -2.23392e+06	(delta): 4561.48
7 (QN/Block) 	Elapsed: 0.892	Loglikelihood: -2.23206e+06	(delta): 1863.19
8 (QN/Block) 	Elapsed: 0.728	Loglikelihood: -2.23132e+06	(delta): 736.706
9 (QN/Block) 	Elapsed: 0.851	Loglikelihood: -2.23104e+06	(delta): 284.331
10 (QN/Block) 	Elapsed: 0.723	Loglikelihood: -2.23083e+06	(delta): 207.399
11 (QN/Block) 	Elapsed: 0.74	Loglikelihood: -2.23069e+06	(delta): 137.133
12 (QN/Block) 	Elapsed: 0.738	Loglikelihood: -2.23048e+06	(delta): 209.052
13 (QN/Block) 	Elapsed: 0.955	Loglikelihood: -2.23032e+06	(delta): 164.338
14 (QN/Block) 	Elapsed: 0.787	Loglikelihood: -2.23016e+06	(delta): 160.968
15 (QN/Block) 	Elapsed: 0.749	Loglikelihood: -2.23004e+06	(delta): 115.517
16 (QN/Block) 	Elapsed: 0.751	Loglikelihood: -2.22991e+06	(delta): 129.825
17 (QN/Block) 	Elapsed: 0.741	Loglikelihood: -2.22982e+06	(delta): 97.0531
18 (QN/Block) 	Elapsed: 0.748	Loglikelihood: -2.2296e+06	(delta): 215.208
19 (QN/Block) 	Elapsed: 0.895	Loglikelihood: -2.22934e+06	(delta): 262.074
20 (QN/Block) 	Elapsed: 0.75	Loglikelihood: -2.22919e+06	(delta): 150.307
21 (QN/Block) 	Elapsed: 0.845	Loglikelihood: -2.22904e+06	(delta): 150.33
22 (QN/Block) 	Elapsed: 0.749	Loglikelihood: -2.2289e+06	(delta): 139.191
23 (QN/Block) 	Elapsed: 0.739	Loglikelihood: -2.22884e+06	(delta): 59.6378
24 (QN/Block) 	Elapsed: 0.873	Loglikelihood: -2.22881e+06	(delta): 32.9915
25 (QN/Block) 	Elapsed: 0.988	Loglikelihood: -2.22878e+06	(delta): 27.0275
26 (QN/Block) 	Elapsed: 0.796	Loglikelihood: -2.22872e+06	(delta): 61.9486
27 (QN/Block) 	Elapsed: 0.851	Loglikelihood: -2.22868e+06	(delta): 40.5044
28 (QN/Block) 	Elapsed: 0.839	Loglikelihood: -2.22864e+06	(delta): 35.1151
29 (QN/Block) 	Elapsed: 0.837	Loglikelihood: -2.22856e+06	(delta): 78.0894
30 (QN/Block) 	Elapsed: 0.915	Loglikelihood: -2.22835e+06	(delta): 217.457
31 (QN/Block) 	Elapsed: 0.789	Loglikelihood: -2.22819e+06	(delta): 157.744
32 (QN/Block) 	Elapsed: 0.837	Loglikelihood: -2.2281e+06	(delta): 90.1334
33 (QN/Block) 	Elapsed: 0.858	Loglikelihood: -2.22801e+06	(delta): 88.919
34 (QN/Block) 	Elapsed: 0.722	Loglikelihood: -2.22789e+06	(delta): 118.903
35 (QN/Block) 	Elapsed: 0.716	Loglikelihood: -2.22778e+06	(delta): 108.117
36 (QN/Block) 	Elapsed: 0.875	Loglikelihood: -2.22771e+06	(delta): 69.4891
37 (QN/Block) 	Elapsed: 0.821	Loglikelihood: -2.22765e+06	(delta): 58.3777
38 (QN/Block) 	Elapsed: 0.797	Loglikelihood: -2.22754e+06	(delta): 111.388
39 (QN/Block) 	Elapsed: 0.858	Loglikelihood: -2.22743e+06	(delta): 113.581
40 (QN/Block) 	Elapsed: 0.801	Loglikelihood: -2.22737e+06	(delta): 62.3027
41 (QN/Block) 	Elapsed: 0.763	Loglikelihood: -2.22732e+06	(delta): 48.1408
42 (QN/Block) 	Elapsed: 0.881	Loglikelihood: -2.22728e+06	(delta): 37.4602
43 (QN/Block) 	Elapsed: 0.822	Loglikelihood: -2.22725e+06	(delta): 29.6897
44 (QN/Block) 	Elapsed: 0.88	Loglikelihood: -2.22724e+06	(delta): 7.33528
45 (QN/Block) 	Elapsed: 0.883	Loglikelihood: -2.22724e+06	(delta): 1.95571
46 (QN/Block) 	Elapsed: 0.789	Loglikelihood: -2.22724e+06	(delta): 4.05433
47 (QN/Block) 	Elapsed: 0.868	Loglikelihood: -2.22723e+06	(delta): 4.59899
48 (QN/Block) 	Elapsed: 0.947	Loglikelihood: -2.22723e+06	(delta): 1.74503
49 (QN/Block) 	Elapsed: 0.72	Loglikelihood: -2.22722e+06	(delta): 6.40804
50 (QN/Block) 	Elapsed: 0.719	Loglikelihood: -2.22721e+06	(delta): 17.3125
51 (QN/Block) 	Elapsed: 0.841	Loglikelihood: -2.22717e+06	(delta): 34.3362
52 (QN/Block) 	Elapsed: 0.833	Loglikelihood: -2.22713e+06	(delta): 45.7351
53 (QN/Block) 	Elapsed: 0.993	Loglikelihood: -2.2271e+06	(delta): 26.2366
54 (QN/Block) 	Elapsed: 0.835	Loglikelihood: -2.2271e+06	(delta): 3.67248
55 (QN/Block) 	Elapsed: 0.792	Loglikelihood: -2.2271e+06	(delta): 2.48949
56 (QN/Block) 	Elapsed: 0.799	Loglikelihood: -2.22709e+06	(delta): 0.516292
57 (QN/Block) 	Elapsed: 0.843	Loglikelihood: -2.22709e+06	(delta): 0.0675344
58 (QN/Block) 	Elapsed: 0.847	Loglikelihood: -2.22709e+06	(delta): 0.0219992
59 (QN/Block) 	Elapsed: 0.989	Loglikelihood: -2.22709e+06	(delta): 0.018627
60 (QN/Block) 	Elapsed: 0.84	Loglikelihood: -2.22709e+06	(delta): 0.0132909
61 (QN/Block) 	Elapsed: 0.711	Loglikelihood: -2.22709e+06	(delta): 0.0046449
62 (QN/Block) 	Elapsed: 0.729	Loglikelihood: -2.22709e+06	(delta): 0.0016298
63 (QN/Block) 	Elapsed: 0.723	Loglikelihood: -2.22709e+06	(delta): 9.25004e-05
Summary: 
Converged in 63 iterations (55.381 sec)
Loglikelihood: -2227094.521228
Fst divergences between estimated populations: 
	Pop0	Pop1	
Pop0	
Pop1	0.453	
Pop2	0.021	0.448	
CV error (K=3): 0.28227
Writing output files.
