[M::bwa_idx_load_from_disk] read 0 ALT contigs
[M::process] read 232390 sequences (29574919 bp)...
[M::mem_pestat] # candidate unique pairs for (FF, FR, RF, RR): (26, 19755, 12, 43)
[M::mem_pestat] analyzing insert size distribution for orientation FF...
[M::mem_pestat] (25, 50, 75) percentile: (89, 94, 169)
[M::mem_pestat] low and high boundaries for computing mean and std.dev: (1, 329)
[M::mem_pestat] mean and std.dev: (117.58, 48.23)
[M::mem_pestat] low and high boundaries for proper pairs: (1, 409)
[M::mem_pestat] analyzing insert size distribution for orientation FR...
[M::mem_pestat] (25, 50, 75) percentile: (84, 121, 171)
[M::mem_pestat] low and high boundaries for computing mean and std.dev: (1, 345)
[M::mem_pestat] mean and std.dev: (131.33, 65.55)
[M::mem_pestat] low and high boundaries for proper pairs: (1, 432)
[M::mem_pestat] analyzing insert size distribution for orientation RF...
[M::mem_pestat] (25, 50, 75) percentile: (173, 173, 186)
[M::mem_pestat] low and high boundaries for computing mean and std.dev: (147, 212)
[M::mem_pestat] mean and std.dev: (175.90, 7.56)
[M::mem_pestat] low and high boundaries for proper pairs: (134, 225)
[M::mem_pestat] analyzing insert size distribution for orientation RR...
[M::mem_pestat] (25, 50, 75) percentile: (65, 85, 134)
[M::mem_pestat] low and high boundaries for computing mean and std.dev: (1, 272)
[M::mem_pestat] mean and std.dev: (94.00, 42.05)
[M::mem_pestat] low and high boundaries for proper pairs: (1, 341)
[M::mem_pestat] skip orientation FF
[M::mem_pestat] skip orientation RF
[M::mem_pestat] skip orientation RR
[M::mem_process_seqs] Processed 232390 reads in 65.692 CPU sec, 2.731 real sec
[main] Version: 0.7.17-r1188
[main] CMD: bwa mem -L 5 -t 40 -a -M -T 80 -A 1 -B 4 -O 6 -R @RG\tID:Ssp-AAtu_022-Ex1-cssl.clmp.fp2_repr\tSM:Ssp-AAtu_022-Ex1-cssl.clmp.fp2_repr\tPL:Illumina reference.ssl.Ssp-3NR-R1R2ORPH-contam-noisolate.fasta Ssp-AAtu_022-Ex1-cssl.clmp.fp2_repr.R1.fq.gz Ssp-AAtu_022-Ex1-cssl.clmp.fp2_repr.R2.fq.gz
[main] Real time: 4.839 sec; CPU: 67.524 sec
