[M::bwa_idx_load_from_disk] read 0 ALT contigs
[M::process] read 246908 sequences (31659705 bp)...
[M::mem_pestat] # candidate unique pairs for (FF, FR, RF, RR): (42, 23083, 2, 35)
[M::mem_pestat] analyzing insert size distribution for orientation FF...
[M::mem_pestat] (25, 50, 75) percentile: (56, 89, 107)
[M::mem_pestat] low and high boundaries for computing mean and std.dev: (1, 209)
[M::mem_pestat] mean and std.dev: (93.73, 39.35)
[M::mem_pestat] low and high boundaries for proper pairs: (1, 260)
[M::mem_pestat] analyzing insert size distribution for orientation FR...
[M::mem_pestat] (25, 50, 75) percentile: (75, 114, 163)
[M::mem_pestat] low and high boundaries for computing mean and std.dev: (1, 339)
[M::mem_pestat] mean and std.dev: (123.13, 64.81)
[M::mem_pestat] low and high boundaries for proper pairs: (1, 427)
[M::mem_pestat] skip orientation RF as there are not enough pairs
[M::mem_pestat] analyzing insert size distribution for orientation RR...
[M::mem_pestat] (25, 50, 75) percentile: (73, 135, 168)
[M::mem_pestat] low and high boundaries for computing mean and std.dev: (1, 358)
[M::mem_pestat] mean and std.dev: (125.28, 60.84)
[M::mem_pestat] low and high boundaries for proper pairs: (1, 453)
[M::mem_pestat] skip orientation FF
[M::mem_pestat] skip orientation RR
[M::mem_process_seqs] Processed 246908 reads in 86.944 CPU sec, 2.551 real sec
[main] Version: 0.7.17-r1188
[main] CMD: bwa mem -L 5 -t 40 -a -M -T 80 -A 1 -B 4 -O 6 -R @RG\tID:Ssp-AAtu_029-Ex1-cssl.clmp.fp2_repr\tSM:Ssp-AAtu_029-Ex1-cssl.clmp.fp2_repr\tPL:Illumina reference.ssl.Ssp-3NR-R1R2ORPH-contam-noisolate.fasta Ssp-AAtu_029-Ex1-cssl.clmp.fp2_repr.R1.fq.gz Ssp-AAtu_029-Ex1-cssl.clmp.fp2_repr.R2.fq.gz
[main] Real time: 4.756 sec; CPU: 88.904 sec
