[M::bwa_idx_load_from_disk] read 0 ALT contigs
[M::process] read 2786924 sequences (400000287 bp)...
[M::mem_pestat] # candidate unique pairs for (FF, FR, RF, RR): (435, 1303496, 193, 425)
[M::mem_pestat] analyzing insert size distribution for orientation FF...
[M::mem_pestat] (25, 50, 75) percentile: (99, 144, 211)
[M::mem_pestat] low and high boundaries for computing mean and std.dev: (1, 435)
[M::mem_pestat] mean and std.dev: (157.72, 79.70)
[M::mem_pestat] low and high boundaries for proper pairs: (1, 547)
[M::mem_pestat] analyzing insert size distribution for orientation FR...
[M::mem_pestat] (25, 50, 75) percentile: (180, 241, 317)
[M::mem_pestat] low and high boundaries for computing mean and std.dev: (1, 591)
[M::mem_pestat] mean and std.dev: (252.23, 91.31)
[M::mem_pestat] low and high boundaries for proper pairs: (1, 728)
[M::mem_pestat] analyzing insert size distribution for orientation RF...
[M::mem_pestat] (25, 50, 75) percentile: (351, 1366, 1837)
[M::mem_pestat] low and high boundaries for computing mean and std.dev: (1, 4809)
[M::mem_pestat] mean and std.dev: (1254.19, 977.10)
[M::mem_pestat] low and high boundaries for proper pairs: (1, 6295)
[M::mem_pestat] analyzing insert size distribution for orientation RR...
[M::mem_pestat] (25, 50, 75) percentile: (108, 153, 209)
[M::mem_pestat] low and high boundaries for computing mean and std.dev: (1, 411)
[M::mem_pestat] mean and std.dev: (163.82, 73.87)
[M::mem_pestat] low and high boundaries for proper pairs: (1, 512)
[M::mem_pestat] skip orientation FF
[M::mem_pestat] skip orientation RF
[M::mem_pestat] skip orientation RR
[M::mem_process_seqs] Processed 2786924 reads in 1044.819 CPU sec, 33.721 real sec
[M::process] read 2786442 sequences (400000177 bp)...
[M::process] read 2785486 sequences (400000248 bp)...
[M::mem_pestat] # candidate unique pairs for (FF, FR, RF, RR): (409, 1307259, 139, 393)
[M::mem_pestat] analyzing insert size distribution for orientation FF...
[M::mem_pestat] (25, 50, 75) percentile: (96, 142, 210)
[M::mem_pestat] low and high boundaries for computing mean and std.dev: (1, 438)
[M::mem_pestat] mean and std.dev: (157.46, 82.78)
[M::mem_pestat] low and high boundaries for proper pairs: (1, 552)
[M::mem_pestat] analyzing insert size distribution for orientation FR...
[M::mem_pestat] (25, 50, 75) percentile: (180, 241, 317)
[M::mem_pestat] low and high boundaries for computing mean and std.dev: (1, 591)
[M::mem_pestat] mean and std.dev: (252.20, 91.25)
[M::mem_pestat] low and high boundaries for proper pairs: (1, 728)
[M::mem_pestat] analyzing insert size distribution for orientation RF...
[M::mem_pestat] (25, 50, 75) percentile: (210, 903, 1809)
[M::mem_pestat] low and high boundaries for computing mean and std.dev: (1, 5007)
[M::mem_pestat] mean and std.dev: (1074.62, 1105.09)
[M::mem_pestat] low and high boundaries for proper pairs: (1, 6606)
[M::mem_pestat] analyzing insert size distribution for orientation RR...
[M::mem_pestat] (25, 50, 75) percentile: (112, 146, 221)
[M::mem_pestat] low and high boundaries for computing mean and std.dev: (1, 439)
[M::mem_pestat] mean and std.dev: (164.42, 75.57)
[M::mem_pestat] low and high boundaries for proper pairs: (1, 548)
[M::mem_pestat] skip orientation FF
[M::mem_pestat] skip orientation RF
[M::mem_pestat] skip orientation RR
[M::mem_process_seqs] Processed 2786442 reads in 594.830 CPU sec, 16.452 real sec
[M::mem_pestat] # candidate unique pairs for (FF, FR, RF, RR): (455, 1303826, 167, 385)
[M::mem_pestat] analyzing insert size distribution for orientation FF...
[M::mem_pestat] (25, 50, 75) percentile: (100, 143, 206)
[M::mem_pestat] low and high boundaries for computing mean and std.dev: (1, 418)
[M::mem_pestat] mean and std.dev: (156.00, 76.68)
[M::mem_pestat] low and high boundaries for proper pairs: (1, 524)
[M::mem_pestat] analyzing insert size distribution for orientation FR...
[M::mem_pestat] (25, 50, 75) percentile: (180, 241, 317)
[M::mem_pestat] low and high boundaries for computing mean and std.dev: (1, 591)
[M::mem_pestat] mean and std.dev: (252.16, 91.14)
[M::mem_pestat] low and high boundaries for proper pairs: (1, 728)
[M::mem_pestat] analyzing insert size distribution for orientation RF...
[M::mem_pestat] (25, 50, 75) percentile: (249, 593, 2907)
[M::mem_pestat] low and high boundaries for computing mean and std.dev: (1, 8223)
[M::mem_pestat] mean and std.dev: (1631.06, 1860.86)
[M::mem_pestat] low and high boundaries for proper pairs: (1, 10881)
[M::mem_pestat] analyzing insert size distribution for orientation RR...
[M::mem_pestat] (25, 50, 75) percentile: (111, 159, 221)
[M::mem_pestat] low and high boundaries for computing mean and std.dev: (1, 441)
[M::mem_pestat] mean and std.dev: (169.41, 76.38)
[M::mem_pestat] low and high boundaries for proper pairs: (1, 551)
[M::mem_pestat] skip orientation FF
[M::mem_pestat] skip orientation RF
[M::mem_pestat] skip orientation RR
[M::mem_process_seqs] Processed 2785486 reads in 614.724 CPU sec, 18.101 real sec
[M::process] read 2786940 sequences (400000026 bp)...
[M::process] read 271682 sequences (39031364 bp)...
[M::mem_pestat] # candidate unique pairs for (FF, FR, RF, RR): (411, 1299679, 129, 422)
[M::mem_pestat] analyzing insert size distribution for orientation FF...
[M::mem_pestat] (25, 50, 75) percentile: (90, 143, 207)
[M::mem_pestat] low and high boundaries for computing mean and std.dev: (1, 441)
[M::mem_pestat] mean and std.dev: (156.00, 78.51)
[M::mem_pestat] low and high boundaries for proper pairs: (1, 558)
[M::mem_pestat] analyzing insert size distribution for orientation FR...
[M::mem_pestat] (25, 50, 75) percentile: (180, 241, 317)
[M::mem_pestat] low and high boundaries for computing mean and std.dev: (1, 591)
[M::mem_pestat] mean and std.dev: (252.17, 91.47)
[M::mem_pestat] low and high boundaries for proper pairs: (1, 728)
[M::mem_pestat] analyzing insert size distribution for orientation RF...
[M::mem_pestat] (25, 50, 75) percentile: (159, 924, 1889)
[M::mem_pestat] low and high boundaries for computing mean and std.dev: (1, 5349)
[M::mem_pestat] mean and std.dev: (1298.27, 1308.11)
[M::mem_pestat] low and high boundaries for proper pairs: (1, 7079)
[M::mem_pestat] analyzing insert size distribution for orientation RR...
[M::mem_pestat] (25, 50, 75) percentile: (114, 163, 231)
[M::mem_pestat] low and high boundaries for computing mean and std.dev: (1, 465)
[M::mem_pestat] mean and std.dev: (173.81, 78.19)
[M::mem_pestat] low and high boundaries for proper pairs: (1, 582)
[M::mem_pestat] skip orientation FF
[M::mem_pestat] skip orientation RF
[M::mem_pestat] skip orientation RR
[M::mem_process_seqs] Processed 2786940 reads in 578.896 CPU sec, 15.528 real sec
[M::mem_pestat] # candidate unique pairs for (FF, FR, RF, RR): (39, 127645, 12, 28)
[M::mem_pestat] analyzing insert size distribution for orientation FF...
[M::mem_pestat] (25, 50, 75) percentile: (91, 145, 226)
[M::mem_pestat] low and high boundaries for computing mean and std.dev: (1, 496)
[M::mem_pestat] mean and std.dev: (158.82, 91.20)
[M::mem_pestat] low and high boundaries for proper pairs: (1, 631)
[M::mem_pestat] analyzing insert size distribution for orientation FR...
[M::mem_pestat] (25, 50, 75) percentile: (181, 242, 319)
[M::mem_pestat] low and high boundaries for computing mean and std.dev: (1, 595)
[M::mem_pestat] mean and std.dev: (253.04, 91.58)
[M::mem_pestat] low and high boundaries for proper pairs: (1, 733)
[M::mem_pestat] analyzing insert size distribution for orientation RF...
[M::mem_pestat] (25, 50, 75) percentile: (843, 2237, 2452)
[M::mem_pestat] low and high boundaries for computing mean and std.dev: (1, 5670)
[M::mem_pestat] mean and std.dev: (1606.27, 1056.25)
[M::mem_pestat] low and high boundaries for proper pairs: (1, 7279)
[M::mem_pestat] analyzing insert size distribution for orientation RR...
[M::mem_pestat] (25, 50, 75) percentile: (100, 150, 231)
[M::mem_pestat] low and high boundaries for computing mean and std.dev: (1, 493)
[M::mem_pestat] mean and std.dev: (162.68, 85.29)
[M::mem_pestat] low and high boundaries for proper pairs: (1, 624)
[M::mem_pestat] skip orientation FF
[M::mem_pestat] skip orientation RF
[M::mem_pestat] skip orientation RR
[M::mem_process_seqs] Processed 271682 reads in 59.148 CPU sec, 1.659 real sec
[main] Version: 0.7.17-r1188
[main] CMD: bwa mem -L 5 -t 40 -a -M -T 80 -A 1 -B 4 -O 6 -R @RG\tID:Ssp-CGub_090-Ex1-cssl.clmp.fp2_repr\tSM:Ssp-CGub_090-Ex1-cssl.clmp.fp2_repr\tPL:Illumina reference.ssl.Ssp-3NR-R1R2ORPH-contam-noisolate.fasta Ssp-CGub_090-Ex1-cssl.clmp.fp2_repr.R1.fq.gz Ssp-CGub_090-Ex1-cssl.clmp.fp2_repr.R2.fq.gz
[main] Real time: 117.197 sec; CPU: 2933.415 sec
