[M::bwa_idx_load_from_disk] read 0 ALT contigs
[M::process] read 258190 sequences (30841032 bp)...
[M::mem_pestat] # candidate unique pairs for (FF, FR, RF, RR): (31, 22131, 7, 12)
[M::mem_pestat] analyzing insert size distribution for orientation FF...
[M::mem_pestat] (25, 50, 75) percentile: (72, 72, 127)
[M::mem_pestat] low and high boundaries for computing mean and std.dev: (1, 237)
[M::mem_pestat] mean and std.dev: (98.84, 49.71)
[M::mem_pestat] low and high boundaries for proper pairs: (1, 298)
[M::mem_pestat] analyzing insert size distribution for orientation FR...
[M::mem_pestat] (25, 50, 75) percentile: (65, 98, 143)
[M::mem_pestat] low and high boundaries for computing mean and std.dev: (1, 299)
[M::mem_pestat] mean and std.dev: (107.56, 58.48)
[M::mem_pestat] low and high boundaries for proper pairs: (1, 377)
[M::mem_pestat] skip orientation RF as there are not enough pairs
[M::mem_pestat] analyzing insert size distribution for orientation RR...
[M::mem_pestat] (25, 50, 75) percentile: (124, 124, 146)
[M::mem_pestat] low and high boundaries for computing mean and std.dev: (80, 190)
[M::mem_pestat] mean and std.dev: (130.60, 14.04)
[M::mem_pestat] low and high boundaries for proper pairs: (58, 212)
[M::mem_pestat] skip orientation FF
[M::mem_pestat] skip orientation RR
[M::mem_process_seqs] Processed 258190 reads in 80.809 CPU sec, 2.278 real sec
[main] Version: 0.7.17-r1188
[main] CMD: bwa mem -L 5 -t 40 -a -M -T 80 -A 1 -B 4 -O 6 -R @RG\tID:Ssp-AAtu_049-Ex1-cssl.clmp.fp2_repr\tSM:Ssp-AAtu_049-Ex1-cssl.clmp.fp2_repr\tPL:Illumina reference.ssl.Ssp-3NR-R1R2ORPH-contam-noisolate.fasta Ssp-AAtu_049-Ex1-cssl.clmp.fp2_repr.R1.fq.gz Ssp-AAtu_049-Ex1-cssl.clmp.fp2_repr.R2.fq.gz
[main] Real time: 4.512 sec; CPU: 82.772 sec
