[M::bwa_idx_load_from_disk] read 0 ALT contigs
[M::process] read 2204896 sequences (302921705 bp)...
[M::mem_pestat] # candidate unique pairs for (FF, FR, RF, RR): (179, 1004118, 55, 214)
[M::mem_pestat] analyzing insert size distribution for orientation FF...
[M::mem_pestat] (25, 50, 75) percentile: (89, 140, 199)
[M::mem_pestat] low and high boundaries for computing mean and std.dev: (1, 419)
[M::mem_pestat] mean and std.dev: (140.49, 68.03)
[M::mem_pestat] low and high boundaries for proper pairs: (1, 529)
[M::mem_pestat] analyzing insert size distribution for orientation FR...
[M::mem_pestat] (25, 50, 75) percentile: (134, 172, 224)
[M::mem_pestat] low and high boundaries for computing mean and std.dev: (1, 404)
[M::mem_pestat] mean and std.dev: (182.81, 67.20)
[M::mem_pestat] low and high boundaries for proper pairs: (1, 494)
[M::mem_pestat] analyzing insert size distribution for orientation RF...
[M::mem_pestat] (25, 50, 75) percentile: (147, 701, 3977)
[M::mem_pestat] low and high boundaries for computing mean and std.dev: (1, 11637)
[M::mem_pestat] mean and std.dev: (1839.69, 1986.82)
[M::mem_pestat] low and high boundaries for proper pairs: (1, 15467)
[M::mem_pestat] analyzing insert size distribution for orientation RR...
[M::mem_pestat] (25, 50, 75) percentile: (102, 157, 218)
[M::mem_pestat] low and high boundaries for computing mean and std.dev: (1, 450)
[M::mem_pestat] mean and std.dev: (159.30, 79.04)
[M::mem_pestat] low and high boundaries for proper pairs: (1, 566)
[M::mem_pestat] skip orientation FF
[M::mem_pestat] skip orientation RF
[M::mem_pestat] skip orientation RR
[M::mem_process_seqs] Processed 2204896 reads in 621.749 CPU sec, 16.844 real sec
[main] Version: 0.7.17-r1188
[main] CMD: bwa mem -L 5 -t 40 -a -M -T 80 -A 1 -B 4 -O 6 -R @RG\tID:Ssp-CGub_030-Ex1-cssl.clmp.fp2_repr\tSM:Ssp-CGub_030-Ex1-cssl.clmp.fp2_repr\tPL:Illumina reference.ssl.Ssp-3NR-R1R2ORPH-contam-noisolate.fasta Ssp-CGub_030-Ex1-cssl.clmp.fp2_repr.R1.fq.gz Ssp-CGub_030-Ex1-cssl.clmp.fp2_repr.R2.fq.gz
[main] Real time: 27.698 sec; CPU: 632.106 sec
