[M::bwa_idx_load_from_disk] read 0 ALT contigs
[M::process] read 553356 sequences (61117826 bp)...
[M::mem_pestat] # candidate unique pairs for (FF, FR, RF, RR): (3, 57519, 12, 2)
[M::mem_pestat] skip orientation FF as there are not enough pairs
[M::mem_pestat] analyzing insert size distribution for orientation FR...
[M::mem_pestat] (25, 50, 75) percentile: (56, 82, 110)
[M::mem_pestat] low and high boundaries for computing mean and std.dev: (1, 218)
[M::mem_pestat] mean and std.dev: (85.04, 38.22)
[M::mem_pestat] low and high boundaries for proper pairs: (1, 272)
[M::mem_pestat] analyzing insert size distribution for orientation RF...
[M::mem_pestat] (25, 50, 75) percentile: (89, 89, 100)
[M::mem_pestat] low and high boundaries for computing mean and std.dev: (67, 122)
[M::mem_pestat] mean and std.dev: (93.14, 4.94)
[M::mem_pestat] low and high boundaries for proper pairs: (56, 133)
[M::mem_pestat] skip orientation RR as there are not enough pairs
[M::mem_pestat] skip orientation RF
[M::mem_process_seqs] Processed 553356 reads in 165.717 CPU sec, 4.489 real sec
[main] Version: 0.7.17-r1188
[main] CMD: bwa mem -L 5 -t 40 -a -M -T 80 -A 1 -B 4 -O 6 -R @RG\tID:Ssp-AAtu_035-Ex1-cssl.clmp.fp2_repr\tSM:Ssp-AAtu_035-Ex1-cssl.clmp.fp2_repr\tPL:Illumina reference.ssl.Ssp-3NR-R1R2ORPH-contam-noisolate.fasta Ssp-AAtu_035-Ex1-cssl.clmp.fp2_repr.R1.fq.gz Ssp-AAtu_035-Ex1-cssl.clmp.fp2_repr.R2.fq.gz
[main] Real time: 7.904 sec; CPU: 168.895 sec
