[M::bwa_idx_load_from_disk] read 0 ALT contigs
[M::process] read 485700 sequences (54593559 bp)...
[M::mem_pestat] # candidate unique pairs for (FF, FR, RF, RR): (39, 53432, 39, 35)
[M::mem_pestat] analyzing insert size distribution for orientation FF...
[M::mem_pestat] (25, 50, 75) percentile: (58, 90, 130)
[M::mem_pestat] low and high boundaries for computing mean and std.dev: (1, 274)
[M::mem_pestat] mean and std.dev: (90.15, 38.44)
[M::mem_pestat] low and high boundaries for proper pairs: (1, 346)
[M::mem_pestat] analyzing insert size distribution for orientation FR...
[M::mem_pestat] (25, 50, 75) percentile: (60, 87, 121)
[M::mem_pestat] low and high boundaries for computing mean and std.dev: (1, 243)
[M::mem_pestat] mean and std.dev: (92.15, 43.56)
[M::mem_pestat] low and high boundaries for proper pairs: (1, 304)
[M::mem_pestat] analyzing insert size distribution for orientation RF...
[M::mem_pestat] (25, 50, 75) percentile: (22, 66, 110)
[M::mem_pestat] low and high boundaries for computing mean and std.dev: (1, 286)
[M::mem_pestat] mean and std.dev: (71.00, 55.04)
[M::mem_pestat] low and high boundaries for proper pairs: (1, 374)
[M::mem_pestat] analyzing insert size distribution for orientation RR...
[M::mem_pestat] (25, 50, 75) percentile: (47, 76, 131)
[M::mem_pestat] low and high boundaries for computing mean and std.dev: (1, 299)
[M::mem_pestat] mean and std.dev: (84.09, 51.92)
[M::mem_pestat] low and high boundaries for proper pairs: (1, 383)
[M::mem_pestat] skip orientation FF
[M::mem_pestat] skip orientation RF
[M::mem_pestat] skip orientation RR
[M::mem_process_seqs] Processed 485700 reads in 143.163 CPU sec, 3.884 real sec
[main] Version: 0.7.17-r1188
[main] CMD: bwa mem -L 5 -t 40 -a -M -T 80 -A 1 -B 4 -O 6 -R @RG\tID:Ssp-AAtu_013-Ex1-cssl.clmp.fp2_repr\tSM:Ssp-AAtu_013-Ex1-cssl.clmp.fp2_repr\tPL:Illumina reference.ssl.Ssp-3NR-R1R2ORPH-contam-noisolate.fasta Ssp-AAtu_013-Ex1-cssl.clmp.fp2_repr.R1.fq.gz Ssp-AAtu_013-Ex1-cssl.clmp.fp2_repr.R2.fq.gz
[main] Real time: 7.189 sec; CPU: 146.225 sec
