[M::bwa_idx_load_from_disk] read 0 ALT contigs
[M::process] read 272332 sequences (33505735 bp)...
[M::mem_pestat] # candidate unique pairs for (FF, FR, RF, RR): (15, 19605, 11, 21)
[M::mem_pestat] analyzing insert size distribution for orientation FF...
[M::mem_pestat] (25, 50, 75) percentile: (130, 186, 233)
[M::mem_pestat] low and high boundaries for computing mean and std.dev: (1, 439)
[M::mem_pestat] mean and std.dev: (166.53, 80.42)
[M::mem_pestat] low and high boundaries for proper pairs: (1, 542)
[M::mem_pestat] analyzing insert size distribution for orientation FR...
[M::mem_pestat] (25, 50, 75) percentile: (67, 101, 148)
[M::mem_pestat] low and high boundaries for computing mean and std.dev: (1, 310)
[M::mem_pestat] mean and std.dev: (111.44, 61.04)
[M::mem_pestat] low and high boundaries for proper pairs: (1, 391)
[M::mem_pestat] analyzing insert size distribution for orientation RF...
[M::mem_pestat] (25, 50, 75) percentile: (41, 78, 120)
[M::mem_pestat] low and high boundaries for computing mean and std.dev: (1, 278)
[M::mem_pestat] mean and std.dev: (85.73, 59.80)
[M::mem_pestat] low and high boundaries for proper pairs: (1, 357)
[M::mem_pestat] analyzing insert size distribution for orientation RR...
[M::mem_pestat] (25, 50, 75) percentile: (77, 104, 178)
[M::mem_pestat] low and high boundaries for computing mean and std.dev: (1, 380)
[M::mem_pestat] mean and std.dev: (127.43, 84.98)
[M::mem_pestat] low and high boundaries for proper pairs: (1, 481)
[M::mem_pestat] skip orientation FF
[M::mem_pestat] skip orientation RF
[M::mem_pestat] skip orientation RR
[M::mem_process_seqs] Processed 272332 reads in 88.989 CPU sec, 2.645 real sec
[main] Version: 0.7.17-r1188
[main] CMD: bwa mem -L 5 -t 40 -a -M -T 80 -A 1 -B 4 -O 6 -R @RG\tID:Ssp-AAtu_018-Ex1-cssl.clmp.fp2_repr\tSM:Ssp-AAtu_018-Ex1-cssl.clmp.fp2_repr\tPL:Illumina reference.ssl.Ssp-3NR-R1R2ORPH-contam-noisolate.fasta Ssp-AAtu_018-Ex1-cssl.clmp.fp2_repr.R1.fq.gz Ssp-AAtu_018-Ex1-cssl.clmp.fp2_repr.R2.fq.gz
[main] Real time: 4.942 sec; CPU: 91.027 sec
