[M::main_mem] mean insert size: 649.717, stddev: 76.943, max: 1631, min: 308
[M::bwa_idx_load_from_disk] read 0 ALT contigs
[M::process] read 69836 sequences (10000105 bp)...
[M::process] read 70230 sequences (10000079 bp)...
[M::mem_process_seqs] Processed 69836 reads in 12.447 CPU sec, 13.143 real sec
[M::process] read 70084 sequences (10000244 bp)...
[M::mem_process_seqs] Processed 70230 reads in 12.734 CPU sec, 13.572 real sec
[M::process] read 70186 sequences (10000183 bp)...
[M::mem_process_seqs] Processed 70084 reads in 12.915 CPU sec, 13.528 real sec
[M::process] read 70054 sequences (10000121 bp)...
[M::mem_process_seqs] Processed 70186 reads in 12.246 CPU sec, 12.396 real sec
[M::process] read 70118 sequences (10000289 bp)...
[M::mem_process_seqs] Processed 70054 reads in 12.458 CPU sec, 13.348 real sec
[M::process] read 69982 sequences (10000091 bp)...
[M::mem_process_seqs] Processed 70118 reads in 12.071 CPU sec, 12.529 real sec
[M::process] read 70338 sequences (10000074 bp)...
[M::mem_process_seqs] Processed 69982 reads in 11.963 CPU sec, 12.631 real sec
[M::process] read 70442 sequences (10000073 bp)...
[M::mem_process_seqs] Processed 70338 reads in 9.750 CPU sec, 10.513 real sec
[M::process] read 70420 sequences (10000137 bp)...
[M::mem_process_seqs] Processed 70442 reads in 10.193 CPU sec, 10.782 real sec
[M::process] read 69938 sequences (10000055 bp)...
[M::mem_process_seqs] Processed 70420 reads in 11.878 CPU sec, 12.880 real sec
[M::process] read 70280 sequences (10000242 bp)...
[M::mem_process_seqs] Processed 69938 reads in 10.797 CPU sec, 11.463 real sec
[M::process] read 69754 sequences (10000002 bp)...
[M::mem_process_seqs] Processed 70280 reads in 13.781 CPU sec, 14.202 real sec
[M::process] read 69010 sequences (10000058 bp)...
[M::mem_process_seqs] Processed 69754 reads in 12.174 CPU sec, 12.969 real sec
[M::process] read 67910 sequences (10000039 bp)...
[M::mem_process_seqs] Processed 69010 reads in 9.384 CPU sec, 9.982 real sec
[M::process] read 68642 sequences (10000240 bp)...
[M::mem_process_seqs] Processed 67910 reads in 5.985 CPU sec, 6.409 real sec
[M::process] read 69936 sequences (10000044 bp)...
[M::mem_process_seqs] Processed 68642 reads in 7.854 CPU sec, 8.810 real sec
[M::process] read 67868 sequences (10000237 bp)...
[M::mem_process_seqs] Processed 69936 reads in 11.499 CPU sec, 12.343 real sec
[M::process] read 69868 sequences (10000106 bp)...
[M::mem_process_seqs] Processed 67868 reads in 10.614 CPU sec, 10.998 real sec
[M::process] read 70122 sequences (10000156 bp)...
[M::mem_process_seqs] Processed 69868 reads in 12.252 CPU sec, 12.928 real sec
[M::process] read 69480 sequences (10000137 bp)...
[M::mem_process_seqs] Processed 70122 reads in 11.084 CPU sec, 11.655 real sec
[M::process] read 69878 sequences (10000177 bp)...
[M::mem_process_seqs] Processed 69480 reads in 9.875 CPU sec, 10.824 real sec
[M::process] read 69992 sequences (10000248 bp)...
[M::mem_process_seqs] Processed 69878 reads in 11.724 CPU sec, 12.387 real sec
[M::process] read 69910 sequences (10000081 bp)...
[M::mem_process_seqs] Processed 69992 reads in 10.831 CPU sec, 11.581 real sec
[M::process] read 69878 sequences (10000106 bp)...
[M::mem_process_seqs] Processed 69910 reads in 12.535 CPU sec, 13.005 real sec
[M::process] read 69092 sequences (10000257 bp)...
[M::mem_process_seqs] Processed 69878 reads in 13.241 CPU sec, 13.776 real sec
[M::process] read 70196 sequences (10000201 bp)...
[M::mem_process_seqs] Processed 69092 reads in 9.310 CPU sec, 10.141 real sec
[M::process] read 69822 sequences (10000061 bp)...
[M::mem_process_seqs] Processed 70196 reads in 11.832 CPU sec, 12.506 real sec
[M::process] read 70094 sequences (10000027 bp)...
[M::mem_process_seqs] Processed 69822 reads in 10.840 CPU sec, 11.152 real sec
[M::process] read 70040 sequences (10000171 bp)...
[M::mem_process_seqs] Processed 70094 reads in 11.473 CPU sec, 12.050 real sec
[M::process] read 70118 sequences (10000289 bp)...
[M::mem_process_seqs] Processed 70040 reads in 13.285 CPU sec, 13.785 real sec
[M::process] read 70000 sequences (10000030 bp)...
[M::mem_process_seqs] Processed 70118 reads in 11.451 CPU sec, 11.479 real sec
[M::process] read 69848 sequences (10000157 bp)...
[M::mem_process_seqs] Processed 70000 reads in 11.641 CPU sec, 12.192 real sec
[M::process] read 69980 sequences (10000256 bp)...
[M::mem_process_seqs] Processed 69848 reads in 12.408 CPU sec, 12.961 real sec
[M::process] read 70174 sequences (10000239 bp)...
[M::mem_process_seqs] Processed 69980 reads in 11.203 CPU sec, 11.579 real sec
[M::process] read 70326 sequences (10000073 bp)...
[M::mem_process_seqs] Processed 70174 reads in 12.770 CPU sec, 13.447 real sec
[M::process] read 69412 sequences (10000206 bp)...
[M::mem_process_seqs] Processed 70326 reads in 12.756 CPU sec, 12.752 real sec
[M::process] read 67966 sequences (10000274 bp)...
[M::mem_process_seqs] Processed 69412 reads in 11.222 CPU sec, 11.411 real sec
[M::process] read 67926 sequences (10000245 bp)...
[M::mem_process_seqs] Processed 67966 reads in 5.901 CPU sec, 6.072 real sec
[M::process] read 69510 sequences (10000194 bp)...
[M::mem_process_seqs] Processed 67926 reads in 6.131 CPU sec, 6.431 real sec
[M::process] read 70132 sequences (10000135 bp)...
[M::mem_process_seqs] Processed 69510 reads in 9.445 CPU sec, 10.086 real sec
[M::process] read 70184 sequences (10000045 bp)...
[M::mem_process_seqs] Processed 70132 reads in 12.667 CPU sec, 13.619 real sec
[M::process] read 69966 sequences (10000182 bp)...
[M::mem_process_seqs] Processed 70184 reads in 12.031 CPU sec, 12.698 real sec
[M::process] read 69908 sequences (10000276 bp)...
[M::mem_process_seqs] Processed 69966 reads in 12.603 CPU sec, 12.632 real sec
[M::process] read 70066 sequences (10000251 bp)...
[M::mem_process_seqs] Processed 69908 reads in 12.665 CPU sec, 13.326 real sec
[M::process] read 70344 sequences (10000247 bp)...
[M::mem_process_seqs] Processed 70066 reads in 11.695 CPU sec, 12.263 real sec
[M::process] read 70054 sequences (10000194 bp)...
[M::mem_process_seqs] Processed 70344 reads in 12.831 CPU sec, 13.123 real sec
[M::process] read 69738 sequences (10000144 bp)...
[M::mem_process_seqs] Processed 70054 reads in 10.783 CPU sec, 10.695 real sec
[M::process] read 70182 sequences (10000242 bp)...
[M::mem_process_seqs] Processed 69738 reads in 12.865 CPU sec, 13.526 real sec
[M::process] read 69654 sequences (10000218 bp)...
[M::mem_process_seqs] Processed 70182 reads in 12.433 CPU sec, 13.299 real sec
[M::process] read 70338 sequences (10000008 bp)...
[M::mem_process_seqs] Processed 69654 reads in 11.338 CPU sec, 11.604 real sec
[M::process] read 69816 sequences (10000279 bp)...
[M::mem_process_seqs] Processed 70338 reads in 13.166 CPU sec, 13.680 real sec
[M::process] read 70116 sequences (10000015 bp)...
[M::mem_process_seqs] Processed 69816 reads in 13.104 CPU sec, 13.815 real sec
[M::process] read 69654 sequences (10000014 bp)...
[M::mem_process_seqs] Processed 70116 reads in 12.141 CPU sec, 12.696 real sec
[M::process] read 68294 sequences (10000299 bp)...
[M::mem_process_seqs] Processed 69654 reads in 11.700 CPU sec, 13.053 real sec
[M::process] read 69954 sequences (10000188 bp)...
[M::mem_process_seqs] Processed 68294 reads in 12.527 CPU sec, 12.741 real sec
[M::process] read 69902 sequences (10000151 bp)...
[M::mem_process_seqs] Processed 69954 reads in 14.085 CPU sec, 14.733 real sec
[M::process] read 70168 sequences (10000142 bp)...
[M::mem_process_seqs] Processed 69902 reads in 11.591 CPU sec, 12.448 real sec
[M::process] read 70232 sequences (10000039 bp)...
[M::mem_process_seqs] Processed 70168 reads in 11.777 CPU sec, 12.150 real sec
[M::process] read 68276 sequences (10000161 bp)...
[M::mem_process_seqs] Processed 70232 reads in 12.297 CPU sec, 13.223 real sec
[M::process] read 68442 sequences (10000185 bp)...
[M::mem_process_seqs] Processed 68276 reads in 7.075 CPU sec, 7.564 real sec
[M::process] read 70240 sequences (10000293 bp)...
[M::mem_process_seqs] Processed 68442 reads in 6.542 CPU sec, 6.517 real sec
[M::process] read 70136 sequences (10000014 bp)...
[M::mem_process_seqs] Processed 70240 reads in 12.523 CPU sec, 13.747 real sec
[M::process] read 70308 sequences (10000051 bp)...
[M::mem_process_seqs] Processed 70136 reads in 12.019 CPU sec, 12.195 real sec
[M::process] read 69948 sequences (10000012 bp)...
[M::mem_process_seqs] Processed 70308 reads in 11.139 CPU sec, 11.651 real sec
[M::process] read 69748 sequences (10000025 bp)...
[M::mem_process_seqs] Processed 69948 reads in 12.726 CPU sec, 13.285 real sec
[M::process] read 70052 sequences (10000230 bp)...
[M::mem_process_seqs] Processed 69748 reads in 11.930 CPU sec, 12.116 real sec
[M::process] read 70208 sequences (10000251 bp)...
[M::mem_process_seqs] Processed 70052 reads in 11.773 CPU sec, 12.568 real sec
[M::process] read 70330 sequences (10000090 bp)...
[M::mem_process_seqs] Processed 70208 reads in 14.750 CPU sec, 15.600 real sec
[M::process] read 69948 sequences (10000248 bp)...
[M::mem_process_seqs] Processed 70330 reads in 13.411 CPU sec, 14.293 real sec
[M::process] read 69096 sequences (10000054 bp)...
[M::mem_process_seqs] Processed 69948 reads in 13.621 CPU sec, 14.952 real sec
[M::process] read 68932 sequences (10000007 bp)...
[M::mem_process_seqs] Processed 69096 reads in 9.825 CPU sec, 10.322 real sec
[M::process] read 69602 sequences (10000287 bp)...
[M::mem_process_seqs] Processed 68932 reads in 10.344 CPU sec, 11.053 real sec
[M::process] read 70194 sequences (10000065 bp)...
[M::mem_process_seqs] Processed 69602 reads in 11.864 CPU sec, 12.814 real sec
[M::process] read 70020 sequences (10000142 bp)...
[M::mem_process_seqs] Processed 70194 reads in 11.489 CPU sec, 12.482 real sec
[M::process] read 70170 sequences (10000027 bp)...
[M::mem_process_seqs] Processed 70020 reads in 11.120 CPU sec, 11.856 real sec
[M::process] read 69906 sequences (10000033 bp)...
[M::mem_process_seqs] Processed 70170 reads in 12.377 CPU sec, 12.976 real sec
[M::process] read 69992 sequences (10000286 bp)...
[M::mem_process_seqs] Processed 69906 reads in 13.457 CPU sec, 13.896 real sec
[M::process] read 69958 sequences (10000203 bp)...
[M::mem_process_seqs] Processed 69992 reads in 12.732 CPU sec, 13.802 real sec
[M::process] read 70118 sequences (10000208 bp)...
[M::mem_process_seqs] Processed 69958 reads in 12.150 CPU sec, 12.441 real sec
[M::process] read 70118 sequences (10000260 bp)...
[M::mem_process_seqs] Processed 70118 reads in 12.249 CPU sec, 13.445 real sec
[M::process] read 69802 sequences (10000273 bp)...
[M::mem_process_seqs] Processed 70118 reads in 12.402 CPU sec, 12.890 real sec
[M::process] read 70086 sequences (10000123 bp)...
[M::mem_process_seqs] Processed 69802 reads in 11.193 CPU sec, 11.779 real sec
[M::process] read 70496 sequences (10000062 bp)...
[M::mem_process_seqs] Processed 70086 reads in 12.120 CPU sec, 12.651 real sec
[M::process] read 69940 sequences (10000174 bp)...
[M::mem_process_seqs] Processed 70496 reads in 11.887 CPU sec, 12.534 real sec
[M::process] read 69680 sequences (10000196 bp)...
[M::mem_process_seqs] Processed 69940 reads in 10.280 CPU sec, 10.902 real sec
[M::process] read 64162 sequences (9179247 bp)...
[M::mem_process_seqs] Processed 69680 reads in 10.826 CPU sec, 11.563 real sec
[M::mem_process_seqs] Processed 64162 reads in 9.948 CPU sec, 11.371 real sec
[main] Version: 0.7.17-r1188
[main] CMD: bwa mem -L 5 -I 649.717,76.9433,1631,308 -t 1 -a -M -T 30 -A 1 -B 4 -O 6 -R @RG\tID:Gmi-CBas_025-GmC02025-L1-fp1-clmp-fp2-fqscrn-repr\tSM:Gmi-CBas_025-GmC02025-L1-fp1-clmp-fp2-fqscrn-repr\tPL:Illumina reference.rad.RAW-10-10.fasta Gmi-CBas_025-GmC02025-L1-fp1-clmp-fp2-fqscrn-repr.R1.fq.gz Gmi-CBas_025-GmC02025-L1-fp1-clmp-fp2-fqscrn-repr.R2.fq.gz
[main] Real time: 1061.246 sec; CPU: 1002.458 sec
