[M::main_mem] mean insert size: 649.717, stddev: 76.943, max: 1631, min: 308
[M::bwa_idx_load_from_disk] read 0 ALT contigs
[M::process] read 85700 sequences (10000174 bp)...
[M::process] read 85594 sequences (10000126 bp)...
[M::mem_process_seqs] Processed 85700 reads in 10.761 CPU sec, 10.794 real sec
[M::process] read 86096 sequences (10000213 bp)...
[M::mem_process_seqs] Processed 85594 reads in 11.926 CPU sec, 12.635 real sec
[M::process] read 85880 sequences (10000193 bp)...
[M::mem_process_seqs] Processed 86096 reads in 11.314 CPU sec, 12.213 real sec
[M::process] read 85616 sequences (10000236 bp)...
[M::mem_process_seqs] Processed 85880 reads in 11.618 CPU sec, 11.770 real sec
[M::process] read 85522 sequences (10000224 bp)...
[M::mem_process_seqs] Processed 85616 reads in 10.990 CPU sec, 11.448 real sec
[M::process] read 85694 sequences (10000097 bp)...
[M::mem_process_seqs] Processed 85522 reads in 11.231 CPU sec, 11.744 real sec
[M::process] read 85704 sequences (10000065 bp)...
[M::mem_process_seqs] Processed 85694 reads in 10.720 CPU sec, 11.176 real sec
[M::process] read 85642 sequences (10000086 bp)...
[M::mem_process_seqs] Processed 85704 reads in 11.323 CPU sec, 11.430 real sec
[M::process] read 85168 sequences (10000243 bp)...
[M::mem_process_seqs] Processed 85642 reads in 11.154 CPU sec, 11.854 real sec
[M::process] read 85740 sequences (10000193 bp)...
[M::mem_process_seqs] Processed 85168 reads in 11.167 CPU sec, 11.759 real sec
[M::process] read 83356 sequences (10000026 bp)...
[M::mem_process_seqs] Processed 85740 reads in 10.878 CPU sec, 11.062 real sec
[M::process] read 84480 sequences (10000082 bp)...
[M::mem_process_seqs] Processed 83356 reads in 10.304 CPU sec, 10.633 real sec
[M::process] read 76852 sequences (10000138 bp)...
[M::mem_process_seqs] Processed 84480 reads in 10.067 CPU sec, 10.382 real sec
[M::process] read 85510 sequences (10000233 bp)...
[M::mem_process_seqs] Processed 76852 reads in 8.880 CPU sec, 9.154 real sec
[M::process] read 84432 sequences (10000087 bp)...
[M::mem_process_seqs] Processed 85510 reads in 11.257 CPU sec, 11.248 real sec
[M::process] read 85596 sequences (10000206 bp)...
[M::mem_process_seqs] Processed 84432 reads in 11.293 CPU sec, 11.699 real sec
[M::process] read 80418 sequences (10000159 bp)...
[M::mem_process_seqs] Processed 85596 reads in 10.853 CPU sec, 11.267 real sec
[M::process] read 85836 sequences (10000095 bp)...
[M::mem_process_seqs] Processed 80418 reads in 9.853 CPU sec, 10.334 real sec
[M::process] read 85248 sequences (10000095 bp)...
[M::mem_process_seqs] Processed 85836 reads in 10.770 CPU sec, 11.295 real sec
[M::process] read 85162 sequences (10000035 bp)...
[M::mem_process_seqs] Processed 85248 reads in 14.039 CPU sec, 14.746 real sec
[M::process] read 80694 sequences (10000130 bp)...
[M::mem_process_seqs] Processed 85162 reads in 12.786 CPU sec, 13.591 real sec
[M::process] read 85416 sequences (10000233 bp)...
[M::mem_process_seqs] Processed 80694 reads in 9.196 CPU sec, 9.640 real sec
[M::process] read 85654 sequences (10000016 bp)...
[M::mem_process_seqs] Processed 85416 reads in 11.596 CPU sec, 11.981 real sec
[M::process] read 80402 sequences (10000227 bp)...
[M::mem_process_seqs] Processed 85654 reads in 10.625 CPU sec, 10.980 real sec
[M::process] read 85750 sequences (10000071 bp)...
[M::mem_process_seqs] Processed 80402 reads in 10.952 CPU sec, 11.751 real sec
[M::process] read 85750 sequences (10000279 bp)...
[M::mem_process_seqs] Processed 85750 reads in 11.288 CPU sec, 12.394 real sec
[M::process] read 85108 sequences (10000174 bp)...
[M::mem_process_seqs] Processed 85750 reads in 11.103 CPU sec, 11.706 real sec
[M::process] read 84292 sequences (10000026 bp)...
[M::mem_process_seqs] Processed 85108 reads in 11.036 CPU sec, 11.955 real sec
[M::process] read 85608 sequences (10000134 bp)...
[M::mem_process_seqs] Processed 84292 reads in 10.564 CPU sec, 11.432 real sec
[M::process] read 85674 sequences (10000040 bp)...
[M::mem_process_seqs] Processed 85608 reads in 10.813 CPU sec, 11.009 real sec
[M::process] read 85084 sequences (10000208 bp)...
[M::mem_process_seqs] Processed 85674 reads in 11.263 CPU sec, 11.447 real sec
[M::process] read 84944 sequences (10000138 bp)...
[M::mem_process_seqs] Processed 85084 reads in 11.675 CPU sec, 11.716 real sec
[M::process] read 85416 sequences (10000025 bp)...
[M::mem_process_seqs] Processed 84944 reads in 14.304 CPU sec, 15.128 real sec
[M::process] read 85040 sequences (10000000 bp)...
[M::mem_process_seqs] Processed 85416 reads in 11.940 CPU sec, 12.177 real sec
[M::process] read 84366 sequences (10000150 bp)...
[M::mem_process_seqs] Processed 85040 reads in 11.605 CPU sec, 12.076 real sec
[M::process] read 85708 sequences (10000160 bp)...
[M::mem_process_seqs] Processed 84366 reads in 10.681 CPU sec, 11.190 real sec
[M::process] read 85714 sequences (10000051 bp)...
[M::mem_process_seqs] Processed 85708 reads in 11.112 CPU sec, 11.495 real sec
[M::process] read 84956 sequences (10000288 bp)...
[M::mem_process_seqs] Processed 85714 reads in 11.511 CPU sec, 11.680 real sec
[M::process] read 85758 sequences (10000170 bp)...
[M::mem_process_seqs] Processed 84956 reads in 10.804 CPU sec, 11.259 real sec
[M::process] read 85316 sequences (10000080 bp)...
[M::mem_process_seqs] Processed 85758 reads in 10.994 CPU sec, 11.742 real sec
[M::process] read 84446 sequences (10000165 bp)...
[M::mem_process_seqs] Processed 85316 reads in 11.849 CPU sec, 12.772 real sec
[M::process] read 85610 sequences (10000144 bp)...
[M::mem_process_seqs] Processed 84446 reads in 12.201 CPU sec, 12.976 real sec
[M::process] read 85714 sequences (10000146 bp)...
[M::mem_process_seqs] Processed 85610 reads in 10.982 CPU sec, 11.930 real sec
[M::process] read 86096 sequences (10000053 bp)...
[M::mem_process_seqs] Processed 85714 reads in 11.019 CPU sec, 11.648 real sec
[M::process] read 85562 sequences (10000143 bp)...
[M::mem_process_seqs] Processed 86096 reads in 11.181 CPU sec, 11.488 real sec
[M::process] read 84276 sequences (10000129 bp)...
[M::mem_process_seqs] Processed 85562 reads in 11.615 CPU sec, 12.021 real sec
[M::process] read 85732 sequences (10000168 bp)...
[M::mem_process_seqs] Processed 84276 reads in 11.277 CPU sec, 12.179 real sec
[M::process] read 85846 sequences (10000105 bp)...
[M::mem_process_seqs] Processed 85732 reads in 11.373 CPU sec, 11.806 real sec
[M::process] read 85938 sequences (10000177 bp)...
[M::mem_process_seqs] Processed 85846 reads in 11.814 CPU sec, 12.369 real sec
[M::process] read 85664 sequences (10000177 bp)...
[M::mem_process_seqs] Processed 85938 reads in 11.161 CPU sec, 12.017 real sec
[M::process] read 82622 sequences (10000226 bp)...
[M::mem_process_seqs] Processed 85664 reads in 11.390 CPU sec, 11.397 real sec
[M::process] read 86030 sequences (10000118 bp)...
[M::mem_process_seqs] Processed 82622 reads in 9.636 CPU sec, 10.189 real sec
[M::process] read 85654 sequences (10000174 bp)...
[M::mem_process_seqs] Processed 86030 reads in 11.428 CPU sec, 11.709 real sec
[M::process] read 85656 sequences (10000041 bp)...
[M::mem_process_seqs] Processed 85654 reads in 11.382 CPU sec, 11.751 real sec
[M::process] read 85464 sequences (10000166 bp)...
[M::mem_process_seqs] Processed 85656 reads in 12.039 CPU sec, 12.783 real sec
[M::process] read 85502 sequences (10000064 bp)...
[M::mem_process_seqs] Processed 85464 reads in 11.454 CPU sec, 11.959 real sec
[M::process] read 85040 sequences (10000024 bp)...
[M::mem_process_seqs] Processed 85502 reads in 11.578 CPU sec, 11.640 real sec
[M::process] read 85302 sequences (10000024 bp)...
[M::mem_process_seqs] Processed 85040 reads in 12.382 CPU sec, 12.882 real sec
[M::process] read 85806 sequences (10000158 bp)...
[M::mem_process_seqs] Processed 85302 reads in 11.368 CPU sec, 11.899 real sec
[M::process] read 85166 sequences (10000062 bp)...
[M::mem_process_seqs] Processed 85806 reads in 11.646 CPU sec, 11.677 real sec
[M::process] read 85974 sequences (10000096 bp)...
[M::mem_process_seqs] Processed 85166 reads in 11.262 CPU sec, 11.277 real sec
[M::process] read 83566 sequences (10000014 bp)...
[M::mem_process_seqs] Processed 85974 reads in 12.074 CPU sec, 12.630 real sec
[M::process] read 85526 sequences (10000238 bp)...
[M::mem_process_seqs] Processed 83566 reads in 10.981 CPU sec, 11.744 real sec
[M::process] read 85232 sequences (10000174 bp)...
[M::mem_process_seqs] Processed 85526 reads in 11.657 CPU sec, 12.812 real sec
[M::process] read 84916 sequences (10000022 bp)...
[M::mem_process_seqs] Processed 85232 reads in 11.316 CPU sec, 12.257 real sec
[M::process] read 85364 sequences (10000036 bp)...
[M::mem_process_seqs] Processed 84916 reads in 12.316 CPU sec, 13.167 real sec
[M::process] read 85528 sequences (10000071 bp)...
[M::mem_process_seqs] Processed 85364 reads in 11.373 CPU sec, 11.803 real sec
[M::process] read 85986 sequences (10000136 bp)...
[M::mem_process_seqs] Processed 85528 reads in 11.083 CPU sec, 11.614 real sec
[M::process] read 84888 sequences (10000094 bp)...
[M::mem_process_seqs] Processed 85986 reads in 11.745 CPU sec, 12.588 real sec
[M::process] read 85098 sequences (10000163 bp)...
[M::mem_process_seqs] Processed 84888 reads in 10.910 CPU sec, 11.016 real sec
[M::process] read 85508 sequences (10000258 bp)...
[M::mem_process_seqs] Processed 85098 reads in 11.884 CPU sec, 12.722 real sec
[M::process] read 85718 sequences (10000152 bp)...
[M::mem_process_seqs] Processed 85508 reads in 10.908 CPU sec, 11.524 real sec
[M::process] read 85624 sequences (10000044 bp)...
[M::mem_process_seqs] Processed 85718 reads in 11.959 CPU sec, 12.347 real sec
[M::process] read 85732 sequences (10000174 bp)...
[M::mem_process_seqs] Processed 85624 reads in 12.381 CPU sec, 12.845 real sec
[M::process] read 85410 sequences (10000101 bp)...
[M::mem_process_seqs] Processed 85732 reads in 10.975 CPU sec, 11.126 real sec
[M::process] read 78748 sequences (10000177 bp)...
[M::mem_process_seqs] Processed 85410 reads in 11.846 CPU sec, 12.269 real sec
[M::process] read 85466 sequences (10000065 bp)...
[M::mem_process_seqs] Processed 78748 reads in 11.967 CPU sec, 12.673 real sec
[M::process] read 85352 sequences (10000193 bp)...
[M::mem_process_seqs] Processed 85466 reads in 12.505 CPU sec, 13.177 real sec
[M::process] read 85648 sequences (10000010 bp)...
[M::mem_process_seqs] Processed 85352 reads in 12.877 CPU sec, 13.399 real sec
[M::process] read 85608 sequences (10000057 bp)...
[M::mem_process_seqs] Processed 85648 reads in 11.923 CPU sec, 12.475 real sec
[M::process] read 85550 sequences (10000075 bp)...
[M::mem_process_seqs] Processed 85608 reads in 11.266 CPU sec, 11.710 real sec
[M::process] read 85946 sequences (10000021 bp)...
[M::mem_process_seqs] Processed 85550 reads in 11.767 CPU sec, 12.286 real sec
[M::process] read 83530 sequences (10000293 bp)...
[M::mem_process_seqs] Processed 85946 reads in 11.173 CPU sec, 11.634 real sec
[M::process] read 85626 sequences (10000245 bp)...
[M::mem_process_seqs] Processed 83530 reads in 11.249 CPU sec, 11.456 real sec
[M::process] read 86020 sequences (10000108 bp)...
[M::mem_process_seqs] Processed 85626 reads in 11.750 CPU sec, 12.143 real sec
[M::process] read 85908 sequences (10000130 bp)...
[M::mem_process_seqs] Processed 86020 reads in 11.519 CPU sec, 11.638 real sec
[M::process] read 85828 sequences (10000210 bp)...
[M::mem_process_seqs] Processed 85908 reads in 11.280 CPU sec, 12.288 real sec
[M::process] read 85100 sequences (10000078 bp)...
[M::mem_process_seqs] Processed 85828 reads in 10.851 CPU sec, 11.632 real sec
[M::process] read 85468 sequences (10000041 bp)...
[M::mem_process_seqs] Processed 85100 reads in 10.562 CPU sec, 11.074 real sec
[M::process] read 85894 sequences (10000079 bp)...
[M::mem_process_seqs] Processed 85468 reads in 11.641 CPU sec, 12.161 real sec
[M::process] read 85080 sequences (10000072 bp)...
[M::mem_process_seqs] Processed 85894 reads in 11.768 CPU sec, 12.009 real sec
[M::process] read 85446 sequences (10000185 bp)...
[M::mem_process_seqs] Processed 85080 reads in 10.931 CPU sec, 11.484 real sec
[M::process] read 86110 sequences (10000160 bp)...
[M::mem_process_seqs] Processed 85446 reads in 12.386 CPU sec, 13.362 real sec
[M::process] read 84712 sequences (10000097 bp)...
[M::mem_process_seqs] Processed 86110 reads in 10.315 CPU sec, 10.448 real sec
[M::process] read 85324 sequences (10000081 bp)...
[M::mem_process_seqs] Processed 84712 reads in 17.131 CPU sec, 17.852 real sec
[M::process] read 85894 sequences (10000215 bp)...
[M::mem_process_seqs] Processed 85324 reads in 12.190 CPU sec, 12.796 real sec
[M::process] read 85612 sequences (10000074 bp)...
[M::mem_process_seqs] Processed 85894 reads in 11.235 CPU sec, 11.660 real sec
[M::process] read 84468 sequences (10000026 bp)...
[M::mem_process_seqs] Processed 85612 reads in 13.162 CPU sec, 13.789 real sec
[M::process] read 84638 sequences (10000034 bp)...
[M::mem_process_seqs] Processed 84468 reads in 10.621 CPU sec, 10.965 real sec
[M::process] read 81734 sequences (10000123 bp)...
[M::mem_process_seqs] Processed 84638 reads in 10.155 CPU sec, 10.511 real sec
[M::process] read 85666 sequences (10000182 bp)...
[M::mem_process_seqs] Processed 81734 reads in 12.266 CPU sec, 12.681 real sec
[M::process] read 85734 sequences (10000069 bp)...
[M::mem_process_seqs] Processed 85666 reads in 10.866 CPU sec, 11.319 real sec
[M::process] read 84998 sequences (10000216 bp)...
[M::mem_process_seqs] Processed 85734 reads in 10.549 CPU sec, 11.655 real sec
[M::process] read 85398 sequences (10000213 bp)...
[M::mem_process_seqs] Processed 84998 reads in 11.381 CPU sec, 12.148 real sec
[M::process] read 85968 sequences (10000013 bp)...
[M::mem_process_seqs] Processed 85398 reads in 11.386 CPU sec, 11.793 real sec
[M::process] read 85604 sequences (10000102 bp)...
[M::mem_process_seqs] Processed 85968 reads in 11.627 CPU sec, 12.057 real sec
[M::process] read 85000 sequences (10000152 bp)...
[M::mem_process_seqs] Processed 85604 reads in 11.899 CPU sec, 12.463 real sec
[M::process] read 85508 sequences (10000186 bp)...
[M::mem_process_seqs] Processed 85000 reads in 13.204 CPU sec, 14.455 real sec
[M::process] read 85592 sequences (10000145 bp)...
[M::mem_process_seqs] Processed 85508 reads in 10.947 CPU sec, 11.046 real sec
[M::process] read 85880 sequences (10000052 bp)...
[M::mem_process_seqs] Processed 85592 reads in 11.308 CPU sec, 11.981 real sec
[M::process] read 84920 sequences (10000157 bp)...
[M::mem_process_seqs] Processed 85880 reads in 11.522 CPU sec, 12.207 real sec
[M::process] read 85486 sequences (10000051 bp)...
[M::mem_process_seqs] Processed 84920 reads in 13.910 CPU sec, 14.612 real sec
[M::process] read 85364 sequences (10000178 bp)...
[M::mem_process_seqs] Processed 85486 reads in 11.227 CPU sec, 12.309 real sec
[M::process] read 85990 sequences (10000221 bp)...
[M::mem_process_seqs] Processed 85364 reads in 10.702 CPU sec, 11.271 real sec
[M::process] read 85468 sequences (10000058 bp)...
[M::mem_process_seqs] Processed 85990 reads in 11.017 CPU sec, 11.004 real sec
[M::process] read 85702 sequences (10000096 bp)...
[M::mem_process_seqs] Processed 85468 reads in 10.775 CPU sec, 11.490 real sec
[M::process] read 85838 sequences (10000211 bp)...
[M::mem_process_seqs] Processed 85702 reads in 11.225 CPU sec, 11.712 real sec
[M::process] read 84994 sequences (10000040 bp)...
[M::mem_process_seqs] Processed 85838 reads in 10.677 CPU sec, 10.883 real sec
[M::process] read 86142 sequences (10000204 bp)...
[M::mem_process_seqs] Processed 84994 reads in 10.682 CPU sec, 11.113 real sec
[M::process] read 85906 sequences (10000206 bp)...
[M::mem_process_seqs] Processed 86142 reads in 11.440 CPU sec, 11.629 real sec
[M::process] read 84848 sequences (10000100 bp)...
[M::mem_process_seqs] Processed 85906 reads in 11.335 CPU sec, 12.259 real sec
[M::process] read 85592 sequences (10000053 bp)...
[M::mem_process_seqs] Processed 84848 reads in 11.148 CPU sec, 11.326 real sec
[M::process] read 85978 sequences (10000058 bp)...
[M::mem_process_seqs] Processed 85592 reads in 10.890 CPU sec, 10.883 real sec
[M::process] read 18866 sequences (2317202 bp)...
[M::mem_process_seqs] Processed 85978 reads in 11.033 CPU sec, 10.972 real sec
[M::mem_process_seqs] Processed 18866 reads in 2.409 CPU sec, 2.359 real sec
[main] Version: 0.7.17-r1188
[main] CMD: bwa mem -L 5 -I 649.717,76.9433,1631,308 -t 1 -a -M -T 30 -A 1 -B 4 -O 6 -R @RG\tID:Gmi-AHam_014-GmA01014-L1-fp1-clmp-fp2-fqscrn-repr\tSM:Gmi-AHam_014-GmA01014-L1-fp1-clmp-fp2-fqscrn-repr\tPL:Illumina reference.rad.RAW-10-10.fasta Gmi-AHam_014-GmA01014-L1-fp1-clmp-fp2-fqscrn-repr.R1.fq.gz Gmi-AHam_014-GmA01014-L1-fp1-clmp-fp2-fqscrn-repr.R2.fq.gz
[main] Real time: 1481.822 sec; CPU: 1417.965 sec
