[M::main_mem] mean insert size: 649.717, stddev: 76.943, max: 1631, min: 308
[M::bwa_idx_load_from_disk] read 0 ALT contigs
[M::process] read 69792 sequences (10000294 bp)...
[M::process] read 69986 sequences (10000078 bp)...
[M::mem_process_seqs] Processed 69792 reads in 12.711 CPU sec, 12.770 real sec
[M::process] read 69930 sequences (10000264 bp)...
[M::mem_process_seqs] Processed 69986 reads in 14.269 CPU sec, 15.305 real sec
[M::process] read 69792 sequences (10000176 bp)...
[M::mem_process_seqs] Processed 69930 reads in 10.624 CPU sec, 10.918 real sec
[M::process] read 69658 sequences (10000106 bp)...
[M::mem_process_seqs] Processed 69792 reads in 16.224 CPU sec, 17.306 real sec
[M::process] read 70256 sequences (10000018 bp)...
[M::mem_process_seqs] Processed 69658 reads in 10.817 CPU sec, 11.415 real sec
[M::process] read 70354 sequences (10000276 bp)...
[M::mem_process_seqs] Processed 70256 reads in 10.760 CPU sec, 11.236 real sec
[M::process] read 70636 sequences (10000188 bp)...
[M::mem_process_seqs] Processed 70354 reads in 12.409 CPU sec, 13.069 real sec
[M::process] read 70002 sequences (10000269 bp)...
[M::mem_process_seqs] Processed 70636 reads in 14.168 CPU sec, 14.823 real sec
[M::process] read 69940 sequences (10000241 bp)...
[M::mem_process_seqs] Processed 70002 reads in 11.939 CPU sec, 13.033 real sec
[M::process] read 70286 sequences (10000234 bp)...
[M::mem_process_seqs] Processed 69940 reads in 11.128 CPU sec, 11.920 real sec
[M::process] read 69860 sequences (10000277 bp)...
[M::mem_process_seqs] Processed 70286 reads in 20.154 CPU sec, 21.047 real sec
[M::process] read 70030 sequences (10000189 bp)...
[M::mem_process_seqs] Processed 69860 reads in 12.981 CPU sec, 13.420 real sec
[M::process] read 69554 sequences (10000081 bp)...
[M::mem_process_seqs] Processed 70030 reads in 11.297 CPU sec, 11.963 real sec
[M::process] read 69932 sequences (10000140 bp)...
[M::mem_process_seqs] Processed 69554 reads in 10.555 CPU sec, 10.596 real sec
[M::process] read 70684 sequences (10000091 bp)...
[M::mem_process_seqs] Processed 69932 reads in 11.355 CPU sec, 11.563 real sec
[M::process] read 69790 sequences (10000274 bp)...
[M::mem_process_seqs] Processed 70684 reads in 11.428 CPU sec, 11.841 real sec
[M::process] read 69422 sequences (10000221 bp)...
[M::mem_process_seqs] Processed 69790 reads in 11.521 CPU sec, 11.683 real sec
[M::process] read 70204 sequences (10000260 bp)...
[M::mem_process_seqs] Processed 69422 reads in 15.636 CPU sec, 16.299 real sec
[M::process] read 70028 sequences (10000087 bp)...
[M::mem_process_seqs] Processed 70204 reads in 11.530 CPU sec, 12.140 real sec
[M::process] read 69654 sequences (10000122 bp)...
[M::mem_process_seqs] Processed 70028 reads in 11.886 CPU sec, 12.385 real sec
[M::process] read 71328 sequences (10000112 bp)...
[M::mem_process_seqs] Processed 69654 reads in 12.559 CPU sec, 13.154 real sec
[M::process] read 70100 sequences (10000029 bp)...
[M::mem_process_seqs] Processed 71328 reads in 7.114 CPU sec, 7.248 real sec
[M::process] read 69868 sequences (10000079 bp)...
[M::mem_process_seqs] Processed 70100 reads in 11.617 CPU sec, 11.980 real sec
[M::process] read 69998 sequences (10000096 bp)...
[M::mem_process_seqs] Processed 69868 reads in 11.597 CPU sec, 11.742 real sec
[M::process] read 70284 sequences (10000147 bp)...
[M::mem_process_seqs] Processed 69998 reads in 12.930 CPU sec, 13.369 real sec
[M::process] read 69996 sequences (10000178 bp)...
[M::mem_process_seqs] Processed 70284 reads in 12.259 CPU sec, 12.139 real sec
[M::process] read 70454 sequences (10000040 bp)...
[M::mem_process_seqs] Processed 69996 reads in 12.414 CPU sec, 12.335 real sec
[M::process] read 69922 sequences (10000129 bp)...
[M::mem_process_seqs] Processed 70454 reads in 11.480 CPU sec, 11.537 real sec
[M::process] read 68980 sequences (10000209 bp)...
[M::mem_process_seqs] Processed 69922 reads in 11.768 CPU sec, 11.520 real sec
[M::process] read 69952 sequences (10000045 bp)...
[M::mem_process_seqs] Processed 68980 reads in 12.315 CPU sec, 11.992 real sec
[M::process] read 70538 sequences (10000245 bp)...
[M::mem_process_seqs] Processed 69952 reads in 12.020 CPU sec, 11.729 real sec
[M::process] read 69586 sequences (10000067 bp)...
[M::mem_process_seqs] Processed 70538 reads in 10.500 CPU sec, 10.236 real sec
[M::process] read 69842 sequences (10000175 bp)...
[M::mem_process_seqs] Processed 69586 reads in 12.148 CPU sec, 11.796 real sec
[M::process] read 69832 sequences (10000025 bp)...
[M::mem_process_seqs] Processed 69842 reads in 11.904 CPU sec, 11.587 real sec
[M::process] read 69914 sequences (10000212 bp)...
[M::mem_process_seqs] Processed 69832 reads in 11.752 CPU sec, 11.466 real sec
[M::process] read 69828 sequences (10000001 bp)...
[M::mem_process_seqs] Processed 69914 reads in 11.527 CPU sec, 11.300 real sec
[M::process] read 70040 sequences (10000286 bp)...
[M::mem_process_seqs] Processed 69828 reads in 11.162 CPU sec, 10.962 real sec
[M::process] read 69982 sequences (10000228 bp)...
[M::mem_process_seqs] Processed 70040 reads in 11.232 CPU sec, 10.894 real sec
[M::process] read 69800 sequences (10000078 bp)...
[M::mem_process_seqs] Processed 69982 reads in 10.843 CPU sec, 10.511 real sec
[M::process] read 70402 sequences (10000199 bp)...
[M::mem_process_seqs] Processed 69800 reads in 12.456 CPU sec, 12.159 real sec
[M::process] read 70160 sequences (10000130 bp)...
[M::mem_process_seqs] Processed 70402 reads in 10.852 CPU sec, 10.559 real sec
[M::process] read 69134 sequences (10000184 bp)...
[M::mem_process_seqs] Processed 70160 reads in 12.077 CPU sec, 11.828 real sec
[M::process] read 69264 sequences (10000057 bp)...
[M::mem_process_seqs] Processed 69134 reads in 9.440 CPU sec, 9.163 real sec
[M::process] read 70170 sequences (10000191 bp)...
[M::mem_process_seqs] Processed 69264 reads in 6.645 CPU sec, 6.355 real sec
[M::process] read 69884 sequences (10000088 bp)...
[M::mem_process_seqs] Processed 70170 reads in 11.935 CPU sec, 11.609 real sec
[M::process] read 69878 sequences (10000271 bp)...
[M::mem_process_seqs] Processed 69884 reads in 12.212 CPU sec, 11.894 real sec
[M::process] read 69914 sequences (10000221 bp)...
[M::mem_process_seqs] Processed 69878 reads in 11.987 CPU sec, 11.623 real sec
[M::process] read 69812 sequences (10000135 bp)...
[M::mem_process_seqs] Processed 69914 reads in 12.399 CPU sec, 12.006 real sec
[M::process] read 70866 sequences (10000234 bp)...
[M::mem_process_seqs] Processed 69812 reads in 11.938 CPU sec, 11.573 real sec
[M::process] read 70218 sequences (10000053 bp)...
[M::mem_process_seqs] Processed 70866 reads in 11.806 CPU sec, 11.444 real sec
[M::process] read 70138 sequences (10000225 bp)...
[M::mem_process_seqs] Processed 70218 reads in 12.051 CPU sec, 11.682 real sec
[M::process] read 69716 sequences (10000030 bp)...
[M::mem_process_seqs] Processed 70138 reads in 11.569 CPU sec, 11.204 real sec
[M::process] read 70682 sequences (10000094 bp)...
[M::mem_process_seqs] Processed 69716 reads in 12.628 CPU sec, 12.321 real sec
[M::process] read 69430 sequences (10000197 bp)...
[M::mem_process_seqs] Processed 70682 reads in 9.943 CPU sec, 9.504 real sec
[M::process] read 70094 sequences (10000029 bp)...
[M::mem_process_seqs] Processed 69430 reads in 9.345 CPU sec, 9.010 real sec
[M::process] read 70038 sequences (10000024 bp)...
[M::mem_process_seqs] Processed 70094 reads in 11.704 CPU sec, 11.379 real sec
[M::process] read 69984 sequences (10000025 bp)...
[M::mem_process_seqs] Processed 70038 reads in 12.262 CPU sec, 11.903 real sec
[M::process] read 69946 sequences (10000274 bp)...
[M::mem_process_seqs] Processed 69984 reads in 11.551 CPU sec, 11.222 real sec
[M::process] read 70276 sequences (10000258 bp)...
[M::mem_process_seqs] Processed 69946 reads in 14.952 CPU sec, 14.581 real sec
[M::process] read 70172 sequences (10000100 bp)...
[M::mem_process_seqs] Processed 70276 reads in 12.231 CPU sec, 11.869 real sec
[M::process] read 69732 sequences (10000119 bp)...
[M::mem_process_seqs] Processed 70172 reads in 20.959 CPU sec, 20.604 real sec
[M::process] read 69560 sequences (10000202 bp)...
[M::mem_process_seqs] Processed 69732 reads in 16.556 CPU sec, 16.238 real sec
[M::process] read 69258 sequences (10000066 bp)...
[M::mem_process_seqs] Processed 69560 reads in 10.676 CPU sec, 10.289 real sec
[M::process] read 70054 sequences (10000189 bp)...
[M::mem_process_seqs] Processed 69258 reads in 13.138 CPU sec, 12.803 real sec
[M::process] read 69964 sequences (10000297 bp)...
[M::mem_process_seqs] Processed 70054 reads in 12.305 CPU sec, 11.920 real sec
[M::process] read 69726 sequences (10000172 bp)...
[M::mem_process_seqs] Processed 69964 reads in 11.421 CPU sec, 11.063 real sec
[M::process] read 69894 sequences (10000121 bp)...
[M::mem_process_seqs] Processed 69726 reads in 12.106 CPU sec, 11.737 real sec
[M::process] read 69746 sequences (10000132 bp)...
[M::mem_process_seqs] Processed 69894 reads in 11.667 CPU sec, 11.375 real sec
[M::process] read 70004 sequences (10000106 bp)...
[M::mem_process_seqs] Processed 69746 reads in 11.906 CPU sec, 11.537 real sec
[M::process] read 69578 sequences (10000059 bp)...
[M::mem_process_seqs] Processed 70004 reads in 11.863 CPU sec, 11.516 real sec
[M::process] read 69950 sequences (10000242 bp)...
[M::mem_process_seqs] Processed 69578 reads in 11.245 CPU sec, 10.856 real sec
[M::process] read 69990 sequences (10000192 bp)...
[M::mem_process_seqs] Processed 69950 reads in 10.782 CPU sec, 10.436 real sec
[M::process] read 69958 sequences (10000135 bp)...
[M::mem_process_seqs] Processed 69990 reads in 12.169 CPU sec, 11.804 real sec
[M::process] read 68930 sequences (10000083 bp)...
[M::mem_process_seqs] Processed 69958 reads in 10.970 CPU sec, 10.631 real sec
[M::process] read 67574 sequences (10000073 bp)...
[M::mem_process_seqs] Processed 68930 reads in 11.483 CPU sec, 11.131 real sec
[M::process] read 67730 sequences (10000165 bp)...
[M::mem_process_seqs] Processed 67574 reads in 10.841 CPU sec, 10.501 real sec
[M::process] read 67778 sequences (10000207 bp)...
[M::mem_process_seqs] Processed 67730 reads in 10.831 CPU sec, 10.483 real sec
[M::process] read 68076 sequences (10000174 bp)...
[M::mem_process_seqs] Processed 67778 reads in 10.732 CPU sec, 10.409 real sec
[M::process] read 67622 sequences (10000198 bp)...
[M::mem_process_seqs] Processed 68076 reads in 9.514 CPU sec, 9.164 real sec
[M::process] read 67670 sequences (10000114 bp)...
[M::mem_process_seqs] Processed 67622 reads in 6.250 CPU sec, 5.918 real sec
[M::process] read 67782 sequences (10000149 bp)...
[M::mem_process_seqs] Processed 67670 reads in 6.164 CPU sec, 5.859 real sec
[M::process] read 67940 sequences (10000051 bp)...
[M::mem_process_seqs] Processed 67782 reads in 6.115 CPU sec, 5.820 real sec
[M::process] read 68262 sequences (10000063 bp)...
[M::mem_process_seqs] Processed 67940 reads in 6.144 CPU sec, 5.834 real sec
[M::process] read 68186 sequences (10000191 bp)...
[M::mem_process_seqs] Processed 68262 reads in 6.278 CPU sec, 5.985 real sec
[M::process] read 67980 sequences (10000172 bp)...
[M::mem_process_seqs] Processed 68186 reads in 6.218 CPU sec, 5.910 real sec
[M::process] read 67872 sequences (10000172 bp)...
[M::mem_process_seqs] Processed 67980 reads in 6.137 CPU sec, 5.843 real sec
[M::process] read 68044 sequences (10000016 bp)...
[M::mem_process_seqs] Processed 67872 reads in 6.150 CPU sec, 5.839 real sec
[M::process] read 68220 sequences (10000126 bp)...
[M::mem_process_seqs] Processed 68044 reads in 6.151 CPU sec, 5.851 real sec
[M::process] read 68882 sequences (10000149 bp)...
[M::mem_process_seqs] Processed 68220 reads in 6.197 CPU sec, 5.856 real sec
[M::process] read 69994 sequences (10000260 bp)...
[M::mem_process_seqs] Processed 68882 reads in 6.188 CPU sec, 5.877 real sec
[M::process] read 69990 sequences (10000244 bp)...
[M::mem_process_seqs] Processed 69994 reads in 12.159 CPU sec, 11.822 real sec
[M::process] read 69646 sequences (10000244 bp)...
[M::mem_process_seqs] Processed 69990 reads in 11.748 CPU sec, 11.381 real sec
[M::process] read 70006 sequences (10000026 bp)...
[M::mem_process_seqs] Processed 69646 reads in 11.444 CPU sec, 11.071 real sec
[M::process] read 70322 sequences (10000070 bp)...
[M::mem_process_seqs] Processed 70006 reads in 13.203 CPU sec, 12.852 real sec
[M::process] read 70102 sequences (10000249 bp)...
[M::mem_process_seqs] Processed 70322 reads in 10.188 CPU sec, 9.821 real sec
[M::process] read 70246 sequences (10000209 bp)...
[M::mem_process_seqs] Processed 70102 reads in 11.840 CPU sec, 11.504 real sec
[M::process] read 69842 sequences (10000133 bp)...
[M::mem_process_seqs] Processed 70246 reads in 12.598 CPU sec, 12.237 real sec
[M::process] read 70304 sequences (10000150 bp)...
[M::mem_process_seqs] Processed 69842 reads in 13.240 CPU sec, 12.885 real sec
[M::process] read 69836 sequences (10000231 bp)...
[M::mem_process_seqs] Processed 70304 reads in 11.833 CPU sec, 11.411 real sec
[M::process] read 69798 sequences (10000181 bp)...
[M::mem_process_seqs] Processed 69836 reads in 11.385 CPU sec, 11.121 real sec
[M::process] read 68312 sequences (10000004 bp)...
[M::mem_process_seqs] Processed 69798 reads in 15.979 CPU sec, 15.658 real sec
[M::process] read 69806 sequences (10000102 bp)...
[M::mem_process_seqs] Processed 68312 reads in 7.804 CPU sec, 7.437 real sec
[M::process] read 68560 sequences (10000202 bp)...
[M::mem_process_seqs] Processed 69806 reads in 6.289 CPU sec, 5.974 real sec
[M::process] read 70682 sequences (10000257 bp)...
[M::mem_process_seqs] Processed 68560 reads in 6.480 CPU sec, 6.160 real sec
[M::process] read 69650 sequences (10000017 bp)...
[M::mem_process_seqs] Processed 70682 reads in 10.909 CPU sec, 10.571 real sec
[M::process] read 69804 sequences (10000138 bp)...
[M::mem_process_seqs] Processed 69650 reads in 11.486 CPU sec, 11.135 real sec
[M::process] read 69932 sequences (10000271 bp)...
[M::mem_process_seqs] Processed 69804 reads in 11.383 CPU sec, 11.024 real sec
[M::process] read 69390 sequences (10000055 bp)...
[M::mem_process_seqs] Processed 69932 reads in 10.958 CPU sec, 10.615 real sec
[M::process] read 69900 sequences (10000288 bp)...
[M::mem_process_seqs] Processed 69390 reads in 11.686 CPU sec, 11.303 real sec
[M::process] read 69934 sequences (10000263 bp)...
[M::mem_process_seqs] Processed 69900 reads in 11.321 CPU sec, 10.959 real sec
[M::process] read 71304 sequences (10000248 bp)...
[M::mem_process_seqs] Processed 69934 reads in 10.489 CPU sec, 10.193 real sec
[M::process] read 69108 sequences (10000212 bp)...
[M::mem_process_seqs] Processed 71304 reads in 10.793 CPU sec, 10.467 real sec
[M::process] read 69920 sequences (10000194 bp)...
[M::mem_process_seqs] Processed 69108 reads in 10.027 CPU sec, 9.666 real sec
[M::process] read 69058 sequences (10000108 bp)...
[M::mem_process_seqs] Processed 69920 reads in 12.068 CPU sec, 11.737 real sec
[M::process] read 69884 sequences (10000264 bp)...
[M::mem_process_seqs] Processed 69058 reads in 9.603 CPU sec, 9.230 real sec
[M::process] read 69794 sequences (10000256 bp)...
[M::mem_process_seqs] Processed 69884 reads in 9.755 CPU sec, 9.413 real sec
[M::process] read 70726 sequences (10000081 bp)...
[M::mem_process_seqs] Processed 69794 reads in 11.815 CPU sec, 11.450 real sec
[M::process] read 69826 sequences (10000229 bp)...
[M::mem_process_seqs] Processed 70726 reads in 10.341 CPU sec, 9.982 real sec
[M::process] read 69874 sequences (10000054 bp)...
[M::mem_process_seqs] Processed 69826 reads in 16.060 CPU sec, 15.692 real sec
[M::process] read 70096 sequences (10000071 bp)...
[M::mem_process_seqs] Processed 69874 reads in 11.851 CPU sec, 11.467 real sec
[M::process] read 69776 sequences (10000109 bp)...
[M::mem_process_seqs] Processed 70096 reads in 11.012 CPU sec, 10.639 real sec
[M::process] read 69836 sequences (10000252 bp)...
[M::mem_process_seqs] Processed 69776 reads in 13.427 CPU sec, 13.070 real sec
[M::process] read 69216 sequences (10000054 bp)...
[M::mem_process_seqs] Processed 69836 reads in 11.894 CPU sec, 11.517 real sec
[M::process] read 69810 sequences (10000101 bp)...
[M::mem_process_seqs] Processed 69216 reads in 10.228 CPU sec, 9.853 real sec
[M::process] read 69832 sequences (10000135 bp)...
[M::mem_process_seqs] Processed 69810 reads in 10.281 CPU sec, 9.922 real sec
[M::process] read 69764 sequences (10000128 bp)...
[M::mem_process_seqs] Processed 69832 reads in 13.023 CPU sec, 12.684 real sec
[M::process] read 69878 sequences (10000278 bp)...
[M::mem_process_seqs] Processed 69764 reads in 11.856 CPU sec, 11.484 real sec
[M::process] read 69188 sequences (10000087 bp)...
[M::mem_process_seqs] Processed 69878 reads in 11.275 CPU sec, 10.925 real sec
[M::process] read 67580 sequences (10000153 bp)...
[M::mem_process_seqs] Processed 69188 reads in 9.995 CPU sec, 9.649 real sec
[M::process] read 69792 sequences (10000038 bp)...
[M::mem_process_seqs] Processed 67580 reads in 6.313 CPU sec, 5.998 real sec
[M::process] read 68804 sequences (10000016 bp)...
[M::mem_process_seqs] Processed 69792 reads in 6.165 CPU sec, 5.850 real sec
[M::process] read 70030 sequences (10000264 bp)...
[M::mem_process_seqs] Processed 68804 reads in 6.404 CPU sec, 6.090 real sec
[M::process] read 69802 sequences (10000130 bp)...
[M::mem_process_seqs] Processed 70030 reads in 10.664 CPU sec, 10.334 real sec
[M::process] read 69896 sequences (10000256 bp)...
[M::mem_process_seqs] Processed 69802 reads in 12.026 CPU sec, 11.674 real sec
[M::process] read 70052 sequences (10000231 bp)...
[M::mem_process_seqs] Processed 69896 reads in 11.936 CPU sec, 11.554 real sec
[M::process] read 69622 sequences (10000283 bp)...
[M::mem_process_seqs] Processed 70052 reads in 11.483 CPU sec, 11.132 real sec
[M::process] read 69762 sequences (10000156 bp)...
[M::mem_process_seqs] Processed 69622 reads in 10.041 CPU sec, 9.678 real sec
[M::process] read 69686 sequences (10000018 bp)...
[M::mem_process_seqs] Processed 69762 reads in 8.486 CPU sec, 8.096 real sec
[M::process] read 69378 sequences (10000012 bp)...
[M::mem_process_seqs] Processed 69686 reads in 10.643 CPU sec, 10.292 real sec
[M::process] read 69816 sequences (10000234 bp)...
[M::mem_process_seqs] Processed 69378 reads in 9.328 CPU sec, 8.993 real sec
[M::process] read 69944 sequences (10000117 bp)...
[M::mem_process_seqs] Processed 69816 reads in 11.481 CPU sec, 11.125 real sec
[M::process] read 70092 sequences (10000081 bp)...
[M::mem_process_seqs] Processed 69944 reads in 11.022 CPU sec, 10.670 real sec
[M::process] read 69858 sequences (10000220 bp)...
[M::mem_process_seqs] Processed 70092 reads in 10.465 CPU sec, 10.095 real sec
[M::process] read 69682 sequences (10000082 bp)...
[M::mem_process_seqs] Processed 69858 reads in 11.196 CPU sec, 10.850 real sec
[M::process] read 69982 sequences (10000273 bp)...
[M::mem_process_seqs] Processed 69682 reads in 9.663 CPU sec, 9.261 real sec
[M::process] read 69960 sequences (10000088 bp)...
[M::mem_process_seqs] Processed 69982 reads in 10.832 CPU sec, 10.481 real sec
[M::process] read 69740 sequences (10000062 bp)...
[M::mem_process_seqs] Processed 69960 reads in 11.470 CPU sec, 11.112 real sec
[M::process] read 70038 sequences (10000030 bp)...
[M::mem_process_seqs] Processed 69740 reads in 13.881 CPU sec, 13.430 real sec
[M::process] read 69700 sequences (10000299 bp)...
[M::mem_process_seqs] Processed 70038 reads in 10.797 CPU sec, 10.409 real sec
[M::process] read 69712 sequences (10000042 bp)...
[M::mem_process_seqs] Processed 69700 reads in 10.473 CPU sec, 10.118 real sec
[M::process] read 69480 sequences (10000245 bp)...
[M::mem_process_seqs] Processed 69712 reads in 13.275 CPU sec, 12.922 real sec
[M::process] read 69990 sequences (10000234 bp)...
[M::mem_process_seqs] Processed 69480 reads in 10.563 CPU sec, 10.193 real sec
[M::process] read 70696 sequences (10000229 bp)...
[M::mem_process_seqs] Processed 69990 reads in 11.164 CPU sec, 10.803 real sec
[M::process] read 69706 sequences (10000207 bp)...
[M::mem_process_seqs] Processed 70696 reads in 11.290 CPU sec, 10.957 real sec
[M::process] read 69954 sequences (10000170 bp)...
[M::mem_process_seqs] Processed 69706 reads in 10.383 CPU sec, 10.007 real sec
[M::process] read 69978 sequences (10000043 bp)...
[M::mem_process_seqs] Processed 69954 reads in 11.224 CPU sec, 10.886 real sec
[M::process] read 70092 sequences (10000167 bp)...
[M::mem_process_seqs] Processed 69978 reads in 11.065 CPU sec, 10.699 real sec
[M::process] read 70134 sequences (10000251 bp)...
[M::mem_process_seqs] Processed 70092 reads in 11.060 CPU sec, 10.711 real sec
[M::process] read 69946 sequences (10000032 bp)...
[M::mem_process_seqs] Processed 70134 reads in 11.364 CPU sec, 10.992 real sec
[M::process] read 70088 sequences (10000234 bp)...
[M::mem_process_seqs] Processed 69946 reads in 11.698 CPU sec, 11.349 real sec
[M::process] read 69718 sequences (10000225 bp)...
[M::mem_process_seqs] Processed 70088 reads in 10.971 CPU sec, 10.604 real sec
[M::process] read 69840 sequences (10000193 bp)...
[M::mem_process_seqs] Processed 69718 reads in 12.379 CPU sec, 12.027 real sec
[M::process] read 69902 sequences (10000027 bp)...
[M::mem_process_seqs] Processed 69840 reads in 11.883 CPU sec, 11.500 real sec
[M::process] read 70290 sequences (10000001 bp)...
[M::mem_process_seqs] Processed 69902 reads in 10.942 CPU sec, 10.558 real sec
[M::process] read 69438 sequences (10000212 bp)...
[M::mem_process_seqs] Processed 70290 reads in 10.898 CPU sec, 10.534 real sec
[M::process] read 69730 sequences (10000062 bp)...
[M::mem_process_seqs] Processed 69438 reads in 11.425 CPU sec, 11.092 real sec
[M::process] read 70516 sequences (10000020 bp)...
[M::mem_process_seqs] Processed 69730 reads in 11.895 CPU sec, 11.522 real sec
[M::process] read 70256 sequences (10000076 bp)...
[M::mem_process_seqs] Processed 70516 reads in 10.738 CPU sec, 10.386 real sec
[M::process] read 69780 sequences (10000013 bp)...
[M::mem_process_seqs] Processed 70256 reads in 10.583 CPU sec, 10.215 real sec
[M::process] read 69604 sequences (10000012 bp)...
[M::mem_process_seqs] Processed 69780 reads in 12.077 CPU sec, 11.711 real sec
[M::process] read 70514 sequences (10000245 bp)...
[M::mem_process_seqs] Processed 69604 reads in 10.397 CPU sec, 10.010 real sec
[M::process] read 69524 sequences (10000170 bp)...
[M::mem_process_seqs] Processed 70514 reads in 11.629 CPU sec, 11.284 real sec
[M::process] read 70152 sequences (10000051 bp)...
[M::mem_process_seqs] Processed 69524 reads in 11.480 CPU sec, 11.090 real sec
[M::process] read 70068 sequences (10000239 bp)...
[M::mem_process_seqs] Processed 70152 reads in 10.534 CPU sec, 10.173 real sec
[M::process] read 69810 sequences (10000005 bp)...
[M::mem_process_seqs] Processed 70068 reads in 10.677 CPU sec, 10.290 real sec
[M::process] read 69928 sequences (10000060 bp)...
[M::mem_process_seqs] Processed 69810 reads in 11.377 CPU sec, 11.027 real sec
[M::process] read 72002 sequences (10000220 bp)...
[M::mem_process_seqs] Processed 69928 reads in 10.963 CPU sec, 10.595 real sec
[M::process] read 69998 sequences (10000263 bp)...
[M::mem_process_seqs] Processed 72002 reads in 11.326 CPU sec, 10.972 real sec
[M::process] read 69544 sequences (10000252 bp)...
[M::mem_process_seqs] Processed 69998 reads in 10.649 CPU sec, 10.280 real sec
[M::process] read 70534 sequences (10000207 bp)...
[M::mem_process_seqs] Processed 69544 reads in 13.388 CPU sec, 13.042 real sec
[M::process] read 70406 sequences (10000226 bp)...
[M::mem_process_seqs] Processed 70534 reads in 10.493 CPU sec, 10.122 real sec
[M::process] read 69828 sequences (10000189 bp)...
[M::mem_process_seqs] Processed 70406 reads in 10.134 CPU sec, 9.769 real sec
[M::process] read 70286 sequences (10000209 bp)...
[M::mem_process_seqs] Processed 69828 reads in 11.476 CPU sec, 11.103 real sec
[M::process] read 70136 sequences (10000071 bp)...
[M::mem_process_seqs] Processed 70286 reads in 10.437 CPU sec, 10.082 real sec
[M::process] read 69842 sequences (10000085 bp)...
[M::mem_process_seqs] Processed 70136 reads in 13.013 CPU sec, 12.651 real sec
[M::process] read 69892 sequences (10000199 bp)...
[M::mem_process_seqs] Processed 69842 reads in 11.752 CPU sec, 11.389 real sec
[M::process] read 69600 sequences (10000042 bp)...
[M::mem_process_seqs] Processed 69892 reads in 10.298 CPU sec, 9.927 real sec
[M::process] read 70326 sequences (10000246 bp)...
[M::mem_process_seqs] Processed 69600 reads in 9.437 CPU sec, 9.091 real sec
[M::process] read 70076 sequences (10000279 bp)...
[M::mem_process_seqs] Processed 70326 reads in 10.100 CPU sec, 9.740 real sec
[M::process] read 69900 sequences (10000292 bp)...
[M::mem_process_seqs] Processed 70076 reads in 15.254 CPU sec, 14.905 real sec
[M::process] read 69944 sequences (10000024 bp)...
[M::mem_process_seqs] Processed 69900 reads in 11.149 CPU sec, 10.745 real sec
[M::process] read 70000 sequences (10000064 bp)...
[M::mem_process_seqs] Processed 69944 reads in 11.820 CPU sec, 11.527 real sec
[M::process] read 69806 sequences (10000238 bp)...
[M::mem_process_seqs] Processed 70000 reads in 11.138 CPU sec, 10.760 real sec
[M::process] read 69582 sequences (10000287 bp)...
[M::mem_process_seqs] Processed 69806 reads in 11.249 CPU sec, 10.896 real sec
[M::process] read 67752 sequences (10000088 bp)...
[M::mem_process_seqs] Processed 69582 reads in 9.488 CPU sec, 9.148 real sec
[M::process] read 68084 sequences (10000078 bp)...
[M::mem_process_seqs] Processed 67752 reads in 6.040 CPU sec, 5.732 real sec
[M::process] read 67898 sequences (10000169 bp)...
[M::mem_process_seqs] Processed 68084 reads in 6.067 CPU sec, 5.755 real sec
[M::process] read 67998 sequences (10000018 bp)...
[M::mem_process_seqs] Processed 67898 reads in 6.071 CPU sec, 5.778 real sec
[M::process] read 67986 sequences (10000230 bp)...
[M::mem_process_seqs] Processed 67998 reads in 6.087 CPU sec, 5.768 real sec
[M::process] read 68462 sequences (10000295 bp)...
[M::mem_process_seqs] Processed 67986 reads in 6.032 CPU sec, 5.745 real sec
[M::process] read 68270 sequences (10000162 bp)...
[M::mem_process_seqs] Processed 68462 reads in 6.137 CPU sec, 5.828 real sec
[M::process] read 67740 sequences (10000293 bp)...
[M::mem_process_seqs] Processed 68270 reads in 6.120 CPU sec, 5.833 real sec
[M::process] read 68124 sequences (10000095 bp)...
[M::mem_process_seqs] Processed 67740 reads in 6.181 CPU sec, 5.866 real sec
[M::process] read 68364 sequences (10000079 bp)...
[M::mem_process_seqs] Processed 68124 reads in 5.969 CPU sec, 5.679 real sec
[M::process] read 68140 sequences (10000102 bp)...
[M::mem_process_seqs] Processed 68364 reads in 6.021 CPU sec, 5.705 real sec
[M::process] read 68412 sequences (10000062 bp)...
[M::mem_process_seqs] Processed 68140 reads in 6.002 CPU sec, 5.705 real sec
[M::process] read 68406 sequences (10000051 bp)...
[M::mem_process_seqs] Processed 68412 reads in 6.044 CPU sec, 5.733 real sec
[M::process] read 68664 sequences (10000272 bp)...
[M::mem_process_seqs] Processed 68406 reads in 6.087 CPU sec, 5.790 real sec
[M::process] read 69022 sequences (10000150 bp)...
[M::mem_process_seqs] Processed 68664 reads in 6.158 CPU sec, 5.828 real sec
[M::process] read 70156 sequences (10000198 bp)...
[M::mem_process_seqs] Processed 69022 reads in 6.188 CPU sec, 5.872 real sec
[M::process] read 70046 sequences (10000044 bp)...
[M::mem_process_seqs] Processed 70156 reads in 10.077 CPU sec, 9.741 real sec
[M::process] read 70000 sequences (10000136 bp)...
[M::mem_process_seqs] Processed 70046 reads in 11.273 CPU sec, 10.932 real sec
[M::process] read 69924 sequences (10000155 bp)...
[M::mem_process_seqs] Processed 70000 reads in 11.204 CPU sec, 10.836 real sec
[M::process] read 70082 sequences (10000101 bp)...
[M::mem_process_seqs] Processed 69924 reads in 12.055 CPU sec, 11.710 real sec
[M::process] read 69866 sequences (10000119 bp)...
[M::mem_process_seqs] Processed 70082 reads in 11.076 CPU sec, 10.689 real sec
[M::process] read 69876 sequences (10000031 bp)...
[M::mem_process_seqs] Processed 69866 reads in 10.377 CPU sec, 10.025 real sec
[M::process] read 69974 sequences (10000107 bp)...
[M::mem_process_seqs] Processed 69876 reads in 13.725 CPU sec, 13.371 real sec
[M::process] read 69922 sequences (10000084 bp)...
[M::mem_process_seqs] Processed 69974 reads in 10.685 CPU sec, 10.312 real sec
[M::process] read 69774 sequences (10000183 bp)...
[M::mem_process_seqs] Processed 69922 reads in 10.145 CPU sec, 9.781 real sec
[M::process] read 69686 sequences (10000100 bp)...
[M::mem_process_seqs] Processed 69774 reads in 12.270 CPU sec, 11.921 real sec
[M::process] read 70074 sequences (10000242 bp)...
[M::mem_process_seqs] Processed 69686 reads in 11.921 CPU sec, 11.543 real sec
[M::process] read 70022 sequences (10000131 bp)...
[M::mem_process_seqs] Processed 70074 reads in 11.142 CPU sec, 10.784 real sec
[M::process] read 69272 sequences (10000255 bp)...
[M::mem_process_seqs] Processed 70022 reads in 10.599 CPU sec, 10.227 real sec
[M::process] read 69948 sequences (10000161 bp)...
[M::mem_process_seqs] Processed 69272 reads in 10.532 CPU sec, 10.177 real sec
[M::process] read 70136 sequences (10000222 bp)...
[M::mem_process_seqs] Processed 69948 reads in 10.467 CPU sec, 10.094 real sec
[M::process] read 69926 sequences (10000072 bp)...
[M::mem_process_seqs] Processed 70136 reads in 10.547 CPU sec, 10.203 real sec
[M::process] read 69834 sequences (10000074 bp)...
[M::mem_process_seqs] Processed 69926 reads in 10.603 CPU sec, 10.225 real sec
[M::process] read 69800 sequences (10000257 bp)...
[M::mem_process_seqs] Processed 69834 reads in 10.658 CPU sec, 10.309 real sec
[M::process] read 69952 sequences (10000031 bp)...
[M::mem_process_seqs] Processed 69800 reads in 11.043 CPU sec, 10.722 real sec
[M::process] read 69764 sequences (10000166 bp)...
[M::mem_process_seqs] Processed 69952 reads in 10.431 CPU sec, 10.046 real sec
[M::process] read 70088 sequences (10000231 bp)...
[M::mem_process_seqs] Processed 69764 reads in 12.487 CPU sec, 12.107 real sec
[M::process] read 70442 sequences (10000063 bp)...
[M::mem_process_seqs] Processed 70088 reads in 11.542 CPU sec, 11.175 real sec
[M::process] read 69892 sequences (10000103 bp)...
[M::mem_process_seqs] Processed 70442 reads in 10.813 CPU sec, 10.453 real sec
[M::process] read 70044 sequences (10000050 bp)...
[M::mem_process_seqs] Processed 69892 reads in 12.642 CPU sec, 12.279 real sec
[M::process] read 69838 sequences (10000186 bp)...
[M::mem_process_seqs] Processed 70044 reads in 10.711 CPU sec, 10.315 real sec
[M::process] read 70096 sequences (10000219 bp)...
[M::mem_process_seqs] Processed 69838 reads in 8.544 CPU sec, 8.213 real sec
[M::process] read 69948 sequences (10000179 bp)...
[M::mem_process_seqs] Processed 70096 reads in 10.328 CPU sec, 9.984 real sec
[M::process] read 71552 sequences (10000196 bp)...
[M::mem_process_seqs] Processed 69948 reads in 9.884 CPU sec, 9.541 real sec
[M::process] read 69990 sequences (10000003 bp)...
[M::mem_process_seqs] Processed 71552 reads in 8.316 CPU sec, 7.962 real sec
[M::process] read 70140 sequences (10000029 bp)...
[M::mem_process_seqs] Processed 69990 reads in 11.169 CPU sec, 10.829 real sec
[M::process] read 69992 sequences (10000124 bp)...
[M::mem_process_seqs] Processed 70140 reads in 11.235 CPU sec, 10.866 real sec
[M::process] read 70048 sequences (10000023 bp)...
[M::mem_process_seqs] Processed 69992 reads in 9.885 CPU sec, 9.547 real sec
[M::process] read 69734 sequences (10000288 bp)...
[M::mem_process_seqs] Processed 70048 reads in 10.407 CPU sec, 10.037 real sec
[M::process] read 69764 sequences (10000153 bp)...
[M::mem_process_seqs] Processed 69734 reads in 12.479 CPU sec, 12.130 real sec
[M::process] read 69432 sequences (10000013 bp)...
[M::mem_process_seqs] Processed 69764 reads in 12.402 CPU sec, 12.030 real sec
[M::process] read 69808 sequences (10000260 bp)...
[M::mem_process_seqs] Processed 69432 reads in 9.250 CPU sec, 8.904 real sec
[M::process] read 70792 sequences (10000163 bp)...
[M::mem_process_seqs] Processed 69808 reads in 11.580 CPU sec, 11.219 real sec
[M::process] read 70414 sequences (10000136 bp)...
[M::mem_process_seqs] Processed 70792 reads in 10.781 CPU sec, 10.415 real sec
[M::process] read 70268 sequences (10000077 bp)...
[M::mem_process_seqs] Processed 70414 reads in 9.717 CPU sec, 9.354 real sec
[M::process] read 69862 sequences (10000034 bp)...
[M::mem_process_seqs] Processed 70268 reads in 11.189 CPU sec, 10.837 real sec
[M::process] read 70056 sequences (10000274 bp)...
[M::mem_process_seqs] Processed 69862 reads in 11.014 CPU sec, 10.636 real sec
[M::process] read 69940 sequences (10000096 bp)...
[M::mem_process_seqs] Processed 70056 reads in 10.220 CPU sec, 9.862 real sec
[M::process] read 68900 sequences (10000013 bp)...
[M::mem_process_seqs] Processed 69940 reads in 11.039 CPU sec, 10.677 real sec
[M::process] read 69792 sequences (10000031 bp)...
[M::mem_process_seqs] Processed 68900 reads in 8.726 CPU sec, 8.373 real sec
[M::process] read 69742 sequences (10000170 bp)...
[M::mem_process_seqs] Processed 69792 reads in 9.526 CPU sec, 9.173 real sec
[M::process] read 70260 sequences (10000052 bp)...
[M::mem_process_seqs] Processed 69742 reads in 9.738 CPU sec, 9.395 real sec
[M::process] read 69422 sequences (10000161 bp)...
[M::mem_process_seqs] Processed 70260 reads in 11.210 CPU sec, 10.845 real sec
[M::process] read 69980 sequences (10000222 bp)...
[M::mem_process_seqs] Processed 69422 reads in 14.997 CPU sec, 14.647 real sec
[M::process] read 70372 sequences (10000022 bp)...
[M::mem_process_seqs] Processed 69980 reads in 10.460 CPU sec, 10.060 real sec
[M::process] read 69818 sequences (10000230 bp)...
[M::mem_process_seqs] Processed 70372 reads in 11.459 CPU sec, 11.112 real sec
[M::process] read 70066 sequences (10000226 bp)...
[M::mem_process_seqs] Processed 69818 reads in 10.466 CPU sec, 10.094 real sec
[M::process] read 69812 sequences (10000072 bp)...
[M::mem_process_seqs] Processed 70066 reads in 10.835 CPU sec, 10.485 real sec
[M::process] read 70096 sequences (10000156 bp)...
[M::mem_process_seqs] Processed 69812 reads in 11.214 CPU sec, 10.819 real sec
[M::process] read 69862 sequences (10000054 bp)...
[M::mem_process_seqs] Processed 70096 reads in 11.075 CPU sec, 10.703 real sec
[M::process] read 69850 sequences (10000157 bp)...
[M::mem_process_seqs] Processed 69862 reads in 10.910 CPU sec, 10.527 real sec
[M::process] read 70076 sequences (10000216 bp)...
[M::mem_process_seqs] Processed 69850 reads in 14.363 CPU sec, 13.978 real sec
[M::process] read 69976 sequences (10000296 bp)...
[M::mem_process_seqs] Processed 70076 reads in 10.727 CPU sec, 10.312 real sec
[M::process] read 69956 sequences (10000261 bp)...
[M::mem_process_seqs] Processed 69976 reads in 10.130 CPU sec, 9.770 real sec
[M::process] read 70006 sequences (10000296 bp)...
[M::mem_process_seqs] Processed 69956 reads in 10.849 CPU sec, 10.478 real sec
[M::process] read 70082 sequences (10000173 bp)...
[M::mem_process_seqs] Processed 70006 reads in 10.049 CPU sec, 9.665 real sec
[M::process] read 69786 sequences (10000019 bp)...
[M::mem_process_seqs] Processed 70082 reads in 10.769 CPU sec, 10.407 real sec
[M::process] read 70020 sequences (10000294 bp)...
[M::mem_process_seqs] Processed 69786 reads in 10.257 CPU sec, 9.905 real sec
[M::process] read 69426 sequences (10000093 bp)...
[M::mem_process_seqs] Processed 70020 reads in 11.496 CPU sec, 11.118 real sec
[M::process] read 70062 sequences (10000284 bp)...
[M::mem_process_seqs] Processed 69426 reads in 10.283 CPU sec, 9.915 real sec
[M::process] read 68988 sequences (10000061 bp)...
[M::mem_process_seqs] Processed 70062 reads in 9.880 CPU sec, 9.498 real sec
[M::process] read 67454 sequences (10000162 bp)...
[M::mem_process_seqs] Processed 68988 reads in 9.369 CPU sec, 9.044 real sec
[M::process] read 67934 sequences (10000259 bp)...
[M::mem_process_seqs] Processed 67454 reads in 12.132 CPU sec, 11.797 real sec
[M::process] read 67750 sequences (10000044 bp)...
[M::mem_process_seqs] Processed 67934 reads in 13.690 CPU sec, 13.322 real sec
[M::process] read 68606 sequences (10000049 bp)...
[M::mem_process_seqs] Processed 67750 reads in 12.863 CPU sec, 12.494 real sec
[M::process] read 69828 sequences (10000063 bp)...
[M::mem_process_seqs] Processed 68606 reads in 11.190 CPU sec, 10.834 real sec
[M::process] read 70216 sequences (10000174 bp)...
[M::mem_process_seqs] Processed 69828 reads in 11.345 CPU sec, 10.916 real sec
[M::process] read 69766 sequences (10000047 bp)...
[M::mem_process_seqs] Processed 70216 reads in 11.546 CPU sec, 11.181 real sec
[M::process] read 70170 sequences (10000102 bp)...
[M::mem_process_seqs] Processed 69766 reads in 14.236 CPU sec, 13.860 real sec
[M::process] read 69850 sequences (10000287 bp)...
[M::mem_process_seqs] Processed 70170 reads in 10.810 CPU sec, 10.380 real sec
[M::process] read 70068 sequences (10000097 bp)...
[M::mem_process_seqs] Processed 69850 reads in 10.958 CPU sec, 10.574 real sec
[M::process] read 69978 sequences (10000017 bp)...
[M::mem_process_seqs] Processed 70068 reads in 12.631 CPU sec, 12.273 real sec
[M::process] read 70010 sequences (10000188 bp)...
[M::mem_process_seqs] Processed 69978 reads in 9.486 CPU sec, 9.056 real sec
[M::process] read 69758 sequences (10000134 bp)...
[M::mem_process_seqs] Processed 70010 reads in 11.695 CPU sec, 11.355 real sec
[M::process] read 69886 sequences (10000042 bp)...
[M::mem_process_seqs] Processed 69758 reads in 11.217 CPU sec, 10.838 real sec
[M::process] read 69914 sequences (10000091 bp)...
[M::mem_process_seqs] Processed 69886 reads in 10.240 CPU sec, 9.876 real sec
[M::process] read 69776 sequences (10000040 bp)...
[M::mem_process_seqs] Processed 69914 reads in 10.842 CPU sec, 10.474 real sec
[M::process] read 70166 sequences (10000216 bp)...
[M::mem_process_seqs] Processed 69776 reads in 10.067 CPU sec, 9.667 real sec
[M::process] read 69968 sequences (10000193 bp)...
[M::mem_process_seqs] Processed 70166 reads in 10.593 CPU sec, 10.214 real sec
[M::process] read 70038 sequences (10000146 bp)...
[M::mem_process_seqs] Processed 69968 reads in 11.115 CPU sec, 10.758 real sec
[M::process] read 69976 sequences (10000147 bp)...
[M::mem_process_seqs] Processed 70038 reads in 10.361 CPU sec, 9.992 real sec
[M::process] read 70014 sequences (10000231 bp)...
[M::mem_process_seqs] Processed 69976 reads in 9.086 CPU sec, 8.755 real sec
[M::process] read 69996 sequences (10000124 bp)...
[M::mem_process_seqs] Processed 70014 reads in 10.848 CPU sec, 10.477 real sec
[M::process] read 69904 sequences (10000213 bp)...
[M::mem_process_seqs] Processed 69996 reads in 11.171 CPU sec, 10.812 real sec
[M::process] read 70516 sequences (10000047 bp)...
[M::mem_process_seqs] Processed 69904 reads in 10.058 CPU sec, 9.708 real sec
[M::process] read 69542 sequences (10000242 bp)...
[M::mem_process_seqs] Processed 70516 reads in 10.549 CPU sec, 10.197 real sec
[M::process] read 69826 sequences (10000224 bp)...
[M::mem_process_seqs] Processed 69542 reads in 11.099 CPU sec, 10.738 real sec
[M::process] read 69670 sequences (10000054 bp)...
[M::mem_process_seqs] Processed 69826 reads in 10.216 CPU sec, 9.862 real sec
[M::process] read 69598 sequences (10000285 bp)...
[M::mem_process_seqs] Processed 69670 reads in 11.087 CPU sec, 10.718 real sec
[M::process] read 69918 sequences (10000266 bp)...
[M::mem_process_seqs] Processed 69598 reads in 15.046 CPU sec, 14.661 real sec
[M::process] read 70478 sequences (10000192 bp)...
[M::mem_process_seqs] Processed 69918 reads in 8.998 CPU sec, 8.537 real sec
[M::process] read 70392 sequences (10000020 bp)...
[M::mem_process_seqs] Processed 70478 reads in 10.026 CPU sec, 9.677 real sec
[M::process] read 70202 sequences (10000259 bp)...
[M::mem_process_seqs] Processed 70392 reads in 10.051 CPU sec, 9.685 real sec
[M::process] read 68162 sequences (10000143 bp)...
[M::mem_process_seqs] Processed 70202 reads in 11.005 CPU sec, 10.670 real sec
[M::process] read 68104 sequences (10000068 bp)...
[M::mem_process_seqs] Processed 68162 reads in 6.651 CPU sec, 6.308 real sec
[M::process] read 68142 sequences (10000137 bp)...
[M::mem_process_seqs] Processed 68104 reads in 6.166 CPU sec, 5.846 real sec
[M::process] read 68098 sequences (10000190 bp)...
[M::mem_process_seqs] Processed 68142 reads in 6.147 CPU sec, 5.811 real sec
[M::process] read 68052 sequences (10000289 bp)...
[M::mem_process_seqs] Processed 68098 reads in 6.047 CPU sec, 5.747 real sec
[M::process] read 69342 sequences (10000271 bp)...
[M::mem_process_seqs] Processed 68052 reads in 6.082 CPU sec, 5.723 real sec
[M::process] read 68208 sequences (10000009 bp)...
[M::mem_process_seqs] Processed 69342 reads in 6.132 CPU sec, 5.835 real sec
[M::process] read 68126 sequences (10000269 bp)...
[M::mem_process_seqs] Processed 68208 reads in 6.220 CPU sec, 5.887 real sec
[M::process] read 68114 sequences (10000093 bp)...
[M::mem_process_seqs] Processed 68126 reads in 6.027 CPU sec, 5.741 real sec
[M::process] read 68092 sequences (10000024 bp)...
[M::mem_process_seqs] Processed 68114 reads in 6.175 CPU sec, 5.841 real sec
[M::process] read 68580 sequences (10000081 bp)...
[M::mem_process_seqs] Processed 68092 reads in 6.002 CPU sec, 5.715 real sec
[M::process] read 69636 sequences (10000069 bp)...
[M::mem_process_seqs] Processed 68580 reads in 6.061 CPU sec, 5.721 real sec
[M::process] read 70290 sequences (10000111 bp)...
[M::mem_process_seqs] Processed 69636 reads in 7.377 CPU sec, 7.034 real sec
[M::process] read 69952 sequences (10000030 bp)...
[M::mem_process_seqs] Processed 70290 reads in 10.671 CPU sec, 10.311 real sec
[M::process] read 69852 sequences (10000138 bp)...
[M::mem_process_seqs] Processed 69952 reads in 11.334 CPU sec, 10.989 real sec
[M::process] read 70010 sequences (10000135 bp)...
[M::mem_process_seqs] Processed 69852 reads in 11.127 CPU sec, 10.733 real sec
[M::process] read 70006 sequences (10000123 bp)...
[M::mem_process_seqs] Processed 70010 reads in 10.214 CPU sec, 9.864 real sec
[M::process] read 70774 sequences (10000013 bp)...
[M::mem_process_seqs] Processed 70006 reads in 9.480 CPU sec, 9.119 real sec
[M::process] read 70280 sequences (10000178 bp)...
[M::mem_process_seqs] Processed 70774 reads in 10.697 CPU sec, 10.355 real sec
[M::process] read 70098 sequences (10000128 bp)...
[M::mem_process_seqs] Processed 70280 reads in 9.560 CPU sec, 9.174 real sec
[M::process] read 69752 sequences (10000139 bp)...
[M::mem_process_seqs] Processed 70098 reads in 9.615 CPU sec, 9.277 real sec
[M::process] read 69810 sequences (10000208 bp)...
[M::mem_process_seqs] Processed 69752 reads in 10.063 CPU sec, 9.679 real sec
[M::process] read 69546 sequences (10000244 bp)...
[M::mem_process_seqs] Processed 69810 reads in 11.215 CPU sec, 10.836 real sec
[M::process] read 69896 sequences (10000181 bp)...
[M::mem_process_seqs] Processed 69546 reads in 14.861 CPU sec, 14.491 real sec
[M::process] read 69930 sequences (10000277 bp)...
[M::mem_process_seqs] Processed 69896 reads in 11.060 CPU sec, 10.664 real sec
[M::process] read 69772 sequences (10000299 bp)...
[M::mem_process_seqs] Processed 69930 reads in 10.530 CPU sec, 10.162 real sec
[M::process] read 69764 sequences (10000245 bp)...
[M::mem_process_seqs] Processed 69772 reads in 10.610 CPU sec, 10.251 real sec
[M::process] read 69844 sequences (10000288 bp)...
[M::mem_process_seqs] Processed 69764 reads in 10.374 CPU sec, 10.007 real sec
[M::process] read 69076 sequences (10000057 bp)...
[M::mem_process_seqs] Processed 69844 reads in 9.828 CPU sec, 9.495 real sec
[M::process] read 70058 sequences (10000024 bp)...
[M::mem_process_seqs] Processed 69076 reads in 9.159 CPU sec, 8.774 real sec
[M::process] read 70232 sequences (10000279 bp)...
[M::mem_process_seqs] Processed 70058 reads in 11.870 CPU sec, 11.541 real sec
[M::process] read 69834 sequences (10000147 bp)...
[M::mem_process_seqs] Processed 70232 reads in 12.261 CPU sec, 11.891 real sec
[M::process] read 70042 sequences (10000180 bp)...
[M::mem_process_seqs] Processed 69834 reads in 9.906 CPU sec, 9.555 real sec
[M::process] read 70686 sequences (10000165 bp)...
[M::mem_process_seqs] Processed 70042 reads in 10.319 CPU sec, 9.958 real sec
[M::process] read 70048 sequences (10000067 bp)...
[M::mem_process_seqs] Processed 70686 reads in 11.938 CPU sec, 11.558 real sec
[M::process] read 70048 sequences (10000105 bp)...
[M::mem_process_seqs] Processed 70048 reads in 9.843 CPU sec, 9.469 real sec
[M::process] read 70222 sequences (10000041 bp)...
[M::mem_process_seqs] Processed 70048 reads in 9.886 CPU sec, 9.538 real sec
[M::process] read 69888 sequences (10000068 bp)...
[M::mem_process_seqs] Processed 70222 reads in 9.871 CPU sec, 9.504 real sec
[M::process] read 70018 sequences (10000063 bp)...
[M::mem_process_seqs] Processed 69888 reads in 21.465 CPU sec, 21.122 real sec
[M::process] read 70054 sequences (10000062 bp)...
[M::mem_process_seqs] Processed 70018 reads in 10.436 CPU sec, 9.951 real sec
[M::process] read 69762 sequences (10000241 bp)...
[M::mem_process_seqs] Processed 70054 reads in 13.033 CPU sec, 12.687 real sec
[M::process] read 69960 sequences (10000262 bp)...
[M::mem_process_seqs] Processed 69762 reads in 11.992 CPU sec, 11.591 real sec
[M::process] read 71454 sequences (10000261 bp)...
[M::mem_process_seqs] Processed 69960 reads in 11.513 CPU sec, 11.162 real sec
[M::process] read 69658 sequences (10000128 bp)...
[M::mem_process_seqs] Processed 71454 reads in 10.524 CPU sec, 10.153 real sec
[M::process] read 69986 sequences (10000121 bp)...
[M::mem_process_seqs] Processed 69658 reads in 11.143 CPU sec, 10.795 real sec
[M::process] read 69474 sequences (10000107 bp)...
[M::mem_process_seqs] Processed 69986 reads in 9.849 CPU sec, 9.486 real sec
[M::process] read 71206 sequences (10000067 bp)...
[M::mem_process_seqs] Processed 69474 reads in 10.841 CPU sec, 10.478 real sec
[M::process] read 69996 sequences (10000281 bp)...
[M::mem_process_seqs] Processed 71206 reads in 24.849 CPU sec, 24.473 real sec
[M::process] read 70028 sequences (10000141 bp)...
[M::mem_process_seqs] Processed 69996 reads in 12.382 CPU sec, 11.913 real sec
[M::process] read 69800 sequences (10000166 bp)...
[M::mem_process_seqs] Processed 70028 reads in 10.070 CPU sec, 9.688 real sec
[M::process] read 70058 sequences (10000292 bp)...
[M::mem_process_seqs] Processed 69800 reads in 10.557 CPU sec, 10.204 real sec
[M::process] read 69094 sequences (10000148 bp)...
[M::mem_process_seqs] Processed 70058 reads in 11.004 CPU sec, 10.640 real sec
[M::process] read 69096 sequences (10000036 bp)...
[M::mem_process_seqs] Processed 69094 reads in 9.214 CPU sec, 8.865 real sec
[M::process] read 69658 sequences (10000010 bp)...
[M::mem_process_seqs] Processed 69096 reads in 10.855 CPU sec, 10.511 real sec
[M::process] read 69730 sequences (10000103 bp)...
[M::mem_process_seqs] Processed 69658 reads in 11.384 CPU sec, 11.027 real sec
[M::process] read 69986 sequences (10000067 bp)...
[M::mem_process_seqs] Processed 69730 reads in 10.550 CPU sec, 10.174 real sec
[M::process] read 67860 sequences (10000034 bp)...
[M::mem_process_seqs] Processed 69986 reads in 10.134 CPU sec, 9.773 real sec
[M::process] read 68048 sequences (10000159 bp)...
[M::mem_process_seqs] Processed 67860 reads in 6.690 CPU sec, 6.335 real sec
[M::process] read 68164 sequences (10000025 bp)...
[M::mem_process_seqs] Processed 68048 reads in 6.081 CPU sec, 5.786 real sec
[M::process] read 70046 sequences (10000062 bp)...
[M::mem_process_seqs] Processed 68164 reads in 6.322 CPU sec, 5.988 real sec
[M::process] read 70516 sequences (10000154 bp)...
[M::mem_process_seqs] Processed 70046 reads in 10.485 CPU sec, 10.172 real sec
[M::process] read 69216 sequences (10000240 bp)...
[M::mem_process_seqs] Processed 70516 reads in 9.505 CPU sec, 9.160 real sec
[M::process] read 68050 sequences (10000149 bp)...
[M::mem_process_seqs] Processed 69216 reads in 12.644 CPU sec, 12.311 real sec
[M::process] read 67890 sequences (10000146 bp)...
[M::mem_process_seqs] Processed 68050 reads in 12.907 CPU sec, 12.556 real sec
[M::process] read 70568 sequences (10000286 bp)...
[M::mem_process_seqs] Processed 67890 reads in 13.645 CPU sec, 13.264 real sec
[M::process] read 69930 sequences (10000177 bp)...
[M::mem_process_seqs] Processed 70568 reads in 11.129 CPU sec, 10.761 real sec
[M::process] read 70130 sequences (10000230 bp)...
[M::mem_process_seqs] Processed 69930 reads in 10.500 CPU sec, 10.133 real sec
[M::process] read 69988 sequences (10000070 bp)...
[M::mem_process_seqs] Processed 70130 reads in 9.707 CPU sec, 9.342 real sec
[M::process] read 69792 sequences (10000093 bp)...
[M::mem_process_seqs] Processed 69988 reads in 9.845 CPU sec, 9.478 real sec
[M::process] read 69672 sequences (10000104 bp)...
[M::mem_process_seqs] Processed 69792 reads in 10.058 CPU sec, 9.703 real sec
[M::process] read 69976 sequences (10000225 bp)...
[M::mem_process_seqs] Processed 69672 reads in 9.937 CPU sec, 9.586 real sec
[M::process] read 70130 sequences (10000293 bp)...
[M::mem_process_seqs] Processed 69976 reads in 11.266 CPU sec, 10.857 real sec
[M::process] read 69978 sequences (10000009 bp)...
[M::mem_process_seqs] Processed 70130 reads in 9.716 CPU sec, 9.360 real sec
[M::process] read 69872 sequences (10000045 bp)...
[M::mem_process_seqs] Processed 69978 reads in 9.377 CPU sec, 9.017 real sec
[M::process] read 70176 sequences (10000017 bp)...
[M::mem_process_seqs] Processed 69872 reads in 10.741 CPU sec, 10.394 real sec
[M::process] read 69162 sequences (10000275 bp)...
[M::mem_process_seqs] Processed 70176 reads in 10.265 CPU sec, 9.902 real sec
[M::process] read 69946 sequences (10000235 bp)...
[M::mem_process_seqs] Processed 69162 reads in 7.362 CPU sec, 7.023 real sec
[M::process] read 69524 sequences (10000177 bp)...
[M::mem_process_seqs] Processed 69946 reads in 10.295 CPU sec, 9.944 real sec
[M::process] read 70038 sequences (10000129 bp)...
[M::mem_process_seqs] Processed 69524 reads in 10.433 CPU sec, 10.080 real sec
[M::process] read 69796 sequences (10000122 bp)...
[M::mem_process_seqs] Processed 70038 reads in 10.481 CPU sec, 10.117 real sec
[M::process] read 69988 sequences (10000143 bp)...
[M::mem_process_seqs] Processed 69796 reads in 11.741 CPU sec, 11.373 real sec
[M::process] read 69952 sequences (10000117 bp)...
[M::mem_process_seqs] Processed 69988 reads in 10.802 CPU sec, 10.409 real sec
[M::process] read 69734 sequences (10000132 bp)...
[M::mem_process_seqs] Processed 69952 reads in 11.256 CPU sec, 10.916 real sec
[M::process] read 69570 sequences (10000124 bp)...
[M::mem_process_seqs] Processed 69734 reads in 11.748 CPU sec, 11.368 real sec
[M::process] read 70002 sequences (10000191 bp)...
[M::mem_process_seqs] Processed 69570 reads in 13.341 CPU sec, 12.988 real sec
[M::process] read 69880 sequences (10000222 bp)...
[M::mem_process_seqs] Processed 70002 reads in 10.800 CPU sec, 10.434 real sec
[M::process] read 69982 sequences (10000224 bp)...
[M::mem_process_seqs] Processed 69880 reads in 9.721 CPU sec, 9.382 real sec
[M::process] read 69772 sequences (10000008 bp)...
[M::mem_process_seqs] Processed 69982 reads in 10.213 CPU sec, 9.822 real sec
[M::process] read 69780 sequences (10000253 bp)...
[M::mem_process_seqs] Processed 69772 reads in 10.559 CPU sec, 10.223 real sec
[M::process] read 70028 sequences (10000266 bp)...
[M::mem_process_seqs] Processed 69780 reads in 11.607 CPU sec, 11.230 real sec
[M::process] read 70054 sequences (10000001 bp)...
[M::mem_process_seqs] Processed 70028 reads in 13.273 CPU sec, 12.915 real sec
[M::process] read 69716 sequences (10000075 bp)...
[M::mem_process_seqs] Processed 70054 reads in 10.218 CPU sec, 9.836 real sec
[M::process] read 69834 sequences (10000106 bp)...
[M::mem_process_seqs] Processed 69716 reads in 10.205 CPU sec, 9.809 real sec
[M::process] read 70008 sequences (10000257 bp)...
[M::mem_process_seqs] Processed 69834 reads in 10.535 CPU sec, 10.168 real sec
[M::process] read 69914 sequences (10000149 bp)...
[M::mem_process_seqs] Processed 70008 reads in 10.312 CPU sec, 9.961 real sec
[M::process] read 69754 sequences (10000068 bp)...
[M::mem_process_seqs] Processed 69914 reads in 10.335 CPU sec, 9.976 real sec
[M::process] read 69986 sequences (10000214 bp)...
[M::mem_process_seqs] Processed 69754 reads in 10.684 CPU sec, 10.333 real sec
[M::process] read 69744 sequences (10000187 bp)...
[M::mem_process_seqs] Processed 69986 reads in 14.811 CPU sec, 14.451 real sec
[M::process] read 69962 sequences (10000072 bp)...
[M::mem_process_seqs] Processed 69744 reads in 12.176 CPU sec, 11.782 real sec
[M::process] read 70200 sequences (10000219 bp)...
[M::mem_process_seqs] Processed 69962 reads in 11.591 CPU sec, 11.203 real sec
[M::process] read 69936 sequences (10000190 bp)...
[M::mem_process_seqs] Processed 70200 reads in 10.666 CPU sec, 10.305 real sec
[M::process] read 70604 sequences (10000149 bp)...
[M::mem_process_seqs] Processed 69936 reads in 10.228 CPU sec, 9.873 real sec
[M::process] read 69936 sequences (10000144 bp)...
[M::mem_process_seqs] Processed 70604 reads in 9.479 CPU sec, 9.122 real sec
[M::process] read 70004 sequences (10000213 bp)...
[M::mem_process_seqs] Processed 69936 reads in 10.609 CPU sec, 10.237 real sec
[M::process] read 69940 sequences (10000070 bp)...
[M::mem_process_seqs] Processed 70004 reads in 9.792 CPU sec, 9.372 real sec
[M::process] read 69720 sequences (10000252 bp)...
[M::mem_process_seqs] Processed 69940 reads in 9.971 CPU sec, 9.615 real sec
[M::process] read 69892 sequences (10000109 bp)...
[M::mem_process_seqs] Processed 69720 reads in 12.508 CPU sec, 12.158 real sec
[M::process] read 70052 sequences (10000075 bp)...
[M::mem_process_seqs] Processed 69892 reads in 10.592 CPU sec, 10.172 real sec
[M::process] read 69698 sequences (10000091 bp)...
[M::mem_process_seqs] Processed 70052 reads in 10.162 CPU sec, 9.817 real sec
[M::process] read 70182 sequences (10000160 bp)...
[M::mem_process_seqs] Processed 69698 reads in 9.682 CPU sec, 9.314 real sec
[M::process] read 70162 sequences (10000006 bp)...
[M::mem_process_seqs] Processed 70182 reads in 9.404 CPU sec, 9.066 real sec
[M::process] read 69750 sequences (10000093 bp)...
[M::mem_process_seqs] Processed 70162 reads in 10.180 CPU sec, 9.824 real sec
[M::process] read 70012 sequences (10000087 bp)...
[M::mem_process_seqs] Processed 69750 reads in 9.750 CPU sec, 9.405 real sec
[M::process] read 70026 sequences (10000008 bp)...
[M::mem_process_seqs] Processed 70012 reads in 10.084 CPU sec, 9.708 real sec
[M::process] read 69900 sequences (10000225 bp)...
[M::mem_process_seqs] Processed 70026 reads in 10.637 CPU sec, 10.286 real sec
[M::process] read 69994 sequences (10000170 bp)...
[M::mem_process_seqs] Processed 69900 reads in 10.456 CPU sec, 10.084 real sec
[M::process] read 70080 sequences (10000025 bp)...
[M::mem_process_seqs] Processed 69994 reads in 10.291 CPU sec, 9.938 real sec
[M::process] read 69536 sequences (10000121 bp)...
[M::mem_process_seqs] Processed 70080 reads in 11.015 CPU sec, 10.613 real sec
[M::process] read 70642 sequences (10000202 bp)...
[M::mem_process_seqs] Processed 69536 reads in 9.813 CPU sec, 9.464 real sec
[M::process] read 69894 sequences (10000104 bp)...
[M::mem_process_seqs] Processed 70642 reads in 7.492 CPU sec, 7.135 real sec
[M::process] read 69914 sequences (10000206 bp)...
[M::mem_process_seqs] Processed 69894 reads in 10.578 CPU sec, 10.231 real sec
[M::process] read 71098 sequences (10000220 bp)...
[M::mem_process_seqs] Processed 69914 reads in 11.218 CPU sec, 10.838 real sec
[M::process] read 69788 sequences (10000149 bp)...
[M::mem_process_seqs] Processed 71098 reads in 10.335 CPU sec, 9.979 real sec
[M::process] read 69914 sequences (10000216 bp)...
[M::mem_process_seqs] Processed 69788 reads in 10.173 CPU sec, 9.786 real sec
[M::process] read 70334 sequences (10000074 bp)...
[M::mem_process_seqs] Processed 69914 reads in 9.921 CPU sec, 9.586 real sec
[M::process] read 69998 sequences (10000234 bp)...
[M::mem_process_seqs] Processed 70334 reads in 10.259 CPU sec, 9.880 real sec
[M::process] read 69284 sequences (10000154 bp)...
[M::mem_process_seqs] Processed 69998 reads in 9.781 CPU sec, 9.447 real sec
[M::process] read 70148 sequences (10000228 bp)...
[M::mem_process_seqs] Processed 69284 reads in 9.034 CPU sec, 8.682 real sec
[M::process] read 69476 sequences (10000293 bp)...
[M::mem_process_seqs] Processed 70148 reads in 6.497 CPU sec, 6.147 real sec
[M::process] read 70074 sequences (10000256 bp)...
[M::mem_process_seqs] Processed 69476 reads in 9.528 CPU sec, 9.184 real sec
[M::process] read 69792 sequences (10000277 bp)...
[M::mem_process_seqs] Processed 70074 reads in 10.633 CPU sec, 10.290 real sec
[M::process] read 68896 sequences (10000282 bp)...
[M::mem_process_seqs] Processed 69792 reads in 10.102 CPU sec, 9.724 real sec
[M::process] read 69370 sequences (10000073 bp)...
[M::mem_process_seqs] Processed 68896 reads in 8.364 CPU sec, 8.021 real sec
[M::process] read 69864 sequences (10000275 bp)...
[M::mem_process_seqs] Processed 69370 reads in 9.856 CPU sec, 9.490 real sec
[M::process] read 70762 sequences (10000246 bp)...
[M::mem_process_seqs] Processed 69864 reads in 10.236 CPU sec, 9.860 real sec
[M::process] read 69780 sequences (10000149 bp)...
[M::mem_process_seqs] Processed 70762 reads in 9.543 CPU sec, 9.177 real sec
[M::process] read 70068 sequences (10000115 bp)...
[M::mem_process_seqs] Processed 69780 reads in 9.557 CPU sec, 9.193 real sec
[M::process] read 30394 sequences (4468522 bp)...
[M::mem_process_seqs] Processed 70068 reads in 9.828 CPU sec, 9.585 real sec
[M::mem_process_seqs] Processed 30394 reads in 3.951 CPU sec, 3.797 real sec
[main] Version: 0.7.17-r1188
[main] CMD: bwa mem -L 5 -I 649.717,76.9433,1631,308 -t 1 -a -M -T 30 -A 1 -B 4 -O 6 -R @RG\tID:Gmi-CBat_077-GmC01077-L1-fp1-clmp-fp2-fqscrn-repr\tSM:Gmi-CBat_077-GmC01077-L1-fp1-clmp-fp2-fqscrn-repr\tPL:Illumina reference.rad.RAW-10-10.fasta Gmi-CBat_077-GmC01077-L1-fp1-clmp-fp2-fqscrn-repr.R1.fq.gz Gmi-CBat_077-GmC01077-L1-fp1-clmp-fp2-fqscrn-repr.R2.fq.gz
[main] Real time: 4619.863 sec; CPU: 4750.706 sec
