[M::main_mem] mean insert size: 649.717, stddev: 76.943, max: 1631, min: 308
[M::bwa_idx_load_from_disk] read 0 ALT contigs
[M::process] read 69750 sequences (10000181 bp)...
[M::process] read 70052 sequences (10000282 bp)...
[M::mem_process_seqs] Processed 69750 reads in 12.145 CPU sec, 12.558 real sec
[M::process] read 69878 sequences (10000094 bp)...
[M::mem_process_seqs] Processed 70052 reads in 12.225 CPU sec, 12.721 real sec
[M::process] read 69910 sequences (10000149 bp)...
[M::mem_process_seqs] Processed 69878 reads in 12.477 CPU sec, 13.186 real sec
[M::process] read 70336 sequences (10000169 bp)...
[M::mem_process_seqs] Processed 69910 reads in 12.080 CPU sec, 12.298 real sec
[M::process] read 69972 sequences (10000015 bp)...
[M::mem_process_seqs] Processed 70336 reads in 11.391 CPU sec, 11.701 real sec
[M::process] read 69884 sequences (10000119 bp)...
[M::mem_process_seqs] Processed 69972 reads in 12.016 CPU sec, 12.363 real sec
[M::process] read 70112 sequences (10000132 bp)...
[M::mem_process_seqs] Processed 69884 reads in 11.790 CPU sec, 11.947 real sec
[M::process] read 70556 sequences (10000255 bp)...
[M::mem_process_seqs] Processed 70112 reads in 11.018 CPU sec, 11.444 real sec
[M::process] read 71252 sequences (10000154 bp)...
[M::mem_process_seqs] Processed 70556 reads in 9.461 CPU sec, 9.893 real sec
[M::process] read 69620 sequences (10000236 bp)...
[M::mem_process_seqs] Processed 71252 reads in 8.255 CPU sec, 9.122 real sec
[M::process] read 70544 sequences (10000047 bp)...
[M::mem_process_seqs] Processed 69620 reads in 6.172 CPU sec, 6.329 real sec
[M::process] read 70016 sequences (10000178 bp)...
[M::mem_process_seqs] Processed 70544 reads in 11.691 CPU sec, 12.292 real sec
[M::process] read 70782 sequences (10000170 bp)...
[M::mem_process_seqs] Processed 70016 reads in 12.061 CPU sec, 12.746 real sec
[M::process] read 70068 sequences (10000137 bp)...
[M::mem_process_seqs] Processed 70782 reads in 8.167 CPU sec, 8.545 real sec
[M::process] read 69664 sequences (10000119 bp)...
[M::mem_process_seqs] Processed 70068 reads in 12.627 CPU sec, 13.686 real sec
[M::process] read 70136 sequences (10000294 bp)...
[M::mem_process_seqs] Processed 69664 reads in 13.775 CPU sec, 14.568 real sec
[M::process] read 67792 sequences (10000277 bp)...
[M::mem_process_seqs] Processed 70136 reads in 11.082 CPU sec, 11.311 real sec
[M::process] read 68300 sequences (10000186 bp)...
[M::mem_process_seqs] Processed 67792 reads in 6.080 CPU sec, 6.507 real sec
[M::process] read 69798 sequences (10000111 bp)...
[M::mem_process_seqs] Processed 68300 reads in 7.087 CPU sec, 7.436 real sec
[M::process] read 68194 sequences (10000069 bp)...
[M::mem_process_seqs] Processed 69798 reads in 12.166 CPU sec, 12.939 real sec
[M::process] read 69784 sequences (10000218 bp)...
[M::mem_process_seqs] Processed 68194 reads in 11.446 CPU sec, 11.987 real sec
[M::process] read 69938 sequences (10000026 bp)...
[M::mem_process_seqs] Processed 69784 reads in 11.810 CPU sec, 12.702 real sec
[M::process] read 69294 sequences (10000127 bp)...
[M::mem_process_seqs] Processed 69938 reads in 11.905 CPU sec, 12.808 real sec
[M::process] read 69710 sequences (10000235 bp)...
[M::mem_process_seqs] Processed 69294 reads in 9.611 CPU sec, 10.078 real sec
[M::process] read 69818 sequences (10000165 bp)...
[M::mem_process_seqs] Processed 69710 reads in 12.117 CPU sec, 12.538 real sec
[M::process] read 69862 sequences (10000139 bp)...
[M::mem_process_seqs] Processed 69818 reads in 11.511 CPU sec, 12.219 real sec
[M::process] read 69932 sequences (10000055 bp)...
[M::mem_process_seqs] Processed 69862 reads in 13.112 CPU sec, 13.675 real sec
[M::process] read 69160 sequences (10000098 bp)...
[M::mem_process_seqs] Processed 69932 reads in 12.890 CPU sec, 13.464 real sec
[M::process] read 69686 sequences (10000035 bp)...
[M::mem_process_seqs] Processed 69160 reads in 11.257 CPU sec, 11.793 real sec
[M::process] read 69870 sequences (10000045 bp)...
[M::mem_process_seqs] Processed 69686 reads in 10.146 CPU sec, 10.755 real sec
[M::process] read 69796 sequences (10000147 bp)...
[M::mem_process_seqs] Processed 69870 reads in 11.511 CPU sec, 11.744 real sec
[M::process] read 69916 sequences (10000112 bp)...
[M::mem_process_seqs] Processed 69796 reads in 11.686 CPU sec, 12.466 real sec
[M::process] read 70112 sequences (10000209 bp)...
[M::mem_process_seqs] Processed 69916 reads in 12.063 CPU sec, 12.191 real sec
[M::process] read 70134 sequences (10000010 bp)...
[M::mem_process_seqs] Processed 70112 reads in 12.185 CPU sec, 12.779 real sec
[M::process] read 69982 sequences (10000243 bp)...
[M::mem_process_seqs] Processed 70134 reads in 11.586 CPU sec, 12.066 real sec
[M::process] read 69566 sequences (10000072 bp)...
[M::mem_process_seqs] Processed 69982 reads in 11.470 CPU sec, 11.711 real sec
[M::process] read 69978 sequences (10000203 bp)...
[M::mem_process_seqs] Processed 69566 reads in 11.302 CPU sec, 11.621 real sec
[M::process] read 70144 sequences (10000064 bp)...
[M::mem_process_seqs] Processed 69978 reads in 11.917 CPU sec, 12.914 real sec
[M::process] read 70284 sequences (10000252 bp)...
[M::mem_process_seqs] Processed 70144 reads in 12.200 CPU sec, 12.767 real sec
[M::process] read 69762 sequences (10000013 bp)...
[M::mem_process_seqs] Processed 70284 reads in 12.068 CPU sec, 12.654 real sec
[M::process] read 67940 sequences (10000274 bp)...
[M::mem_process_seqs] Processed 69762 reads in 10.858 CPU sec, 11.594 real sec
[M::process] read 67974 sequences (10000086 bp)...
[M::mem_process_seqs] Processed 67940 reads in 6.224 CPU sec, 6.165 real sec
[M::process] read 69922 sequences (10000229 bp)...
[M::mem_process_seqs] Processed 67974 reads in 6.046 CPU sec, 6.129 real sec
[M::process] read 69846 sequences (10000234 bp)...
[M::mem_process_seqs] Processed 69922 reads in 10.397 CPU sec, 10.686 real sec
[M::process] read 70010 sequences (10000217 bp)...
[M::mem_process_seqs] Processed 69846 reads in 12.498 CPU sec, 12.822 real sec
[M::process] read 69890 sequences (10000051 bp)...
[M::mem_process_seqs] Processed 70010 reads in 12.042 CPU sec, 13.272 real sec
[M::process] read 69874 sequences (10000206 bp)...
[M::mem_process_seqs] Processed 69890 reads in 12.644 CPU sec, 13.319 real sec
[M::process] read 69674 sequences (10000224 bp)...
[M::mem_process_seqs] Processed 69874 reads in 12.179 CPU sec, 12.693 real sec
[M::process] read 70006 sequences (10000148 bp)...
[M::mem_process_seqs] Processed 69674 reads in 11.442 CPU sec, 11.665 real sec
[M::process] read 70264 sequences (10000117 bp)...
[M::mem_process_seqs] Processed 70006 reads in 10.988 CPU sec, 11.429 real sec
[M::process] read 70030 sequences (10000178 bp)...
[M::mem_process_seqs] Processed 70264 reads in 11.985 CPU sec, 12.402 real sec
[M::process] read 69768 sequences (10000167 bp)...
[M::mem_process_seqs] Processed 70030 reads in 11.410 CPU sec, 12.308 real sec
[M::process] read 70078 sequences (10000083 bp)...
[M::mem_process_seqs] Processed 69768 reads in 12.237 CPU sec, 12.835 real sec
[M::process] read 69734 sequences (10000124 bp)...
[M::mem_process_seqs] Processed 70078 reads in 11.539 CPU sec, 12.199 real sec
[M::process] read 70374 sequences (10000095 bp)...
[M::mem_process_seqs] Processed 69734 reads in 11.202 CPU sec, 11.701 real sec
[M::process] read 70000 sequences (10000018 bp)...
[M::mem_process_seqs] Processed 70374 reads in 12.061 CPU sec, 12.335 real sec
[M::process] read 69896 sequences (10000205 bp)...
[M::mem_process_seqs] Processed 70000 reads in 12.073 CPU sec, 12.173 real sec
[M::process] read 70138 sequences (10000267 bp)...
[M::mem_process_seqs] Processed 69896 reads in 12.541 CPU sec, 12.728 real sec
[M::process] read 68794 sequences (10000282 bp)...
[M::mem_process_seqs] Processed 70138 reads in 12.339 CPU sec, 12.584 real sec
[M::process] read 68998 sequences (10000141 bp)...
[M::mem_process_seqs] Processed 68794 reads in 11.895 CPU sec, 12.177 real sec
[M::process] read 69792 sequences (10000140 bp)...
[M::mem_process_seqs] Processed 68998 reads in 12.095 CPU sec, 12.169 real sec
[M::process] read 69892 sequences (10000062 bp)...
[M::mem_process_seqs] Processed 69792 reads in 13.322 CPU sec, 14.125 real sec
[M::process] read 69894 sequences (10000044 bp)...
[M::mem_process_seqs] Processed 69892 reads in 11.937 CPU sec, 12.302 real sec
[M::process] read 70140 sequences (10000299 bp)...
[M::mem_process_seqs] Processed 69894 reads in 11.346 CPU sec, 11.631 real sec
[M::process] read 68976 sequences (10000195 bp)...
[M::mem_process_seqs] Processed 70140 reads in 11.674 CPU sec, 11.875 real sec
[M::process] read 68180 sequences (10000279 bp)...
[M::mem_process_seqs] Processed 68976 reads in 7.587 CPU sec, 8.070 real sec
[M::process] read 69838 sequences (10000171 bp)...
[M::mem_process_seqs] Processed 68180 reads in 6.117 CPU sec, 6.112 real sec
[M::process] read 70256 sequences (10000177 bp)...
[M::mem_process_seqs] Processed 69838 reads in 11.252 CPU sec, 11.513 real sec
[M::process] read 70240 sequences (10000081 bp)...
[M::mem_process_seqs] Processed 70256 reads in 11.882 CPU sec, 11.723 real sec
[M::process] read 69840 sequences (10000247 bp)...
[M::mem_process_seqs] Processed 70240 reads in 11.587 CPU sec, 11.466 real sec
[M::process] read 69874 sequences (10000092 bp)...
[M::mem_process_seqs] Processed 69840 reads in 12.192 CPU sec, 12.436 real sec
[M::process] read 69786 sequences (10000066 bp)...
[M::mem_process_seqs] Processed 69874 reads in 11.821 CPU sec, 12.118 real sec
[M::process] read 70810 sequences (10000056 bp)...
[M::mem_process_seqs] Processed 69786 reads in 11.727 CPU sec, 11.574 real sec
[M::process] read 69936 sequences (10000140 bp)...
[M::mem_process_seqs] Processed 70810 reads in 11.025 CPU sec, 11.178 real sec
[M::process] read 70246 sequences (10000054 bp)...
[M::mem_process_seqs] Processed 69936 reads in 14.955 CPU sec, 15.194 real sec
[M::process] read 69614 sequences (10000164 bp)...
[M::mem_process_seqs] Processed 70246 reads in 13.413 CPU sec, 13.607 real sec
[M::process] read 69168 sequences (10000118 bp)...
[M::mem_process_seqs] Processed 69614 reads in 12.158 CPU sec, 12.451 real sec
[M::process] read 69592 sequences (10000000 bp)...
[M::mem_process_seqs] Processed 69168 reads in 10.108 CPU sec, 10.520 real sec
[M::process] read 69782 sequences (10000012 bp)...
[M::mem_process_seqs] Processed 69592 reads in 11.404 CPU sec, 11.410 real sec
[M::process] read 69996 sequences (10000210 bp)...
[M::mem_process_seqs] Processed 69782 reads in 12.471 CPU sec, 13.467 real sec
[M::process] read 69838 sequences (10000139 bp)...
[M::mem_process_seqs] Processed 69996 reads in 11.558 CPU sec, 12.028 real sec
[M::process] read 70036 sequences (10000255 bp)...
[M::mem_process_seqs] Processed 69838 reads in 10.879 CPU sec, 10.941 real sec
[M::process] read 69854 sequences (10000061 bp)...
[M::mem_process_seqs] Processed 70036 reads in 11.599 CPU sec, 11.868 real sec
[M::process] read 69920 sequences (10000043 bp)...
[M::mem_process_seqs] Processed 69854 reads in 12.419 CPU sec, 12.651 real sec
[M::process] read 69800 sequences (10000289 bp)...
[M::mem_process_seqs] Processed 69920 reads in 12.002 CPU sec, 12.493 real sec
[M::process] read 69744 sequences (10000231 bp)...
[M::mem_process_seqs] Processed 69800 reads in 11.596 CPU sec, 12.123 real sec
[M::process] read 69974 sequences (10000103 bp)...
[M::mem_process_seqs] Processed 69744 reads in 13.050 CPU sec, 13.540 real sec
[M::process] read 69814 sequences (10000058 bp)...
[M::mem_process_seqs] Processed 69974 reads in 11.693 CPU sec, 11.999 real sec
[M::process] read 69764 sequences (10000207 bp)...
[M::mem_process_seqs] Processed 69814 reads in 12.281 CPU sec, 12.353 real sec
[M::process] read 69924 sequences (10000101 bp)...
[M::mem_process_seqs] Processed 69764 reads in 11.152 CPU sec, 11.247 real sec
[M::process] read 70182 sequences (10000278 bp)...
[M::mem_process_seqs] Processed 69924 reads in 11.518 CPU sec, 11.768 real sec
[M::process] read 69916 sequences (10000023 bp)...
[M::mem_process_seqs] Processed 70182 reads in 11.811 CPU sec, 12.164 real sec
[M::process] read 69660 sequences (10000077 bp)...
[M::mem_process_seqs] Processed 69916 reads in 10.613 CPU sec, 10.884 real sec
[M::process] read 69628 sequences (10000062 bp)...
[M::mem_process_seqs] Processed 69660 reads in 11.035 CPU sec, 11.103 real sec
[M::process] read 328 sequences (47780 bp)...
[M::mem_process_seqs] Processed 69628 reads in 11.234 CPU sec, 11.742 real sec
[M::mem_process_seqs] Processed 328 reads in 0.065 CPU sec, 0.111 real sec
[main] Version: 0.7.17-r1188
[main] CMD: bwa mem -L 5 -I 649.717,76.9433,1631,308 -t 1 -a -M -T 30 -A 1 -B 4 -O 6 -R @RG\tID:Gmi-CBat_014-GmC01014-L1-fp1-clmp-fp2-fqscrn-repr\tSM:Gmi-CBat_014-GmC01014-L1-fp1-clmp-fp2-fqscrn-repr\tPL:Illumina reference.rad.RAW-10-10.fasta Gmi-CBat_014-GmC01014-L1-fp1-clmp-fp2-fqscrn-repr.R1.fq.gz Gmi-CBat_014-GmC01014-L1-fp1-clmp-fp2-fqscrn-repr.R2.fq.gz
[main] Real time: 1120.820 sec; CPU: 1077.101 sec
