[M::main_mem] mean insert size: 649.717, stddev: 76.943, max: 1631, min: 308
[M::bwa_idx_load_from_disk] read 0 ALT contigs
[M::process] read 79538 sequences (10000120 bp)...
[M::process] read 79948 sequences (10000250 bp)...
[M::mem_process_seqs] Processed 79538 reads in 9.284 CPU sec, 9.921 real sec
[M::process] read 78990 sequences (10000061 bp)...
[M::mem_process_seqs] Processed 79948 reads in 9.463 CPU sec, 10.357 real sec
[M::process] read 77650 sequences (10000087 bp)...
[M::mem_process_seqs] Processed 78990 reads in 8.826 CPU sec, 9.488 real sec
[M::process] read 77552 sequences (10000152 bp)...
[M::mem_process_seqs] Processed 77650 reads in 8.507 CPU sec, 9.039 real sec
[M::process] read 84202 sequences (10000152 bp)...
[M::mem_process_seqs] Processed 77552 reads in 6.332 CPU sec, 6.571 real sec
[M::process] read 74764 sequences (10000126 bp)...
[M::mem_process_seqs] Processed 84202 reads in 6.128 CPU sec, 6.699 real sec
[M::process] read 85864 sequences (10000104 bp)...
[M::mem_process_seqs] Processed 74764 reads in 6.156 CPU sec, 6.239 real sec
[M::process] read 77412 sequences (10000098 bp)...
[M::mem_process_seqs] Processed 85864 reads in 6.479 CPU sec, 6.775 real sec
[M::process] read 78388 sequences (10000134 bp)...
[M::mem_process_seqs] Processed 77412 reads in 9.071 CPU sec, 10.078 real sec
[M::process] read 78034 sequences (10000287 bp)...
[M::mem_process_seqs] Processed 78388 reads in 8.491 CPU sec, 8.923 real sec
[M::process] read 79202 sequences (10000082 bp)...
[M::mem_process_seqs] Processed 78034 reads in 7.836 CPU sec, 8.327 real sec
[M::process] read 79156 sequences (10000099 bp)...
[M::mem_process_seqs] Processed 79202 reads in 7.938 CPU sec, 8.123 real sec
[M::process] read 74796 sequences (10000021 bp)...
[M::mem_process_seqs] Processed 79156 reads in 8.825 CPU sec, 9.621 real sec
[M::process] read 73622 sequences (10000005 bp)...
[M::mem_process_seqs] Processed 74796 reads in 7.245 CPU sec, 7.847 real sec
[M::process] read 73864 sequences (10000001 bp)...
[M::mem_process_seqs] Processed 73622 reads in 5.981 CPU sec, 6.150 real sec
[M::process] read 77708 sequences (10000192 bp)...
[M::mem_process_seqs] Processed 73864 reads in 5.943 CPU sec, 7.063 real sec
[M::process] read 77788 sequences (10000104 bp)...
[M::mem_process_seqs] Processed 77708 reads in 7.234 CPU sec, 7.581 real sec
[M::process] read 77802 sequences (10000211 bp)...
[M::mem_process_seqs] Processed 77788 reads in 8.212 CPU sec, 8.152 real sec
[M::process] read 74184 sequences (10000189 bp)...
[M::mem_process_seqs] Processed 77802 reads in 8.160 CPU sec, 8.635 real sec
[M::process] read 75962 sequences (10000145 bp)...
[M::mem_process_seqs] Processed 74184 reads in 6.883 CPU sec, 7.138 real sec
[M::process] read 81588 sequences (10000140 bp)...
[M::mem_process_seqs] Processed 75962 reads in 7.330 CPU sec, 7.624 real sec
[M::process] read 78088 sequences (10000211 bp)...
[M::mem_process_seqs] Processed 81588 reads in 7.814 CPU sec, 8.364 real sec
[M::process] read 79752 sequences (10000017 bp)...
[M::mem_process_seqs] Processed 78088 reads in 8.511 CPU sec, 8.978 real sec
[M::process] read 80632 sequences (10000133 bp)...
[M::mem_process_seqs] Processed 79752 reads in 8.303 CPU sec, 8.680 real sec
[M::process] read 79634 sequences (10000118 bp)...
[M::mem_process_seqs] Processed 80632 reads in 8.579 CPU sec, 9.025 real sec
[M::process] read 77908 sequences (10000245 bp)...
[M::mem_process_seqs] Processed 79634 reads in 7.322 CPU sec, 7.528 real sec
[M::process] read 77554 sequences (10000225 bp)...
[M::mem_process_seqs] Processed 77908 reads in 7.107 CPU sec, 8.234 real sec
[M::process] read 82224 sequences (10000139 bp)...
[M::mem_process_seqs] Processed 77554 reads in 8.334 CPU sec, 8.535 real sec
[M::process] read 75198 sequences (10000262 bp)...
[M::mem_process_seqs] Processed 82224 reads in 8.105 CPU sec, 8.719 real sec
[M::process] read 72724 sequences (10000132 bp)...
[M::mem_process_seqs] Processed 75198 reads in 7.626 CPU sec, 8.242 real sec
[M::process] read 71756 sequences (10000128 bp)...
[M::mem_process_seqs] Processed 72724 reads in 5.974 CPU sec, 6.372 real sec
[M::process] read 69628 sequences (10000106 bp)...
[M::mem_process_seqs] Processed 71756 reads in 5.907 CPU sec, 6.358 real sec
[M::process] read 74240 sequences (10000104 bp)...
[M::mem_process_seqs] Processed 69628 reads in 6.046 CPU sec, 6.140 real sec
[M::process] read 70490 sequences (10000248 bp)...
[M::mem_process_seqs] Processed 74240 reads in 5.953 CPU sec, 6.178 real sec
[M::process] read 70666 sequences (10000043 bp)...
[M::mem_process_seqs] Processed 70490 reads in 6.064 CPU sec, 6.129 real sec
[M::process] read 69802 sequences (10000072 bp)...
[M::mem_process_seqs] Processed 70666 reads in 5.976 CPU sec, 6.456 real sec
[M::process] read 70956 sequences (10000210 bp)...
[M::mem_process_seqs] Processed 69802 reads in 6.025 CPU sec, 6.071 real sec
[M::process] read 74514 sequences (10000159 bp)...
[M::mem_process_seqs] Processed 70956 reads in 6.052 CPU sec, 6.161 real sec
[M::process] read 78418 sequences (10000149 bp)...
[M::mem_process_seqs] Processed 74514 reads in 6.862 CPU sec, 7.541 real sec
[M::process] read 79802 sequences (10000138 bp)...
[M::mem_process_seqs] Processed 78418 reads in 8.809 CPU sec, 9.327 real sec
[M::process] read 79168 sequences (10000174 bp)...
[M::mem_process_seqs] Processed 79802 reads in 8.650 CPU sec, 9.064 real sec
[M::process] read 80052 sequences (10000000 bp)...
[M::mem_process_seqs] Processed 79168 reads in 8.877 CPU sec, 9.208 real sec
[M::process] read 79728 sequences (10000173 bp)...
[M::mem_process_seqs] Processed 80052 reads in 9.266 CPU sec, 9.813 real sec
[M::process] read 81856 sequences (10000053 bp)...
[M::mem_process_seqs] Processed 79728 reads in 8.922 CPU sec, 9.409 real sec
[M::process] read 78628 sequences (10000008 bp)...
[M::mem_process_seqs] Processed 81856 reads in 8.126 CPU sec, 8.353 real sec
[M::process] read 80290 sequences (10000220 bp)...
[M::mem_process_seqs] Processed 78628 reads in 8.387 CPU sec, 8.565 real sec
[M::process] read 79190 sequences (10000135 bp)...
[M::mem_process_seqs] Processed 80290 reads in 11.098 CPU sec, 11.828 real sec
[M::process] read 76596 sequences (10000129 bp)...
[M::mem_process_seqs] Processed 79190 reads in 8.644 CPU sec, 8.771 real sec
[M::process] read 77616 sequences (10000004 bp)...
[M::mem_process_seqs] Processed 76596 reads in 7.907 CPU sec, 8.445 real sec
[M::process] read 78788 sequences (10000118 bp)...
[M::mem_process_seqs] Processed 77616 reads in 8.429 CPU sec, 8.750 real sec
[M::process] read 80398 sequences (10000218 bp)...
[M::mem_process_seqs] Processed 78788 reads in 8.435 CPU sec, 8.787 real sec
[M::process] read 78422 sequences (10000029 bp)...
[M::mem_process_seqs] Processed 80398 reads in 9.441 CPU sec, 10.047 real sec
[M::process] read 73604 sequences (10000092 bp)...
[M::mem_process_seqs] Processed 78422 reads in 8.212 CPU sec, 8.701 real sec
[M::process] read 78470 sequences (10000297 bp)...
[M::mem_process_seqs] Processed 73604 reads in 6.396 CPU sec, 6.815 real sec
[M::process] read 78082 sequences (10000013 bp)...
[M::mem_process_seqs] Processed 78470 reads in 7.842 CPU sec, 8.229 real sec
[M::process] read 81240 sequences (10000114 bp)...
[M::mem_process_seqs] Processed 78082 reads in 8.610 CPU sec, 8.784 real sec
[M::process] read 77112 sequences (10000197 bp)...
[M::mem_process_seqs] Processed 81240 reads in 9.134 CPU sec, 9.888 real sec
[M::process] read 70082 sequences (10000236 bp)...
[M::mem_process_seqs] Processed 77112 reads in 7.913 CPU sec, 8.550 real sec
[M::process] read 72462 sequences (10000057 bp)...
[M::mem_process_seqs] Processed 70082 reads in 6.300 CPU sec, 6.534 real sec
[M::process] read 73126 sequences (10000007 bp)...
[M::mem_process_seqs] Processed 72462 reads in 6.050 CPU sec, 6.026 real sec
[M::process] read 73508 sequences (10000197 bp)...
[M::mem_process_seqs] Processed 73126 reads in 6.054 CPU sec, 6.557 real sec
[M::process] read 74590 sequences (10000099 bp)...
[M::mem_process_seqs] Processed 73508 reads in 6.109 CPU sec, 6.397 real sec
[M::process] read 72862 sequences (10000104 bp)...
[M::mem_process_seqs] Processed 74590 reads in 5.987 CPU sec, 6.233 real sec
[M::process] read 67696 sequences (10000198 bp)...
[M::mem_process_seqs] Processed 72862 reads in 6.003 CPU sec, 6.250 real sec
[M::process] read 68838 sequences (10000153 bp)...
[M::mem_process_seqs] Processed 67696 reads in 6.054 CPU sec, 6.361 real sec
[M::process] read 70826 sequences (10000193 bp)...
[M::mem_process_seqs] Processed 68838 reads in 5.990 CPU sec, 6.073 real sec
[M::process] read 71834 sequences (10000203 bp)...
[M::mem_process_seqs] Processed 70826 reads in 6.048 CPU sec, 6.472 real sec
[M::process] read 75136 sequences (10000108 bp)...
[M::mem_process_seqs] Processed 71834 reads in 6.007 CPU sec, 6.501 real sec
[M::process] read 78962 sequences (10000139 bp)...
[M::mem_process_seqs] Processed 75136 reads in 6.031 CPU sec, 6.515 real sec
[M::process] read 81092 sequences (10000066 bp)...
[M::mem_process_seqs] Processed 78962 reads in 6.064 CPU sec, 6.338 real sec
[M::process] read 76324 sequences (10000252 bp)...
[M::mem_process_seqs] Processed 81092 reads in 8.338 CPU sec, 9.080 real sec
[M::process] read 75244 sequences (10000164 bp)...
[M::mem_process_seqs] Processed 76324 reads in 7.726 CPU sec, 8.154 real sec
[M::process] read 79398 sequences (10000036 bp)...
[M::mem_process_seqs] Processed 75244 reads in 6.206 CPU sec, 6.131 real sec
[M::process] read 76770 sequences (10000123 bp)...
[M::mem_process_seqs] Processed 79398 reads in 7.838 CPU sec, 8.039 real sec
[M::process] read 77062 sequences (10000163 bp)...
[M::mem_process_seqs] Processed 76770 reads in 6.577 CPU sec, 7.172 real sec
[M::process] read 78222 sequences (10000112 bp)...
[M::mem_process_seqs] Processed 77062 reads in 6.079 CPU sec, 6.783 real sec
[M::process] read 69680 sequences (10000236 bp)...
[M::mem_process_seqs] Processed 78222 reads in 6.135 CPU sec, 6.247 real sec
[M::process] read 72418 sequences (10000175 bp)...
[M::mem_process_seqs] Processed 69680 reads in 5.877 CPU sec, 6.405 real sec
[M::process] read 74078 sequences (10000295 bp)...
[M::mem_process_seqs] Processed 72418 reads in 5.889 CPU sec, 6.298 real sec
[M::process] read 71468 sequences (10000221 bp)...
[M::mem_process_seqs] Processed 74078 reads in 5.872 CPU sec, 6.039 real sec
[M::process] read 71316 sequences (10000096 bp)...
[M::mem_process_seqs] Processed 71468 reads in 5.925 CPU sec, 6.667 real sec
[M::process] read 72908 sequences (10000278 bp)...
[M::mem_process_seqs] Processed 71316 reads in 5.860 CPU sec, 6.355 real sec
[M::process] read 74504 sequences (10000107 bp)...
[M::mem_process_seqs] Processed 72908 reads in 5.952 CPU sec, 6.064 real sec
[M::process] read 76188 sequences (10000248 bp)...
[M::mem_process_seqs] Processed 74504 reads in 5.948 CPU sec, 5.921 real sec
[M::process] read 79346 sequences (10000224 bp)...
[M::mem_process_seqs] Processed 76188 reads in 6.364 CPU sec, 6.367 real sec
[M::process] read 79336 sequences (10000056 bp)...
[M::mem_process_seqs] Processed 79346 reads in 8.881 CPU sec, 9.128 real sec
[M::process] read 68112 sequences (10000155 bp)...
[M::mem_process_seqs] Processed 79336 reads in 8.767 CPU sec, 9.108 real sec
[M::process] read 70870 sequences (10000103 bp)...
[M::mem_process_seqs] Processed 68112 reads in 5.852 CPU sec, 5.914 real sec
[M::process] read 70964 sequences (10000227 bp)...
[M::mem_process_seqs] Processed 70870 reads in 5.958 CPU sec, 6.161 real sec
[M::process] read 69582 sequences (10000100 bp)...
[M::mem_process_seqs] Processed 70964 reads in 5.981 CPU sec, 6.272 real sec
[M::process] read 69288 sequences (10000175 bp)...
[M::mem_process_seqs] Processed 69582 reads in 6.002 CPU sec, 6.496 real sec
[M::process] read 71116 sequences (10000014 bp)...
[M::mem_process_seqs] Processed 69288 reads in 5.828 CPU sec, 6.143 real sec
[M::process] read 71624 sequences (10000031 bp)...
[M::mem_process_seqs] Processed 71116 reads in 5.828 CPU sec, 6.324 real sec
[M::process] read 76170 sequences (10000283 bp)...
[M::mem_process_seqs] Processed 71624 reads in 5.907 CPU sec, 6.321 real sec
[M::process] read 78130 sequences (10000102 bp)...
[M::mem_process_seqs] Processed 76170 reads in 7.252 CPU sec, 7.128 real sec
[M::process] read 76248 sequences (10000138 bp)...
[M::mem_process_seqs] Processed 78130 reads in 8.166 CPU sec, 8.329 real sec
[M::process] read 75162 sequences (10000121 bp)...
[M::mem_process_seqs] Processed 76248 reads in 7.825 CPU sec, 7.838 real sec
[M::process] read 79102 sequences (10000235 bp)...
[M::mem_process_seqs] Processed 75162 reads in 7.399 CPU sec, 7.615 real sec
[M::process] read 78934 sequences (10000035 bp)...
[M::mem_process_seqs] Processed 79102 reads in 8.276 CPU sec, 8.450 real sec
[M::process] read 80444 sequences (10000266 bp)...
[M::mem_process_seqs] Processed 78934 reads in 8.521 CPU sec, 8.489 real sec
[M::process] read 80188 sequences (10000049 bp)...
[M::mem_process_seqs] Processed 80444 reads in 7.693 CPU sec, 8.163 real sec
[M::process] read 77652 sequences (10000186 bp)...
[M::mem_process_seqs] Processed 80188 reads in 7.660 CPU sec, 8.219 real sec
[M::process] read 79226 sequences (10000100 bp)...
[M::mem_process_seqs] Processed 77652 reads in 8.132 CPU sec, 9.024 real sec
[M::process] read 80190 sequences (10000045 bp)...
[M::mem_process_seqs] Processed 79226 reads in 8.536 CPU sec, 9.142 real sec
[M::process] read 75782 sequences (10000282 bp)...
[M::mem_process_seqs] Processed 80190 reads in 8.490 CPU sec, 8.843 real sec
[M::process] read 77728 sequences (10000165 bp)...
[M::mem_process_seqs] Processed 75782 reads in 7.055 CPU sec, 7.421 real sec
[M::process] read 79152 sequences (10000140 bp)...
[M::mem_process_seqs] Processed 77728 reads in 7.281 CPU sec, 7.418 real sec
[M::process] read 79002 sequences (10000206 bp)...
[M::mem_process_seqs] Processed 79152 reads in 8.482 CPU sec, 8.659 real sec
[M::process] read 78482 sequences (10000153 bp)...
[M::mem_process_seqs] Processed 79002 reads in 8.074 CPU sec, 8.160 real sec
[M::process] read 80718 sequences (10000159 bp)...
[M::mem_process_seqs] Processed 78482 reads in 8.213 CPU sec, 8.702 real sec
[M::process] read 80576 sequences (10000040 bp)...
[M::mem_process_seqs] Processed 80718 reads in 8.228 CPU sec, 8.278 real sec
[M::process] read 78142 sequences (10000123 bp)...
[M::mem_process_seqs] Processed 80576 reads in 8.610 CPU sec, 8.654 real sec
[M::process] read 78576 sequences (10000098 bp)...
[M::mem_process_seqs] Processed 78142 reads in 8.759 CPU sec, 9.036 real sec
[M::process] read 78178 sequences (10000207 bp)...
[M::mem_process_seqs] Processed 78576 reads in 7.736 CPU sec, 7.953 real sec
[M::process] read 80092 sequences (10000003 bp)...
[M::mem_process_seqs] Processed 78178 reads in 8.780 CPU sec, 9.764 real sec
[M::process] read 76728 sequences (10000068 bp)...
[M::mem_process_seqs] Processed 80092 reads in 8.868 CPU sec, 9.074 real sec
[M::process] read 79700 sequences (10000218 bp)...
[M::mem_process_seqs] Processed 76728 reads in 8.221 CPU sec, 8.278 real sec
[M::process] read 78086 sequences (10000211 bp)...
[M::mem_process_seqs] Processed 79700 reads in 8.579 CPU sec, 8.945 real sec
[M::process] read 73434 sequences (10000022 bp)...
[M::mem_process_seqs] Processed 78086 reads in 8.067 CPU sec, 8.314 real sec
[M::process] read 71640 sequences (10000036 bp)...
[M::mem_process_seqs] Processed 73434 reads in 6.690 CPU sec, 7.308 real sec
[M::process] read 78934 sequences (10000100 bp)...
[M::mem_process_seqs] Processed 71640 reads in 6.116 CPU sec, 6.226 real sec
[M::process] read 78458 sequences (10000075 bp)...
[M::mem_process_seqs] Processed 78934 reads in 8.684 CPU sec, 8.985 real sec
[M::process] read 77918 sequences (10000280 bp)...
[M::mem_process_seqs] Processed 78458 reads in 7.896 CPU sec, 8.826 real sec
[M::process] read 73914 sequences (10000238 bp)...
[M::mem_process_seqs] Processed 77918 reads in 7.974 CPU sec, 8.076 real sec
[M::process] read 78454 sequences (10000201 bp)...
[M::mem_process_seqs] Processed 73914 reads in 7.165 CPU sec, 7.486 real sec
[M::process] read 77650 sequences (10000076 bp)...
[M::mem_process_seqs] Processed 78454 reads in 9.047 CPU sec, 9.742 real sec
[M::process] read 78268 sequences (10000054 bp)...
[M::mem_process_seqs] Processed 77650 reads in 8.835 CPU sec, 9.442 real sec
[M::process] read 80232 sequences (10000045 bp)...
[M::mem_process_seqs] Processed 78268 reads in 7.140 CPU sec, 7.527 real sec
[M::process] read 77946 sequences (10000115 bp)...
[M::mem_process_seqs] Processed 80232 reads in 9.607 CPU sec, 10.248 real sec
[M::process] read 72452 sequences (10000032 bp)...
[M::mem_process_seqs] Processed 77946 reads in 8.473 CPU sec, 8.784 real sec
[M::process] read 71794 sequences (10000254 bp)...
[M::mem_process_seqs] Processed 72452 reads in 6.584 CPU sec, 6.717 real sec
[M::process] read 69278 sequences (10000118 bp)...
[M::mem_process_seqs] Processed 71794 reads in 6.014 CPU sec, 6.245 real sec
[M::process] read 77622 sequences (10000115 bp)...
[M::mem_process_seqs] Processed 69278 reads in 5.986 CPU sec, 6.330 real sec
[M::process] read 79844 sequences (10000053 bp)...
[M::mem_process_seqs] Processed 77622 reads in 7.017 CPU sec, 7.624 real sec
[M::process] read 79578 sequences (10000229 bp)...
[M::mem_process_seqs] Processed 79844 reads in 8.737 CPU sec, 9.248 real sec
[M::process] read 76834 sequences (10000267 bp)...
[M::mem_process_seqs] Processed 79578 reads in 7.993 CPU sec, 7.955 real sec
[M::process] read 70314 sequences (10000126 bp)...
[M::mem_process_seqs] Processed 76834 reads in 8.549 CPU sec, 9.040 real sec
[M::process] read 70354 sequences (10000054 bp)...
[M::mem_process_seqs] Processed 70314 reads in 6.028 CPU sec, 6.118 real sec
[M::process] read 75010 sequences (10000048 bp)...
[M::mem_process_seqs] Processed 70354 reads in 6.000 CPU sec, 6.133 real sec
[M::process] read 80798 sequences (10000102 bp)...
[M::mem_process_seqs] Processed 75010 reads in 7.349 CPU sec, 7.498 real sec
[M::process] read 85858 sequences (10000215 bp)...
[M::mem_process_seqs] Processed 80798 reads in 10.021 CPU sec, 10.746 real sec
[M::process] read 80450 sequences (10000246 bp)...
[M::mem_process_seqs] Processed 85858 reads in 8.176 CPU sec, 8.794 real sec
[M::process] read 80166 sequences (10000041 bp)...
[M::mem_process_seqs] Processed 80450 reads in 8.528 CPU sec, 8.845 real sec
[M::process] read 82164 sequences (10000171 bp)...
[M::mem_process_seqs] Processed 80166 reads in 7.630 CPU sec, 8.101 real sec
[M::process] read 78216 sequences (10000250 bp)...
[M::mem_process_seqs] Processed 82164 reads in 7.609 CPU sec, 7.893 real sec
[M::process] read 77558 sequences (10000137 bp)...
[M::mem_process_seqs] Processed 78216 reads in 8.347 CPU sec, 8.449 real sec
[M::process] read 79484 sequences (10000174 bp)...
[M::mem_process_seqs] Processed 77558 reads in 8.563 CPU sec, 8.874 real sec
[M::process] read 78316 sequences (10000127 bp)...
[M::mem_process_seqs] Processed 79484 reads in 8.682 CPU sec, 8.831 real sec
[M::process] read 76326 sequences (10000126 bp)...
[M::mem_process_seqs] Processed 78316 reads in 8.164 CPU sec, 8.583 real sec
[M::process] read 77080 sequences (10000142 bp)...
[M::mem_process_seqs] Processed 76326 reads in 7.567 CPU sec, 8.154 real sec
[M::process] read 77286 sequences (10000152 bp)...
[M::mem_process_seqs] Processed 77080 reads in 7.781 CPU sec, 8.064 real sec
[M::process] read 78698 sequences (10000028 bp)...
[M::mem_process_seqs] Processed 77286 reads in 7.351 CPU sec, 7.860 real sec
[M::process] read 80994 sequences (10000270 bp)...
[M::mem_process_seqs] Processed 78698 reads in 7.909 CPU sec, 8.121 real sec
[M::process] read 75128 sequences (10000189 bp)...
[M::mem_process_seqs] Processed 80994 reads in 9.073 CPU sec, 9.519 real sec
[M::process] read 72010 sequences (10000246 bp)...
[M::mem_process_seqs] Processed 75128 reads in 7.971 CPU sec, 7.934 real sec
[M::process] read 69936 sequences (10000258 bp)...
[M::mem_process_seqs] Processed 72010 reads in 5.978 CPU sec, 6.234 real sec
[M::process] read 72122 sequences (10000182 bp)...
[M::mem_process_seqs] Processed 69936 reads in 6.015 CPU sec, 6.494 real sec
[M::process] read 75366 sequences (10000027 bp)...
[M::mem_process_seqs] Processed 72122 reads in 6.141 CPU sec, 6.301 real sec
[M::process] read 80884 sequences (10000148 bp)...
[M::mem_process_seqs] Processed 75366 reads in 6.193 CPU sec, 6.695 real sec
[M::process] read 85150 sequences (10000147 bp)...
[M::mem_process_seqs] Processed 80884 reads in 6.148 CPU sec, 6.821 real sec
[M::process] read 84620 sequences (10000094 bp)...
[M::mem_process_seqs] Processed 85150 reads in 6.051 CPU sec, 6.267 real sec
[M::process] read 71664 sequences (10000133 bp)...
[M::mem_process_seqs] Processed 84620 reads in 6.042 CPU sec, 6.987 real sec
[M::process] read 76572 sequences (10000142 bp)...
[M::mem_process_seqs] Processed 71664 reads in 6.105 CPU sec, 7.016 real sec
[M::process] read 80874 sequences (10000088 bp)...
[M::mem_process_seqs] Processed 76572 reads in 6.037 CPU sec, 6.437 real sec
[M::process] read 82994 sequences (10000191 bp)...
[M::mem_process_seqs] Processed 80874 reads in 6.106 CPU sec, 6.420 real sec
[M::process] read 84288 sequences (10000101 bp)...
[M::mem_process_seqs] Processed 82994 reads in 6.115 CPU sec, 6.239 real sec
[M::process] read 78102 sequences (10000081 bp)...
[M::mem_process_seqs] Processed 84288 reads in 6.864 CPU sec, 7.348 real sec
[M::process] read 80606 sequences (10000046 bp)...
[M::mem_process_seqs] Processed 78102 reads in 8.072 CPU sec, 8.691 real sec
[M::process] read 77272 sequences (10000100 bp)...
[M::mem_process_seqs] Processed 80606 reads in 8.819 CPU sec, 9.609 real sec
[M::process] read 80046 sequences (10000297 bp)...
[M::mem_process_seqs] Processed 77272 reads in 7.875 CPU sec, 8.483 real sec
[M::process] read 78654 sequences (10000214 bp)...
[M::mem_process_seqs] Processed 80046 reads in 8.921 CPU sec, 9.155 real sec
[M::process] read 73624 sequences (10000144 bp)...
[M::mem_process_seqs] Processed 78654 reads in 9.048 CPU sec, 9.206 real sec
[M::process] read 80738 sequences (10000030 bp)...
[M::mem_process_seqs] Processed 73624 reads in 6.854 CPU sec, 7.208 real sec
[M::process] read 78760 sequences (10000288 bp)...
[M::mem_process_seqs] Processed 80738 reads in 9.188 CPU sec, 10.433 real sec
[M::process] read 77990 sequences (10000098 bp)...
[M::mem_process_seqs] Processed 78760 reads in 7.938 CPU sec, 8.160 real sec
[M::process] read 76622 sequences (10000212 bp)...
[M::mem_process_seqs] Processed 77990 reads in 7.799 CPU sec, 8.095 real sec
[M::process] read 79640 sequences (10000114 bp)...
[M::mem_process_seqs] Processed 76622 reads in 7.759 CPU sec, 8.234 real sec
[M::process] read 78500 sequences (10000067 bp)...
[M::mem_process_seqs] Processed 79640 reads in 8.109 CPU sec, 8.294 real sec
[M::process] read 80284 sequences (10000060 bp)...
[M::mem_process_seqs] Processed 78500 reads in 8.293 CPU sec, 8.609 real sec
[M::process] read 79268 sequences (10000126 bp)...
[M::mem_process_seqs] Processed 80284 reads in 7.699 CPU sec, 8.580 real sec
[M::process] read 73414 sequences (10000010 bp)...
[M::mem_process_seqs] Processed 79268 reads in 8.449 CPU sec, 8.858 real sec
[M::process] read 77794 sequences (10000094 bp)...
[M::mem_process_seqs] Processed 73414 reads in 6.362 CPU sec, 6.332 real sec
[M::process] read 76920 sequences (10000150 bp)...
[M::mem_process_seqs] Processed 77794 reads in 7.755 CPU sec, 8.187 real sec
[M::process] read 76816 sequences (10000297 bp)...
[M::mem_process_seqs] Processed 76920 reads in 8.359 CPU sec, 9.049 real sec
[M::process] read 74748 sequences (10000064 bp)...
[M::mem_process_seqs] Processed 76816 reads in 6.048 CPU sec, 6.097 real sec
[M::process] read 80472 sequences (10000285 bp)...
[M::mem_process_seqs] Processed 74748 reads in 5.972 CPU sec, 6.352 real sec
[M::process] read 79048 sequences (10000118 bp)...
[M::mem_process_seqs] Processed 80472 reads in 7.577 CPU sec, 7.981 real sec
[M::process] read 76230 sequences (10000035 bp)...
[M::mem_process_seqs] Processed 79048 reads in 8.156 CPU sec, 8.186 real sec
[M::process] read 76658 sequences (10000049 bp)...
[M::mem_process_seqs] Processed 76230 reads in 7.760 CPU sec, 7.970 real sec
[M::process] read 78868 sequences (10000208 bp)...
[M::mem_process_seqs] Processed 76658 reads in 8.049 CPU sec, 8.138 real sec
[M::process] read 81378 sequences (10000259 bp)...
[M::mem_process_seqs] Processed 78868 reads in 8.559 CPU sec, 9.272 real sec
[M::process] read 77816 sequences (10000112 bp)...
[M::mem_process_seqs] Processed 81378 reads in 8.611 CPU sec, 9.031 real sec
[M::process] read 79250 sequences (10000088 bp)...
[M::mem_process_seqs] Processed 77816 reads in 8.133 CPU sec, 8.479 real sec
[M::process] read 79004 sequences (10000154 bp)...
[M::mem_process_seqs] Processed 79250 reads in 8.396 CPU sec, 9.004 real sec
[M::process] read 77668 sequences (10000277 bp)...
[M::mem_process_seqs] Processed 79004 reads in 8.813 CPU sec, 9.163 real sec
[M::process] read 77982 sequences (10000154 bp)...
[M::mem_process_seqs] Processed 77668 reads in 8.701 CPU sec, 8.998 real sec
[M::process] read 78414 sequences (10000045 bp)...
[M::mem_process_seqs] Processed 77982 reads in 5.766 CPU sec, 6.009 real sec
[M::process] read 81956 sequences (10000101 bp)...
[M::mem_process_seqs] Processed 78414 reads in 7.388 CPU sec, 7.615 real sec
[M::process] read 71920 sequences (10000234 bp)...
[M::mem_process_seqs] Processed 81956 reads in 6.853 CPU sec, 7.444 real sec
[M::process] read 74812 sequences (10000016 bp)...
[M::mem_process_seqs] Processed 71920 reads in 5.933 CPU sec, 6.295 real sec
[M::process] read 74214 sequences (10000104 bp)...
[M::mem_process_seqs] Processed 74812 reads in 6.062 CPU sec, 6.720 real sec
[M::process] read 79406 sequences (10000197 bp)...
[M::mem_process_seqs] Processed 74214 reads in 5.945 CPU sec, 6.814 real sec
[M::process] read 78848 sequences (10000111 bp)...
[M::mem_process_seqs] Processed 79406 reads in 8.921 CPU sec, 9.134 real sec
[M::process] read 76210 sequences (10000215 bp)...
[M::mem_process_seqs] Processed 78848 reads in 8.242 CPU sec, 8.703 real sec
[M::process] read 76596 sequences (10000145 bp)...
[M::mem_process_seqs] Processed 76210 reads in 7.935 CPU sec, 8.222 real sec
[M::process] read 72950 sequences (10000277 bp)...
[M::mem_process_seqs] Processed 76596 reads in 6.458 CPU sec, 6.929 real sec
[M::process] read 72538 sequences (10000205 bp)...
[M::mem_process_seqs] Processed 72950 reads in 6.019 CPU sec, 6.172 real sec
[M::process] read 76636 sequences (10000185 bp)...
[M::mem_process_seqs] Processed 72538 reads in 6.074 CPU sec, 6.227 real sec
[M::process] read 75348 sequences (10000140 bp)...
[M::mem_process_seqs] Processed 76636 reads in 7.442 CPU sec, 7.750 real sec
[M::process] read 78262 sequences (10000151 bp)...
[M::mem_process_seqs] Processed 75348 reads in 7.141 CPU sec, 7.384 real sec
[M::process] read 74444 sequences (10000292 bp)...
[M::mem_process_seqs] Processed 78262 reads in 9.061 CPU sec, 9.171 real sec
[M::process] read 78872 sequences (10000030 bp)...
[M::mem_process_seqs] Processed 74444 reads in 7.037 CPU sec, 7.080 real sec
[M::process] read 79352 sequences (10000081 bp)...
[M::mem_process_seqs] Processed 78872 reads in 8.371 CPU sec, 8.543 real sec
[M::process] read 77584 sequences (10000121 bp)...
[M::mem_process_seqs] Processed 79352 reads in 8.940 CPU sec, 8.908 real sec
[M::process] read 77022 sequences (10000186 bp)...
[M::mem_process_seqs] Processed 77584 reads in 7.251 CPU sec, 7.399 real sec
[M::process] read 79384 sequences (10000172 bp)...
[M::mem_process_seqs] Processed 77022 reads in 7.810 CPU sec, 8.258 real sec
[M::process] read 77170 sequences (10000275 bp)...
[M::mem_process_seqs] Processed 79384 reads in 8.063 CPU sec, 8.284 real sec
[M::process] read 77840 sequences (10000053 bp)...
[M::mem_process_seqs] Processed 77170 reads in 7.912 CPU sec, 8.591 real sec
[M::process] read 72730 sequences (10000026 bp)...
[M::mem_process_seqs] Processed 77840 reads in 8.002 CPU sec, 8.620 real sec
[M::process] read 73704 sequences (10000027 bp)...
[M::mem_process_seqs] Processed 72730 reads in 6.655 CPU sec, 6.937 real sec
[M::process] read 75916 sequences (10000114 bp)...
[M::mem_process_seqs] Processed 73704 reads in 7.211 CPU sec, 7.881 real sec
[M::process] read 75594 sequences (10000049 bp)...
[M::mem_process_seqs] Processed 75916 reads in 6.827 CPU sec, 7.070 real sec
[M::process] read 79892 sequences (10000042 bp)...
[M::mem_process_seqs] Processed 75594 reads in 6.231 CPU sec, 6.461 real sec
[M::process] read 72740 sequences (10000028 bp)...
[M::mem_process_seqs] Processed 79892 reads in 8.119 CPU sec, 8.321 real sec
[M::process] read 79666 sequences (10000040 bp)...
[M::mem_process_seqs] Processed 72740 reads in 6.887 CPU sec, 7.421 real sec
[M::process] read 79284 sequences (10000197 bp)...
[M::mem_process_seqs] Processed 79666 reads in 8.660 CPU sec, 9.380 real sec
[M::process] read 80138 sequences (10000280 bp)...
[M::mem_process_seqs] Processed 79284 reads in 8.222 CPU sec, 8.406 real sec
[M::process] read 79554 sequences (10000260 bp)...
[M::mem_process_seqs] Processed 80138 reads in 8.150 CPU sec, 8.427 real sec
[M::process] read 76614 sequences (10000214 bp)...
[M::mem_process_seqs] Processed 79554 reads in 8.790 CPU sec, 8.838 real sec
[M::process] read 78850 sequences (10000079 bp)...
[M::mem_process_seqs] Processed 76614 reads in 8.054 CPU sec, 8.179 real sec
[M::process] read 79522 sequences (10000177 bp)...
[M::mem_process_seqs] Processed 78850 reads in 9.095 CPU sec, 9.219 real sec
[M::process] read 73806 sequences (10000096 bp)...
[M::mem_process_seqs] Processed 79522 reads in 8.284 CPU sec, 8.152 real sec
[M::process] read 76588 sequences (10000258 bp)...
[M::mem_process_seqs] Processed 73806 reads in 7.271 CPU sec, 7.606 real sec
[M::process] read 73790 sequences (10000268 bp)...
[M::mem_process_seqs] Processed 76588 reads in 5.725 CPU sec, 5.892 real sec
[M::process] read 75892 sequences (10000068 bp)...
[M::mem_process_seqs] Processed 73790 reads in 5.835 CPU sec, 5.931 real sec
[M::process] read 81688 sequences (10000254 bp)...
[M::mem_process_seqs] Processed 75892 reads in 5.990 CPU sec, 6.111 real sec
[M::process] read 75824 sequences (10000145 bp)...
[M::mem_process_seqs] Processed 81688 reads in 8.492 CPU sec, 9.006 real sec
[M::process] read 74524 sequences (10000053 bp)...
[M::mem_process_seqs] Processed 75824 reads in 7.207 CPU sec, 7.158 real sec
[M::process] read 79920 sequences (10000217 bp)...
[M::mem_process_seqs] Processed 74524 reads in 6.637 CPU sec, 6.883 real sec
[M::process] read 76422 sequences (10000169 bp)...
[M::mem_process_seqs] Processed 79920 reads in 8.590 CPU sec, 8.690 real sec
[M::process] read 76832 sequences (10000020 bp)...
[M::mem_process_seqs] Processed 76422 reads in 7.604 CPU sec, 7.709 real sec
[M::process] read 70884 sequences (10000174 bp)...
[M::mem_process_seqs] Processed 76832 reads in 8.359 CPU sec, 8.742 real sec
[M::process] read 78144 sequences (10000110 bp)...
[M::mem_process_seqs] Processed 70884 reads in 6.086 CPU sec, 6.517 real sec
[M::process] read 78152 sequences (10000110 bp)...
[M::mem_process_seqs] Processed 78144 reads in 7.607 CPU sec, 7.699 real sec
[M::process] read 75598 sequences (10000138 bp)...
[M::mem_process_seqs] Processed 78152 reads in 7.663 CPU sec, 8.084 real sec
[M::process] read 79790 sequences (10000150 bp)...
[M::mem_process_seqs] Processed 75598 reads in 7.843 CPU sec, 8.086 real sec
[M::process] read 78950 sequences (10000145 bp)...
[M::mem_process_seqs] Processed 79790 reads in 7.304 CPU sec, 7.393 real sec
[M::process] read 78238 sequences (10000213 bp)...
[M::mem_process_seqs] Processed 78950 reads in 7.978 CPU sec, 8.274 real sec
[M::process] read 81094 sequences (10000119 bp)...
[M::mem_process_seqs] Processed 78238 reads in 8.047 CPU sec, 8.103 real sec
[M::process] read 77594 sequences (10000175 bp)...
[M::mem_process_seqs] Processed 81094 reads in 8.848 CPU sec, 9.279 real sec
[M::process] read 75526 sequences (10000127 bp)...
[M::mem_process_seqs] Processed 77594 reads in 9.974 CPU sec, 10.029 real sec
[M::process] read 70186 sequences (10000008 bp)...
[M::mem_process_seqs] Processed 75526 reads in 7.570 CPU sec, 7.820 real sec
[M::process] read 76050 sequences (10000146 bp)...
[M::mem_process_seqs] Processed 70186 reads in 5.958 CPU sec, 5.767 real sec
[M::process] read 76398 sequences (10000039 bp)...
[M::mem_process_seqs] Processed 76050 reads in 8.062 CPU sec, 8.804 real sec
[M::process] read 80792 sequences (10000041 bp)...
[M::mem_process_seqs] Processed 76398 reads in 7.099 CPU sec, 7.278 real sec
[M::process] read 78878 sequences (10000128 bp)...
[M::mem_process_seqs] Processed 80792 reads in 8.918 CPU sec, 9.535 real sec
[M::process] read 76896 sequences (10000018 bp)...
[M::mem_process_seqs] Processed 78878 reads in 8.548 CPU sec, 9.302 real sec
[M::process] read 81258 sequences (10000132 bp)...
[M::mem_process_seqs] Processed 76896 reads in 8.144 CPU sec, 8.157 real sec
[M::process] read 79556 sequences (10000005 bp)...
[M::mem_process_seqs] Processed 81258 reads in 8.930 CPU sec, 9.304 real sec
[M::process] read 78490 sequences (10000197 bp)...
[M::mem_process_seqs] Processed 79556 reads in 8.228 CPU sec, 8.348 real sec
[M::process] read 78866 sequences (10000107 bp)...
[M::mem_process_seqs] Processed 78490 reads in 8.260 CPU sec, 8.454 real sec
[M::process] read 79344 sequences (10000265 bp)...
[M::mem_process_seqs] Processed 78866 reads in 7.566 CPU sec, 7.993 real sec
[M::process] read 78246 sequences (10000199 bp)...
[M::mem_process_seqs] Processed 79344 reads in 8.626 CPU sec, 9.101 real sec
[M::process] read 78966 sequences (10000104 bp)...
[M::mem_process_seqs] Processed 78246 reads in 8.745 CPU sec, 9.003 real sec
[M::process] read 79490 sequences (10000274 bp)...
[M::mem_process_seqs] Processed 78966 reads in 8.356 CPU sec, 8.560 real sec
[M::process] read 79264 sequences (10000265 bp)...
[M::mem_process_seqs] Processed 79490 reads in 7.993 CPU sec, 7.832 real sec
[M::process] read 74528 sequences (10000186 bp)...
[M::mem_process_seqs] Processed 79264 reads in 8.669 CPU sec, 8.869 real sec
[M::process] read 68552 sequences (10000291 bp)...
[M::mem_process_seqs] Processed 74528 reads in 7.575 CPU sec, 7.658 real sec
[M::process] read 70130 sequences (10000167 bp)...
[M::mem_process_seqs] Processed 68552 reads in 6.285 CPU sec, 6.315 real sec
[M::process] read 71708 sequences (10000279 bp)...
[M::mem_process_seqs] Processed 70130 reads in 6.002 CPU sec, 6.022 real sec
[M::process] read 72974 sequences (10000016 bp)...
[M::mem_process_seqs] Processed 71708 reads in 6.023 CPU sec, 5.903 real sec
[M::process] read 75054 sequences (10000130 bp)...
[M::mem_process_seqs] Processed 72974 reads in 6.017 CPU sec, 5.793 real sec
[M::process] read 75588 sequences (10000252 bp)...
[M::mem_process_seqs] Processed 75054 reads in 6.050 CPU sec, 5.969 real sec
[M::process] read 76782 sequences (10000038 bp)...
[M::mem_process_seqs] Processed 75588 reads in 6.031 CPU sec, 5.928 real sec
[M::process] read 79050 sequences (10000174 bp)...
[M::mem_process_seqs] Processed 76782 reads in 6.082 CPU sec, 5.911 real sec
[M::process] read 78610 sequences (10000101 bp)...
[M::mem_process_seqs] Processed 79050 reads in 6.015 CPU sec, 5.824 real sec
[M::process] read 78760 sequences (10000230 bp)...
[M::mem_process_seqs] Processed 78610 reads in 5.927 CPU sec, 5.750 real sec
[M::process] read 80952 sequences (10000022 bp)...
[M::mem_process_seqs] Processed 78760 reads in 5.931 CPU sec, 5.892 real sec
[M::process] read 80808 sequences (10000220 bp)...
[M::mem_process_seqs] Processed 80952 reads in 5.993 CPU sec, 5.998 real sec
[M::process] read 83884 sequences (10000207 bp)...
[M::mem_process_seqs] Processed 80808 reads in 5.951 CPU sec, 5.944 real sec
[M::process] read 83312 sequences (10000133 bp)...
[M::mem_process_seqs] Processed 83884 reads in 5.868 CPU sec, 5.877 real sec
[M::process] read 75460 sequences (10000043 bp)...
[M::mem_process_seqs] Processed 83312 reads in 5.923 CPU sec, 5.778 real sec
[M::process] read 70170 sequences (10000052 bp)...
[M::mem_process_seqs] Processed 75460 reads in 6.055 CPU sec, 6.294 real sec
[M::process] read 71396 sequences (10000261 bp)...
[M::mem_process_seqs] Processed 70170 reads in 6.078 CPU sec, 6.137 real sec
[M::process] read 73212 sequences (10000104 bp)...
[M::mem_process_seqs] Processed 71396 reads in 6.021 CPU sec, 5.955 real sec
[M::process] read 74130 sequences (10000229 bp)...
[M::mem_process_seqs] Processed 73212 reads in 6.014 CPU sec, 5.969 real sec
[M::process] read 75248 sequences (10000037 bp)...
[M::mem_process_seqs] Processed 74130 reads in 6.096 CPU sec, 6.335 real sec
[M::process] read 76176 sequences (10000088 bp)...
[M::mem_process_seqs] Processed 75248 reads in 5.916 CPU sec, 6.148 real sec
[M::process] read 77724 sequences (10000042 bp)...
[M::mem_process_seqs] Processed 76176 reads in 5.983 CPU sec, 6.737 real sec
[M::process] read 77428 sequences (10000014 bp)...
[M::mem_process_seqs] Processed 77724 reads in 5.963 CPU sec, 6.095 real sec
[M::process] read 78784 sequences (10000135 bp)...
[M::mem_process_seqs] Processed 77428 reads in 6.003 CPU sec, 6.252 real sec
[M::process] read 79500 sequences (10000176 bp)...
[M::mem_process_seqs] Processed 78784 reads in 6.062 CPU sec, 6.628 real sec
[M::process] read 80074 sequences (10000182 bp)...
[M::mem_process_seqs] Processed 79500 reads in 5.996 CPU sec, 5.985 real sec
[M::process] read 81170 sequences (10000008 bp)...
[M::mem_process_seqs] Processed 80074 reads in 5.953 CPU sec, 6.175 real sec
[M::process] read 79840 sequences (10000029 bp)...
[M::mem_process_seqs] Processed 81170 reads in 6.017 CPU sec, 6.139 real sec
[M::process] read 81606 sequences (10000080 bp)...
[M::mem_process_seqs] Processed 79840 reads in 6.044 CPU sec, 6.474 real sec
[M::process] read 83302 sequences (10000100 bp)...
[M::mem_process_seqs] Processed 81606 reads in 6.136 CPU sec, 6.797 real sec
[M::process] read 81164 sequences (10000149 bp)...
[M::mem_process_seqs] Processed 83302 reads in 5.973 CPU sec, 6.262 real sec
[M::process] read 82092 sequences (10000045 bp)...
[M::mem_process_seqs] Processed 81164 reads in 6.140 CPU sec, 6.289 real sec
[M::process] read 79452 sequences (10000263 bp)...
[M::mem_process_seqs] Processed 82092 reads in 8.338 CPU sec, 8.799 real sec
[M::process] read 80136 sequences (10000184 bp)...
[M::mem_process_seqs] Processed 79452 reads in 8.580 CPU sec, 8.868 real sec
[M::process] read 77998 sequences (10000060 bp)...
[M::mem_process_seqs] Processed 80136 reads in 8.674 CPU sec, 9.361 real sec
[M::process] read 76870 sequences (10000275 bp)...
[M::mem_process_seqs] Processed 77998 reads in 7.952 CPU sec, 8.414 real sec
[M::process] read 79280 sequences (10000233 bp)...
[M::mem_process_seqs] Processed 76870 reads in 8.810 CPU sec, 8.791 real sec
[M::process] read 80478 sequences (10000112 bp)...
[M::mem_process_seqs] Processed 79280 reads in 8.315 CPU sec, 9.110 real sec
[M::process] read 78168 sequences (10000197 bp)...
[M::mem_process_seqs] Processed 80478 reads in 9.277 CPU sec, 9.441 real sec
[M::process] read 70818 sequences (10000114 bp)...
[M::mem_process_seqs] Processed 78168 reads in 8.548 CPU sec, 8.838 real sec
[M::process] read 72806 sequences (10000203 bp)...
[M::mem_process_seqs] Processed 70818 reads in 6.364 CPU sec, 6.419 real sec
[M::process] read 69738 sequences (10000057 bp)...
[M::mem_process_seqs] Processed 72806 reads in 5.994 CPU sec, 6.388 real sec
[M::process] read 73302 sequences (10000239 bp)...
[M::mem_process_seqs] Processed 69738 reads in 5.928 CPU sec, 6.183 real sec
[M::process] read 79518 sequences (10000033 bp)...
[M::mem_process_seqs] Processed 73302 reads in 6.443 CPU sec, 6.508 real sec
[M::process] read 80732 sequences (10000048 bp)...
[M::mem_process_seqs] Processed 79518 reads in 9.349 CPU sec, 9.982 real sec
[M::process] read 78304 sequences (10000171 bp)...
[M::mem_process_seqs] Processed 80732 reads in 7.104 CPU sec, 7.274 real sec
[M::process] read 75910 sequences (10000131 bp)...
[M::mem_process_seqs] Processed 78304 reads in 8.381 CPU sec, 8.909 real sec
[M::process] read 78464 sequences (10000167 bp)...
[M::mem_process_seqs] Processed 75910 reads in 7.645 CPU sec, 8.245 real sec
[M::process] read 79632 sequences (10000079 bp)...
[M::mem_process_seqs] Processed 78464 reads in 8.400 CPU sec, 8.882 real sec
[M::process] read 78430 sequences (10000123 bp)...
[M::mem_process_seqs] Processed 79632 reads in 8.469 CPU sec, 8.380 real sec
[M::process] read 77530 sequences (10000230 bp)...
[M::mem_process_seqs] Processed 78430 reads in 8.435 CPU sec, 9.002 real sec
[M::process] read 67734 sequences (10000038 bp)...
[M::mem_process_seqs] Processed 77530 reads in 8.047 CPU sec, 9.031 real sec
[M::process] read 68460 sequences (10000071 bp)...
[M::mem_process_seqs] Processed 67734 reads in 5.935 CPU sec, 6.384 real sec
[M::process] read 69500 sequences (10000294 bp)...
[M::mem_process_seqs] Processed 68460 reads in 5.968 CPU sec, 6.177 real sec
[M::process] read 70852 sequences (10000148 bp)...
[M::mem_process_seqs] Processed 69500 reads in 6.180 CPU sec, 6.727 real sec
[M::process] read 72020 sequences (10000162 bp)...
[M::mem_process_seqs] Processed 70852 reads in 5.977 CPU sec, 5.840 real sec
[M::process] read 73400 sequences (10000084 bp)...
[M::mem_process_seqs] Processed 72020 reads in 6.150 CPU sec, 6.328 real sec
[M::process] read 72570 sequences (10000099 bp)...
[M::mem_process_seqs] Processed 73400 reads in 6.021 CPU sec, 5.948 real sec
[M::process] read 73198 sequences (10000045 bp)...
[M::mem_process_seqs] Processed 72570 reads in 6.171 CPU sec, 6.431 real sec
[M::process] read 74152 sequences (10000029 bp)...
[M::mem_process_seqs] Processed 73198 reads in 5.945 CPU sec, 6.002 real sec
[M::process] read 73896 sequences (10000243 bp)...
[M::mem_process_seqs] Processed 74152 reads in 6.143 CPU sec, 6.220 real sec
[M::process] read 74350 sequences (10000152 bp)...
[M::mem_process_seqs] Processed 73896 reads in 5.974 CPU sec, 5.904 real sec
[M::process] read 73150 sequences (10000282 bp)...
[M::mem_process_seqs] Processed 74350 reads in 6.078 CPU sec, 6.020 real sec
[M::process] read 67350 sequences (10000265 bp)...
[M::mem_process_seqs] Processed 73150 reads in 6.110 CPU sec, 5.877 real sec
[M::process] read 68250 sequences (10000078 bp)...
[M::mem_process_seqs] Processed 67350 reads in 6.068 CPU sec, 5.858 real sec
[M::process] read 69328 sequences (10000267 bp)...
[M::mem_process_seqs] Processed 68250 reads in 6.009 CPU sec, 5.902 real sec
[M::process] read 70390 sequences (10000278 bp)...
[M::mem_process_seqs] Processed 69328 reads in 6.030 CPU sec, 5.839 real sec
[M::process] read 71602 sequences (10000065 bp)...
[M::mem_process_seqs] Processed 70390 reads in 6.063 CPU sec, 5.801 real sec
[M::process] read 72476 sequences (10000134 bp)...
[M::mem_process_seqs] Processed 71602 reads in 5.973 CPU sec, 5.757 real sec
[M::process] read 72798 sequences (10000209 bp)...
[M::mem_process_seqs] Processed 72476 reads in 5.984 CPU sec, 6.026 real sec
[M::process] read 73270 sequences (10000277 bp)...
[M::mem_process_seqs] Processed 72798 reads in 6.017 CPU sec, 5.885 real sec
[M::process] read 73526 sequences (10000243 bp)...
[M::mem_process_seqs] Processed 73270 reads in 6.015 CPU sec, 5.821 real sec
[M::process] read 73742 sequences (10000060 bp)...
[M::mem_process_seqs] Processed 73526 reads in 5.940 CPU sec, 5.690 real sec
[M::process] read 74390 sequences (10000136 bp)...
[M::mem_process_seqs] Processed 73742 reads in 5.962 CPU sec, 5.784 real sec
[M::process] read 76692 sequences (10000041 bp)...
[M::mem_process_seqs] Processed 74390 reads in 5.973 CPU sec, 5.745 real sec
[M::process] read 76484 sequences (10000114 bp)...
[M::mem_process_seqs] Processed 76692 reads in 6.662 CPU sec, 6.403 real sec
[M::process] read 79524 sequences (10000019 bp)...
[M::mem_process_seqs] Processed 76484 reads in 6.693 CPU sec, 6.505 real sec
[M::process] read 77028 sequences (10000123 bp)...
[M::mem_process_seqs] Processed 79524 reads in 8.595 CPU sec, 8.360 real sec
[M::process] read 70068 sequences (10000041 bp)...
[M::mem_process_seqs] Processed 77028 reads in 7.883 CPU sec, 7.672 real sec
[M::process] read 79680 sequences (10000131 bp)...
[M::mem_process_seqs] Processed 70068 reads in 5.956 CPU sec, 5.743 real sec
[M::process] read 77682 sequences (10000192 bp)...
[M::mem_process_seqs] Processed 79680 reads in 7.808 CPU sec, 7.684 real sec
[M::process] read 77366 sequences (10000264 bp)...
[M::mem_process_seqs] Processed 77682 reads in 7.890 CPU sec, 7.635 real sec
[M::process] read 78070 sequences (10000246 bp)...
[M::mem_process_seqs] Processed 77366 reads in 7.515 CPU sec, 7.257 real sec
[M::process] read 77048 sequences (10000288 bp)...
[M::mem_process_seqs] Processed 78070 reads in 6.908 CPU sec, 6.631 real sec
[M::process] read 78456 sequences (10000115 bp)...
[M::mem_process_seqs] Processed 77048 reads in 8.666 CPU sec, 8.348 real sec
[M::process] read 79596 sequences (10000143 bp)...
[M::mem_process_seqs] Processed 78456 reads in 8.366 CPU sec, 8.057 real sec
[M::process] read 77436 sequences (10000049 bp)...
[M::mem_process_seqs] Processed 79596 reads in 8.762 CPU sec, 8.543 real sec
[M::process] read 79844 sequences (10000059 bp)...
[M::mem_process_seqs] Processed 77436 reads in 8.053 CPU sec, 7.679 real sec
[M::process] read 14526 sequences (1824340 bp)...
[M::mem_process_seqs] Processed 79844 reads in 8.506 CPU sec, 8.358 real sec
[M::mem_process_seqs] Processed 14526 reads in 1.791 CPU sec, 1.723 real sec
[main] Version: 0.7.17-r1188
[main] CMD: bwa mem -L 5 -I 649.717,76.9433,1631,308 -t 1 -a -M -T 30 -A 1 -B 4 -O 6 -R @RG\tID:Gmi-AHam_083-GmA01083-L1-fp1-clmp-fp2-fqscrn-repr\tSM:Gmi-AHam_083-GmA01083-L1-fp1-clmp-fp2-fqscrn-repr\tPL:Illumina reference.rad.RAW-10-10.fasta Gmi-AHam_083-GmA01083-L1-fp1-clmp-fp2-fqscrn-repr.R1.fq.gz Gmi-AHam_083-GmA01083-L1-fp1-clmp-fp2-fqscrn-repr.R2.fq.gz
[main] Real time: 2722.124 sec; CPU: 2613.207 sec
