[M::main_mem] mean insert size: 649.717, stddev: 76.943, max: 1631, min: 308
[M::bwa_idx_load_from_disk] read 0 ALT contigs
[M::process] read 74240 sequences (10000156 bp)...
[M::process] read 73786 sequences (10000225 bp)...
[M::mem_process_seqs] Processed 74240 reads in 8.957 CPU sec, 8.967 real sec
[M::process] read 72186 sequences (10000142 bp)...
[M::mem_process_seqs] Processed 73786 reads in 8.941 CPU sec, 9.233 real sec
[M::process] read 72854 sequences (10000298 bp)...
[M::mem_process_seqs] Processed 72186 reads in 8.027 CPU sec, 8.502 real sec
[M::process] read 73554 sequences (10000292 bp)...
[M::mem_process_seqs] Processed 72854 reads in 8.608 CPU sec, 9.263 real sec
[M::process] read 73964 sequences (10000236 bp)...
[M::mem_process_seqs] Processed 73554 reads in 9.160 CPU sec, 9.712 real sec
[M::process] read 73816 sequences (10000137 bp)...
[M::mem_process_seqs] Processed 73964 reads in 9.620 CPU sec, 10.184 real sec
[M::process] read 73898 sequences (10000284 bp)...
[M::mem_process_seqs] Processed 73816 reads in 9.052 CPU sec, 9.572 real sec
[M::process] read 73480 sequences (10000119 bp)...
[M::mem_process_seqs] Processed 73898 reads in 9.281 CPU sec, 9.828 real sec
[M::process] read 73814 sequences (10000001 bp)...
[M::mem_process_seqs] Processed 73480 reads in 8.654 CPU sec, 9.595 real sec
[M::process] read 73622 sequences (10000283 bp)...
[M::mem_process_seqs] Processed 73814 reads in 9.012 CPU sec, 9.317 real sec
[M::process] read 73914 sequences (10000071 bp)...
[M::mem_process_seqs] Processed 73622 reads in 8.721 CPU sec, 9.364 real sec
[M::process] read 73544 sequences (10000166 bp)...
[M::mem_process_seqs] Processed 73914 reads in 8.715 CPU sec, 9.345 real sec
[M::process] read 73506 sequences (10000210 bp)...
[M::mem_process_seqs] Processed 73544 reads in 9.465 CPU sec, 9.518 real sec
[M::process] read 74020 sequences (10000035 bp)...
[M::mem_process_seqs] Processed 73506 reads in 8.922 CPU sec, 9.208 real sec
[M::process] read 74076 sequences (10000264 bp)...
[M::mem_process_seqs] Processed 74020 reads in 8.898 CPU sec, 9.175 real sec
[M::process] read 73540 sequences (10000196 bp)...
[M::mem_process_seqs] Processed 74076 reads in 9.581 CPU sec, 11.148 real sec
[M::process] read 73996 sequences (10000011 bp)...
[M::mem_process_seqs] Processed 73540 reads in 8.935 CPU sec, 9.405 real sec
[M::process] read 74072 sequences (10000103 bp)...
[M::mem_process_seqs] Processed 73996 reads in 9.114 CPU sec, 9.479 real sec
[M::process] read 73846 sequences (10000143 bp)...
[M::mem_process_seqs] Processed 74072 reads in 8.864 CPU sec, 9.251 real sec
[M::process] read 19186 sequences (2608940 bp)...
[M::mem_process_seqs] Processed 73846 reads in 9.208 CPU sec, 9.879 real sec
[M::mem_process_seqs] Processed 19186 reads in 2.381 CPU sec, 2.487 real sec
[main] Version: 0.7.17-r1188
[main] CMD: bwa mem -L 5 -I 649.717,76.9433,1631,308 -t 1 -a -M -T 30 -A 1 -B 4 -O 6 -R @RG\tID:Gmi-ABas_058-GmA02058-L1-fp1-clmp-fp2-fqscrn-repr\tSM:Gmi-ABas_058-GmA02058-L1-fp1-clmp-fp2-fqscrn-repr\tPL:Illumina reference.rad.RAW-10-10.fasta Gmi-ABas_058-GmA02058-L1-fp1-clmp-fp2-fqscrn-repr.R1.fq.gz Gmi-ABas_058-GmA02058-L1-fp1-clmp-fp2-fqscrn-repr.R2.fq.gz
[main] Real time: 196.222 sec; CPU: 182.611 sec
