[M::main_mem] mean insert size: 649.717, stddev: 76.943, max: 1631, min: 308
[M::bwa_idx_load_from_disk] read 0 ALT contigs
[M::process] read 82414 sequences (10000022 bp)...
[M::process] read 82364 sequences (10000244 bp)...
[M::mem_process_seqs] Processed 82414 reads in 11.143 CPU sec, 10.845 real sec
[M::process] read 82024 sequences (10000084 bp)...
[M::mem_process_seqs] Processed 82364 reads in 11.062 CPU sec, 11.680 real sec
[M::process] read 80680 sequences (10000105 bp)...
[M::mem_process_seqs] Processed 82024 reads in 10.820 CPU sec, 11.679 real sec
[M::process] read 81362 sequences (10000232 bp)...
[M::mem_process_seqs] Processed 80680 reads in 10.333 CPU sec, 11.117 real sec
[M::process] read 81532 sequences (10000129 bp)...
[M::mem_process_seqs] Processed 81362 reads in 10.866 CPU sec, 11.481 real sec
[M::process] read 81964 sequences (10000140 bp)...
[M::mem_process_seqs] Processed 81532 reads in 10.967 CPU sec, 11.515 real sec
[M::process] read 82072 sequences (10000061 bp)...
[M::mem_process_seqs] Processed 81964 reads in 10.652 CPU sec, 11.530 real sec
[M::process] read 82156 sequences (10000160 bp)...
[M::mem_process_seqs] Processed 82072 reads in 10.953 CPU sec, 11.806 real sec
[M::process] read 82180 sequences (10000121 bp)...
[M::mem_process_seqs] Processed 82156 reads in 11.042 CPU sec, 11.603 real sec
[M::process] read 82236 sequences (10000131 bp)...
[M::mem_process_seqs] Processed 82180 reads in 11.159 CPU sec, 12.535 real sec
[M::process] read 81788 sequences (10000120 bp)...
[M::mem_process_seqs] Processed 82236 reads in 10.951 CPU sec, 11.543 real sec
[M::process] read 82278 sequences (10000061 bp)...
[M::mem_process_seqs] Processed 81788 reads in 10.327 CPU sec, 11.087 real sec
[M::process] read 82162 sequences (10000192 bp)...
[M::mem_process_seqs] Processed 82278 reads in 12.005 CPU sec, 12.548 real sec
[M::process] read 81862 sequences (10000182 bp)...
[M::mem_process_seqs] Processed 82162 reads in 10.850 CPU sec, 11.480 real sec
[M::process] read 82114 sequences (10000018 bp)...
[M::mem_process_seqs] Processed 81862 reads in 10.420 CPU sec, 10.934 real sec
[M::process] read 82310 sequences (10000141 bp)...
[M::mem_process_seqs] Processed 82114 reads in 11.019 CPU sec, 11.567 real sec
[M::process] read 81286 sequences (10000235 bp)...
[M::mem_process_seqs] Processed 82310 reads in 11.343 CPU sec, 12.259 real sec
[M::process] read 82438 sequences (10000156 bp)...
[M::mem_process_seqs] Processed 81286 reads in 11.394 CPU sec, 11.865 real sec
[M::process] read 81960 sequences (10000213 bp)...
[M::mem_process_seqs] Processed 82438 reads in 11.557 CPU sec, 12.247 real sec
[M::process] read 82218 sequences (10000136 bp)...
[M::mem_process_seqs] Processed 81960 reads in 11.019 CPU sec, 11.949 real sec
[M::process] read 82178 sequences (10000205 bp)...
[M::mem_process_seqs] Processed 82218 reads in 10.950 CPU sec, 11.102 real sec
[M::process] read 82050 sequences (10000167 bp)...
[M::mem_process_seqs] Processed 82178 reads in 12.434 CPU sec, 12.783 real sec
[M::process] read 81976 sequences (10000172 bp)...
[M::mem_process_seqs] Processed 82050 reads in 10.568 CPU sec, 11.149 real sec
[M::process] read 82096 sequences (10000192 bp)...
[M::mem_process_seqs] Processed 81976 reads in 10.681 CPU sec, 11.110 real sec
[M::process] read 82090 sequences (10000031 bp)...
[M::mem_process_seqs] Processed 82096 reads in 11.597 CPU sec, 12.356 real sec
[M::process] read 82274 sequences (10000241 bp)...
[M::mem_process_seqs] Processed 82090 reads in 11.138 CPU sec, 11.438 real sec
[M::process] read 82320 sequences (10000246 bp)...
[M::mem_process_seqs] Processed 82274 reads in 10.451 CPU sec, 11.258 real sec
[M::process] read 45402 sequences (5535291 bp)...
[M::mem_process_seqs] Processed 82320 reads in 10.368 CPU sec, 11.073 real sec
[M::mem_process_seqs] Processed 45402 reads in 5.701 CPU sec, 6.194 real sec
[main] Version: 0.7.17-r1188
[main] CMD: bwa mem -L 5 -I 649.717,76.9433,1631,308 -t 1 -a -M -T 30 -A 1 -B 4 -O 6 -R @RG\tID:Gmi-ABas_005-GmA02005-L1-fp1-clmp-fp2-fqscrn-repr\tSM:Gmi-ABas_005-GmA02005-L1-fp1-clmp-fp2-fqscrn-repr\tPL:Illumina reference.rad.RAW-10-10.fasta Gmi-ABas_005-GmA02005-L1-fp1-clmp-fp2-fqscrn-repr.R1.fq.gz Gmi-ABas_005-GmA02005-L1-fp1-clmp-fp2-fqscrn-repr.R2.fq.gz
[main] Real time: 333.595 sec; CPU: 314.381 sec
