[M::main_mem] mean insert size: 649.717, stddev: 76.943, max: 1631, min: 308
[M::bwa_idx_load_from_disk] read 0 ALT contigs
[M::process] read 85828 sequences (10000197 bp)...
[M::process] read 85638 sequences (10000140 bp)...
[M::mem_process_seqs] Processed 85828 reads in 10.842 CPU sec, 10.510 real sec
[M::process] read 84356 sequences (10000165 bp)...
[M::mem_process_seqs] Processed 85638 reads in 10.872 CPU sec, 11.278 real sec
[M::process] read 84492 sequences (10000021 bp)...
[M::mem_process_seqs] Processed 84356 reads in 10.403 CPU sec, 10.929 real sec
[M::process] read 85044 sequences (10000090 bp)...
[M::mem_process_seqs] Processed 84492 reads in 11.088 CPU sec, 11.578 real sec
[M::process] read 85454 sequences (10000091 bp)...
[M::mem_process_seqs] Processed 85044 reads in 10.560 CPU sec, 11.526 real sec
[M::process] read 85526 sequences (10000112 bp)...
[M::mem_process_seqs] Processed 85454 reads in 11.186 CPU sec, 12.070 real sec
[M::process] read 85572 sequences (10000022 bp)...
[M::mem_process_seqs] Processed 85526 reads in 10.781 CPU sec, 10.877 real sec
[M::process] read 85640 sequences (10000062 bp)...
[M::mem_process_seqs] Processed 85572 reads in 10.930 CPU sec, 11.965 real sec
[M::process] read 85176 sequences (10000017 bp)...
[M::mem_process_seqs] Processed 85640 reads in 11.161 CPU sec, 11.506 real sec
[M::process] read 85376 sequences (10000129 bp)...
[M::mem_process_seqs] Processed 85176 reads in 10.657 CPU sec, 11.209 real sec
[M::process] read 85430 sequences (10000001 bp)...
[M::mem_process_seqs] Processed 85376 reads in 11.227 CPU sec, 11.575 real sec
[M::process] read 85862 sequences (10000140 bp)...
[M::mem_process_seqs] Processed 85430 reads in 10.908 CPU sec, 11.454 real sec
[M::process] read 85048 sequences (10000035 bp)...
[M::mem_process_seqs] Processed 85862 reads in 10.787 CPU sec, 11.589 real sec
[M::process] read 85630 sequences (10000064 bp)...
[M::mem_process_seqs] Processed 85048 reads in 10.875 CPU sec, 11.185 real sec
[M::process] read 85560 sequences (10000008 bp)...
[M::mem_process_seqs] Processed 85630 reads in 10.941 CPU sec, 11.638 real sec
[M::process] read 85542 sequences (10000140 bp)...
[M::mem_process_seqs] Processed 85560 reads in 11.047 CPU sec, 11.331 real sec
[M::process] read 85660 sequences (10000022 bp)...
[M::mem_process_seqs] Processed 85542 reads in 11.517 CPU sec, 12.440 real sec
[M::process] read 85188 sequences (10000105 bp)...
[M::mem_process_seqs] Processed 85660 reads in 12.710 CPU sec, 13.269 real sec
[M::process] read 85582 sequences (10000265 bp)...
[M::mem_process_seqs] Processed 85188 reads in 10.926 CPU sec, 11.468 real sec
[M::process] read 85564 sequences (10000280 bp)...
[M::mem_process_seqs] Processed 85582 reads in 10.808 CPU sec, 11.294 real sec
[M::process] read 85762 sequences (10000070 bp)...
[M::mem_process_seqs] Processed 85564 reads in 11.362 CPU sec, 12.038 real sec
[M::process] read 51384 sequences (5999322 bp)...
[M::mem_process_seqs] Processed 85762 reads in 10.617 CPU sec, 10.946 real sec
[M::mem_process_seqs] Processed 51384 reads in 6.558 CPU sec, 6.992 real sec
[main] Version: 0.7.17-r1188
[main] CMD: bwa mem -L 5 -I 649.717,76.9433,1631,308 -t 1 -a -M -T 30 -A 1 -B 4 -O 6 -R @RG\tID:Gmi-ABas_017-GmA02017-L1-fp1-clmp-fp2-fqscrn-repr\tSM:Gmi-ABas_017-GmA02017-L1-fp1-clmp-fp2-fqscrn-repr\tPL:Illumina reference.rad.RAW-10-10.fasta Gmi-ABas_017-GmA02017-L1-fp1-clmp-fp2-fqscrn-repr.R1.fq.gz Gmi-ABas_017-GmA02017-L1-fp1-clmp-fp2-fqscrn-repr.R2.fq.gz
[main] Real time: 262.013 sec; CPU: 249.374 sec
