[M::main_mem] mean insert size: 649.717, stddev: 76.943, max: 1631, min: 308
[M::bwa_idx_load_from_disk] read 0 ALT contigs
[M::process] read 76838 sequences (10000093 bp)...
[M::process] read 76984 sequences (10000019 bp)...
[M::mem_process_seqs] Processed 76838 reads in 12.294 CPU sec, 12.263 real sec
[M::process] read 75472 sequences (10000278 bp)...
[M::mem_process_seqs] Processed 76984 reads in 12.888 CPU sec, 13.776 real sec
[M::process] read 74258 sequences (10000074 bp)...
[M::mem_process_seqs] Processed 75472 reads in 11.574 CPU sec, 12.032 real sec
[M::process] read 68906 sequences (10000207 bp)...
[M::mem_process_seqs] Processed 74258 reads in 9.937 CPU sec, 10.542 real sec
[M::process] read 69260 sequences (10000132 bp)...
[M::mem_process_seqs] Processed 68906 reads in 6.148 CPU sec, 7.107 real sec
[M::process] read 72770 sequences (10000183 bp)...
[M::mem_process_seqs] Processed 69260 reads in 6.078 CPU sec, 6.498 real sec
[M::process] read 71060 sequences (10000128 bp)...
[M::mem_process_seqs] Processed 72770 reads in 8.407 CPU sec, 8.576 real sec
[M::process] read 75614 sequences (10000003 bp)...
[M::mem_process_seqs] Processed 71060 reads in 6.743 CPU sec, 7.208 real sec
[M::process] read 70146 sequences (10000263 bp)...
[M::mem_process_seqs] Processed 75614 reads in 13.151 CPU sec, 13.724 real sec
[M::process] read 73936 sequences (10000086 bp)...
[M::mem_process_seqs] Processed 70146 reads in 7.195 CPU sec, 7.786 real sec
[M::process] read 70358 sequences (10000048 bp)...
[M::mem_process_seqs] Processed 73936 reads in 10.697 CPU sec, 10.942 real sec
[M::process] read 74512 sequences (10000035 bp)...
[M::mem_process_seqs] Processed 70358 reads in 10.588 CPU sec, 11.811 real sec
[M::process] read 75586 sequences (10000154 bp)...
[M::mem_process_seqs] Processed 74512 reads in 11.374 CPU sec, 11.754 real sec
[M::process] read 75812 sequences (10000143 bp)...
[M::mem_process_seqs] Processed 75586 reads in 10.400 CPU sec, 11.509 real sec
[M::process] read 74532 sequences (10000100 bp)...
[M::mem_process_seqs] Processed 75812 reads in 13.733 CPU sec, 14.333 real sec
[M::process] read 75736 sequences (10000224 bp)...
[M::mem_process_seqs] Processed 74532 reads in 10.570 CPU sec, 11.042 real sec
[M::process] read 77060 sequences (10000147 bp)...
[M::mem_process_seqs] Processed 75736 reads in 13.702 CPU sec, 13.967 real sec
[M::process] read 76642 sequences (10000175 bp)...
[M::mem_process_seqs] Processed 77060 reads in 12.242 CPU sec, 12.494 real sec
[M::process] read 73320 sequences (10000017 bp)...
[M::mem_process_seqs] Processed 76642 reads in 13.006 CPU sec, 14.084 real sec
[M::process] read 74074 sequences (10000032 bp)...
[M::mem_process_seqs] Processed 73320 reads in 9.158 CPU sec, 9.926 real sec
[M::process] read 76376 sequences (10000174 bp)...
[M::mem_process_seqs] Processed 74074 reads in 10.353 CPU sec, 10.646 real sec
[M::process] read 75746 sequences (10000084 bp)...
[M::mem_process_seqs] Processed 76376 reads in 14.375 CPU sec, 15.474 real sec
[M::process] read 73188 sequences (10000039 bp)...
[M::mem_process_seqs] Processed 75746 reads in 11.821 CPU sec, 12.414 real sec
[M::process] read 75010 sequences (10000083 bp)...
[M::mem_process_seqs] Processed 73188 reads in 9.218 CPU sec, 9.796 real sec
[M::process] read 75164 sequences (10000120 bp)...
[M::mem_process_seqs] Processed 75010 reads in 12.218 CPU sec, 12.970 real sec
[M::process] read 76728 sequences (10000058 bp)...
[M::mem_process_seqs] Processed 75164 reads in 10.881 CPU sec, 11.398 real sec
[M::process] read 72450 sequences (10000106 bp)...
[M::mem_process_seqs] Processed 76728 reads in 14.479 CPU sec, 15.338 real sec
[M::process] read 70090 sequences (10000240 bp)...
[M::mem_process_seqs] Processed 72450 reads in 12.345 CPU sec, 13.709 real sec
[M::process] read 75810 sequences (10000151 bp)...
[M::mem_process_seqs] Processed 70090 reads in 13.520 CPU sec, 13.801 real sec
[M::process] read 75000 sequences (10000085 bp)...
[M::mem_process_seqs] Processed 75810 reads in 14.071 CPU sec, 14.346 real sec
[M::process] read 74772 sequences (10000200 bp)...
[M::mem_process_seqs] Processed 75000 reads in 10.330 CPU sec, 10.629 real sec
[M::process] read 76746 sequences (10000263 bp)...
[M::mem_process_seqs] Processed 74772 reads in 10.456 CPU sec, 11.144 real sec
[M::process] read 77102 sequences (10000089 bp)...
[M::mem_process_seqs] Processed 76746 reads in 12.465 CPU sec, 13.187 real sec
[M::process] read 76898 sequences (10000255 bp)...
[M::mem_process_seqs] Processed 77102 reads in 12.454 CPU sec, 12.536 real sec
[M::process] read 72808 sequences (10000146 bp)...
[M::mem_process_seqs] Processed 76898 reads in 15.234 CPU sec, 16.580 real sec
[M::process] read 71980 sequences (10000179 bp)...
[M::mem_process_seqs] Processed 72808 reads in 9.996 CPU sec, 10.287 real sec
[M::process] read 75936 sequences (10000228 bp)...
[M::mem_process_seqs] Processed 71980 reads in 14.131 CPU sec, 14.828 real sec
[M::process] read 76560 sequences (10000031 bp)...
[M::mem_process_seqs] Processed 75936 reads in 10.452 CPU sec, 11.464 real sec
[M::process] read 76762 sequences (10000222 bp)...
[M::mem_process_seqs] Processed 76560 reads in 14.409 CPU sec, 14.782 real sec
[M::process] read 76792 sequences (10000148 bp)...
[M::mem_process_seqs] Processed 76762 reads in 14.704 CPU sec, 15.616 real sec
[M::process] read 75890 sequences (10000037 bp)...
[M::mem_process_seqs] Processed 76792 reads in 11.975 CPU sec, 12.675 real sec
[M::process] read 40230 sequences (5337016 bp)...
[M::mem_process_seqs] Processed 75890 reads in 10.695 CPU sec, 11.492 real sec
[M::mem_process_seqs] Processed 40230 reads in 6.063 CPU sec, 6.653 real sec
[main] Version: 0.7.17-r1188
[main] CMD: bwa mem -L 5 -I 649.717,76.9433,1631,308 -t 1 -a -M -T 30 -A 1 -B 4 -O 6 -R @RG\tID:Gmi-ABas_034-GmA02034-L1-fp1-clmp-fp2-fqscrn-repr\tSM:Gmi-ABas_034-GmA02034-L1-fp1-clmp-fp2-fqscrn-repr\tPL:Illumina reference.rad.RAW-10-10.fasta Gmi-ABas_034-GmA02034-L1-fp1-clmp-fp2-fqscrn-repr.R1.fq.gz Gmi-ABas_034-GmA02034-L1-fp1-clmp-fp2-fqscrn-repr.R2.fq.gz
[main] Real time: 516.480 sec; CPU: 487.055 sec
