[M::main_mem] mean insert size: 649.717, stddev: 76.943, max: 1631, min: 308
[M::bwa_idx_load_from_disk] read 0 ALT contigs
[M::process] read 73574 sequences (10000195 bp)...
[M::process] read 73476 sequences (10000169 bp)...
[M::mem_process_seqs] Processed 73574 reads in 8.277 CPU sec, 8.000 real sec
[M::process] read 73956 sequences (10000026 bp)...
[M::mem_process_seqs] Processed 73476 reads in 8.146 CPU sec, 8.431 real sec
[M::process] read 73482 sequences (10000106 bp)...
[M::mem_process_seqs] Processed 73956 reads in 7.980 CPU sec, 8.061 real sec
[M::process] read 73480 sequences (10000054 bp)...
[M::mem_process_seqs] Processed 73482 reads in 8.107 CPU sec, 8.218 real sec
[M::process] read 73556 sequences (10000014 bp)...
[M::mem_process_seqs] Processed 73480 reads in 8.075 CPU sec, 8.409 real sec
[M::process] read 73100 sequences (10000021 bp)...
[M::mem_process_seqs] Processed 73556 reads in 8.198 CPU sec, 9.068 real sec
[M::process] read 73366 sequences (10000183 bp)...
[M::mem_process_seqs] Processed 73100 reads in 7.949 CPU sec, 8.595 real sec
[M::process] read 73438 sequences (10000167 bp)...
[M::mem_process_seqs] Processed 73366 reads in 8.338 CPU sec, 8.876 real sec
[M::process] read 73618 sequences (10000184 bp)...
[M::mem_process_seqs] Processed 73438 reads in 8.028 CPU sec, 8.422 real sec
[M::process] read 73468 sequences (10000092 bp)...
[M::mem_process_seqs] Processed 73618 reads in 8.174 CPU sec, 8.549 real sec
[M::process] read 73474 sequences (10000047 bp)...
[M::mem_process_seqs] Processed 73468 reads in 7.953 CPU sec, 8.801 real sec
[M::process] read 73526 sequences (10000077 bp)...
[M::mem_process_seqs] Processed 73474 reads in 8.141 CPU sec, 8.748 real sec
[M::process] read 73510 sequences (10000092 bp)...
[M::mem_process_seqs] Processed 73526 reads in 7.831 CPU sec, 8.442 real sec
[M::process] read 73376 sequences (10000232 bp)...
[M::mem_process_seqs] Processed 73510 reads in 7.926 CPU sec, 8.190 real sec
[M::process] read 73578 sequences (10000148 bp)...
[M::mem_process_seqs] Processed 73376 reads in 8.205 CPU sec, 8.929 real sec
[M::process] read 73532 sequences (10000286 bp)...
[M::mem_process_seqs] Processed 73578 reads in 8.074 CPU sec, 9.382 real sec
[M::process] read 73472 sequences (10000007 bp)...
[M::mem_process_seqs] Processed 73532 reads in 7.814 CPU sec, 8.085 real sec
[M::process] read 73592 sequences (10000021 bp)...
[M::mem_process_seqs] Processed 73472 reads in 7.922 CPU sec, 8.076 real sec
[M::process] read 73410 sequences (10000106 bp)...
[M::mem_process_seqs] Processed 73592 reads in 7.878 CPU sec, 7.927 real sec
[M::process] read 73656 sequences (10000263 bp)...
[M::mem_process_seqs] Processed 73410 reads in 8.761 CPU sec, 9.033 real sec
[M::process] read 73476 sequences (10000179 bp)...
[M::mem_process_seqs] Processed 73656 reads in 8.679 CPU sec, 8.810 real sec
[M::process] read 73472 sequences (10000190 bp)...
[M::mem_process_seqs] Processed 73476 reads in 8.148 CPU sec, 9.121 real sec
[M::process] read 73566 sequences (10000296 bp)...
[M::mem_process_seqs] Processed 73472 reads in 8.808 CPU sec, 9.387 real sec
[M::process] read 73536 sequences (10000262 bp)...
[M::mem_process_seqs] Processed 73566 reads in 8.084 CPU sec, 8.671 real sec
[M::process] read 73480 sequences (10000131 bp)...
[M::mem_process_seqs] Processed 73536 reads in 7.980 CPU sec, 8.226 real sec
[M::process] read 73610 sequences (10000187 bp)...
[M::mem_process_seqs] Processed 73480 reads in 8.323 CPU sec, 8.711 real sec
[M::process] read 73576 sequences (10000004 bp)...
[M::mem_process_seqs] Processed 73610 reads in 8.225 CPU sec, 9.473 real sec
[M::process] read 73462 sequences (10000057 bp)...
[M::mem_process_seqs] Processed 73576 reads in 8.048 CPU sec, 8.301 real sec
[M::process] read 73462 sequences (10000000 bp)...
[M::mem_process_seqs] Processed 73462 reads in 8.260 CPU sec, 8.915 real sec
[M::process] read 73444 sequences (10000206 bp)...
[M::mem_process_seqs] Processed 73462 reads in 8.371 CPU sec, 9.417 real sec
[M::process] read 73562 sequences (10000091 bp)...
[M::mem_process_seqs] Processed 73444 reads in 8.181 CPU sec, 8.512 real sec
[M::process] read 73532 sequences (10000088 bp)...
[M::mem_process_seqs] Processed 73562 reads in 8.372 CPU sec, 8.496 real sec
[M::process] read 73572 sequences (10000262 bp)...
[M::mem_process_seqs] Processed 73532 reads in 7.949 CPU sec, 8.407 real sec
[M::process] read 73438 sequences (10000010 bp)...
[M::mem_process_seqs] Processed 73572 reads in 8.293 CPU sec, 8.611 real sec
[M::process] read 73540 sequences (10000189 bp)...
[M::mem_process_seqs] Processed 73438 reads in 7.998 CPU sec, 8.145 real sec
[M::process] read 73444 sequences (10000064 bp)...
[M::mem_process_seqs] Processed 73540 reads in 8.078 CPU sec, 8.569 real sec
[M::process] read 73522 sequences (10000264 bp)...
[M::mem_process_seqs] Processed 73444 reads in 8.461 CPU sec, 9.260 real sec
[M::process] read 73450 sequences (10000224 bp)...
[M::mem_process_seqs] Processed 73522 reads in 8.259 CPU sec, 8.412 real sec
[M::process] read 73542 sequences (10000280 bp)...
[M::mem_process_seqs] Processed 73450 reads in 8.083 CPU sec, 8.448 real sec
[M::process] read 73394 sequences (10000286 bp)...
[M::mem_process_seqs] Processed 73542 reads in 7.980 CPU sec, 8.055 real sec
[M::process] read 73582 sequences (10000231 bp)...
[M::mem_process_seqs] Processed 73394 reads in 9.309 CPU sec, 9.935 real sec
[M::process] read 73502 sequences (10000163 bp)...
[M::mem_process_seqs] Processed 73582 reads in 8.252 CPU sec, 8.489 real sec
[M::process] read 73546 sequences (10000095 bp)...
[M::mem_process_seqs] Processed 73502 reads in 8.403 CPU sec, 8.692 real sec
[M::process] read 73532 sequences (10000113 bp)...
[M::mem_process_seqs] Processed 73546 reads in 8.157 CPU sec, 8.828 real sec
[M::process] read 73586 sequences (10000038 bp)...
[M::mem_process_seqs] Processed 73532 reads in 8.712 CPU sec, 9.409 real sec
[M::process] read 73494 sequences (10000218 bp)...
[M::mem_process_seqs] Processed 73586 reads in 8.632 CPU sec, 8.973 real sec
[M::process] read 73430 sequences (10000176 bp)...
[M::mem_process_seqs] Processed 73494 reads in 8.014 CPU sec, 8.053 real sec
[M::process] read 73576 sequences (10000250 bp)...
[M::mem_process_seqs] Processed 73430 reads in 7.985 CPU sec, 8.306 real sec
[M::process] read 73526 sequences (10000201 bp)...
[M::mem_process_seqs] Processed 73576 reads in 8.033 CPU sec, 8.423 real sec
[M::process] read 73460 sequences (10000108 bp)...
[M::mem_process_seqs] Processed 73526 reads in 7.569 CPU sec, 7.989 real sec
[M::process] read 73484 sequences (10000289 bp)...
[M::mem_process_seqs] Processed 73460 reads in 7.760 CPU sec, 8.217 real sec
[M::process] read 73492 sequences (10000005 bp)...
[M::mem_process_seqs] Processed 73484 reads in 8.218 CPU sec, 8.693 real sec
[M::process] read 73660 sequences (10000007 bp)...
[M::mem_process_seqs] Processed 73492 reads in 8.376 CPU sec, 8.405 real sec
[M::process] read 73468 sequences (10000082 bp)...
[M::mem_process_seqs] Processed 73660 reads in 7.717 CPU sec, 8.131 real sec
[M::process] read 73598 sequences (10000001 bp)...
[M::mem_process_seqs] Processed 73468 reads in 8.833 CPU sec, 9.176 real sec
[M::process] read 73524 sequences (10000017 bp)...
[M::mem_process_seqs] Processed 73598 reads in 7.628 CPU sec, 7.878 real sec
[M::process] read 73580 sequences (10000203 bp)...
[M::mem_process_seqs] Processed 73524 reads in 7.874 CPU sec, 8.052 real sec
[M::process] read 73558 sequences (10000052 bp)...
[M::mem_process_seqs] Processed 73580 reads in 8.691 CPU sec, 8.946 real sec
[M::process] read 73572 sequences (10000147 bp)...
[M::mem_process_seqs] Processed 73558 reads in 8.171 CPU sec, 8.487 real sec
[M::process] read 14716 sequences (2001806 bp)...
[M::mem_process_seqs] Processed 73572 reads in 7.988 CPU sec, 8.355 real sec
[M::mem_process_seqs] Processed 14716 reads in 1.825 CPU sec, 2.092 real sec
[main] Version: 0.7.17-r1188
[main] CMD: bwa mem -L 5 -I 649.717,76.9433,1631,308 -t 1 -a -M -T 30 -A 1 -B 4 -O 6 -R @RG\tID:Gmi-ABas_008-GmA02008-L1-fp1-clmp-fp2-fqscrn-repr\tSM:Gmi-ABas_008-GmA02008-L1-fp1-clmp-fp2-fqscrn-repr\tPL:Illumina reference.rad.RAW-10-10.fasta Gmi-ABas_008-GmA02008-L1-fp1-clmp-fp2-fqscrn-repr.R1.fq.gz Gmi-ABas_008-GmA02008-L1-fp1-clmp-fp2-fqscrn-repr.R2.fq.gz
[main] Real time: 520.233 sec; CPU: 493.023 sec
