****                   ADMIXTURE Version 1.3.0                  ****
****                    Copyright 2008-2015                     ****
****           David Alexander, Suyash Shringarpure,            ****
****                John  Novembre, Ken Lange                   ****
****                                                            ****
****                 Please cite our paper!                     ****
****   Information at www.genetics.ucla.edu/software/admixture  ****

Cross-validation will be performed.  Folds=5.
Random seed: 43
Point estimation method: Block relaxation algorithm
Convergence acceleration algorithm: QuasiNewton, 3 secant conditions
Point estimation will terminate when objective function delta < 0.0001
Estimation of standard errors disabled; will compute point estimates only.
Size of G: 81x10934
Performing five EM steps to prime main algorithm
1 (EM) 	Elapsed: 0.062	Loglikelihood: -563284	(delta): 697245
2 (EM) 	Elapsed: 0.063	Loglikelihood: -537002	(delta): 26281.7
3 (EM) 	Elapsed: 0.063	Loglikelihood: -530178	(delta): 6824.22
4 (EM) 	Elapsed: 0.061	Loglikelihood: -526039	(delta): 4138.81
5 (EM) 	Elapsed: 0.061	Loglikelihood: -523109	(delta): 2929.67
Initial loglikelihood: -523109
Starting main algorithm
1 (QN/Block) 	Elapsed: 0.196	Loglikelihood: -510366	(delta): 12743.7
2 (QN/Block) 	Elapsed: 0.2	Loglikelihood: -507147	(delta): 3218.65
3 (QN/Block) 	Elapsed: 0.225	Loglikelihood: -504759	(delta): 2387.79
4 (QN/Block) 	Elapsed: 0.22	Loglikelihood: -503254	(delta): 1505.01
5 (QN/Block) 	Elapsed: 0.21	Loglikelihood: -502543	(delta): 711.575
6 (QN/Block) 	Elapsed: 0.213	Loglikelihood: -501948	(delta): 594.293
7 (QN/Block) 	Elapsed: 0.212	Loglikelihood: -501557	(delta): 391.112
8 (QN/Block) 	Elapsed: 0.212	Loglikelihood: -501399	(delta): 157.994
9 (QN/Block) 	Elapsed: 0.214	Loglikelihood: -501320	(delta): 79.1765
10 (QN/Block) 	Elapsed: 0.208	Loglikelihood: -501283	(delta): 37.4087
11 (QN/Block) 	Elapsed: 0.21	Loglikelihood: -501262	(delta): 20.3771
12 (QN/Block) 	Elapsed: 0.209	Loglikelihood: -501242	(delta): 20.208
13 (QN/Block) 	Elapsed: 0.208	Loglikelihood: -501228	(delta): 13.8724
14 (QN/Block) 	Elapsed: 0.208	Loglikelihood: -501213	(delta): 14.8663
15 (QN/Block) 	Elapsed: 0.203	Loglikelihood: -501201	(delta): 12.6487
16 (QN/Block) 	Elapsed: 0.298	Loglikelihood: -501194	(delta): 6.64045
17 (QN/Block) 	Elapsed: 0.235	Loglikelihood: -501193	(delta): 1.26685
18 (QN/Block) 	Elapsed: 0.227	Loglikelihood: -501191	(delta): 1.86343
19 (QN/Block) 	Elapsed: 0.224	Loglikelihood: -501187	(delta): 3.57393
20 (QN/Block) 	Elapsed: 0.225	Loglikelihood: -501180	(delta): 7.44242
21 (QN/Block) 	Elapsed: 0.225	Loglikelihood: -501167	(delta): 12.3752
22 (QN/Block) 	Elapsed: 0.217	Loglikelihood: -501163	(delta): 4.77169
23 (QN/Block) 	Elapsed: 0.214	Loglikelihood: -501153	(delta): 9.34709
24 (QN/Block) 	Elapsed: 0.212	Loglikelihood: -501148	(delta): 5.36715
25 (QN/Block) 	Elapsed: 0.207	Loglikelihood: -501143	(delta): 4.69572
26 (QN/Block) 	Elapsed: 0.217	Loglikelihood: -501141	(delta): 1.83845
27 (QN/Block) 	Elapsed: 0.208	Loglikelihood: -501140	(delta): 1.49583
28 (QN/Block) 	Elapsed: 0.215	Loglikelihood: -501138	(delta): 1.63445
29 (QN/Block) 	Elapsed: 0.206	Loglikelihood: -501137	(delta): 1.41656
30 (QN/Block) 	Elapsed: 0.207	Loglikelihood: -501136	(delta): 1.01665
31 (QN/Block) 	Elapsed: 0.212	Loglikelihood: -501134	(delta): 1.37496
32 (QN/Block) 	Elapsed: 0.238	Loglikelihood: -501133	(delta): 1.77183
33 (QN/Block) 	Elapsed: 0.236	Loglikelihood: -501130	(delta): 2.31845
34 (QN/Block) 	Elapsed: 0.227	Loglikelihood: -501129	(delta): 0.922553
35 (QN/Block) 	Elapsed: 0.229	Loglikelihood: -501127	(delta): 1.95722
36 (QN/Block) 	Elapsed: 0.227	Loglikelihood: -501123	(delta): 4.04741
37 (QN/Block) 	Elapsed: 0.231	Loglikelihood: -501121	(delta): 2.64974
38 (QN/Block) 	Elapsed: 0.263	Loglikelihood: -501120	(delta): 1.14331
39 (QN/Block) 	Elapsed: 0.226	Loglikelihood: -501118	(delta): 1.7953
40 (QN/Block) 	Elapsed: 0.221	Loglikelihood: -501117	(delta): 0.650508
41 (QN/Block) 	Elapsed: 0.197	Loglikelihood: -501117	(delta): 0.392599
42 (QN/Block) 	Elapsed: 0.216	Loglikelihood: -501117	(delta): 0.0462053
43 (QN/Block) 	Elapsed: 0.207	Loglikelihood: -501117	(delta): 0.0291964
44 (QN/Block) 	Elapsed: 0.227	Loglikelihood: -501117	(delta): 0.011179
45 (QN/Block) 	Elapsed: 0.203	Loglikelihood: -501117	(delta): 0.0103208
46 (QN/Block) 	Elapsed: 0.198	Loglikelihood: -501117	(delta): 0.00753701
47 (QN/Block) 	Elapsed: 0.207	Loglikelihood: -501117	(delta): 0.0157957
48 (QN/Block) 	Elapsed: 0.207	Loglikelihood: -501117	(delta): 0.0172055
49 (QN/Block) 	Elapsed: 0.197	Loglikelihood: -501117	(delta): 0.0200406
50 (QN/Block) 	Elapsed: 0.225	Loglikelihood: -501117	(delta): 0.0109853
51 (QN/Block) 	Elapsed: 0.218	Loglikelihood: -501117	(delta): 0.0348689
52 (QN/Block) 	Elapsed: 0.229	Loglikelihood: -501116	(delta): 0.156301
53 (QN/Block) 	Elapsed: 0.225	Loglikelihood: -501116	(delta): 0.0161001
54 (QN/Block) 	Elapsed: 0.2	Loglikelihood: -501116	(delta): 0.0214222
55 (QN/Block) 	Elapsed: 0.203	Loglikelihood: -501116	(delta): 0.0106703
56 (QN/Block) 	Elapsed: 0.202	Loglikelihood: -501116	(delta): 0.00274455
57 (QN/Block) 	Elapsed: 0.199	Loglikelihood: -501116	(delta): 0.000884581
58 (QN/Block) 	Elapsed: 0.199	Loglikelihood: -501116	(delta): 0.000632314
59 (QN/Block) 	Elapsed: 0.198	Loglikelihood: -501116	(delta): 0.000264913
60 (QN/Block) 	Elapsed: 0.252	Loglikelihood: -501116	(delta): 4.88632e-05
Summary: 
Converged in 60 iterations (13.907 sec)
Loglikelihood: -501116.381610
Fst divergences between estimated populations: 
	Pop0	Pop1	Pop2	Pop3	
Pop0	
Pop1	0.107	
Pop2	0.164	0.130	
Pop3	0.090	0.047	0.114	
Pop4	0.091	0.044	0.112	0.030	
CV error (K=5): 0.55250
Writing output files.
