****                   ADMIXTURE Version 1.3.0                  ****
****                    Copyright 2008-2015                     ****
****           David Alexander, Suyash Shringarpure,            ****
****                John  Novembre, Ken Lange                   ****
****                                                            ****
****                 Please cite our paper!                     ****
****   Information at www.genetics.ucla.edu/software/admixture  ****

Cross-validation will be performed.  Folds=5.
Random seed: 43
Point estimation method: Block relaxation algorithm
Convergence acceleration algorithm: QuasiNewton, 3 secant conditions
Point estimation will terminate when objective function delta < 0.0001
Estimation of standard errors disabled; will compute point estimates only.
Size of G: 81x10934
Performing five EM steps to prime main algorithm
1 (EM) 	Elapsed: 0.036	Loglikelihood: -561882	(delta): 783073
2 (EM) 	Elapsed: 0.035	Loglikelihood: -537775	(delta): 24106.9
3 (EM) 	Elapsed: 0.036	Loglikelihood: -531399	(delta): 6375.58
4 (EM) 	Elapsed: 0.035	Loglikelihood: -527881	(delta): 3518.28
5 (EM) 	Elapsed: 0.035	Loglikelihood: -525692	(delta): 2188.37
Initial loglikelihood: -525692
Starting main algorithm
1 (QN/Block) 	Elapsed: 0.099	Loglikelihood: -519649	(delta): 6043.2
2 (QN/Block) 	Elapsed: 0.101	Loglikelihood: -518213	(delta): 1436.46
3 (QN/Block) 	Elapsed: 0.124	Loglikelihood: -517310	(delta): 903.193
4 (QN/Block) 	Elapsed: 0.129	Loglikelihood: -516634	(delta): 675.832
5 (QN/Block) 	Elapsed: 0.128	Loglikelihood: -516098	(delta): 535.815
6 (QN/Block) 	Elapsed: 0.125	Loglikelihood: -515472	(delta): 625.796
7 (QN/Block) 	Elapsed: 0.125	Loglikelihood: -515040	(delta): 432.104
8 (QN/Block) 	Elapsed: 0.124	Loglikelihood: -514819	(delta): 221.171
9 (QN/Block) 	Elapsed: 0.116	Loglikelihood: -514622	(delta): 196.506
10 (QN/Block) 	Elapsed: 0.124	Loglikelihood: -514345	(delta): 277.321
11 (QN/Block) 	Elapsed: 0.115	Loglikelihood: -514036	(delta): 308.99
12 (QN/Block) 	Elapsed: 0.116	Loglikelihood: -513872	(delta): 163.635
13 (QN/Block) 	Elapsed: 0.137	Loglikelihood: -513750	(delta): 121.974
14 (QN/Block) 	Elapsed: 0.116	Loglikelihood: -513720	(delta): 30.7146
15 (QN/Block) 	Elapsed: 0.116	Loglikelihood: -513704	(delta): 15.5448
16 (QN/Block) 	Elapsed: 0.125	Loglikelihood: -513681	(delta): 22.8063
17 (QN/Block) 	Elapsed: 0.115	Loglikelihood: -513667	(delta): 14.3104
18 (QN/Block) 	Elapsed: 0.116	Loglikelihood: -513662	(delta): 4.92557
19 (QN/Block) 	Elapsed: 0.121	Loglikelihood: -513655	(delta): 7.1307
20 (QN/Block) 	Elapsed: 0.12	Loglikelihood: -513645	(delta): 10.0319
21 (QN/Block) 	Elapsed: 0.129	Loglikelihood: -513629	(delta): 15.6301
22 (QN/Block) 	Elapsed: 0.138	Loglikelihood: -513595	(delta): 34.1453
23 (QN/Block) 	Elapsed: 0.132	Loglikelihood: -513544	(delta): 50.975
24 (QN/Block) 	Elapsed: 0.136	Loglikelihood: -513533	(delta): 11.2781
25 (QN/Block) 	Elapsed: 0.13	Loglikelihood: -513523	(delta): 9.59923
26 (QN/Block) 	Elapsed: 0.123	Loglikelihood: -513496	(delta): 27.0774
27 (QN/Block) 	Elapsed: 0.121	Loglikelihood: -513457	(delta): 39.2989
28 (QN/Block) 	Elapsed: 0.127	Loglikelihood: -513400	(delta): 56.529
29 (QN/Block) 	Elapsed: 0.134	Loglikelihood: -513394	(delta): 6.65405
30 (QN/Block) 	Elapsed: 0.128	Loglikelihood: -513393	(delta): 0.392364
31 (QN/Block) 	Elapsed: 0.159	Loglikelihood: -513393	(delta): 0.249285
32 (QN/Block) 	Elapsed: 0.117	Loglikelihood: -513393	(delta): 0.249138
33 (QN/Block) 	Elapsed: 0.137	Loglikelihood: -513393	(delta): 0.0627656
34 (QN/Block) 	Elapsed: 0.136	Loglikelihood: -513393	(delta): 0.0718612
35 (QN/Block) 	Elapsed: 0.127	Loglikelihood: -513393	(delta): 0.0679819
36 (QN/Block) 	Elapsed: 0.133	Loglikelihood: -513393	(delta): 0.041569
37 (QN/Block) 	Elapsed: 0.137	Loglikelihood: -513393	(delta): 0.0135688
38 (QN/Block) 	Elapsed: 0.121	Loglikelihood: -513393	(delta): 0.000218572
39 (QN/Block) 	Elapsed: 0.141	Loglikelihood: -513393	(delta): 5.42536e-05
Summary: 
Converged in 39 iterations (5.416 sec)
Loglikelihood: -513392.631297
Fst divergences between estimated populations: 
	Pop0	Pop1	
Pop0	
Pop1	0.127	
Pop2	0.157	0.056	
CV error (K=3): 0.49557
Writing output files.
