[M::bwa_idx_load_from_disk] read 0 ALT contigs
[M::process] read 3178218 sequences (388374452 bp)...
[M::mem_pestat] # candidate unique pairs for (FF, FR, RF, RR): (131, 301315, 130, 97)
[M::mem_pestat] analyzing insert size distribution for orientation FF...
[M::mem_pestat] (25, 50, 75) percentile: (453, 454, 532)
[M::mem_pestat] low and high boundaries for computing mean and std.dev: (295, 690)
[M::mem_pestat] mean and std.dev: (489.50, 44.56)
[M::mem_pestat] low and high boundaries for proper pairs: (216, 769)
[M::mem_pestat] analyzing insert size distribution for orientation FR...
[M::mem_pestat] (25, 50, 75) percentile: (88, 130, 188)
[M::mem_pestat] low and high boundaries for computing mean and std.dev: (1, 388)
[M::mem_pestat] mean and std.dev: (143.15, 76.00)
[M::mem_pestat] low and high boundaries for proper pairs: (1, 488)
[M::mem_pestat] analyzing insert size distribution for orientation RF...
[M::mem_pestat] (25, 50, 75) percentile: (191, 4263, 4263)
[M::mem_pestat] low and high boundaries for computing mean and std.dev: (1, 12407)
[M::mem_pestat] mean and std.dev: (2496.38, 2125.68)
[M::mem_pestat] low and high boundaries for proper pairs: (1, 16479)
[M::mem_pestat] analyzing insert size distribution for orientation RR...
[M::mem_pestat] (25, 50, 75) percentile: (193, 193, 193)
[M::mem_pestat] low and high boundaries for computing mean and std.dev: (193, 193)
[M::mem_pestat] mean and std.dev: (193.00, 0.00)
[M::mem_pestat] low and high boundaries for proper pairs: (193, 193)
[M::mem_pestat] skip orientation FF
[M::mem_pestat] skip orientation RF
[M::mem_pestat] skip orientation RR
[M::mem_process_seqs] Processed 3178218 reads in 4383.721 CPU sec, 112.369 real sec
[main] Version: 0.7.17-r1188
[main] CMD: bwa mem -L 5 -t 40 -a -M -T 30 -A 1 -B 4 -O 6 -R @RG\tID:Sgr-CMas_017-Ex1-cssl.clmp.fp2\tSM:Sgr-CMas_017-Ex1-cssl.clmp.fp2\tPL:Illumina reference.ssl.Sgr-libC.fasta Sgr-CMas_017-Ex1-cssl.clmp.fp2.R1.fq.gz Sgr-CMas_017-Ex1-cssl.clmp.fp2.R2.fq.gz
[main] Real time: 136.937 sec; CPU: 4403.332 sec
