[M::bwa_idx_load_from_disk] read 0 ALT contigs
[M::process] read 2314782 sequences (297364356 bp)...
[M::mem_pestat] # candidate unique pairs for (FF, FR, RF, RR): (208, 456239, 50, 282)
[M::mem_pestat] analyzing insert size distribution for orientation FF...
[M::mem_pestat] (25, 50, 75) percentile: (102, 109, 163)
[M::mem_pestat] low and high boundaries for computing mean and std.dev: (1, 285)
[M::mem_pestat] mean and std.dev: (120.38, 51.43)
[M::mem_pestat] low and high boundaries for proper pairs: (1, 346)
[M::mem_pestat] analyzing insert size distribution for orientation FR...
[M::mem_pestat] (25, 50, 75) percentile: (135, 187, 269)
[M::mem_pestat] low and high boundaries for computing mean and std.dev: (1, 537)
[M::mem_pestat] mean and std.dev: (207.36, 94.60)
[M::mem_pestat] low and high boundaries for proper pairs: (1, 671)
[M::mem_pestat] analyzing insert size distribution for orientation RF...
[M::mem_pestat] (25, 50, 75) percentile: (13, 121, 1290)
[M::mem_pestat] low and high boundaries for computing mean and std.dev: (1, 3844)
[M::mem_pestat] mean and std.dev: (579.88, 609.06)
[M::mem_pestat] low and high boundaries for proper pairs: (1, 5121)
[M::mem_pestat] analyzing insert size distribution for orientation RR...
[M::mem_pestat] (25, 50, 75) percentile: (106, 107, 329)
[M::mem_pestat] low and high boundaries for computing mean and std.dev: (1, 775)
[M::mem_pestat] mean and std.dev: (208.11, 114.66)
[M::mem_pestat] low and high boundaries for proper pairs: (1, 998)
[M::mem_pestat] skip orientation FF
[M::mem_pestat] skip orientation RF
[M::mem_pestat] skip orientation RR
[M::mem_process_seqs] Processed 2314782 reads in 2866.777 CPU sec, 73.884 real sec
[main] Version: 0.7.17-r1188
[main] CMD: bwa mem -L 5 -t 40 -a -M -T 30 -A 1 -B 4 -O 6 -R @RG\tID:Sgr-CMvi_009-Ex1-cssl.clmp.fp2\tSM:Sgr-CMvi_009-Ex1-cssl.clmp.fp2\tPL:Illumina reference.ssl.Sgr-libC.fasta Sgr-CMvi_009-Ex1-cssl.clmp.fp2.R1.fq.gz Sgr-CMvi_009-Ex1-cssl.clmp.fp2.R2.fq.gz
[main] Real time: 91.692 sec; CPU: 2880.342 sec
