[M::bwa_idx_load_from_disk] read 0 ALT contigs
[M::process] read 3309076 sequences (400000058 bp)...
[M::process] read 11542 sequences (1416822 bp)...
[M::mem_pestat] # candidate unique pairs for (FF, FR, RF, RR): (47, 257006, 89, 102)
[M::mem_pestat] analyzing insert size distribution for orientation FF...
[M::mem_pestat] (25, 50, 75) percentile: (113, 146, 210)
[M::mem_pestat] low and high boundaries for computing mean and std.dev: (1, 404)
[M::mem_pestat] mean and std.dev: (147.02, 51.46)
[M::mem_pestat] low and high boundaries for proper pairs: (1, 501)
[M::mem_pestat] analyzing insert size distribution for orientation FR...
[M::mem_pestat] (25, 50, 75) percentile: (88, 128, 179)
[M::mem_pestat] low and high boundaries for computing mean and std.dev: (1, 361)
[M::mem_pestat] mean and std.dev: (137.15, 69.32)
[M::mem_pestat] low and high boundaries for proper pairs: (1, 452)
[M::mem_pestat] analyzing insert size distribution for orientation RF...
[M::mem_pestat] (25, 50, 75) percentile: (181, 181, 1224)
[M::mem_pestat] low and high boundaries for computing mean and std.dev: (1, 3310)
[M::mem_pestat] mean and std.dev: (491.03, 522.99)
[M::mem_pestat] low and high boundaries for proper pairs: (1, 4353)
[M::mem_pestat] analyzing insert size distribution for orientation RR...
[M::mem_pestat] (25, 50, 75) percentile: (83, 169, 222)
[M::mem_pestat] low and high boundaries for computing mean and std.dev: (1, 500)
[M::mem_pestat] mean and std.dev: (139.85, 65.84)
[M::mem_pestat] low and high boundaries for proper pairs: (1, 639)
[M::mem_pestat] skip orientation FF
[M::mem_pestat] skip orientation RF
[M::mem_pestat] skip orientation RR
[M::mem_process_seqs] Processed 3309076 reads in 5325.841 CPU sec, 136.693 real sec
[M::mem_pestat] # candidate unique pairs for (FF, FR, RF, RR): (3, 931, 0, 0)
[M::mem_pestat] skip orientation FF as there are not enough pairs
[M::mem_pestat] analyzing insert size distribution for orientation FR...
[M::mem_pestat] (25, 50, 75) percentile: (85, 130, 196)
[M::mem_pestat] low and high boundaries for computing mean and std.dev: (1, 418)
[M::mem_pestat] mean and std.dev: (148.12, 85.00)
[M::mem_pestat] low and high boundaries for proper pairs: (1, 529)
[M::mem_pestat] skip orientation RF as there are not enough pairs
[M::mem_pestat] skip orientation RR as there are not enough pairs
[M::mem_process_seqs] Processed 11542 reads in 18.634 CPU sec, 0.495 real sec
[main] Version: 0.7.17-r1188
[main] CMD: bwa mem -L 5 -t 40 -a -M -T 30 -A 1 -B 4 -O 6 -R @RG\tID:Sgr-CMas_026-Ex1-cssl.clmp.fp2\tSM:Sgr-CMas_026-Ex1-cssl.clmp.fp2\tPL:Illumina reference.ssl.Sgr-libC.fasta Sgr-CMas_026-Ex1-cssl.clmp.fp2.R1.fq.gz Sgr-CMas_026-Ex1-cssl.clmp.fp2.R2.fq.gz
[main] Real time: 164.221 sec; CPU: 5365.684 sec
