[M::bwa_idx_load_from_disk] read 0 ALT contigs
[M::process] read 2200588 sequences (286470252 bp)...
[M::mem_pestat] # candidate unique pairs for (FF, FR, RF, RR): (35, 446974, 196, 130)
[M::mem_pestat] analyzing insert size distribution for orientation FF...
[M::mem_pestat] (25, 50, 75) percentile: (86, 171, 201)
[M::mem_pestat] low and high boundaries for computing mean and std.dev: (1, 431)
[M::mem_pestat] mean and std.dev: (154.11, 71.84)
[M::mem_pestat] low and high boundaries for proper pairs: (1, 546)
[M::mem_pestat] analyzing insert size distribution for orientation FR...
[M::mem_pestat] (25, 50, 75) percentile: (140, 195, 275)
[M::mem_pestat] low and high boundaries for computing mean and std.dev: (1, 545)
[M::mem_pestat] mean and std.dev: (212.98, 94.25)
[M::mem_pestat] low and high boundaries for proper pairs: (1, 680)
[M::mem_pestat] analyzing insert size distribution for orientation RF...
[M::mem_pestat] (25, 50, 75) percentile: (42, 139, 4373)
[M::mem_pestat] low and high boundaries for computing mean and std.dev: (1, 13035)
[M::mem_pestat] mean and std.dev: (1942.07, 2196.95)
[M::mem_pestat] low and high boundaries for proper pairs: (1, 17366)
[M::mem_pestat] analyzing insert size distribution for orientation RR...
[M::mem_pestat] (25, 50, 75) percentile: (50, 50, 71)
[M::mem_pestat] low and high boundaries for computing mean and std.dev: (8, 113)
[M::mem_pestat] mean and std.dev: (55.13, 9.89)
[M::mem_pestat] low and high boundaries for proper pairs: (1, 134)
[M::mem_pestat] skip orientation FF
[M::mem_pestat] skip orientation RF
[M::mem_pestat] skip orientation RR
[M::mem_process_seqs] Processed 2200588 reads in 2598.250 CPU sec, 66.790 real sec
[main] Version: 0.7.17-r1188
[main] CMD: bwa mem -L 5 -t 40 -a -M -T 30 -A 1 -B 4 -O 6 -R @RG\tID:Sgr-CMvi_076-Ex1-cssl.clmp.fp2\tSM:Sgr-CMvi_076-Ex1-cssl.clmp.fp2\tPL:Illumina reference.ssl.Sgr-libC.fasta Sgr-CMvi_076-Ex1-cssl.clmp.fp2.R1.fq.gz Sgr-CMvi_076-Ex1-cssl.clmp.fp2.R2.fq.gz
[main] Real time: 84.055 sec; CPU: 2612.935 sec
