[M::bwa_idx_load_from_disk] read 0 ALT contigs
[M::process] read 2123214 sequences (250507180 bp)...
[M::mem_pestat] # candidate unique pairs for (FF, FR, RF, RR): (42, 181713, 97, 116)
[M::mem_pestat] analyzing insert size distribution for orientation FF...
[M::mem_pestat] (25, 50, 75) percentile: (118, 216, 427)
[M::mem_pestat] low and high boundaries for computing mean and std.dev: (1, 1045)
[M::mem_pestat] mean and std.dev: (262.86, 142.96)
[M::mem_pestat] low and high boundaries for proper pairs: (1, 1354)
[M::mem_pestat] analyzing insert size distribution for orientation FR...
[M::mem_pestat] (25, 50, 75) percentile: (80, 120, 170)
[M::mem_pestat] low and high boundaries for computing mean and std.dev: (1, 350)
[M::mem_pestat] mean and std.dev: (129.81, 67.24)
[M::mem_pestat] low and high boundaries for proper pairs: (1, 440)
[M::mem_pestat] analyzing insert size distribution for orientation RF...
[M::mem_pestat] (25, 50, 75) percentile: (222, 7410, 7410)
[M::mem_pestat] low and high boundaries for computing mean and std.dev: (1, 21786)
[M::mem_pestat] mean and std.dev: (4894.41, 3427.05)
[M::mem_pestat] low and high boundaries for proper pairs: (1, 28974)
[M::mem_pestat] analyzing insert size distribution for orientation RR...
[M::mem_pestat] (25, 50, 75) percentile: (332, 455, 455)
[M::mem_pestat] low and high boundaries for computing mean and std.dev: (86, 701)
[M::mem_pestat] mean and std.dev: (400.63, 63.04)
[M::mem_pestat] low and high boundaries for proper pairs: (1, 824)
[M::mem_pestat] skip orientation FF
[M::mem_pestat] skip orientation RF
[M::mem_pestat] skip orientation RR
[M::mem_process_seqs] Processed 2123214 reads in 3014.574 CPU sec, 77.137 real sec
[main] Version: 0.7.17-r1188
[main] CMD: bwa mem -L 5 -t 40 -a -M -T 30 -A 1 -B 4 -O 6 -R @RG\tID:Sgr-CJol_090-Ex1-cssl.clmp.fp2\tSM:Sgr-CJol_090-Ex1-cssl.clmp.fp2\tPL:Illumina reference.ssl.Sgr-libC.fasta Sgr-CJol_090-Ex1-cssl.clmp.fp2.R1.fq.gz Sgr-CJol_090-Ex1-cssl.clmp.fp2.R2.fq.gz
[main] Real time: 94.143 sec; CPU: 3027.963 sec
