[M::bwa_idx_load_from_disk] read 0 ALT contigs
[M::process] read 2914410 sequences (352931246 bp)...
[M::mem_pestat] # candidate unique pairs for (FF, FR, RF, RR): (189, 233051, 173, 161)
[M::mem_pestat] analyzing insert size distribution for orientation FF...
[M::mem_pestat] (25, 50, 75) percentile: (231, 430, 430)
[M::mem_pestat] low and high boundaries for computing mean and std.dev: (1, 828)
[M::mem_pestat] mean and std.dev: (328.40, 146.02)
[M::mem_pestat] low and high boundaries for proper pairs: (1, 1027)
[M::mem_pestat] analyzing insert size distribution for orientation FR...
[M::mem_pestat] (25, 50, 75) percentile: (89, 133, 194)
[M::mem_pestat] low and high boundaries for computing mean and std.dev: (1, 404)
[M::mem_pestat] mean and std.dev: (147.57, 80.47)
[M::mem_pestat] low and high boundaries for proper pairs: (1, 509)
[M::mem_pestat] analyzing insert size distribution for orientation RF...
[M::mem_pestat] (25, 50, 75) percentile: (78, 86, 191)
[M::mem_pestat] low and high boundaries for computing mean and std.dev: (1, 417)
[M::mem_pestat] mean and std.dev: (108.67, 67.48)
[M::mem_pestat] low and high boundaries for proper pairs: (1, 530)
[M::mem_pestat] analyzing insert size distribution for orientation RR...
[M::mem_pestat] (25, 50, 75) percentile: (418, 521, 1986)
[M::mem_pestat] low and high boundaries for computing mean and std.dev: (1, 5122)
[M::mem_pestat] mean and std.dev: (1070.42, 803.62)
[M::mem_pestat] low and high boundaries for proper pairs: (1, 6690)
[M::mem_pestat] skip orientation FF
[M::mem_pestat] skip orientation RF
[M::mem_pestat] skip orientation RR
[M::mem_process_seqs] Processed 2914410 reads in 4546.392 CPU sec, 116.379 real sec
[main] Version: 0.7.17-r1188
[main] CMD: bwa mem -L 5 -t 40 -a -M -T 30 -A 1 -B 4 -O 6 -R @RG\tID:Sgr-CMas_048-Ex1-cssl.clmp.fp2\tSM:Sgr-CMas_048-Ex1-cssl.clmp.fp2\tPL:Illumina reference.ssl.Sgr-libC.fasta Sgr-CMas_048-Ex1-cssl.clmp.fp2.R1.fq.gz Sgr-CMas_048-Ex1-cssl.clmp.fp2.R2.fq.gz
[main] Real time: 140.096 sec; CPU: 4564.546 sec
