[M::bwa_idx_load_from_disk] read 0 ALT contigs
[M::process] read 3255138 sequences (399375459 bp)...
[M::mem_pestat] # candidate unique pairs for (FF, FR, RF, RR): (71, 285541, 178, 28)
[M::mem_pestat] analyzing insert size distribution for orientation FF...
[M::mem_pestat] (25, 50, 75) percentile: (186, 186, 481)
[M::mem_pestat] low and high boundaries for computing mean and std.dev: (1, 1071)
[M::mem_pestat] mean and std.dev: (267.40, 167.69)
[M::mem_pestat] low and high boundaries for proper pairs: (1, 1366)
[M::mem_pestat] analyzing insert size distribution for orientation FR...
[M::mem_pestat] (25, 50, 75) percentile: (89, 134, 195)
[M::mem_pestat] low and high boundaries for computing mean and std.dev: (1, 407)
[M::mem_pestat] mean and std.dev: (149.19, 81.74)
[M::mem_pestat] low and high boundaries for proper pairs: (1, 513)
[M::mem_pestat] analyzing insert size distribution for orientation RF...
[M::mem_pestat] (25, 50, 75) percentile: (163, 1058, 3985)
[M::mem_pestat] low and high boundaries for computing mean and std.dev: (1, 11629)
[M::mem_pestat] mean and std.dev: (1551.06, 1694.13)
[M::mem_pestat] low and high boundaries for proper pairs: (1, 15451)
[M::mem_pestat] analyzing insert size distribution for orientation RR...
[M::mem_pestat] (25, 50, 75) percentile: (150, 150, 493)
[M::mem_pestat] low and high boundaries for computing mean and std.dev: (1, 1179)
[M::mem_pestat] mean and std.dev: (201.79, 155.85)
[M::mem_pestat] low and high boundaries for proper pairs: (1, 1522)
[M::mem_pestat] skip orientation FF
[M::mem_pestat] skip orientation RF
[M::mem_pestat] skip orientation RR
[M::mem_process_seqs] Processed 3255138 reads in 4722.241 CPU sec, 121.136 real sec
[main] Version: 0.7.17-r1188
[main] CMD: bwa mem -L 5 -t 40 -a -M -T 30 -A 1 -B 4 -O 6 -R @RG\tID:Sgr-CMas_014-Ex1-cssl.clmp.fp2\tSM:Sgr-CMas_014-Ex1-cssl.clmp.fp2\tPL:Illumina reference.ssl.Sgr-libC.fasta Sgr-CMas_014-Ex1-cssl.clmp.fp2.R1.fq.gz Sgr-CMas_014-Ex1-cssl.clmp.fp2.R2.fq.gz
[main] Real time: 146.354 sec; CPU: 4741.373 sec
