[M::bwa_idx_load_from_disk] read 0 ALT contigs
[M::process] read 3555418 sequences (400000110 bp)...
[M::mem_pestat] # candidate unique pairs for (FF, FR, RF, RR): (37, 1356978, 34, 54)
[M::mem_pestat] analyzing insert size distribution for orientation FF...
[M::mem_pestat] (25, 50, 75) percentile: (54, 59, 67)
[M::mem_pestat] low and high boundaries for computing mean and std.dev: (28, 93)
[M::mem_pestat] mean and std.dev: (57.12, 16.01)
[M::mem_pestat] low and high boundaries for proper pairs: (1, 121)
[M::mem_pestat] analyzing insert size distribution for orientation FR...
[M::mem_pestat] (25, 50, 75) percentile: (90, 117, 147)
[M::mem_pestat] low and high boundaries for computing mean and std.dev: (1, 261)
[M::mem_pestat] mean and std.dev: (120.12, 41.21)
[M::mem_pestat] low and high boundaries for proper pairs: (1, 318)
[M::mem_pestat] analyzing insert size distribution for orientation RF...
[M::mem_pestat] (25, 50, 75) percentile: (21, 21, 90)
[M::mem_pestat] low and high boundaries for computing mean and std.dev: (1, 228)
[M::mem_pestat] mean and std.dev: (38.76, 40.79)
[M::mem_pestat] low and high boundaries for proper pairs: (1, 297)
[M::mem_pestat] analyzing insert size distribution for orientation RR...
[M::mem_pestat] (25, 50, 75) percentile: (51, 112, 112)
[M::mem_pestat] low and high boundaries for computing mean and std.dev: (1, 234)
[M::mem_pestat] mean and std.dev: (89.44, 34.86)
[M::mem_pestat] low and high boundaries for proper pairs: (1, 295)
[M::mem_pestat] skip orientation FF
[M::mem_pestat] skip orientation RF
[M::mem_pestat] skip orientation RR
[M::mem_process_seqs] Processed 3555418 reads in 2771.445 CPU sec, 116.091 real sec
[M::process] read 2425500 sequences (272351122 bp)...
[M::mem_pestat] # candidate unique pairs for (FF, FR, RF, RR): (38, 934806, 16, 20)
[M::mem_pestat] analyzing insert size distribution for orientation FF...
[M::mem_pestat] (25, 50, 75) percentile: (39, 118, 1729)
[M::mem_pestat] low and high boundaries for computing mean and std.dev: (1, 5109)
[M::mem_pestat] mean and std.dev: (821.84, 829.88)
[M::mem_pestat] low and high boundaries for proper pairs: (1, 6799)
[M::mem_pestat] analyzing insert size distribution for orientation FR...
[M::mem_pestat] (25, 50, 75) percentile: (90, 117, 147)
[M::mem_pestat] low and high boundaries for computing mean and std.dev: (1, 261)
[M::mem_pestat] mean and std.dev: (120.13, 41.30)
[M::mem_pestat] low and high boundaries for proper pairs: (1, 318)
[M::mem_pestat] analyzing insert size distribution for orientation RF...
[M::mem_pestat] (25, 50, 75) percentile: (47, 90, 121)
[M::mem_pestat] low and high boundaries for computing mean and std.dev: (1, 269)
[M::mem_pestat] mean and std.dev: (74.87, 45.54)
[M::mem_pestat] low and high boundaries for proper pairs: (1, 343)
[M::mem_pestat] analyzing insert size distribution for orientation RR...
[M::mem_pestat] (25, 50, 75) percentile: (58, 112, 115)
[M::mem_pestat] low and high boundaries for computing mean and std.dev: (1, 229)
[M::mem_pestat] mean and std.dev: (90.00, 30.85)
[M::mem_pestat] low and high boundaries for proper pairs: (1, 286)
[M::mem_pestat] skip orientation FF
[M::mem_pestat] skip orientation RF
[M::mem_pestat] skip orientation RR
[M::mem_process_seqs] Processed 2425500 reads in 961.030 CPU sec, 29.960 real sec
[main] Version: 0.7.17-r1188
[main] CMD: bwa mem -L 5 -t 40 -a -M -T 30 -A 1 -B 4 -O 6 -R @RG\tID:Tzo-AMvi_034_Ex1_L4_clmp.fp2_repr\tSM:Tzo-AMvi_034_Ex1_L4_clmp.fp2_repr\tPL:Illumina reference.ssl.Tzo-C-0402G-R1R2-contam-noisolate.fasta Tzo-AMvi_034_Ex1_L4_clmp.fp2_repr.R1.fq.gz Tzo-AMvi_034_Ex1_L4_clmp.fp2_repr.R2.fq.gz
[main] Real time: 164.427 sec; CPU: 3752.923 sec
