[M::bwa_idx_load_from_disk] read 0 ALT contigs
[M::process] read 4005614 sequences (400000056 bp)...
[M::process] read 374594 sequences (37497238 bp)...
[M::mem_pestat] # candidate unique pairs for (FF, FR, RF, RR): (245, 1494587, 281, 214)
[M::mem_pestat] analyzing insert size distribution for orientation FF...
[M::mem_pestat] (25, 50, 75) percentile: (20, 35, 44)
[M::mem_pestat] low and high boundaries for computing mean and std.dev: (1, 92)
[M::mem_pestat] mean and std.dev: (32.85, 15.78)
[M::mem_pestat] low and high boundaries for proper pairs: (1, 116)
[M::mem_pestat] analyzing insert size distribution for orientation FR...
[M::mem_pestat] (25, 50, 75) percentile: (65, 91, 121)
[M::mem_pestat] low and high boundaries for computing mean and std.dev: (1, 233)
[M::mem_pestat] mean and std.dev: (94.59, 40.84)
[M::mem_pestat] low and high boundaries for proper pairs: (1, 289)
[M::mem_pestat] analyzing insert size distribution for orientation RF...
[M::mem_pestat] (25, 50, 75) percentile: (23, 44, 95)
[M::mem_pestat] low and high boundaries for computing mean and std.dev: (1, 239)
[M::mem_pestat] mean and std.dev: (52.50, 44.92)
[M::mem_pestat] low and high boundaries for proper pairs: (1, 311)
[M::mem_pestat] analyzing insert size distribution for orientation RR...
[M::mem_pestat] (25, 50, 75) percentile: (18, 37, 62)
[M::mem_pestat] low and high boundaries for computing mean and std.dev: (1, 150)
[M::mem_pestat] mean and std.dev: (45.41, 32.01)
[M::mem_pestat] low and high boundaries for proper pairs: (1, 194)
[M::mem_pestat] skip orientation FF
[M::mem_pestat] skip orientation RF
[M::mem_pestat] skip orientation RR
[M::mem_process_seqs] Processed 4005614 reads in 1698.825 CPU sec, 48.226 real sec
[M::mem_pestat] # candidate unique pairs for (FF, FR, RF, RR): (14, 139820, 33, 19)
[M::mem_pestat] analyzing insert size distribution for orientation FF...
[M::mem_pestat] (25, 50, 75) percentile: (22, 45, 45)
[M::mem_pestat] low and high boundaries for computing mean and std.dev: (1, 91)
[M::mem_pestat] mean and std.dev: (38.15, 17.51)
[M::mem_pestat] low and high boundaries for proper pairs: (1, 114)
[M::mem_pestat] analyzing insert size distribution for orientation FR...
[M::mem_pestat] (25, 50, 75) percentile: (65, 92, 122)
[M::mem_pestat] low and high boundaries for computing mean and std.dev: (1, 236)
[M::mem_pestat] mean and std.dev: (95.19, 41.45)
[M::mem_pestat] low and high boundaries for proper pairs: (1, 293)
[M::mem_pestat] analyzing insert size distribution for orientation RF...
[M::mem_pestat] (25, 50, 75) percentile: (21, 36, 69)
[M::mem_pestat] low and high boundaries for computing mean and std.dev: (1, 165)
[M::mem_pestat] mean and std.dev: (44.47, 33.05)
[M::mem_pestat] low and high boundaries for proper pairs: (1, 213)
[M::mem_pestat] analyzing insert size distribution for orientation RR...
[M::mem_pestat] (25, 50, 75) percentile: (23, 31, 59)
[M::mem_pestat] low and high boundaries for computing mean and std.dev: (1, 131)
[M::mem_pestat] mean and std.dev: (35.67, 18.00)
[M::mem_pestat] low and high boundaries for proper pairs: (1, 167)
[M::mem_pestat] skip orientation FF
[M::mem_pestat] skip orientation RF
[M::mem_pestat] skip orientation RR
[M::mem_process_seqs] Processed 374594 reads in 153.926 CPU sec, 4.406 real sec
[main] Version: 0.7.17-r1188
[main] CMD: bwa mem -L 5 -t 40 -a -M -T 30 -A 1 -B 4 -O 6 -R @RG\tID:Tzo-AMvi_009_Ex1_L4_clmp.fp2_repr\tSM:Tzo-AMvi_009_Ex1_L4_clmp.fp2_repr\tPL:Illumina reference.ssl.Tzo-C-0402G-R1R2-contam-noisolate.fasta Tzo-AMvi_009_Ex1_L4_clmp.fp2_repr.R1.fq.gz Tzo-AMvi_009_Ex1_L4_clmp.fp2_repr.R2.fq.gz
[main] Real time: 72.085 sec; CPU: 1871.803 sec
