[M::bwa_idx_load_from_disk] read 0 ALT contigs
[M::process] read 3432494 sequences (400000053 bp)...
[M::mem_pestat] # candidate unique pairs for (FF, FR, RF, RR): (101, 1300857, 45, 109)
[M::mem_pestat] analyzing insert size distribution for orientation FF...
[M::mem_pestat] (25, 50, 75) percentile: (30, 41, 101)
[M::mem_pestat] low and high boundaries for computing mean and std.dev: (1, 243)
[M::mem_pestat] mean and std.dev: (47.35, 25.65)
[M::mem_pestat] low and high boundaries for proper pairs: (1, 314)
[M::mem_pestat] analyzing insert size distribution for orientation FR...
[M::mem_pestat] (25, 50, 75) percentile: (96, 124, 154)
[M::mem_pestat] low and high boundaries for computing mean and std.dev: (1, 270)
[M::mem_pestat] mean and std.dev: (126.76, 42.71)
[M::mem_pestat] low and high boundaries for proper pairs: (1, 328)
[M::mem_pestat] analyzing insert size distribution for orientation RF...
[M::mem_pestat] (25, 50, 75) percentile: (33, 379, 450)
[M::mem_pestat] low and high boundaries for computing mean and std.dev: (1, 1284)
[M::mem_pestat] mean and std.dev: (330.48, 291.82)
[M::mem_pestat] low and high boundaries for proper pairs: (1, 1701)
[M::mem_pestat] analyzing insert size distribution for orientation RR...
[M::mem_pestat] (25, 50, 75) percentile: (42, 60, 76)
[M::mem_pestat] low and high boundaries for computing mean and std.dev: (1, 144)
[M::mem_pestat] mean and std.dev: (60.49, 28.09)
[M::mem_pestat] low and high boundaries for proper pairs: (1, 178)
[M::mem_pestat] skip orientation FF
[M::mem_pestat] skip orientation RF
[M::mem_pestat] skip orientation RR
[M::mem_process_seqs] Processed 3432494 reads in 2819.832 CPU sec, 114.762 real sec
[M::process] read 1881496 sequences (218818577 bp)...
[M::mem_pestat] # candidate unique pairs for (FF, FR, RF, RR): (43, 715214, 45, 58)
[M::mem_pestat] analyzing insert size distribution for orientation FF...
[M::mem_pestat] (25, 50, 75) percentile: (41, 45, 78)
[M::mem_pestat] low and high boundaries for computing mean and std.dev: (1, 152)
[M::mem_pestat] mean and std.dev: (59.00, 28.99)
[M::mem_pestat] low and high boundaries for proper pairs: (1, 189)
[M::mem_pestat] analyzing insert size distribution for orientation FR...
[M::mem_pestat] (25, 50, 75) percentile: (96, 124, 154)
[M::mem_pestat] low and high boundaries for computing mean and std.dev: (1, 270)
[M::mem_pestat] mean and std.dev: (126.55, 42.72)
[M::mem_pestat] low and high boundaries for proper pairs: (1, 328)
[M::mem_pestat] analyzing insert size distribution for orientation RF...
[M::mem_pestat] (25, 50, 75) percentile: (9, 9, 194)
[M::mem_pestat] low and high boundaries for computing mean and std.dev: (1, 564)
[M::mem_pestat] mean and std.dev: (71.98, 120.68)
[M::mem_pestat] low and high boundaries for proper pairs: (1, 749)
[M::mem_pestat] analyzing insert size distribution for orientation RR...
[M::mem_pestat] (25, 50, 75) percentile: (38, 65, 86)
[M::mem_pestat] low and high boundaries for computing mean and std.dev: (1, 182)
[M::mem_pestat] mean and std.dev: (63.81, 26.63)
[M::mem_pestat] low and high boundaries for proper pairs: (1, 230)
[M::mem_pestat] skip orientation FF
[M::mem_pestat] skip orientation RF
[M::mem_pestat] skip orientation RR
[M::mem_process_seqs] Processed 1881496 reads in 808.942 CPU sec, 25.547 real sec
[main] Version: 0.7.17-r1188
[main] CMD: bwa mem -L 5 -t 40 -a -M -T 30 -A 1 -B 4 -O 6 -R @RG\tID:Tzo-AMvi_044_Ex1_L4_clmp.fp2_repr\tSM:Tzo-AMvi_044_Ex1_L4_clmp.fp2_repr\tPL:Illumina reference.ssl.Tzo-C-0402G-R1R2-contam-noisolate.fasta Tzo-AMvi_044_Ex1_L4_clmp.fp2_repr.R1.fq.gz Tzo-AMvi_044_Ex1_L4_clmp.fp2_repr.R2.fq.gz
[main] Real time: 156.895 sec; CPU: 3646.314 sec
