[M::bwa_idx_load_from_disk] read 0 ALT contigs
[M::process] read 3219418 sequences (400000073 bp)...
[M::mem_pestat] # candidate unique pairs for (FF, FR, RF, RR): (81, 1244566, 233, 78)
[M::mem_pestat] analyzing insert size distribution for orientation FF...
[M::mem_pestat] (25, 50, 75) percentile: (57, 140, 417)
[M::mem_pestat] low and high boundaries for computing mean and std.dev: (1, 1137)
[M::mem_pestat] mean and std.dev: (238.09, 273.49)
[M::mem_pestat] low and high boundaries for proper pairs: (1, 1497)
[M::mem_pestat] analyzing insert size distribution for orientation FR...
[M::mem_pestat] (25, 50, 75) percentile: (118, 166, 236)
[M::mem_pestat] low and high boundaries for computing mean and std.dev: (1, 472)
[M::mem_pestat] mean and std.dev: (185.01, 87.40)
[M::mem_pestat] low and high boundaries for proper pairs: (1, 590)
[M::mem_pestat] analyzing insert size distribution for orientation RF...
[M::mem_pestat] (25, 50, 75) percentile: (105, 232, 370)
[M::mem_pestat] low and high boundaries for computing mean and std.dev: (1, 900)
[M::mem_pestat] mean and std.dev: (207.35, 145.40)
[M::mem_pestat] low and high boundaries for proper pairs: (1, 1165)
[M::mem_pestat] analyzing insert size distribution for orientation RR...
[M::mem_pestat] (25, 50, 75) percentile: (73, 149, 908)
[M::mem_pestat] low and high boundaries for computing mean and std.dev: (1, 2578)
[M::mem_pestat] mean and std.dev: (316.96, 350.51)
[M::mem_pestat] low and high boundaries for proper pairs: (1, 3413)
[M::mem_pestat] skip orientation FF
[M::mem_pestat] skip orientation RF
[M::mem_pestat] skip orientation RR
[M::mem_process_seqs] Processed 3219418 reads in 2400.106 CPU sec, 82.748 real sec
[M::process] read 2943912 sequences (365585544 bp)...
[M::mem_pestat] # candidate unique pairs for (FF, FR, RF, RR): (61, 1147435, 158, 88)
[M::mem_pestat] analyzing insert size distribution for orientation FF...
[M::mem_pestat] (25, 50, 75) percentile: (64, 156, 156)
[M::mem_pestat] low and high boundaries for computing mean and std.dev: (1, 340)
[M::mem_pestat] mean and std.dev: (113.19, 57.73)
[M::mem_pestat] low and high boundaries for proper pairs: (1, 432)
[M::mem_pestat] analyzing insert size distribution for orientation FR...
[M::mem_pestat] (25, 50, 75) percentile: (119, 167, 236)
[M::mem_pestat] low and high boundaries for computing mean and std.dev: (1, 470)
[M::mem_pestat] mean and std.dev: (184.77, 86.96)
[M::mem_pestat] low and high boundaries for proper pairs: (1, 587)
[M::mem_pestat] analyzing insert size distribution for orientation RF...
[M::mem_pestat] (25, 50, 75) percentile: (56, 153, 402)
[M::mem_pestat] low and high boundaries for computing mean and std.dev: (1, 1094)
[M::mem_pestat] mean and std.dev: (210.71, 227.82)
[M::mem_pestat] low and high boundaries for proper pairs: (1, 1440)
[M::mem_pestat] analyzing insert size distribution for orientation RR...
[M::mem_pestat] (25, 50, 75) percentile: (94, 149, 222)
[M::mem_pestat] low and high boundaries for computing mean and std.dev: (1, 478)
[M::mem_pestat] mean and std.dev: (140.66, 71.58)
[M::mem_pestat] low and high boundaries for proper pairs: (1, 606)
[M::mem_pestat] skip orientation FF
[M::mem_pestat] skip orientation RF
[M::mem_pestat] skip orientation RR
[M::mem_process_seqs] Processed 2943912 reads in 1127.918 CPU sec, 30.348 real sec
[main] Version: 0.7.17-r1188
[main] CMD: bwa mem -L 5 -t 40 -a -M -T 30 -A 1 -B 4 -O 6 -R @RG\tID:Tzo-CMvi_067-Ex1_L4_clmp.fp2_repr\tSM:Tzo-CMvi_067-Ex1_L4_clmp.fp2_repr\tPL:Illumina reference.ssl.Tzo-C-0402G-R1R2-contam-noisolate.fasta Tzo-CMvi_067-Ex1_L4_clmp.fp2_repr.R1.fq.gz Tzo-CMvi_067-Ex1_L4_clmp.fp2_repr.R2.fq.gz
[main] Real time: 133.943 sec; CPU: 3551.604 sec
