[M::bwa_idx_load_from_disk] read 0 ALT contigs
[M::process] read 3177156 sequences (400000066 bp)...
[M::mem_pestat] # candidate unique pairs for (FF, FR, RF, RR): (143, 1227941, 223, 55)
[M::mem_pestat] analyzing insert size distribution for orientation FF...
[M::mem_pestat] (25, 50, 75) percentile: (160, 186, 206)
[M::mem_pestat] low and high boundaries for computing mean and std.dev: (68, 298)
[M::mem_pestat] mean and std.dev: (178.51, 44.89)
[M::mem_pestat] low and high boundaries for proper pairs: (1, 358)
[M::mem_pestat] analyzing insert size distribution for orientation FR...
[M::mem_pestat] (25, 50, 75) percentile: (129, 188, 273)
[M::mem_pestat] low and high boundaries for computing mean and std.dev: (1, 561)
[M::mem_pestat] mean and std.dev: (209.22, 101.44)
[M::mem_pestat] low and high boundaries for proper pairs: (1, 705)
[M::mem_pestat] analyzing insert size distribution for orientation RF...
[M::mem_pestat] (25, 50, 75) percentile: (81, 195, 452)
[M::mem_pestat] low and high boundaries for computing mean and std.dev: (1, 1194)
[M::mem_pestat] mean and std.dev: (271.17, 267.39)
[M::mem_pestat] low and high boundaries for proper pairs: (1, 1565)
[M::mem_pestat] analyzing insert size distribution for orientation RR...
[M::mem_pestat] (25, 50, 75) percentile: (122, 237, 287)
[M::mem_pestat] low and high boundaries for computing mean and std.dev: (1, 617)
[M::mem_pestat] mean and std.dev: (194.33, 112.50)
[M::mem_pestat] low and high boundaries for proper pairs: (1, 782)
[M::mem_pestat] skip orientation FF
[M::mem_pestat] skip orientation RF
[M::mem_pestat] skip orientation RR
[M::mem_process_seqs] Processed 3177156 reads in 2391.113 CPU sec, 80.957 real sec
[M::process] read 2629136 sequences (330773256 bp)...
[M::mem_pestat] # candidate unique pairs for (FF, FR, RF, RR): (68, 1023403, 164, 51)
[M::mem_pestat] analyzing insert size distribution for orientation FF...
[M::mem_pestat] (25, 50, 75) percentile: (122, 210, 406)
[M::mem_pestat] low and high boundaries for computing mean and std.dev: (1, 974)
[M::mem_pestat] mean and std.dev: (242.35, 214.93)
[M::mem_pestat] low and high boundaries for proper pairs: (1, 1258)
[M::mem_pestat] analyzing insert size distribution for orientation FR...
[M::mem_pestat] (25, 50, 75) percentile: (129, 188, 273)
[M::mem_pestat] low and high boundaries for computing mean and std.dev: (1, 561)
[M::mem_pestat] mean and std.dev: (209.24, 101.38)
[M::mem_pestat] low and high boundaries for proper pairs: (1, 705)
[M::mem_pestat] analyzing insert size distribution for orientation RF...
[M::mem_pestat] (25, 50, 75) percentile: (51, 111, 422)
[M::mem_pestat] low and high boundaries for computing mean and std.dev: (1, 1164)
[M::mem_pestat] mean and std.dev: (183.78, 208.79)
[M::mem_pestat] low and high boundaries for proper pairs: (1, 1535)
[M::mem_pestat] analyzing insert size distribution for orientation RR...
[M::mem_pestat] (25, 50, 75) percentile: (154, 222, 313)
[M::mem_pestat] low and high boundaries for computing mean and std.dev: (1, 631)
[M::mem_pestat] mean and std.dev: (187.66, 84.22)
[M::mem_pestat] low and high boundaries for proper pairs: (1, 790)
[M::mem_pestat] skip orientation FF
[M::mem_pestat] skip orientation RF
[M::mem_pestat] skip orientation RR
[M::mem_process_seqs] Processed 2629136 reads in 1043.059 CPU sec, 28.793 real sec
[main] Version: 0.7.17-r1188
[main] CMD: bwa mem -L 5 -t 40 -a -M -T 30 -A 1 -B 4 -O 6 -R @RG\tID:Tzo-CMvi_013-Ex1_L4_clmp.fp2_repr\tSM:Tzo-CMvi_013-Ex1_L4_clmp.fp2_repr\tPL:Illumina reference.ssl.Tzo-C-0402G-R1R2-contam-noisolate.fasta Tzo-CMvi_013-Ex1_L4_clmp.fp2_repr.R1.fq.gz Tzo-CMvi_013-Ex1_L4_clmp.fp2_repr.R2.fq.gz
[main] Real time: 126.909 sec; CPU: 3452.005 sec
