[M::bwa_idx_load_from_disk] read 0 ALT contigs
[M::process] read 3214332 sequences (400000033 bp)...
[M::mem_pestat] # candidate unique pairs for (FF, FR, RF, RR): (105, 1205246, 182, 44)
[M::mem_pestat] analyzing insert size distribution for orientation FF...
[M::mem_pestat] (25, 50, 75) percentile: (70, 175, 182)
[M::mem_pestat] low and high boundaries for computing mean and std.dev: (1, 406)
[M::mem_pestat] mean and std.dev: (136.15, 65.98)
[M::mem_pestat] low and high boundaries for proper pairs: (1, 518)
[M::mem_pestat] analyzing insert size distribution for orientation FR...
[M::mem_pestat] (25, 50, 75) percentile: (118, 163, 225)
[M::mem_pestat] low and high boundaries for computing mean and std.dev: (1, 439)
[M::mem_pestat] mean and std.dev: (177.55, 79.84)
[M::mem_pestat] low and high boundaries for proper pairs: (1, 546)
[M::mem_pestat] analyzing insert size distribution for orientation RF...
[M::mem_pestat] (25, 50, 75) percentile: (38, 125, 356)
[M::mem_pestat] low and high boundaries for computing mean and std.dev: (1, 992)
[M::mem_pestat] mean and std.dev: (169.99, 179.55)
[M::mem_pestat] low and high boundaries for proper pairs: (1, 1310)
[M::mem_pestat] analyzing insert size distribution for orientation RR...
[M::mem_pestat] (25, 50, 75) percentile: (70, 95, 133)
[M::mem_pestat] low and high boundaries for computing mean and std.dev: (1, 259)
[M::mem_pestat] mean and std.dev: (95.90, 48.68)
[M::mem_pestat] low and high boundaries for proper pairs: (1, 322)
[M::mem_pestat] skip orientation FF
[M::mem_pestat] skip orientation RF
[M::mem_pestat] skip orientation RR
[M::mem_process_seqs] Processed 3214332 reads in 2586.486 CPU sec, 90.235 real sec
[M::process] read 1900166 sequences (236391247 bp)...
[M::mem_pestat] # candidate unique pairs for (FF, FR, RF, RR): (53, 719451, 122, 39)
[M::mem_pestat] analyzing insert size distribution for orientation FF...
[M::mem_pestat] (25, 50, 75) percentile: (81, 218, 395)
[M::mem_pestat] low and high boundaries for computing mean and std.dev: (1, 1023)
[M::mem_pestat] mean and std.dev: (222.49, 164.44)
[M::mem_pestat] low and high boundaries for proper pairs: (1, 1337)
[M::mem_pestat] analyzing insert size distribution for orientation FR...
[M::mem_pestat] (25, 50, 75) percentile: (118, 162, 225)
[M::mem_pestat] low and high boundaries for computing mean and std.dev: (1, 439)
[M::mem_pestat] mean and std.dev: (177.37, 79.51)
[M::mem_pestat] low and high boundaries for proper pairs: (1, 546)
[M::mem_pestat] analyzing insert size distribution for orientation RF...
[M::mem_pestat] (25, 50, 75) percentile: (64, 144, 367)
[M::mem_pestat] low and high boundaries for computing mean and std.dev: (1, 973)
[M::mem_pestat] mean and std.dev: (215.89, 223.46)
[M::mem_pestat] low and high boundaries for proper pairs: (1, 1276)
[M::mem_pestat] analyzing insert size distribution for orientation RR...
[M::mem_pestat] (25, 50, 75) percentile: (70, 118, 156)
[M::mem_pestat] low and high boundaries for computing mean and std.dev: (1, 328)
[M::mem_pestat] mean and std.dev: (104.27, 53.38)
[M::mem_pestat] low and high boundaries for proper pairs: (1, 414)
[M::mem_pestat] skip orientation FF
[M::mem_pestat] skip orientation RF
[M::mem_pestat] skip orientation RR
[M::mem_process_seqs] Processed 1900166 reads in 778.532 CPU sec, 22.227 real sec
[main] Version: 0.7.17-r1188
[main] CMD: bwa mem -L 5 -t 40 -a -M -T 30 -A 1 -B 4 -O 6 -R @RG\tID:Tzo-CMvi_077-Ex1_L4_clmp.fp2_repr\tSM:Tzo-CMvi_077-Ex1_L4_clmp.fp2_repr\tPL:Illumina reference.ssl.Tzo-C-0402G-R1R2-contam-noisolate.fasta Tzo-CMvi_077-Ex1_L4_clmp.fp2_repr.R1.fq.gz Tzo-CMvi_077-Ex1_L4_clmp.fp2_repr.R2.fq.gz
[main] Real time: 127.702 sec; CPU: 3379.877 sec
