[M::bwa_idx_load_from_disk] read 0 ALT contigs
[M::process] read 1095108 sequences (154617840 bp)...
[M::mem_pestat] # candidate unique pairs for (FF, FR, RF, RR): (122, 403465, 91, 80)
[M::mem_pestat] analyzing insert size distribution for orientation FF...
[M::mem_pestat] (25, 50, 75) percentile: (97, 214, 336)
[M::mem_pestat] low and high boundaries for computing mean and std.dev: (1, 814)
[M::mem_pestat] mean and std.dev: (204.03, 120.28)
[M::mem_pestat] low and high boundaries for proper pairs: (1, 1053)
[M::mem_pestat] analyzing insert size distribution for orientation FR...
[M::mem_pestat] (25, 50, 75) percentile: (176, 246, 339)
[M::mem_pestat] low and high boundaries for computing mean and std.dev: (1, 665)
[M::mem_pestat] mean and std.dev: (263.84, 108.23)
[M::mem_pestat] low and high boundaries for proper pairs: (1, 828)
[M::mem_pestat] analyzing insert size distribution for orientation RF...
[M::mem_pestat] (25, 50, 75) percentile: (118, 320, 584)
[M::mem_pestat] low and high boundaries for computing mean and std.dev: (1, 1516)
[M::mem_pestat] mean and std.dev: (368.88, 332.55)
[M::mem_pestat] low and high boundaries for proper pairs: (1, 1982)
[M::mem_pestat] analyzing insert size distribution for orientation RR...
[M::mem_pestat] (25, 50, 75) percentile: (134, 237, 397)
[M::mem_pestat] low and high boundaries for computing mean and std.dev: (1, 923)
[M::mem_pestat] mean and std.dev: (242.31, 175.71)
[M::mem_pestat] low and high boundaries for proper pairs: (1, 1186)
[M::mem_pestat] skip orientation FF
[M::mem_pestat] skip orientation RF
[M::mem_pestat] skip orientation RR
[M::mem_process_seqs] Processed 1095108 reads in 932.493 CPU sec, 35.074 real sec
[main] Version: 0.7.17-r1188
[main] CMD: bwa mem -L 5 -t 40 -a -M -T 30 -A 1 -B 4 -O 6 -R @RG\tID:Tzo-CMvi_053-Ex1_L4_clmp.fp2_repr\tSM:Tzo-CMvi_053-Ex1_L4_clmp.fp2_repr\tPL:Illumina reference.ssl.Tzo-C-0402G-R1R2-contam-noisolate.fasta Tzo-CMvi_053-Ex1_L4_clmp.fp2_repr.R1.fq.gz Tzo-CMvi_053-Ex1_L4_clmp.fp2_repr.R2.fq.gz
[main] Real time: 50.524 sec; CPU: 947.204 sec
