[M::bwa_idx_load_from_disk] read 0 ALT contigs
[M::process] read 3542540 sequences (400000125 bp)...
[M::mem_pestat] # candidate unique pairs for (FF, FR, RF, RR): (155, 1362072, 23, 163)
[M::mem_pestat] analyzing insert size distribution for orientation FF...
[M::mem_pestat] (25, 50, 75) percentile: (38, 45, 70)
[M::mem_pestat] low and high boundaries for computing mean and std.dev: (1, 134)
[M::mem_pestat] mean and std.dev: (54.32, 22.99)
[M::mem_pestat] low and high boundaries for proper pairs: (1, 166)
[M::mem_pestat] analyzing insert size distribution for orientation FR...
[M::mem_pestat] (25, 50, 75) percentile: (91, 118, 147)
[M::mem_pestat] low and high boundaries for computing mean and std.dev: (1, 259)
[M::mem_pestat] mean and std.dev: (120.63, 40.72)
[M::mem_pestat] low and high boundaries for proper pairs: (1, 315)
[M::mem_pestat] analyzing insert size distribution for orientation RF...
[M::mem_pestat] (25, 50, 75) percentile: (42, 71, 792)
[M::mem_pestat] low and high boundaries for computing mean and std.dev: (1, 2292)
[M::mem_pestat] mean and std.dev: (394.78, 519.28)
[M::mem_pestat] low and high boundaries for proper pairs: (1, 3042)
[M::mem_pestat] analyzing insert size distribution for orientation RR...
[M::mem_pestat] (25, 50, 75) percentile: (32, 48, 76)
[M::mem_pestat] low and high boundaries for computing mean and std.dev: (1, 164)
[M::mem_pestat] mean and std.dev: (54.79, 27.03)
[M::mem_pestat] low and high boundaries for proper pairs: (1, 208)
[M::mem_pestat] skip orientation FF
[M::mem_pestat] skip orientation RF
[M::mem_pestat] skip orientation RR
[M::process] read 1340668 sequences (151272873 bp)...
[M::mem_process_seqs] Processed 3542540 reads in 2757.168 CPU sec, 111.564 real sec
[M::mem_pestat] # candidate unique pairs for (FF, FR, RF, RR): (67, 518090, 9, 93)
[M::mem_pestat] analyzing insert size distribution for orientation FF...
[M::mem_pestat] (25, 50, 75) percentile: (44, 70, 79)
[M::mem_pestat] low and high boundaries for computing mean and std.dev: (1, 149)
[M::mem_pestat] mean and std.dev: (61.43, 23.18)
[M::mem_pestat] low and high boundaries for proper pairs: (1, 184)
[M::mem_pestat] analyzing insert size distribution for orientation FR...
[M::mem_pestat] (25, 50, 75) percentile: (91, 118, 147)
[M::mem_pestat] low and high boundaries for computing mean and std.dev: (1, 259)
[M::mem_pestat] mean and std.dev: (120.58, 40.68)
[M::mem_pestat] low and high boundaries for proper pairs: (1, 315)
[M::mem_pestat] skip orientation RF as there are not enough pairs
[M::mem_pestat] analyzing insert size distribution for orientation RR...
[M::mem_pestat] (25, 50, 75) percentile: (32, 48, 87)
[M::mem_pestat] low and high boundaries for computing mean and std.dev: (1, 197)
[M::mem_pestat] mean and std.dev: (55.39, 26.35)
[M::mem_pestat] low and high boundaries for proper pairs: (1, 252)
[M::mem_pestat] skip orientation FF
[M::mem_pestat] skip orientation RR
[M::mem_process_seqs] Processed 1340668 reads in 565.933 CPU sec, 17.656 real sec
[main] Version: 0.7.17-r1188
[main] CMD: bwa mem -L 5 -t 40 -a -M -T 30 -A 1 -B 4 -O 6 -R @RG\tID:Tzo-AMvi_011_Ex1_L4_clmp.fp2_repr\tSM:Tzo-AMvi_011_Ex1_L4_clmp.fp2_repr\tPL:Illumina reference.ssl.Tzo-C-0402G-R1R2-contam-noisolate.fasta Tzo-AMvi_011_Ex1_L4_clmp.fp2_repr.R1.fq.gz Tzo-AMvi_011_Ex1_L4_clmp.fp2_repr.R2.fq.gz
[main] Real time: 145.805 sec; CPU: 3339.278 sec
