[M::bwa_idx_load_from_disk] read 0 ALT contigs
[M::process] read 3205362 sequences (400000196 bp)...
[M::mem_pestat] # candidate unique pairs for (FF, FR, RF, RR): (93, 1208626, 242, 75)
[M::mem_pestat] analyzing insert size distribution for orientation FF...
[M::mem_pestat] (25, 50, 75) percentile: (157, 243, 426)
[M::mem_pestat] low and high boundaries for computing mean and std.dev: (1, 964)
[M::mem_pestat] mean and std.dev: (264.25, 140.35)
[M::mem_pestat] low and high boundaries for proper pairs: (1, 1233)
[M::mem_pestat] analyzing insert size distribution for orientation FR...
[M::mem_pestat] (25, 50, 75) percentile: (119, 170, 251)
[M::mem_pestat] low and high boundaries for computing mean and std.dev: (1, 515)
[M::mem_pestat] mean and std.dev: (194.53, 97.59)
[M::mem_pestat] low and high boundaries for proper pairs: (1, 647)
[M::mem_pestat] analyzing insert size distribution for orientation RF...
[M::mem_pestat] (25, 50, 75) percentile: (54, 176, 496)
[M::mem_pestat] low and high boundaries for computing mean and std.dev: (1, 1380)
[M::mem_pestat] mean and std.dev: (253.00, 281.73)
[M::mem_pestat] low and high boundaries for proper pairs: (1, 1822)
[M::mem_pestat] analyzing insert size distribution for orientation RR...
[M::mem_pestat] (25, 50, 75) percentile: (55, 113, 331)
[M::mem_pestat] low and high boundaries for computing mean and std.dev: (1, 883)
[M::mem_pestat] mean and std.dev: (166.46, 170.87)
[M::mem_pestat] low and high boundaries for proper pairs: (1, 1159)
[M::mem_pestat] skip orientation FF
[M::mem_pestat] skip orientation RF
[M::mem_pestat] skip orientation RR
[M::process] read 1422318 sequences (177367538 bp)...
[M::mem_process_seqs] Processed 3205362 reads in 2392.297 CPU sec, 79.893 real sec
[M::mem_pestat] # candidate unique pairs for (FF, FR, RF, RR): (61, 539445, 93, 35)
[M::mem_pestat] analyzing insert size distribution for orientation FF...
[M::mem_pestat] (25, 50, 75) percentile: (147, 310, 448)
[M::mem_pestat] low and high boundaries for computing mean and std.dev: (1, 1050)
[M::mem_pestat] mean and std.dev: (254.10, 148.94)
[M::mem_pestat] low and high boundaries for proper pairs: (1, 1351)
[M::mem_pestat] analyzing insert size distribution for orientation FR...
[M::mem_pestat] (25, 50, 75) percentile: (119, 171, 251)
[M::mem_pestat] low and high boundaries for computing mean and std.dev: (1, 515)
[M::mem_pestat] mean and std.dev: (194.62, 97.67)
[M::mem_pestat] low and high boundaries for proper pairs: (1, 647)
[M::mem_pestat] analyzing insert size distribution for orientation RF...
[M::mem_pestat] (25, 50, 75) percentile: (65, 221, 530)
[M::mem_pestat] low and high boundaries for computing mean and std.dev: (1, 1460)
[M::mem_pestat] mean and std.dev: (285.39, 300.86)
[M::mem_pestat] low and high boundaries for proper pairs: (1, 1925)
[M::mem_pestat] analyzing insert size distribution for orientation RR...
[M::mem_pestat] (25, 50, 75) percentile: (67, 74, 123)
[M::mem_pestat] low and high boundaries for computing mean and std.dev: (1, 235)
[M::mem_pestat] mean and std.dev: (82.78, 46.09)
[M::mem_pestat] low and high boundaries for proper pairs: (1, 291)
[M::mem_pestat] skip orientation FF
[M::mem_pestat] skip orientation RF
[M::mem_pestat] skip orientation RR
[M::mem_process_seqs] Processed 1422318 reads in 600.149 CPU sec, 17.364 real sec
[main] Version: 0.7.17-r1188
[main] CMD: bwa mem -L 5 -t 40 -a -M -T 30 -A 1 -B 4 -O 6 -R @RG\tID:Tzo-CMvi_020-Ex1_L4_clmp.fp2_repr\tSM:Tzo-CMvi_020-Ex1_L4_clmp.fp2_repr\tPL:Illumina reference.ssl.Tzo-C-0402G-R1R2-contam-noisolate.fasta Tzo-CMvi_020-Ex1_L4_clmp.fp2_repr.R1.fq.gz Tzo-CMvi_020-Ex1_L4_clmp.fp2_repr.R2.fq.gz
[main] Real time: 112.369 sec; CPU: 3007.170 sec
