
INDIR=fq_fp1_clmp_fp2
OUTDIR=fq_fp1_clmp_fp2_fqscrn
CONFFILE=/home/e1garcia/shotgun_PIRE/fastq_screen/indexed_databases/runFQSCRN_6_nofish.conf
PATTERN=*.fq.gz
PARALLELISM=
THREADS=40
SUBSET=0
FILTER=000000000000
INFILES:
fq_fp1_clmp_fp2/Leq-ABas_021_Ex1_L3_clmp.fp2_r1.fq.gz

Thu May 26 16:40:14 EDT 2022 RUNNING FASTQ_SCREEN TO FILTER FQ FILES AND GENERATE REPORTS, NO SUBSETTING
Using fastq_screen v0.14.0
Reading configuration from '/home/e1garcia/shotgun_PIRE/fastq_screen/indexed_databases/runFQSCRN_6_nofish.conf'
Adding database Human
Adding database Ecoli
Adding database PhiX
Adding database Contamnts_Adaptrs
Adding database Vectors
Adding database Bacteria_24k
Adding database Protists_1k
Adding database Viruses
Adding database Fungi_RefSeq_release
Adding database Coral
Adding database Bird
Adding database Plant
Using 40 threads for searches
Option --subset set to 0: processing all reads in FASTQ files
Processing Leq-ABas_021_Ex1_L3_clmp.fp2_r1.fq.gz
Not making data subset
Can't write temp subset file: Input/output error at /opt/conda/bin/fastq_screen line 1630, <IN_SUBSET> line 58228412.
Use of uninitialized value $readsprocessed in numeric eq (==) at /opt/conda/bin/fastq_screen line 456, <IN_SUBSET> line 58228412.
No reads in Leq-ABas_021_Ex1_L3_clmp.fp2_r1.fq.gz, skipping
Processing complete
