[M::bwa_idx_load_from_disk] read 0 ALT contigs
[M::process] read 4452550 sequences (400000030 bp)...
[M::mem_pestat] # candidate unique pairs for (FF, FR, RF, RR): (61, 619643, 11, 51)
[M::mem_pestat] analyzing insert size distribution for orientation FF...
[M::mem_pestat] (25, 50, 75) percentile: (25, 44, 73)
[M::mem_pestat] low and high boundaries for computing mean and std.dev: (1, 169)
[M::mem_pestat] mean and std.dev: (46.18, 32.12)
[M::mem_pestat] low and high boundaries for proper pairs: (1, 217)
[M::mem_pestat] analyzing insert size distribution for orientation FR...
[M::mem_pestat] (25, 50, 75) percentile: (55, 74, 94)
[M::mem_pestat] low and high boundaries for computing mean and std.dev: (1, 172)
[M::mem_pestat] mean and std.dev: (75.85, 28.88)
[M::mem_pestat] low and high boundaries for proper pairs: (1, 211)
[M::mem_pestat] analyzing insert size distribution for orientation RF...
[M::mem_pestat] (25, 50, 75) percentile: (38, 88, 402)
[M::mem_pestat] low and high boundaries for computing mean and std.dev: (1, 1130)
[M::mem_pestat] mean and std.dev: (99.44, 116.12)
[M::mem_pestat] low and high boundaries for proper pairs: (1, 1494)
[M::mem_pestat] analyzing insert size distribution for orientation RR...
[M::mem_pestat] (25, 50, 75) percentile: (26, 39, 100)
[M::mem_pestat] low and high boundaries for computing mean and std.dev: (1, 248)
[M::mem_pestat] mean and std.dev: (47.58, 37.84)
[M::mem_pestat] low and high boundaries for proper pairs: (1, 322)
[M::mem_pestat] skip orientation FF
[M::mem_pestat] skip orientation RF
[M::mem_pestat] skip orientation RR
[M::mem_process_seqs] Processed 4452550 reads in 1626.436 CPU sec, 86.477 real sec
[M::process] read 4300538 sequences (400000047 bp)...
[M::process] read 698908 sequences (63252884 bp)...
[M::mem_pestat] # candidate unique pairs for (FF, FR, RF, RR): (67, 545194, 24, 68)
[M::mem_pestat] analyzing insert size distribution for orientation FF...
[M::mem_pestat] (25, 50, 75) percentile: (22, 38, 54)
[M::mem_pestat] low and high boundaries for computing mean and std.dev: (1, 118)
[M::mem_pestat] mean and std.dev: (34.42, 22.22)
[M::mem_pestat] low and high boundaries for proper pairs: (1, 150)
[M::mem_pestat] analyzing insert size distribution for orientation FR...
[M::mem_pestat] (25, 50, 75) percentile: (55, 74, 95)
[M::mem_pestat] low and high boundaries for computing mean and std.dev: (1, 175)
[M::mem_pestat] mean and std.dev: (76.18, 29.29)
[M::mem_pestat] low and high boundaries for proper pairs: (1, 215)
[M::mem_pestat] analyzing insert size distribution for orientation RF...
[M::mem_pestat] (25, 50, 75) percentile: (93, 165, 201)
[M::mem_pestat] low and high boundaries for computing mean and std.dev: (1, 417)
[M::mem_pestat] mean and std.dev: (144.88, 73.65)
[M::mem_pestat] low and high boundaries for proper pairs: (1, 525)
[M::mem_pestat] analyzing insert size distribution for orientation RR...
[M::mem_pestat] (25, 50, 75) percentile: (30, 50, 108)
[M::mem_pestat] low and high boundaries for computing mean and std.dev: (1, 264)
[M::mem_pestat] mean and std.dev: (56.27, 38.12)
[M::mem_pestat] low and high boundaries for proper pairs: (1, 342)
[M::mem_pestat] skip orientation FF
[M::mem_pestat] skip orientation RF
[M::mem_pestat] skip orientation RR
[M::mem_process_seqs] Processed 4300538 reads in 1546.776 CPU sec, 49.851 real sec
[M::mem_pestat] # candidate unique pairs for (FF, FR, RF, RR): (12, 96746, 2, 8)
[M::mem_pestat] analyzing insert size distribution for orientation FF...
[M::mem_pestat] (25, 50, 75) percentile: (44, 47, 75)
[M::mem_pestat] low and high boundaries for computing mean and std.dev: (1, 137)
[M::mem_pestat] mean and std.dev: (44.00, 13.56)
[M::mem_pestat] low and high boundaries for proper pairs: (1, 168)
[M::mem_pestat] analyzing insert size distribution for orientation FR...
[M::mem_pestat] (25, 50, 75) percentile: (55, 74, 93)
[M::mem_pestat] low and high boundaries for computing mean and std.dev: (1, 169)
[M::mem_pestat] mean and std.dev: (75.48, 28.56)
[M::mem_pestat] low and high boundaries for proper pairs: (1, 207)
[M::mem_pestat] skip orientation RF as there are not enough pairs
[M::mem_pestat] skip orientation RR as there are not enough pairs
[M::mem_pestat] skip orientation FF
[M::mem_process_seqs] Processed 698908 reads in 269.285 CPU sec, 9.006 real sec
[main] Version: 0.7.17-r1188
[main] CMD: bwa mem -L 5 -t 40 -a -M -T 36 -A 1 -B 4 -O 6 -R @RG\tID:Sgr-AJol_092-Ex1-cssl.clmp.fp2_repr\tSM:Sgr-AJol_092-Ex1-cssl.clmp.fp2_repr\tPL:Illumina reference.ssl.Sgr-libC.fasta Sgr-AJol_092-Ex1-cssl.clmp.fp2_repr.R1.fq.gz Sgr-AJol_092-Ex1-cssl.clmp.fp2_repr.R2.fq.gz
[main] Real time: 169.391 sec; CPU: 3469.381 sec
