[M::bwa_idx_load_from_disk] read 0 ALT contigs
[M::process] read 2745690 sequences (248761992 bp)...
[M::mem_pestat] # candidate unique pairs for (FF, FR, RF, RR): (12, 298453, 10, 7)
[M::mem_pestat] analyzing insert size distribution for orientation FF...
[M::mem_pestat] (25, 50, 75) percentile: (33, 40, 71)
[M::mem_pestat] low and high boundaries for computing mean and std.dev: (1, 147)
[M::mem_pestat] mean and std.dev: (41.17, 20.28)
[M::mem_pestat] low and high boundaries for proper pairs: (1, 185)
[M::mem_pestat] analyzing insert size distribution for orientation FR...
[M::mem_pestat] (25, 50, 75) percentile: (53, 71, 89)
[M::mem_pestat] low and high boundaries for computing mean and std.dev: (1, 161)
[M::mem_pestat] mean and std.dev: (72.16, 26.77)
[M::mem_pestat] low and high boundaries for proper pairs: (1, 197)
[M::mem_pestat] analyzing insert size distribution for orientation RF...
[M::mem_pestat] (25, 50, 75) percentile: (114, 120, 198)
[M::mem_pestat] low and high boundaries for computing mean and std.dev: (1, 366)
[M::mem_pestat] mean and std.dev: (124.56, 59.77)
[M::mem_pestat] low and high boundaries for proper pairs: (1, 450)
[M::mem_pestat] skip orientation RR as there are not enough pairs
[M::mem_pestat] skip orientation FF
[M::mem_pestat] skip orientation RF
[M::mem_process_seqs] Processed 2745690 reads in 1094.955 CPU sec, 56.149 real sec
[main] Version: 0.7.17-r1188
[main] CMD: bwa mem -L 5 -t 40 -a -M -T 36 -A 1 -B 4 -O 6 -R @RG\tID:Sgr-APal_029-Ex1-cssl.clmp.fp2_repr\tSM:Sgr-APal_029-Ex1-cssl.clmp.fp2_repr\tPL:Illumina reference.ssl.Sgr-libC.fasta Sgr-APal_029-Ex1-cssl.clmp.fp2_repr.R1.fq.gz Sgr-APal_029-Ex1-cssl.clmp.fp2_repr.R2.fq.gz
[main] Real time: 69.414 sec; CPU: 1106.717 sec
