[M::bwa_idx_load_from_disk] read 0 ALT contigs
[M::process] read 1048866 sequences (87656901 bp)...
[M::mem_pestat] # candidate unique pairs for (FF, FR, RF, RR): (8, 106808, 3, 14)
[M::mem_pestat] skip orientation FF as there are not enough pairs
[M::mem_pestat] analyzing insert size distribution for orientation FR...
[M::mem_pestat] (25, 50, 75) percentile: (50, 66, 82)
[M::mem_pestat] low and high boundaries for computing mean and std.dev: (1, 146)
[M::mem_pestat] mean and std.dev: (66.62, 23.65)
[M::mem_pestat] low and high boundaries for proper pairs: (1, 178)
[M::mem_pestat] skip orientation RF as there are not enough pairs
[M::mem_pestat] analyzing insert size distribution for orientation RR...
[M::mem_pestat] (25, 50, 75) percentile: (24, 30, 36)
[M::mem_pestat] low and high boundaries for computing mean and std.dev: (1, 60)
[M::mem_pestat] mean and std.dev: (28.54, 7.64)
[M::mem_pestat] low and high boundaries for proper pairs: (1, 72)
[M::mem_pestat] skip orientation RR
[M::mem_process_seqs] Processed 1048866 reads in 379.796 CPU sec, 21.944 real sec
[main] Version: 0.7.17-r1188
[main] CMD: bwa mem -L 5 -t 40 -a -M -T 36 -A 1 -B 4 -O 6 -R @RG\tID:Sgr-AMvi_025-Ex1-cssl.clmp.fp2_repr\tSM:Sgr-AMvi_025-Ex1-cssl.clmp.fp2_repr\tPL:Illumina reference.ssl.Sgr-libC.fasta Sgr-AMvi_025-Ex1-cssl.clmp.fp2_repr.R1.fq.gz Sgr-AMvi_025-Ex1-cssl.clmp.fp2_repr.R2.fq.gz
[main] Real time: 28.967 sec; CPU: 385.204 sec
