[M::bwa_idx_load_from_disk] read 0 ALT contigs
[M::process] read 4393588 sequences (400000134 bp)...
[M::mem_pestat] # candidate unique pairs for (FF, FR, RF, RR): (32, 684185, 11, 31)
[M::mem_pestat] analyzing insert size distribution for orientation FF...
[M::mem_pestat] (25, 50, 75) percentile: (29, 39, 517)
[M::mem_pestat] low and high boundaries for computing mean and std.dev: (1, 1493)
[M::mem_pestat] mean and std.dev: (178.62, 229.08)
[M::mem_pestat] low and high boundaries for proper pairs: (1, 1981)
[M::mem_pestat] analyzing insert size distribution for orientation FR...
[M::mem_pestat] (25, 50, 75) percentile: (58, 76, 95)
[M::mem_pestat] low and high boundaries for computing mean and std.dev: (1, 169)
[M::mem_pestat] mean and std.dev: (77.36, 27.75)
[M::mem_pestat] low and high boundaries for proper pairs: (1, 206)
[M::mem_pestat] analyzing insert size distribution for orientation RF...
[M::mem_pestat] (25, 50, 75) percentile: (69, 90, 4314)
[M::mem_pestat] low and high boundaries for computing mean and std.dev: (1, 12804)
[M::mem_pestat] mean and std.dev: (1301.00, 1941.70)
[M::mem_pestat] low and high boundaries for proper pairs: (1, 17049)
[M::mem_pestat] analyzing insert size distribution for orientation RR...
[M::mem_pestat] (25, 50, 75) percentile: (23, 43, 516)
[M::mem_pestat] low and high boundaries for computing mean and std.dev: (1, 1502)
[M::mem_pestat] mean and std.dev: (180.87, 230.38)
[M::mem_pestat] low and high boundaries for proper pairs: (1, 1995)
[M::mem_pestat] skip orientation FF
[M::mem_pestat] skip orientation RF
[M::mem_pestat] skip orientation RR
[M::mem_process_seqs] Processed 4393588 reads in 1583.461 CPU sec, 87.355 real sec
[M::process] read 4321962 sequences (400000106 bp)...
[M::process] read 581946 sequences (53173211 bp)...
[M::mem_pestat] # candidate unique pairs for (FF, FR, RF, RR): (29, 648839, 15, 35)
[M::mem_pestat] analyzing insert size distribution for orientation FF...
[M::mem_pestat] (25, 50, 75) percentile: (30, 55, 533)
[M::mem_pestat] low and high boundaries for computing mean and std.dev: (1, 1539)
[M::mem_pestat] mean and std.dev: (182.14, 229.84)
[M::mem_pestat] low and high boundaries for proper pairs: (1, 2042)
[M::mem_pestat] analyzing insert size distribution for orientation FR...
[M::mem_pestat] (25, 50, 75) percentile: (58, 76, 95)
[M::mem_pestat] low and high boundaries for computing mean and std.dev: (1, 169)
[M::mem_pestat] mean and std.dev: (77.59, 27.92)
[M::mem_pestat] low and high boundaries for proper pairs: (1, 206)
[M::mem_pestat] analyzing insert size distribution for orientation RF...
[M::mem_pestat] (25, 50, 75) percentile: (60, 174, 267)
[M::mem_pestat] low and high boundaries for computing mean and std.dev: (1, 681)
[M::mem_pestat] mean and std.dev: (139.08, 120.27)
[M::mem_pestat] low and high boundaries for proper pairs: (1, 888)
[M::mem_pestat] analyzing insert size distribution for orientation RR...
[M::mem_pestat] (25, 50, 75) percentile: (36, 49, 86)
[M::mem_pestat] low and high boundaries for computing mean and std.dev: (1, 186)
[M::mem_pestat] mean and std.dev: (41.63, 20.56)
[M::mem_pestat] low and high boundaries for proper pairs: (1, 236)
[M::mem_pestat] skip orientation FF
[M::mem_pestat] skip orientation RF
[M::mem_pestat] skip orientation RR
[M::mem_process_seqs] Processed 4321962 reads in 1554.758 CPU sec, 66.254 real sec
[M::mem_pestat] # candidate unique pairs for (FF, FR, RF, RR): (4, 90601, 2, 7)
[M::mem_pestat] skip orientation FF as there are not enough pairs
[M::mem_pestat] analyzing insert size distribution for orientation FR...
[M::mem_pestat] (25, 50, 75) percentile: (58, 76, 95)
[M::mem_pestat] low and high boundaries for computing mean and std.dev: (1, 169)
[M::mem_pestat] mean and std.dev: (77.21, 27.61)
[M::mem_pestat] low and high boundaries for proper pairs: (1, 206)
[M::mem_pestat] skip orientation RF as there are not enough pairs
[M::mem_pestat] skip orientation RR as there are not enough pairs
[M::mem_process_seqs] Processed 581946 reads in 223.970 CPU sec, 7.362 real sec
[main] Version: 0.7.17-r1188
[main] CMD: bwa mem -L 5 -t 40 -a -M -T 36 -A 1 -B 4 -O 6 -R @RG\tID:Sgr-AJol_029-Ex1-cssl.clmp.fp2_repr\tSM:Sgr-AJol_029-Ex1-cssl.clmp.fp2_repr\tPL:Illumina reference.ssl.Sgr-libC.fasta Sgr-AJol_029-Ex1-cssl.clmp.fp2_repr.R1.fq.gz Sgr-AJol_029-Ex1-cssl.clmp.fp2_repr.R2.fq.gz
[main] Real time: 187.624 sec; CPU: 3394.773 sec
