[M::bwa_idx_load_from_disk] read 0 ALT contigs
[M::process] read 3788284 sequences (400000125 bp)...
[M::mem_pestat] # candidate unique pairs for (FF, FR, RF, RR): (170, 275955, 47, 121)
[M::mem_pestat] analyzing insert size distribution for orientation FF...
[M::mem_pestat] (25, 50, 75) percentile: (26, 37, 65)
[M::mem_pestat] low and high boundaries for computing mean and std.dev: (1, 143)
[M::mem_pestat] mean and std.dev: (47.96, 32.31)
[M::mem_pestat] low and high boundaries for proper pairs: (1, 182)
[M::mem_pestat] analyzing insert size distribution for orientation FR...
[M::mem_pestat] (25, 50, 75) percentile: (55, 74, 95)
[M::mem_pestat] low and high boundaries for computing mean and std.dev: (1, 175)
[M::mem_pestat] mean and std.dev: (75.52, 29.64)
[M::mem_pestat] low and high boundaries for proper pairs: (1, 215)
[M::mem_pestat] analyzing insert size distribution for orientation RF...
[M::mem_pestat] (25, 50, 75) percentile: (23, 45, 73)
[M::mem_pestat] low and high boundaries for computing mean and std.dev: (1, 173)
[M::mem_pestat] mean and std.dev: (44.02, 30.01)
[M::mem_pestat] low and high boundaries for proper pairs: (1, 223)
[M::mem_pestat] analyzing insert size distribution for orientation RR...
[M::mem_pestat] (25, 50, 75) percentile: (23, 38, 66)
[M::mem_pestat] low and high boundaries for computing mean and std.dev: (1, 152)
[M::mem_pestat] mean and std.dev: (46.08, 31.77)
[M::mem_pestat] low and high boundaries for proper pairs: (1, 195)
[M::mem_pestat] skip orientation FF
[M::mem_pestat] skip orientation RF
[M::mem_pestat] skip orientation RR
[M::mem_process_seqs] Processed 3788284 reads in 950.027 CPU sec, 57.308 real sec
[M::process] read 3776056 sequences (400000145 bp)...
[M::process] read 3698466 sequences (400000033 bp)...
[M::mem_pestat] # candidate unique pairs for (FF, FR, RF, RR): (138, 275382, 34, 161)
[M::mem_pestat] analyzing insert size distribution for orientation FF...
[M::mem_pestat] (25, 50, 75) percentile: (26, 38, 54)
[M::mem_pestat] low and high boundaries for computing mean and std.dev: (1, 110)
[M::mem_pestat] mean and std.dev: (40.59, 22.14)
[M::mem_pestat] low and high boundaries for proper pairs: (1, 138)
[M::mem_pestat] analyzing insert size distribution for orientation FR...
[M::mem_pestat] (25, 50, 75) percentile: (55, 74, 95)
[M::mem_pestat] low and high boundaries for computing mean and std.dev: (1, 175)
[M::mem_pestat] mean and std.dev: (75.61, 29.80)
[M::mem_pestat] low and high boundaries for proper pairs: (1, 215)
[M::mem_pestat] analyzing insert size distribution for orientation RF...
[M::mem_pestat] (25, 50, 75) percentile: (21, 32, 55)
[M::mem_pestat] low and high boundaries for computing mean and std.dev: (1, 123)
[M::mem_pestat] mean and std.dev: (32.27, 20.59)
[M::mem_pestat] low and high boundaries for proper pairs: (1, 157)
[M::mem_pestat] analyzing insert size distribution for orientation RR...
[M::mem_pestat] (25, 50, 75) percentile: (27, 47, 70)
[M::mem_pestat] low and high boundaries for computing mean and std.dev: (1, 156)
[M::mem_pestat] mean and std.dev: (50.67, 31.44)
[M::mem_pestat] low and high boundaries for proper pairs: (1, 199)
[M::mem_pestat] skip orientation FF
[M::mem_pestat] skip orientation RF
[M::mem_pestat] skip orientation RR
[M::mem_process_seqs] Processed 3776056 reads in 988.680 CPU sec, 31.951 real sec
[M::mem_pestat] # candidate unique pairs for (FF, FR, RF, RR): (144, 241427, 52, 117)
[M::mem_pestat] analyzing insert size distribution for orientation FF...
[M::mem_pestat] (25, 50, 75) percentile: (26, 41, 63)
[M::mem_pestat] low and high boundaries for computing mean and std.dev: (1, 137)
[M::mem_pestat] mean and std.dev: (45.86, 27.89)
[M::mem_pestat] low and high boundaries for proper pairs: (1, 174)
[M::mem_pestat] analyzing insert size distribution for orientation FR...
[M::mem_pestat] (25, 50, 75) percentile: (56, 74, 96)
[M::mem_pestat] low and high boundaries for computing mean and std.dev: (1, 176)
[M::mem_pestat] mean and std.dev: (76.49, 30.42)
[M::mem_pestat] low and high boundaries for proper pairs: (1, 216)
[M::mem_pestat] analyzing insert size distribution for orientation RF...
[M::mem_pestat] (25, 50, 75) percentile: (37, 61, 86)
[M::mem_pestat] low and high boundaries for computing mean and std.dev: (1, 184)
[M::mem_pestat] mean and std.dev: (68.14, 49.69)
[M::mem_pestat] low and high boundaries for proper pairs: (1, 267)
[M::mem_pestat] analyzing insert size distribution for orientation RR...
[M::mem_pestat] (25, 50, 75) percentile: (28, 42, 70)
[M::mem_pestat] low and high boundaries for computing mean and std.dev: (1, 154)
[M::mem_pestat] mean and std.dev: (49.35, 31.96)
[M::mem_pestat] low and high boundaries for proper pairs: (1, 196)
[M::mem_pestat] skip orientation FF
[M::mem_pestat] skip orientation RF
[M::mem_pestat] skip orientation RR
[M::mem_process_seqs] Processed 3698466 reads in 976.063 CPU sec, 38.324 real sec
[M::process] read 427514 sequences (45364562 bp)...
[M::mem_pestat] # candidate unique pairs for (FF, FR, RF, RR): (13, 31358, 1, 9)
[M::mem_pestat] analyzing insert size distribution for orientation FF...
[M::mem_pestat] (25, 50, 75) percentile: (23, 50, 57)
[M::mem_pestat] low and high boundaries for computing mean and std.dev: (1, 125)
[M::mem_pestat] mean and std.dev: (44.31, 24.63)
[M::mem_pestat] low and high boundaries for proper pairs: (1, 159)
[M::mem_pestat] analyzing insert size distribution for orientation FR...
[M::mem_pestat] (25, 50, 75) percentile: (56, 74, 95)
[M::mem_pestat] low and high boundaries for computing mean and std.dev: (1, 173)
[M::mem_pestat] mean and std.dev: (75.85, 29.59)
[M::mem_pestat] low and high boundaries for proper pairs: (1, 212)
[M::mem_pestat] skip orientation RF as there are not enough pairs
[M::mem_pestat] skip orientation RR as there are not enough pairs
[M::mem_pestat] skip orientation FF
[M::mem_process_seqs] Processed 427514 reads in 119.896 CPU sec, 4.417 real sec
[main] Version: 0.7.17-r1188
[main] CMD: bwa mem -L 5 -t 40 -a -M -T 36 -A 1 -B 4 -O 6 -R @RG\tID:Sgr-AMvi_018-Ex1-cssl.clmp.fp2_repr\tSM:Sgr-AMvi_018-Ex1-cssl.clmp.fp2_repr\tPL:Illumina reference.ssl.Sgr-libC.fasta Sgr-AMvi_018-Ex1-cssl.clmp.fp2_repr.R1.fq.gz Sgr-AMvi_018-Ex1-cssl.clmp.fp2_repr.R2.fq.gz
[main] Real time: 155.865 sec; CPU: 3062.581 sec
