[M::bwa_idx_load_from_disk] read 0 ALT contigs
[M::process] read 553356 sequences (61117826 bp)...
[M::mem_pestat] # candidate unique pairs for (FF, FR, RF, RR): (3, 59420, 23, 2)
[M::mem_pestat] skip orientation FF as there are not enough pairs
[M::mem_pestat] analyzing insert size distribution for orientation FR...
[M::mem_pestat] (25, 50, 75) percentile: (56, 82, 110)
[M::mem_pestat] low and high boundaries for computing mean and std.dev: (1, 218)
[M::mem_pestat] mean and std.dev: (85.19, 38.14)
[M::mem_pestat] low and high boundaries for proper pairs: (1, 272)
[M::mem_pestat] analyzing insert size distribution for orientation RF...
[M::mem_pestat] (25, 50, 75) percentile: (4, 16, 33)
[M::mem_pestat] low and high boundaries for computing mean and std.dev: (1, 91)
[M::mem_pestat] mean and std.dev: (16.16, 15.05)
[M::mem_pestat] low and high boundaries for proper pairs: (1, 120)
[M::mem_pestat] skip orientation RR as there are not enough pairs
[M::mem_pestat] skip orientation RF
[M::mem_process_seqs] Processed 553356 reads in 184.936 CPU sec, 5.271 real sec
[main] Version: 0.7.17-r1188
[main] CMD: bwa mem -L 5 -t 40 -a -M -T 80 -A 1 -B 4 -O 6 -R @RG\tID:Ssp-AAtu_035-Ex1-cssl.clmp.fp2_repr\tSM:Ssp-AAtu_035-Ex1-cssl.clmp.fp2_repr\tPL:Illumina reference.ssl.Ssp-10NR-R1R2ORPH-decontam-noisolate.fasta Ssp-AAtu_035-Ex1-cssl.clmp.fp2_repr.R1.fq.gz Ssp-AAtu_035-Ex1-cssl.clmp.fp2_repr.R2.fq.gz
[main] Real time: 8.739 sec; CPU: 188.083 sec
