[M::bwa_idx_load_from_disk] read 0 ALT contigs
[M::process] read 118254 sequences (16480083 bp)...
[M::mem_pestat] # candidate unique pairs for (FF, FR, RF, RR): (17, 33327, 9, 41)
[M::mem_pestat] analyzing insert size distribution for orientation FF...
[M::mem_pestat] (25, 50, 75) percentile: (113, 142, 226)
[M::mem_pestat] low and high boundaries for computing mean and std.dev: (1, 452)
[M::mem_pestat] mean and std.dev: (164.18, 65.49)
[M::mem_pestat] low and high boundaries for proper pairs: (1, 565)
[M::mem_pestat] analyzing insert size distribution for orientation FR...
[M::mem_pestat] (25, 50, 75) percentile: (134, 178, 238)
[M::mem_pestat] low and high boundaries for computing mean and std.dev: (1, 446)
[M::mem_pestat] mean and std.dev: (191.79, 78.57)
[M::mem_pestat] low and high boundaries for proper pairs: (1, 550)
[M::mem_pestat] skip orientation RF as there are not enough pairs
[M::mem_pestat] analyzing insert size distribution for orientation RR...
[M::mem_pestat] (25, 50, 75) percentile: (91, 118, 166)
[M::mem_pestat] low and high boundaries for computing mean and std.dev: (1, 316)
[M::mem_pestat] mean and std.dev: (136.37, 62.65)
[M::mem_pestat] low and high boundaries for proper pairs: (1, 391)
[M::mem_pestat] skip orientation FF
[M::mem_pestat] skip orientation RR
[M::mem_process_seqs] Processed 118254 reads in 40.331 CPU sec, 1.065 real sec
[main] Version: 0.7.17-r1188
[main] CMD: bwa mem -L 5 -t 40 -a -M -T 80 -A 1 -B 4 -O 6 -R @RG\tID:Ssp-CGub_011-Ex1-cssl.clmp.fp2_repr\tSM:Ssp-CGub_011-Ex1-cssl.clmp.fp2_repr\tPL:Illumina reference.ssl.Ssp-10NR-R1R2ORPH-decontam-noisolate.fasta Ssp-CGub_011-Ex1-cssl.clmp.fp2_repr.R1.fq.gz Ssp-CGub_011-Ex1-cssl.clmp.fp2_repr.R2.fq.gz
[main] Real time: 2.878 sec; CPU: 41.830 sec
