[M::bwa_idx_load_from_disk] read 0 ALT contigs
[M::process] read 2798048 sequences (400000126 bp)...
[M::mem_pestat] # candidate unique pairs for (FF, FR, RF, RR): (299, 1316873, 215, 258)
[M::mem_pestat] analyzing insert size distribution for orientation FF...
[M::mem_pestat] (25, 50, 75) percentile: (114, 159, 211)
[M::mem_pestat] low and high boundaries for computing mean and std.dev: (1, 405)
[M::mem_pestat] mean and std.dev: (170.32, 79.20)
[M::mem_pestat] low and high boundaries for proper pairs: (1, 502)
[M::mem_pestat] analyzing insert size distribution for orientation FR...
[M::mem_pestat] (25, 50, 75) percentile: (169, 226, 300)
[M::mem_pestat] low and high boundaries for computing mean and std.dev: (1, 562)
[M::mem_pestat] mean and std.dev: (239.37, 89.55)
[M::mem_pestat] low and high boundaries for proper pairs: (1, 693)
[M::mem_pestat] analyzing insert size distribution for orientation RF...
[M::mem_pestat] (25, 50, 75) percentile: (511, 1493, 1773)
[M::mem_pestat] low and high boundaries for computing mean and std.dev: (1, 4297)
[M::mem_pestat] mean and std.dev: (1131.38, 879.89)
[M::mem_pestat] low and high boundaries for proper pairs: (1, 5559)
[M::mem_pestat] analyzing insert size distribution for orientation RR...
[M::mem_pestat] (25, 50, 75) percentile: (105, 137, 201)
[M::mem_pestat] low and high boundaries for computing mean and std.dev: (1, 393)
[M::mem_pestat] mean and std.dev: (155.32, 73.81)
[M::mem_pestat] low and high boundaries for proper pairs: (1, 489)
[M::mem_pestat] skip orientation FF
[M::mem_pestat] skip orientation RF
[M::mem_pestat] skip orientation RR
[M::mem_process_seqs] Processed 2798048 reads in 1042.186 CPU sec, 36.107 real sec
[M::process] read 2798028 sequences (400000278 bp)...
[M::process] read 2796704 sequences (400000116 bp)...
[M::mem_pestat] # candidate unique pairs for (FF, FR, RF, RR): (285, 1319487, 182, 283)
[M::mem_pestat] analyzing insert size distribution for orientation FF...
[M::mem_pestat] (25, 50, 75) percentile: (97, 146, 225)
[M::mem_pestat] low and high boundaries for computing mean and std.dev: (1, 481)
[M::mem_pestat] mean and std.dev: (164.27, 85.74)
[M::mem_pestat] low and high boundaries for proper pairs: (1, 609)
[M::mem_pestat] analyzing insert size distribution for orientation FR...
[M::mem_pestat] (25, 50, 75) percentile: (169, 226, 300)
[M::mem_pestat] low and high boundaries for computing mean and std.dev: (1, 562)
[M::mem_pestat] mean and std.dev: (239.46, 89.57)
[M::mem_pestat] low and high boundaries for proper pairs: (1, 693)
[M::mem_pestat] analyzing insert size distribution for orientation RF...
[M::mem_pestat] (25, 50, 75) percentile: (527, 1626, 2606)
[M::mem_pestat] low and high boundaries for computing mean and std.dev: (1, 6764)
[M::mem_pestat] mean and std.dev: (1983.61, 1867.84)
[M::mem_pestat] low and high boundaries for proper pairs: (1, 9455)
[M::mem_pestat] analyzing insert size distribution for orientation RR...
[M::mem_pestat] (25, 50, 75) percentile: (109, 156, 236)
[M::mem_pestat] low and high boundaries for computing mean and std.dev: (1, 490)
[M::mem_pestat] mean and std.dev: (174.78, 81.64)
[M::mem_pestat] low and high boundaries for proper pairs: (1, 617)
[M::mem_pestat] skip orientation FF
[M::mem_pestat] skip orientation RF
[M::mem_pestat] skip orientation RR
[M::mem_process_seqs] Processed 2798028 reads in 587.961 CPU sec, 16.509 real sec
[M::mem_pestat] # candidate unique pairs for (FF, FR, RF, RR): (209, 1319298, 124, 285)
[M::mem_pestat] analyzing insert size distribution for orientation FF...
[M::mem_pestat] (25, 50, 75) percentile: (92, 130, 197)
[M::mem_pestat] low and high boundaries for computing mean and std.dev: (1, 407)
[M::mem_pestat] mean and std.dev: (145.66, 75.59)
[M::mem_pestat] low and high boundaries for proper pairs: (1, 512)
[M::mem_pestat] analyzing insert size distribution for orientation FR...
[M::mem_pestat] (25, 50, 75) percentile: (169, 226, 300)
[M::mem_pestat] low and high boundaries for computing mean and std.dev: (1, 562)
[M::mem_pestat] mean and std.dev: (239.64, 89.69)
[M::mem_pestat] low and high boundaries for proper pairs: (1, 693)
[M::mem_pestat] analyzing insert size distribution for orientation RF...
[M::mem_pestat] (25, 50, 75) percentile: (473, 1598, 2740)
[M::mem_pestat] low and high boundaries for computing mean and std.dev: (1, 7274)
[M::mem_pestat] mean and std.dev: (2130.24, 1932.42)
[M::mem_pestat] low and high boundaries for proper pairs: (1, 9860)
[M::mem_pestat] analyzing insert size distribution for orientation RR...
[M::mem_pestat] (25, 50, 75) percentile: (107, 155, 229)
[M::mem_pestat] low and high boundaries for computing mean and std.dev: (1, 473)
[M::mem_pestat] mean and std.dev: (169.97, 79.38)
[M::mem_pestat] low and high boundaries for proper pairs: (1, 595)
[M::mem_pestat] skip orientation FF
[M::mem_pestat] skip orientation RF
[M::mem_pestat] skip orientation RR
[M::mem_process_seqs] Processed 2796704 reads in 586.739 CPU sec, 17.354 real sec
[M::process] read 2237190 sequences (319697671 bp)...
[M::mem_pestat] # candidate unique pairs for (FF, FR, RF, RR): (234, 1051905, 120, 233)
[M::mem_pestat] analyzing insert size distribution for orientation FF...
[M::mem_pestat] (25, 50, 75) percentile: (101, 144, 202)
[M::mem_pestat] low and high boundaries for computing mean and std.dev: (1, 404)
[M::mem_pestat] mean and std.dev: (154.07, 73.34)
[M::mem_pestat] low and high boundaries for proper pairs: (1, 505)
[M::mem_pestat] analyzing insert size distribution for orientation FR...
[M::mem_pestat] (25, 50, 75) percentile: (169, 226, 300)
[M::mem_pestat] low and high boundaries for computing mean and std.dev: (1, 562)
[M::mem_pestat] mean and std.dev: (239.26, 89.75)
[M::mem_pestat] low and high boundaries for proper pairs: (1, 693)
[M::mem_pestat] analyzing insert size distribution for orientation RF...
[M::mem_pestat] (25, 50, 75) percentile: (557, 1532, 2322)
[M::mem_pestat] low and high boundaries for computing mean and std.dev: (1, 5852)
[M::mem_pestat] mean and std.dev: (1505.88, 1179.56)
[M::mem_pestat] low and high boundaries for proper pairs: (1, 7617)
[M::mem_pestat] analyzing insert size distribution for orientation RR...
[M::mem_pestat] (25, 50, 75) percentile: (111, 164, 227)
[M::mem_pestat] low and high boundaries for computing mean and std.dev: (1, 459)
[M::mem_pestat] mean and std.dev: (166.09, 73.24)
[M::mem_pestat] low and high boundaries for proper pairs: (1, 575)
[M::mem_pestat] skip orientation FF
[M::mem_pestat] skip orientation RF
[M::mem_pestat] skip orientation RR
[M::mem_process_seqs] Processed 2237190 reads in 452.566 CPU sec, 12.246 real sec
[main] Version: 0.7.17-r1188
[main] CMD: bwa mem -L 5 -t 40 -a -M -T 80 -A 1 -B 4 -O 6 -R @RG\tID:Ssp-CGub_053-Ex1-cssl.clmp.fp2_repr\tSM:Ssp-CGub_053-Ex1-cssl.clmp.fp2_repr\tPL:Illumina reference.ssl.Ssp-10NR-R1R2ORPH-decontam-noisolate.fasta Ssp-CGub_053-Ex1-cssl.clmp.fp2_repr.R1.fq.gz Ssp-CGub_053-Ex1-cssl.clmp.fp2_repr.R2.fq.gz
[main] Real time: 108.395 sec; CPU: 2703.756 sec
