[M::bwa_idx_load_from_disk] read 0 ALT contigs
[M::process] read 3023760 sequences (400000147 bp)...
[M::mem_pestat] # candidate unique pairs for (FF, FR, RF, RR): (74, 1415188, 88, 68)
[M::mem_pestat] analyzing insert size distribution for orientation FF...
[M::mem_pestat] (25, 50, 75) percentile: (85, 114, 169)
[M::mem_pestat] low and high boundaries for computing mean and std.dev: (1, 337)
[M::mem_pestat] mean and std.dev: (123.65, 68.84)
[M::mem_pestat] low and high boundaries for proper pairs: (1, 421)
[M::mem_pestat] analyzing insert size distribution for orientation FR...
[M::mem_pestat] (25, 50, 75) percentile: (118, 153, 197)
[M::mem_pestat] low and high boundaries for computing mean and std.dev: (1, 355)
[M::mem_pestat] mean and std.dev: (161.11, 57.93)
[M::mem_pestat] low and high boundaries for proper pairs: (1, 434)
[M::mem_pestat] analyzing insert size distribution for orientation RF...
[M::mem_pestat] (25, 50, 75) percentile: (41, 293, 1529)
[M::mem_pestat] low and high boundaries for computing mean and std.dev: (1, 4505)
[M::mem_pestat] mean and std.dev: (627.86, 815.66)
[M::mem_pestat] low and high boundaries for proper pairs: (1, 5993)
[M::mem_pestat] analyzing insert size distribution for orientation RR...
[M::mem_pestat] (25, 50, 75) percentile: (79, 132, 170)
[M::mem_pestat] low and high boundaries for computing mean and std.dev: (1, 352)
[M::mem_pestat] mean and std.dev: (122.41, 60.59)
[M::mem_pestat] low and high boundaries for proper pairs: (1, 443)
[M::mem_pestat] skip orientation FF
[M::mem_pestat] skip orientation RF
[M::mem_pestat] skip orientation RR
[M::mem_process_seqs] Processed 3023760 reads in 1227.559 CPU sec, 46.902 real sec
[M::process] read 1329422 sequences (175833426 bp)...
[M::mem_pestat] # candidate unique pairs for (FF, FR, RF, RR): (21, 621371, 28, 29)
[M::mem_pestat] analyzing insert size distribution for orientation FF...
[M::mem_pestat] (25, 50, 75) percentile: (131, 149, 217)
[M::mem_pestat] low and high boundaries for computing mean and std.dev: (1, 389)
[M::mem_pestat] mean and std.dev: (162.19, 72.69)
[M::mem_pestat] low and high boundaries for proper pairs: (1, 475)
[M::mem_pestat] analyzing insert size distribution for orientation FR...
[M::mem_pestat] (25, 50, 75) percentile: (118, 153, 197)
[M::mem_pestat] low and high boundaries for computing mean and std.dev: (1, 355)
[M::mem_pestat] mean and std.dev: (161.02, 57.86)
[M::mem_pestat] low and high boundaries for proper pairs: (1, 434)
[M::mem_pestat] analyzing insert size distribution for orientation RF...
[M::mem_pestat] (25, 50, 75) percentile: (61, 460, 1097)
[M::mem_pestat] low and high boundaries for computing mean and std.dev: (1, 3169)
[M::mem_pestat] mean and std.dev: (694.14, 740.85)
[M::mem_pestat] low and high boundaries for proper pairs: (1, 4205)
[M::mem_pestat] analyzing insert size distribution for orientation RR...
[M::mem_pestat] (25, 50, 75) percentile: (79, 126, 239)
[M::mem_pestat] low and high boundaries for computing mean and std.dev: (1, 559)
[M::mem_pestat] mean and std.dev: (144.70, 94.55)
[M::mem_pestat] low and high boundaries for proper pairs: (1, 719)
[M::mem_pestat] skip orientation FF
[M::mem_pestat] skip orientation RF
[M::mem_pestat] skip orientation RR
[M::mem_process_seqs] Processed 1329422 reads in 287.878 CPU sec, 8.693 real sec
[main] Version: 0.7.17-r1188
[main] CMD: bwa mem -L 5 -t 40 -a -M -T 80 -A 1 -B 4 -O 6 -R @RG\tID:Ssp-CGub_061-Ex1-cssl.clmp.fp2_repr\tSM:Ssp-CGub_061-Ex1-cssl.clmp.fp2_repr\tPL:Illumina reference.ssl.Ssp-10NR-R1R2ORPH-decontam-noisolate.fasta Ssp-CGub_061-Ex1-cssl.clmp.fp2_repr.R1.fq.gz Ssp-CGub_061-Ex1-cssl.clmp.fp2_repr.R2.fq.gz
[main] Real time: 69.986 sec; CPU: 1530.241 sec
