[M::bwa_idx_load_from_disk] read 0 ALT contigs
[M::process] read 2941734 sequences (400000206 bp)...
[M::mem_pestat] # candidate unique pairs for (FF, FR, RF, RR): (165, 1385182, 113, 159)
[M::mem_pestat] analyzing insert size distribution for orientation FF...
[M::mem_pestat] (25, 50, 75) percentile: (80, 133, 196)
[M::mem_pestat] low and high boundaries for computing mean and std.dev: (1, 428)
[M::mem_pestat] mean and std.dev: (142.31, 76.20)
[M::mem_pestat] low and high boundaries for proper pairs: (1, 544)
[M::mem_pestat] analyzing insert size distribution for orientation FR...
[M::mem_pestat] (25, 50, 75) percentile: (130, 168, 218)
[M::mem_pestat] low and high boundaries for computing mean and std.dev: (1, 394)
[M::mem_pestat] mean and std.dev: (177.52, 66.14)
[M::mem_pestat] low and high boundaries for proper pairs: (1, 482)
[M::mem_pestat] analyzing insert size distribution for orientation RF...
[M::mem_pestat] (25, 50, 75) percentile: (278, 953, 1707)
[M::mem_pestat] low and high boundaries for computing mean and std.dev: (1, 4565)
[M::mem_pestat] mean and std.dev: (854.72, 660.92)
[M::mem_pestat] low and high boundaries for proper pairs: (1, 5994)
[M::mem_pestat] analyzing insert size distribution for orientation RR...
[M::mem_pestat] (25, 50, 75) percentile: (99, 133, 178)
[M::mem_pestat] low and high boundaries for computing mean and std.dev: (1, 336)
[M::mem_pestat] mean and std.dev: (139.19, 58.11)
[M::mem_pestat] low and high boundaries for proper pairs: (1, 415)
[M::mem_pestat] skip orientation FF
[M::mem_pestat] skip orientation RF
[M::mem_pestat] skip orientation RR
[M::mem_process_seqs] Processed 2941734 reads in 1135.599 CPU sec, 44.394 real sec
[M::process] read 2942552 sequences (400000139 bp)...
[M::process] read 2942128 sequences (400000084 bp)...
[M::mem_pestat] # candidate unique pairs for (FF, FR, RF, RR): (156, 1388076, 68, 179)
[M::mem_pestat] analyzing insert size distribution for orientation FF...
[M::mem_pestat] (25, 50, 75) percentile: (85, 118, 157)
[M::mem_pestat] low and high boundaries for computing mean and std.dev: (1, 301)
[M::mem_pestat] mean and std.dev: (127.65, 59.90)
[M::mem_pestat] low and high boundaries for proper pairs: (1, 373)
[M::mem_pestat] analyzing insert size distribution for orientation FR...
[M::mem_pestat] (25, 50, 75) percentile: (129, 167, 218)
[M::mem_pestat] low and high boundaries for computing mean and std.dev: (1, 396)
[M::mem_pestat] mean and std.dev: (177.42, 66.19)
[M::mem_pestat] low and high boundaries for proper pairs: (1, 485)
[M::mem_pestat] analyzing insert size distribution for orientation RF...
[M::mem_pestat] (25, 50, 75) percentile: (233, 565, 1686)
[M::mem_pestat] low and high boundaries for computing mean and std.dev: (1, 4592)
[M::mem_pestat] mean and std.dev: (541.86, 480.01)
[M::mem_pestat] low and high boundaries for proper pairs: (1, 6045)
[M::mem_pestat] analyzing insert size distribution for orientation RR...
[M::mem_pestat] (25, 50, 75) percentile: (91, 120, 179)
[M::mem_pestat] low and high boundaries for computing mean and std.dev: (1, 355)
[M::mem_pestat] mean and std.dev: (136.95, 68.15)
[M::mem_pestat] low and high boundaries for proper pairs: (1, 443)
[M::mem_pestat] skip orientation FF
[M::mem_pestat] skip orientation RF
[M::mem_pestat] skip orientation RR
[M::mem_process_seqs] Processed 2942552 reads in 579.255 CPU sec, 15.872 real sec
[M::mem_pestat] # candidate unique pairs for (FF, FR, RF, RR): (162, 1386876, 78, 188)
[M::mem_pestat] analyzing insert size distribution for orientation FF...
[M::mem_pestat] (25, 50, 75) percentile: (87, 129, 170)
[M::mem_pestat] low and high boundaries for computing mean and std.dev: (1, 336)
[M::mem_pestat] mean and std.dev: (131.48, 62.95)
[M::mem_pestat] low and high boundaries for proper pairs: (1, 419)
[M::mem_pestat] analyzing insert size distribution for orientation FR...
[M::mem_pestat] (25, 50, 75) percentile: (129, 167, 218)
[M::mem_pestat] low and high boundaries for computing mean and std.dev: (1, 396)
[M::mem_pestat] mean and std.dev: (177.43, 66.26)
[M::mem_pestat] low and high boundaries for proper pairs: (1, 485)
[M::mem_pestat] analyzing insert size distribution for orientation RF...
[M::mem_pestat] (25, 50, 75) percentile: (122, 707, 1633)
[M::mem_pestat] low and high boundaries for computing mean and std.dev: (1, 4655)
[M::mem_pestat] mean and std.dev: (886.65, 1144.56)
[M::mem_pestat] low and high boundaries for proper pairs: (1, 6166)
[M::mem_pestat] analyzing insert size distribution for orientation RR...
[M::mem_pestat] (25, 50, 75) percentile: (92, 130, 163)
[M::mem_pestat] low and high boundaries for computing mean and std.dev: (1, 305)
[M::mem_pestat] mean and std.dev: (128.88, 52.53)
[M::mem_pestat] low and high boundaries for proper pairs: (1, 376)
[M::mem_pestat] skip orientation FF
[M::mem_pestat] skip orientation RF
[M::mem_pestat] skip orientation RR
[M::mem_process_seqs] Processed 2942128 reads in 588.200 CPU sec, 17.329 real sec
[M::process] read 2361292 sequences (320965416 bp)...
[M::mem_pestat] # candidate unique pairs for (FF, FR, RF, RR): (110, 1108202, 47, 116)
[M::mem_pestat] analyzing insert size distribution for orientation FF...
[M::mem_pestat] (25, 50, 75) percentile: (98, 129, 185)
[M::mem_pestat] low and high boundaries for computing mean and std.dev: (1, 359)
[M::mem_pestat] mean and std.dev: (141.65, 57.67)
[M::mem_pestat] low and high boundaries for proper pairs: (1, 446)
[M::mem_pestat] analyzing insert size distribution for orientation FR...
[M::mem_pestat] (25, 50, 75) percentile: (129, 167, 218)
[M::mem_pestat] low and high boundaries for computing mean and std.dev: (1, 396)
[M::mem_pestat] mean and std.dev: (177.31, 66.19)
[M::mem_pestat] low and high boundaries for proper pairs: (1, 485)
[M::mem_pestat] analyzing insert size distribution for orientation RF...
[M::mem_pestat] (25, 50, 75) percentile: (134, 411, 1809)
[M::mem_pestat] low and high boundaries for computing mean and std.dev: (1, 5159)
[M::mem_pestat] mean and std.dev: (848.37, 935.98)
[M::mem_pestat] low and high boundaries for proper pairs: (1, 6834)
[M::mem_pestat] analyzing insert size distribution for orientation RR...
[M::mem_pestat] (25, 50, 75) percentile: (76, 117, 173)
[M::mem_pestat] low and high boundaries for computing mean and std.dev: (1, 367)
[M::mem_pestat] mean and std.dev: (129.24, 65.61)
[M::mem_pestat] low and high boundaries for proper pairs: (1, 464)
[M::mem_pestat] skip orientation FF
[M::mem_pestat] skip orientation RF
[M::mem_pestat] skip orientation RR
[M::mem_process_seqs] Processed 2361292 reads in 466.188 CPU sec, 12.596 real sec
[main] Version: 0.7.17-r1188
[main] CMD: bwa mem -L 5 -t 40 -a -M -T 80 -A 1 -B 4 -O 6 -R @RG\tID:Ssp-CGub_024-Ex1-cssl.clmp.fp2_repr\tSM:Ssp-CGub_024-Ex1-cssl.clmp.fp2_repr\tPL:Illumina reference.ssl.Ssp-10NR-R1R2ORPH-decontam-noisolate.fasta Ssp-CGub_024-Ex1-cssl.clmp.fp2_repr.R1.fq.gz Ssp-CGub_024-Ex1-cssl.clmp.fp2_repr.R2.fq.gz
[main] Real time: 115.105 sec; CPU: 2801.111 sec
