[M::bwa_idx_load_from_disk] read 0 ALT contigs
[M::process] read 2844126 sequences (400000089 bp)...
[M::mem_pestat] # candidate unique pairs for (FF, FR, RF, RR): (202, 1341373, 120, 221)
[M::mem_pestat] analyzing insert size distribution for orientation FF...
[M::mem_pestat] (25, 50, 75) percentile: (76, 117, 189)
[M::mem_pestat] low and high boundaries for computing mean and std.dev: (1, 415)
[M::mem_pestat] mean and std.dev: (138.13, 82.88)
[M::mem_pestat] low and high boundaries for proper pairs: (1, 528)
[M::mem_pestat] analyzing insert size distribution for orientation FR...
[M::mem_pestat] (25, 50, 75) percentile: (148, 183, 244)
[M::mem_pestat] low and high boundaries for computing mean and std.dev: (1, 436)
[M::mem_pestat] mean and std.dev: (199.64, 75.34)
[M::mem_pestat] low and high boundaries for proper pairs: (1, 532)
[M::mem_pestat] analyzing insert size distribution for orientation RF...
[M::mem_pestat] (25, 50, 75) percentile: (493, 1134, 1682)
[M::mem_pestat] low and high boundaries for computing mean and std.dev: (1, 4060)
[M::mem_pestat] mean and std.dev: (1036.22, 747.71)
[M::mem_pestat] low and high boundaries for proper pairs: (1, 5249)
[M::mem_pestat] analyzing insert size distribution for orientation RR...
[M::mem_pestat] (25, 50, 75) percentile: (99, 142, 208)
[M::mem_pestat] low and high boundaries for computing mean and std.dev: (1, 426)
[M::mem_pestat] mean and std.dev: (153.22, 75.89)
[M::mem_pestat] low and high boundaries for proper pairs: (1, 535)
[M::mem_pestat] skip orientation FF
[M::mem_pestat] skip orientation RF
[M::mem_pestat] skip orientation RR
[M::mem_process_seqs] Processed 2844126 reads in 1097.106 CPU sec, 43.707 real sec
[M::process] read 2843898 sequences (400000236 bp)...
[M::process] read 2845060 sequences (400000019 bp)...
[M::mem_pestat] # candidate unique pairs for (FF, FR, RF, RR): (207, 1343803, 82, 216)
[M::mem_pestat] analyzing insert size distribution for orientation FF...
[M::mem_pestat] (25, 50, 75) percentile: (81, 121, 186)
[M::mem_pestat] low and high boundaries for computing mean and std.dev: (1, 396)
[M::mem_pestat] mean and std.dev: (134.76, 71.93)
[M::mem_pestat] low and high boundaries for proper pairs: (1, 501)
[M::mem_pestat] analyzing insert size distribution for orientation FR...
[M::mem_pestat] (25, 50, 75) percentile: (147, 183, 244)
[M::mem_pestat] low and high boundaries for computing mean and std.dev: (1, 438)
[M::mem_pestat] mean and std.dev: (199.93, 75.77)
[M::mem_pestat] low and high boundaries for proper pairs: (1, 535)
[M::mem_pestat] analyzing insert size distribution for orientation RF...
[M::mem_pestat] (25, 50, 75) percentile: (85, 557, 1626)
[M::mem_pestat] low and high boundaries for computing mean and std.dev: (1, 4708)
[M::mem_pestat] mean and std.dev: (1058.62, 1326.98)
[M::mem_pestat] low and high boundaries for proper pairs: (1, 6367)
[M::mem_pestat] analyzing insert size distribution for orientation RR...
[M::mem_pestat] (25, 50, 75) percentile: (86, 134, 209)
[M::mem_pestat] low and high boundaries for computing mean and std.dev: (1, 455)
[M::mem_pestat] mean and std.dev: (151.38, 82.59)
[M::mem_pestat] low and high boundaries for proper pairs: (1, 578)
[M::mem_pestat] skip orientation FF
[M::mem_pestat] skip orientation RF
[M::mem_pestat] skip orientation RR
[M::mem_process_seqs] Processed 2843898 reads in 527.289 CPU sec, 14.195 real sec
[M::mem_pestat] # candidate unique pairs for (FF, FR, RF, RR): (205, 1348899, 81, 227)
[M::mem_pestat] analyzing insert size distribution for orientation FF...
[M::mem_pestat] (25, 50, 75) percentile: (89, 122, 217)
[M::mem_pestat] low and high boundaries for computing mean and std.dev: (1, 473)
[M::mem_pestat] mean and std.dev: (150.72, 85.50)
[M::mem_pestat] low and high boundaries for proper pairs: (1, 601)
[M::mem_pestat] analyzing insert size distribution for orientation FR...
[M::mem_pestat] (25, 50, 75) percentile: (147, 183, 244)
[M::mem_pestat] low and high boundaries for computing mean and std.dev: (1, 438)
[M::mem_pestat] mean and std.dev: (199.76, 75.60)
[M::mem_pestat] low and high boundaries for proper pairs: (1, 535)
[M::mem_pestat] analyzing insert size distribution for orientation RF...
[M::mem_pestat] (25, 50, 75) percentile: (524, 775, 1884)
[M::mem_pestat] low and high boundaries for computing mean and std.dev: (1, 4604)
[M::mem_pestat] mean and std.dev: (1198.02, 999.07)
[M::mem_pestat] low and high boundaries for proper pairs: (1, 5964)
[M::mem_pestat] analyzing insert size distribution for orientation RR...
[M::mem_pestat] (25, 50, 75) percentile: (92, 120, 175)
[M::mem_pestat] low and high boundaries for computing mean and std.dev: (1, 341)
[M::mem_pestat] mean and std.dev: (133.00, 65.10)
[M::mem_pestat] low and high boundaries for proper pairs: (1, 424)
[M::mem_pestat] skip orientation FF
[M::mem_pestat] skip orientation RF
[M::mem_pestat] skip orientation RR
[M::mem_process_seqs] Processed 2845060 reads in 545.365 CPU sec, 16.095 real sec
[M::process] read 2846568 sequences (400000078 bp)...
[M::process] read 2844574 sequences (400000088 bp)...
[M::mem_pestat] # candidate unique pairs for (FF, FR, RF, RR): (218, 1350575, 96, 197)
[M::mem_pestat] analyzing insert size distribution for orientation FF...
[M::mem_pestat] (25, 50, 75) percentile: (84, 130, 196)
[M::mem_pestat] low and high boundaries for computing mean and std.dev: (1, 420)
[M::mem_pestat] mean and std.dev: (143.01, 77.24)
[M::mem_pestat] low and high boundaries for proper pairs: (1, 532)
[M::mem_pestat] analyzing insert size distribution for orientation FR...
[M::mem_pestat] (25, 50, 75) percentile: (147, 183, 244)
[M::mem_pestat] low and high boundaries for computing mean and std.dev: (1, 438)
[M::mem_pestat] mean and std.dev: (199.67, 75.51)
[M::mem_pestat] low and high boundaries for proper pairs: (1, 535)
[M::mem_pestat] analyzing insert size distribution for orientation RF...
[M::mem_pestat] (25, 50, 75) percentile: (456, 1621, 4663)
[M::mem_pestat] low and high boundaries for computing mean and std.dev: (1, 13077)
[M::mem_pestat] mean and std.dev: (2331.70, 2043.82)
[M::mem_pestat] low and high boundaries for proper pairs: (1, 17284)
[M::mem_pestat] analyzing insert size distribution for orientation RR...
[M::mem_pestat] (25, 50, 75) percentile: (95, 141, 200)
[M::mem_pestat] low and high boundaries for computing mean and std.dev: (1, 410)
[M::mem_pestat] mean and std.dev: (156.30, 76.37)
[M::mem_pestat] low and high boundaries for proper pairs: (1, 515)
[M::mem_pestat] skip orientation FF
[M::mem_pestat] skip orientation RF
[M::mem_pestat] skip orientation RR
[M::mem_process_seqs] Processed 2846568 reads in 507.541 CPU sec, 13.788 real sec
[M::mem_pestat] # candidate unique pairs for (FF, FR, RF, RR): (207, 1342423, 105, 215)
[M::mem_pestat] analyzing insert size distribution for orientation FF...
[M::mem_pestat] (25, 50, 75) percentile: (91, 133, 194)
[M::mem_pestat] low and high boundaries for computing mean and std.dev: (1, 400)
[M::mem_pestat] mean and std.dev: (148.31, 75.97)
[M::mem_pestat] low and high boundaries for proper pairs: (1, 503)
[M::mem_pestat] analyzing insert size distribution for orientation FR...
[M::mem_pestat] (25, 50, 75) percentile: (147, 183, 244)
[M::mem_pestat] low and high boundaries for computing mean and std.dev: (1, 438)
[M::mem_pestat] mean and std.dev: (199.80, 75.78)
[M::mem_pestat] low and high boundaries for proper pairs: (1, 535)
[M::mem_pestat] analyzing insert size distribution for orientation RF...
[M::mem_pestat] (25, 50, 75) percentile: (510, 1563, 5115)
[M::mem_pestat] low and high boundaries for computing mean and std.dev: (1, 14325)
[M::mem_pestat] mean and std.dev: (2194.83, 2224.41)
[M::mem_pestat] low and high boundaries for proper pairs: (1, 18930)
[M::mem_pestat] analyzing insert size distribution for orientation RR...
[M::mem_pestat] (25, 50, 75) percentile: (86, 127, 191)
[M::mem_pestat] low and high boundaries for computing mean and std.dev: (1, 401)
[M::mem_pestat] mean and std.dev: (142.00, 78.62)
[M::mem_pestat] low and high boundaries for proper pairs: (1, 506)
[M::mem_pestat] skip orientation FF
[M::mem_pestat] skip orientation RF
[M::mem_pestat] skip orientation RR
[M::mem_process_seqs] Processed 2844574 reads in 543.610 CPU sec, 15.722 real sec
[M::process] read 2842734 sequences (400000248 bp)...
[M::process] read 2843612 sequences (400000122 bp)...
[M::mem_pestat] # candidate unique pairs for (FF, FR, RF, RR): (208, 1345229, 62, 231)
[M::mem_pestat] analyzing insert size distribution for orientation FF...
[M::mem_pestat] (25, 50, 75) percentile: (79, 125, 184)
[M::mem_pestat] low and high boundaries for computing mean and std.dev: (1, 394)
[M::mem_pestat] mean and std.dev: (136.66, 74.80)
[M::mem_pestat] low and high boundaries for proper pairs: (1, 499)
[M::mem_pestat] analyzing insert size distribution for orientation FR...
[M::mem_pestat] (25, 50, 75) percentile: (148, 183, 244)
[M::mem_pestat] low and high boundaries for computing mean and std.dev: (1, 436)
[M::mem_pestat] mean and std.dev: (199.82, 75.35)
[M::mem_pestat] low and high boundaries for proper pairs: (1, 532)
[M::mem_pestat] analyzing insert size distribution for orientation RF...
[M::mem_pestat] (25, 50, 75) percentile: (77, 338, 1593)
[M::mem_pestat] low and high boundaries for computing mean and std.dev: (1, 4625)
[M::mem_pestat] mean and std.dev: (546.67, 841.31)
[M::mem_pestat] low and high boundaries for proper pairs: (1, 6141)
[M::mem_pestat] analyzing insert size distribution for orientation RR...
[M::mem_pestat] (25, 50, 75) percentile: (84, 128, 195)
[M::mem_pestat] low and high boundaries for computing mean and std.dev: (1, 417)
[M::mem_pestat] mean and std.dev: (143.13, 77.48)
[M::mem_pestat] low and high boundaries for proper pairs: (1, 528)
[M::mem_pestat] skip orientation FF
[M::mem_pestat] skip orientation RF
[M::mem_pestat] skip orientation RR
[M::mem_process_seqs] Processed 2842734 reads in 536.231 CPU sec, 14.639 real sec
[M::mem_pestat] # candidate unique pairs for (FF, FR, RF, RR): (205, 1350201, 84, 224)
[M::mem_pestat] analyzing insert size distribution for orientation FF...
[M::mem_pestat] (25, 50, 75) percentile: (78, 122, 179)
[M::mem_pestat] low and high boundaries for computing mean and std.dev: (1, 381)
[M::mem_pestat] mean and std.dev: (134.97, 72.29)
[M::mem_pestat] low and high boundaries for proper pairs: (1, 482)
[M::mem_pestat] analyzing insert size distribution for orientation FR...
[M::mem_pestat] (25, 50, 75) percentile: (148, 183, 244)
[M::mem_pestat] low and high boundaries for computing mean and std.dev: (1, 436)
[M::mem_pestat] mean and std.dev: (199.92, 75.49)
[M::mem_pestat] low and high boundaries for proper pairs: (1, 532)
[M::mem_pestat] analyzing insert size distribution for orientation RF...
[M::mem_pestat] (25, 50, 75) percentile: (147, 1178, 2154)
[M::mem_pestat] low and high boundaries for computing mean and std.dev: (1, 6168)
[M::mem_pestat] mean and std.dev: (1447.78, 1524.17)
[M::mem_pestat] low and high boundaries for proper pairs: (1, 8175)
[M::mem_pestat] analyzing insert size distribution for orientation RR...
[M::mem_pestat] (25, 50, 75) percentile: (93, 139, 214)
[M::mem_pestat] low and high boundaries for computing mean and std.dev: (1, 456)
[M::mem_pestat] mean and std.dev: (159.18, 82.43)
[M::mem_pestat] low and high boundaries for proper pairs: (1, 577)
[M::mem_pestat] skip orientation FF
[M::mem_pestat] skip orientation RF
[M::mem_pestat] skip orientation RR
[M::mem_process_seqs] Processed 2843612 reads in 538.413 CPU sec, 15.742 real sec
[M::process] read 2847932 sequences (400000281 bp)...
[M::process] read 2845332 sequences (400000009 bp)...
[M::mem_pestat] # candidate unique pairs for (FF, FR, RF, RR): (206, 1330776, 86, 220)
[M::mem_pestat] analyzing insert size distribution for orientation FF...
[M::mem_pestat] (25, 50, 75) percentile: (85, 122, 193)
[M::mem_pestat] low and high boundaries for computing mean and std.dev: (1, 409)
[M::mem_pestat] mean and std.dev: (140.12, 74.75)
[M::mem_pestat] low and high boundaries for proper pairs: (1, 517)
[M::mem_pestat] analyzing insert size distribution for orientation FR...
[M::mem_pestat] (25, 50, 75) percentile: (147, 183, 244)
[M::mem_pestat] low and high boundaries for computing mean and std.dev: (1, 438)
[M::mem_pestat] mean and std.dev: (199.49, 75.75)
[M::mem_pestat] low and high boundaries for proper pairs: (1, 535)
[M::mem_pestat] analyzing insert size distribution for orientation RF...
[M::mem_pestat] (25, 50, 75) percentile: (81, 195, 2511)
[M::mem_pestat] low and high boundaries for computing mean and std.dev: (1, 7371)
[M::mem_pestat] mean and std.dev: (1614.41, 2276.05)
[M::mem_pestat] low and high boundaries for proper pairs: (1, 10719)
[M::mem_pestat] analyzing insert size distribution for orientation RR...
[M::mem_pestat] (25, 50, 75) percentile: (90, 131, 206)
[M::mem_pestat] low and high boundaries for computing mean and std.dev: (1, 438)
[M::mem_pestat] mean and std.dev: (149.86, 80.65)
[M::mem_pestat] low and high boundaries for proper pairs: (1, 554)
[M::mem_pestat] skip orientation FF
[M::mem_pestat] skip orientation RF
[M::mem_pestat] skip orientation RR
[M::mem_process_seqs] Processed 2847932 reads in 595.043 CPU sec, 16.571 real sec
[M::mem_pestat] # candidate unique pairs for (FF, FR, RF, RR): (211, 1351245, 67, 236)
[M::mem_pestat] analyzing insert size distribution for orientation FF...
[M::mem_pestat] (25, 50, 75) percentile: (90, 130, 212)
[M::mem_pestat] low and high boundaries for computing mean and std.dev: (1, 456)
[M::mem_pestat] mean and std.dev: (153.70, 84.05)
[M::mem_pestat] low and high boundaries for proper pairs: (1, 578)
[M::mem_pestat] analyzing insert size distribution for orientation FR...
[M::mem_pestat] (25, 50, 75) percentile: (147, 183, 243)
[M::mem_pestat] low and high boundaries for computing mean and std.dev: (1, 435)
[M::mem_pestat] mean and std.dev: (199.29, 75.25)
[M::mem_pestat] low and high boundaries for proper pairs: (1, 531)
[M::mem_pestat] analyzing insert size distribution for orientation RF...
[M::mem_pestat] (25, 50, 75) percentile: (234, 668, 1570)
[M::mem_pestat] low and high boundaries for computing mean and std.dev: (1, 4242)
[M::mem_pestat] mean and std.dev: (874.31, 773.15)
[M::mem_pestat] low and high boundaries for proper pairs: (1, 5578)
[M::mem_pestat] analyzing insert size distribution for orientation RR...
[M::mem_pestat] (25, 50, 75) percentile: (103, 155, 220)
[M::mem_pestat] low and high boundaries for computing mean and std.dev: (1, 454)
[M::mem_pestat] mean and std.dev: (161.24, 75.14)
[M::mem_pestat] low and high boundaries for proper pairs: (1, 571)
[M::mem_pestat] skip orientation FF
[M::mem_pestat] skip orientation RF
[M::mem_pestat] skip orientation RR
[M::mem_process_seqs] Processed 2845332 reads in 530.945 CPU sec, 15.250 real sec
[M::process] read 30514 sequences (4290680 bp)...
[M::mem_pestat] # candidate unique pairs for (FF, FR, RF, RR): (4, 14577, 0, 2)
[M::mem_pestat] skip orientation FF as there are not enough pairs
[M::mem_pestat] analyzing insert size distribution for orientation FR...
[M::mem_pestat] (25, 50, 75) percentile: (147, 183, 242)
[M::mem_pestat] low and high boundaries for computing mean and std.dev: (1, 432)
[M::mem_pestat] mean and std.dev: (198.93, 74.98)
[M::mem_pestat] low and high boundaries for proper pairs: (1, 527)
[M::mem_pestat] skip orientation RF as there are not enough pairs
[M::mem_pestat] skip orientation RR as there are not enough pairs
[M::mem_process_seqs] Processed 30514 reads in 7.195 CPU sec, 0.215 real sec
[main] Version: 0.7.17-r1188
[main] CMD: bwa mem -L 5 -t 40 -a -M -T 80 -A 1 -B 4 -O 6 -R @RG\tID:Ssp-CGub_067-Ex1-cssl.clmp.fp2_repr\tSM:Ssp-CGub_067-Ex1-cssl.clmp.fp2_repr\tPL:Illumina reference.ssl.Ssp-10NR-R1R2ORPH-decontam-noisolate.fasta Ssp-CGub_067-Ex1-cssl.clmp.fp2_repr.R1.fq.gz Ssp-CGub_067-Ex1-cssl.clmp.fp2_repr.R2.fq.gz
[main] Real time: 215.743 sec; CPU: 5496.388 sec
