[M::bwa_idx_load_from_disk] read 0 ALT contigs
[M::process] read 103724 sequences (12865527 bp)...
[M::mem_pestat] # candidate unique pairs for (FF, FR, RF, RR): (12, 9143, 1, 2)
[M::mem_pestat] analyzing insert size distribution for orientation FF...
[M::mem_pestat] (25, 50, 75) percentile: (66, 66, 178)
[M::mem_pestat] low and high boundaries for computing mean and std.dev: (1, 402)
[M::mem_pestat] mean and std.dev: (108.42, 55.42)
[M::mem_pestat] low and high boundaries for proper pairs: (1, 514)
[M::mem_pestat] analyzing insert size distribution for orientation FR...
[M::mem_pestat] (25, 50, 75) percentile: (76, 113, 175)
[M::mem_pestat] low and high boundaries for computing mean and std.dev: (1, 373)
[M::mem_pestat] mean and std.dev: (129.83, 73.84)
[M::mem_pestat] low and high boundaries for proper pairs: (1, 472)
[M::mem_pestat] skip orientation RF as there are not enough pairs
[M::mem_pestat] skip orientation RR as there are not enough pairs
[M::mem_pestat] skip orientation FF
[M::mem_process_seqs] Processed 103724 reads in 25.320 CPU sec, 0.668 real sec
[main] Version: 0.7.17-r1188
[main] CMD: bwa mem -L 5 -t 40 -a -M -T 80 -A 1 -B 4 -O 6 -R @RG\tID:Ssp-AAtu_021-Ex1-cssl.clmp.fp2_repr\tSM:Ssp-AAtu_021-Ex1-cssl.clmp.fp2_repr\tPL:Illumina reference.ssl.Ssp-10NR-R1R2ORPH-decontam-noisolate.fasta Ssp-AAtu_021-Ex1-cssl.clmp.fp2_repr.R1.fq.gz Ssp-AAtu_021-Ex1-cssl.clmp.fp2_repr.R2.fq.gz
[main] Real time: 2.414 sec; CPU: 26.733 sec
