[M::bwa_idx_load_from_disk] read 0 ALT contigs
[M::process] read 1924482 sequences (216343144 bp)...
[M::mem_pestat] # candidate unique pairs for (FF, FR, RF, RR): (349, 732721, 6, 240)
[M::mem_pestat] analyzing insert size distribution for orientation FF...
[M::mem_pestat] (25, 50, 75) percentile: (55, 64, 98)
[M::mem_pestat] low and high boundaries for computing mean and std.dev: (1, 184)
[M::mem_pestat] mean and std.dev: (76.48, 37.17)
[M::mem_pestat] low and high boundaries for proper pairs: (1, 227)
[M::mem_pestat] analyzing insert size distribution for orientation FR...
[M::mem_pestat] (25, 50, 75) percentile: (90, 116, 147)
[M::mem_pestat] low and high boundaries for computing mean and std.dev: (1, 261)
[M::mem_pestat] mean and std.dev: (120.17, 41.27)
[M::mem_pestat] low and high boundaries for proper pairs: (1, 318)
[M::mem_pestat] skip orientation RF as there are not enough pairs
[M::mem_pestat] analyzing insert size distribution for orientation RR...
[M::mem_pestat] (25, 50, 75) percentile: (30, 50, 86)
[M::mem_pestat] low and high boundaries for computing mean and std.dev: (1, 198)
[M::mem_pestat] mean and std.dev: (60.50, 34.89)
[M::mem_pestat] low and high boundaries for proper pairs: (1, 254)
[M::mem_pestat] skip orientation FF
[M::mem_pestat] skip orientation RR
[M::mem_process_seqs] Processed 1924482 reads in 749.543 CPU sec, 19.907 real sec
[main] Version: 0.7.17-r1188
[main] CMD: bwa mem -L 5 -t 40 -a -M -T 30 -A 1 -B 4 -O 6 -R @RG\tID:Tbi-ARos_002_Ex1b_L4_clmp.fp2_repr\tSM:Tbi-ARos_002_Ex1b_L4_clmp.fp2_repr\tPL:Illumina reference.ssl.Tbi-C_scaffolds_32R_spades_contam_R1R2ORPH_noisolate.fasta Tbi-ARos_002_Ex1b_L4_clmp.fp2_repr.R1.fq.gz Tbi-ARos_002_Ex1b_L4_clmp.fp2_repr.R2.fq.gz
[main] Real time: 30.242 sec; CPU: 758.998 sec
