[M::bwa_idx_load_from_disk] read 0 ALT contigs
[M::process] read 548354 sequences (76847381 bp)...
[M::mem_pestat] # candidate unique pairs for (FF, FR, RF, RR): (39, 225078, 12, 24)
[M::mem_pestat] analyzing insert size distribution for orientation FF...
[M::mem_pestat] (25, 50, 75) percentile: (151, 162, 230)
[M::mem_pestat] low and high boundaries for computing mean and std.dev: (1, 388)
[M::mem_pestat] mean and std.dev: (165.17, 69.96)
[M::mem_pestat] low and high boundaries for proper pairs: (1, 467)
[M::mem_pestat] analyzing insert size distribution for orientation FR...
[M::mem_pestat] (25, 50, 75) percentile: (157, 219, 301)
[M::mem_pestat] low and high boundaries for computing mean and std.dev: (1, 589)
[M::mem_pestat] mean and std.dev: (236.69, 101.88)
[M::mem_pestat] low and high boundaries for proper pairs: (1, 733)
[M::mem_pestat] analyzing insert size distribution for orientation RF...
[M::mem_pestat] (25, 50, 75) percentile: (127, 542, 1088)
[M::mem_pestat] low and high boundaries for computing mean and std.dev: (1, 3010)
[M::mem_pestat] mean and std.dev: (587.25, 506.28)
[M::mem_pestat] low and high boundaries for proper pairs: (1, 3971)
[M::mem_pestat] analyzing insert size distribution for orientation RR...
[M::mem_pestat] (25, 50, 75) percentile: (112, 198, 279)
[M::mem_pestat] low and high boundaries for computing mean and std.dev: (1, 613)
[M::mem_pestat] mean and std.dev: (177.00, 77.58)
[M::mem_pestat] low and high boundaries for proper pairs: (1, 780)
[M::mem_pestat] skip orientation FF
[M::mem_pestat] skip orientation RF
[M::mem_pestat] skip orientation RR
[M::mem_process_seqs] Processed 548354 reads in 228.042 CPU sec, 6.153 real sec
[main] Version: 0.7.17-r1188
[main] CMD: bwa mem -L 5 -t 40 -a -M -T 30 -A 1 -B 4 -O 6 -R @RG\tID:Tbi-CJos_072_Ex1_L4_clmp.fp2_repr\tSM:Tbi-CJos_072_Ex1_L4_clmp.fp2_repr\tPL:Illumina reference.ssl.Tbi-C_scaffolds_32R_spades_contam_R1R2ORPH_noisolate.fasta Tbi-CJos_072_Ex1_L4_clmp.fp2_repr.R1.fq.gz Tbi-CJos_072_Ex1_L4_clmp.fp2_repr.R2.fq.gz
[main] Real time: 10.885 sec; CPU: 231.804 sec
