[M::bwa_idx_load_from_disk] read 0 ALT contigs
[M::process] read 1056076 sequences (124042471 bp)...
[M::mem_pestat] # candidate unique pairs for (FF, FR, RF, RR): (185, 347073, 8, 163)
[M::mem_pestat] analyzing insert size distribution for orientation FF...
[M::mem_pestat] (25, 50, 75) percentile: (47, 75, 110)
[M::mem_pestat] low and high boundaries for computing mean and std.dev: (1, 236)
[M::mem_pestat] mean and std.dev: (80.44, 35.04)
[M::mem_pestat] low and high boundaries for proper pairs: (1, 299)
[M::mem_pestat] analyzing insert size distribution for orientation FR...
[M::mem_pestat] (25, 50, 75) percentile: (94, 121, 153)
[M::mem_pestat] low and high boundaries for computing mean and std.dev: (1, 271)
[M::mem_pestat] mean and std.dev: (125.29, 43.32)
[M::mem_pestat] low and high boundaries for proper pairs: (1, 330)
[M::mem_pestat] skip orientation RF as there are not enough pairs
[M::mem_pestat] analyzing insert size distribution for orientation RR...
[M::mem_pestat] (25, 50, 75) percentile: (80, 80, 96)
[M::mem_pestat] low and high boundaries for computing mean and std.dev: (48, 128)
[M::mem_pestat] mean and std.dev: (85.44, 14.36)
[M::mem_pestat] low and high boundaries for proper pairs: (28, 144)
[M::mem_pestat] skip orientation FF
[M::mem_pestat] skip orientation RR
[M::mem_process_seqs] Processed 1056076 reads in 400.794 CPU sec, 10.731 real sec
[main] Version: 0.7.17-r1188
[main] CMD: bwa mem -L 5 -t 40 -a -M -T 30 -A 1 -B 4 -O 6 -R @RG\tID:Tbi-ARos_017_Ex1b_L4_clmp.fp2_repr\tSM:Tbi-ARos_017_Ex1b_L4_clmp.fp2_repr\tPL:Illumina reference.ssl.Tbi-C_scaffolds_32R_spades_contam_R1R2ORPH_noisolate.fasta Tbi-ARos_017_Ex1b_L4_clmp.fp2_repr.R1.fq.gz Tbi-ARos_017_Ex1b_L4_clmp.fp2_repr.R2.fq.gz
[main] Real time: 17.104 sec; CPU: 406.244 sec
