[M::bwa_idx_load_from_disk] read 0 ALT contigs
[M::process] read 2827894 sequences (400000038 bp)...
[M::mem_pestat] # candidate unique pairs for (FF, FR, RF, RR): (183, 1148894, 162, 130)
[M::mem_pestat] analyzing insert size distribution for orientation FF...
[M::mem_pestat] (25, 50, 75) percentile: (113, 209, 277)
[M::mem_pestat] low and high boundaries for computing mean and std.dev: (1, 605)
[M::mem_pestat] mean and std.dev: (193.89, 109.62)
[M::mem_pestat] low and high boundaries for proper pairs: (1, 769)
[M::mem_pestat] analyzing insert size distribution for orientation FR...
[M::mem_pestat] (25, 50, 75) percentile: (175, 249, 344)
[M::mem_pestat] low and high boundaries for computing mean and std.dev: (1, 682)
[M::mem_pestat] mean and std.dev: (266.12, 112.76)
[M::mem_pestat] low and high boundaries for proper pairs: (1, 851)
[M::mem_pestat] analyzing insert size distribution for orientation RF...
[M::mem_pestat] (25, 50, 75) percentile: (100, 485, 946)
[M::mem_pestat] low and high boundaries for computing mean and std.dev: (1, 2638)
[M::mem_pestat] mean and std.dev: (463.04, 418.19)
[M::mem_pestat] low and high boundaries for proper pairs: (1, 3484)
[M::mem_pestat] analyzing insert size distribution for orientation RR...
[M::mem_pestat] (25, 50, 75) percentile: (117, 265, 355)
[M::mem_pestat] low and high boundaries for computing mean and std.dev: (1, 831)
[M::mem_pestat] mean and std.dev: (245.10, 133.38)
[M::mem_pestat] low and high boundaries for proper pairs: (1, 1069)
[M::mem_pestat] skip orientation FF
[M::mem_pestat] skip orientation RF
[M::mem_pestat] skip orientation RR
[M::mem_process_seqs] Processed 2827894 reads in 1057.371 CPU sec, 40.072 real sec
[M::process] read 2699614 sequences (381692506 bp)...
[M::mem_pestat] # candidate unique pairs for (FF, FR, RF, RR): (141, 1098297, 144, 212)
[M::mem_pestat] analyzing insert size distribution for orientation FF...
[M::mem_pestat] (25, 50, 75) percentile: (113, 135, 235)
[M::mem_pestat] low and high boundaries for computing mean and std.dev: (1, 479)
[M::mem_pestat] mean and std.dev: (165.47, 92.46)
[M::mem_pestat] low and high boundaries for proper pairs: (1, 601)
[M::mem_pestat] analyzing insert size distribution for orientation FR...
[M::mem_pestat] (25, 50, 75) percentile: (176, 250, 344)
[M::mem_pestat] low and high boundaries for computing mean and std.dev: (1, 680)
[M::mem_pestat] mean and std.dev: (266.35, 112.98)
[M::mem_pestat] low and high boundaries for proper pairs: (1, 848)
[M::mem_pestat] analyzing insert size distribution for orientation RF...
[M::mem_pestat] (25, 50, 75) percentile: (65, 185, 1919)
[M::mem_pestat] low and high boundaries for computing mean and std.dev: (1, 5627)
[M::mem_pestat] mean and std.dev: (1034.22, 1668.06)
[M::mem_pestat] low and high boundaries for proper pairs: (1, 7706)
[M::mem_pestat] analyzing insert size distribution for orientation RR...
[M::mem_pestat] (25, 50, 75) percentile: (130, 219, 320)
[M::mem_pestat] low and high boundaries for computing mean and std.dev: (1, 700)
[M::mem_pestat] mean and std.dev: (231.11, 116.21)
[M::mem_pestat] low and high boundaries for proper pairs: (1, 890)
[M::mem_pestat] skip orientation FF
[M::mem_pestat] skip orientation RF
[M::mem_pestat] skip orientation RR
[M::mem_process_seqs] Processed 2699614 reads in 1041.919 CPU sec, 28.760 real sec
[main] Version: 0.7.17-r1188
[main] CMD: bwa mem -L 5 -t 40 -a -M -T 30 -A 1 -B 4 -O 6 -R @RG\tID:Tbi-CJos_042_Ex1_L4_clmp.fp2_repr\tSM:Tbi-CJos_042_Ex1_L4_clmp.fp2_repr\tPL:Illumina reference.ssl.Tbi-C_scaffolds_32R_spades_contam_R1R2ORPH_noisolate.fasta Tbi-CJos_042_Ex1_L4_clmp.fp2_repr.R1.fq.gz Tbi-CJos_042_Ex1_L4_clmp.fp2_repr.R2.fq.gz
[main] Real time: 83.909 sec; CPU: 2114.253 sec
