
INDIR=fq_fp1_clmparray_fp2
OUTDIR=fq_fp1_clmparray_fp2_fqscrn
CONFFILE=/home/e1garcia/shotgun_PIRE/fastq_screen/indexed_databases/runFQSCRN_6_nofish.conf
PATTERN=*.fq.gz
PARALLELISM=
THREADS=40
SUBSET=0
FILTER=000000000000
INFILES:
fq_fp1_clmparray_fp2/SdC01070_CKDL210020579-1a-AK9142-AK8544_HKGLMDSX2_L2_clmp.fp2_r1.fq.gz

Fri Apr 15 20:50:17 EDT 2022 RUNNING FASTQ_SCREEN TO FILTER FQ FILES AND GENERATE REPORTS, NO SUBSETTING
Using fastq_screen v0.14.0
Reading configuration from '/home/e1garcia/shotgun_PIRE/fastq_screen/indexed_databases/runFQSCRN_6_nofish.conf'
Adding database Human
Adding database Ecoli
Adding database PhiX
Adding database Contamnts_Adaptrs
Adding database Vectors
Adding database Bacteria_24k
Adding database Protists_1k
Adding database Viruses
Adding database Fungi_RefSeq_release
Adding database Coral
Adding database Bird
Adding database Plant
Using 40 threads for searches
Option --subset set to 0: processing all reads in FASTQ files
Processing SdC01070_CKDL210020579-1a-AK9142-AK8544_HKGLMDSX2_L2_clmp.fp2_r1.fq.gz
Not making data subset
Searching SdC01070_CKDL210020579-1a-AK9142-AK8544_HKGLMDSX2_L2_clmp.fp2_r1.fq.gz_temp_subset.fastq against Human
Searching SdC01070_CKDL210020579-1a-AK9142-AK8544_HKGLMDSX2_L2_clmp.fp2_r1.fq.gz_temp_subset.fastq against Ecoli
Searching SdC01070_CKDL210020579-1a-AK9142-AK8544_HKGLMDSX2_L2_clmp.fp2_r1.fq.gz_temp_subset.fastq against PhiX
Searching SdC01070_CKDL210020579-1a-AK9142-AK8544_HKGLMDSX2_L2_clmp.fp2_r1.fq.gz_temp_subset.fastq against Contamnts_Adaptrs
Searching SdC01070_CKDL210020579-1a-AK9142-AK8544_HKGLMDSX2_L2_clmp.fp2_r1.fq.gz_temp_subset.fastq against Vectors
Searching SdC01070_CKDL210020579-1a-AK9142-AK8544_HKGLMDSX2_L2_clmp.fp2_r1.fq.gz_temp_subset.fastq against Bacteria_24k
Searching SdC01070_CKDL210020579-1a-AK9142-AK8544_HKGLMDSX2_L2_clmp.fp2_r1.fq.gz_temp_subset.fastq against Protists_1k
Searching SdC01070_CKDL210020579-1a-AK9142-AK8544_HKGLMDSX2_L2_clmp.fp2_r1.fq.gz_temp_subset.fastq against Viruses
Searching SdC01070_CKDL210020579-1a-AK9142-AK8544_HKGLMDSX2_L2_clmp.fp2_r1.fq.gz_temp_subset.fastq against Fungi_RefSeq_release
Searching SdC01070_CKDL210020579-1a-AK9142-AK8544_HKGLMDSX2_L2_clmp.fp2_r1.fq.gz_temp_subset.fastq against Coral
Searching SdC01070_CKDL210020579-1a-AK9142-AK8544_HKGLMDSX2_L2_clmp.fp2_r1.fq.gz_temp_subset.fastq against Bird
Searching SdC01070_CKDL210020579-1a-AK9142-AK8544_HKGLMDSX2_L2_clmp.fp2_r1.fq.gz_temp_subset.fastq against Plant
Filtering SdC01070_CKDL210020579-1a-AK9142-AK8544_HKGLMDSX2_L2_clmp.fp2_r1.tagged.fastq.gz
Filtering files with filter '000000000000'
Filtering SdC01070_CKDL210020579-1a-AK9142-AK8544_HKGLMDSX2_L2_clmp.fp2_r1.tagged.fastq.gz
Processing complete
